c BreakID not compiled in, disabling
c CryptoMiniSat version 5.11.19
c CMS Copyright (C) 2009-2020 Authors of CryptoMiniSat, see AUTHORS file
c CMS SHA revision b80e09ebd7703fc13b987401d693d7d406a50441
c Using VMTF code by Armin Biere from CaDiCaL
c Using Yalsat by Armin Biere, see Balint et al. Improving implementation of SLS solvers [...], SAT'14
c Using WalkSAT by Henry Kautz, see Kautz and Selman Pushing the envelope: planning, propositional logic, and stochastic search, AAAI'96,
c CMS is MIT licensed
c Using code from 'When Boolean Satisfiability Meets Gauss-E. in a Simplex Way'
c       by C.-S. Han and J.-H. Roland Jiang in CAV 2012. Fixes by M. Soos
c Using CCAnr from 'CCAnr: A Conf. Checking Based Local Search Solver [...]'
c       by Shaowei Cai, Chuan Luo, and Kaile Su, SAT 2015
c CMS compilation env CMAKE_CXX_COMPILER = /usr/bin/c++ | CMAKE_CXX_FLAGS =  -fvisibility=hidden -Wall -Wextra -Wunused -Wsign-compare -fno-omit-frame-pointer -Wtype-limits -Wuninitialized -Wno-deprecated -Wstrict-aliasing -Wpointer-arith -Wpointer-arith -Wformat-nonliteral -Winit-self -Wparentheses -Wunreachable-code -g -Wno-class-memaccess -mpopcnt -msse4.2 -ggdb3 -Wlogical-op -Wrestrict -Wnull-dereference -Wdouble-promotion -Wshadow -Wformat=2 -Wextra-semi -pedantic | COMPILE_DEFINES =  -DRDB0_ONLY_FEATURES -DUSE_ZLIB -DYALSAT_FPU | STATICCOMPILE = OFF | ONLY_SIMPLE =  | STATS = OFF | SQLITE3_FOUND =  | ZLIB_FOUND = TRUE | VALGRIND_FOUND =  | ENABLE_TESTING = OFF | SLOW_DEBUG = OFF | ENABLE_ASSERTIONS = ON | PYTHON_EXECUTABLE =  | PYTHON_LIBRARY =  | PYTHON_INCLUDE_DIRS =  | MY_TARGETS =  | LARGEMEM = OFF | LIMITMEM = OFF | BREAKID_LIBRARIES =  | BREAKID-VER = . | BOSPHORUS_LIBRARIES =  | BOSPH-VER = . | compilation date time = Jul 13 2026 14:05:03
c CMS compiled with gcc version 11.5.0 20240719 (Red Hat 11.5.0-5)
c Executed with command line: ./cryptominisat5 ./instancesBreak/IC_S4/Xn19l6-316-S.dimacs_break.cnf
c Reading file './instancesBreak/IC_S4/Xn19l6-316-S.dimacs_break.cnf'
c -- header says num vars:            808
c -- header says num clauses:        2538
c -- clauses added: 2486
c -- xor clauses added: 52
c -- vars added 808
c Parsing time: 0.00 s
c [find&init matx] performing matrix init
c [gauss] XOR-encoding clauses are not detached, so no need to reattach them.
c [xor-rem-unconnected] left with 50 xors from 50 non-empty xors T: 0.00
c [xor-together] xored together: 0 orig xors: 50 new xors: 50 T: 0.00
c [xor-rem-unconnected] left with 50 xors from 50 non-empty xors T: 0.00
c [xor-clean-equiv] removed equivalent xors: 0 left with: 50
c [matrix] unused xors from cleaning: 0
c [matrix] Good   matrix  0     50 x  765  density:0.1027  xorlen avg: 78.54
c [matrix] Using 1 matrices recovered from 0 xors T: 0.00 T-out: N
c [branch] adjusting to: vsid (from: vsid) var_decay:0.95 descr: VSIDS
c rst  geom  stb   vs     1   112    2678 16139  1657    3.96    3.78     2    22    78    10  118.11  107.74
c rst  geom  stb   vs     2   234    2678 16139  1657    3.96    3.78     2    24   195    13  102.95   97.34
c  res  pol bran  nres  conf freevar  IrrL  IrrB l/longC  l/allC RedL0 RedL1 RedL2  RedB l/longC  l/allC
c rst  geom  stb   vs     3   369    2678 16139  1657    3.96    3.78     2    24   330    13   92.25   89.07
c rst  geom  stb   vs     4   516    2678 16139  1657    3.96    3.78     2    24   477    13   84.65   82.57
c rst  geom  stb   vs     5   678    2678 16139  1657    3.96    3.78     2    24   639    13   81.26   79.74
c rst  geom  stb   vs     6   856    2678 16139  1657    3.96    3.78     2    24   817    13   77.38   76.24
c rst  geom  stb   vs     7  1050    2678 16139  1657    3.96    3.78     2    24  1011    13   74.21   73.31
c rst  geom  stb   vs     8  1263    2678 16139  1657    3.96    3.78     2    24  1224    13   74.05   73.31
c rst  geom  stb   vs     9  1498    2678 16139  1657    3.96    3.78     2    24  1459    13   76.40   75.75
c rst  geom  stb   vs    10  1756    2678 16139  1657    3.96    3.78     2    24  1717    13   76.30   75.75
c rst  geom  stb   vs    11  2038    2678 16139  1657    3.96    3.78     2    24  1999    13   75.99   75.52
c rst  geom  stb   vs    12  2350    2678 16139  1657    3.96    3.78     2    24  2311    13   74.59   74.19
c rst  geom  stb   vs    13  2690    2678 16139  1657    3.96    3.78     2    24  2650    14   73.20   72.83
c rst  geom  stb   vs    14  3064    2678 16139  1657    3.96    3.78     2    24  3024    14   74.19   73.86
c rst  geom  stb   vs    15  3474    2678 16139  1657    3.96    3.78     2    24  3434    14   72.44   72.16
c rst  geom  stb   vs    16  3925    2678 16139  1657    3.96    3.78     2    24  3885    14   69.35   69.11
c rst  geom  stb   vs    17  4419    2678 16139  1657    3.96    3.78     2    24  4379    14   68.83   68.62
c rst  geom  stb   vs    18  4964    2678 16139  1657    3.96    3.78     2    24  4924    14   67.30   67.11
c rst  geom  stb   vs    19  5562    2678 16139  1657    3.96    3.78     2    24  5518    18   69.52   69.30
c [branch] adjusting to: vmtf (from: vsid) var_decay:0.95 descr: VMTF
c [distill-long-red0] cls tried: 2/2 T: 0.00 T-out: N T-r: 100.00%
c [distill-long-red1] cls tried: 24/24 T: 0.00 T-out: N T-r: 98.88%
c rst  luby ibes  vmt    20  5663    2678 16139  1657    3.96    3.78     8    42  5589    24   68.63   68.34
c rst  luby ibes  vmt    21  5764    2678 16139  1657    3.96    3.78    12    54  5674    24   68.67   68.39
c rst  luby ibes  vmt    22  5965    2678 16139  1657    3.96    3.78    14    66  5861    24   67.61   67.35
c rst  luby ibes  vmt    23  6068    2678 16139  1657    3.96    3.78    15    67  5962    24   67.13   66.87
c rst  luby ibes  vmt    24  6169    2678 16139  1657    3.96    3.78    16    68  6061    24   66.61   66.36
c rst  luby ibes  vmt    25  6370    2678 16139  1657    3.96    3.78    20    79  6247    24   65.78   65.54
c rst  luby ibes  vmt    26  6771    2678 16139  1657    3.96    3.78    22   102  6632    24   64.48   64.26
c rst  luby ibes  vmt    27  6872    2678 16139  1657    3.96    3.78    22   111  6741    25   64.02   63.79
c rst  luby ibes  vmt    28  6974    2678 16139  1657    3.96    3.78    22   112  6842    25   63.62   63.40
c rst  luby ibes  vmt    29  7175    2678 16139  1657    3.96    3.78    22   117  7038    25   63.22   63.01
c rst  luby ibes  vmt    30  7276    2678 16139  1657    3.96    3.78    22   125  7131    25   62.83   62.62
c rst  luby ibes  vmt    31  7379    2678 16139  1657    3.96    3.78    22   129  7230    25   62.48   62.28
c rst  luby ibes  vmt    32  7580    2678 16139  1657    3.96    3.78    24   144  7414    25   61.65   61.45
c rst  luby ibes  vmt    33  7981    2678 16139  1657    3.96    3.78    25   169  7825    25   60.35   60.17
c rst  luby ibes  vmt    34  8783    2678 16139  1657    3.96    3.78    30   208  8626    25   58.05   57.89
c rst  luby ibes  vmt    35  8884    2678 16139  1657    3.96    3.78    30   210  8729    25   57.71   57.55
c rst  luby ibes  vmt    36  8985    2678 16139  1657    3.96    3.78    30   213  8827    25   57.46   57.31
c rst  luby ibes  vmt    37  9187    2678 16139  1657    3.96    3.78    31   220  9032    25   56.76   56.62
c rst  luby ibes  vmt    38  9290    2678 16139  1657    3.96    3.78    31   220  9138    25   56.46   56.31
c rst  luby ibes  vmt    39  9391    2678 16139  1657    3.96    3.78    31   221  9238    25   56.31   56.16
c rst  luby ibes  vmt    40  9594    2678 16139  1657    3.96    3.78    31   231  9439    25   55.72   55.58
c rst  luby ibes  vmt    41  9995    2678 16139  1657    3.96    3.78    33   245  9834    26   54.64   54.51
c rst  luby ibes  vmt    42 10096    2678 16139  1657    3.96    3.78   104   189  9926    26   54.37   54.23
c rst  luby ibes  vmt    43 10198    2678 16139  1657    3.96    3.78   104   193 10024    26   54.32   54.19
c rst  luby ibes  vmt    44 10400    2678 16139  1657    3.96    3.78   105   205 10213    26   54.08   53.95
c rst  luby ibes  vmt    45 10502    2678 16139  1657    3.96    3.78   105   207 10313    26   53.96   53.83
c rst  luby ibes  vmt    46 10604    2678 16139  1657    3.96    3.78   105   210 10414    26   53.79   53.66
c rst  luby ibes  vmt    47 10805    2678 16139  1657    3.96    3.78   105   212 10613    26   53.74   53.62
c rst  luby  svd  vmt    48 11206    2678 16139  1657    3.96    3.78   112   221 10994    30   54.27   54.13
c rst  luby  svd  vmt    49 12011    2678 16139  1657    3.96    3.78   126   260 11745    31   54.77   54.63
c [branch] adjusting to: vsid (from: vmtf) var_decay:0.95 descr: VSIDS
c [distill-bin] useful: 13/1657/1657 lits-rem: 0 cl-rem: 13 0-depth-assigns: 0 T: 0.01 T-out: N
c rst  geom  svd   vs    50 12123    2678 16139  1644    3.96    3.78   126   260 11857    31   54.55   54.41
c rst  geom  svd   vs    51 12245    2678 16139  1644    3.96    3.78   126   260 11979    31   54.30   54.17
c rst  geom  svd   vs    52 12379    2678 16139  1644    3.96    3.78   126   260 12113    31   54.07   53.94
c rst  geom  svd   vs    53 12527    2678 16139  1644    3.96    3.78   126   260 12261    31   53.76   53.63
c rst  geom  svd   vs    54 12689    2678 16139  1644    3.96    3.78   126   260 12423    31   53.43   53.30
c rst  geom  svd   vs    55 12867    2678 16139  1644    3.96    3.78   126   260 12601    31   53.07   52.95
c rst  geom  svd   vs    56 13061    2678 16139  1644    3.96    3.78   126   260 12795    31   52.70   52.58
c rst  geom  svd   vs    57 13275    2678 16139  1644    3.96    3.78   126   260 13009    31   52.29   52.17
c rst  geom  svd   vs    58 13509    2678 16139  1644    3.96    3.78   126   260 13243    31   51.92   51.81
c rst  geom  svd   vs    59 13766    2678 16139  1644    3.96    3.78   126   260 13500    31   51.56   51.45
c rst  geom  svd   vs    60 14048    2678 16139  1644    3.96    3.78   126   260 13782    31   51.27   51.16
c rst  geom  svd   vs    61 14358    2678 16139  1644    3.96    3.78   126   260 14092    31   50.72   50.61
c rst  geom  svd   vs    62 14699    2678 16139  1644    3.96    3.78   126   260 14432    32   50.12   50.01
c rst  geom  svd   vs    63 15073    2678 16139  1644    3.96    3.78   152   707 14333    32   49.77   49.67
c rst  geom  svd   vs    64 15484    2678 16139  1644    3.96    3.78   152   707 14744    32   49.20   49.10
c rst  geom  svd   vs    65 15935    2678 16139  1644    3.96    3.78   152   707 15194    33   48.67   48.57
c rst  geom  svd   vs    66 16429    2678 16139  1644    3.96    3.78   152   707 15688    33   48.21   48.12
c rst  geom best   vs    67 16975    2678 16139  1644    3.96    3.78   152   707 16234    33   49.28   49.19
c rst  geom best   vs    68 17572    2678 16139  1644    3.96    3.78   152   707 16831    33   50.13   50.04
c rst  geom best   vs    69 18229    2678 16139  1644    3.96    3.78   152   707 17488    33   50.06   49.97
c [branch] adjusting to: vmtf (from: vsid) var_decay:0.95 descr: VMTF
c rst  luby best  vmt    70 18330    2678 16139  1644    3.96    3.78   155   708 17583    35   50.35   50.26
c rst  luby best  vmt    71 18431    2678 16139  1644    3.96    3.78   158   711 17677    36   50.45   50.35
c rst  luby best  vmt    72 18633    2678 16139  1644    3.96    3.78   163   718 17866    37   50.69   50.60
c rst  luby best  vmt    73 18735    2678 16139  1644    3.96    3.78   166   721 17962    37   50.84   50.74
c rst  luby best  vmt    74 18839    2678 16139  1644    3.96    3.78   173   721 18059    37   50.88   50.79
c rst  luby best  vmt    75 19040    2678 16139  1644    3.96    3.78   181   722 18250    38   50.88   50.78
c rst  luby best  vmt    76 19442    2678 16139  1644    3.96    3.78   183   723 18649    38   51.36   51.27
c rst  luby best  vmt    77 19544    2678 16139  1644    3.96    3.78   183   725 18748    39   51.40   51.30
c rst  luby best  vmt    78 19646    2678 16139  1644    3.96    3.78   185   726 18847    39   51.51   51.42
c rst  luby best  vmt    79 19848    2678 16139  1644    3.96    3.78   186   726 19048    39   51.70   51.61
c rst  luby best  vmt    80 19950    2678 16139  1644    3.96    3.78   187   726 19149    39   51.69   51.60
c rst  luby best  vmt    81   20K    2678 16139  1644    3.96    3.78   233   686 19244    39   51.72   51.63
c [full-probe]  bin_only: 1 set: 0 repl: 0 T: 0.01 T-out: N T-r: 99.77%
c rst  luby best  vmt    82   20K    2678 16139  1644    3.96    3.78   236   691 19437    43   51.72   51.62
c rst  luby best  vmt    83   20K    2678 16139  1644    3.96    3.78   243   699 19824    43   52.07   51.96
c [distill-long-red0] cls tried: 228/228 T: 0.01 T-out: N T-r: 99.63%
c [distill-long-red1] cls tried: 31/688 T: 0.01 T-out: Y T-r: -4.21%
c rst  luby best  vmt    84   21K    2678 16139  1644    3.96    3.78   240   703   20K    50   52.11   51.99
c rst  luby best  vmt    85   21K    2678 16139  1644    3.96    3.78   242   704   20K    50   52.08   51.96
c rst  luby best  vmt    86   21K    2678 16139  1644    3.96    3.78   245   704   20K    50   52.13   52.02
c rst  luby  stb  vmt    87   21K    2678 16139  1644    3.96    3.78   249   705   21K    50   52.22   52.10
c rst  luby  stb  vmt    88   21K    2678 16139  1644    3.96    3.78   249   705   21K    50   52.26   52.15
c rst  luby  stb  vmt    89   22K    2678 16139  1644    3.96    3.78   249   709   21K    50   52.40   52.29
c rst  luby  stb  vmt    90   22K    2678 16139  1644    3.96    3.78   266   712   21K    54   52.73   52.61
c rst  luby  stb  vmt    91   22K    2678 16139  1644    3.96    3.78   274   723   21K    54   53.31   53.19
c rst  luby  stb  vmt    92   22K    2678 16139  1644    3.96    3.78   276   723   21K    55   53.45   53.33
c rst  luby  stb  vmt    93   22K    2678 16139  1644    3.96    3.78   280   724   21K    55   53.47   53.35
c rst  luby  stb  vmt    94   23K    2678 16139  1644    3.96    3.78   283   727   22K    56   53.54   53.42
c rst  luby  stb  vmt    95   23K    2678 16139  1644    3.96    3.78   285   730   22K    56   53.62   53.50
c rst  luby  stb  vmt    96   23K    2678 16139  1644    3.96    3.78   285   732   22K    56   53.60   53.48
c rst  luby  stb  vmt    97   23K    2678 16139  1644    3.96    3.78   287   737   22K    56   53.71   53.58
c rst  luby  stb  vmt    98   23K    2678 16139  1644    3.96    3.78   289   742   22K    56   53.89   53.76
c rst  luby  stb  vmt    99   24K    2678 16139  1644    3.96    3.78   329   754   23K    68   55.81   55.66
c rst  luby  stb  vmt   100   26K    2678 16139  1644    3.96    3.78   393   786   25K    75   57.40   57.24
c [branch] adjusting to: vsid (from: vmtf) var_decay:0.95 descr: VSIDS
c [distill] watch-based irred--  cl tried     1656 cl-sh     0 cl-rem    2 lit-rem      0 T: 0.00 T-out: N
c [distill] watch-based   red--  cl tried      786 cl-sh     9 cl-rem    0 lit-rem     12 T: 0.00 T-out: N
c rst  geom  stb   vs   101   26K    2678 16135  1648    3.96    3.78   393   786   25K    73   57.39   57.24
c rst  geom  stb   vs   102   26K    2678 16135  1648    3.96    3.78   393   786   25K    73   57.36   57.21
c rst  geom  stb   vs   103   26K    2678 16135  1648    3.96    3.78   393   786   25K    73   57.41   57.26
c rst  geom  stb   vs   104   26K    2678 16135  1648    3.96    3.78   393   786   25K    73   57.43   57.28
c rst  geom  stb   vs   105   26K    2678 16135  1648    3.96    3.78   393   786   25K    73   57.40   57.25
c rst  geom ibes   vs   106   27K    2678 16135  1648    3.96    3.78   393   786   26K    73   57.21   57.06
c rst  geom ibes   vs   107   27K    2678 16135  1648    3.96    3.78   393   786   26K    73   57.14   57.00
c rst  geom ibes   vs   108   27K    2678 16135  1648    3.96    3.78   393   786   26K    73   56.89   56.75
c rst  geom ibes   vs   109   27K    2678 16135  1648    3.96    3.78   393   786   26K    73   56.57   56.43
c rst  geom ibes   vs   110   28K    2678 16135  1648    3.96    3.78   393   786   26K    73   56.26   56.12
c rst  geom ibes   vs   111   28K    2678 16135  1648    3.96    3.78   393   786   27K    73   55.90   55.76
c rst  geom ibes   vs   112   28K    2678 16135  1648    3.96    3.78   393   786   27K    73   55.57   55.44
c rst  geom ibes   vs   113   28K    2678 16135  1648    3.96    3.78   393   786   27K    73   55.17   55.04
c rst  geom ibes   vs   114   29K    2678 16135  1648    3.96    3.78   393   786   28K    73   54.79   54.66
c rst  geom ibes   vs   115   29K    2678 16135  1648    3.96    3.78   393   786   28K    73   54.39   54.26
c rst  geom ibes   vs   116   30K    2678 16135  1648    3.96    3.78   524  1018   22K    73   50.60   50.45
c rst  geom ibes   vs   117   30K    2678 16135  1648    3.96    3.78   524  1018   23K    73   49.97   49.83
c rst  geom ibes   vs   118   31K    2678 16135  1648    3.96    3.78   524  1018   23K    73   49.29   49.15
c rst  geom ibes   vs   119   31K    2678 16135  1648    3.96    3.78   524  1018   24K    73   48.57   48.44
c rst  geom ibes   vs   120   32K    2678 16135  1648    3.96    3.78   524  1018   24K    73   47.81   47.68
c [distill-bin] useful: 0/1648/1648 lits-rem: 0 cl-rem: 0 0-depth-assigns: 0 T: 0.01 T-out: N
c rst  geom  svd   vs   121   33K    2678 16135  1648    3.96    3.78   524  1018   25K    73   47.85   47.72
c rst  geom  svd   vs   122   34K    2678 16135  1648    3.96    3.78   524  1018   26K    73   47.62   47.50
c [branch] adjusting to: vmtf (from: vsid) var_decay:0.95 descr: VMTF
c rst  luby  svd  vmt   123   34K    2678 16135  1648    3.96    3.78   526  1023   26K    74   47.76   47.63
c rst  luby  svd  vmt   124   34K    2678 16135  1648    3.96    3.78   528  1027   26K    74   47.79   47.67
c rst  luby  svd  vmt   125   34K    2678 16135  1648    3.96    3.78   533  1045   26K    74   47.92   47.80
c rst  luby  svd  vmt   126   34K    2678 16135  1648    3.96    3.78   534  1048   26K    75   47.93   47.81
c rst  luby  svd  vmt   127   34K    2678 16135  1648    3.96    3.78   534  1055   26K    75   47.93   47.81
c rst  luby  svd  vmt   128   34K    2678 16135  1648    3.96    3.78   540  1063   27K    75   48.15   48.03
c rst  luby  svd  vmt   129   35K    2678 16135  1648    3.96    3.78   543  1069   27K    75   48.36   48.24
c rst  luby  svd  vmt   130   35K    2678 16135  1648    3.96    3.78   544  1074   27K    75   48.37   48.25
c rst  luby  svd  vmt   131   35K    2678 16135  1648    3.96    3.78   544  1078   27K    75   48.41   48.29
c rst  luby  svd  vmt   132   35K    2678 16135  1648    3.96    3.78   546  1087   27K    75   48.33   48.22
c rst  luby  svd  vmt   133   35K    2678 16135  1648    3.96    3.78   547  1089   27K    75   48.37   48.25
c [distill-long-red0] cls tried: 318/318 T: 0.02 T-out: N T-r: 99.39%
c [distill-long-red1] cls tried: 36/1048 T: 0.01 T-out: Y T-r: -3.62%
c rst  luby  svd  vmt   134   35K    2678 16135  1648    3.96    3.78   546  1089   28K    77   48.36   48.24
c rst  luby  svd  vmt   135   36K    2678 16135  1648    3.96    3.78   546  1091   28K    77   48.51   48.39
c rst  luby  svd  vmt   136   36K    2678 16135  1648    3.96    3.78   548  1094   28K    80   48.46   48.34
c rst  luby  svd  vmt   137   37K    2678 16135  1648    3.96    3.78   556  1126   29K    80   48.22   48.10
c rst  luby  svd  vmt   138   37K    2678 16135  1648    3.96    3.78   557  1128   29K    80   48.22   48.10
c rst  luby  svd  vmt   139   37K    2678 16135  1648    3.96    3.78   557  1131   29K    80   48.18   48.06
c rst  luby  svd  vmt   140   37K    2678 16135  1648    3.96    3.78   558  1137   29K    80   48.21   48.10
c rst  luby  svd  vmt   141   37K    2678 16135  1648    3.96    3.78   559  1140   29K    80   48.24   48.12
c rst  luby  svd  vmt   142   37K    2678 16135  1648    3.96    3.78   559  1140   30K    80   48.25   48.14
c rst  luby  svd  vmt   143   38K    2678 16135  1648    3.96    3.78   561  1147   30K    80   48.28   48.17
c rst  geom best  vmt   144   38K    2678 16135  1648    3.96    3.78   562  1157   30K    80   48.27   48.16
c rst  geom best  vmt   145   38K    2678 16135  1648    3.96    3.78   562  1157   30K    80   48.40   48.29
c rst  geom best  vmt   146   38K    2678 16135  1648    3.96    3.78   562  1163   30K    80   48.40   48.29
c rst  geom best  vmt   147   38K    2678 16135  1648    3.96    3.78   562  1164   30K    80   48.42   48.31
c rst  geom best  vmt   148   38K    2678 16135  1648    3.96    3.78   562  1166   30K    80   48.54   48.43
c rst  geom best  vmt   149   38K    2678 16135  1648    3.96    3.78   562  1171   31K    80   48.51   48.39
c rst  geom best  vmt   150   39K    2678 16135  1648    3.96    3.78   562  1187   31K    80   48.44   48.32
c rst  geom best  vmt   151   39K    2678 16135  1648    3.96    3.78   563  1199   31K    80   48.40   48.29
c rst  geom best  vmt   152   39K    2678 16135  1648    3.96    3.78   564  1202   31K    80   48.40   48.29
c rst  geom best  vmt   153   39K    2678 16135  1648    3.96    3.78   565  1202   31K    80   48.50   48.39
c rst  geom best  vmt   154   40K    2678 16135  1648    3.96    3.78   705  1070   32K    81   48.57   48.45
c [full-probe]  bin_only: 0 set: 0 repl: 0 T: 0.01 T-out: N T-r: 96.86%
c [impl-str] lit bin: 0 set-var: 0 T: 0.00 T-out: N T-r: 99.95% w-visit: 5360
c [impl-sub] bin: 23 T: 0.00 T-out: N w-visit: 5360
c rst  geom best  vmt   155   40K    2678 16135  1648    3.96    3.78   705  1075   32K    64   48.59   48.50
c rst  geom best  vmt   156   40K    2678 16135  1648    3.96    3.78   708  1078   32K    64   48.67   48.58
c rst  geom best  vmt   157   41K    2678 16135  1648    3.96    3.78   709  1088   33K    64   48.68   48.59
c rst  geom best  vmt   158   41K    2678 16135  1648    3.96    3.78   713  1103   33K    64   48.60   48.51
c rst  geom best  vmt   159   41K    2678 16135  1648    3.96    3.78   717  1116   34K    64   48.50   48.41
c rst  geom best  vmt   160   42K    2678 16135  1648    3.96    3.78   719  1171   34K    64   48.45   48.36
c [branch] adjusting to: vsid (from: vmtf) var_decay:0.95 descr: VSIDS
c rst  geom best   vs   161   42K    2678 16135  1648    3.96    3.78   719  1171   34K    64   48.40   48.32
c rst  geom best   vs   162   42K    2678 16135  1648    3.96    3.78   719  1171   34K    64   48.34   48.25
c rst  geom best   vs   163   42K    2678 16135  1648    3.96    3.78   720  1171   34K    64   48.24   48.16
c rst  geom best   vs   164   42K    2678 16135  1648    3.96    3.78   720  1171   35K    64   48.16   48.08
c rst  geom best   vs   165   43K    2678 16135  1648    3.96    3.78   720  1171   35K    64   48.09   48.01
c rst  geom best   vs   166   43K    2678 16135  1648    3.96    3.78   720  1171   35K    64   47.96   47.88
c rst  geom best   vs   167   43K    2678 16135  1648    3.96    3.78   720  1171   35K    64   47.86   47.78
c rst  geom  stb   vs   168   43K    2678 16135  1648    3.96    3.78   720  1171   35K    64   47.70   47.63
c rst  geom  stb   vs   169   43K    2678 16135  1648    3.96    3.78   720  1171   36K    64   47.54   47.46
c rst  geom  stb   vs   170   44K    2678 16135  1648    3.96    3.78   720  1171   36K    64   47.34   47.27
c [ccnr] tries: 0 steps: 262143 best found: 14
c [ccnr] tries: 0 steps: 524287 best found: 14
c [ccnr] tries: 0 steps: 786431 best found: 14
c [ccnr] saving best assignment phase to stable_polar
c [ccnr] bumping based on clause weights
c [ccnr] Bumped vars: 101 bump type: 6
c [ccnr] time: 0.60
c rst  geom  stb   vs   171   44K    2678 16135  1648    3.96    3.78   720  1171   36K    64   47.29   47.21
c rst  geom  stb   vs   172   44K    2678 16135  1648    3.96    3.78   720  1171   36K    64   47.23   47.16
c rst  geom  stb   vs   173   45K    2678 16135  1648    3.96    3.78   769  1821   29K    64   48.61   48.52
c rst  geom  stb   vs   174   45K    2678 16135  1648    3.96    3.78   769  1821   29K    64   48.49   48.40
c rst  geom  stb   vs   175   45K    2678 16135  1648    3.96    3.78   769  1821   30K    64   48.29   48.20
c rst  geom  stb   vs   176   46K    2678 16135  1648    3.96    3.78   769  1821   30K    64   48.18   48.09
c rst  geom  stb   vs   177   46K    2678 16135  1648    3.96    3.78   769  1821   31K    64   47.88   47.80
c rst  geom  stb   vs   178   47K    2678 16135  1648    3.96    3.78   769  1821   31K    64   47.64   47.55
c rst  geom  stb   vs   179   48K    2678 16135  1648    3.96    3.78   769  1821   32K    64   47.37   47.28
c rst  geom  stb   vs   180   48K    2678 16135  1648    3.96    3.78   769  1821   32K    64   47.06   46.98
c rst  geom  stb   vs   181   49K    2678 16135  1648    3.96    3.78   770  1821   33K    64   46.73   46.65
c rst  geom ibes   vs   182   50K    2678 16135  1648    3.96    3.78   827  1764   34K    64   46.26   46.18
c [gauss] XOR-encoding clauses are not detached, so no need to reattach them.
c [g 0] truth-find prop checks  : 935K
c [g 0] -> of which prop        : 35.27 %
c [g 0] -> of which confl       :  3.15 %
c [g 0] elim called             : 185K
c [g 0] ---> which lead to prop : 10.47 %
c [g 0] ---> which lead to confl:  0.83 %
c [g 0] size: 50    x 765  
c [scc] new: 5 BP 0M T: 0.00
c [vrep] vars 5 lits 12234 rem-bin-cls 23 rem-long-cls 1 BP 0M T: 0.03
c [scc] new: 0 BP 0M T: 0.00
c [vrep] vars 0 lits 0 rem-bin-cls 0 rem-long-cls 0 BP 0M T: 0.00
c [intree] Set 0 vars hyper-added: 741 trans-irred: 0 trans-red: 22 T: 0.01 T-out: N T-r: -1.38%
c [find&init matx] performing matrix init
c [gauss] XOR-encoding clauses are not detached, so no need to reattach them.
c [xor-rem-unconnected] left with 50 xors from 50 non-empty xors T: 0.00
c [xor-together] xored together: 0 orig xors: 50 new xors: 50 T: 0.00
c [xor-rem-unconnected] left with 50 xors from 50 non-empty xors T: 0.00
c [xor-clean-equiv] removed equivalent xors: 0 left with: 50
c [matrix] unused xors from cleaning: 0
c [matrix] Good   matrix 0 50      x762    density:0.1020  xorlen avg: 77.74
c [matrix] Using 1 matrices recovered from 0 xors T: 0.00 T-out: N
c rst  geom ibes vs   183   51  K 2673    16134  1639 3.96    3.78      827  1764   35K   779 45.79   44.90  
c [distill-long-red0] cls tried: 281/281 T: 0.04 T-out: N T-r: 98.92%
c [distill-long-red1] cls tried: 30/1688 T: 0.01 T-out: Y T-r: -4.74%
c rst  geom ibes vs   184   52  K 2673    16134  1639 3.96    3.78      827  1764   36K   780 45.10   44.25  
c [distill] watch-based irred--  cl tried 1651     cl-sh 0     cl-rem 1    lit-rem 0      T: 0.00 T-out: N
c [distill] watch-based red  --  cl tried 1654     cl-sh 37    cl-rem 0    lit-rem 64     T: 0.00 T-out: N
c rst  geom ibes vs   185   53  K 2673    16133  1640 3.96    3.78      827  1764   37K   779 44.58   43.77  
c [branch] adjusting to: vmtf (from: vsid) var_decay:0.95 descr: VMTF
c [distill-bin] useful: 0/1192/1640 lits-rem: 0 cl-rem: 0 0-depth-assigns: 0 T: 0.02 T-out: Y
c rst  luby ibes vmt  186   53  K 2673    16133  1640 3.96    3.78      827  1794   37K   779 44.62   43.81  
c rst  luby ibes vmt  187   53  K 2673    16133  1640 3.96    3.78      828  1802   37K   779 44.60   43.79  
c rst  luby ibes vmt  188   53  K 2673    16133  1640 3.96    3.78      828  1805   37K   779 44.63   43.82  
c rst  luby ibes vmt  189   53  K 2673    16133  1640 3.96    3.78      828  1806   37K   779 44.66   43.85  
c rst  luby ibes vmt  190   53  K 2673    16133  1640 3.96    3.78      829  1811   37K   779 44.63   43.82  
c rst  luby ibes vmt  191   53  K 2673    16133  1640 3.96    3.78      829  1815   38K   779 44.56   43.76  
c rst  luby ibes vmt  192   54  K 2673    16133  1640 3.96    3.78      830  1836   38K   779 44.50   43.71  
c rst  luby ibes vmt  193   54  K 2673    16133  1640 3.96    3.78      830  1852   38K   779 44.48   43.70  
c rst  luby ibes vmt  194   54  K 2673    16133  1640 3.96    3.78      830  1865   38K   779 44.47   43.68  
c rst  luby ibes vmt  195   54  K 2673    16133  1640 3.96    3.78      831  1897   38K   779 44.41   43.63  
c rst  luby ibes vmt  196   54  K 2673    16133  1640 3.96    3.78      831  1906   38K   779 44.40   43.62  
c rst  luby ibes vmt  197   54  K 2673    16133  1640 3.96    3.78      831  1911   39K   779 44.41   43.63  
c rst  luby ibes vmt  198   55  K 2673    16133  1640 3.96    3.78      831  1913   39K   779 44.39   43.62  
c rst  luby svd  vmt  199   55  K 2673    16133  1640 3.96    3.78      834  1919   39K   779 44.80   44.02  
c rst  luby svd  vmt  200   56  K 2673    16133  1640 3.96    3.78      837  1937   40K   779 45.16   44.39  
c recursive minimization cost OK: 301Kcost/(% lits removed)
c [gauss] XOR-encoding clauses are not detached, so no need to reattach them.
c [g 0] truth-find prop checks  : 108K
c [g 0] -> of which prop        : 37.95 %
c [g 0] -> of which confl       :  3.58 %
c [g 0] elim called             : 19080
c [g 0] ---> which lead to prop :  1.43 %
c [g 0] ---> which lead to confl:  0.14 %
c [g 0] size: 50    x 762  
c --> Executing strategy token: scc-vrepl
c [scc] new: 2 BP 0M T: 0.00
c [vrep] vars 2 lits 2205 rem-bin-cls 8 rem-long-cls 0 BP 0M T: 0.01
c --> Executing strategy token: sub-impl
c [impl-sub] bin: 1 T: 0.00 T-out: N w-visit: 5360
c --> Executing strategy token: breakid
c --> Executing OCC strategy token(s): 'occ-backw-sub-str,occ-clean-implicit,occ-bve,occ-bva,occ-ternary-res,occ-xor,'
c [occ] mem usage for occur 1      MB
c [occ] Linked in IRRED BIN by default: 1638
c [occ] Linked in RED   BIN by default: 776
c [occ] mem usage for occur 0      MB
c Mem for watch alloc      : 4           MB (17.72     %)
c Mem for watch array      : 0           MB (0.76      %)
c --> Executing OCC strategy token: occ-backw-sub-str
c [occ-backw-sub-str-long-w-bins] subs: 0 str: 2 tried: 2414 0-depth ass: 0 T: 0.00 T-out: N T-r: 99.36%
c [occ-backw-sub-long-w-long] rem cl: 48 tried: 59031/59031 (100.0%) T: 0.01 T-out: N T-r: 96.91%
c [occ-backw-sub-str-long-w-long] sub: 0 str: 4 tried: 177093/59031 (300.0)  T: 0.06 T-out: N T-r: 89.24%
c --> Executing OCC strategy token: occ-clean-implicit
c --> Executing OCC strategy token: occ-bve
c [occ-empty-res] Empty resolvent elimed: 0 T: 0.00 T-out: N
c [occ-bve] iter v-elim 11
c cl_inc_rate=1.0, var_dec_rate=1.0 (grow=0)
c Reduced to 2660 vars, 17763 cls (grow=0)
c [occ-bve] iter v-elim 294
c cl_inc_rate=1.1, var_dec_rate=1.1 (grow=8)
c Reduced to 2366 vars, 18965 cls (grow=8)
c x n vars       : 2366
c #try to eliminate:  5694
c #var-elim        :   305
c #T-o: N
c #T-r: 99.99%
c #T  : 0.09
c [occur] 0.04 is overhead
c [occur] link-in T: 0.04 cleanup T: 0.00
c --> Executing OCC strategy token: occ-bva
c --> Executing OCC strategy token: occ-ternary-res
c [occ-ternary-res] Ternary res-tri: 42 res-bin: 0 sub: 7 str: 0 T: 0.00 T-out: N T-r: 99.41%
c --> Executing OCC strategy token: occ-xor
c [occ-xor] sort occur list T: 0.00
c [xor-clean-equiv] removed equivalent xors: 0 left with: 1762
c [occ-xor] found   1762 avg sz 4.0 min sz  4 max sz  5 T: 0.01 T-out: N T-r: 99.98%
c --> Executing strategy token: card-find
c --> Executing strategy token: cl-consolidate
c [mem] consolidate  old-sz: 11361K new-sz: 4368K new bits offs: 20 T: 0.00
c --> Executing strategy token: scc-vrepl
c [scc] new: 0 BP 0M T: 0.00
c --> Executing strategy token: renumber
c --> Executing strategy token: bosphorus
c --> Executing strategy token: louvain-comms
c [consolidate] mini T: 0.00
c global_timeout_multiplier: 3.3000
c [branch] rebuilding order heap for all branchings. Current branching: vmtf
c [find&init matx] performing matrix init
c [gauss] XOR-encoding clauses are not detached, so no need to reattach them.
c [xor-rem-unconnected] left with 1758 xors from 1762 non-empty xors T: 0.00
c [xor-together] xored together: 1710 orig xors: 1758 new xors: 48 T: 0.00
c [xor-rem-unconnected] left with 48 xors from 48 non-empty xors T: 0.00
c [xor-clean-equiv] removed equivalent xors: 0 left with: 48
c [matrix] unused xors from cleaning: 4
c [matrix] Good   matrix  0     48 x  461  density:0.1636  xorlen avg: 75.42
c [matrix] Using 1 matrices recovered from 0 xors T: 0.00 T-out: N
c rst  luby  svd  vmt   201   56K    2366 18042   923    4.11    4.01   146   250   22K   107   31.74   31.60
c rst  luby  svd  vmt   202   56K    2366 18042   923    4.11    4.01   146   252   22K   107   31.67   31.54
c rst  luby  svd  vmt   203   56K    2366 18042   923    4.11    4.01   146   252   23K   107   31.64   31.51
c rst  luby  svd  vmt   204   56K    2366 18042   923    4.11    4.01   149   258   23K   107   31.55   31.42
c rst  luby  svd  vmt   205   56K    2366 18042   923    4.11    4.01   149   260   23K   107   31.48   31.35
c rst  luby  svd  vmt   206   56K    2366 18042   923    4.11    4.01   149   260   23K   107   31.42   31.29
c rst  luby  svd  vmt   207   57K    2366 18042   923    4.11    4.01   149   263   23K   107   31.36   31.23
c rst  luby  svd  vmt   208   57K    2366 18042   923    4.11    4.01   150   274   24K   107   31.22   31.10
c rst  luby  svd  vmt   209   57K    2366 18042   923    4.11    4.01   153   277   24K   107   31.20   31.07
c rst  luby  svd  vmt   210   57K    2366 18042   923    4.11    4.01   153   278   24K   107   31.17   31.04
c rst  luby  svd  vmt   211   57K    2366 18042   923    4.11    4.01   153   282   24K   107   31.15   31.03
c rst  luby  svd  vmt   212   58K    2366 18042   923    4.11    4.01   153   287   24K   107   31.08   30.95
c rst  luby  svd  vmt   213   58K    2366 18042   923    4.11    4.01   153   292   24K   107   31.03   30.91
c rst  luby  svd  vmt   214   58K    2366 18042   923    4.11    4.01   153   293   24K   107   30.91   30.79
c rst  luby  svd  vmt   215   58K    2366 18042   923    4.11    4.01   158   311   25K   107   30.75   30.63
c rst  luby  svd  vmt   216   59K    2366 18042   923    4.11    4.01   158   315   25K   107   30.55   30.43
c rst  luby  svd  vmt   217   61K    2366 18042   923    4.11    4.01   227   379   24K   107   26.90   26.79
c [full-probe]  bin_only: 1 set: 0 repl: 0 T: 0.01 T-out: N T-r: 99.78%
c rst  geom best  vmt   218   61K    2366 18042   923    4.11    4.01   227   380   24K   107   26.84   26.74
c rst  geom best  vmt   219   61K    2366 18042   923    4.11    4.01   229   382   24K   107   26.78   26.67
c rst  geom best  vmt   220   61K    2366 18042   923    4.11    4.01   229   383   24K   107   26.73   26.62
c rst  geom best  vmt   221   61K    2366 18042   923    4.11    4.01   230   384   24K   107   26.66   26.56
c rst  geom best  vmt   222   61K    2366 18042   923    4.11    4.01   230   386   24K   107   26.57   26.47
c rst  geom best  vmt   223   61K    2366 18042   923    4.11    4.01   231   388   24K   107   26.49   26.39
c rst  geom best  vmt   224   62K    2366 18042   923    4.11    4.01   231   391   25K   107   26.45   26.35
c rst  geom best  vmt   225   62K    2366 18042   923    4.11    4.01   231   397   25K   107   26.38   26.28
c rst  geom best  vmt   226   62K    2366 18042   923    4.11    4.01   231   398   25K   107   26.25   26.15
c rst  geom best  vmt   227   62K    2366 18042   923    4.11    4.01   231   401   25K   107   26.17   26.07
c rst  geom best  vmt   228   63K    2366 18042   923    4.11    4.01   231   407   26K   107   26.04   25.94
c [branch] adjusting to: vsid (from: vmtf) var_decay:0.95 descr: VSIDS
c rst  geom best   vs   229   63K    2366 18042   923    4.11    4.01   232   407   26K   107   26.02   25.93
c rst  geom best   vs   230   63K    2366 18042   923    4.11    4.01   232   407   26K   107   26.00   25.91
c rst  geom best   vs   231   63K    2366 18042   923    4.11    4.01   232   407   26K   107   25.98   25.88
c rst  geom best   vs   232   63K    2366 18042   923    4.11    4.01   232   407   26K   107   26.04   25.94
c rst  geom best   vs   233   63K    2366 18042   923    4.11    4.01   232   407   26K   107   26.00   25.91
c rst  geom best   vs   234   64K    2366 18042   923    4.11    4.01   232   407   26K   107   25.96   25.87
c rst  geom best   vs   235   64K    2366 18042   923    4.11    4.01   232   407   27K   107   25.91   25.82
c rst  geom best   vs   236   64K    2366 18042   923    4.11    4.01   232   407   27K   107   25.88   25.79
c rst  geom best   vs   237   64K    2366 18042   923    4.11    4.01   232   407   27K   107   25.88   25.79
c rst  geom best   vs   238   64K    2366 18042   923    4.11    4.01   233   407   27K   107   25.86   25.77
c rst  geom best   vs   239   65K    2366 18042   923    4.11    4.01   233   407   28K   107   25.88   25.79
c rst  geom best   vs   240   65K    2366 18042   923    4.11    4.01   234   407   28K   107   25.89   25.80
c rst  geom best   vs   241   65K    2366 18042   923    4.11    4.01   234   407   28K   107   25.89   25.81
c rst  geom best   vs   242   66K    2366 18042   923    4.11    4.01   235   408   29K   107   25.93   25.85
c [distill-long-red0] cls tried: 98/98 T: 0.00 T-out: N T-r: 99.86%
c [distill-long-red1] cls tried: 66/340 T: 0.01 T-out: Y T-r: -0.83%
c rst  geom best   vs   243   66K    2366 18042   923    4.11    4.01   235   408   29K   107   25.91   25.82
c rst  geom best   vs   244   67K    2366 18042   923    4.11    4.01   235   411   30K   107   25.93   25.85
c rst  geom  stb   vs   245   67K    2366 18042   923    4.11    4.01   237   412   30K   107   26.08   26.00
c rst  geom  stb   vs   246   68K    2366 18042   923    4.11    4.01   237   413   31K   107   26.20   26.12
c rst  geom  stb   vs   247   68K    2366 18042   923    4.11    4.01   237   413   31K   107   26.40   26.31
c rst  geom  stb   vs   248   69K    2366 18042   923    4.11    4.01   237   413   32K   107   26.60   26.52
c rst  geom  stb   vs   249   70K    2366 18042   923    4.11    4.01   287   364   33K   107   26.53   26.46
c rst  geom  stb   vs   250   70K    2366 18042   923    4.11    4.01   287   365   33K   107   26.65   26.58
c rst  geom  stb   vs   251   71K    2366 18042   923    4.11    4.01   287   365   34K   107   26.76   26.68
c rst  geom  stb   vs   252   72K    2366 18042   923    4.11    4.01   287   365   35K   107   26.84   26.77
c rst  geom  stb   vs   253   73K    2366 18042   923    4.11    4.01   287   365   36K   107   26.93   26.86
c [distill-bin] useful: 2/923/923 lits-rem: 0 cl-rem: 2 0-depth-assigns: 0 T: 0.01 T-out: N
c rst  geom ibes   vs   254   74K    2366 18042   921    4.11    4.01   288   366   37K   108   27.10   27.03
c [branch] adjusting to: vmtf (from: vsid) var_decay:0.95 descr: VMTF
c rst  luby ibes  vmt   255   75K    2366 18042   921    4.11    4.01   295   496   31K   108   27.08   26.99
c rst  luby ibes  vmt   256   75K    2366 18042   921    4.11    4.01   295   499   31K   108   27.03   26.95
c rst  luby ibes  vmt   257   75K    2366 18042   921    4.11    4.01   295   503   31K   108   26.94   26.85
c rst  luby ibes  vmt   258   75K    2366 18042   921    4.11    4.01   295   503   31K   108   26.89   26.81
c rst  luby ibes  vmt   259   75K    2366 18042   921    4.11    4.01   295   503   31K   108   26.86   26.78
c rst  luby ibes  vmt   260   75K    2366 18042   921    4.11    4.01   295   505   32K   108   26.77   26.69
c rst  luby ibes  vmt   261   76K    2366 18042   921    4.11    4.01   295   508   32K   108   26.59   26.51
c rst  luby ibes  vmt   262   76K    2366 18042   921    4.11    4.01   296   512   32K   108   26.54   26.46
c rst  luby ibes  vmt   263   76K    2366 18042   921    4.11    4.01   296   517   32K   108   26.50   26.42
c rst  luby ibes  vmt   264   76K    2366 18042   921    4.11    4.01   296   519   32K   108   26.41   26.33
c rst  luby ibes  vmt   265   76K    2366 18042   921    4.11    4.01   297   522   32K   108   26.37   26.29
c rst  luby ibes  vmt   266   76K    2366 18042   921    4.11    4.01   298   523   33K   108   26.33   26.25
c rst  luby ibes  vmt   267   76K    2366 18042   921    4.11    4.01   298   524   33K   108   26.24   26.16
c rst  luby ibes  vmt   268   77K    2366 18042   921    4.11    4.01   300   531   33K   108   26.08   26.00
c [distill] watch-based irred--  cl tried     7597 cl-sh   157 cl-rem  167 lit-rem    162 T: 0.01 T-out: N
c [distill] watch-based   red--  cl tried      600 cl-sh    23 cl-rem    0 lit-rem    207 T: 0.00 T-out: N
c rst  luby ibes  vmt   269   78K    2366 17875   933    4.11    4.00   300   545   34K    96   25.76   25.69
c rst  luby ibes  vmt   270   78K    2366 17875   933    4.11    4.00   300   545   34K    96   25.72   25.65
c rst  luby ibes  vmt   271   78K    2366 17875   933    4.11    4.00   300   546   34K    96   25.68   25.61
c rst  luby ibes  vmt   272   78K    2366 17875   933    4.11    4.00   300   548   34K    96   25.59   25.53
c rst  luby ibes  vmt   273   78K    2366 17875   933    4.11    4.00   300   549   34K    96   25.55   25.49
c rst  luby ibes  vmt   274   78K    2366 17875   933    4.11    4.00   300   554   35K    96   25.51   25.45
c rst  luby ibes  vmt   275   78K    2366 17875   933    4.11    4.00   301   557   35K    96   25.44   25.38
c rst  luby ibes  vmt   276   79K    2366 17875   933    4.11    4.00   301   562   35K    96   25.35   25.29
c rst  luby ibes  vmt   277   79K    2366 17875   933    4.11    4.00   301   562   35K    96   25.31   25.25
c rst  luby ibes  vmt   278   79K    2366 17875   933    4.11    4.00   301   562   35K    96   25.27   25.21
c rst  luby  svd  vmt   279   79K    2366 17875   933    4.11    4.00   302   563   36K    96   25.21   25.15
c rst  luby  svd  vmt   280   79K    2366 17875   933    4.11    4.00   303   571   36K    96   25.19   25.13
c rst  luby  svd  vmt   281   79K    2366 17875   933    4.11    4.00   303   573   36K    96   25.23   25.17
c rst  luby  svd  vmt   282   80K    2366 17875   933    4.11    4.00   381   489   36K    96   25.19   25.13
c rst  luby  svd  vmt   283   80K    2366 17875   933    4.11    4.00   382   498   36K    96   25.11   25.05
c rst  luby  svd  vmt   284   81K    2366 17875   933    4.11    4.00   382   513   37K    96   24.92   24.86
c [distill-long-red0] cls tried: 139/139 T: 0.01 T-out: N T-r: 99.61%
c [distill-long-red1] cls tried: 51/409 T: 0.01 T-out: Y T-r: -2.03%
c [full-probe]  bin_only: 0 set: 1 repl: 0 T: 0.01 T-out: N T-r: 97.58%
c rst  luby  svd  vmt   285   82K    2365 17875   933    4.11    4.00   387   539   39K    98   24.52   24.46
c rst  luby  svd  vmt   286   83K    2365 17875   933    4.11    4.00   387   539   39K    98   24.49   24.44
c rst  luby  svd  vmt   287   83K    2365 17875   933    4.11    4.00   387   539   39K    98   24.47   24.42
c rst  luby  svd  vmt   288   83K    2365 17875   933    4.11    4.00   388   545   39K    98   24.44   24.39
c rst  luby  svd  vmt   289   83K    2365 17875   933    4.11    4.00   388   549   39K    98   24.45   24.40
c rst  luby  svd  vmt   290   83K    2365 17875   933    4.11    4.00   388   551   39K    98   24.44   24.39
c rst  luby  svd  vmt   291   83K    2365 17875   933    4.11    4.00   388   554   40K    98   24.41   24.36
c rst  luby  svd  vmt   292   84K    2365 17875   933    4.11    4.00   388   559   40K    98   24.38   24.33
c rst  luby  svd  vmt   293   84K    2365 17875   933    4.11    4.00   388   563   40K    98   24.38   24.33
c rst  luby  svd  vmt   294   84K    2365 17875   933    4.11    4.00   388   566   40K    98   24.38   24.33
c rst  luby  svd  vmt   295   84K    2365 17875   933    4.11    4.00   389   568   40K    98   24.37   24.32
c rst  luby  svd  vmt   296   84K    2365 17875   933    4.11    4.00   392   575   40K    98   24.35   24.30
c rst  luby  svd  vmt   297   84K    2365 17875   933    4.11    4.00   392   577   40K    98   24.33   24.28
c rst  luby  svd  vmt   298   85K    2365 17875   933    4.11    4.00   392   581   41K    98   24.33   24.28
c rst  luby  svd  vmt   299   85K    2365 17875   933    4.11    4.00   401   629   41K    98   24.39   24.34
c rst  luby  svd  vmt   300   86K    2365 17875   933    4.11    4.00   401   640   42K    98   24.36   24.31
c rst  geom best  vmt   301   86K    2365 17875   933    4.11    4.00   402   642   42K    98   24.34   24.29
c rst  geom best  vmt   302   86K    2365 17875   933    4.11    4.00   402   642   42K    98   24.31   24.26
c rst  geom best  vmt   303   86K    2365 17875   933    4.11    4.00   402   644   42K    98   24.30   24.25
c rst  geom best  vmt   304   86K    2365 17875   933    4.11    4.00   402   646   42K    98   24.28   24.23
c rst  geom best  vmt   305   86K    2365 17875   933    4.11    4.00   402   647   42K    98   24.24   24.19
c rst  geom best  vmt   306   87K    2365 17875   933    4.11    4.00   402   650   43K    98   24.24   24.19
c rst  geom best  vmt   307   87K    2365 17875   933    4.11    4.00   402   653   43K    98   24.22   24.17
c rst  geom best  vmt   308   87K    2365 17875   933    4.11    4.00   402   665   43K    98   24.16   24.11
c rst  geom best  vmt   309   87K    2365 17875   933    4.11    4.00   404   672   43K    98   24.11   24.06
c [branch] adjusting to: vsid (from: vmtf) var_decay:0.95 descr: VSIDS
c rst  geom best   vs   310   87K    2365 17875   933    4.11    4.00   404   672   43K    98   24.11   24.06
c rst  geom best   vs   311   87K    2365 17875   933    4.11    4.00   404   672   44K    98   24.13   24.08
c rst  geom best   vs   312   88K    2365 17875   933    4.11    4.00   404   672   44K    98   24.15   24.10
c rst  geom best   vs   313   88K    2365 17875   933    4.11    4.00   405   672   44K    98   24.14   24.10
c [ccnr] tries: 0 steps: 262143 best found: 12
c [ccnr] tries: 0 steps: 524287 best found: 12
c [ccnr] tries: 0 steps: 786431 best found: 12
c [ccnr] saving best assignment phase to stable_polar
c [ccnr] bumping based on var unsat frequency: conflict_ct
c [ccnr] Bumped vars: 2680 bump type: 6
c [ccnr] time: 0.53
c rst  geom best   vs   314   88K    2365 17875   933    4.11    4.00   405   672   44K    98   24.16   24.11
c rst  geom best   vs   315   88K    2365 17875   933    4.11    4.00   405   672   44K    98   24.16   24.11
c rst  geom best   vs   316   88K    2365 17875   933    4.11    4.00   405   672   44K    98   24.17   24.13
c rst  geom best   vs   317   88K    2365 17875   933    4.11    4.00   406   672   45K    98   24.20   24.15
c rst  geom best   vs   318   89K    2365 17875   933    4.11    4.00   406   672   45K    98   24.24   24.20
c rst  geom best   vs   319   89K    2365 17875   933    4.11    4.00   406   672   45K    98   24.32   24.28
c rst  geom best   vs   320   89K    2365 17875   933    4.11    4.00   406   672   45K    98   24.33   24.28
c rst  geom best   vs   321   90K    2365 17875   933    4.11    4.00   617  1082   34K    98   22.29   22.24
c rst  geom best   vs   322   90K    2365 17875   933    4.11    4.00   618  1082   34K    98   22.44   22.39
c rst  geom best   vs   323   90K    2365 17875   933    4.11    4.00   619  1082   35K    98   22.58   22.53
c rst  geom best   vs   324   91K    2365 17875   933    4.11    4.00   619  1082   35K    98   22.61   22.56
c rst  geom best   vs   325   91K    2365 17875   933    4.11    4.00   619  1082   35K    98   22.64   22.58
c rst  geom best   vs   326   92K    2365 17875   933    4.11    4.00   619  1082   36K    98   22.77   22.72
c rst  geom  stb   vs   327   92K    2365 17875   933    4.11    4.00   619  1083   36K    98   22.94   22.89
c rst  geom  stb   vs   328   93K    2365 17875   933    4.11    4.00   619  1083   37K    98   23.19   23.14
c rst  geom  stb   vs   329   93K    2365 17875   933    4.11    4.00   621  1087   38K    98   23.42   23.36
c [distill-bin] useful: 0/933/933 lits-rem: 0 cl-rem: 0 0-depth-assigns: 0 T: 0.01 T-out: N
c rst  geom  stb   vs   330   94K    2365 17875   931    4.11    4.00   621  1087   38K    98   23.64   23.59
c rst  geom  stb   vs   331   95K    2365 17875   931    4.11    4.00   621  1088   39K    98   23.74   23.69
c rst  geom  stb   vs   332   96K    2365 17875   931    4.11    4.00   621  1090   40K    98   23.90   23.85
c rst  geom  stb   vs   333   97K    2365 17875   931    4.11    4.00   621  1090   41K    98   24.03   23.98
c [distill-long-red0] cls tried: 236/236 T: 0.04 T-out: N T-r: 98.87%
c [distill-long-red1] cls tried: 27/941 T: 0.01 T-out: Y T-r: -5.85%
c rst  geom  stb   vs   334   98K    2365 17875   931    4.11    4.00   622  1095   42K    99   24.08   24.03
c rst  geom ibes   vs   335   99K    2365 17875   931    4.11    4.00   622  1095   43K    99   24.11   24.06
c rst  geom ibes   vs   336  100K    2365 17875   931    4.11    4.00   627  1085   45K    99   23.89   23.85
c [impl-str] lit bin: 0 set-var: 0 T: 0.00 T-out: N T-r: 99.95% w-visit: 5360
c [impl-sub] bin: 2 T: 0.00 T-out: N w-visit: 5360
c rst  geom ibes   vs   337  102K    2365 17875   931    4.11    4.00   627  1085   46K    97   24.10   24.05
c [branch] adjusting to: vmtf (from: vsid) var_decay:0.95 descr: VMTF
c [full-probe]  bin_only: 1 set: 0 repl: 0 T: 0.01 T-out: N T-r: 99.79%
c rst  luby ibes  vmt   338  102K    2365 17875   931    4.11    4.00   632  1101   46K   108   24.29   24.24
c rst  luby ibes  vmt   339  102K    2365 17875   931    4.11    4.00   634  1115   46K   108   24.28   24.23
c [distill] watch-based irred--  cl tried     7427 cl-sh     0 cl-rem    1 lit-rem      0 T: 0.01 T-out: N
c [distill] watch-based   red--  cl tried     1266 cl-sh    25 cl-rem    2 lit-rem    103 T: 0.00 T-out: N
c rst  luby ibes  vmt   340  102K    2365 17829   933    4.10    4.00   632  1119   46K   104   24.23   24.18
c rst  luby ibes  vmt   341  102K    2365 17829   933    4.10    4.00   632  1119   46K   104   24.21   24.16
c rst  luby ibes  vmt   342  102K    2365 17829   933    4.10    4.00   633  1120   47K   104   24.18   24.13
c rst  luby ibes  vmt   343  102K    2365 17829   933    4.10    4.00   633  1127   47K   104   24.14   24.09
c rst  luby ibes  vmt   344  103K    2365 17829   933    4.10    4.00   634  1134   47K   104   24.03   23.99
c rst  luby ibes  vmt   345  103K    2365 17829   933    4.10    4.00   634  1135   47K   104   24.01   23.97
c rst  luby ibes  vmt   346  103K    2365 17829   933    4.10    4.00   634  1136   47K   104   23.99   23.95
c rst  luby ibes  vmt   347  103K    2365 17829   933    4.10    4.00   634  1145   48K   104   23.95   23.90
c rst  luby ibes  vmt   348  103K    2365 17829   933    4.10    4.00   634  1147   48K   104   23.92   23.88
c rst  luby ibes  vmt   349  104K    2365 17829   933    4.10    4.00   634  1151   48K   104   23.90   23.85
c rst  luby ibes  vmt   350  104K    2365 17829   933    4.10    4.00   634  1153   48K   104   23.85   23.80
c rst  luby ibes  vmt   351  104K    2365 17829   933    4.10    4.00   634  1155   48K   104   23.75   23.70
c rst  luby  svd  vmt   352  105K    2365 17829   933    4.10    4.00   647  1353   36K   104   23.88   23.83
c rst  luby  svd  vmt   353  105K    2365 17829   933    4.10    4.00   647  1354   36K   104   23.89   23.83
c rst  luby  svd  vmt   354  105K    2365 17829   933    4.10    4.00   647  1354   36K   104   23.87   23.81
c rst  luby  svd  vmt   355  105K    2365 17829   933    4.10    4.00   647  1357   36K   104   23.83   23.77
c rst  luby  svd  vmt   356  105K    2365 17829   933    4.10    4.00   647  1357   37K   104   23.83   23.77
c rst  luby  svd  vmt   357  106K    2365 17829   933    4.10    4.00   648  1357   37K   104   23.81   23.76
c rst  luby  svd  vmt   358  106K    2365 17829   933    4.10    4.00   651  1385   37K   104   23.84   23.78
c rst  luby  svd  vmt   359  106K    2365 17829   933    4.10    4.00   652  1393   37K   104   23.86   23.80
c rst  luby  svd  vmt   360  106K    2365 17829   933    4.10    4.00   652  1393   37K   104   23.86   23.80
c ------- FINAL TOTAL SEARCH STATS ---------
c UIP search time          : 11.08       (97.77     % time)
c All times are for this thread only except if explicitly specified
c restarts                 : 360         (296.23    confls per restart)
c blocked restarts         : 0           (0.00      per normal restart)
c time                     : 11.08       
c decisions                : 120504      (0.00      % random)
c propagations             : 13390K      (1208K     props/s)
c decisions/conflicts      : 1.13        
c conflicts                : 106641      
c LEARNT stats
c units learnt             : 0           (0.00      % of conflicts)
c bins learnt              : 80          (0.08      % of conflicts)
c long learnt              : 106978      (100.32    % of conflicts)
c red which0               : 416         (0.39      % of confl)
c SEAMLESS HYPERBIN&TRANS-RED stats
c advProp called           : 0           
c hyper-bin add bin        : 0           (0.00      bin/call)
c trans-red rem irred bin  : 0           (0.00      bin/call)
c trans-red rem red bin    : 0           (0.00      bin/call)
c CONFL LITS stats
c orig                     : 22784573    (213.66    lit/confl)
c recurs-min effective     : 101445      (95.13     % attempt successful)
c recurs-min lits          : 18926229    (83.07     % less overall)
c permDiff call%           : 1.76        (0.00      % attempt successful)
c permDiff lits-rem        : 0           (0.00      less lits/cl on attempts)
c further-min call%        : 0.02        (29.41     % attempt successful)
c bintri-min lits          : 27          (0.00      % less overall)
c final avg                : 36.18       
c all-threads sum CPU time : 11.08        s
c PROP stats
c Mbogo-props              : 53.03       (4.79      / sec)
c MHyper-props             : 0.04        (0.00      / sec)
c Mprops                   : 13.39       (1.21      / sec)
c -------- OccSimplifier STATS ----------
c time                     : 0.13        (0.00      % var-elim)
c called                   : 1           (0.13      s per call)
c 0-depth assigns          : 0           (0.00      % vars)
c -------- OccSimplifier STATS END ----------
c -------- SubsumeStrengthen STATS ----------
c cl-subs                  : 48           Clauses
c cl-str rem lit           : 41           Lits
c cl-sub T                 : 0.01         s
c cl-str T                 : 0.06         s
c -------- SubsumeStrengthen STATS END ----------
c ----- SCC STATS --------
c time                     : 0.00        (0.00      per call)
c called                   : 4           (1.75      new found per call)
c found                    : 7           (50.00     % of all found)
c bogoprops                : 122592      % of all found
c ----- SCC STATS END --------
c --------- VAR REPLACE STATS ----------
c time                     : 0.04        (0.01      per call)
c trees' crown             : 7           (0.26      % of vars)
c 0-depth assigns          : 0           (0.00      % vars)
c lits replaced            : 14439       
c bin cls removed          : 31          
c long cls removed         : 1           
c long lits removed        : 1718        
c bogoprops                : 659985      
c --------- VAR REPLACE STATS END ----------
c vrep replace time        : 0.04        (0.38      % time)
c vrep tree roots          : 3           
c vrep trees' crown        : 7           (2.33      leafs/tree)
c -------- DISTILL-BIN STATS --------
c time                     : 0.05        (0.01      per call)
c timed out                : 1           (20.00     % of calls)
c distill/checked/potential: 0          /6353/6801
c lits-rem                 : 0           
c 0-depth-assigns          : 0           (0.00      % of vars)
c -------- DISTILL STATS END --------
c -------- STRENGTHEN STATS --------
c --> watch-based on irred cls
c time                     : 0.02        (0.00      s/call)
c shrinked/tried/total     : 157        /18331/136115
c subsumed/tried/total     : 171        /18331/136115
c lits-rem                 : 162         (0.21      % of lits tried)
c called                   : 8           (0.00      % ran out of time)
c --> watch-based on red cls
c time                     : 0.01        (0.00      s/call)
c shrinked/tried/total     : 94         /4306/4306
c subsumed/tried/total     : 2          /4306/4306
c lits-rem                 : 386         (1.38      % of lits tried)
c called                   : 8           (0.00      % ran out of time)
c -------- STRENGTHEN STATS END --------
c -------- IMPLICIT SUB  STATS --------
c time                     : 0.00        (0.00      per call)
c timed out                : 0           (0.00      % of calls)
c rem bins                 : 26          
c -------- IMPLICIT SUB STATS END --------
c Mem used                 : 31          MB
c Mem for longclauses      : 8           MB (26.37     %)
c Mem for watch alloc      : 6           MB (21.30     %)
c Mem for watch array      : 0           MB (0.39      %)
c Mem for assings&vardata  : 0           MB (0.25      %)
c Mem for search&solve     : 0           MB (0.67      %)
c Mem for renumberer       : 0           MB (0.09      %)
c Mem for occsimplifier    : 0           MB (1.51      %)
c Mem for varReplacer&SCC  : 0           MB (0.19      %)
c Mem for impl subsume     : 0           MB (0.00      %)
c Mem for 3 distills       : 0           MB (0.00      %)
c Accounted for mem (rss)  : 50.77       %
c Accounted for mem (vm)   : 44.81       %
c restarts                 : 360         (296.23    confls per restart)
c blocked restarts         : 0           (0.00      per normal restart)
c time                     : 11.08       
c decisions                : 120504      (0.00      % random)
c propagations             : 13390K      (1208K     props/s)
c decisions/conflicts      : 1.13        
c conflicts                : 106641      
c conf lits non-minim      : 22784573    (213.66    lit/confl)
c conf lits final          : 36.18       
c red which0               : 416         (0.39      % of confl)
c props/decision           : 0.00        
c props/conflict           : 0.00        
c 0-depth assigns          : 3           (0.11      % vars)
c 0-depth assigns by CNF   : 2           (0.07      % vars)
c reduceDB time            : 0.02        (0.21      % time)
c OccSimplifier time       : 0.13        (1.14      % time)
c [occur] 0.05 is overhead
c [occur] link-in T: 0.04 cleanup T: 0.01
c [occ-substr] long subBySub: 48 subByStr: 0 lits-rem-str: 41 T: 0.07
c SCC time                 : 0.00        (0.02      % time)
c [scc] new: 7 BP 0M  T: 0.00
c vrep replace time        : 0.04        (0.38      % time)
c vrep tree roots          : 3           
c vrep trees' crown        : 7           (2.33      leafs/tree)
c distill long time        : 0.21        (1.82      % time)
c distill bin time         : 0.05        (0.47      % time)
c strength cache-irred time: 0.02        (0.18      % time)
c strength cache-red time  : 0.01        (0.05      % time)
c avg cls in red 0         : 401.82      
c avg cls in red 1         : 785.97      
c avg cls in red 2         : 28918.35    
c Conflicts in UIP         : 106641      (9410.55   confl/time_this_thread)
c Max Memory (rss) used    : 32156 kB    
c Total time (this thread) : 11.33       
s SATISFIABLE
v -1 2 -3 -4 5 6 -7 8 -9 10 11 12 13 14 -15 -16 -17 18 -19 -20 -21 -22 -23 -24 
v -25 26 -27 28 29 30 -31 -32 -33 -34 -35 -36 -37 -38 -39 -40 -41 -42 -43 44 
v -45 46 47 48 -49 50 -51 52 53 54 -55 -56 -57 -58 -59 -60 61 62 -63 -64 -65 66 
v -67 -68 -69 -70 -71 -72 -73 -74 -75 -76 -77 -78 79 80 -81 -82 -83 84 85 86 
v -87 -88 -89 90 -91 -92 -93 -94 -95 -96 97 98 -99 -100 -101 102 -103 -104 -105 
v -106 -107 -108 109 110 -111 -112 -113 114 115 116 -117 -118 -119 120 121 122 
v -123 -124 -125 126 -127 -128 -129 -130 -131 -132 -133 -134 -135 -136 -137 
v -138 -139 -140 -141 -142 -143 -144 -145 -146 -147 -148 -149 -150 -151 -152 
v -153 -154 -155 -156 -157 -158 -159 -160 -161 -162 -163 -164 -165 -166 -167 
v -168 169 170 -171 -172 -173 174 -175 -176 -177 -178 -179 -180 181 182 -183 
v -184 -185 186 187 188 -189 -190 -191 192 193 194 -195 -196 -197 198 -199 -200 
v -201 -202 -203 -204 -205 -206 -207 -208 -209 -210 -211 -212 -213 -214 -215 
v -216 -217 -218 -219 -220 -221 -222 -223 -224 -225 -226 -227 -228 -229 -230 
v -231 -232 -233 -234 -235 -236 -237 -238 -239 -240 -241 -242 -243 -244 -245 
v -246 -247 -248 -249 -250 -251 -252 -253 -254 -255 -256 -257 -258 -259 -260 
v -261 -262 -263 -264 -265 -266 -267 -268 -269 -270 -271 -272 -273 -274 -275 
v -276 277 278 -279 -280 -281 282 -283 -284 -285 -286 -287 -288 289 290 -291 
v -292 -293 294 295 296 -297 -298 -299 300 301 302 -303 -304 -305 306 -307 -308 
v -309 -310 -311 -312 313 314 -315 -316 -317 318 -319 -320 -321 -322 -323 -324 
v 325 326 -327 -328 -329 330 331 332 -333 -334 -335 336 337 338 -339 -340 -341 
v 342 343 344 -345 346 -347 348 -349 -350 351 352 -353 -354 -355 356 357 -358 
v 359 -360 -361 362 363 364 365 -366 -367 368 369 370 371 372 -373 -374 375 
v -376 -377 378 379 380 381 -382 -383 384 385 386 387 388 -389 -390 391 -392 
v -393 394 395 396 397 -398 -399 400 401 402 403 404 -405 -406 407 -408 -409 
v -410 -411 -412 -413 -414 -415 -416 -417 -418 -419 -420 -421 -422 -423 -424 
v -425 426 427 428 429 -430 -431 432 433 434 435 436 -437 -438 439 -440 -441 
v -442 -443 -444 -445 -446 -447 -448 -449 -450 -451 -452 -453 -454 -455 -456 
v -457 458 459 460 461 -462 -463 464 465 466 467 468 -469 -470 471 -472 -473 
v -474 -475 -476 -477 -478 -479 -480 -481 -482 -483 -484 -485 -486 -487 -488 
v -489 -490 -491 -492 -493 -494 -495 -496 -497 -498 -499 -500 -501 -502 -503 
v -504 -505 506 507 508 509 -510 -511 512 513 514 515 516 -517 -518 519 -520 
v -521 522 523 524 525 -526 -527 528 529 530 531 532 -533 -534 535 -536 -537 
v -538 -539 -540 -541 -542 -543 -544 -545 -546 -547 -548 -549 -550 -551 -552 
v -553 -554 -555 -556 -557 -558 -559 -560 -561 -562 -563 -564 -565 -566 -567 
v -568 -569 -570 -571 -572 -573 -574 -575 -576 -577 -578 -579 -580 -581 -582 
v -583 -584 -585 586 587 588 589 -590 -591 592 593 594 595 596 -597 -598 599 
v -600 -601 602 603 604 605 -606 -607 608 609 610 611 612 -613 -614 615 -616 
v -617 -618 -619 -620 -621 -622 -623 -624 -625 -626 -627 -628 -629 -630 -631 
v -632 -633 634 635 636 637 -638 -639 640 641 642 643 644 -645 -646 647 -648 
v -649 -650 -651 -652 -653 -654 -655 -656 -657 -658 -659 -660 -661 -662 -663 
v -664 -665 -666 -667 -668 -669 -670 -671 -672 -673 -674 -675 -676 677 678 679 
v -680 -681 682 683 684 685 686 -687 -688 689 690 691 -692 -693 694 695 696 697 
v 698 -699 -700 701 702 -703 -704 705 706 707 708 709 -710 -711 712 -713 -714 
v 715 716 717 718 719 -720 -721 722 -723 -724 -725 -726 -727 -728 -729 -730 
v -731 -732 -733 -734 -735 -736 -737 -738 -739 740 741 742 743 -744 -745 746 
v 747 748 749 -750 -751 752 753 754 -755 -756 757 758 -759 -760 761 -762 -763 
v 764 -765 -766 -767 768 -769 -770 -771 -772 -773 -774 -775 -776 -777 -778 -779 
v -780 -781 -782 -783 -784 -785 -786 -787 -788 -789 -790 -791 -792 -793 -794 
v -795 -796 -797 798 799 800 -801 802 803 804 805 806 807 808 0
c [g 0] truth-find prop checks  : 1696K
c [g 0] -> of which prop        : 35.16 %
c [g 0] -> of which confl       :  1.43 %
c [g 0] elim called             : 296K
c [g 0] ---> which lead to prop : 28.85 %
c [g 0] ---> which lead to confl:  1.53 %
c [g 0] size: 48    x 461  

real	0m11.485s
user	0m11.333s
sys	0m0.036s
