c BreakID not compiled in, disabling
c CryptoMiniSat version 5.11.19
c CMS Copyright (C) 2009-2020 Authors of CryptoMiniSat, see AUTHORS file
c CMS SHA revision b80e09ebd7703fc13b987401d693d7d406a50441
c Using VMTF code by Armin Biere from CaDiCaL
c Using Yalsat by Armin Biere, see Balint et al. Improving implementation of SLS solvers [...], SAT'14
c Using WalkSAT by Henry Kautz, see Kautz and Selman Pushing the envelope: planning, propositional logic, and stochastic search, AAAI'96,
c CMS is MIT licensed
c Using code from 'When Boolean Satisfiability Meets Gauss-E. in a Simplex Way'
c       by C.-S. Han and J.-H. Roland Jiang in CAV 2012. Fixes by M. Soos
c Using CCAnr from 'CCAnr: A Conf. Checking Based Local Search Solver [...]'
c       by Shaowei Cai, Chuan Luo, and Kaile Su, SAT 2015
c CMS compilation env CMAKE_CXX_COMPILER = /usr/bin/c++ | CMAKE_CXX_FLAGS =  -fvisibility=hidden -Wall -Wextra -Wunused -Wsign-compare -fno-omit-frame-pointer -Wtype-limits -Wuninitialized -Wno-deprecated -Wstrict-aliasing -Wpointer-arith -Wpointer-arith -Wformat-nonliteral -Winit-self -Wparentheses -Wunreachable-code -g -Wno-class-memaccess -mpopcnt -msse4.2 -ggdb3 -Wlogical-op -Wrestrict -Wnull-dereference -Wdouble-promotion -Wshadow -Wformat=2 -Wextra-semi -pedantic | COMPILE_DEFINES =  -DRDB0_ONLY_FEATURES -DUSE_ZLIB -DYALSAT_FPU | STATICCOMPILE = OFF | ONLY_SIMPLE =  | STATS = OFF | SQLITE3_FOUND =  | ZLIB_FOUND = TRUE | VALGRIND_FOUND =  | ENABLE_TESTING = OFF | SLOW_DEBUG = OFF | ENABLE_ASSERTIONS = ON | PYTHON_EXECUTABLE =  | PYTHON_LIBRARY =  | PYTHON_INCLUDE_DIRS =  | MY_TARGETS =  | LARGEMEM = OFF | LIMITMEM = OFF | BREAKID_LIBRARIES =  | BREAKID-VER = . | BOSPHORUS_LIBRARIES =  | BOSPH-VER = . | compilation date time = Jul 13 2026 14:05:03
c CMS compiled with gcc version 11.5.0 20240719 (Red Hat 11.5.0-5)
c Executed with command line: ./cryptominisat5 ./instancesBreak/IC_S4/Xn19l6-300-S.dimacs_break.cnf
c Reading file './instancesBreak/IC_S4/Xn19l6-300-S.dimacs_break.cnf'
c -- header says num vars:            808
c -- header says num clauses:        2538
c -- clauses added: 2486
c -- xor clauses added: 52
c -- vars added 808
c Parsing time: 0.00 s
c [find&init matx] performing matrix init
c [gauss] XOR-encoding clauses are not detached, so no need to reattach them.
c [xor-rem-unconnected] left with 50 xors from 50 non-empty xors T: 0.00
c [xor-together] xored together: 0 orig xors: 50 new xors: 50 T: 0.00
c [xor-rem-unconnected] left with 50 xors from 50 non-empty xors T: 0.00
c [xor-clean-equiv] removed equivalent xors: 0 left with: 50
c [matrix] unused xors from cleaning: 0
c [matrix] Good   matrix  0     50 x  765  density:0.1171  xorlen avg: 89.56
c [matrix] Using 1 matrices recovered from 0 xors T: 0.00 T-out: N
c [branch] adjusting to: vsid (from: vsid) var_decay:0.95 descr: VSIDS
c rst  geom  stb   vs     1   111    2954 18343  1657    3.96    3.80     4    23    77     7  130.98  122.85
c rst  geom  stb   vs     2   233    2954 18343  1657    3.96    3.80     6    42   177     8   95.31   92.11
c  res  pol bran  nres  conf freevar  IrrL  IrrB l/longC  l/allC RedL0 RedL1 RedL2  RedB l/longC  l/allC
c rst  geom  stb   vs     3   367    2954 18343  1657    3.96    3.80     6    42   311     8   81.82   80.08
c rst  geom  stb   vs     4   515    2954 18343  1657    3.96    3.80     6    42   459     8   87.65   86.32
c rst  geom  stb   vs     5   677    2954 18343  1657    3.96    3.80     6    42   620     9   81.31   80.26
c rst  geom  stb   vs     6   855    2954 18343  1657    3.96    3.80     7    44   795     9   80.77   79.95
c rst  geom  stb   vs     7  1049    2954 18343  1657    3.96    3.80     7    44   989     9   74.52   73.89
c rst  geom  stb   vs     8  1263    2954 18343  1657    3.96    3.80     7    44  1203     9   69.35   68.87
c rst  geom  stb   vs     9  1498    2954 18343  1657    3.96    3.80     7    44  1436    11   66.16   65.68
c rst  geom  stb   vs    10  1755    2954 18343  1657    3.96    3.80     7    44  1692    12   65.53   65.09
c rst  geom  stb   vs    11  2038    2954 18343  1657    3.96    3.80    10    44  1972    12   61.93   61.58
c rst  geom  stb   vs    12  2348    2954 18343  1657    3.96    3.80    10    44  2282    12   59.62   59.32
c rst  geom  stb   vs    13  2689    2954 18343  1657    3.96    3.80    10    44  2623    12   56.77   56.52
c rst  geom  stb   vs    14  3062    2954 18343  1657    3.96    3.80    11    47  2992    12   54.12   53.92
c rst  geom  stb   vs    15  3473    2954 18343  1657    3.96    3.80    14    50  3397    12   52.77   52.60
c rst  geom  stb   vs    16  3924    2954 18343  1657    3.96    3.80    14    52  3846    12   50.61   50.47
c rst  geom  stb   vs    17  4418    2954 18343  1657    3.96    3.80    14    52  4340    12   49.86   49.73
c rst  geom  stb   vs    18  4962    2954 18343  1657    3.96    3.80    14    53  4883    12   50.69   50.58
c rst  geom  stb   vs    19  5560    2954 18343  1657    3.96    3.80    14    53  5481    12   52.28   52.17
c [branch] adjusting to: vmtf (from: vsid) var_decay:0.95 descr: VMTF
c [distill-long-red0] cls tried: 14/14 T: 0.00 T-out: N T-r: 100.00%
c [distill-long-red1] cls tried: 53/53 T: 0.00 T-out: N T-r: 96.33%
c rst  luby ibes  vmt    20  5663    2954 18343  1657    3.96    3.80    34    67  5541    21   51.78   51.59
c rst  luby ibes  vmt    21  5765    2954 18343  1657    3.96    3.80    35    76  5633    21   52.10   51.92
c rst  luby ibes  vmt    22  5967    2954 18343  1657    3.96    3.80    35    83  5829    21   52.83   52.65
c rst  luby ibes  vmt    23  6069    2954 18343  1657    3.96    3.80    35    83  5931    21   52.62   52.45
c rst  luby ibes  vmt    24  6171    2954 18343  1657    3.96    3.80    36    86  6029    21   52.44   52.27
c rst  luby ibes  vmt    25  6373    2954 18343  1657    3.96    3.80    41    90  6222    21   52.52   52.35
c rst  luby ibes  vmt    26  6774    2954 18343  1657    3.96    3.80    43    99  6612    21   51.84   51.69
c rst  luby ibes  vmt    27  6876    2954 18343  1657    3.96    3.80    45   106  6716    21   51.65   51.50
c rst  luby ibes  vmt    28  6978    2954 18343  1657    3.96    3.80    45   106  6822    21   51.36   51.21
c rst  luby ibes  vmt    29  7179    2954 18343  1657    3.96    3.80    47   112  7030    21   51.42   51.28
c rst  luby ibes  vmt    30  7281    2954 18343  1657    3.96    3.80    47   118  7134    21   51.34   51.19
c rst  luby ibes  vmt    31  7383    2954 18343  1657    3.96    3.80    47   124  7230    21   51.16   51.02
c rst  luby ibes  vmt    32  7584    2954 18343  1657    3.96    3.80    48   132  7423    21   51.52   51.39
c rst  luby ibes  vmt    33  7985    2954 18343  1657    3.96    3.80    50   144  7814    22   51.64   51.51
c rst  luby ibes  vmt    34  8786    2954 18343  1657    3.96    3.80    54   166  8591    22   53.60   53.47
c rst  luby ibes  vmt    35  8888    2954 18343  1657    3.96    3.80    55   172  8694    22   53.63   53.50
c rst  luby ibes  vmt    36  8989    2954 18343  1657    3.96    3.80    57   183  8812    22   53.79   53.67
c rst  luby ibes  vmt    37  9191    2954 18343  1657    3.96    3.80    59   208  9006    22   53.14   53.01
c rst  luby ibes  vmt    38  9293    2954 18343  1657    3.96    3.80    62   211  9102    22   52.96   52.84
c rst  luby ibes  vmt    39  9394    2954 18343  1657    3.96    3.80    63   216  9197    22   52.78   52.66
c rst  luby ibes  vmt    40  9595    2954 18343  1657    3.96    3.80    65   226  9385    23   52.68   52.56
c rst  luby ibes  vmt    41  9996    2954 18343  1657    3.96    3.80    66   237  9776    24   52.76   52.64
c rst  luby ibes  vmt    42 10098    2954 18343  1657    3.96    3.80   138   173  9870    24   52.63   52.51
c rst  luby ibes  vmt    43 10199    2954 18343  1657    3.96    3.80   139   181  9964    24   52.57   52.45
c rst  luby ibes  vmt    44 10401    2954 18343  1657    3.96    3.80   141   272 10115    24   52.20   52.08
c rst  luby ibes  vmt    45 10503    2954 18343  1657    3.96    3.80   141   276 10214    25   52.18   52.06
c rst  luby ibes  vmt    46 10604    2954 18343  1657    3.96    3.80   141   280 10314    25   52.11   51.99
c rst  luby ibes  vmt    47 10806    2954 18343  1657    3.96    3.80   142   294 10500    26   52.12   52.01
c rst  luby  svd  vmt    48 11207    2954 18343  1657    3.96    3.80   151   305 10875    32   52.72   52.58
c rst  luby  svd  vmt    49 12008    2954 18343  1657    3.96    3.80   156   320 11655    33   53.53   53.39
c [branch] adjusting to: vsid (from: vmtf) var_decay:0.95 descr: VSIDS
c [distill-bin] useful: 13/1657/1657 lits-rem: 0 cl-rem: 13 0-depth-assigns: 0 T: 0.01 T-out: N
c rst  geom  svd   vs    50 12120    2954 18343  1644    3.96    3.80   156   320 11767    33   53.37   53.23
c rst  geom  svd   vs    51 12245    2954 18343  1644    3.96    3.80   156   320 11891    34   53.18   53.04
c rst  geom  svd   vs    52 12379    2954 18343  1644    3.96    3.80   157   320 12024    34   53.02   52.89
c rst  geom  svd   vs    53 12527    2954 18343  1644    3.96    3.80   157   320 12172    34   52.83   52.70
c rst  geom  svd   vs    54 12688    2954 18343  1644    3.96    3.80   157   320 12333    34   52.68   52.54
c rst  geom  svd   vs    55 12866    2954 18343  1644    3.96    3.80   157   320 12511    34   52.60   52.47
c rst  geom  svd   vs    56 13060    2954 18343  1644    3.96    3.80   157   320 12705    34   52.31   52.18
c rst  geom  svd   vs    57 13273    2954 18343  1644    3.96    3.80   157   320 12917    35   51.87   51.74
c rst  geom  svd   vs    58 13507    2954 18343  1644    3.96    3.80   157   320 13151    35   51.49   51.36
c rst  geom  svd   vs    59 13765    2954 18343  1644    3.96    3.80   157   320 13409    35   51.16   51.04
c rst  geom  svd   vs    60 14047    2954 18343  1644    3.96    3.80   157   320 13691    35   50.61   50.49
c rst  geom  svd   vs    61 14357    2954 18343  1644    3.96    3.80   157   320 14001    35   50.08   49.97
c rst  geom  svd   vs    62 14697    2954 18343  1644    3.96    3.80   157   320 14341    35   49.41   49.30
c rst  geom  svd   vs    63 15071    2954 18343  1644    3.96    3.80   172   791 14229    35   48.73   48.62
c rst  geom  svd   vs    64 15481    2954 18343  1644    3.96    3.80   172   791 14639    35   48.02   47.92
c rst  geom  svd   vs    65 15931    2954 18343  1644    3.96    3.80   172   791 15089    35   47.34   47.25
c rst  geom  svd   vs    66 16425    2954 18343  1644    3.96    3.80   172   791 15583    35   46.62   46.53
c rst  geom best   vs    67 16969    2954 18343  1644    3.96    3.80   172   791 16127    35   47.51   47.41
c rst  geom best   vs    68 17566    2954 18343  1644    3.96    3.80   172   791 16723    36   48.27   48.18
c rst  geom best   vs    69 18222    2954 18343  1644    3.96    3.80   172   791 17379    36   48.45   48.35
c [branch] adjusting to: vmtf (from: vsid) var_decay:0.95 descr: VMTF
c rst  luby best  vmt    70 18325    2954 18343  1644    3.96    3.80   177   791 17476    37   48.59   48.50
c rst  luby best  vmt    71 18426    2954 18343  1644    3.96    3.80   181   794 17568    39   48.64   48.55
c rst  luby best  vmt    72 18627    2954 18343  1644    3.96    3.80   185   794 17765    39   48.88   48.78
c rst  luby best  vmt    73 18731    2954 18343  1644    3.96    3.80   188   797 17863    39   48.93   48.84
c rst  luby best  vmt    74 18832    2954 18343  1644    3.96    3.80   190   800 17957    41   48.97   48.87
c rst  luby best  vmt    75 19034    2954 18343  1644    3.96    3.80   199   803 18146    42   49.51   49.40
c rst  luby best  vmt    76 19436    2954 18343  1644    3.96    3.80   202   808 18536    46   50.16   50.05
c rst  luby best  vmt    77 19537    2954 18343  1644    3.96    3.80   207   809 18630    47   50.16   50.05
c rst  luby best  vmt    78 19639    2954 18343  1644    3.96    3.80   208   809 18730    48   50.29   50.18
c rst  luby best  vmt    79 19841    2954 18343  1644    3.96    3.80   211   815 18923    48   50.33   50.21
c rst  luby best  vmt    80 19942    2954 18343  1644    3.96    3.80   213   818 19019    48   50.43   50.31
c rst  luby best  vmt    81   20K    2954 18343  1644    3.96    3.80   284   749 19117    49   50.49   50.37
c [full-probe]  bin_only: 1 set: 0 repl: 0 T: 0.01 T-out: N T-r: 99.76%
c rst  luby best  vmt    82   20K    2954 18343  1644    3.96    3.80   286   752 19313    49   50.75   50.63
c rst  luby best  vmt    83   20K    2954 18343  1644    3.96    3.80   300   762 19688    54   51.40   51.27
c [distill-long-red0] cls tried: 258/258 T: 0.01 T-out: N T-r: 99.63%
c [distill-long-red1] cls tried: 42/737 T: 0.01 T-out: Y T-r: -7.25%
c rst  luby best  vmt    84   21K    2954 18343  1644    3.96    3.80   309   795   20K    57   52.20   52.07
c rst  luby best  vmt    85   21K    2954 18343  1644    3.96    3.80   311   800   20K    57   52.38   52.25
c rst  luby best  vmt    86   21K    2954 18343  1644    3.96    3.80   313   802   20K    58   52.46   52.33
c rst  luby  stb  vmt    87   21K    2954 18343  1644    3.96    3.80   316   815   20K    58   52.59   52.46
c rst  luby  stb  vmt    88   21K    2954 18343  1644    3.96    3.80   316   821   20K    58   52.64   52.51
c rst  luby  stb  vmt    89   22K    2954 18343  1644    3.96    3.80   318   822   21K    58   52.74   52.61
c rst  luby  stb  vmt    90   22K    2954 18343  1644    3.96    3.80   324   825   21K    59   52.88   52.74
c rst  luby  stb  vmt    91   22K    2954 18343  1644    3.96    3.80   328   826   21K    60   52.98   52.85
c rst  luby  stb  vmt    92   22K    2954 18343  1644    3.96    3.80   329   829   21K    60   53.00   52.87
c rst  luby  stb  vmt    93   22K    2954 18343  1644    3.96    3.80   329   831   21K    60   53.12   52.98
c rst  luby  stb  vmt    94   23K    2954 18343  1644    3.96    3.80   329   840   22K    60   53.10   52.97
c rst  luby  stb  vmt    95   23K    2954 18343  1644    3.96    3.80   329   840   22K    60   53.31   53.18
c rst  luby  stb  vmt    96   23K    2954 18343  1644    3.96    3.80   330   841   22K    60   53.36   53.23
c rst  luby  stb  vmt    97   23K    2954 18343  1644    3.96    3.80   338   854   22K    60   53.32   53.19
c rst  luby  stb  vmt    98   23K    2954 18343  1644    3.96    3.80   341   855   22K    61   53.53   53.40
c rst  luby  stb  vmt    99   24K    2954 18343  1644    3.96    3.80   349   886   23K    64   53.68   53.55
c rst  luby  stb  vmt   100   26K    2954 18343  1644    3.96    3.80   367   909   25K    66   54.56   54.43
c [branch] adjusting to: vsid (from: vmtf) var_decay:0.95 descr: VSIDS
c [distill] watch-based irred--  cl tried     1655 cl-sh     0 cl-rem    3 lit-rem      0 T: 0.00 T-out: N
c [distill] watch-based   red--  cl tried      733 cl-sh    12 cl-rem    1 lit-rem     14 T: 0.00 T-out: N
c rst  geom  stb   vs   101   26K    2954 18338  1649    3.96    3.80   364   909   25K    65   54.55   54.42
c rst  geom  stb   vs   102   26K    2954 18338  1649    3.96    3.80   364   909   25K    65   54.52   54.39
c rst  geom  stb   vs   103   26K    2954 18338  1649    3.96    3.80   364   909   25K    65   54.48   54.35
c rst  geom  stb   vs   104   26K    2954 18338  1649    3.96    3.80   364   909   25K    65   54.39   54.27
c rst  geom  stb   vs   105   26K    2954 18338  1649    3.96    3.80   364   909   25K    65   54.47   54.34
c rst  geom ibes   vs   106   27K    2954 18338  1649    3.96    3.80   365   910   25K    65   54.39   54.27
c rst  geom ibes   vs   107   27K    2954 18338  1649    3.96    3.80   365   910   26K    65   54.31   54.18
c rst  geom ibes   vs   108   27K    2954 18338  1649    3.96    3.80   366   910   26K    65   54.12   54.00
c rst  geom ibes   vs   109   27K    2954 18338  1649    3.96    3.80   366   910   26K    65   53.85   53.73
c rst  geom ibes   vs   110   28K    2954 18338  1649    3.96    3.80   366   910   26K    65   53.53   53.41
c rst  geom ibes   vs   111   28K    2954 18338  1649    3.96    3.80   366   910   27K    65   53.15   53.03
c rst  geom ibes   vs   112   28K    2954 18338  1649    3.96    3.80   366   910   27K    65   52.74   52.62
c rst  geom ibes   vs   113   28K    2954 18338  1649    3.96    3.80   366   910   27K    65   52.30   52.19
c rst  geom ibes   vs   114   29K    2954 18338  1649    3.96    3.80   367   911   28K    65   51.88   51.77
c rst  geom ibes   vs   115   29K    2954 18338  1649    3.96    3.80   367   911   28K    65   51.43   51.32
c rst  geom ibes   vs   116   30K    2954 18338  1649    3.96    3.80   498  1125   24K    65   50.94   50.82
c rst  geom ibes   vs   117   30K    2954 18338  1649    3.96    3.80   498  1125   24K    65   50.43   50.31
c rst  geom ibes   vs   118   31K    2954 18338  1649    3.96    3.80   498  1125   25K    65   49.72   49.60
c rst  geom ibes   vs   119   31K    2954 18338  1649    3.96    3.80   498  1125   25K    65   48.98   48.86
c rst  geom ibes   vs   120   32K    2954 18338  1649    3.96    3.80   498  1126   26K    65   48.19   48.08
c [distill-bin] useful: 0/1649/1649 lits-rem: 0 cl-rem: 0 0-depth-assigns: 0 T: 0.02 T-out: N
c rst  geom  svd   vs   121   33K    2954 18338  1649    3.96    3.80   498  1126   27K    65   47.60   47.49
c rst  geom  svd   vs   122   34K    2954 18338  1649    3.96    3.80   498  1126   28K    65   47.15   47.05
c [branch] adjusting to: vmtf (from: vsid) var_decay:0.95 descr: VMTF
c rst  luby  svd  vmt   123   34K    2954 18338  1649    3.96    3.80   499  1127   28K    65   47.24   47.15
c rst  luby  svd  vmt   124   34K    2954 18338  1649    3.96    3.80   499  1133   28K    65   47.39   47.29
c rst  luby  svd  vmt   125   34K    2954 18338  1649    3.96    3.80   502  1138   28K    65   47.56   47.47
c rst  luby  svd  vmt   126   34K    2954 18338  1649    3.96    3.80   504  1151   28K    66   47.67   47.57
c rst  luby  svd  vmt   127   34K    2954 18338  1649    3.96    3.80   504  1154   28K    67   47.82   47.71
c rst  luby  svd  vmt   128   34K    2954 18338  1649    3.96    3.80   512  1162   28K    67   47.93   47.83
c rst  luby  svd  vmt   129   35K    2954 18338  1649    3.96    3.80   513  1172   29K    68   47.97   47.87
c rst  luby  svd  vmt   130   35K    2954 18338  1649    3.96    3.80   514  1173   29K    68   47.94   47.84
c rst  luby  svd  vmt   131   35K    2954 18338  1649    3.96    3.80   514  1177   29K    68   48.08   47.98
c rst  luby  svd  vmt   132   35K    2954 18338  1649    3.96    3.80   514  1182   29K    68   48.19   48.09
c rst  luby  svd  vmt   133   35K    2954 18338  1649    3.96    3.80   515  1187   29K    68   48.21   48.11
c [distill-long-red0] cls tried: 227/227 T: 0.02 T-out: N T-r: 99.49%
c [distill-long-red1] cls tried: 26/1120 T: 0.01 T-out: Y T-r: -3.01%
c rst  luby  svd  vmt   134   35K    2954 18338  1649    3.96    3.80   514  1189   29K    70   48.23   48.12
c rst  luby  svd  vmt   135   36K    2954 18338  1649    3.96    3.80   516  1189   30K    70   48.48   48.38
c rst  luby  svd  vmt   136   36K    2954 18338  1649    3.96    3.80   520  1210   30K    71   48.97   48.87
c rst  luby  svd  vmt   137   37K    2954 18338  1649    3.96    3.80   523  1235   31K    73   49.44   49.34
c rst  luby  svd  vmt   138   37K    2954 18338  1649    3.96    3.80   523  1241   31K    73   49.57   49.46
c rst  luby  svd  vmt   139   37K    2954 18338  1649    3.96    3.80   523  1246   31K    73   49.54   49.44
c rst  luby  svd  vmt   140   37K    2954 18338  1649    3.96    3.80   525  1256   31K    73   49.53   49.42
c rst  luby  svd  vmt   141   37K    2954 18338  1649    3.96    3.80   525  1259   31K    73   49.63   49.52
c rst  luby  svd  vmt   142   37K    2954 18338  1649    3.96    3.80   527  1260   31K    73   49.61   49.51
c rst  luby  svd  vmt   143   38K    2954 18338  1649    3.96    3.80   531  1264   31K    73   49.68   49.57
c rst  geom best  vmt   144   38K    2954 18338  1649    3.96    3.80   531  1265   32K    73   49.76   49.66
c rst  geom best  vmt   145   38K    2954 18338  1649    3.96    3.80   532  1271   32K    73   49.83   49.73
c rst  geom best  vmt   146   38K    2954 18338  1649    3.96    3.80   532  1276   32K    73   49.84   49.74
c rst  geom best  vmt   147   38K    2954 18338  1649    3.96    3.80   533  1276   32K    74   49.91   49.81
c rst  geom best  vmt   148   38K    2954 18338  1649    3.96    3.80   534  1283   32K    74   49.86   49.76
c rst  geom best  vmt   149   38K    2954 18338  1649    3.96    3.80   535  1287   32K    74   49.86   49.76
c rst  geom best  vmt   150   39K    2954 18338  1649    3.96    3.80   537  1291   32K    74   49.96   49.86
c rst  geom best  vmt   151   39K    2954 18338  1649    3.96    3.80   538  1295   33K    74   50.29   50.19
c rst  geom best  vmt   152   39K    2954 18338  1649    3.96    3.80   542  1309   33K    74   50.22   50.12
c rst  geom best  vmt   153   39K    2954 18338  1649    3.96    3.80   544  1324   33K    74   50.46   50.36
c rst  geom best  vmt   154   40K    2954 18338  1649    3.96    3.80   701  1190   33K    75   50.56   50.46
c [full-probe]  bin_only: 0 set: 1 repl: 0 T: 0.01 T-out: N T-r: 96.61%
c [impl-str] lit bin: 0 set-var: 0 T: 0.00 T-out: N T-r: 99.95% w-visit: 5912
c [impl-sub] bin: 10 T: 0.00 T-out: N w-visit: 5912
c rst  geom best  vmt   155   40K    2953 18338  1649    3.96    3.80   702  1195   34K    65   50.96   50.87
c rst  geom best  vmt   156   40K    2953 18338  1649    3.96    3.80   703  1216   34K    66   50.97   50.89
c rst  geom best  vmt   157   41K    2953 18338  1649    3.96    3.80   704  1242   34K    66   51.27   51.19
c rst  geom best  vmt   158   41K    2953 18338  1649    3.96    3.80   706  1327   35K    66   51.28   51.19
c rst  geom best  vmt   159   41K    2953 18338  1649    3.96    3.80   709  1341   35K    67   51.34   51.26
c rst  geom best  vmt   160   42K    2953 18338  1649    3.96    3.80   710  1372   36K    67   51.21   51.13
c [branch] adjusting to: vsid (from: vmtf) var_decay:0.95 descr: VSIDS
c rst  geom best   vs   161   42K    2953 18338  1649    3.96    3.80   710  1372   36K    67   51.14   51.06
c rst  geom best   vs   162   42K    2953 18338  1649    3.96    3.80   711  1372   36K    67   51.06   50.97
c rst  geom best   vs   163   42K    2953 18338  1649    3.96    3.80   712  1372   36K    67   50.99   50.90
c rst  geom best   vs   164   42K    2953 18338  1649    3.96    3.80   712  1372   36K    67   50.91   50.83
c rst  geom best   vs   165   43K    2953 18338  1649    3.96    3.80   714  1372   37K    67   50.79   50.71
c rst  geom best   vs   166   43K    2953 18338  1649    3.96    3.80   714  1374   37K    67   50.66   50.58
c rst  geom best   vs   167   43K    2953 18338  1649    3.96    3.80   714  1374   37K    67   50.53   50.45
c rst  geom  stb   vs   168   43K    2953 18338  1649    3.96    3.80   714  1374   37K    67   50.41   50.33
c rst  geom  stb   vs   169   43K    2953 18338  1649    3.96    3.80   716  1374   37K    67   50.24   50.16
c rst  geom  stb   vs   170   44K    2953 18338  1649    3.96    3.80   716  1374   38K    67   50.07   49.99
c [ccnr] tries: 0 steps: 262143 best found: 8
c [ccnr] tries: 0 steps: 524287 best found: 8
c [ccnr] tries: 0 steps: 786431 best found: 8
c [ccnr] saving best assignment phase to stable_polar
c [ccnr] bumping based on clause weights
c [ccnr] Bumped vars: 102 bump type: 6
c [ccnr] time: 0.61
c rst  geom  stb   vs   171   44K    2953 18338  1649    3.96    3.80   716  1374   38K    67   50.00   49.92
c rst  geom  stb   vs   172   44K    2953 18338  1649    3.96    3.80   716  1374   38K    67   49.90   49.83
c rst  geom  stb   vs   173   45K    2953 18338  1649    3.96    3.80   777  2219   30K    67   47.74   47.65
c rst  geom  stb   vs   174   45K    2953 18338  1649    3.96    3.80   777  2219   31K    67   47.53   47.44
c rst  geom  stb   vs   175   45K    2953 18338  1649    3.96    3.80   777  2219   31K    67   47.28   47.19
c rst  geom  stb   vs   176   46K    2953 18338  1649    3.96    3.80   777  2219   32K    67   46.97   46.88
c rst  geom  stb   vs   177   46K    2953 18338  1649    3.96    3.80   777  2219   32K    67   46.69   46.61
c rst  geom  stb   vs   178   47K    2953 18338  1649    3.96    3.80   777  2219   33K    67   46.37   46.29
c rst  geom  stb   vs   179   48K    2953 18338  1649    3.96    3.80   777  2219   33K    67   46.08   46.00
c rst  geom  stb   vs   180   48K    2953 18338  1649    3.96    3.80   777  2219   34K    67   45.85   45.78
c rst  geom  stb   vs   181   49K    2953 18338  1649    3.96    3.80   777  2219   35K    67   45.60   45.53
c rst  geom ibes   vs   182   50K    2953 18338  1649    3.96    3.80   845  2151   35K    67   45.18   45.11
c [gauss] XOR-encoding clauses are not detached, so no need to reattach them.
c [g 0] truth-find prop checks  : 923K
c [g 0] -> of which prop        : 36.80 %
c [g 0] -> of which confl       :  3.34 %
c [g 0] elim called             : 171K
c [g 0] ---> which lead to prop :  7.68 %
c [g 0] ---> which lead to confl:  0.57 %
c [g 0] size: 50    x 765  
c [scc] new: 5 BP 0M T: 0.00
c [vrep] vars 5 lits 12652 rem-bin-cls 20 rem-long-cls 0 BP 0M T: 0.03
c [scc] new: 0 BP 0M T: 0.00
c [vrep] vars 0 lits 0 rem-bin-cls 0 rem-long-cls 0 BP 0M T: 0.00
c [intree] Set 0 vars hyper-added: 755 trans-irred: 0 trans-red: 35 T: 0.01 T-out: N T-r: -1.35%
c [find&init matx] performing matrix init
c [gauss] XOR-encoding clauses are not detached, so no need to reattach them.
c [xor-rem-unconnected] left with 50 xors from 50 non-empty xors T: 0.00
c [xor-together] xored together: 0 orig xors: 50 new xors: 50 T: 0.00
c [xor-rem-unconnected] left with 50 xors from 50 non-empty xors T: 0.00
c [xor-clean-equiv] removed equivalent xors: 0 left with: 50
c [matrix] unused xors from cleaning: 0
c [matrix] Good   matrix 0 50      x761    density:0.1165  xorlen avg: 88.62
c [matrix] Using 1 matrices recovered from 0 xors T: 0.00 T-out: N
c rst  geom ibes vs   183   51  K 2948    18301  1638 3.96    3.80      845  2151   36K   787 44.75   43.92  
c [distill-long-red0] cls tried: 331/331 T: 0.05 T-out: N T-r: 98.78%
c [distill-long-red1] cls tried: 27/2059 T: 0.01 T-out: Y T-r: -7.87%
c rst  geom ibes vs   184   52  K 2948    18301  1638 3.96    3.80      845  2151   37K   788 44.03   43.23  
c [distill] watch-based irred--  cl tried 1649     cl-sh 1     cl-rem 1    lit-rem 1      T: 0.00 T-out: N
c [distill] watch-based red  --  cl tried 1688     cl-sh 45    cl-rem 2    lit-rem 70     T: 0.00 T-out: N
c rst  geom ibes vs   185   53  K 2948    18299  1640 3.96    3.80      843  2151   38K   787 43.59   42.83  
c [branch] adjusting to: vmtf (from: vsid) var_decay:0.95 descr: VMTF
c [distill-bin] useful: 0/999/1640 lits-rem: 0 cl-rem: 0 0-depth-assigns: 0 T: 0.02 T-out: Y
c rst  luby ibes vmt  186   53  K 2948    18299  1640 3.96    3.80      844  2160   38K   787 43.64   42.87  
c rst  luby ibes vmt  187   53  K 2948    18299  1640 3.96    3.80      844  2171   39K   787 43.61   42.84  
c rst  luby ibes vmt  188   53  K 2948    18299  1640 3.96    3.80      844  2194   39K   787 43.55   42.79  
c rst  luby ibes vmt  189   53  K 2948    18299  1640 3.96    3.80      844  2220   39K   787 43.54   42.78  
c rst  luby ibes vmt  190   53  K 2948    18299  1640 3.96    3.80      844  2227   39K   787 43.52   42.77  
c rst  luby ibes vmt  191   53  K 2948    18299  1640 3.96    3.80      845  2239   39K   787 43.53   42.78  
c rst  luby ibes vmt  192   54  K 2948    18299  1640 3.96    3.80      847  2262   39K   787 43.55   42.80  
c rst  luby ibes vmt  193   54  K 2948    18299  1640 3.96    3.80      848  2268   40K   787 43.53   42.79  
c rst  luby ibes vmt  194   54  K 2948    18299  1640 3.96    3.80      849  2270   40K   787 43.50   42.76  
c rst  luby ibes vmt  195   54  K 2948    18299  1640 3.96    3.80      851  2283   40K   787 43.54   42.81  
c rst  luby ibes vmt  196   54  K 2948    18299  1640 3.96    3.80      851  2290   40K   787 43.54   42.80  
c rst  luby ibes vmt  197   54  K 2948    18299  1640 3.96    3.80      853  2295   40K   787 43.53   42.80  
c rst  luby ibes vmt  198   55  K 2948    18299  1640 3.96    3.80      853  2299   40K   787 43.53   42.80  
c rst  luby svd  vmt  199   55  K 2948    18299  1640 3.96    3.80      854  2309   41K   787 43.85   43.12  
c rst  luby svd  vmt  200   56  K 2948    18299  1640 3.96    3.80      855  2319   41K   787 44.11   43.39  
c recursive minimization cost OK: 319Kcost/(% lits removed)
c [gauss] XOR-encoding clauses are not detached, so no need to reattach them.
c [g 0] truth-find prop checks  : 112K
c [g 0] -> of which prop        : 36.74 %
c [g 0] -> of which confl       :  3.42 %
c [g 0] elim called             : 20K
c [g 0] ---> which lead to prop :  0.93 %
c [g 0] ---> which lead to confl:  0.13 %
c [g 0] size: 50    x 761  
c --> Executing strategy token: scc-vrepl
c [scc] new: 6 BP 0M T: 0.00
c [vrep] vars 6 lits 15717 rem-bin-cls 24 rem-long-cls 13 BP 0M T: 0.03
c --> Executing strategy token: sub-impl
c [impl-sub] bin: 6 T: 0.00 T-out: N w-visit: 5912
c --> Executing strategy token: breakid
c --> Executing OCC strategy token(s): 'occ-backw-sub-str,occ-clean-implicit,occ-bve,occ-bva,occ-ternary-res,occ-xor,'
c [occ] mem usage for occur 1      MB
c [occ] Linked in IRRED BIN by default: 1633
c [occ] Linked in RED   BIN by default: 776
c [occ] mem usage for occur 0      MB
c Mem for watch alloc      : 4           MB (19.67     %)
c Mem for watch array      : 0           MB (0.91      %)
c --> Executing OCC strategy token: occ-backw-sub-str
c [occ-backw-sub-str-long-w-bins] subs: 1 str: 4 tried: 2409 0-depth ass: 0 T: 0.00 T-out: N T-r: 99.36%
c [occ-backw-sub-long-w-long] rem cl: 59 tried: 63103/63103 (100.0%) T: 0.01 T-out: N T-r: 96.60%
c [occ-backw-sub-str-long-w-long] sub: 3 str: 8 tried: 189309/63103 (300.0)  T: 0.06 T-out: N T-r: 88.38%
c --> Executing OCC strategy token: occ-clean-implicit
c --> Executing OCC strategy token: occ-bve
c [occ-empty-res] Empty resolvent elimed: 0 T: 0.00 T-out: N
c [occ-bve] iter v-elim 10
c cl_inc_rate=1.0, var_dec_rate=1.0 (grow=0)
c Reduced to 2932 vars, 19924 cls (grow=0)
c [occ-bve] iter v-elim 304
c cl_inc_rate=1.1, var_dec_rate=1.1 (grow=8)
c Reduced to 2628 vars, 21166 cls (grow=8)
c x n vars       : 2628
c #try to eliminate:  6263
c #var-elim        :   314
c #T-o: N
c #T-r: 99.99%
c #T  : 0.10
c [occur] 0.04 is overhead
c [occur] link-in T: 0.04 cleanup T: 0.00
c --> Executing OCC strategy token: occ-bva
c --> Executing OCC strategy token: occ-ternary-res
c [occ-ternary-res] Ternary res-tri: 42 res-bin: 0 sub: 5 str: 0 T: 0.00 T-out: N T-r: 99.36%
c --> Executing OCC strategy token: occ-xor
c [occ-xor] sort occur list T: 0.00
c [xor-clean-equiv] removed equivalent xors: 0 left with: 2031
c [occ-xor] found   2031 avg sz 4.0 min sz  4 max sz  5 T: 0.01 T-out: N T-r: 99.97%
c --> Executing strategy token: card-find
c --> Executing strategy token: cl-consolidate
c [mem] consolidate  old-sz: 10292K new-sz: 4339K new bits offs: 20 T: 0.00
c --> Executing strategy token: scc-vrepl
c [scc] new: 0 BP 0M T: 0.00
c --> Executing strategy token: renumber
c --> Executing strategy token: bosphorus
c --> Executing strategy token: louvain-comms
c [consolidate] mini T: 0.00
c global_timeout_multiplier: 3.3000
c [branch] rebuilding order heap for all branchings. Current branching: vmtf
c [find&init matx] performing matrix init
c [gauss] XOR-encoding clauses are not detached, so no need to reattach them.
c [xor-rem-unconnected] left with 2027 xors from 2031 non-empty xors T: 0.00
c [xor-together] xored together: 1968 orig xors: 2027 new xors: 59 T: 0.00
c [xor-rem-unconnected] left with 59 xors from 59 non-empty xors T: 0.00
c [xor-clean-equiv] removed equivalent xors: 0 left with: 59
c [matrix] unused xors from cleaning: 4
c [matrix] Good   matrix  0     59 x  468  density:0.1517  xorlen avg: 71.02
c [matrix] Using 1 matrices recovered from 0 xors T: 0.00 T-out: N
c rst  luby  svd  vmt   201   56K    2628   20K   920    4.11    4.02   197   301   24K   107   27.79   27.68
c rst  luby  svd  vmt   202   56K    2628   20K   920    4.11    4.02   197   302   24K   107   27.74   27.63
c rst  luby  svd  vmt   203   56K    2628   20K   920    4.11    4.02   197   305   24K   107   27.71   27.60
c rst  luby  svd  vmt   204   56K    2628   20K   920    4.11    4.02   197   306   24K   107   27.70   27.59
c rst  luby  svd  vmt   205   56K    2628   20K   920    4.11    4.02   197   308   24K   107   27.67   27.56
c rst  luby  svd  vmt   206   56K    2628   20K   920    4.11    4.02   197   309   25K   107   27.63   27.52
c [g  <0] Disabling GJ-elim in this round.  Usefulness was: 17.3382%  over 61800 calls
c rst  luby  svd  vmt   207   57K    2628   20K   920    4.11    4.02   197   310   25K   107   27.54   27.43
c rst  luby  svd  vmt   208   57K    2628   20K   920    4.11    4.02   198   326   25K   107   27.37   27.27
c rst  luby  svd  vmt   209   57K    2628   20K   920    4.11    4.02   198   331   25K   107   27.35   27.25
c rst  luby  svd  vmt   210   57K    2628   20K   920    4.11    4.02   198   332   25K   107   27.33   27.22
c rst  luby  svd  vmt   211   57K    2628   20K   920    4.11    4.02   198   337   26K   107   27.25   27.15
c rst  luby  svd  vmt   212   58K    2628   20K   920    4.11    4.02   199   339   26K   107   27.22   27.12
c rst  luby  svd  vmt   213   58K    2628   20K   920    4.11    4.02   199   340   26K   107   27.19   27.09
c rst  luby  svd  vmt   214   58K    2628   20K   920    4.11    4.02   200   342   26K   107   27.09   27.00
c rst  luby  svd  vmt   215   58K    2628   20K   920    4.11    4.02   201   346   26K   107   27.01   26.91
c rst  luby  svd  vmt   216   59K    2628   20K   920    4.11    4.02   203   357   27K   107   27.00   26.91
c rst  luby  svd  vmt   217   61K    2628   20K   920    4.11    4.02   277   484   25K   107   26.62   26.52
c [full-probe]  bin_only: 1 set: 0 repl: 0 T: 0.01 T-out: N T-r: 99.79%
c rst  geom best  vmt   218   61K    2628   20K   920    4.11    4.02   277   488   25K   109   26.58   26.48
c rst  geom best  vmt   219   61K    2628   20K   920    4.11    4.02   277   492   25K   109   26.56   26.46
c rst  geom best  vmt   220   61K    2628   20K   920    4.11    4.02   277   495   25K   109   26.50   26.40
c rst  geom best  vmt   221   61K    2628   20K   920    4.11    4.02   277   496   25K   109   26.43   26.33
c rst  geom best  vmt   222   61K    2628   20K   920    4.11    4.02   277   499   26K   109   26.36   26.27
c rst  geom best  vmt   223   61K    2628   20K   920    4.11    4.02   278   503   26K   109   26.39   26.29
c rst  geom best  vmt   224   62K    2628   20K   920    4.11    4.02   278   505   26K   109   26.34   26.25
c rst  geom best  vmt   225   62K    2628   20K   920    4.11    4.02   278   510   26K   109   26.32   26.22
c rst  geom best  vmt   226   62K    2628   20K   920    4.11    4.02   278   512   26K   109   26.21   26.12
c rst  geom best  vmt   227   62K    2628   20K   920    4.11    4.02   280   521   27K   109   26.10   26.00
c rst  geom best  vmt   228   63K    2628   20K   920    4.11    4.02   283   530   27K   109   25.95   25.86
c [branch] adjusting to: vsid (from: vmtf) var_decay:0.95 descr: VSIDS
c rst  geom best   vs   229   63K    2628   20K   920    4.11    4.02   283   544   27K   109   25.99   25.89
c rst  geom best   vs   230   63K    2628   20K   920    4.11    4.02   293   554   27K   109   26.06   25.97
c rst  geom best   vs   231   63K    2628   20K   920    4.11    4.02   295   570   27K   109   26.11   26.02
c rst  geom best   vs   232   63K    2628   20K   920    4.11    4.02   296   575   27K   109   26.17   26.08
c rst  geom best   vs   233   63K    2628   20K   920    4.11    4.02   301   586   28K   109   26.21   26.11
c rst  geom best   vs   234   64K    2628   20K   920    4.11    4.02   301   591   28K   109   26.29   26.20
c rst  geom best   vs   235   64K    2628   20K   920    4.11    4.02   305   597   28K   109   26.36   26.27
c rst  geom best   vs   236   64K    2628   20K   920    4.11    4.02   308   610   28K   109   26.44   26.35
c rst  geom best   vs   237   64K    2628   20K   920    4.11    4.02   310   619   28K   109   26.46   26.37
c rst  geom best   vs   238   64K    2628   20K   920    4.11    4.02   312   628   29K   109   26.53   26.44
c rst  geom best   vs   239   65K    2628   20K   920    4.11    4.02   312   634   29K   109   26.66   26.57
c rst  geom best   vs   240   65K    2628   20K   920    4.11    4.02   315   654   29K   109   26.67   26.58
c rst  geom best   vs   241   65K    2628   20K   920    4.11    4.02   315   673   29K   109   26.73   26.64
c rst  geom best   vs   242   66K    2628   20K   920    4.11    4.02   315   682   30K   109   26.80   26.72
c [distill-long-red0] cls tried: 119/119 T: 0.01 T-out: N T-r: 99.78%
c [distill-long-red1] cls tried: 65/633 T: 0.01 T-out: Y T-r: -4.57%
c rst  geom best   vs   243   66K    2628   20K   920    4.11    4.02   319   688   30K   109   26.85   26.76
c rst  geom best   vs   244   67K    2628   20K   920    4.11    4.02   319   689   31K   109   27.03   26.94
c rst  geom  stb   vs   245   67K    2628   20K   920    4.11    4.02   321   697   31K   109   27.25   27.17
c rst  geom  stb   vs   246   68K    2628   20K   920    4.11    4.02   325   704   32K   109   27.48   27.40
c rst  geom  stb   vs   247   68K    2628   20K   920    4.11    4.02   331   722   32K   109   27.70   27.62
c rst  geom  stb   vs   248   69K    2628   20K   920    4.11    4.02   332   738   33K   109   27.86   27.78
c rst  geom  stb   vs   249   70K    2628   20K   920    4.11    4.02   530   552   34K   109   27.99   27.91
c rst  geom  stb   vs   250   70K    2628   20K   920    4.11    4.02   531   558   34K   109   28.28   28.20
c rst  geom  stb   vs   251   71K    2628   20K   920    4.11    4.02   537   571   35K   109   28.56   28.49
c rst  geom  stb   vs   252   72K    2628   20K   920    4.11    4.02   539   591   36K   109   28.56   28.48
c rst  geom  stb   vs   253   73K    2628   20K   920    4.11    4.02   549   610   37K   109   28.81   28.73
c [distill-bin] useful: 4/920/920 lits-rem: 0 cl-rem: 4 0-depth-assigns: 0 T: 0.01 T-out: N
c rst  geom ibes   vs   254   74K    2628   20K   916    4.11    4.02   573   663   38K   109   29.06   28.99
c [branch] adjusting to: vmtf (from: vsid) var_decay:0.95 descr: VMTF
c rst  luby ibes  vmt   255   75K    2628   20K   916    4.11    4.02   599  1048   31K   109   27.91   27.82
c rst  luby ibes  vmt   256   75K    2628   20K   916    4.11    4.02   599  1054   31K   109   27.87   27.79
c rst  luby ibes  vmt   257   75K    2628   20K   916    4.11    4.02   601  1063   31K   109   27.85   27.77
c rst  luby ibes  vmt   258   75K    2628   20K   916    4.11    4.02   602  1065   31K   109   27.83   27.74
c rst  luby ibes  vmt   259   75K    2628   20K   916    4.11    4.02   602  1067   31K   109   27.81   27.73
c rst  luby ibes  vmt   260   75K    2628   20K   916    4.11    4.02   602  1069   31K   109   27.74   27.66
c rst  luby ibes  vmt   261   76K    2628   20K   916    4.11    4.02   604  1076   32K   109   27.54   27.46
c rst  luby ibes  vmt   262   76K    2628   20K   916    4.11    4.02   604  1081   32K   109   27.53   27.45
c rst  luby ibes  vmt   263   76K    2628   20K   916    4.11    4.02   604  1085   32K   109   27.50   27.42
c rst  luby ibes  vmt   264   76K    2628   20K   916    4.11    4.02   604  1089   32K   109   27.43   27.35
c rst  luby ibes  vmt   265   76K    2628   20K   916    4.11    4.02   604  1091   32K   109   27.39   27.31
c rst  luby ibes  vmt   266   76K    2628   20K   916    4.11    4.02   604  1091   32K   109   27.35   27.27
c rst  luby ibes  vmt   267   76K    2628   20K   916    4.11    4.02   604  1092   33K   109   27.28   27.20
c rst  luby ibes  vmt   268   77K    2628   20K   916    4.11    4.02   605  1095   33K   109   27.12   27.05
c [distill] watch-based irred--  cl tried     7545 cl-sh   157 cl-rem  167 lit-rem    162 T: 0.01 T-out: N
c [distill] watch-based   red--  cl tried     1210 cl-sh   148 cl-rem    0 lit-rem    360 T: 0.00 T-out: N
c rst  luby ibes  vmt   269   78K    2628   20K   928    4.10    4.01   606  1101   34K    97   26.88   26.81
c rst  luby ibes  vmt   270   78K    2628   20K   928    4.10    4.01   606  1101   34K    97   26.86   26.79
c rst  luby ibes  vmt   271   78K    2628   20K   928    4.10    4.01   606  1105   34K    97   26.82   26.75
c rst  luby ibes  vmt   272   78K    2628   20K   928    4.10    4.01   606  1107   34K    97   26.78   26.72
c rst  luby ibes  vmt   273   78K    2628   20K   928    4.10    4.01   606  1123   34K    97   26.77   26.70
c rst  luby ibes  vmt   274   78K    2628   20K   928    4.10    4.01   608  1127   34K    97   26.73   26.66
c rst  luby ibes  vmt   275   78K    2628   20K   928    4.10    4.01   608  1133   35K    97   26.66   26.59
c rst  luby ibes  vmt   276   79K    2628   20K   928    4.10    4.01   609  1140   35K    97   26.65   26.58
c rst  luby ibes  vmt   277   79K    2628   20K   928    4.10    4.01   609  1141   35K    97   26.63   26.57
c rst  luby ibes  vmt   278   79K    2628   20K   928    4.10    4.01   609  1141   35K    97   26.60   26.53
c rst  luby  svd  vmt   279   79K    2628   20K   928    4.10    4.01   609  1143   35K    97   26.57   26.51
c rst  luby  svd  vmt   280   79K    2628   20K   928    4.10    4.01   609  1145   36K    97   26.58   26.52
c rst  luby  svd  vmt   281   79K    2628   20K   928    4.10    4.01   609  1149   36K    97   26.56   26.50
c rst  luby  svd  vmt   282   80K    2628   20K   928    4.10    4.01   918   827   36K    97   26.55   26.49
c rst  luby  svd  vmt   283   80K    2628   20K   928    4.10    4.01   919   835   36K    97   26.51   26.44
c rst  luby  svd  vmt   284   81K    2628   20K   928    4.10    4.01   919   848   37K    97   26.45   26.39
c [distill-long-red0] cls tried: 607/607 T: 0.03 T-out: N T-r: 98.93%
c [distill-long-red1] cls tried: 46/747 T: 0.01 T-out: Y T-r: -2.90%
c [full-probe]  bin_only: 0 set: 0 repl: 0 T: 0.01 T-out: N T-r: 96.85%
c rst  luby  svd  vmt   285   83K    2628   20K   928    4.10    4.01   921   875   39K    99   26.25   26.19
c rst  luby  svd  vmt   286   83K    2628   20K   928    4.10    4.01   921   875   39K    99   26.24   26.18
c rst  luby  svd  vmt   287   83K    2628   20K   928    4.10    4.01   921   875   39K    99   26.23   26.17
c rst  luby  svd  vmt   288   83K    2628   20K   928    4.10    4.01   921   875   39K    99   26.17   26.12
c rst  luby  svd  vmt   289   83K    2628   20K   928    4.10    4.01   921   875   39K    99   26.17   26.12
c rst  luby  svd  vmt   290   83K    2628   20K   928    4.10    4.01   921   875   39K    99   26.14   26.09
c rst  luby  svd  vmt   291   83K    2628   20K   928    4.10    4.01   921   876   39K    99   26.08   26.02
c rst  luby  svd  vmt   292   84K    2628   20K   928    4.10    4.01   921   882   40K    99   25.97   25.91
c rst  luby  svd  vmt   293   84K    2628   20K   928    4.10    4.01   921   887   40K    99   25.97   25.91
c rst  luby  svd  vmt   294   84K    2628   20K   928    4.10    4.01   921   887   40K    99   25.95   25.89
c rst  luby  svd  vmt   295   84K    2628   20K   928    4.10    4.01   921   888   40K    99   25.91   25.86
c rst  luby  svd  vmt   296   84K    2628   20K   928    4.10    4.01   921   892   40K    99   25.91   25.86
c rst  luby  svd  vmt   297   84K    2628   20K   928    4.10    4.01   923   897   40K    99   25.91   25.85
c rst  luby  svd  vmt   298   85K    2628   20K   928    4.10    4.01   924   898   41K    99   25.85   25.79
c rst  luby  svd  vmt   299   85K    2628   20K   928    4.10    4.01   924   903   41K    99   25.77   25.71
c rst  luby  svd  vmt   300   86K    2628   20K   928    4.10    4.01   924   909   42K    99   25.64   25.59
c rst  geom best  vmt   301   86K    2628   20K   928    4.10    4.01   924   913   42K    99   25.65   25.60
c rst  geom best  vmt   302   86K    2628   20K   928    4.10    4.01   924   916   42K    99   25.63   25.58
c rst  geom best  vmt   303   86K    2628   20K   928    4.10    4.01   924   917   42K    99   25.60   25.55
c rst  geom best  vmt   304   86K    2628   20K   928    4.10    4.01   925   920   42K    99   25.60   25.55
c rst  geom best  vmt   305   86K    2628   20K   928    4.10    4.01   926   927   42K    99   25.59   25.54
c rst  geom best  vmt   306   87K    2628   20K   928    4.10    4.01   926   937   43K    99   25.55   25.50
c rst  geom best  vmt   307   87K    2628   20K   928    4.10    4.01   928   941   43K    99   25.53   25.48
c rst  geom best  vmt   308   87K    2628   20K   928    4.10    4.01   928   944   43K    99   25.49   25.44
c rst  geom best  vmt   309   87K    2628   20K   928    4.10    4.01   929   953   43K    99   25.46   25.40
c [branch] adjusting to: vsid (from: vmtf) var_decay:0.95 descr: VSIDS
c rst  geom best   vs   310   87K    2628   20K   928    4.10    4.01   931   963   43K    99   25.49   25.44
c rst  geom best   vs   311   87K    2628   20K   928    4.10    4.01   934   972   43K    99   25.52   25.47
c rst  geom best   vs   312   88K    2628   20K   928    4.10    4.01   939   987   44K    99   25.55   25.50
c rst  geom best   vs   313   88K    2628   20K   928    4.10    4.01   940   991   44K    99   25.60   25.55
c [ccnr] tries: 0 steps: 262143 best found: 16
c [ccnr] tries: 0 steps: 524287 best found: 14
c [ccnr] saving best assignment phase to stable_polar
c [ccnr] bumping based on var unsat frequency: conflict_ct
c [ccnr] Bumped vars: 2956 bump type: 6
c [ccnr] time: 0.54
c rst  geom best   vs   314   88K    2628   20K   928    4.10    4.01   942   999   44K    99   25.65   25.60
c rst  geom best   vs   315   88K    2628   20K   928    4.10    4.01   946  1012   44K    99   25.66   25.61
c rst  geom best   vs   316   88K    2628   20K   928    4.10    4.01   949  1022   44K    99   25.70   25.64
c rst  geom best   vs   317   88K    2628   20K   928    4.10    4.01   950  1034   44K    99   25.77   25.72
c rst  geom best   vs   318   89K    2628   20K   928    4.10    4.01   953  1039   45K    99   25.87   25.82
c rst  geom best   vs   319   89K    2628   20K   928    4.10    4.01   954  1049   45K    99   25.93   25.88
c rst  geom best   vs   320   89K    2628   20K   928    4.10    4.01   958  1065   45K    99   26.07   26.02
c rst  geom best   vs   321   90K    2628   20K   928    4.10    4.01  1328  1424   34K    99   25.89   25.82
c rst  geom best   vs   322   90K    2628   20K   928    4.10    4.01  1330  1437   34K    99   26.08   26.02
c rst  geom best   vs   323   90K    2628   20K   928    4.10    4.01  1335  1457   35K    99   26.25   26.18
c rst  geom best   vs   324   91K    2628   20K   928    4.10    4.01  1336  1473   35K    99   26.37   26.31
c rst  geom best   vs   325   91K    2628   20K   928    4.10    4.01  1338  1483   35K    99   26.58   26.51
c rst  geom best   vs   326   92K    2628   20K   928    4.10    4.01  1342  1508   36K    99   26.68   26.62
c rst  geom  stb   vs   327   92K    2628   20K   928    4.10    4.01  1344  1514   36K    99   27.00   26.94
c rst  geom  stb   vs   328   93K    2628   20K   928    4.10    4.01  1352  1540   37K    99   27.09   27.03
c rst  geom  stb   vs   329   93K    2628   20K   928    4.10    4.01  1359  1563   38K    99   27.14   27.08
c [distill-bin] useful: 1/928/928 lits-rem: 0 cl-rem: 1 0-depth-assigns: 0 T: 0.01 T-out: N
c rst  geom  stb   vs   330   94K    2628   20K   927    4.10    4.01  1366  1582   38K    99   27.25   27.19
c rst  geom  stb   vs   331   95K    2628   20K   927    4.10    4.01  1368  1600   39K    99   27.29   27.24
c rst  geom  stb   vs   332   96K    2628   20K   927    4.10    4.01  1374  1611   40K    99   27.30   27.24
c rst  geom  stb   vs   333   97K    2628   20K   927    4.10    4.01  1379  1620   41K    99   27.31   27.26
c [distill-long-red0] cls tried: 454/454 T: 0.04 T-out: N T-r: 98.72%
c [distill-long-red1] cls tried: 30/1481 T: 0.01 T-out: Y T-r: -0.94%
c rst  geom  stb   vs   334   98K    2628   20K   927    4.10    4.01  1382  1625   42K    99   27.47   27.41
c rst  geom ibes   vs   335   99K    2628   20K   927    4.10    4.01  1386  1635   43K    99   27.61   27.56
c rst  geom ibes   vs   336  100K    2628   20K   927    4.10    4.01  1533  1500   44K    99   27.60   27.54
c [impl-str] lit bin: 0 set-var: 0 T: 0.00 T-out: N T-r: 99.95% w-visit: 5912
c [impl-sub] bin: 5 T: 0.00 T-out: N w-visit: 5912
c rst  geom ibes   vs   337  102K    2628   20K   927    4.10    4.01  1535  1509   46K    94   27.58   27.54
c [branch] adjusting to: vmtf (from: vsid) var_decay:0.95 descr: VMTF
c [full-probe]  bin_only: 1 set: 0 repl: 0 T: 0.01 T-out: N T-r: 99.73%
c rst  luby ibes  vmt   338  102K    2628   20K   927    4.10    4.01  1547  1568   46K    96   27.56   27.51
c rst  luby ibes  vmt   339  102K    2628   20K   927    4.10    4.01  1547  1569   46K    96   27.53   27.48
c [distill] watch-based irred--  cl tried     7377 cl-sh     0 cl-rem    2 lit-rem      0 T: 0.01 T-out: N
c [distill] watch-based   red--  cl tried     3094 cl-sh   120 cl-rem    0 lit-rem    204 T: 0.01 T-out: N
c rst  luby ibes  vmt   340  102K    2628   20K   928    4.10    4.01  1547  1576   46K    95   27.52   27.48
c rst  luby ibes  vmt   341  102K    2628   20K   928    4.10    4.01  1547  1579   46K    95   27.52   27.47
c rst  luby ibes  vmt   342  102K    2628   20K   928    4.10    4.01  1547  1579   46K    95   27.52   27.47
c rst  luby ibes  vmt   343  102K    2628   20K   928    4.10    4.01  1548  1591   46K    95   27.47   27.42
c rst  luby ibes  vmt   344  103K    2628   20K   928    4.10    4.01  1548  1593   47K    95   27.34   27.30
c rst  luby ibes  vmt   345  103K    2628   20K   928    4.10    4.01  1548  1595   47K    95   27.32   27.27
c rst  luby ibes  vmt   346  103K    2628   20K   928    4.10    4.01  1548  1595   47K    95   27.30   27.25
c rst  luby ibes  vmt   347  103K    2628   20K   928    4.10    4.01  1548  1598   47K    95   27.23   27.19
c rst  luby ibes  vmt   348  103K    2628   20K   928    4.10    4.01  1548  1600   47K    95   27.23   27.18
c rst  luby ibes  vmt   349  104K    2628   20K   928    4.10    4.01  1549  1604   47K    95   27.20   27.16
c rst  luby ibes  vmt   350  104K    2628   20K   928    4.10    4.01  1549  1607   48K    95   27.16   27.11
c rst  luby ibes  vmt   351  104K    2628   20K   928    4.10    4.01  1550  1613   48K    95   27.05   27.00
c rst  luby  svd  vmt   352  105K    2628   20K   928    4.10    4.01  1799  1992   36K    95   27.14   27.08
c rst  luby  svd  vmt   353  105K    2628   20K   928    4.10    4.01  1799  1995   36K    95   27.13   27.07
c rst  luby  svd  vmt   354  105K    2628   20K   928    4.10    4.01  1799  1997   36K    95   27.12   27.06
c rst  luby  svd  vmt   355  105K    2628   20K   928    4.10    4.01  1800  2013   36K    95   27.11   27.06
c rst  luby  svd  vmt   356  105K    2628   20K   928    4.10    4.01  1800  2013   36K    95   27.11   27.05
c rst  luby  svd  vmt   357  106K    2628   20K   928    4.10    4.01  1801  2018   36K    95   27.11   27.05
c rst  luby  svd  vmt   358  106K    2628   20K   928    4.10    4.01  1805  2069   36K    95   27.10   27.04
c rst  luby  svd  vmt   359  106K    2628   20K   928    4.10    4.01  1805  2073   37K    95   27.13   27.07
c rst  luby  svd  vmt   360  106K    2628   20K   928    4.10    4.01  1805  2075   37K    95   27.11   27.05
c rst  luby  svd  vmt   361  106K    2628   20K   928    4.10    4.01  1805  2080   37K    95   27.11   27.05
c rst  luby  svd  vmt   362  107K    2628   20K   928    4.10    4.01  1805  2091   37K    95   27.19   27.13
c rst  luby  svd  vmt   363  107K    2628   20K   928    4.10    4.01  1807  2093   37K    95   27.16   27.10
c rst  luby  svd  vmt   364  107K    2628   20K   928    4.10    4.01  1809  2095   37K    95   27.14   27.08
c rst  luby  svd  vmt   365  107K    2628   20K   928    4.10    4.01  1809  2095   37K    95   27.11   27.05
c rst  luby  svd  vmt   366  107K    2628   20K   928    4.10    4.01  1809  2102   38K    95   27.00   26.95
c rst  luby  svd  vmt   367  108K    2628   20K   928    4.10    4.01  1809  2115   39K    95   26.85   26.80
c rst  luby  svd  vmt   368  110K    2628   20K   928    4.10    4.01  2243  1689   40K    95   26.50   26.45
c rst  luby  svd  vmt   369  110K    2628   20K   928    4.10    4.01  2243  1689   40K    95   26.49   26.44
c rst  luby  svd  vmt   370  110K    2628   20K   928    4.10    4.01  2243  1690   40K    95   26.49   26.43
c rst  luby  svd  vmt   371  110K    2628   20K   928    4.10    4.01  2243  1692   41K    95   26.50   26.45
c rst  luby  svd  vmt   372  110K    2628   20K   928    4.10    4.01  2243  1693   41K    95   26.49   26.44
c rst  geom best  vmt   373  110K    2628   20K   928    4.10    4.01  2244  1696   41K    95   26.46   26.41
c rst  geom best  vmt   374  110K    2628   20K   928    4.10    4.01  2244  1702   41K    95   26.47   26.42
c rst  geom best  vmt   375  111K    2628   20K   928    4.10    4.01  2244  1705   41K    95   26.45   26.40
c rst  geom best  vmt   376  111K    2628   20K   928    4.10    4.01  2244  1730   41K    95   26.42   26.37
c rst  geom best  vmt   377  111K    2628   20K   928    4.10    4.01  2245  1741   41K    95   26.42   26.37
c rst  geom best  vmt   378  111K    2628   20K   928    4.10    4.01  2246  1753   42K    95   26.39   26.34
c rst  geom best  vmt   379  111K    2628   20K   928    4.10    4.01  2246  1761   42K    95   26.35   26.30
c rst  geom best  vmt   380  112K    2628   20K   928    4.10    4.01  2246  1767   42K    95   26.30   26.25
c rst  geom best  vmt   381  112K    2628   20K   928    4.10    4.01  2246  1770   42K    95   26.25   26.20
c rst  geom best  vmt   382  112K    2628   20K   928    4.10    4.01  2247  1772   42K    95   26.20   26.15
c [distill-long-red0] cls tried: 931/931 T: 0.11 T-out: N T-r: 96.74%
c [distill-long-red1] cls tried: 21/1610 T: 0.01 T-out: Y T-r: -9.20%
c rst  geom best  vmt   383  112K    2628   20K   928    4.10    4.01  2246  1775   43K    96   26.12   26.07
c rst  geom best  vmt   384  113K    2628   20K   928    4.10    4.01  2246  1776   43K    96   26.13   26.08
c rst  geom best  vmt   385  113K    2628   20K   928    4.10    4.01  2246  1786   43K    96   26.06   26.01
c rst  geom best  vmt   386  113K    2628   20K   928    4.10    4.01  2246  1793   44K    96   25.95   25.90
c rst  geom best  vmt   387  114K    2628   20K   928    4.10    4.01  2247  1799   44K    96   25.83   25.79
c [distill-bin] useful: 1/928/928 lits-rem: 0 cl-rem: 1 0-depth-assigns: 0 T: 0.01 T-out: N
c rst  geom best  vmt   388  114K    2628   20K   927    4.10    4.01  2248  1804   45K    96   25.73   25.69
c rst  geom best  vmt   389  115K    2628   20K   927    4.10    4.01  2248  1815   45K    96   25.65   25.60
c rst  geom best  vmt   390  115K    2628   20K   927    4.10    4.01  2248  1823   46K    96   25.58   25.53
c [gauss] XOR-encoding clauses are not detached, so no need to reattach them.
c [g 0] truth-find prop checks  : 45K
c [g 0] -> of which prop        : 17.63 %
c [g 0] -> of which confl       :  0.85 %
c [g 0] elim called             : 9170
c [g 0] ---> which lead to prop : 24.12 %
c [g 0] ---> which lead to confl:  1.49 %
c [g 0] size: 59    x 468  
c [scc] new: 1 BP 0M T: 0.00
c [vrep] vars 1 lits 50 rem-bin-cls 6 rem-long-cls 0 BP 0M T: 0.01
c [scc] new: 0 BP 0M T: 0.00
c [vrep] vars 0 lits 0 rem-bin-cls 0 rem-long-cls 0 BP 0M T: 0.01
c [intree] Set 0 vars hyper-added: 39 trans-irred: 0 trans-red: 3 T: 0.01 T-out: N T-r: -3.39%
c [find&init matx] performing matrix init
c [gauss] XOR-encoding clauses are not detached, so no need to reattach them.
c [xor-rem-unconnected] left with 2027 xors from 2031 non-empty xors T: 0.00
c [xor-together] xored together: 1968 orig xors: 2027 new xors: 59 T: 0.00
c [xor-rem-unconnected] left with 59 xors from 59 non-empty xors T: 0.00
c [xor-clean-equiv] removed equivalent xors: 1 left with: 58
c [matrix] unused xors from cleaning: 4
c [matrix] Good   matrix 0 58      x467    density:0.1545  xorlen avg: 72.16
c [matrix] Using 1 matrices recovered from 0 xors T: 0.00 T-out: N
c rst  geom best vmt  391   116 K 2627      20K   925 4.10    4.01     2248  1827   46K   130 25.45   25.39  
c [g  <0] Disabling GJ-elim in this round.  Usefulness was: 18.0736%  over 71336 calls
c rst  geom best vmt  392   116 K 2627      20K   925 4.10    4.01     2248  1836   47K   130 25.41   25.35  
c rst  geom stb  vmt  393   117 K 2627      20K   925 4.10    4.01     2250  1847   48K   130 25.25   25.19  
c [branch] adjusting to: vsid (from: vmtf) var_decay:0.95 descr: VSIDS
c rst  geom stb  vs   394   117 K 2627      20K   925 4.10    4.01     2250  1848   48K   130 25.29   25.23  
c rst  geom stb  vs   395   117 K 2627      20K   925 4.10    4.01     2250  1848   48K   130 25.35   25.29  
c rst  geom stb  vs   396   118 K 2627      20K   925 4.10    4.01     2250  1851   48K   130 25.39   25.33  
c rst  geom stb  vs   397   118 K 2627      20K   925 4.10    4.01     2253  1852   48K   131 25.42   25.37  
c rst  geom stb  vs   398   118 K 2627      20K   925 4.10    4.01     2254  1853   48K   131 25.45   25.39  
c rst  geom stb  vs   399   118 K 2627      20K   925 4.10    4.01     2255  1853   48K   131 25.49   25.43  
c rst  geom stb  vs   400   118 K 2627      20K   925 4.10    4.01     2256  1853   49K   131 25.56   25.50  
c rst  geom stb  vs   401   118 K 2627      20K   925 4.10    4.01     2256  1855   49K   131 25.60   25.54  
c rst  geom stb  vs   402   119 K 2627      20K   925 4.10    4.01     2256  1859   49K   131 25.66   25.60  
c rst  geom stb  vs   403   119 K 2627      20K   925 4.10    4.01     2259  1862   49K   131 25.73   25.67  
c rst  geom stb  vs   404   119 K 2627      20K   925 4.10    4.01     2259  1865   50K   131 25.76   25.71  
c rst  geom stb  vs   405   120 K 2627      20K   925 4.10    4.01     2589  2405   36K   131 24.45   24.37  
c rst  geom stb  vs   406   120 K 2627      20K   925 4.10    4.01     2593  2413   36K   131 24.59   24.52  
c rst  geom stb  vs   407   120 K 2627      20K   925 4.10    4.01     2593  2415   37K   131 24.72   24.65  
c rst  geom stb  vs   408   121 K 2627      20K   925 4.10    4.01     2594  2422   37K   131 24.83   24.76  
c rst  geom stb  vs   409   121 K 2627      20K   925 4.10    4.01     2596  2431   37K   131 24.92   24.85  
c rst  geom stb  vs   410   122 K 2627      20K   925 4.10    4.01     2597  2442   38K   131 25.07   25.00  
c rst  geom stb  vs   411   122 K 2627      20K   925 4.10    4.01     2599  2446   38K   131 25.21   25.14  
c [full-probe]  bin_only: 0 set: 0 repl: 0 T: 0.01 T-out: N T-r: 96.15%
c rst  geom stb  vs   412   123 K 2627      20K   925 4.10    4.01     2601  2456   39K   131 25.42   25.35  
c rst  geom ibes vs   413   123 K 2627      20K   925 4.10    4.01     2601  2467   40K   131 25.54   25.47  
c rst  geom ibes vs   414   124 K 2627      20K   925 4.10    4.01     2602  2473   40K   131 25.69   25.62  
c rst  geom ibes vs   415   125 K 2627      20K   925 4.10    4.01     2607  2477   41K   131 25.88   25.81  
c rst  geom ibes vs   416   126 K 2627      20K   925 4.10    4.01     2609  2481   42K   131 25.99   25.92  
c rst  geom ibes vs   417   127 K 2627      20K   925 4.10    4.01     2611  2486   43K   131 26.09   26.03  
c rst  geom ibes vs   418   128 K 2627      20K   925 4.10    4.01     2614  2488   44K   131 26.19   26.13  
c [distill-long-red0] cls tried: 359/359 T: 0.05 T-out: N T-r: 98.37%
c [distill-long-red1] cls tried: 27/2317 T: 0.01 T-out: Y T-r: -5.84%
c [distill] watch-based irred--  cl tried 7368     cl-sh 1     cl-rem 6    lit-rem 1      T: 0.01 T-out: N
c [distill] watch-based red  --  cl tried 5225     cl-sh 46    cl-rem 3    lit-rem 91     T: 0.01 T-out: N
c rst  geom ibes vs   419   129 K 2627      20K   926 4.10    4.01     2611  2491   45K   130 26.21   26.15  
c rst  geom ibes vs   420   130 K 2627      20K   926 4.10    4.01     2666  2389   46K   130 26.30   26.24  
c rst  geom svd  vs   421   132 K 2627      20K   926 4.10    4.01     2671  2404   48K   130 26.36   26.31  
c rst  geom svd  vs   422   133 K 2627      20K   926 4.10    4.01     2672  2415   49K   130 26.37   26.32  
c [ccnr] tries: 0 steps: 262143 best found: 16
c [ccnr] tries: 0 steps: 524287 best found: 10
c [ccnr] tries: 0 steps: 786431 best found: 10
c [ccnr] saving best assignment phase to stable_polar
c [ccnr] bumping based on var unsat frequency: conflict_ct
c [ccnr] Bumped vars: 2956 bump type: 6
c [ccnr] time: 0.55
c rst  geom svd  vs   423   134 K 2627      20K   926 4.10    4.01     2672  2423   50K   130 26.31   26.26  
c recursive minimization cost OK: 386Kcost/(% lits removed)
c [gauss] XOR-encoding clauses are not detached, so no need to reattach them.
c [g 0] truth-find prop checks  : 52K
c [g 0] -> of which prop        : 14.91 %
c [g 0] -> of which confl       :  0.84 %
c [g 0] elim called             : 12540
c [g 0] ---> which lead to prop : 34.59 %
c [g 0] ---> which lead to confl:  2.03 %
c [g 0] size: 58    x 467  
c --> Executing strategy token: scc-vrepl
c [scc] new: 0 BP 0M T: 0.00
c --> Executing strategy token: sub-impl
c [impl-sub] bin: 1 T: 0.00 T-out: N w-visit: 5912
c --> Executing strategy token: breakid
c --> Executing OCC strategy token(s): 'occ-backw-sub-str,occ-clean-implicit,occ-bve,occ-bva,occ-ternary-res,occ-xor,'
c [occ] mem usage for occur 1      MB
c [occ] Linked in IRRED BIN by default: 926
c [occ] Linked in RED   BIN by default: 129
c [occ] mem usage for occur 0      MB
c Mem for watch alloc      : 7           MB (21.71     %)
c Mem for watch array      : 0           MB (0.37      %)
c --> Executing OCC strategy token: occ-backw-sub-str
c [occ-backw-sub-str-long-w-bins] subs: 0 str: 29 tried: 5364 0-depth ass: 0 T: 0.00 T-out: N T-r: 99.59%
c [occ-backw-sub-long-w-long] rem cl: 798 tried: 75784/75784 (100.0%) T: 0.02 T-out: N T-r: 88.62%
c [occ-backw-sub-str-long-w-long] sub: 8 str: 141 tried: 227352/75784 (300.0)  T: 0.11 T-out: N T-r: 78.62%
c --> Executing OCC strategy token: occ-clean-implicit
c --> Executing OCC strategy token: occ-bve
c [occ-empty-res] Empty resolvent elimed: 0 T: 0.00 T-out: N
c [occ-bve] iter v-elim 0
c cl_inc_rate=1.0, var_dec_rate=1.0 (grow=0)
c Reduced to 2627 vars, 20514 cls (grow=0)
c [occ-bve] iter v-elim 7
c cl_inc_rate=1.0, var_dec_rate=1.0 (grow=8)
c Reduced to 2620 vars, 20510 cls (grow=8)
c [occ-bve] iter v-elim 1022
c cl_inc_rate=1.8, var_dec_rate=1.6 (grow=16)
c Reduced to 1598 vars, 36640 cls (grow=16)
c x n vars       : 1598
c #try to eliminate:  9447
c #var-elim        :  1029
c #T-o: N
c #T-r: 99.81%
c #T  : 0.47
c [occur] 0.04 is overhead
c [occur] link-in T: 0.04 cleanup T: 0.00
c --> Executing OCC strategy token: occ-bva
c --> Executing OCC strategy token: occ-ternary-res
c [occ-ternary-res] Ternary res-tri: 22 res-bin: 0 sub: 4 str: 2 T: 0.00 T-out: N T-r: 99.51%
c --> Executing OCC strategy token: occ-xor
c [occ-xor] sort occur list T: 0.00
c [xor-clean-equiv] removed equivalent xors: 0 left with: 1026
c [occ-xor] found   1026 avg sz 5.9 min sz  4 max sz  6 T: 0.01 T-out: N T-r: 99.97%
c --> Executing strategy token: card-find
c --> Executing strategy token: cl-consolidate
c [mem] consolidate  old-sz: 10051K new-sz: 5387K new bits offs: 20 T: 0.00
c --> Executing strategy token: scc-vrepl
c [scc] new: 0 BP 0M T: 0.00
c --> Executing strategy token: renumber
c [gauss] XOR-encoding clauses are not detached, so no need to reattach them.
c [renumber] T: 0.00
c --> Executing strategy token: bosphorus
c --> Executing strategy token: louvain-comms
c [consolidate] mini T: 0.00
c global_timeout_multiplier: 3.6300
c [branch] rebuilding order heap for all branchings. Current branching: vsid
c [find&init matx] performing matrix init
c [gauss] XOR-encoding clauses are not detached, so no need to reattach them.
c [xor-rem-unconnected] left with 1025 xors from 1026 non-empty xors T: 0.00
c [xor-together] xored together: 964 orig xors: 1025 new xors: 61 T: 0.00
c [xor-rem-unconnected] left with 61 xors from 61 non-empty xors T: 0.00
c [xor-clean-equiv] removed equivalent xors: 0 left with: 61
c [matrix] unused xors from cleaning: 1
c [matrix] Good   matrix  0     61 x  476  density:0.1432  xorlen avg: 68.15
c [matrix] Using 1 matrices recovered from 0 xors T: 0.00 T-out: N
c [distill-bin] useful: 4/821/821 lits-rem: 0 cl-rem: 4 0-depth-assigns: 0 T: 0.01 T-out: N
c rst  geom  svd   vs   424  135K    1598   35K   817    5.84    5.76  1070  1720   22K   109   18.51   18.44
c [branch] adjusting to: vmtf (from: vsid) var_decay:0.95 descr: VMTF
c rst  luby  svd  vmt   425  135K    1598   35K   817    5.84    5.76  1091  1755   22K   109   18.52   18.44
c rst  luby  svd  vmt   426  135K    1598   35K   817    5.84    5.76  1092  1756   22K   109   18.58   18.51
c rst  luby  svd  vmt   427  135K    1598   35K   817    5.84    5.76  1092  1758   22K   109   18.59   18.52
c rst  luby  svd  vmt   428  135K    1598   35K   817    5.84    5.76  1092  1762   22K   109   18.59   18.52
c rst  luby  svd  vmt   429  135K    1598   35K   817    5.84    5.76  1093  1762   22K   109   18.59   18.52
c rst  luby  svd  vmt   430  136K    1598   35K   817    5.84    5.76  1093  1765   23K   109   18.59   18.52
c rst  luby  svd  vmt   431  136K    1598   35K   817    5.84    5.76  1095  1774   23K   109   18.57   18.51
c rst  luby  svd  vmt   432  136K    1598   35K   817    5.84    5.76  1095  1775   23K   109   18.59   18.52
c rst  luby  svd  vmt   433  136K    1598   35K   817    5.84    5.76  1095  1775   23K   109   18.60   18.53
c rst  luby  svd  vmt   434  136K    1598   35K   817    5.84    5.76  1095  1778   23K   109   18.65   18.58
c rst  luby  svd  vmt   435  137K    1598   35K   817    5.84    5.76  1095  1788   23K   109   18.69   18.62
c rst  luby  svd  vmt   436  137K    1598   35K   817    5.84    5.76  1095  1789   24K   109   18.68   18.62
c rst  geom best  vmt   437  137K    1598   35K   817    5.84    5.76  1095  1790   24K   109   18.73   18.66
c rst  geom best  vmt   438  137K    1598   35K   817    5.84    5.76  1095  1790   24K   109   18.84   18.78
c rst  geom best  vmt   439  137K    1598   35K   817    5.84    5.76  1100  1841   24K   109   18.84   18.77
c rst  geom best  vmt   440  137K    1598   35K   817    5.84    5.76  1100  1843   24K   109   18.85   18.78
c rst  geom best  vmt   441  137K    1598   35K   817    5.84    5.76  1100  1844   24K   109   18.87   18.81
c rst  geom best  vmt   442  138K    1598   35K   817    5.84    5.76  1100  1845   24K   109   18.87   18.81
c rst  geom best  vmt   443  138K    1598   35K   817    5.84    5.76  1100  1850   24K   109   18.87   18.81
c rst  geom best  vmt   444  138K    1598   35K   817    5.84    5.76  1101  1852   25K   109   18.87   18.80
c rst  geom best  vmt   445  138K    1598   35K   817    5.84    5.76  1101  1856   25K   109   18.91   18.85
c rst  geom best  vmt   446  138K    1598   35K   817    5.84    5.76  1101  1864   25K   109   18.92   18.85
c rst  geom best  vmt   447  139K    1598   35K   817    5.84    5.76  1101  1867   25K   109   18.95   18.89
c rst  geom best  vmt   448  139K    1598   35K   817    5.84    5.76  1101  1871   26K   109   18.96   18.90
c rst  geom best  vmt   449  139K    1598   35K   817    5.84    5.76  1102  1873   26K   109   18.97   18.91
c rst  geom best  vmt   450  140K    1598   35K   817    5.84    5.76  1246  1695   27K   109   19.06   19.00
c rst  geom best  vmt   451  140K    1598   35K   817    5.84    5.76  1249  1707   27K   109   19.05   18.99
c rst  geom best  vmt   452  141K    1598   35K   817    5.84    5.76  1249  1714   27K   109   19.06   19.00
c rst  geom best  vmt   453  141K    1598   35K   817    5.84    5.76  1250  1729   28K   109   19.07   19.01
c rst  geom best  vmt   454  142K    1598   35K   817    5.84    5.76  1250  1740   28K   109   19.12   19.06
c rst  geom best  vmt   455  142K    1598   35K   817    5.84    5.76  1251  1749   29K   109   19.14   19.09
c [full-probe]  bin_only: 1 set: 0 repl: 0 T: 0.01 T-out: N T-r: 99.67%
c rst  geom best  vmt   456  143K    1598   35K   817    5.84    5.76  1251  1758   30K   109   19.03   18.97
c [distill-long-red0] cls tried: 224/224 T: 0.04 T-out: N T-r: 98.81%
c [distill-long-red1] cls tried: 28/1608 T: 0.01 T-out: Y T-r: -8.04%
c rst  geom best  vmt   457  144K    1598   35K   817    5.84    5.76  1251  1771   30K   109   18.95   18.89
c rst  geom  stb  vmt   458  144K    1598   35K   817    5.84    5.76  1251  1779   31K   109   18.78   18.73
c rst  geom  stb  vmt   459  145K    1598   35K   817    5.84    5.76  1252  1788   32K   109   18.70   18.65
c rst  geom  stb  vmt   460  146K    1598   35K   817    5.84    5.76  1252  1795   33K   109   18.74   18.69
c rst  geom  stb  vmt   461  147K    1598   35K   817    5.84    5.76  1252  1820   34K   109   18.94   18.90
c rst  geom  stb  vmt   462  148K    1598   35K   817    5.84    5.76  1254  1840   35K   109   19.23   19.18
c rst  geom  stb  vmt   463  150K    1598   35K   817    5.84    5.76  1504  2365   30K   109   20.02   19.96
c rst  geom  stb  vmt   464  151K    1598   35K   817    5.84    5.76  1507  2377   31K   109   19.96   19.91
c rst  geom ibes  vmt   465  153K    1598   35K   817    5.84    5.76  1507  2389   33K   109   19.73   19.68
c rst  geom ibes  vmt   466  154K    1598   35K   817    5.84    5.76  1508  2442   35K   109   19.63   19.58
c [branch] adjusting to: vsid (from: vmtf) var_decay:0.95 descr: VSIDS
c [distill-bin] useful: 0/817/817 lits-rem: 0 cl-rem: 0 0-depth-assigns: 0 T: 0.01 T-out: N
c [distill] watch-based irred--  cl tried     7714 cl-sh     4 cl-rem    2 lit-rem      4 T: 0.02 T-out: N
c [distill] watch-based   red--  cl tried     3016 cl-sh    26 cl-rem    0 lit-rem     40 T: 0.01 T-out: N
c rst  geom ibes   vs   467  155K    1598   35K   817    5.84    5.76  1508  2442   35K   109   19.69   19.64
c rst  geom ibes   vs   468  155K    1598   35K   817    5.84    5.76  1508  2443   35K   109   19.74   19.69
c rst  geom ibes   vs   469  155K    1598   35K   817    5.84    5.76  1508  2443   35K   109   19.84   19.79
c rst  geom ibes   vs   470  155K    1598   35K   817    5.84    5.76  1508  2443   35K   109   19.86   19.81
c rst  geom ibes   vs   471  155K    1598   35K   817    5.84    5.76  1508  2444   35K   109   19.87   19.82
c rst  geom ibes   vs   472  155K    1598   35K   817    5.84    5.76  1508  2444   36K   109   19.87   19.83
c rst  geom ibes   vs   473  155K    1598   35K   817    5.84    5.76  1508  2444   36K   109   19.87   19.82
c rst  geom ibes   vs   474  156K    1598   35K   817    5.84    5.76  1508  2445   36K   109   19.87   19.83
c rst  geom ibes   vs   475  156K    1598   35K   817    5.84    5.76  1508  2445   36K   109   19.87   19.82
c rst  geom ibes   vs   476  156K    1598   35K   817    5.84    5.76  1508  2445   36K   109   19.85   19.81
c rst  geom ibes   vs   477  156K    1598   35K   817    5.84    5.76  1508  2445   37K   109   19.86   19.81
c rst  geom ibes   vs   478  157K    1598   35K   817    5.84    5.76  1508  2445   37K   109   19.88   19.83
c rst  geom ibes   vs   479  157K    1598   35K   817    5.84    5.76  1508  2445   37K   109   19.86   19.81
c rst  geom ibes   vs   480  157K    1598   35K   817    5.84    5.76  1508  2445   38K   109   19.85   19.80
c rst  geom ibes   vs   481  158K    1598   35K   817    5.84    5.76  1508  2445   38K   109   20.05   20.00
c rst  geom  svd   vs   482  158K    1598   35K   817    5.84    5.76  1508  2445   39K   109   20.30   20.25
c [distill-long-red0] cls tried: 263/263 T: 0.05 T-out: N T-r: 98.30%
c [distill-long-red1] cls tried: 29/2285 T: 0.01 T-out: Y T-r: -17.28%
c rst  geom  svd   vs   483  159K    1598   35K   817    5.84    5.76  1509  2445   39K   109   20.52   20.47
c rst  geom  svd   vs   484  159K    1598   35K   817    5.84    5.76  1511  2445   40K   109   20.62   20.58
c rst  geom  svd   vs   485  160K    1598   35K   817    5.84    5.76  1576  2320   40K   109   20.85   20.80
c rst  geom  svd   vs   486  161K    1598   35K   817    5.84    5.76  1576  2320   41K   109   20.92   20.88
c [impl-str] lit bin: 0 set-var: 0 T: 0.00 T-out: N T-r: 99.95% w-visit: 3196
c [impl-sub] bin: 0 T: 0.00 T-out: N w-visit: 3196
c rst  geom  svd   vs   487  161K    1598   35K   817    5.84    5.76  1576  2320   42K   109   21.15   21.10
c rst  geom  svd   vs   488  162K    1598   35K   817    5.84    5.76  1577  2320   42K   109   21.43   21.39
c rst  geom  svd   vs   489  163K    1598   35K   817    5.84    5.76  1577  2320   43K   109   21.54   21.50
c [full-probe]  bin_only: 0 set: 0 repl: 0 T: 0.01 T-out: N T-r: 96.92%
c rst  geom  svd   vs   490  164K    1598   35K   817    5.84    5.76  1577  2321   44K   109   21.61   21.57
c rst  geom  svd   vs   491  165K    1598   35K   817    5.84    5.76  1583  2656   34K   109   22.07   22.01
c rst  geom best   vs   492  166K    1598   35K   817    5.84    5.76  1583  2658   35K   109   22.08   22.02
c rst  geom best   vs   493  167K    1598   35K   817    5.84    5.76  1584  2658   36K   109   22.79   22.73
c rst  geom best   vs   494  169K    1598   35K   817    5.84    5.76  1585  2660   38K   109   22.66   22.61
c rst  geom best   vs   495  170K    1598   35K   817    5.84    5.76  1587  2648   39K   109   22.84   22.79
c rst  geom best   vs   496  172K    1598   35K   817    5.84    5.76  1587  2649   41K   109   23.06   23.01
c rst  geom  stb   vs   497  174K    1598   35K   817    5.84    5.76  1588  2655   43K   109   24.36   24.31
c [distill-long-red0] cls tried: 80/80 T: 0.01 T-out: N T-r: 99.67%
c [distill-long-red1] cls tried: 28/2472 T: 0.01 T-out: Y T-r: -14.23%
c rst  geom  stb   vs   498  176K    1598   35K   817    5.84    5.76  1588  2656   45K   109   25.16   25.11
c [branch] adjusting to: vmtf (from: vsid) var_decay:0.95 descr: VMTF
c [distill-bin] useful: 0/817/817 lits-rem: 0 cl-rem: 0 0-depth-assigns: 0 T: 0.01 T-out: N
c rst  luby  stb  vmt   499  176K    1598   35K   817    5.84    5.76  1588  2663   45K   109   25.15   25.10
c rst  luby  stb  vmt   500  176K    1598   35K   817    5.84    5.76  1588  2664   45K   109   25.16   25.11
c rst  luby  stb  vmt   501  176K    1598   35K   817    5.84    5.76  1589  2666   45K   109   25.15   25.10
c rst  luby  stb  vmt   502  177K    1598   35K   817    5.84    5.76  1589  2672   45K   109   25.16   25.11
c rst  luby  stb  vmt   503  177K    1598   35K   817    5.84    5.76  1589  2672   46K   109   25.17   25.12
c rst  luby  stb  vmt   504  177K    1598   35K   817    5.84    5.76  1591  2678   46K   109   25.15   25.10
c rst  luby  stb  vmt   505  177K    1598   35K   817    5.84    5.76  1591  2685   46K   109   25.12   25.07
c [ccnr] saving best assignment phase to stable_polar
c [ccnr] bumping based on clause weights
c [ccnr] Bumped vars: 103 bump type: 6
c [ccnr] time: 0.38
c rst  luby  stb  vmt   506  177K    1598   35K   817    5.84    5.76  1591  2687   46K   109   25.11   25.06
c rst  luby  stb  vmt   507  177K    1598   35K   817    5.84    5.76  1591  2688   46K   109   25.09   25.04
c rst  luby  stb  vmt   508  178K    1598   35K   817    5.84    5.76  1591  2692   47K   109   25.04   24.99
c rst  luby  stb  vmt   509  178K    1598   35K   817    5.84    5.76  1591  2692   47K   109   25.02   24.97
c rst  luby  stb  vmt   510  178K    1598   35K   817    5.84    5.76  1591  2692   47K   109   25.00   24.95
c rst  luby  stb  vmt   511  178K    1598   35K   817    5.84    5.76  1591  2696   47K   109   24.99   24.94
c rst  luby  stb  vmt   512  178K    1598   35K   817    5.84    5.76  1592  2704   47K   109   24.99   24.95
c rst  luby  stb  vmt   513  179K    1598   35K   817    5.84    5.76  1592  2714   48K   109   24.84   24.79
c rst  luby ibes  vmt   514  179K    1598   35K   817    5.84    5.76  1592  2715   48K   109   24.82   24.77
c rst  luby ibes  vmt   515  179K    1598   35K   817    5.84    5.76  1592  2721   48K   109   24.80   24.75
c [distill] watch-based irred--  cl tried     7712 cl-sh     0 cl-rem    0 lit-rem      0 T: 0.01 T-out: N
c [distill] watch-based   red--  cl tried     3184 cl-sh     1 cl-rem    0 lit-rem      2 T: 0.01 T-out: N
c rst  luby ibes  vmt   516  180K    1598   35K   817    5.84    5.76  1683  2641   33K   109   26.29   26.22
c rst  luby ibes  vmt   517  180K    1598   35K   817    5.84    5.76  1683  2642   33K   109   26.25   26.18
c rst  luby ibes  vmt   518  180K    1598   35K   817    5.84    5.76  1683  2646   33K   109   26.21   26.14
c rst  luby ibes  vmt   519  180K    1598   35K   817    5.84    5.76  1683  2650   33K   109   26.17   26.10
c rst  luby ibes  vmt   520  180K    1598   35K   817    5.84    5.76  1685  2662   33K   109   26.06   25.99
c [gauss] XOR-encoding clauses are not detached, so no need to reattach them.
c [g 0] truth-find prop checks  : 1794K
c [g 0] -> of which prop        : 34.75 %
c [g 0] -> of which confl       :  1.31 %
c [g 0] elim called             : 237K
c [g 0] ---> which lead to prop : 37.99 %
c [g 0] ---> which lead to confl:  1.34 %
c [g 0] size: 61    x 476  
c [scc] new: 0 BP 0M T: 0.00
c [vrep] vars 0 lits 0 rem-bin-cls 0 rem-long-cls 0 BP 0M T: 0.00
c [intree] Set 0 vars hyper-added: 14 trans-irred: 0 trans-red: 2 T: 0.01 T-out: N T-r: -1.92%
c [find&init matx] performing matrix init
c [gauss] XOR-encoding clauses are not detached, so no need to reattach them.
c [xor-rem-unconnected] left with 1025 xors from 1026 non-empty xors T: 0.00
c [xor-together] xored together: 964 orig xors: 1025 new xors: 61 T: 0.00
c [xor-rem-unconnected] left with 61 xors from 61 non-empty xors T: 0.00
c [xor-clean-equiv] removed equivalent xors: 0 left with: 61
c [matrix] unused xors from cleaning: 1
c [matrix] Good   matrix 0 61      x476    density:0.1432  xorlen avg: 68.15
c [matrix] Using 1 matrices recovered from 0 xors T: 0.00 T-out: N
c rst  luby ibes vmt  521   181 K 1598      35K   817 5.84    5.76     1685  2662   34K   121 26.03   25.95  
c rst  luby ibes vmt  522   181 K 1598      35K   817 5.84    5.76     1685  2666   34K   121 26.00   25.93  
c rst  luby ibes vmt  523   181 K 1598      35K   817 5.84    5.76     1685  2668   34K   121 25.92   25.85  
c rst  luby ibes vmt  524   181 K 1598      35K   817 5.84    5.76     1685  2673   34K   121 25.89   25.81  
c rst  luby ibes vmt  525   181 K 1598      35K   817 5.84    5.76     1685  2678   34K   121 25.89   25.81  
c rst  luby ibes vmt  526   181 K 1598      35K   817 5.84    5.76     1686  2679   34K   121 25.83   25.75  
c rst  luby ibes vmt  527   181 K 1598      35K   817 5.84    5.76     1686  2683   34K   121 25.79   25.71  
c ------- FINAL TOTAL SEARCH STATS ---------
c UIP search time          : 28.54       (96.73     % time)
c All times are for this thread only except if explicitly specified
c restarts                 : 527         (345.17    confls per restart)
c blocked restarts         : 0           (0.00      per normal restart)
c time                     : 28.54       
c decisions                : 200960      (0.00      % random)
c propagations             : 15390K      (539K      props/s)
c decisions/conflicts      : 1.10        
c conflicts                : 181907      
c LEARNT stats
c units learnt             : 0           (0.00      % of conflicts)
c bins learnt              : 75          (0.04      % of conflicts)
c long learnt              : 182474      (100.31    % of conflicts)
c red which0               : 657         (0.36      % of confl)
c SEAMLESS HYPERBIN&TRANS-RED stats
c advProp called           : 0           
c hyper-bin add bin        : 0           (0.00      bin/call)
c trans-red rem irred bin  : 0           (0.00      bin/call)
c trans-red rem red bin    : 0           (0.00      bin/call)
c CONFL LITS stats
c orig                     : 32637737    (179.42    lit/confl)
c recurs-min effective     : 170040      (93.48     % attempt successful)
c recurs-min lits          : 26622262    (81.57     % less overall)
c permDiff call%           : 2.15        (0.00      % attempt successful)
c permDiff lits-rem        : 0           (0.00      less lits/cl on attempts)
c further-min call%        : 0.02        (32.50     % attempt successful)
c bintri-min lits          : 32          (0.00      % less overall)
c final avg                : 33.07       
c all-threads sum CPU time : 28.54        s
c PROP stats
c Mbogo-props              : 54.45       (1.91      / sec)
c MHyper-props             : 0.05        (0.00      / sec)
c Mprops                   : 15.39       (0.54      / sec)
c -------- OccSimplifier STATS ----------
c time                     : 0.40        (0.00      % var-elim)
c called                   : 2           (0.20      s per call)
c 0-depth assigns          : 0           (0.00      % vars)
c -------- OccSimplifier STATS END ----------
c -------- SubsumeStrengthen STATS ----------
c cl-subs                  : 967          Clauses
c cl-str rem lit           : 321          Lits
c cl-sub T                 : 0.05         s
c cl-str T                 : 0.24         s
c -------- SubsumeStrengthen STATS END ----------
c ----- SCC STATS --------
c time                     : 0.01        (0.00      per call)
c called                   : 9           (1.33      new found per call)
c found                    : 12          (50.00     % of all found)
c bogoprops                : 330574      % of all found
c ----- SCC STATS END --------
c --------- VAR REPLACE STATS ----------
c time                     : 0.08        (0.01      per call)
c trees' crown             : 12          (0.41      % of vars)
c 0-depth assigns          : 0           (0.00      % vars)
c lits replaced            : 28419       
c bin cls removed          : 50          
c long cls removed         : 13          
c long lits removed        : 3543        
c bogoprops                : 1488458     
c --------- VAR REPLACE STATS END ----------
c vrep replace time        : 0.08        (0.27      % time)
c vrep tree roots          : 7           
c vrep trees' crown        : 12          (1.71      leafs/tree)
c -------- DISTILL-BIN STATS --------
c time                     : 0.10        (0.01      per call)
c timed out                : 1           (11.11     % of calls)
c distill/checked/potential: 0          /9536/10177
c lits-rem                 : 0           
c 0-depth-assigns          : 0           (0.00      % of vars)
c -------- DISTILL STATS END --------
c -------- STRENGTHEN STATS --------
c --> watch-based on irred cls
c time                     : 0.06        (0.00      s/call)
c shrinked/tried/total     : 163        /41020/337192
c subsumed/tried/total     : 181        /41020/337192
c lits-rem                 : 168         (0.09      % of lits tried)
c called                   : 14          (0.00      % ran out of time)
c --> watch-based on red cls
c time                     : 0.04        (0.00      s/call)
c shrinked/tried/total     : 398        /18150/18150
c subsumed/tried/total     : 6          /18150/18150
c lits-rem                 : 781         (0.64      % of lits tried)
c called                   : 14          (0.00      % ran out of time)
c -------- STRENGTHEN STATS END --------
c -------- IMPLICIT SUB  STATS --------
c time                     : 0.01        (0.00      per call)
c timed out                : 0           (0.00      % of calls)
c rem bins                 : 22          
c -------- IMPLICIT SUB STATS END --------
c Mem used                 : 40          MB
c Mem for longclauses      : 10          MB (24.96     %)
c Mem for watch alloc      : 9           MB (23.04     %)
c Mem for watch array      : 0           MB (0.18      %)
c Mem for assings&vardata  : 0           MB (0.19      %)
c Mem for search&solve     : 0           MB (0.48      %)
c Mem for renumberer       : 0           MB (0.07      %)
c Mem for occsimplifier    : 0           MB (1.82      %)
c Mem for varReplacer&SCC  : 0           MB (0.16      %)
c Mem for impl subsume     : 0           MB (0.00      %)
c Mem for 3 distills       : 0           MB (0.00      %)
c Accounted for mem (rss)  : 50.90       %
c Accounted for mem (vm)   : 40.44       %
c restarts                 : 527         (345.17    confls per restart)
c blocked restarts         : 0           (0.00      per normal restart)
c time                     : 28.54       
c decisions                : 200960      (0.00      % random)
c propagations             : 15390K      (539K      props/s)
c decisions/conflicts      : 1.10        
c conflicts                : 181907      
c conf lits non-minim      : 32637737    (179.42    lit/confl)
c conf lits final          : 33.07       
c red which0               : 657         (0.36      % of confl)
c props/decision           : 0.00        
c props/conflict           : 0.00        
c 0-depth assigns          : 3           (0.19      % vars)
c 0-depth assigns by CNF   : 2           (0.13      % vars)
c reduceDB time            : 0.05        (0.17      % time)
c OccSimplifier time       : 0.40        (1.37      % time)
c [occur] 0.10 is overhead
c [occur] link-in T: 0.08 cleanup T: 0.02
c [occ-substr] long subBySub: 916 subByStr: 51 lits-rem-str: 321 T: 0.29
c SCC time                 : 0.01        (0.02      % time)
c [scc] new: 12 BP 0M  T: 0.01
c vrep replace time        : 0.08        (0.27      % time)
c vrep tree roots          : 7           
c vrep trees' crown        : 12          (1.71      leafs/tree)
c distill long time        : 0.57        (1.95      % time)
c distill bin time         : 0.10        (0.34      % time)
c strength cache-irred time: 0.06        (0.21      % time)
c strength cache-red time  : 0.04        (0.13      % time)
c avg cls in red 0         : 1105.65     
c avg cls in red 1         : 1531.73     
c avg cls in red 2         : 33333.08    
c Conflicts in UIP         : 181907      (6165.78   confl/time_this_thread)
c Max Memory (rss) used    : 41700 kB    
c Total time (this thread) : 29.50       
s SATISFIABLE
v -1 -2 3 4 -5 -6 7 8 -9 10 11 -12 -13 14 -15 -16 17 -18 -19 -20 -21 -22 -23 -24 
v -25 -26 -27 -28 -29 -30 31 32 -33 34 35 -36 37 38 -39 40 41 -42 -43 -44 -45 
v -46 -47 -48 -49 -50 -51 -52 -53 -54 -55 -56 -57 -58 -59 -60 -61 -62 -63 -64 
v -65 -66 -67 68 -69 -70 71 -72 -73 74 -75 -76 77 -78 -79 -80 -81 -82 -83 -84 
v -85 -86 -87 -88 -89 -90 -91 92 -93 -94 95 -96 -97 98 -99 -100 101 -102 -103 
v -104 -105 -106 -107 -108 -109 110 -111 -112 113 -114 -115 116 -117 -118 119 
v -120 -121 -122 -123 -124 -125 -126 -127 -128 -129 -130 -131 -132 -133 -134 
v -135 -136 -137 -138 -139 -140 -141 -142 -143 -144 -145 -146 -147 -148 -149 
v -150 -151 -152 -153 -154 -155 -156 -157 -158 -159 -160 -161 -162 -163 -164 
v -165 -166 -167 -168 -169 -170 -171 -172 -173 -174 -175 -176 -177 -178 -179 
v -180 -181 -182 -183 -184 -185 -186 -187 -188 -189 -190 -191 -192 -193 -194 
v -195 -196 -197 -198 -199 200 -201 -202 203 -204 -205 206 -207 -208 209 -210 
v -211 -212 -213 -214 -215 -216 -217 218 -219 -220 221 -222 -223 224 -225 -226 
v 227 -228 -229 -230 -231 -232 -233 -234 -235 236 -237 -238 239 -240 -241 242 
v -243 -244 245 -246 -247 -248 -249 -250 -251 -252 -253 254 -255 -256 257 -258 
v -259 260 -261 -262 263 -264 -265 -266 -267 -268 -269 -270 -271 -272 -273 -274 
v -275 -276 -277 -278 -279 -280 -281 -282 -283 -284 -285 -286 -287 -288 -289 
v -290 -291 -292 -293 -294 -295 -296 -297 -298 -299 -300 -301 -302 -303 -304 
v -305 -306 -307 -308 -309 -310 -311 -312 -313 -314 -315 -316 -317 -318 -319 
v -320 -321 -322 -323 -324 -325 -326 -327 -328 -329 -330 -331 -332 -333 -334 
v -335 -336 -337 -338 -339 -340 -341 -342 343 -344 345 -346 -347 -348 -349 350 
v -351 352 -353 354 355 356 357 -358 -359 -360 -361 -362 363 -364 365 -366 -367 
v -368 369 -370 371 -372 -373 -374 -375 -376 -377 -378 379 -380 381 -382 -383 
v -384 385 -386 387 -388 -389 -390 -391 -392 -393 -394 -395 -396 -397 -398 -399 
v -400 -401 -402 -403 -404 -405 -406 -407 -408 -409 -410 411 -412 413 -414 -415 
v -416 417 -418 419 -420 -421 -422 -423 -424 -425 -426 -427 -428 -429 -430 -431 
v -432 -433 -434 -435 -436 -437 -438 -439 -440 -441 -442 -443 -444 -445 -446 
v -447 -448 -449 -450 -451 -452 -453 -454 -455 -456 -457 -458 -459 -460 -461 
v -462 -463 -464 -465 -466 -467 -468 -469 -470 -471 -472 -473 -474 -475 -476 
v -477 -478 -479 -480 -481 -482 -483 -484 -485 -486 -487 -488 -489 -490 491 
v -492 493 -494 -495 -496 497 -498 499 -500 -501 -502 -503 -504 -505 -506 -507 
v -508 -509 -510 -511 -512 -513 -514 -515 -516 -517 -518 -519 -520 -521 -522 
v 523 -524 525 -526 -527 -528 529 -530 531 -532 -533 -534 -535 -536 -537 -538 
v -539 -540 -541 -542 -543 -544 -545 -546 -547 -548 -549 -550 -551 -552 -553 
v -554 555 -556 557 -558 -559 -560 561 -562 563 -564 -565 -566 -567 -568 -569 
v -570 571 -572 573 -574 -575 -576 577 -578 579 -580 -581 -582 -583 -584 -585 
v -586 587 -588 589 -590 -591 -592 593 -594 595 -596 -597 -598 -599 -600 -601 
v -602 603 -604 605 -606 -607 -608 609 -610 611 -612 -613 -614 -615 -616 -617 
v -618 -619 -620 -621 -622 -623 -624 -625 -626 -627 -628 -629 -630 -631 -632 
v -633 -634 -635 -636 -637 -638 -639 -640 -641 -642 -643 -644 -645 -646 -647 
v -648 -649 -650 -651 -652 -653 -654 -655 -656 -657 -658 -659 -660 -661 -662 
v -663 -664 -665 -666 -667 -668 -669 -670 -671 -672 -673 -674 -675 -676 -677 
v -678 -679 -680 -681 -682 -683 -684 -685 -686 -687 -688 -689 -690 691 -692 
v -693 -694 695 -696 697 -698 -699 -700 -701 -702 -703 -704 -705 -706 -707 -708 
v -709 -710 -711 -712 -713 -714 -715 716 -717 718 -719 -720 -721 -722 -723 -724 
v -725 -726 -727 -728 -729 -730 -731 -732 -733 -734 -735 -736 -737 -738 -739 
v -740 -741 -742 -743 -744 -745 -746 -747 748 -749 -750 -751 -752 -753 -754 
v -755 -756 -757 -758 -759 -760 -761 -762 -763 -764 -765 -766 -767 768 769 770 
v 771 772 773 774 775 776 777 778 779 780 781 782 783 784 785 786 787 788 789 
v 790 -791 792 793 -794 -795 -796 -797 798 799 800 801 802 803 804 805 806 807 
v 808 0
c [g 0] truth-find prop checks  : 55K
c [g 0] -> of which prop        : 18.80 %
c [g 0] -> of which confl       :  0.91 %
c [g 0] elim called             : 10055
c [g 0] ---> which lead to prop : 28.35 %
c [g 0] ---> which lead to confl:  1.14 %
c [g 0] size: 61    x 476  

real	0m29.828s
user	0m29.503s
sys	0m0.055s
