c BreakID not compiled in, disabling
c CryptoMiniSat version 5.11.19
c CMS Copyright (C) 2009-2020 Authors of CryptoMiniSat, see AUTHORS file
c CMS SHA revision b80e09ebd7703fc13b987401d693d7d406a50441
c Using VMTF code by Armin Biere from CaDiCaL
c Using Yalsat by Armin Biere, see Balint et al. Improving implementation of SLS solvers [...], SAT'14
c Using WalkSAT by Henry Kautz, see Kautz and Selman Pushing the envelope: planning, propositional logic, and stochastic search, AAAI'96,
c CMS is MIT licensed
c Using code from 'When Boolean Satisfiability Meets Gauss-E. in a Simplex Way'
c       by C.-S. Han and J.-H. Roland Jiang in CAV 2012. Fixes by M. Soos
c Using CCAnr from 'CCAnr: A Conf. Checking Based Local Search Solver [...]'
c       by Shaowei Cai, Chuan Luo, and Kaile Su, SAT 2015
c CMS compilation env CMAKE_CXX_COMPILER = /usr/bin/c++ | CMAKE_CXX_FLAGS =  -fvisibility=hidden -Wall -Wextra -Wunused -Wsign-compare -fno-omit-frame-pointer -Wtype-limits -Wuninitialized -Wno-deprecated -Wstrict-aliasing -Wpointer-arith -Wpointer-arith -Wformat-nonliteral -Winit-self -Wparentheses -Wunreachable-code -g -Wno-class-memaccess -mpopcnt -msse4.2 -ggdb3 -Wlogical-op -Wrestrict -Wnull-dereference -Wdouble-promotion -Wshadow -Wformat=2 -Wextra-semi -pedantic | COMPILE_DEFINES =  -DRDB0_ONLY_FEATURES -DUSE_ZLIB -DYALSAT_FPU | STATICCOMPILE = OFF | ONLY_SIMPLE =  | STATS = OFF | SQLITE3_FOUND =  | ZLIB_FOUND = TRUE | VALGRIND_FOUND =  | ENABLE_TESTING = OFF | SLOW_DEBUG = OFF | ENABLE_ASSERTIONS = ON | PYTHON_EXECUTABLE =  | PYTHON_LIBRARY =  | PYTHON_INCLUDE_DIRS =  | MY_TARGETS =  | LARGEMEM = OFF | LIMITMEM = OFF | BREAKID_LIBRARIES =  | BREAKID-VER = . | BOSPHORUS_LIBRARIES =  | BOSPH-VER = . | compilation date time = Jul 13 2026 14:05:03
c CMS compiled with gcc version 11.5.0 20240719 (Red Hat 11.5.0-5)
c Executed with command line: ./cryptominisat5 ./instancesBreak/IC_S4/Xn19l6-13-S.dimacs_break.cnf
c Reading file './instancesBreak/IC_S4/Xn19l6-13-S.dimacs_break.cnf'
c -- header says num vars:            805
c -- header says num clauses:        2529
c -- clauses added: 2477
c -- xor clauses added: 52
c -- vars added 805
c Parsing time: 0.00 s
c [find&init matx] performing matrix init
c [gauss] XOR-encoding clauses are not detached, so no need to reattach them.
c [xor-rem-unconnected] left with 50 xors from 50 non-empty xors T: 0.00
c [xor-together] xored together: 0 orig xors: 50 new xors: 50 T: 0.00
c [xor-rem-unconnected] left with 50 xors from 50 non-empty xors T: 0.00
c [xor-clean-equiv] removed equivalent xors: 0 left with: 50
c [matrix] unused xors from cleaning: 0
c [matrix] Good   matrix  0     50 x  765  density:0.1093  xorlen avg: 83.60
c [matrix] Using 1 matrices recovered from 0 xors T: 0.00 T-out: N
c [branch] adjusting to: vsid (from: vsid) var_decay:0.95 descr: VSIDS
c rst  geom  stb   vs     1   113    2805 17143  1656    3.96    3.79     1    20    76    16  163.15  140.34
c rst  geom  stb   vs     2   236    2805 17143  1656    3.96    3.79     1    42   177    16  116.27  108.52
c  res  pol bran  nres  conf freevar  IrrL  IrrB l/longC  l/allC RedL0 RedL1 RedL2  RedB l/longC  l/allC
c rst  geom  stb   vs     3   371    2805 17143  1656    3.96    3.79     1    43   310    17   95.94   91.63
c rst  geom  stb   vs     4   519    2805 17143  1656    3.96    3.79     1    43   455    20   85.41   82.20
c rst  geom  stb   vs     5   681    2805 17143  1656    3.96    3.79     1    43   616    21   84.59   82.04
c rst  geom  stb   vs     6   858    2805 17143  1656    3.96    3.79     1    43   793    21   76.63   74.80
c rst  geom  stb   vs     7  1053    2805 17143  1656    3.96    3.79     1    43   988    21   73.53   72.10
c rst  geom  stb   vs     8  1267    2805 17143  1656    3.96    3.79     1    43  1202    21   68.77   67.67
c rst  geom  stb   vs     9  1502    2805 17143  1656    3.96    3.79     3    45  1433    21   69.36   68.41
c rst  geom  stb   vs    10  1759    2805 17143  1656    3.96    3.79     3    45  1690    21   66.02   65.25
c rst  geom  stb   vs    11  2042    2805 17143  1656    3.96    3.79     3    45  1973    21   64.74   64.10
c rst  geom  stb   vs    12  2352    2805 17143  1656    3.96    3.79     4    46  2281    21   61.62   61.09
c rst  geom  stb   vs    13  2692    2805 17143  1656    3.96    3.79     4    46  2619    23   61.72   61.21
c rst  geom  stb   vs    14  3065    2805 17143  1656    3.96    3.79     7    46  2988    24   63.00   62.52
c rst  geom  stb   vs    15  3475    2805 17143  1656    3.96    3.79     7    46  3398    24   63.37   62.94
c rst  geom  stb   vs    16  3926    2805 17143  1656    3.96    3.79     7    46  3849    24   64.02   63.64
c rst  geom  stb   vs    17  4420    2805 17143  1656    3.96    3.79     7    46  4343    24   62.36   62.03
c rst  geom  stb   vs    18  4963    2805 17143  1656    3.96    3.79     7    46  4886    24   63.40   63.10
c rst  geom  stb   vs    19  5561    2805 17143  1656    3.96    3.79     7    47  5483    24   64.97   64.70
c [branch] adjusting to: vmtf (from: vsid) var_decay:0.95 descr: VMTF
c [distill-long-red0] cls tried: 7/7 T: 0.00 T-out: N T-r: 100.00%
c [distill-long-red1] cls tried: 47/47 T: 0.00 T-out: N T-r: 94.08%
c rst  luby ibes  vmt    20  5663    2805 17143  1656    3.96    3.79    22    65  5549    27   64.19   63.89
c rst  luby ibes  vmt    21  5765    2805 17143  1656    3.96    3.79    29    88  5621    27   64.13   63.84
c rst  luby ibes  vmt    22  5968    2805 17143  1656    3.96    3.79    29    91  5820    28   64.73   64.43
c rst  luby ibes  vmt    23  6069    2805 17143  1656    3.96    3.79    29    93  5918    29   64.18   63.88
c rst  luby ibes  vmt    24  6171    2805 17143  1656    3.96    3.79    29    94  6019    29   63.36   63.07
c rst  luby ibes  vmt    25  6372    2805 17143  1656    3.96    3.79    31   102  6211    29   62.32   62.04
c rst  luby ibes  vmt    26  6774    2805 17143  1656    3.96    3.79    34   120  6629    29   61.19   60.94
c rst  luby ibes  vmt    27  6876    2805 17143  1656    3.96    3.79    34   129  6726    29   61.00   60.75
c rst  luby ibes  vmt    28  6978    2805 17143  1656    3.96    3.79    34   130  6831    29   60.89   60.64
c rst  luby ibes  vmt    29  7179    2805 17143  1656    3.96    3.79    34   137  7026    29   61.03   60.79
c rst  luby ibes  vmt    30  7281    2805 17143  1656    3.96    3.79    35   139  7126    29   60.70   60.47
c rst  luby ibes  vmt    31  7382    2805 17143  1656    3.96    3.79    35   143  7222    30   60.51   60.28
c rst  luby ibes  vmt    32  7584    2805 17143  1656    3.96    3.79    36   148  7417    31   60.20   59.97
c rst  luby ibes  vmt    33  7986    2805 17143  1656    3.96    3.79    36   165  7810    31   60.61   60.39
c rst  luby ibes  vmt    34  8787    2805 17143  1656    3.96    3.79    43   206  8564    33   60.84   60.62
c rst  luby ibes  vmt    35  8888    2805 17143  1656    3.96    3.79    44   220  8656    33   60.71   60.49
c rst  luby ibes  vmt    36  8989    2805 17143  1656    3.96    3.79    44   234  8742    34   60.47   60.25
c rst  luby ibes  vmt    37  9190    2805 17143  1656    3.96    3.79    47   239  8935    34   60.59   60.38
c rst  luby ibes  vmt    38  9292    2805 17143  1656    3.96    3.79    47   243  9033    34   60.20   59.99
c rst  luby ibes  vmt    39  9393    2805 17143  1656    3.96    3.79    48   258  9119    34   59.81   59.60
c rst  luby ibes  vmt    40  9595    2805 17143  1656    3.96    3.79    50   267  9310    34   59.70   59.50
c rst  luby ibes  vmt    41  9997    2805 17143  1656    3.96    3.79    51   275  9706    35   59.14   58.94
c rst  luby ibes  vmt    42 10098    2805 17143  1656    3.96    3.79   145   188  9800    35   58.97   58.78
c rst  luby ibes  vmt    43 10200    2805 17143  1656    3.96    3.79   146   191  9902    35   58.77   58.58
c rst  luby ibes  vmt    44 10401    2805 17143  1656    3.96    3.79   147   202 10091    35   58.55   58.36
c rst  luby ibes  vmt    45 10502    2805 17143  1656    3.96    3.79   147   202 10192    35   58.70   58.52
c rst  luby ibes  vmt    46 10603    2805 17143  1656    3.96    3.79   147   217 10295    35   58.49   58.31
c rst  luby ibes  vmt    47 10804    2805 17143  1656    3.96    3.79   148   221 10490    36   58.31   58.12
c rst  luby  svd  vmt    48 11206    2805 17143  1656    3.96    3.79   157   224 10874    42   59.36   59.15
c rst  luby  svd  vmt    49 12008    2805 17143  1656    3.96    3.79   171   258 11627    43   58.73   58.53
c [branch] adjusting to: vsid (from: vmtf) var_decay:0.95 descr: VSIDS
c [distill-bin] useful: 14/1656/1656 lits-rem: 0 cl-rem: 14 0-depth-assigns: 0 T: 0.01 T-out: N
c rst  geom  svd   vs    50 12119    2805 17143  1642    3.96    3.79   171   258 11738    43   58.62   58.42
c rst  geom  svd   vs    51 12241    2805 17143  1642    3.96    3.79   171   258 11860    43   58.43   58.23
c rst  geom  svd   vs    52 12375    2805 17143  1642    3.96    3.79   171   258 11994    43   58.22   58.03
c rst  geom  svd   vs    53 12523    2805 17143  1642    3.96    3.79   171   258 12142    43   58.02   57.83
c rst  geom  svd   vs    54 12684    2805 17143  1642    3.96    3.79   171   258 12303    43   57.71   57.52
c rst  geom  svd   vs    55 12862    2805 17143  1642    3.96    3.79   171   258 12481    43   57.45   57.26
c rst  geom  svd   vs    56 13056    2805 17143  1642    3.96    3.79   171   258 12675    43   57.16   56.98
c rst  geom  svd   vs    57 13269    2805 17143  1642    3.96    3.79   171   258 12888    43   57.04   56.86
c rst  geom  svd   vs    58 13503    2805 17143  1642    3.96    3.79   171   258 13122    43   56.55   56.38
c rst  geom  svd   vs    59 13761    2805 17143  1642    3.96    3.79   171   258 13380    43   56.10   55.94
c rst  geom  svd   vs    60 14044    2805 17143  1642    3.96    3.79   171   258 13662    44   55.66   55.49
c rst  geom  svd   vs    61 14354    2805 17143  1642    3.96    3.79   171   258 13972    44   54.98   54.81
c rst  geom  svd   vs    62 14695    2805 17143  1642    3.96    3.79   171   258 14313    44   54.36   54.20
c rst  geom  svd   vs    63 15070    2805 17143  1642    3.96    3.79   192   666 13837    44   53.04   52.89
c rst  geom  svd   vs    64 15480    2805 17143  1642    3.96    3.79   192   666 14246    45   52.56   52.41
c rst  geom  svd   vs    65 15930    2805 17143  1642    3.96    3.79   192   666 14696    45   51.82   51.68
c rst  geom  svd   vs    66 16424    2805 17143  1642    3.96    3.79   192   666 15190    45   51.23   51.09
c rst  geom best   vs    67 16967    2805 17143  1642    3.96    3.79   195   666 15728    47   51.61   51.47
c rst  geom best   vs    68 17564    2805 17143  1642    3.96    3.79   195   666 16325    47   51.59   51.45
c rst  geom best   vs    69 18220    2805 17143  1642    3.96    3.79   195   666 16981    47   51.62   51.49
c [branch] adjusting to: vmtf (from: vsid) var_decay:0.95 descr: VMTF
c rst  luby best  vmt    70 18321    2805 17143  1642    3.96    3.79   198   672 17072    48   51.75   51.61
c rst  luby best  vmt    71 18423    2805 17143  1642    3.96    3.79   200   674 17171    48   51.83   51.70
c rst  luby best  vmt    72 18624    2805 17143  1642    3.96    3.79   203   677 17365    49   52.06   51.93
c rst  luby best  vmt    73 18725    2805 17143  1642    3.96    3.79   204   681 17461    49   52.35   52.22
c rst  luby best  vmt    74 18828    2805 17143  1642    3.96    3.79   206   685 17553    54   52.59   52.45
c rst  luby best  vmt    75 19029    2805 17143  1642    3.96    3.79   214   705 17726    54   52.80   52.66
c rst  luby best  vmt    76 19432    2805 17143  1642    3.96    3.79   217   736 18095    54   52.79   52.65
c rst  luby best  vmt    77 19533    2805 17143  1642    3.96    3.79   218   737 18194    54   52.84   52.70
c rst  luby best  vmt    78 19634    2805 17143  1642    3.96    3.79   225   739 18283    57   52.90   52.75
c rst  luby best  vmt    79 19835    2805 17143  1642    3.96    3.79   235   744 18465    61   53.05   52.89
c rst  luby best  vmt    80 19936    2805 17143  1642    3.96    3.79   236   744 18565    61   53.37   53.21
c rst  luby best  vmt    81   20K    2805 17143  1642    3.96    3.79   303   681 18657    66   53.38   53.21
c [full-probe]  bin_only: 1 set: 0 repl: 0 T: 0.01 T-out: N T-r: 99.73%
c rst  luby best  vmt    82   20K    2805 17143  1642    3.96    3.79   304   685 18853    73   53.70   53.51
c rst  luby best  vmt    83   20K    2805 17143  1642    3.96    3.79   306   691 19248    73   54.05   53.87
c [distill-long-red0] cls tried: 268/268 T: 0.02 T-out: N T-r: 99.56%
c [distill-long-red1] cls tried: 44/675 T: 0.01 T-out: Y T-r: -5.18%
c rst  luby best  vmt    84   21K    2805 17143  1642    3.96    3.79   307   705   20K    82   54.24   54.04
c rst  luby best  vmt    85   21K    2805 17143  1642    3.96    3.79   307   706   20K    83   54.40   54.20
c rst  luby best  vmt    86   21K    2805 17143  1642    3.96    3.79   309   707   20K    83   54.49   54.28
c rst  luby  stb  vmt    87   21K    2805 17143  1642    3.96    3.79   310   708   20K    83   55.22   55.02
c rst  luby  stb  vmt    88   21K    2805 17143  1642    3.96    3.79   312   708   20K    84   55.36   55.15
c rst  luby  stb  vmt    89   22K    2805 17143  1642    3.96    3.79   313   710   20K    86   55.39   55.18
c rst  luby  stb  vmt    90   22K    2805 17143  1642    3.96    3.79   315   714   20K    86   55.38   55.17
c rst  luby  stb  vmt    91   22K    2805 17143  1642    3.96    3.79   319   716   21K    86   55.71   55.50
c rst  luby  stb  vmt    92   22K    2805 17143  1642    3.96    3.79   320   717   21K    86   55.77   55.57
c rst  luby  stb  vmt    93   22K    2805 17143  1642    3.96    3.79   322   717   21K    86   55.76   55.56
c rst  luby  stb  vmt    94   23K    2805 17143  1642    3.96    3.79   326   721   21K    87   55.87   55.66
c rst  luby  stb  vmt    95   23K    2805 17143  1642    3.96    3.79   327   727   21K    87   55.88   55.68
c rst  luby  stb  vmt    96   23K    2805 17143  1642    3.96    3.79   328   728   21K    87   55.94   55.74
c rst  luby  stb  vmt    97   23K    2805 17143  1642    3.96    3.79   332   732   21K    90   56.35   56.14
c rst  luby  stb  vmt    98   23K    2805 17143  1642    3.96    3.79   342   739   22K    91   57.05   56.84
c rst  luby  stb  vmt    99   24K    2805 17143  1642    3.96    3.79   360   754   23K    91   57.00   56.80
c rst  luby  stb  vmt   100   26K    2805 17143  1642    3.96    3.79   380   771   24K    94   57.27   57.07
c [branch] adjusting to: vsid (from: vmtf) var_decay:0.95 descr: VSIDS
c [distill] watch-based irred--  cl tried     1635 cl-sh     0 cl-rem    5 lit-rem      0 T: 0.00 T-out: N
c [distill] watch-based   red--  cl tried      760 cl-sh    16 cl-rem    0 lit-rem     16 T: 0.00 T-out: N
c rst  geom  stb   vs   101   26K    2805 17135  1650    3.96    3.79   378   771   24K    91   57.28   57.08
c rst  geom  stb   vs   102   26K    2805 17135  1650    3.96    3.79   378   771   24K    91   57.25   57.05
c rst  geom  stb   vs   103   26K    2805 17135  1650    3.96    3.79   378   771   25K    91   57.22   57.03
c rst  geom  stb   vs   104   26K    2805 17135  1650    3.96    3.79   378   771   25K    91   57.23   57.04
c rst  geom  stb   vs   105   26K    2805 17135  1650    3.96    3.79   378   771   25K    91   57.26   57.07
c rst  geom ibes   vs   106   27K    2805 17135  1650    3.96    3.79   378   772   25K    91   57.15   56.96
c rst  geom ibes   vs   107   27K    2805 17135  1650    3.96    3.79   378   772   25K    91   56.87   56.69
c rst  geom ibes   vs   108   27K    2805 17135  1650    3.96    3.79   378   772   25K    91   56.59   56.41
c rst  geom ibes   vs   109   27K    2805 17135  1650    3.96    3.79   379   774   26K    91   56.27   56.09
c rst  geom ibes   vs   110   28K    2805 17135  1650    3.96    3.79   379   775   26K    91   55.94   55.76
c rst  geom ibes   vs   111   28K    2805 17135  1650    3.96    3.79   379   776   26K    91   55.59   55.42
c rst  geom ibes   vs   112   28K    2805 17135  1650    3.96    3.79   379   778   27K    91   55.19   55.02
c rst  geom ibes   vs   113   28K    2805 17135  1650    3.96    3.79   379   778   27K    91   54.75   54.59
c rst  geom ibes   vs   114   29K    2805 17135  1650    3.96    3.79   379   778   27K    91   54.27   54.11
c rst  geom ibes   vs   115   29K    2805 17135  1650    3.96    3.79   379   778   28K    91   53.78   53.62
c rst  geom ibes   vs   116   30K    2805 17135  1650    3.96    3.79   488  1067   23K    91   51.05   50.87
c rst  geom ibes   vs   117   30K    2805 17135  1650    3.96    3.79   488  1067   23K    91   50.50   50.32
c rst  geom ibes   vs   118   31K    2805 17135  1650    3.96    3.79   488  1067   24K    91   50.06   49.89
c rst  geom ibes   vs   119   31K    2805 17135  1650    3.96    3.79   488  1067   24K    91   49.55   49.38
c rst  geom ibes   vs   120   32K    2805 17135  1650    3.96    3.79   488  1067   25K    91   48.96   48.80
c [distill-bin] useful: 1/1650/1650 lits-rem: 0 cl-rem: 1 0-depth-assigns: 0 T: 0.02 T-out: N
c rst  geom  svd   vs   121   33K    2805 17135  1649    3.96    3.79   488  1067   26K    91   48.43   48.28
c rst  geom  svd   vs   122   33K    2805 17135  1649    3.96    3.79   488  1067   26K    91   48.33   48.19
c [branch] adjusting to: vmtf (from: vsid) var_decay:0.95 descr: VMTF
c rst  luby  svd  vmt   123   34K    2805 17135  1649    3.96    3.79   489  1072   27K    91   48.40   48.26
c rst  luby  svd  vmt   124   34K    2805 17135  1649    3.96    3.79   491  1073   27K    91   48.49   48.34
c rst  luby  svd  vmt   125   34K    2805 17135  1649    3.96    3.79   495  1077   27K    91   48.51   48.37
c rst  luby  svd  vmt   126   34K    2805 17135  1649    3.96    3.79   496  1081   27K    91   48.62   48.47
c rst  luby  svd  vmt   127   34K    2805 17135  1649    3.96    3.79   499  1087   27K    91   48.64   48.50
c rst  luby  svd  vmt   128   34K    2805 17135  1649    3.96    3.79   504  1097   27K    91   48.74   48.60
c rst  luby  svd  vmt   129   35K    2805 17135  1649    3.96    3.79   506  1100   28K    91   48.90   48.75
c rst  luby  svd  vmt   130   35K    2805 17135  1649    3.96    3.79   508  1101   28K    91   48.89   48.74
c rst  luby  svd  vmt   131   35K    2805 17135  1649    3.96    3.79   508  1102   28K    91   48.90   48.75
c rst  luby  svd  vmt   132   35K    2805 17135  1649    3.96    3.79   508  1105   28K    91   48.96   48.82
c rst  luby  svd  vmt   133   35K    2805 17135  1649    3.96    3.79   509  1108   28K    91   49.02   48.88
c [distill-long-red0] cls tried: 222/222 T: 0.01 T-out: N T-r: 99.57%
c [distill-long-red1] cls tried: 46/1049 T: 0.01 T-out: Y T-r: -2.08%
c rst  luby  svd  vmt   134   35K    2805 17135  1649    3.96    3.79   508  1109   28K    92   49.00   48.85
c rst  luby  svd  vmt   135   36K    2805 17135  1649    3.96    3.79   509  1112   28K    92   49.15   49.01
c rst  luby  svd  vmt   136   36K    2805 17135  1649    3.96    3.79   515  1136   29K    92   49.25   49.11
c rst  luby  svd  vmt   137   37K    2805 17135  1649    3.96    3.79   519  1149   30K    93   49.32   49.19
c rst  luby  svd  vmt   138   37K    2805 17135  1649    3.96    3.79   519  1149   30K    93   49.37   49.23
c rst  luby  svd  vmt   139   37K    2805 17135  1649    3.96    3.79   520  1151   30K    93   49.43   49.29
c rst  luby  svd  vmt   140   37K    2805 17135  1649    3.96    3.79   520  1160   30K    94   49.43   49.29
c rst  luby  svd  vmt   141   37K    2805 17135  1649    3.96    3.79   520  1164   30K    94   49.50   49.36
c rst  luby  svd  vmt   142   37K    2805 17135  1649    3.96    3.79   521  1164   30K    94   49.55   49.41
c rst  luby  svd  vmt   143   38K    2805 17135  1649    3.96    3.79   522  1164   30K    94   49.53   49.40
c rst  geom best  vmt   144   38K    2805 17135  1649    3.96    3.79   524  1165   30K    95   49.55   49.41
c rst  geom best  vmt   145   38K    2805 17135  1649    3.96    3.79   524  1169   31K    95   49.57   49.43
c rst  geom best  vmt   146   38K    2805 17135  1649    3.96    3.79   524  1174   31K    95   49.63   49.49
c rst  geom best  vmt   147   38K    2805 17135  1649    3.96    3.79   525  1181   31K    95   49.74   49.61
c rst  geom best  vmt   148   38K    2805 17135  1649    3.96    3.79   527  1181   31K    95   49.85   49.71
c rst  geom best  vmt   149   38K    2805 17135  1649    3.96    3.79   528  1205   31K    95   49.86   49.73
c rst  geom best  vmt   150   39K    2805 17135  1649    3.96    3.79   528  1234   31K    95   49.87   49.74
c rst  geom best  vmt   151   39K    2805 17135  1649    3.96    3.79   531  1238   32K    95   49.94   49.80
c rst  geom best  vmt   152   39K    2805 17135  1649    3.96    3.79   532  1257   32K    95   50.00   49.87
c rst  geom best  vmt   153   39K    2805 17135  1649    3.96    3.79   534  1288   32K    95   49.93   49.80
c rst  geom best  vmt   154   40K    2805 17135  1649    3.96    3.79   698  1130   32K    95   50.35   50.22
c [full-probe]  bin_only: 0 set: 0 repl: 0 T: 0.01 T-out: N T-r: 96.69%
c [impl-str] lit bin: 0 set-var: 0 T: 0.00 T-out: N T-r: 99.95% w-visit: 5614
c [impl-sub] bin: 34 T: 0.00 T-out: N w-visit: 5614
c rst  geom best  vmt   155   40K    2805 17135  1649    3.96    3.79   700  1134   33K    67   50.56   50.47
c rst  geom best  vmt   156   40K    2805 17135  1649    3.96    3.79   703  1147   33K    67   50.55   50.46
c rst  geom best  vmt   157   41K    2805 17135  1649    3.96    3.79   705  1152   33K    67   50.58   50.49
c rst  geom best  vmt   158   41K    2805 17135  1649    3.96    3.79   707  1155   34K    68   50.55   50.46
c rst  geom best  vmt   159   41K    2805 17135  1649    3.96    3.79   707  1182   34K    68   50.60   50.51
c rst  geom best  vmt   160   42K    2805 17135  1649    3.96    3.79   709  1192   35K    68   50.67   50.58
c [branch] adjusting to: vsid (from: vmtf) var_decay:0.95 descr: VSIDS
c rst  geom best   vs   161   42K    2805 17135  1649    3.96    3.79   709  1192   35K    68   50.60   50.51
c rst  geom best   vs   162   42K    2805 17135  1649    3.96    3.79   709  1192   35K    68   50.52   50.43
c rst  geom best   vs   163   42K    2805 17135  1649    3.96    3.79   709  1192   35K    68   50.43   50.34
c rst  geom best   vs   164   42K    2805 17135  1649    3.96    3.79   709  1192   35K    68   50.31   50.23
c rst  geom best   vs   165   43K    2805 17135  1649    3.96    3.79   709  1192   35K    68   50.19   50.10
c rst  geom best   vs   166   43K    2805 17135  1649    3.96    3.79   709  1192   36K    68   50.12   50.03
c rst  geom best   vs   167   43K    2805 17135  1649    3.96    3.79   709  1192   36K    68   49.96   49.88
c rst  geom  stb   vs   168   43K    2805 17135  1649    3.96    3.79   709  1192   36K    68   49.83   49.75
c rst  geom  stb   vs   169   43K    2805 17135  1649    3.96    3.79   709  1192   36K    68   49.68   49.60
c rst  geom  stb   vs   170   44K    2805 17135  1649    3.96    3.79   709  1192   36K    68   49.49   49.41
c [ccnr] tries: 0 steps: 262143 best found: 17
c [ccnr] tries: 0 steps: 524287 best found: 15
c [ccnr] tries: 0 steps: 786431 best found: 12
c [ccnr] saving best assignment phase to stable_polar
c [ccnr] bumping based on clause weights
c [ccnr] Bumped vars: 102 bump type: 6
c [ccnr] time: 0.60
c rst  geom  stb   vs   171   44K    2805 17135  1649    3.96    3.79   709  1192   37K    68   49.38   49.30
c rst  geom  stb   vs   172   44K    2805 17135  1649    3.96    3.79   709  1192   37K    68   49.25   49.17
c rst  geom  stb   vs   173   45K    2805 17135  1649    3.96    3.79   753  1830   30K    68   47.79   47.70
c rst  geom  stb   vs   174   45K    2805 17135  1649    3.96    3.79   753  1830   31K    68   47.64   47.55
c rst  geom  stb   vs   175   45K    2805 17135  1649    3.96    3.79   753  1830   31K    68   47.46   47.37
c rst  geom  stb   vs   176   46K    2805 17135  1649    3.96    3.79   753  1830   32K    68   47.28   47.19
c rst  geom  stb   vs   177   46K    2805 17135  1649    3.96    3.79   753  1830   32K    68   47.08   47.00
c rst  geom  stb   vs   178   47K    2805 17135  1649    3.96    3.79   753  1830   33K    68   46.84   46.75
c rst  geom  stb   vs   179   48K    2805 17135  1649    3.96    3.79   753  1830   33K    68   46.53   46.44
c rst  geom  stb   vs   180   48K    2805 17135  1649    3.96    3.79   753  1830   34K    68   46.10   46.02
c rst  geom  stb   vs   181   49K    2805 17135  1649    3.96    3.79   753  1830   35K    68   45.67   45.59
c rst  geom ibes   vs   182   50K    2805 17135  1649    3.96    3.79   804  1779   35K    68   45.06   44.99
c [gauss] XOR-encoding clauses are not detached, so no need to reattach them.
c [g 0] truth-find prop checks  : 911K
c [g 0] -> of which prop        : 36.21 %
c [g 0] -> of which confl       :  3.14 %
c [g 0] elim called             : 177K
c [g 0] ---> which lead to prop :  8.65 %
c [g 0] ---> which lead to confl:  0.63 %
c [g 0] size: 50    x 765  
c [scc] new: 6 BP 0M T: 0.00
c [vrep] vars 6 lits 14686 rem-bin-cls 24 rem-long-cls 0 BP 0M T: 0.03
c [scc] new: 0 BP 0M T: 0.00
c [vrep] vars 0 lits 0 rem-bin-cls 0 rem-long-cls 0 BP 0M T: 0.01
c [intree] Set 1 vars hyper-added: 797 trans-irred: 0 trans-red: 53 T: 0.01 T-out: N T-r: -1.35%
c [find&init matx] performing matrix init
c [gauss] XOR-encoding clauses are not detached, so no need to reattach them.
c [xor-rem-unconnected] left with 50 xors from 50 non-empty xors T: 0.00
c [xor-together] xored together: 0 orig xors: 50 new xors: 50 T: 0.00
c [xor-rem-unconnected] left with 50 xors from 50 non-empty xors T: 0.00
c [xor-clean-equiv] removed equivalent xors: 0 left with: 50
c [matrix] unused xors from cleaning: 0
c [matrix] Good   matrix 0 50      x760    density:0.1089  xorlen avg: 82.74
c [matrix] Using 1 matrices recovered from 0 xors T: 0.00 T-out: N
c rst  geom ibes vs   183   51  K 2798    17135  1637 3.96    3.79      805  1780   36K   812 44.48   43.62  
c [distill-long-red0] cls tried: 296/296 T: 0.04 T-out: N T-r: 98.93%
c [distill-long-red1] cls tried: 22/1676 T: 0.01 T-out: Y T-r: -3.54%
c rst  geom ibes vs   184   52  K 2798    17135  1637 3.96    3.79      801  1780   37K   816 43.78   42.95  
c [distill] watch-based irred--  cl tried 1628     cl-sh 0     cl-rem 0    lit-rem 0      T: 0.00 T-out: N
c [distill] watch-based red  --  cl tried 1598     cl-sh 29    cl-rem 4    lit-rem 50     T: 0.00 T-out: N
c rst  geom ibes vs   185   53  K 2798    17098  1636 3.96    3.79      798  1780   38K   816 43.13   42.33  
c [branch] adjusting to: vmtf (from: vsid) var_decay:0.95 descr: VMTF
c [distill-bin] useful: 0/1188/1636 lits-rem: 0 cl-rem: 0 0-depth-assigns: 0 T: 0.01 T-out: Y
c rst  luby ibes vmt  186   53  K 2798    17098  1636 3.96    3.79      800  1791   38K   816 43.18   42.38  
c rst  luby ibes vmt  187   53  K 2798    17098  1636 3.96    3.79      801  1795   38K   816 43.17   42.37  
c rst  luby ibes vmt  188   53  K 2798    17098  1636 3.96    3.79      802  1814   39K   816 43.16   42.37  
c rst  luby ibes vmt  189   53  K 2798    17098  1636 3.96    3.79      802  1820   39K   816 43.20   42.41  
c rst  luby ibes vmt  190   53  K 2798    17098  1636 3.96    3.79      804  1830   39K   816 43.19   42.41  
c rst  luby ibes vmt  191   53  K 2798    17098  1636 3.96    3.79      804  1841   39K   816 43.17   42.39  
c rst  luby ibes vmt  192   54  K 2798    17098  1636 3.96    3.79      807  1862   39K   816 43.16   42.39  
c rst  luby ibes vmt  193   54  K 2798    17098  1636 3.96    3.79      807  1863   39K   816 43.15   42.38  
c rst  luby ibes vmt  194   54  K 2798    17098  1636 3.96    3.79      807  1869   40K   816 43.15   42.37  
c rst  luby ibes vmt  195   54  K 2798    17098  1636 3.96    3.79      807  1873   40K   816 43.13   42.36  
c rst  luby ibes vmt  196   54  K 2798    17098  1636 3.96    3.79      808  1876   40K   816 43.12   42.36  
c rst  luby ibes vmt  197   54  K 2798    17098  1636 3.96    3.79      808  1883   40K   816 43.11   42.35  
c rst  luby ibes vmt  198   55  K 2798    17098  1636 3.96    3.79      810  1892   40K   816 43.12   42.36  
c rst  luby svd  vmt  199   55  K 2798    17098  1636 3.96    3.79      813  1901   41K   816 43.44   42.68  
c rst  luby svd  vmt  200   56  K 2798    17098  1636 3.96    3.79      817  1921   41K   816 43.46   42.71  
c recursive minimization cost OK: 302Kcost/(% lits removed)
c [gauss] XOR-encoding clauses are not detached, so no need to reattach them.
c [g 0] truth-find prop checks  : 111K
c [g 0] -> of which prop        : 37.91 %
c [g 0] -> of which confl       :  2.77 %
c [g 0] elim called             : 23K
c [g 0] ---> which lead to prop :  1.43 %
c [g 0] ---> which lead to confl:  0.09 %
c [g 0] size: 50    x 760  
c --> Executing strategy token: scc-vrepl
c [scc] new: 3 BP 0M T: 0.00
c [vrep] vars 3 lits 5656 rem-bin-cls 12 rem-long-cls 2 BP 0M T: 0.02
c --> Executing strategy token: sub-impl
c [impl-sub] bin: 6 T: 0.00 T-out: N w-visit: 5614
c --> Executing strategy token: breakid
c --> Executing OCC strategy token(s): 'occ-backw-sub-str,occ-clean-implicit,occ-bve,occ-bva,occ-ternary-res,occ-xor,'
c [occ] mem usage for occur 1      MB
c [occ] Linked in IRRED BIN by default: 1633
c [occ] Linked in RED   BIN by default: 807
c [occ] mem usage for occur 0      MB
c Mem for watch alloc      : 4           MB (16.33     %)
c Mem for watch array      : 0           MB (0.76      %)
c --> Executing OCC strategy token: occ-backw-sub-str
c [occ-backw-sub-str-long-w-bins] subs: 1 str: 9 tried: 2440 0-depth ass: 0 T: 0.00 T-out: N T-r: 99.37%
c [occ-backw-sub-long-w-long] rem cl: 65 tried: 61394/61394 (100.0%) T: 0.01 T-out: N T-r: 96.70%
c [occ-backw-sub-str-long-w-long] sub: 0 str: 1 tried: 184182/61394 (300.0)  T: 0.06 T-out: N T-r: 88.74%
c --> Executing OCC strategy token: occ-clean-implicit
c --> Executing OCC strategy token: occ-bve
c [occ-empty-res] Empty resolvent elimed: 0 T: 0.00 T-out: N
c [occ-bve] iter v-elim 11
c cl_inc_rate=1.0, var_dec_rate=1.0 (grow=0)
c Reduced to 2784 vars, 18720 cls (grow=0)
c [occ-bve] iter v-elim 302
c cl_inc_rate=1.1, var_dec_rate=1.1 (grow=8)
c Reduced to 2482 vars, 19965 cls (grow=8)
c x n vars       : 2482
c #try to eliminate:  5959
c #var-elim        :   313
c #T-o: N
c #T-r: 99.99%
c #T  : 0.10
c [occur] 0.04 is overhead
c [occur] link-in T: 0.04 cleanup T: 0.00
c --> Executing OCC strategy token: occ-bva
c --> Executing OCC strategy token: occ-ternary-res
c [occ-ternary-res] Ternary res-tri: 41 res-bin: 0 sub: 3 str: 0 T: 0.00 T-out: N T-r: 99.40%
c --> Executing OCC strategy token: occ-xor
c [occ-xor] sort occur list T: 0.00
c [xor-clean-equiv] removed equivalent xors: 0 left with: 1878
c [occ-xor] found   1878 avg sz 4.0 min sz  4 max sz  5 T: 0.01 T-out: N T-r: 99.98%
c --> Executing strategy token: card-find
c --> Executing strategy token: cl-consolidate
c [mem] consolidate  old-sz: 11643K new-sz: 4335K new bits offs: 20 T: 0.00
c --> Executing strategy token: scc-vrepl
c [scc] new: 0 BP 0M T: 0.00
c --> Executing strategy token: renumber
c --> Executing strategy token: bosphorus
c --> Executing strategy token: louvain-comms
c [consolidate] mini T: 0.00
c global_timeout_multiplier: 3.3000
c [branch] rebuilding order heap for all branchings. Current branching: vmtf
c [find&init matx] performing matrix init
c [gauss] XOR-encoding clauses are not detached, so no need to reattach them.
c [xor-rem-unconnected] left with 1875 xors from 1878 non-empty xors T: 0.00
c [xor-together] xored together: 1831 orig xors: 1875 new xors: 44 T: 0.00
c [xor-rem-unconnected] left with 44 xors from 44 non-empty xors T: 0.00
c [xor-clean-equiv] removed equivalent xors: 0 left with: 44
c [matrix] unused xors from cleaning: 3
c [matrix] Good   matrix  0     44 x  456  density:0.1925  xorlen avg: 87.77
c [matrix] Using 1 matrices recovered from 0 xors T: 0.00 T-out: N
c rst  luby  svd  vmt   201   56K    2482 19033   932    4.12    4.02   206   278   24K   117   28.89   28.76
c rst  luby  svd  vmt   202   56K    2482 19033   932    4.12    4.02   206   282   24K   117   28.86   28.74
c rst  luby  svd  vmt   203   56K    2482 19033   932    4.12    4.02   206   283   24K   117   28.92   28.79
c rst  luby  svd  vmt   204   56K    2482 19033   932    4.12    4.02   207   289   24K   117   28.82   28.70
c rst  luby  svd  vmt   205   56K    2482 19033   932    4.12    4.02   207   291   24K   117   28.83   28.70
c rst  luby  svd  vmt   206   56K    2482 19033   932    4.12    4.02   207   292   24K   117   28.80   28.67
c [g  <0] Disabling GJ-elim in this round.  Usefulness was: 19.2670%  over 52333 calls
c rst  luby  svd  vmt   207   57K    2482 19033   932    4.12    4.02   207   292   24K   117   29.17   29.05
c rst  luby  svd  vmt   208   57K    2482 19033   932    4.12    4.02   211   338   25K   117   29.44   29.32
c rst  luby  svd  vmt   209   57K    2482 19033   932    4.12    4.02   211   343   25K   117   29.52   29.40
c rst  luby  svd  vmt   210   57K    2482 19033   932    4.12    4.02   214   361   25K   117   29.55   29.42
c rst  luby  svd  vmt   211   57K    2482 19033   932    4.12    4.02   219   379   25K   117   29.71   29.58
c rst  luby  svd  vmt   212   58K    2482 19033   932    4.12    4.02   222   391   25K   117   29.75   29.63
c rst  luby  svd  vmt   213   58K    2482 19033   932    4.12    4.02   222   402   25K   117   29.81   29.69
c rst  luby  svd  vmt   214   58K    2482 19033   932    4.12    4.02   226   415   25K   117   29.90   29.77
c rst  luby  svd  vmt   215   58K    2482 19033   932    4.12    4.02   230   454   26K   117   29.93   29.81
c rst  luby  svd  vmt   216   59K    2482 19033   932    4.12    4.02   242   510   26K   117   29.98   29.86
c rst  luby  svd  vmt   217   61K    2482 19033   932    4.12    4.02   428   577   24K   117   28.64   28.52
c [full-probe]  bin_only: 1 set: 0 repl: 0 T: 0.00 T-out: N T-r: 99.82%
c rst  geom best  vmt   218   61K    2482 19033   932    4.12    4.02   428   579   24K   117   28.73   28.61
c rst  geom best  vmt   219   61K    2482 19033   932    4.12    4.02   434   586   24K   117   28.80   28.68
c rst  geom best  vmt   220   61K    2482 19033   932    4.12    4.02   438   606   24K   117   28.81   28.69
c rst  geom best  vmt   221   61K    2482 19033   932    4.12    4.02   441   617   24K   117   28.82   28.70
c rst  geom best  vmt   222   61K    2482 19033   932    4.12    4.02   442   634   24K   117   28.84   28.72
c rst  geom best  vmt   223   61K    2482 19033   932    4.12    4.02   442   644   25K   117   28.91   28.79
c rst  geom best  vmt   224   62K    2482 19033   932    4.12    4.02   449   673   25K   117   28.94   28.82
c rst  geom best  vmt   225   62K    2482 19033   932    4.12    4.02   450   695   25K   117   29.00   28.88
c rst  geom best  vmt   226   62K    2482 19033   932    4.12    4.02   456   714   25K   117   29.25   29.14
c rst  geom best  vmt   227   62K    2482 19033   932    4.12    4.02   459   738   25K   117   29.31   29.19
c rst  geom best  vmt   228   63K    2482 19033   932    4.12    4.02   462   766   26K   117   29.40   29.29
c [branch] adjusting to: vsid (from: vmtf) var_decay:0.95 descr: VSIDS
c rst  geom best   vs   229   63K    2482 19033   932    4.12    4.02   462   769   26K   118   29.46   29.34
c rst  geom best   vs   230   63K    2482 19033   932    4.12    4.02   462   780   26K   118   29.57   29.45
c rst  geom best   vs   231   63K    2482 19033   932    4.12    4.02   463   791   26K   118   29.60   29.48
c rst  geom best   vs   232   63K    2482 19033   932    4.12    4.02   465   811   26K   118   29.69   29.58
c rst  geom best   vs   233   63K    2482 19033   932    4.12    4.02   467   822   26K   118   29.73   29.62
c rst  geom best   vs   234   64K    2482 19033   932    4.12    4.02   467   831   26K   118   29.80   29.68
c rst  geom best   vs   235   64K    2482 19033   932    4.12    4.02   472   843   27K   118   29.83   29.71
c rst  geom best   vs   236   64K    2482 19033   932    4.12    4.02   478   852   27K   118   29.94   29.83
c rst  geom best   vs   237   64K    2482 19033   932    4.12    4.02   482   863   27K   118   29.99   29.88
c rst  geom best   vs   238   64K    2482 19033   932    4.12    4.02   483   874   27K   118   30.18   30.06
c rst  geom best   vs   239   65K    2482 19033   932    4.12    4.02   484   886   28K   118   30.25   30.14
c rst  geom best   vs   240   65K    2482 19033   932    4.12    4.02   484   893   28K   118   30.36   30.25
c rst  geom best   vs   241   65K    2482 19033   932    4.12    4.02   489   906   28K   118   30.34   30.23
c rst  geom best   vs   242   66K    2482 19033   932    4.12    4.02   494   922   29K   118   30.46   30.35
c [distill-long-red0] cls tried: 305/305 T: 0.01 T-out: N T-r: 99.77%
c [distill-long-red1] cls tried: 76/852 T: 0.01 T-out: Y T-r: -2.13%
c rst  geom best   vs   243   66K    2482 19033   932    4.12    4.02   495   933   29K   119   30.40   30.29
c rst  geom best   vs   244   67K    2482 19033   932    4.12    4.02   502   946   29K   119   30.50   30.40
c rst  geom  stb   vs   245   67K    2482 19033   932    4.12    4.02   513   969   30K   119   30.77   30.66
c rst  geom  stb   vs   246   68K    2482 19033   932    4.12    4.02   515   992   30K   119   30.88   30.78
c rst  geom  stb   vs   247   68K    2482 19033   932    4.12    4.02   521  1020   31K   119   30.93   30.82
c rst  geom  stb   vs   248   69K    2482 19033   932    4.12    4.02   521  1030   32K   119   30.99   30.89
c rst  geom  stb   vs   249   70K    2482 19033   932    4.12    4.02   913   653   32K   119   31.01   30.91
c rst  geom  stb   vs   250   70K    2482 19033   932    4.12    4.02   915   658   33K   119   31.00   30.91
c rst  geom  stb   vs   251   71K    2482 19033   932    4.12    4.02   918   669   34K   119   31.12   31.03
c rst  geom  stb   vs   252   72K    2482 19033   932    4.12    4.02   922   680   35K   119   31.16   31.07
c rst  geom  stb   vs   253   73K    2482 19033   932    4.12    4.02   924   685   36K   119   31.33   31.24
c [distill-bin] useful: 5/932/932 lits-rem: 0 cl-rem: 5 0-depth-assigns: 0 T: 0.01 T-out: N
c rst  geom ibes   vs   254   74K    2482 19033   927    4.12    4.02   930   716   37K   119   31.72   31.63
c [branch] adjusting to: vmtf (from: vsid) var_decay:0.95 descr: VMTF
c rst  luby ibes  vmt   255   75K    2482 19033   927    4.12    4.02   980  1193   30K   119   32.00   31.89
c rst  luby ibes  vmt   256   75K    2482 19033   927    4.12    4.02   981  1202   30K   119   32.01   31.90
c rst  luby ibes  vmt   257   75K    2482 19033   927    4.12    4.02   984  1215   30K   119   32.03   31.92
c rst  luby ibes  vmt   258   75K    2482 19033   927    4.12    4.02   985  1218   30K   119   32.04   31.93
c rst  luby ibes  vmt   259   75K    2482 19033   927    4.12    4.02   986  1234   30K   119   32.07   31.96
c rst  luby ibes  vmt   260   75K    2482 19033   927    4.12    4.02   987  1241   30K   119   32.09   31.98
c rst  luby ibes  vmt   261   76K    2482 19033   927    4.12    4.02   990  1268   31K   119   32.10   31.99
c rst  luby ibes  vmt   262   76K    2482 19033   927    4.12    4.02   990  1274   31K   119   32.14   32.04
c rst  luby ibes  vmt   263   76K    2482 19033   927    4.12    4.02   993  1277   31K   119   32.13   32.02
c rst  luby ibes  vmt   264   76K    2482 19033   927    4.12    4.02   995  1289   31K   119   32.16   32.05
c rst  luby ibes  vmt   265   76K    2482 19033   927    4.12    4.02   995  1292   31K   119   32.17   32.06
c rst  luby ibes  vmt   266   76K    2482 19033   927    4.12    4.02   995  1298   31K   119   32.20   32.09
c rst  luby ibes  vmt   267   76K    2482 19033   927    4.12    4.02   997  1316   31K   119   32.24   32.13
c rst  luby ibes  vmt   268   77K    2482 19033   927    4.12    4.02  1001  1324   32K   119   32.30   32.20
c [distill] watch-based irred--  cl tried     7468 cl-sh   162 cl-rem  166 lit-rem    167 T: 0.00 T-out: N
c [distill] watch-based   red--  cl tried     2002 cl-sh   277 cl-rem    0 lit-rem    501 T: 0.00 T-out: N
c rst  luby ibes  vmt   269   78K    2482 18864   944    4.11    4.01  1003  1338   33K   105   32.33   32.24
c rst  luby ibes  vmt   270   78K    2482 18864   944    4.11    4.01  1004  1345   33K   105   32.32   32.23
c rst  luby ibes  vmt   271   78K    2482 18864   944    4.11    4.01  1005  1347   33K   105   32.33   32.24
c rst  luby ibes  vmt   272   78K    2482 18864   944    4.11    4.01  1005  1351   33K   105   32.44   32.35
c rst  luby ibes  vmt   273   78K    2482 18864   944    4.11    4.01  1006  1352   33K   105   32.43   32.34
c rst  luby ibes  vmt   274   78K    2482 18864   944    4.11    4.01  1007  1356   33K   105   32.42   32.33
c rst  luby ibes  vmt   275   78K    2482 18864   944    4.11    4.01  1009  1370   33K   105   32.45   32.36
c rst  luby ibes  vmt   276   79K    2482 18864   944    4.11    4.01  1011  1381   34K   105   32.41   32.32
c rst  luby ibes  vmt   277   79K    2482 18864   944    4.11    4.01  1011  1383   34K   105   32.39   32.31
c rst  luby ibes  vmt   278   79K    2482 18864   944    4.11    4.01  1012  1389   34K   105   32.45   32.37
c rst  luby  svd  vmt   279   79K    2482 18864   944    4.11    4.01  1014  1395   34K   105   32.45   32.37
c rst  luby  svd  vmt   280   79K    2482 18864   944    4.11    4.01  1015  1400   34K   105   32.47   32.38
c rst  luby  svd  vmt   281   79K    2482 18864   944    4.11    4.01  1016  1405   34K   105   32.46   32.37
c rst  luby  svd  vmt   282   80K    2482 18864   944    4.11    4.01  1235  1165   35K   105   32.47   32.38
c rst  luby  svd  vmt   283   80K    2482 18864   944    4.11    4.01  1235  1171   35K   105   32.49   32.41
c rst  luby  svd  vmt   284   81K    2482 18864   944    4.11    4.01  1239  1192   36K   105   32.52   32.44
c [distill-long-red0] cls tried: 794/794 T: 0.02 T-out: N T-r: 99.16%
c [distill-long-red1] cls tried: 68/1061 T: 0.01 T-out: Y T-r: -2.22%
c [full-probe]  bin_only: 0 set: 0 repl: 0 T: 0.01 T-out: N T-r: 96.73%
c rst  luby  svd  vmt   285   82K    2482 18864   944    4.11    4.01  1248  1215   37K   108   32.54   32.46
c rst  luby  svd  vmt   286   83K    2482 18864   944    4.11    4.01  1256  1240   37K   109   32.50   32.42
c rst  luby  svd  vmt   287   83K    2482 18864   944    4.11    4.01  1256  1240   37K   109   32.48   32.39
c rst  luby  svd  vmt   288   83K    2482 18864   944    4.11    4.01  1256  1244   38K   109   32.47   32.39
c rst  luby  svd  vmt   289   83K    2482 18864   944    4.11    4.01  1257  1250   38K   109   32.44   32.36
c rst  luby  svd  vmt   290   83K    2482 18864   944    4.11    4.01  1257  1250   38K   109   32.42   32.34
c rst  luby  svd  vmt   291   83K    2482 18864   944    4.11    4.01  1257  1253   38K   109   32.34   32.26
c rst  luby  svd  vmt   292   84K    2482 18864   944    4.11    4.01  1266  1269   38K   109   32.21   32.14
c rst  luby  svd  vmt   293   84K    2482 18864   944    4.11    4.01  1267  1273   38K   109   32.19   32.11
c rst  luby  svd  vmt   294   84K    2482 18864   944    4.11    4.01  1267  1279   39K   109   32.16   32.08
c rst  luby  svd  vmt   295   84K    2482 18864   944    4.11    4.01  1267  1279   39K   109   32.09   32.02
c rst  luby  svd  vmt   296   84K    2482 18864   944    4.11    4.01  1267  1280   39K   109   32.05   31.98
c rst  luby  svd  vmt   297   84K    2482 18864   944    4.11    4.01  1267  1284   39K   109   32.01   31.94
c rst  luby  svd  vmt   298   85K    2482 18864   944    4.11    4.01  1267  1289   39K   109   32.00   31.93
c rst  luby  svd  vmt   299   85K    2482 18864   944    4.11    4.01  1269  1305   40K   109   31.94   31.86
c rst  luby  svd  vmt   300   86K    2482 18864   944    4.11    4.01  1270  1325   40K   109   31.80   31.73
c rst  geom best  vmt   301   86K    2482 18864   944    4.11    4.01  1270  1329   40K   109   31.81   31.74
c rst  geom best  vmt   302   86K    2482 18864   944    4.11    4.01  1271  1333   41K   109   31.80   31.73
c rst  geom best  vmt   303   86K    2482 18864   944    4.11    4.01  1271  1334   41K   109   31.79   31.72
c rst  geom best  vmt   304   86K    2482 18864   944    4.11    4.01  1273  1343   41K   109   31.77   31.70
c rst  geom best  vmt   305   86K    2482 18864   944    4.11    4.01  1275  1361   41K   109   31.72   31.65
c rst  geom best  vmt   306   87K    2482 18864   944    4.11    4.01  1276  1366   41K   109   31.68   31.61
c rst  geom best  vmt   307   87K    2482 18864   944    4.11    4.01  1276  1371   41K   109   31.66   31.59
c rst  geom best  vmt   308   87K    2482 18864   944    4.11    4.01  1277  1377   42K   109   31.63   31.56
c rst  geom best  vmt   309   87K    2482 18864   944    4.11    4.01  1278  1387   42K   109   31.71   31.64
c [branch] adjusting to: vsid (from: vmtf) var_decay:0.95 descr: VSIDS
c rst  geom best   vs   310   87K    2482 18864   944    4.11    4.01  1279  1391   42K   109   31.75   31.67
c rst  geom best   vs   311   87K    2482 18864   944    4.11    4.01  1279  1394   42K   109   31.78   31.71
c rst  geom best   vs   312   88K    2482 18864   944    4.11    4.01  1279  1403   42K   109   31.84   31.77
c rst  geom best   vs   313   88K    2482 18864   944    4.11    4.01  1280  1409   42K   109   31.88   31.80
c [ccnr] tries: 0 steps: 262143 best found: 14
c [ccnr] tries: 0 steps: 524287 best found: 14
c [ccnr] tries: 0 steps: 786431 best found: 14
c [ccnr] saving best assignment phase to stable_polar
c [ccnr] bumping based on var unsat frequency: conflict_ct
c [ccnr] Bumped vars: 2807 bump type: 6
c [ccnr] time: 0.56
c rst  geom best   vs   314   88K    2482 18864   944    4.11    4.01  1283  1418   42K   109   31.90   31.83
c rst  geom best   vs   315   88K    2482 18864   944    4.11    4.01  1283  1424   43K   109   31.96   31.89
c rst  geom best   vs   316   88K    2482 18864   944    4.11    4.01  1284  1428   43K   109   31.99   31.92
c rst  geom best   vs   317   88K    2482 18864   944    4.11    4.01  1285  1440   43K   109   32.05   31.98
c rst  geom best   vs   318   89K    2482 18864   944    4.11    4.01  1285  1446   43K   109   32.09   32.02
c rst  geom best   vs   319   89K    2482 18864   944    4.11    4.01  1285  1453   43K   109   32.15   32.08
c rst  geom best   vs   320   89K    2482 18864   944    4.11    4.01  1288  1458   44K   109   32.18   32.11
c rst  geom best   vs   321   90K    2482 18864   944    4.11    4.01  2052  1575   33K   109   33.57   33.48
c rst  geom best   vs   322   90K    2482 18864   944    4.11    4.01  2053  1586   33K   109   33.60   33.51
c rst  geom best   vs   323   90K    2482 18864   944    4.11    4.01  2056  1593   33K   109   33.68   33.59
c rst  geom best   vs   324   91K    2482 18864   944    4.11    4.01  2058  1603   34K   109   33.63   33.54
c rst  geom best   vs   325   91K    2482 18864   944    4.11    4.01  2059  1609   34K   109   33.70   33.61
c rst  geom best   vs   326   92K    2482 18864   944    4.11    4.01  2062  1621   35K   109   33.68   33.60
c rst  geom  stb   vs   327   92K    2482 18864   944    4.11    4.01  2063  1632   35K   109   33.70   33.62
c rst  geom  stb   vs   328   93K    2482 18864   944    4.11    4.01  2065  1639   36K   109   33.95   33.86
c rst  geom  stb   vs   329   93K    2482 18864   944    4.11    4.01  2065  1647   36K   109   34.03   33.95
c [distill-bin] useful: 4/944/944 lits-rem: 0 cl-rem: 4 0-depth-assigns: 0 T: 0.01 T-out: N
c rst  geom  stb   vs   330   94K    2482 18864   940    4.11    4.01  2068  1661   37K   109   34.12   34.04
c rst  geom  stb   vs   331   95K    2482 18864   940    4.11    4.01  2069  1666   38K   109   34.14   34.06
c rst  geom  stb   vs   332   96K    2482 18864   940    4.11    4.01  2070  1670   39K   109   34.14   34.06
c rst  geom  stb   vs   333   97K    2482 18864   940    4.11    4.01  2072  1676   40K   109   34.23   34.16
c [distill-long-red0] cls tried: 810/810 T: 0.07 T-out: N T-r: 97.56%
c [distill-long-red1] cls tried: 46/1499 T: 0.01 T-out: Y T-r: -4.49%
c rst  geom  stb   vs   334   98K    2482 18864   940    4.11    4.01  2069  1679   41K   112   34.18   34.10
c rst  geom ibes   vs   335   99K    2482 18864   940    4.11    4.01  2072  1697   42K   112   34.41   34.33
c rst  geom ibes   vs   336  100K    2482 18864   940    4.11    4.01  2156  1621   43K   112   34.33   34.25
c [impl-str] lit bin: 0 set-var: 0 T: 0.00 T-out: N T-r: 99.95% w-visit: 5614
c [impl-sub] bin: 3 T: 0.00 T-out: N w-visit: 5614
c rst  geom ibes   vs   337  102K    2482 18864   940    4.11    4.01  2159  1633   45K   109   34.43   34.35
c [branch] adjusting to: vmtf (from: vsid) var_decay:0.95 descr: VMTF
c [full-probe]  bin_only: 1 set: 0 repl: 0 T: 0.01 T-out: N T-r: 99.57%
c rst  luby ibes  vmt   338  102K    2482 18864   940    4.11    4.01  2175  1664   45K   109   34.42   34.35
c rst  luby ibes  vmt   339  102K    2482 18864   940    4.11    4.01  2175  1670   45K   109   34.38   34.31
c [distill] watch-based irred--  cl tried     7295 cl-sh     1 cl-rem    2 lit-rem      1 T: 0.01 T-out: N
c [distill] watch-based   red--  cl tried     4347 cl-sh   158 cl-rem    3 lit-rem    427 T: 0.01 T-out: N
c rst  luby ibes  vmt   340  102K    2482 18861   942    4.11    4.01  2174  1675   45K   108   34.31   34.24
c rst  luby ibes  vmt   341  102K    2482 18861   942    4.11    4.01  2174  1681   45K   108   34.28   34.21
c rst  luby ibes  vmt   342  102K    2482 18861   942    4.11    4.01  2174  1685   45K   108   34.26   34.19
c rst  luby ibes  vmt   343  102K    2482 18861   942    4.11    4.01  2174  1690   45K   108   34.21   34.14
c rst  luby ibes  vmt   344  103K    2482 18861   942    4.11    4.01  2174  1698   46K   108   34.09   34.02
c rst  luby ibes  vmt   345  103K    2482 18861   942    4.11    4.01  2174  1705   46K   108   34.05   33.98
c rst  luby ibes  vmt   346  103K    2482 18861   942    4.11    4.01  2174  1710   46K   108   34.03   33.96
c rst  luby ibes  vmt   347  103K    2482 18861   942    4.11    4.01  2174  1713   46K   108   33.96   33.89
c rst  luby ibes  vmt   348  103K    2482 18861   942    4.11    4.01  2174  1713   46K   108   33.92   33.85
c rst  luby ibes  vmt   349  103K    2482 18861   942    4.11    4.01  2174  1717   46K   108   33.90   33.83
c rst  luby ibes  vmt   350  104K    2482 18861   942    4.11    4.01  2174  1717   46K   108   33.82   33.75
c rst  luby ibes  vmt   351  104K    2482 18861   942    4.11    4.01  2174  1731   47K   109   33.70   33.63
c rst  luby  svd  vmt   352  105K    2482 18861   942    4.11    4.01  2359  2156   35K   109   31.97   31.89
c rst  luby  svd  vmt   353  105K    2482 18861   942    4.11    4.01  2360  2159   35K   109   31.93   31.85
c rst  luby  svd  vmt   354  105K    2482 18861   942    4.11    4.01  2360  2161   35K   109   31.88   31.80
c rst  luby  svd  vmt   355  105K    2482 18861   942    4.11    4.01  2362  2164   36K   109   31.81   31.73
c rst  luby  svd  vmt   356  105K    2482 18861   942    4.11    4.01  2363  2167   36K   109   31.81   31.73
c rst  luby  svd  vmt   357  105K    2482 18861   942    4.11    4.01  2363  2172   36K   109   31.80   31.72
c rst  luby  svd  vmt   358  106K    2482 18861   942    4.11    4.01  2364  2183   36K   109   31.76   31.68
c rst  luby  svd  vmt   359  106K    2482 18861   942    4.11    4.01  2366  2189   36K   109   31.64   31.56
c rst  luby  svd  vmt   360  106K    2482 18861   942    4.11    4.01  2366  2189   36K   109   31.61   31.54
c rst  luby  svd  vmt   361  106K    2482 18861   942    4.11    4.01  2367  2192   37K   109   31.58   31.51
c rst  luby  svd  vmt   362  107K    2482 18861   942    4.11    4.01  2368  2195   37K   109   31.53   31.46
c rst  luby  svd  vmt   363  107K    2482 18861   942    4.11    4.01  2368  2196   37K   109   31.49   31.42
c rst  luby  svd  vmt   364  107K    2482 18861   942    4.11    4.01  2368  2198   37K   109   31.46   31.38
c rst  luby  svd  vmt   365  107K    2482 18861   942    4.11    4.01  2368  2203   37K   109   31.40   31.32
c rst  luby  svd  vmt   366  107K    2482 18861   942    4.11    4.01  2368  2208   38K   109   31.29   31.21
c rst  luby  svd  vmt   367  108K    2482 18861   942    4.11    4.01  2372  2222   38K   109   31.18   31.11
c rst  luby  svd  vmt   368  110K    2482 18861   942    4.11    4.01  3024  1588   40K   110   30.68   30.61
c rst  luby  svd  vmt   369  110K    2482 18861   942    4.11    4.01  3025  1590   40K   110   30.65   30.58
c rst  luby  svd  vmt   370  110K    2482 18861   942    4.11    4.01  3027  1592   40K   110   30.62   30.55
c rst  luby  svd  vmt   371  110K    2482 18861   942    4.11    4.01  3028  1595   40K   110   30.56   30.49
c rst  luby  svd  vmt   372  110K    2482 18861   942    4.11    4.01  3028  1600   40K   110   30.55   30.48
c rst  geom best  vmt   373  110K    2482 18861   942    4.11    4.01  3028  1604   40K   110   30.51   30.44
c rst  geom best  vmt   374  110K    2482 18861   942    4.11    4.01  3028  1606   41K   110   30.47   30.40
c rst  geom best  vmt   375  111K    2482 18861   942    4.11    4.01  3030  1609   41K   110   30.45   30.38
c rst  geom best  vmt   376  111K    2482 18861   942    4.11    4.01  3030  1609   41K   110   30.41   30.34
c rst  geom best  vmt   377  111K    2482 18861   942    4.11    4.01  3030  1611   41K   110   30.37   30.30
c rst  geom best  vmt   378  111K    2482 18861   942    4.11    4.01  3034  1627   41K   110   30.33   30.26
c rst  geom best  vmt   379  111K    2482 18861   942    4.11    4.01  3034  1629   41K   110   30.30   30.23
c rst  geom best  vmt   380  111K    2482 18861   942    4.11    4.01  3034  1631   42K   110   30.25   30.18
c rst  geom best  vmt   381  112K    2482 18861   942    4.11    4.01  3034  1633   42K   110   30.20   30.14
c rst  geom best  vmt   382  112K    2482 18861   942    4.11    4.01  3035  1634   42K   110   30.13   30.07
c [distill-long-red0] cls tried: 1055/1055 T: 0.10 T-out: N T-r: 96.81%
c [distill-long-red1] cls tried: 29/1440 T: 0.01 T-out: Y T-r: -3.17%
c rst  geom best  vmt   383  112K    2482 18861   942    4.11    4.01  3039  1648   42K   110   30.03   29.96
c rst  geom best  vmt   384  113K    2482 18861   942    4.11    4.01  3039  1649   43K   110   29.98   29.91
c rst  geom best  vmt   385  113K    2482 18861   942    4.11    4.01  3039  1652   43K   110   29.94   29.87
c ------- FINAL TOTAL SEARCH STATS ---------
c UIP search time          : 15.25       (98.28     % time)
c All times are for this thread only except if explicitly specified
c restarts                 : 385         (294.18    confls per restart)
c blocked restarts         : 0           (0.00      per normal restart)
c time                     : 15.25       
c decisions                : 130657      (0.00      % random)
c propagations             : 45M         (2983K     props/s)
c decisions/conflicts      : 1.15        
c conflicts                : 113258      
c LEARNT stats
c units learnt             : 0           (0.00      % of conflicts)
c bins learnt              : 88          (0.08      % of conflicts)
c long learnt              : 113489      (100.20    % of conflicts)
c red which0               : 643         (0.57      % of confl)
c SEAMLESS HYPERBIN&TRANS-RED stats
c advProp called           : 0           
c hyper-bin add bin        : 0           (0.00      bin/call)
c trans-red rem irred bin  : 0           (0.00      bin/call)
c trans-red rem red bin    : 0           (0.00      bin/call)
c CONFL LITS stats
c orig                     : 19388043    (171.18    lit/confl)
c recurs-min effective     : 101988      (90.05     % attempt successful)
c recurs-min lits          : 14878661    (76.74     % less overall)
c permDiff call%           : 2.99        (0.00      % attempt successful)
c permDiff lits-rem        : 0           (0.00      less lits/cl on attempts)
c further-min call%        : 0.04        (26.83     % attempt successful)
c bintri-min lits          : 27          (0.00      % less overall)
c final avg                : 39.82       
c all-threads sum CPU time : 15.25        s
c PROP stats
c Mbogo-props              : 93.05       (6.10      / sec)
c MHyper-props             : 0.05        (0.00      / sec)
c Mprops                   : 45.51       (2.98      / sec)
c -------- OccSimplifier STATS ----------
c time                     : 0.13        (0.00      % var-elim)
c called                   : 1           (0.13      s per call)
c 0-depth assigns          : 0           (0.00      % vars)
c -------- OccSimplifier STATS END ----------
c -------- SubsumeStrengthen STATS ----------
c cl-subs                  : 67           Clauses
c cl-str rem lit           : 30           Lits
c cl-sub T                 : 0.01         s
c cl-str T                 : 0.06         s
c -------- SubsumeStrengthen STATS END ----------
c ----- SCC STATS --------
c time                     : 0.00        (0.00      per call)
c called                   : 4           (2.25      new found per call)
c found                    : 9           (50.00     % of all found)
c bogoprops                : 128070      % of all found
c ----- SCC STATS END --------
c --------- VAR REPLACE STATS ----------
c time                     : 0.05        (0.02      per call)
c trees' crown             : 9           (0.32      % of vars)
c 0-depth assigns          : 0           (0.00      % vars)
c lits replaced            : 20342       
c bin cls removed          : 36          
c long cls removed         : 2           
c long lits removed        : 2015        
c bogoprops                : 749532      
c --------- VAR REPLACE STATS END ----------
c vrep replace time        : 0.05        (0.33      % time)
c vrep tree roots          : 4           
c vrep trees' crown        : 9           (2.25      leafs/tree)
c -------- DISTILL-BIN STATS --------
c time                     : 0.06        (0.01      per call)
c timed out                : 1           (20.00     % of calls)
c distill/checked/potential: 0          /6370/6818
c lits-rem                 : 0           
c 0-depth-assigns          : 0           (0.00      % of vars)
c -------- DISTILL STATS END --------
c -------- STRENGTHEN STATS --------
c --> watch-based on irred cls
c time                     : 0.01        (0.00      s/call)
c shrinked/tried/total     : 163        /18026/144098
c subsumed/tried/total     : 173        /18026/144098
c lits-rem                 : 168         (0.22      % of lits tried)
c called                   : 8           (0.00      % ran out of time)
c --> watch-based on red cls
c time                     : 0.01        (0.00      s/call)
c shrinked/tried/total     : 480        /8707/8707
c subsumed/tried/total     : 7          /8707/8707
c lits-rem                 : 994         (1.93      % of lits tried)
c called                   : 8           (0.00      % ran out of time)
c -------- STRENGTHEN STATS END --------
c -------- IMPLICIT SUB  STATS --------
c time                     : 0.00        (0.00      per call)
c timed out                : 0           (0.00      % of calls)
c rem bins                 : 43          
c -------- IMPLICIT SUB STATS END --------
c Mem used                 : 36          MB
c Mem for longclauses      : 10          MB (28.48     %)
c Mem for watch alloc      : 7           MB (19.64     %)
c Mem for watch array      : 0           MB (0.35      %)
c Mem for assings&vardata  : 0           MB (0.21      %)
c Mem for search&solve     : 0           MB (0.57      %)
c Mem for renumberer       : 0           MB (0.07      %)
c Mem for occsimplifier    : 0           MB (1.97      %)
c Mem for varReplacer&SCC  : 0           MB (0.16      %)
c Mem for impl subsume     : 0           MB (0.00      %)
c Mem for 3 distills       : 0           MB (0.00      %)
c Accounted for mem (rss)  : 51.45       %
c Accounted for mem (vm)   : 47.59       %
c restarts                 : 385         (294.18    confls per restart)
c blocked restarts         : 0           (0.00      per normal restart)
c time                     : 15.25       
c decisions                : 130657      (0.00      % random)
c propagations             : 45M         (2983K     props/s)
c decisions/conflicts      : 1.15        
c conflicts                : 113258      
c conf lits non-minim      : 19388043    (171.18    lit/confl)
c conf lits final          : 39.82       
c red which0               : 643         (0.57      % of confl)
c props/decision           : 0.00        
c props/conflict           : 0.00        
c 0-depth assigns          : 3           (0.11      % vars)
c 0-depth assigns by CNF   : 2           (0.07      % vars)
c reduceDB time            : 0.02        (0.15      % time)
c OccSimplifier time       : 0.13        (0.85      % time)
c [occur] 0.05 is overhead
c [occur] link-in T: 0.04 cleanup T: 0.01
c [occ-substr] long subBySub: 65 subByStr: 2 lits-rem-str: 30 T: 0.08
c SCC time                 : 0.00        (0.01      % time)
c [scc] new: 9 BP 0M  T: 0.00
c vrep replace time        : 0.05        (0.33      % time)
c vrep tree roots          : 4           
c vrep trees' crown        : 9           (2.25      leafs/tree)
c distill long time        : 0.37        (2.36      % time)
c distill bin time         : 0.06        (0.38      % time)
c strength cache-irred time: 0.01        (0.10      % time)
c strength cache-red time  : 0.01        (0.05      % time)
c avg cls in red 0         : 916.49      
c avg cls in red 1         : 1096.86     
c avg cls in red 2         : 29356.32    
c Conflicts in UIP         : 113258      (7296.92   confl/time_this_thread)
c Max Memory (rss) used    : 37808 kB    
c Total time (this thread) : 15.52       
s SATISFIABLE
v 1 -2 3 4 5 6 -7 8 -9 -10 -11 -12 13 -14 -15 -16 -17 18 -19 20 -21 -22 -23 -24 
v -25 -26 -27 -28 -29 -30 -31 32 -33 -34 -35 -36 -37 38 -39 -40 -41 -42 -43 44 
v -45 -46 -47 -48 -49 50 -51 -52 -53 -54 55 -56 -57 -58 -59 60 -61 -62 -63 -64 
v -65 -66 67 -68 -69 -70 -71 72 73 -74 -75 -76 -77 78 79 -80 -81 -82 -83 84 85 
v -86 -87 -88 -89 90 -91 -92 -93 -94 -95 -96 97 -98 -99 -100 -101 102 -103 -104 
v -105 -106 -107 -108 -109 -110 -111 -112 -113 -114 -115 -116 -117 -118 -119 
v -120 -121 -122 -123 -124 -125 -126 -127 -128 -129 -130 -131 -132 133 -134 
v -135 -136 -137 138 -139 -140 -141 -142 -143 -144 -145 -146 -147 -148 -149 
v -150 -151 -152 -153 -154 -155 -156 -157 -158 -159 -160 -161 -162 -163 -164 
v -165 -166 -167 -168 -169 -170 -171 -172 -173 -174 -175 -176 -177 -178 -179 
v -180 -181 -182 -183 -184 -185 -186 -187 -188 -189 -190 -191 -192 -193 -194 
v -195 -196 -197 -198 -199 -200 -201 -202 -203 -204 205 -206 -207 -208 -209 210 
v -211 -212 -213 -214 -215 -216 -217 -218 -219 -220 -221 -222 -223 -224 -225 
v -226 -227 -228 -229 -230 -231 -232 -233 -234 -235 -236 -237 -238 -239 -240 
v 241 -242 -243 -244 -245 246 -247 -248 -249 -250 -251 -252 -253 -254 -255 -256 
v -257 -258 -259 -260 -261 -262 -263 -264 -265 -266 -267 -268 -269 -270 -271 
v -272 -273 -274 -275 -276 277 -278 -279 -280 -281 282 -283 -284 -285 -286 -287 
v -288 -289 -290 -291 -292 -293 -294 -295 -296 -297 -298 -299 -300 -301 -302 
v -303 -304 -305 -306 -307 -308 -309 -310 -311 -312 313 -314 -315 -316 -317 318 
v -319 -320 -321 -322 -323 -324 -325 -326 -327 -328 -329 -330 -331 -332 -333 
v -334 -335 -336 -337 -338 -339 -340 -341 -342 -343 344 345 346 347 -348 349 
v -350 351 -352 -353 354 -355 356 357 358 359 -360 361 -362 363 364 365 -366 
v -367 368 369 370 371 -372 -373 -374 -375 -376 -377 -378 -379 -380 -381 -382 
v -383 -384 -385 -386 -387 -388 -389 -390 -391 -392 393 -394 395 396 397 -398 
v -399 400 401 402 403 -404 -405 -406 -407 -408 409 -410 411 412 413 -414 -415 
v 416 417 418 419 -420 -421 -422 -423 -424 425 -426 427 428 429 -430 -431 432 
v 433 434 435 -436 -437 -438 -439 -440 441 -442 443 444 445 -446 -447 448 449 
v 450 451 -452 -453 -454 -455 -456 -457 -458 -459 -460 -461 -462 -463 -464 -465 
v -466 -467 -468 -469 -470 -471 -472 473 -474 475 476 477 -478 -479 480 481 482 
v 483 -484 -485 -486 -487 -488 -489 -490 -491 -492 -493 -494 -495 -496 -497 
v -498 -499 -500 -501 -502 -503 -504 505 -506 507 508 509 -510 -511 512 513 514 
v 515 -516 -517 -518 -519 -520 -521 -522 -523 -524 -525 -526 -527 -528 -529 
v -530 -531 -532 -533 -534 -535 -536 -537 -538 -539 -540 -541 -542 -543 -544 
v -545 -546 -547 -548 -549 -550 -551 -552 553 -554 555 556 557 -558 -559 560 
v 561 562 563 -564 -565 -566 -567 -568 -569 -570 -571 -572 -573 -574 -575 -576 
v -577 -578 -579 -580 -581 -582 -583 -584 585 -586 587 588 589 -590 -591 592 
v 593 594 595 -596 -597 -598 -599 -600 601 -602 603 604 605 -606 -607 608 609 
v 610 611 -612 -613 -614 -615 -616 617 -618 619 620 621 -622 -623 624 625 626 
v 627 -628 -629 -630 -631 -632 633 -634 635 636 637 -638 -639 640 641 642 643 
v -644 -645 -646 -647 -648 -649 -650 -651 -652 -653 -654 -655 -656 -657 -658 
v -659 -660 -661 -662 -663 664 665 666 -667 -668 669 670 671 672 -673 -674 -675 
v -676 -677 -678 -679 -680 -681 -682 -683 -684 -685 -686 -687 -688 -689 690 691 
v -692 -693 694 695 696 697 -698 -699 -700 -701 702 -703 -704 705 706 707 708 
v -709 -710 -711 -712 -713 -714 715 716 717 718 -719 -720 -721 -722 -723 -724 
v -725 -726 -727 -728 -729 -730 -731 -732 -733 -734 -735 -736 -737 -738 -739 
v 740 741 742 -743 -744 -745 -746 747 748 -749 -750 -751 -752 753 -754 -755 
v -756 -757 -758 -759 -760 -761 -762 -763 -764 -765 -766 -767 768 769 770 771 
v 772 773 774 775 776 777 778 779 780 781 782 -783 -784 -785 -786 -787 -788 
v -789 -790 -791 -792 -793 -794 -795 -796 -797 798 799 800 -801 -802 -803 -804 
v -805 0
c [g 0] truth-find prop checks  : 37K
c [g 0] -> of which prop        : 18.51 %
c [g 0] -> of which confl       :  1.19 %
c [g 0] elim called             : 8791
c [g 0] ---> which lead to prop : 29.34 %
c [g 0] ---> which lead to confl:  1.49 %
c [g 0] size: 44    x 456  

real	0m15.710s
user	0m15.523s
sys	0m0.035s
