c BreakID not compiled in, disabling
c CryptoMiniSat version 5.11.19
c CMS Copyright (C) 2009-2020 Authors of CryptoMiniSat, see AUTHORS file
c CMS SHA revision b80e09ebd7703fc13b987401d693d7d406a50441
c Using VMTF code by Armin Biere from CaDiCaL
c Using Yalsat by Armin Biere, see Balint et al. Improving implementation of SLS solvers [...], SAT'14
c Using WalkSAT by Henry Kautz, see Kautz and Selman Pushing the envelope: planning, propositional logic, and stochastic search, AAAI'96,
c CMS is MIT licensed
c Using code from 'When Boolean Satisfiability Meets Gauss-E. in a Simplex Way'
c       by C.-S. Han and J.-H. Roland Jiang in CAV 2012. Fixes by M. Soos
c Using CCAnr from 'CCAnr: A Conf. Checking Based Local Search Solver [...]'
c       by Shaowei Cai, Chuan Luo, and Kaile Su, SAT 2015
c CMS compilation env CMAKE_CXX_COMPILER = /usr/bin/c++ | CMAKE_CXX_FLAGS =  -fvisibility=hidden -Wall -Wextra -Wunused -Wsign-compare -fno-omit-frame-pointer -Wtype-limits -Wuninitialized -Wno-deprecated -Wstrict-aliasing -Wpointer-arith -Wpointer-arith -Wformat-nonliteral -Winit-self -Wparentheses -Wunreachable-code -g -Wno-class-memaccess -mpopcnt -msse4.2 -ggdb3 -Wlogical-op -Wrestrict -Wnull-dereference -Wdouble-promotion -Wshadow -Wformat=2 -Wextra-semi -pedantic | COMPILE_DEFINES =  -DRDB0_ONLY_FEATURES -DUSE_ZLIB -DYALSAT_FPU | STATICCOMPILE = OFF | ONLY_SIMPLE =  | STATS = OFF | SQLITE3_FOUND =  | ZLIB_FOUND = TRUE | VALGRIND_FOUND =  | ENABLE_TESTING = OFF | SLOW_DEBUG = OFF | ENABLE_ASSERTIONS = ON | PYTHON_EXECUTABLE =  | PYTHON_LIBRARY =  | PYTHON_INCLUDE_DIRS =  | MY_TARGETS =  | LARGEMEM = OFF | LIMITMEM = OFF | BREAKID_LIBRARIES =  | BREAKID-VER = . | BOSPHORUS_LIBRARIES =  | BOSPH-VER = . | compilation date time = Jul 13 2026 14:05:03
c CMS compiled with gcc version 11.5.0 20240719 (Red Hat 11.5.0-5)
c Executed with command line: ./cryptominisat5 ./instancesBreak/IC_S4/Xn19l6-12-S.dimacs_break.cnf
c Reading file './instancesBreak/IC_S4/Xn19l6-12-S.dimacs_break.cnf'
c -- header says num vars:            802
c -- header says num clauses:        2520
c -- clauses added: 2468
c -- xor clauses added: 52
c -- vars added 802
c Parsing time: 0.00 s
c [find&init matx] performing matrix init
c [gauss] XOR-encoding clauses are not detached, so no need to reattach them.
c [xor-rem-unconnected] left with 50 xors from 50 non-empty xors T: 0.00
c [xor-together] xored together: 0 orig xors: 50 new xors: 50 T: 0.00
c [xor-rem-unconnected] left with 50 xors from 50 non-empty xors T: 0.00
c [xor-clean-equiv] removed equivalent xors: 0 left with: 50
c [matrix] unused xors from cleaning: 0
c [matrix] Good   matrix  0     50 x  765  density:0.1141  xorlen avg: 87.28
c [matrix] Using 1 matrices recovered from 0 xors T: 0.00 T-out: N
c [branch] adjusting to: vsid (from: vsid) var_decay:0.95 descr: VSIDS
c rst  geom  stb   vs     1   113    2893 17869  1657    3.96    3.80     5    27    79     2  131.26  128.97
c rst  geom  stb   vs     2   237    2893 17869  1657    3.96    3.80     6    48   181     2  102.30  101.46
c  res  pol bran  nres  conf freevar  IrrL  IrrB l/longC  l/allC RedL0 RedL1 RedL2  RedB l/longC  l/allC
c rst  geom  stb   vs     3   371    2893 17869  1657    3.96    3.80     8    55   305     3   85.45   84.77
c rst  geom  stb   vs     4   518    2893 17869  1657    3.96    3.80     8    55   452     3   71.56   71.15
c rst  geom  stb   vs     5   680    2893 17869  1657    3.96    3.80     8    55   612     5   69.99   69.49
c rst  geom  stb   vs     6   858    2893 17869  1657    3.96    3.80     8    55   790     5   68.51   68.13
c rst  geom  stb   vs     7  1053    2893 17869  1657    3.96    3.80     8    55   985     5   64.54   64.25
c rst  geom  stb   vs     8  1266    2893 17869  1657    3.96    3.80     8    55  1198     5   67.72   67.46
c rst  geom  stb   vs     9  1500    2893 17869  1657    3.96    3.80     8    55  1432     5   65.38   65.17
c rst  geom  stb   vs    10  1757    2893 17869  1657    3.96    3.80     8    55  1687     7   65.17   64.92
c rst  geom  stb   vs    11  2039    2893 17869  1657    3.96    3.80     8    55  1969     7   64.28   64.07
c rst  geom  stb   vs    12  2350    2893 17869  1657    3.96    3.80     8    55  2280     7   64.97   64.79
c rst  geom  stb   vs    13  2690    2893 17869  1657    3.96    3.80     8    55  2619     8   64.11   63.93
c rst  geom  stb   vs    14  3064    2893 17869  1657    3.96    3.80     8    55  2991    10   65.49   65.28
c rst  geom  stb   vs    15  3474    2893 17869  1657    3.96    3.80     8    55  3401    10   64.20   64.02
c rst  geom  stb   vs    16  3925    2893 17869  1657    3.96    3.80     8    55  3852    10   65.85   65.69
c rst  geom  stb   vs    17  4419    2893 17869  1657    3.96    3.80     8    55  4346    10   65.13   64.98
c rst  geom  stb   vs    18  4963    2893 17869  1657    3.96    3.80     8    55  4888    12   64.20   64.05
c rst  geom  stb   vs    19  5561    2893 17869  1657    3.96    3.80     8    55  5486    12   62.97   62.84
c [branch] adjusting to: vmtf (from: vsid) var_decay:0.95 descr: VMTF
c [distill-long-red0] cls tried: 8/8 T: 0.00 T-out: N T-r: 100.00%
c [distill-long-red1] cls tried: 55/55 T: 0.00 T-out: N T-r: 95.77%
c rst  luby ibes  vmt    20  5663    2893 17869  1657    3.96    3.80    19    83  5547    14   62.26   62.12
c rst  luby ibes  vmt    21  5766    2893 17869  1657    3.96    3.80    22   105  5625    14   61.66   61.51
c rst  luby ibes  vmt    22  5968    2893 17869  1657    3.96    3.80    24   117  5813    14   61.50   61.36
c rst  luby ibes  vmt    23  6069    2893 17869  1657    3.96    3.80    24   122  5912    14   61.51   61.37
c rst  luby ibes  vmt    24  6171    2893 17869  1657    3.96    3.80    24   125  6011    14   61.16   61.02
c rst  luby ibes  vmt    25  6372    2893 17869  1657    3.96    3.80    24   129  6235    14   61.02   60.89
c rst  luby ibes  vmt    26  6773    2893 17869  1657    3.96    3.80    28   145  6617    16   60.32   60.18
c rst  luby ibes  vmt    27  6875    2893 17869  1657    3.96    3.80    28   146  6718    16   60.31   60.17
c rst  luby ibes  vmt    28  6977    2893 17869  1657    3.96    3.80    29   148  6818    16   60.29   60.16
c rst  luby ibes  vmt    29  7179    2893 17869  1657    3.96    3.80    29   157  7046    18   60.28   60.13
c rst  luby ibes  vmt    30  7281    2893 17869  1657    3.96    3.80    29   160  7151    19   59.98   59.83
c rst  luby ibes  vmt    31  7383    2893 17869  1657    3.96    3.80    30   162  7250    19   59.97   59.83
c rst  luby ibes  vmt    32  7585    2893 17869  1657    3.96    3.80    30   166  7449    19   59.51   59.37
c rst  luby ibes  vmt    33  7986    2893 17869  1657    3.96    3.80    33   177  7837    19   58.13   58.00
c rst  luby ibes  vmt    34  8788    2893 17869  1657    3.96    3.80    34   208  8646    19   57.92   57.80
c rst  luby ibes  vmt    35  8890    2893 17869  1657    3.96    3.80    34   215  8740    20   57.73   57.61
c rst  luby ibes  vmt    36  8992    2893 17869  1657    3.96    3.80    34   217  8840    20   57.71   57.59
c rst  luby ibes  vmt    37  9194    2893 17869  1657    3.96    3.80    37   221  9035    20   57.51   57.39
c rst  luby ibes  vmt    38  9296    2893 17869  1657    3.96    3.80    37   223  9146    20   57.54   57.42
c rst  luby ibes  vmt    39  9397    2893 17869  1657    3.96    3.80    37   224  9246    20   57.32   57.20
c rst  luby ibes  vmt    40  9599    2893 17869  1657    3.96    3.80    38   227  9444    20   56.96   56.85
c rst  luby ibes  vmt    41 10001    2893 17869  1657    3.96    3.80   127   158  9828    20   56.24   56.13
c rst  luby ibes  vmt    42 10103    2893 17869  1657    3.96    3.80   127   164  9924    20   56.06   55.96
c rst  luby ibes  vmt    43 10205    2893 17869  1657    3.96    3.80   128   168 10021    20   55.98   55.88
c rst  luby ibes  vmt    44 10408    2893 17869  1657    3.96    3.80   129   182 10209    20   55.62   55.52
c rst  luby ibes  vmt    45 10509    2893 17869  1657    3.96    3.80   130   186 10305    20   55.50   55.40
c rst  luby ibes  vmt    46 10611    2893 17869  1657    3.96    3.80   130   188 10405    20   55.41   55.31
c rst  luby ibes  vmt    47 10814    2893 17869  1657    3.96    3.80   130   196 10600    20   55.31   55.21
c rst  luby  svd  vmt    48 11215    2893 17869  1657    3.96    3.80   135   207 10982    23   55.83   55.72
c rst  luby  svd  vmt    49 12016    2893 17869  1657    3.96    3.80   138   213 11774    23   55.86   55.76
c [branch] adjusting to: vsid (from: vmtf) var_decay:0.95 descr: VSIDS
c [distill-bin] useful: 15/1657/1657 lits-rem: 0 cl-rem: 15 0-depth-assigns: 0 T: 0.01 T-out: N
c rst  geom  svd   vs    50 12128    2893 17869  1642    3.96    3.80   138   213 11886    23   55.67   55.57
c rst  geom  svd   vs    51 12250    2893 17869  1642    3.96    3.80   138   213 12008    23   55.39   55.29
c rst  geom  svd   vs    52 12385    2893 17869  1642    3.96    3.80   138   213 12143    23   55.21   55.11
c rst  geom  svd   vs    53 12532    2893 17869  1642    3.96    3.80   138   213 12290    23   55.00   54.90
c rst  geom  svd   vs    54 12695    2893 17869  1642    3.96    3.80   138   213 12453    23   54.83   54.74
c rst  geom  svd   vs    55 12873    2893 17869  1642    3.96    3.80   138   213 12631    23   54.61   54.52
c rst  geom  svd   vs    56 13067    2893 17869  1642    3.96    3.80   138   213 12825    23   54.19   54.10
c rst  geom  svd   vs    57 13281    2893 17869  1642    3.96    3.80   138   213 13039    23   53.76   53.67
c rst  geom  svd   vs    58 13515    2893 17869  1642    3.96    3.80   138   213 13273    23   53.39   53.30
c rst  geom  svd   vs    59 13773    2893 17869  1642    3.96    3.80   138   213 13531    23   52.81   52.72
c rst  geom  svd   vs    60 14055    2893 17869  1642    3.96    3.80   138   213 13813    23   52.18   52.10
c rst  geom  svd   vs    61 14365    2893 17869  1642    3.96    3.80   138   213 14123    23   51.47   51.40
c rst  geom  svd   vs    62 14705    2893 17869  1642    3.96    3.80   138   213 14463    23   50.74   50.66
c rst  geom  svd   vs    63 15080    2893 17869  1642    3.96    3.80   143   544 14502    23   50.48   50.41
c rst  geom  svd   vs    64 15491    2893 17869  1642    3.96    3.80   143   544 14913    23   49.91   49.84
c rst  geom  svd   vs    65 15942    2893 17869  1642    3.96    3.80   143   544 15364    23   49.50   49.43
c rst  geom  svd   vs    66 16437    2893 17869  1642    3.96    3.80   143   544 15859    23   48.95   48.88
c rst  geom best   vs    67 16981    2893 17869  1642    3.96    3.80   143   544 16403    23   49.49   49.43
c rst  geom best   vs    68 17579    2893 17869  1642    3.96    3.80   143   544 17000    24   49.89   49.83
c rst  geom best   vs    69 18236    2893 17869  1642    3.96    3.80   143   544 17657    24   49.98   49.92
c [branch] adjusting to: vmtf (from: vsid) var_decay:0.95 descr: VMTF
c rst  luby best  vmt    70 18338    2893 17869  1642    3.96    3.80   145   547 17754    24   50.08   50.02
c rst  luby best  vmt    71 18440    2893 17869  1642    3.96    3.80   147   551 17850    24   50.20   50.14
c rst  luby best  vmt    72 18641    2893 17869  1642    3.96    3.80   148   578 18021    26   50.30   50.23
c rst  luby best  vmt    73 18742    2893 17869  1642    3.96    3.80   152   584 18112    26   50.39   50.32
c rst  luby best  vmt    74 18843    2893 17869  1642    3.96    3.80   153   585 18210    27   50.46   50.39
c rst  luby best  vmt    75 19044    2893 17869  1642    3.96    3.80   156   586 18407    27   50.48   50.41
c rst  luby best  vmt    76 19446    2893 17869  1642    3.96    3.80   158   592 18800    28   50.99   50.92
c rst  luby best  vmt    77 19548    2893 17869  1642    3.96    3.80   158   594 18894    34   51.04   50.95
c rst  luby best  vmt    78 19649    2893 17869  1642    3.96    3.80   160   597 18990    34   51.07   50.98
c rst  luby best  vmt    79 19850    2893 17869  1642    3.96    3.80   163   602 19183    34   51.27   51.18
c rst  luby best  vmt    80 19952    2893 17869  1642    3.96    3.80   165   608 19277    34   51.31   51.23
c rst  luby best  vmt    81   20K    2893 17869  1642    3.96    3.80   225   550 19377    34   51.32   51.24
c [full-probe]  bin_only: 1 set: 0 repl: 0 T: 0.01 T-out: N T-r: 99.77%
c rst  luby best  vmt    82   20K    2893 17869  1642    3.96    3.80   225   551 19576    36   51.43   51.35
c rst  luby best  vmt    83   20K    2893 17869  1642    3.96    3.80   235   566 19951    38   51.38   51.29
c [distill-long-red0] cls tried: 203/203 T: 0.01 T-out: N T-r: 99.68%
c [distill-long-red1] cls tried: 43/535 T: 0.01 T-out: Y T-r: -6.35%
c rst  luby best  vmt    84   21K    2893 17869  1642    3.96    3.80   238   571   20K    47   52.18   52.07
c rst  luby best  vmt    85   21K    2893 17869  1642    3.96    3.80   240   571   20K    48   52.20   52.09
c rst  luby best  vmt    86   21K    2893 17869  1642    3.96    3.80   241   573   20K    48   52.19   52.08
c rst  luby  stb  vmt    87   21K    2893 17869  1642    3.96    3.80   247   576   21K    48   52.48   52.37
c rst  luby  stb  vmt    88   21K    2893 17869  1642    3.96    3.80   250   577   21K    49   52.55   52.44
c rst  luby  stb  vmt    89   22K    2893 17869  1642    3.96    3.80   254   580   21K    50   52.62   52.51
c rst  luby  stb  vmt    90   22K    2893 17869  1642    3.96    3.80   266   584   21K    52   52.78   52.66
c rst  luby  stb  vmt    91   22K    2893 17869  1642    3.96    3.80   272   595   21K    52   53.22   53.11
c rst  luby  stb  vmt    92   22K    2893 17869  1642    3.96    3.80   275   602   21K    53   53.27   53.15
c rst  luby  stb  vmt    93   22K    2893 17869  1642    3.96    3.80   278   605   22K    53   53.34   53.23
c rst  luby  stb  vmt    94   23K    2893 17869  1642    3.96    3.80   284   605   22K    53   53.47   53.35
c rst  luby  stb  vmt    95   23K    2893 17869  1642    3.96    3.80   284   606   22K    53   53.44   53.33
c rst  luby  stb  vmt    96   23K    2893 17869  1642    3.96    3.80   287   608   22K    53   53.56   53.45
c rst  luby  stb  vmt    97   23K    2893 17869  1642    3.96    3.80   288   612   22K    55   53.62   53.50
c rst  luby  stb  vmt    98   23K    2893 17869  1642    3.96    3.80   289   621   23K    55   53.54   53.42
c rst  luby  stb  vmt    99   24K    2893 17869  1642    3.96    3.80   298   624   23K    55   53.73   53.62
c rst  luby  stb  vmt   100   26K    2893 17869  1642    3.96    3.80   311   641   25K    56   54.45   54.34
c [branch] adjusting to: vsid (from: vmtf) var_decay:0.95 descr: VSIDS
c [distill] watch-based irred--  cl tried     1618 cl-sh     0 cl-rem    4 lit-rem      0 T: 0.00 T-out: N
c [distill] watch-based   red--  cl tried      622 cl-sh    20 cl-rem    0 lit-rem     36 T: 0.00 T-out: N
c rst  geom  stb   vs   101   26K    2893 17863  1648    3.96    3.80   311   641   25K    54   54.47   54.36
c rst  geom  stb   vs   102   26K    2893 17863  1648    3.96    3.80   311   641   25K    55   54.46   54.35
c rst  geom  stb   vs   103   26K    2893 17863  1648    3.96    3.80   311   641   25K    55   54.48   54.37
c rst  geom  stb   vs   104   26K    2893 17863  1648    3.96    3.80   311   641   25K    55   54.48   54.38
c rst  geom  stb   vs   105   26K    2893 17863  1648    3.96    3.80   311   641   26K    55   54.45   54.34
c rst  geom ibes   vs   106   27K    2893 17863  1648    3.96    3.80   311   641   26K    55   54.27   54.16
c rst  geom ibes   vs   107   27K    2893 17863  1648    3.96    3.80   311   641   26K    55   54.06   53.95
c rst  geom ibes   vs   108   27K    2893 17863  1648    3.96    3.80   311   641   26K    55   53.80   53.70
c rst  geom ibes   vs   109   27K    2893 17863  1648    3.96    3.80   311   641   26K    55   53.51   53.40
c rst  geom ibes   vs   110   28K    2893 17863  1648    3.96    3.80   311   641   27K    55   53.18   53.08
c rst  geom ibes   vs   111   28K    2893 17863  1648    3.96    3.80   311   641   27K    55   52.82   52.73
c rst  geom ibes   vs   112   28K    2893 17863  1648    3.96    3.80   311   641   27K    55   52.49   52.40
c rst  geom ibes   vs   113   28K    2893 17863  1648    3.96    3.80   311   641   28K    55   52.10   52.01
c rst  geom ibes   vs   114   29K    2893 17863  1648    3.96    3.80   311   641   28K    55   51.74   51.65
c rst  geom ibes   vs   115   29K    2893 17863  1648    3.96    3.80   311   641   28K    55   51.27   51.18
c rst  geom ibes   vs   116   30K    2893 17863  1648    3.96    3.80   425   845   24K    55   48.15   48.05
c rst  geom ibes   vs   117   30K    2893 17863  1648    3.96    3.80   425   845   24K    55   47.65   47.56
c rst  geom ibes   vs   118   31K    2893 17863  1648    3.96    3.80   425   845   25K    55   47.06   46.97
c rst  geom ibes   vs   119   31K    2893 17863  1648    3.96    3.80   425   845   26K    55   46.55   46.46
c rst  geom ibes   vs   120   32K    2893 17863  1648    3.96    3.80   425   845   26K    55   46.00   45.92
c [distill-bin] useful: 0/1472/1648 lits-rem: 0 cl-rem: 0 0-depth-assigns: 0 T: 0.02 T-out: Y
c rst  geom  svd   vs   121   33K    2893 17863  1648    3.96    3.80   425   845   27K    55   45.62   45.54
c rst  geom  svd   vs   122   34K    2893 17863  1648    3.96    3.80   425   845   28K    55   45.09   45.01
c [branch] adjusting to: vmtf (from: vsid) var_decay:0.95 descr: VMTF
c rst  luby  svd  vmt   123   34K    2893 17863  1648    3.96    3.80   426   846   28K    55   45.16   45.08
c rst  luby  svd  vmt   124   34K    2893 17863  1648    3.96    3.80   426   847   28K    55   45.17   45.09
c rst  luby  svd  vmt   125   34K    2893 17863  1648    3.96    3.80   430   851   28K    55   45.39   45.31
c rst  luby  svd  vmt   126   34K    2893 17863  1648    3.96    3.80   430   853   28K    55   45.47   45.40
c rst  luby  svd  vmt   127   34K    2893 17863  1648    3.96    3.80   432   856   28K    55   45.51   45.43
c rst  luby  svd  vmt   128   34K    2893 17863  1648    3.96    3.80   432   862   29K    55   45.57   45.49
c rst  luby  svd  vmt   129   35K    2893 17863  1648    3.96    3.80   436   878   29K    55   45.81   45.73
c rst  luby  svd  vmt   130   35K    2893 17863  1648    3.96    3.80   437   881   29K    55   45.79   45.71
c rst  luby  svd  vmt   131   35K    2893 17863  1648    3.96    3.80   438   883   29K    55   45.88   45.80
c rst  luby  svd  vmt   132   35K    2893 17863  1648    3.96    3.80   440   884   29K    55   46.03   45.95
c rst  luby  svd  vmt   133   35K    2893 17863  1648    3.96    3.80   441   889   29K    55   46.15   46.07
c [distill-long-red0] cls tried: 230/230 T: 0.01 T-out: N T-r: 99.60%
c [distill-long-red1] cls tried: 42/815 T: 0.01 T-out: Y T-r: -7.38%
c rst  luby  svd  vmt   134   35K    2893 17863  1648    3.96    3.80   440   889   30K    57   46.23   46.15
c rst  luby  svd  vmt   135   36K    2893 17863  1648    3.96    3.80   442   889   30K    57   46.33   46.25
c rst  luby  svd  vmt   136   36K    2893 17863  1648    3.96    3.80   442   908   30K    58   46.58   46.50
c rst  luby  svd  vmt   137   37K    2893 17863  1648    3.96    3.80   450   941   31K    58   47.04   46.96
c rst  luby  svd  vmt   138   37K    2893 17863  1648    3.96    3.80   450   943   31K    58   47.19   47.11
c rst  luby  svd  vmt   139   37K    2893 17863  1648    3.96    3.80   451   944   31K    58   47.26   47.18
c rst  luby  svd  vmt   140   37K    2893 17863  1648    3.96    3.80   451   951   31K    58   47.32   47.24
c rst  luby  svd  vmt   141   37K    2893 17863  1648    3.96    3.80   452   954   31K    58   47.42   47.34
c rst  luby  svd  vmt   142   37K    2893 17863  1648    3.96    3.80   454   956   31K    58   47.46   47.38
c rst  luby  svd  vmt   143   38K    2893 17863  1648    3.96    3.80   455   966   32K    59   47.48   47.40
c rst  geom best  vmt   144   38K    2893 17863  1648    3.96    3.80   456   966   32K    59   47.59   47.51
c rst  geom best  vmt   145   38K    2893 17863  1648    3.96    3.80   457   968   32K    59   47.62   47.54
c rst  geom best  vmt   146   38K    2893 17863  1648    3.96    3.80   458   969   32K    59   47.64   47.56
c rst  geom best  vmt   147   38K    2893 17863  1648    3.96    3.80   459   974   32K    59   47.64   47.56
c rst  geom best  vmt   148   38K    2893 17863  1648    3.96    3.80   460   978   32K    59   47.65   47.57
c rst  geom best  vmt   149   38K    2893 17863  1648    3.96    3.80   462   995   32K    59   47.63   47.55
c rst  geom best  vmt   150   39K    2893 17863  1648    3.96    3.80   464   998   33K    59   47.65   47.57
c rst  geom best  vmt   151   39K    2893 17863  1648    3.96    3.80   466  1006   33K    59   47.62   47.54
c rst  geom best  vmt   152   39K    2893 17863  1648    3.96    3.80   467  1007   33K    60   47.73   47.65
c rst  geom best  vmt   153   39K    2893 17863  1648    3.96    3.80   472  1030   33K    60   47.69   47.62
c rst  geom best  vmt   154   40K    2893 17863  1648    3.96    3.80   651   860   34K    60   47.73   47.66
c [full-probe]  bin_only: 0 set: 0 repl: 0 T: 0.01 T-out: N T-r: 96.74%
c [impl-str] lit bin: 0 set-var: 0 T: 0.00 T-out: N T-r: 99.95% w-visit: 5790
c [impl-sub] bin: 10 T: 0.00 T-out: N w-visit: 5790
c rst  geom best  vmt   155   40K    2893 17863  1648    3.96    3.80   655   876   34K    56   47.73   47.66
c rst  geom best  vmt   156   40K    2893 17863  1648    3.96    3.80   655   889   34K    56   47.75   47.68
c rst  geom best  vmt   157   41K    2893 17863  1648    3.96    3.80   656   897   35K    56   48.18   48.11
c rst  geom best  vmt   158   41K    2893 17863  1648    3.96    3.80   662   904   35K    56   48.45   48.38
c rst  geom best  vmt   159   41K    2893 17863  1648    3.96    3.80   671   904   35K    57   48.67   48.60
c rst  geom best  vmt   160   42K    2893 17863  1648    3.96    3.80   679   908   36K    57   48.78   48.71
c [branch] adjusting to: vsid (from: vmtf) var_decay:0.95 descr: VSIDS
c rst  geom best   vs   161   42K    2893 17863  1648    3.96    3.80   679   908   36K    57   48.81   48.74
c rst  geom best   vs   162   42K    2893 17863  1648    3.96    3.80   679   908   36K    57   48.85   48.78
c rst  geom best   vs   163   42K    2893 17863  1648    3.96    3.80   679   908   36K    57   48.89   48.82
c rst  geom best   vs   164   42K    2893 17863  1648    3.96    3.80   679   908   36K    57   48.90   48.83
c rst  geom best   vs   165   43K    2893 17863  1648    3.96    3.80   679   908   37K    57   48.92   48.85
c rst  geom best   vs   166   43K    2893 17863  1648    3.96    3.80   679   908   37K    57   48.90   48.83
c rst  geom best   vs   167   43K    2893 17863  1648    3.96    3.80   679   908   37K    57   48.92   48.85
c rst  geom  stb   vs   168   43K    2893 17863  1648    3.96    3.80   679   908   37K    57   48.80   48.73
c rst  geom  stb   vs   169   43K    2893 17863  1648    3.96    3.80   679   908   37K    57   48.68   48.62
c rst  geom  stb   vs   170   44K    2893 17863  1648    3.96    3.80   679   908   38K    57   48.57   48.51
c [ccnr] tries: 0 steps: 262143 best found: 16
c [ccnr] tries: 0 steps: 524287 best found: 13
c [ccnr] tries: 0 steps: 786431 best found: 13
c [ccnr] saving best assignment phase to stable_polar
c [ccnr] bumping based on clause weights
c [ccnr] Bumped vars: 101 bump type: 6
c [ccnr] time: 0.58
c rst  geom  stb   vs   171   44K    2893 17863  1648    3.96    3.80   679   908   38K    57   48.54   48.48
c rst  geom  stb   vs   172   44K    2893 17863  1648    3.96    3.80   679   908   38K    57   48.42   48.36
c rst  geom  stb   vs   173   45K    2893 17863  1648    3.96    3.80   712  1556   30K    57   47.61   47.53
c rst  geom  stb   vs   174   45K    2893 17863  1648    3.96    3.80   712  1556   30K    57   47.43   47.36
c rst  geom  stb   vs   175   45K    2893 17863  1648    3.96    3.80   713  1564   31K    57   47.14   47.06
c rst  geom  stb   vs   176   46K    2893 17863  1648    3.96    3.80   713  1565   31K    57   46.97   46.90
c rst  geom  stb   vs   177   46K    2893 17863  1648    3.96    3.80   713  1565   32K    57   46.83   46.75
c rst  geom  stb   vs   178   47K    2893 17863  1648    3.96    3.80   713  1565   32K    57   46.55   46.48
c rst  geom  stb   vs   179   48K    2893 17863  1648    3.96    3.80   713  1565   33K    57   46.34   46.27
c rst  geom  stb   vs   180   48K    2893 17863  1648    3.96    3.80   713  1566   34K    57   46.10   46.03
c rst  geom  stb   vs   181   49K    2893 17863  1648    3.96    3.80   713  1566   34K    57   45.87   45.80
c rst  geom ibes   vs   182   50K    2893 17863  1648    3.96    3.80   751  1528   35K    57   45.58   45.52
c [gauss] XOR-encoding clauses are not detached, so no need to reattach them.
c [g 0] truth-find prop checks  : 920K
c [g 0] -> of which prop        : 37.03 %
c [g 0] -> of which confl       :  3.17 %
c [g 0] elim called             : 171K
c [g 0] ---> which lead to prop :  8.72 %
c [g 0] ---> which lead to confl:  0.64 %
c [g 0] size: 50    x 765  
c [scc] new: 6 BP 0M T: 0.00
c [vrep] vars 6 lits 12671 rem-bin-cls 28 rem-long-cls 0 BP 0M T: 0.03
c [scc] new: 0 BP 0M T: 0.00
c [vrep] vars 0 lits 0 rem-bin-cls 0 rem-long-cls 0 BP 0M T: 0.01
c [intree] Set 0 vars hyper-added: 832 trans-irred: 0 trans-red: 67 T: 0.01 T-out: N T-r: -1.34%
c [find&init matx] performing matrix init
c [gauss] XOR-encoding clauses are not detached, so no need to reattach them.
c [xor-rem-unconnected] left with 50 xors from 50 non-empty xors T: 0.00
c [xor-together] xored together: 0 orig xors: 50 new xors: 50 T: 0.00
c [xor-rem-unconnected] left with 50 xors from 50 non-empty xors T: 0.00
c [xor-clean-equiv] removed equivalent xors: 0 left with: 50
c [matrix] unused xors from cleaning: 0
c [matrix] Good   matrix 0 50      x761    density:0.1139  xorlen avg: 86.64
c [matrix] Using 1 matrices recovered from 0 xors T: 0.00 T-out: N
c rst  geom ibes vs   183   51  K 2887    17863  1636 3.96    3.80      752  1529   36K   818 45.03   44.14  
c [distill-long-red0] cls tried: 311/311 T: 0.04 T-out: N T-r: 99.01%
c [distill-long-red1] cls tried: 28/1415 T: 0.01 T-out: Y T-r: -5.44%
c rst  geom ibes vs   184   52  K 2887    17863  1636 3.96    3.80      745  1529   37K   825 44.34   43.48  
c [distill] watch-based irred--  cl tried 1613     cl-sh 0     cl-rem 1    lit-rem 0      T: 0.00 T-out: N
c [distill] watch-based red  --  cl tried 1489     cl-sh 36    cl-rem 1    lit-rem 49     T: 0.00 T-out: N
c rst  geom ibes vs   185   53  K 2887    17862  1637 3.96    3.80      744  1529   38K   824 43.80   42.97  
c [branch] adjusting to: vmtf (from: vsid) var_decay:0.95 descr: VMTF
c [distill-bin] useful: 1/1450/1637 lits-rem: 0 cl-rem: 1 0-depth-assigns: 0 T: 0.02 T-out: Y
c rst  luby ibes vmt  186   53  K 2887    17862  1636 3.96    3.80      748  1558   38K   824 43.76   42.94  
c rst  luby ibes vmt  187   53  K 2887    17862  1636 3.96    3.80      748  1564   38K   824 43.71   42.89  
c rst  luby ibes vmt  188   53  K 2887    17862  1636 3.96    3.80      748  1566   38K   824 43.86   43.04  
c rst  luby ibes vmt  189   53  K 2887    17862  1636 3.96    3.80      748  1571   39K   824 43.86   43.04  
c rst  luby ibes vmt  190   53  K 2887    17862  1636 3.96    3.80      748  1576   39K   824 43.90   43.09  
c rst  luby ibes vmt  191   53  K 2887    17862  1636 3.96    3.80      749  1586   39K   824 43.91   43.09  
c rst  luby ibes vmt  192   54  K 2887    17862  1636 3.96    3.80      750  1615   39K   824 43.78   42.98  
c rst  luby ibes vmt  193   54  K 2887    17862  1636 3.96    3.80      750  1622   39K   824 43.75   42.95  
c rst  luby ibes vmt  194   54  K 2887    17862  1636 3.96    3.80      751  1629   39K   824 43.71   42.91  
c rst  luby ibes vmt  195   54  K 2887    17862  1636 3.96    3.80      752  1630   40K   824 43.70   42.91  
c rst  luby ibes vmt  196   54  K 2887    17862  1636 3.96    3.80      752  1648   40K   824 43.65   42.85  
c rst  luby ibes vmt  197   54  K 2887    17862  1636 3.96    3.80      752  1651   40K   824 43.63   42.84  
c rst  luby ibes vmt  198   55  K 2887    17862  1636 3.96    3.80      753  1660   40K   824 43.56   42.78  
c rst  luby svd  vmt  199   55  K 2887    17862  1636 3.96    3.80      756  1671   40K   824 43.81   43.03  
c rst  luby svd  vmt  200   56  K 2887    17862  1636 3.96    3.80      758  1692   41K   824 43.91   43.14  
c recursive minimization cost OK: 303Kcost/(% lits removed)
c [gauss] XOR-encoding clauses are not detached, so no need to reattach them.
c [g 0] truth-find prop checks  : 106K
c [g 0] -> of which prop        : 37.84 %
c [g 0] -> of which confl       :  3.39 %
c [g 0] elim called             : 20K
c [g 0] ---> which lead to prop :  0.70 %
c [g 0] ---> which lead to confl:  0.08 %
c [g 0] size: 50    x 761  
c --> Executing strategy token: scc-vrepl
c [scc] new: 4 BP 0M T: 0.00
c [vrep] vars 4 lits 11186 rem-bin-cls 16 rem-long-cls 14 BP 0M T: 0.02
c --> Executing strategy token: sub-impl
c [impl-sub] bin: 11 T: 0.00 T-out: N w-visit: 5790
c --> Executing strategy token: breakid
c --> Executing OCC strategy token(s): 'occ-backw-sub-str,occ-clean-implicit,occ-bve,occ-bva,occ-ternary-res,occ-xor,'
c [occ] mem usage for occur 1      MB
c [occ] Linked in IRRED BIN by default: 1632
c [occ] Linked in RED   BIN by default: 809
c [occ] mem usage for occur 0      MB
c Mem for watch alloc      : 4           MB (19.47     %)
c Mem for watch array      : 0           MB (0.88      %)
c --> Executing OCC strategy token: occ-backw-sub-str
c [occ-backw-sub-str-long-w-bins] subs: 0 str: 1 tried: 2441 0-depth ass: 0 T: 0.00 T-out: N T-r: 99.36%
c [occ-backw-sub-long-w-long] rem cl: 63 tried: 61601/61601 (100.0%) T: 0.02 T-out: N T-r: 96.76%
c [occ-backw-sub-str-long-w-long] sub: 1 str: 5 tried: 184803/61601 (300.0)  T: 0.06 T-out: N T-r: 88.74%
c --> Executing OCC strategy token: occ-clean-implicit
c --> Executing OCC strategy token: occ-bve
c [occ-empty-res] Empty resolvent elimed: 0 T: 0.00 T-out: N
c [occ-bve] iter v-elim 10
c cl_inc_rate=1.0, var_dec_rate=1.0 (grow=0)
c Reduced to 2873 vars, 19484 cls (grow=0)
c [occ-bve] iter v-elim 292
c cl_inc_rate=1.1, var_dec_rate=1.1 (grow=8)
c Reduced to 2581 vars, 20688 cls (grow=8)
c x n vars       : 2581
c #try to eliminate:  6074
c #var-elim        :   302
c #T-o: N
c #T-r: 99.99%
c #T  : 0.09
c [occur] 0.04 is overhead
c [occur] link-in T: 0.04 cleanup T: 0.00
c --> Executing OCC strategy token: occ-bva
c --> Executing OCC strategy token: occ-ternary-res
c [occ-ternary-res] Ternary res-tri: 44 res-bin: 0 sub: 5 str: 0 T: 0.00 T-out: N T-r: 99.37%
c --> Executing OCC strategy token: occ-xor
c [occ-xor] sort occur list T: 0.00
c [xor-clean-equiv] removed equivalent xors: 1 left with: 1980
c [occ-xor] found   1981 avg sz 4.0 min sz  4 max sz  5 T: 0.01 T-out: N T-r: 99.98%
c --> Executing strategy token: card-find
c --> Executing strategy token: cl-consolidate
c [mem] consolidate  old-sz: 9998K new-sz: 4548K new bits offs: 20 T: 0.00
c --> Executing strategy token: scc-vrepl
c [scc] new: 0 BP 0M T: 0.00
c --> Executing strategy token: renumber
c --> Executing strategy token: bosphorus
c --> Executing strategy token: louvain-comms
c [consolidate] mini T: 0.00
c global_timeout_multiplier: 3.3000
c [branch] rebuilding order heap for all branchings. Current branching: vmtf
c [find&init matx] performing matrix init
c [gauss] XOR-encoding clauses are not detached, so no need to reattach them.
c [xor-rem-unconnected] left with 1978 xors from 1980 non-empty xors T: 0.00
c [xor-together] xored together: 1927 orig xors: 1978 new xors: 51 T: 0.00
c [xor-rem-unconnected] left with 51 xors from 51 non-empty xors T: 0.00
c [xor-clean-equiv] removed equivalent xors: 0 left with: 51
c [matrix] unused xors from cleaning: 2
c [matrix] Good   matrix  0     51 x  470  density:0.1699  xorlen avg: 79.86
c [matrix] Using 1 matrices recovered from 0 xors T: 0.00 T-out: N
c rst  luby  svd  vmt   201   56K    2581 19757   931    4.10    4.01   198   315   24K   102   29.95   29.84
c rst  luby  svd  vmt   202   56K    2581 19757   931    4.10    4.01   198   315   24K   102   29.90   29.79
c rst  luby  svd  vmt   203   56K    2581 19757   931    4.10    4.01   198   317   24K   102   29.86   29.75
c rst  luby  svd  vmt   204   56K    2581 19757   931    4.10    4.01   201   334   24K   102   29.76   29.65
c rst  luby  svd  vmt   205   56K    2581 19757   931    4.10    4.01   201   335   24K   102   29.71   29.60
c rst  luby  svd  vmt   206   56K    2581 19757   931    4.10    4.01   201   336   25K   102   29.67   29.56
c [g  <0] Disabling GJ-elim in this round.  Usefulness was: 18.9624%  over 57614 calls
c rst  luby  svd  vmt   207   57K    2581 19757   931    4.10    4.01   202   340   25K   102   29.60   29.49
c rst  luby  svd  vmt   208   57K    2581 19757   931    4.10    4.01   202   351   25K   102   29.43   29.33
c rst  luby  svd  vmt   209   57K    2581 19757   931    4.10    4.01   203   353   25K   102   29.38   29.28
c rst  luby  svd  vmt   210   57K    2581 19757   931    4.10    4.01   206   357   25K   102   29.40   29.30
c rst  luby  svd  vmt   211   57K    2581 19757   931    4.10    4.01   211   377   26K   102   29.33   29.22
c rst  luby  svd  vmt   212   58K    2581 19757   931    4.10    4.01   212   377   26K   102   29.28   29.18
c rst  luby  svd  vmt   213   58K    2581 19757   931    4.10    4.01   214   377   26K   102   29.24   29.13
c rst  luby  svd  vmt   214   58K    2581 19757   931    4.10    4.01   214   377   26K   102   29.21   29.11
c rst  luby  svd  vmt   215   58K    2581 19757   931    4.10    4.01   215   386   26K   102   29.07   28.97
c rst  luby  svd  vmt   216   59K    2581 19757   931    4.10    4.01   215   391   27K   102   28.79   28.69
c rst  luby  svd  vmt   217   61K    2581 19757   931    4.10    4.01   286   490   25K   102   27.37   27.27
c [full-probe]  bin_only: 1 set: 0 repl: 0 T: 0.01 T-out: N T-r: 99.70%
c rst  geom best  vmt   218   61K    2581 19757   931    4.10    4.01   286   492   25K   102   27.34   27.24
c rst  geom best  vmt   219   61K    2581 19757   931    4.10    4.01   286   493   25K   102   27.31   27.21
c rst  geom best  vmt   220   61K    2581 19757   931    4.10    4.01   287   494   25K   102   27.32   27.23
c rst  geom best  vmt   221   61K    2581 19757   931    4.10    4.01   287   498   25K   102   27.29   27.19
c rst  geom best  vmt   222   61K    2581 19757   931    4.10    4.01   287   503   26K   102   27.27   27.18
c rst  geom best  vmt   223   61K    2581 19757   931    4.10    4.01   287   504   26K   102   27.26   27.16
c ------- FINAL TOTAL SEARCH STATS ---------
c UIP search time          : 6.63        (96.15     % time)
c All times are for this thread only except if explicitly specified
c restarts                 : 223         (277.55    confls per restart)
c blocked restarts         : 0           (0.00      per normal restart)
c time                     : 6.63        
c decisions                : 71838       (0.00      % random)
c propagations             : 8240K       (1243K     props/s)
c decisions/conflicts      : 1.16        
c conflicts                : 61894       
c LEARNT stats
c units learnt             : 0           (0.00      % of conflicts)
c bins learnt              : 57          (0.09      % of conflicts)
c long learnt              : 62057       (100.26    % of conflicts)
c red which0               : 282         (0.46      % of confl)
c SEAMLESS HYPERBIN&TRANS-RED stats
c advProp called           : 0           
c hyper-bin add bin        : 0           (0.00      bin/call)
c trans-red rem irred bin  : 0           (0.00      bin/call)
c trans-red rem red bin    : 0           (0.00      bin/call)
c CONFL LITS stats
c orig                     : 13408859    (216.64    lit/confl)
c recurs-min effective     : 57759       (93.32     % attempt successful)
c recurs-min lits          : 10668918    (79.57     % less overall)
c permDiff call%           : 2.08        (0.00      % attempt successful)
c permDiff lits-rem        : 0           (0.00      less lits/cl on attempts)
c further-min call%        : 0.02        (41.67     % attempt successful)
c bintri-min lits          : 22          (0.00      % less overall)
c final avg                : 44.27       
c all-threads sum CPU time : 6.63         s
c PROP stats
c Mbogo-props              : 25.33       (3.82      / sec)
c MHyper-props             : 0.06        (0.01      / sec)
c Mprops                   : 8.24        (1.24      / sec)
c -------- OccSimplifier STATS ----------
c time                     : 0.13        (0.00      % var-elim)
c called                   : 1           (0.13      s per call)
c 0-depth assigns          : 0           (0.00      % vars)
c -------- OccSimplifier STATS END ----------
c -------- SubsumeStrengthen STATS ----------
c cl-subs                  : 66           Clauses
c cl-str rem lit           : 14           Lits
c cl-sub T                 : 0.02         s
c cl-str T                 : 0.06         s
c -------- SubsumeStrengthen STATS END ----------
c ----- SCC STATS --------
c time                     : 0.00        (0.00      per call)
c called                   : 4           (2.50      new found per call)
c found                    : 10          (50.00     % of all found)
c bogoprops                : 130000      % of all found
c ----- SCC STATS END --------
c --------- VAR REPLACE STATS ----------
c time                     : 0.06        (0.02      per call)
c trees' crown             : 10          (0.35      % of vars)
c 0-depth assigns          : 0           (0.00      % vars)
c lits replaced            : 23857       
c bin cls removed          : 44          
c long cls removed         : 14          
c long lits removed        : 3662        
c bogoprops                : 787742      
c --------- VAR REPLACE STATS END ----------
c vrep replace time        : 0.06        (0.82      % time)
c vrep tree roots          : 5           
c vrep trees' crown        : 10          (2.00      leafs/tree)
c -------- DISTILL-BIN STATS --------
c time                     : 0.04        (0.01      per call)
c timed out                : 2           (66.67     % of calls)
c distill/checked/potential: 0          /4579/4942
c lits-rem                 : 0           
c 0-depth-assigns          : 0           (0.00      % of vars)
c -------- DISTILL STATS END --------
c -------- STRENGTHEN STATS --------
c --> watch-based on irred cls
c time                     : 0.00        (0.00      s/call)
c shrinked/tried/total     : 0          /3231/71455
c subsumed/tried/total     : 5          /3231/71455
c lits-rem                 : 0           (0.00      % of lits tried)
c called                   : 4           (0.00      % ran out of time)
c --> watch-based on red cls
c time                     : 0.00        (0.00      s/call)
c shrinked/tried/total     : 56         /2111/2111
c subsumed/tried/total     : 1          /2111/2111
c lits-rem                 : 85          (0.67      % of lits tried)
c called                   : 4           (0.00      % ran out of time)
c -------- STRENGTHEN STATS END --------
c -------- IMPLICIT SUB  STATS --------
c time                     : 0.00        (0.00      per call)
c timed out                : 0           (0.00      % of calls)
c rem bins                 : 21          
c -------- IMPLICIT SUB STATS END --------
c Mem used                 : 24          MB
c Mem for longclauses      : 6           MB (28.92     %)
c Mem for watch alloc      : 5           MB (23.43     %)
c Mem for watch array      : 0           MB (0.55      %)
c Mem for assings&vardata  : 0           MB (0.32      %)
c Mem for search&solve     : 0           MB (0.90      %)
c Mem for renumberer       : 0           MB (0.11      %)
c Mem for occsimplifier    : 0           MB (3.03      %)
c Mem for varReplacer&SCC  : 0           MB (0.26      %)
c Mem for impl subsume     : 0           MB (0.00      %)
c Mem for 3 distills       : 0           MB (0.00      %)
c Accounted for mem (rss)  : 57.52       %
c Accounted for mem (vm)   : 50.00       %
c restarts                 : 223         (277.55    confls per restart)
c blocked restarts         : 0           (0.00      per normal restart)
c time                     : 6.63        
c decisions                : 71838       (0.00      % random)
c propagations             : 8240K       (1243K     props/s)
c decisions/conflicts      : 1.16        
c conflicts                : 61894       
c conf lits non-minim      : 13408859    (216.64    lit/confl)
c conf lits final          : 44.27       
c red which0               : 282         (0.46      % of confl)
c props/decision           : 0.00        
c props/conflict           : 0.00        
c 0-depth assigns          : 2           (0.07      % vars)
c 0-depth assigns by CNF   : 2           (0.07      % vars)
c reduceDB time            : 0.01        (0.17      % time)
c OccSimplifier time       : 0.13        (1.92      % time)
c [occur] 0.05 is overhead
c [occur] link-in T: 0.04 cleanup T: 0.01
c [occ-substr] long subBySub: 63 subByStr: 3 lits-rem-str: 14 T: 0.08
c SCC time                 : 0.00        (0.01      % time)
c [scc] new: 10 BP 0M  T: 0.00
c vrep replace time        : 0.06        (0.82      % time)
c vrep tree roots          : 5           
c vrep trees' crown        : 10          (2.00      leafs/tree)
c distill long time        : 0.11        (1.57      % time)
c distill bin time         : 0.04        (0.58      % time)
c strength cache-irred time: 0.00        (0.04      % time)
c strength cache-red time  : 0.00        (0.03      % time)
c avg cls in red 0         : 349.66      
c avg cls in red 1         : 713.45      
c avg cls in red 2         : 23567.63    
c Conflicts in UIP         : 61894       (8980.96   confl/time_this_thread)
c Max Memory (rss) used    : 30260 kB    
c Total time (this thread) : 6.89        
s SATISFIABLE
v -1 2 -3 -4 5 -6 7 -8 -9 -10 -11 12 13 -14 -15 -16 -17 18 -19 -20 -21 -22 -23 
v -24 25 -26 -27 -28 -29 30 -31 -32 -33 -34 -35 -36 -37 -38 -39 -40 -41 -42 43 
v -44 -45 -46 -47 48 -49 -50 -51 -52 -53 -54 -55 -56 -57 -58 -59 -60 61 -62 -63 
v -64 -65 66 -67 -68 -69 -70 -71 -72 -73 -74 -75 -76 -77 -78 79 -80 -81 -82 -83 
v 84 -85 -86 -87 -88 -89 -90 91 -92 -93 -94 -95 96 -97 -98 -99 -100 -101 -102 
v -103 -104 -105 -106 -107 -108 -109 -110 -111 -112 -113 -114 -115 -116 -117 
v -118 -119 -120 121 -122 -123 -124 -125 126 -127 -128 -129 -130 -131 -132 -133 
v -134 -135 -136 -137 -138 -139 -140 -141 -142 -143 -144 -145 -146 -147 -148 
v -149 -150 -151 -152 -153 -154 -155 -156 -157 -158 -159 -160 -161 -162 163 
v -164 -165 -166 -167 168 -169 -170 -171 -172 -173 -174 -175 -176 -177 -178 
v -179 -180 -181 -182 -183 -184 -185 -186 -187 -188 -189 -190 -191 -192 193 
v -194 -195 -196 -197 198 -199 -200 -201 -202 -203 -204 -205 -206 -207 -208 
v -209 -210 -211 -212 -213 -214 -215 -216 -217 -218 -219 -220 -221 -222 -223 
v -224 -225 -226 -227 -228 -229 -230 -231 -232 -233 -234 -235 -236 -237 -238 
v -239 -240 -241 -242 -243 -244 -245 -246 -247 -248 -249 -250 -251 -252 -253 
v -254 -255 -256 -257 -258 -259 -260 -261 -262 -263 -264 -265 -266 -267 -268 
v -269 -270 271 -272 -273 -274 -275 276 -277 -278 -279 -280 -281 -282 -283 -284 
v -285 -286 -287 -288 -289 -290 -291 -292 -293 -294 -295 -296 -297 -298 -299 
v -300 301 -302 -303 -304 -305 306 -307 -308 -309 -310 -311 -312 -313 -314 -315 
v -316 -317 -318 -319 -320 -321 -322 -323 -324 -325 -326 -327 -328 -329 -330 
v -331 -332 -333 -334 -335 -336 -337 -338 -339 -340 -341 -342 -343 344 -345 
v -346 347 -348 349 -350 -351 -352 -353 -354 -355 -356 -357 -358 359 -360 361 
v -362 -363 364 -365 -366 -367 -368 -369 -370 371 -372 -373 374 -375 -376 -377 
v -378 -379 -380 -381 -382 -383 -384 -385 -386 -387 -388 -389 -390 -391 -392 
v 393 -394 -395 396 -397 -398 -399 -400 -401 -402 403 -404 -405 406 -407 -408 
v -409 -410 -411 -412 -413 -414 -415 -416 -417 -418 -419 -420 -421 -422 -423 
v -424 -425 -426 -427 -428 -429 -430 -431 -432 -433 -434 -435 -436 -437 -438 
v -439 -440 441 -442 -443 444 -445 -446 -447 -448 -449 -450 451 -452 -453 454 
v -455 -456 -457 -458 -459 -460 -461 -462 -463 -464 -465 -466 -467 -468 -469 
v -470 -471 -472 473 -474 -475 476 -477 -478 -479 -480 -481 -482 483 -484 -485 
v 486 -487 -488 -489 -490 -491 -492 -493 -494 -495 -496 -497 -498 -499 -500 
v -501 -502 -503 -504 -505 -506 -507 -508 -509 -510 -511 -512 -513 -514 -515 
v -516 -517 -518 -519 -520 -521 -522 -523 -524 -525 -526 -527 -528 -529 -530 
v -531 -532 -533 -534 -535 -536 -537 -538 -539 -540 -541 -542 -543 -544 -545 
v -546 -547 -548 -549 -550 -551 -552 -553 -554 -555 -556 -557 -558 -559 -560 
v -561 -562 -563 -564 -565 -566 -567 -568 -569 -570 -571 -572 -573 -574 -575 
v -576 -577 -578 -579 -580 -581 -582 -583 -584 -585 -586 -587 -588 -589 -590 
v -591 -592 -593 -594 -595 -596 -597 -598 -599 -600 -601 -602 -603 -604 -605 
v -606 -607 -608 -609 -610 -611 -612 -613 -614 -615 -616 -617 -618 -619 -620 
v -621 -622 -623 -624 -625 -626 -627 -628 -629 -630 -631 -632 633 -634 -635 636 
v -637 -638 -639 -640 -641 -642 643 -644 -645 646 -647 -648 -649 -650 -651 -652 
v -653 -654 -655 -656 -657 -658 -659 -660 -661 -662 -663 -664 665 -666 -667 
v -668 -669 -670 -671 672 -673 -674 675 -676 -677 -678 -679 -680 -681 -682 -683 
v -684 -685 -686 -687 -688 -689 -690 -691 -692 -693 -694 -695 -696 -697 -698 
v -699 -700 -701 -702 -703 -704 -705 -706 -707 708 -709 -710 711 -712 -713 -714 
v -715 -716 -717 -718 -719 -720 -721 -722 -723 -724 -725 -726 -727 -728 -729 
v -730 -731 -732 -733 -734 -735 -736 -737 -738 -739 -740 -741 -742 -743 -744 
v -745 -746 -747 -748 -749 -750 -751 -752 -753 -754 -755 -756 -757 -758 -759 
v 760 -761 -762 -763 -764 -765 -766 -767 768 -769 -770 -771 -772 -773 -774 -775 
v 776 777 778 779 780 781 782 783 784 785 786 787 788 789 790 791 792 793 794 
v 795 796 797 798 799 800 801 802 0
c [g 0] truth-find prop checks  : 42K
c [g 0] -> of which prop        : 20.14 %
c [g 0] -> of which confl       :  1.11 %
c [g 0] elim called             : 8533
c [g 0] ---> which lead to prop : 21.33 %
c [g 0] ---> which lead to confl:  1.59 %
c [g 0] size: 51    x 470  

real	0m7.013s
user	0m6.894s
sys	0m0.019s
