c BreakID not compiled in, disabling
c CryptoMiniSat version 5.11.19
c CMS Copyright (C) 2009-2020 Authors of CryptoMiniSat, see AUTHORS file
c CMS SHA revision b80e09ebd7703fc13b987401d693d7d406a50441
c Using VMTF code by Armin Biere from CaDiCaL
c Using Yalsat by Armin Biere, see Balint et al. Improving implementation of SLS solvers [...], SAT'14
c Using WalkSAT by Henry Kautz, see Kautz and Selman Pushing the envelope: planning, propositional logic, and stochastic search, AAAI'96,
c CMS is MIT licensed
c Using code from 'When Boolean Satisfiability Meets Gauss-E. in a Simplex Way'
c       by C.-S. Han and J.-H. Roland Jiang in CAV 2012. Fixes by M. Soos
c Using CCAnr from 'CCAnr: A Conf. Checking Based Local Search Solver [...]'
c       by Shaowei Cai, Chuan Luo, and Kaile Su, SAT 2015
c CMS compilation env CMAKE_CXX_COMPILER = /usr/bin/c++ | CMAKE_CXX_FLAGS =  -fvisibility=hidden -Wall -Wextra -Wunused -Wsign-compare -fno-omit-frame-pointer -Wtype-limits -Wuninitialized -Wno-deprecated -Wstrict-aliasing -Wpointer-arith -Wpointer-arith -Wformat-nonliteral -Winit-self -Wparentheses -Wunreachable-code -g -Wno-class-memaccess -mpopcnt -msse4.2 -ggdb3 -Wlogical-op -Wrestrict -Wnull-dereference -Wdouble-promotion -Wshadow -Wformat=2 -Wextra-semi -pedantic | COMPILE_DEFINES =  -DRDB0_ONLY_FEATURES -DUSE_ZLIB -DYALSAT_FPU | STATICCOMPILE = OFF | ONLY_SIMPLE =  | STATS = OFF | SQLITE3_FOUND =  | ZLIB_FOUND = TRUE | VALGRIND_FOUND =  | ENABLE_TESTING = OFF | SLOW_DEBUG = OFF | ENABLE_ASSERTIONS = ON | PYTHON_EXECUTABLE =  | PYTHON_LIBRARY =  | PYTHON_INCLUDE_DIRS =  | MY_TARGETS =  | LARGEMEM = OFF | LIMITMEM = OFF | BREAKID_LIBRARIES =  | BREAKID-VER = . | BOSPHORUS_LIBRARIES =  | BOSPH-VER = . | compilation date time = Jul 13 2026 14:05:03
c CMS compiled with gcc version 11.5.0 20240719 (Red Hat 11.5.0-5)
c Executed with command line: ./cryptominisat5 ./instancesBreak/IC_S4/Xn19l6-15-S.dimacs_break.cnf
c Reading file './instancesBreak/IC_S4/Xn19l6-15-S.dimacs_break.cnf'
c -- header says num vars:            802
c -- header says num clauses:        2520
c -- clauses added: 2468
c -- xor clauses added: 52
c -- vars added 802
c Parsing time: 0.00 s
c [find&init matx] performing matrix init
c [gauss] XOR-encoding clauses are not detached, so no need to reattach them.
c [xor-rem-unconnected] left with 50 xors from 50 non-empty xors T: 0.00
c [xor-together] xored together: 0 orig xors: 50 new xors: 50 T: 0.00
c [xor-rem-unconnected] left with 50 xors from 50 non-empty xors T: 0.00
c [xor-clean-equiv] removed equivalent xors: 0 left with: 50
c [matrix] unused xors from cleaning: 0
c [matrix] Good   matrix  0     50 x  765  density:0.1120  xorlen avg: 85.70
c [matrix] Using 1 matrices recovered from 0 xors T: 0.00 T-out: N
c [branch] adjusting to: vsid (from: vsid) var_decay:0.95 descr: VSIDS
c rst  geom  stb   vs     1   127    2851 17553  1657    3.96    3.79     0    40    73    14  139.51  124.35
c rst  geom  stb   vs     2   249    2851 17553  1657    3.96    3.79     5    55   170    19  105.48   97.59
c  res  pol bran  nres  conf freevar  IrrL  IrrB l/longC  l/allC RedL0 RedL1 RedL2  RedB l/longC  l/allC
c rst  geom  stb   vs     3   384    2851 17553  1657    3.96    3.79     5    55   303    21   84.06   79.58
c rst  geom  stb   vs     4   532    2851 17553  1657    3.96    3.79     6    56   448    22   73.53   70.57
c rst  geom  stb   vs     5   694    2851 17553  1657    3.96    3.79     6    56   610    22   65.91   63.88
c rst  geom  stb   vs     6   872    2851 17553  1657    3.96    3.79     6    56   788    22   60.52   59.05
c rst  geom  stb   vs     7  1066    2851 17553  1657    3.96    3.79     6    56   982    22   57.99   56.83
c rst  geom  stb   vs     8  1279    2851 17553  1657    3.96    3.79     6    56  1195    22   58.57   57.59
c rst  geom  stb   vs     9  1514    2851 17553  1657    3.96    3.79     6    56  1430    22   57.77   56.96
c rst  geom  stb   vs    10  1771    2851 17553  1657    3.96    3.79     6    56  1687    22   55.36   54.70
c rst  geom  stb   vs    11  2053    2851 17553  1657    3.96    3.79     6    56  1969    22   54.86   54.29
c rst  geom  stb   vs    12  2363    2851 17553  1657    3.96    3.79     6    56  2279    22   53.09   52.62
c rst  geom  stb   vs    13  2703    2851 17553  1657    3.96    3.79     6    56  2619    22   52.85   52.44
c rst  geom  stb   vs    14  3077    2851 17553  1657    3.96    3.79     6    56  2992    23   54.51   54.12
c rst  geom  stb   vs    15  3487    2851 17553  1657    3.96    3.79     6    56  3402    23   54.55   54.20
c rst  geom  stb   vs    16  3937    2851 17553  1657    3.96    3.79     6    56  3852    23   54.12   53.81
c rst  geom  stb   vs    17  4432    2851 17553  1657    3.96    3.79     6    56  4347    23   52.24   51.97
c rst  geom  stb   vs    18  4975    2851 17553  1657    3.96    3.79     6    56  4889    24   50.60   50.36
c rst  geom  stb   vs    19  5573    2851 17553  1657    3.96    3.79     6    56  5487    24   52.17   51.96
c [branch] adjusting to: vmtf (from: vsid) var_decay:0.95 descr: VMTF
c [distill-long-red0] cls tried: 6/6 T: 0.00 T-out: N T-r: 100.00%
c [distill-long-red1] cls tried: 56/56 T: 0.00 T-out: N T-r: 97.43%
c rst  luby ibes  vmt    20  5674    2851 17553  1657    3.96    3.79    16    75  5554    29   51.63   51.37
c rst  luby ibes  vmt    21  5776    2851 17553  1657    3.96    3.79    22    87  5638    29   52.21   51.96
c rst  luby ibes  vmt    22  5979    2851 17553  1657    3.96    3.79    25    89  5847    30   52.88   52.63
c rst  luby ibes  vmt    23  6081    2851 17553  1657    3.96    3.79    25    98  5946    30   53.83   53.58
c rst  luby ibes  vmt    24  6183    2851 17553  1657    3.96    3.79    26   102  6059    30   53.40   53.16
c rst  luby ibes  vmt    25  6385    2851 17553  1657    3.96    3.79    26   109  6262    30   52.56   52.32
c rst  luby ibes  vmt    26  6786    2851 17553  1657    3.96    3.79    28   123  6646    31   52.81   52.58
c rst  luby ibes  vmt    27  6887    2851 17553  1657    3.96    3.79    30   130  6738    31   52.43   52.20
c rst  luby ibes  vmt    28  6989    2851 17553  1657    3.96    3.79    30   135  6835    31   52.20   51.98
c rst  luby ibes  vmt    29  7191    2851 17553  1657    3.96    3.79    31   145  7025    32   51.89   51.67
c rst  luby ibes  vmt    30  7293    2851 17553  1657    3.96    3.79    31   148  7126    32   52.12   51.90
c rst  luby ibes  vmt    31  7395    2851 17553  1657    3.96    3.79    31   149  7226    33   52.07   51.85
c rst  luby ibes  vmt    32  7596    2851 17553  1657    3.96    3.79    31   158  7435    33   51.63   51.41
c rst  luby ibes  vmt    33  7997    2851 17553  1657    3.96    3.79    33   171  7821    34   51.26   51.05
c rst  luby ibes  vmt    34  8798    2851 17553  1657    3.96    3.79    36   207  8626    36   50.12   49.92
c rst  luby ibes  vmt    35  8899    2851 17553  1657    3.96    3.79    36   213  8721    36   49.88   49.69
c rst  luby ibes  vmt    36  9001    2851 17553  1657    3.96    3.79    36   214  8820    38   49.81   49.61
c rst  luby ibes  vmt    37  9202    2851 17553  1657    3.96    3.79    36   231  9015    38   49.52   49.32
c rst  luby ibes  vmt    38  9303    2851 17553  1657    3.96    3.79    36   232  9115    38   49.54   49.35
c rst  luby ibes  vmt    39  9404    2851 17553  1657    3.96    3.79    37   236  9211    38   49.37   49.19
c rst  luby ibes  vmt    40  9606    2851 17553  1657    3.96    3.79    39   245  9404    38   49.24   49.06
c rst  luby ibes  vmt    41 10009    2851 17553  1657    3.96    3.79   143   170  9821    38   48.48   48.30
c rst  luby ibes  vmt    42 10110    2851 17553  1657    3.96    3.79   143   173  9923    38   48.34   48.17
c rst  luby ibes  vmt    43 10211    2851 17553  1657    3.96    3.79   143   185 10031    38   48.20   48.03
c rst  luby ibes  vmt    44 10413    2851 17553  1657    3.96    3.79   144   201 10217    38   48.14   47.98
c rst  luby ibes  vmt    45 10514    2851 17553  1657    3.96    3.79   144   203 10315    39   48.06   47.89
c rst  luby ibes  vmt    46 10616    2851 17553  1657    3.96    3.79   146   208 10410    39   48.02   47.85
c rst  luby ibes  vmt    47 10818    2851 17553  1657    3.96    3.79   146   220 10672    39   48.06   47.90
c rst  luby  svd  vmt    48 11219    2851 17553  1657    3.96    3.79   156   225 11056    41   48.89   48.72
c rst  luby  svd  vmt    49 12021    2851 17553  1657    3.96    3.79   167   259 11812    42   49.12   48.96
c [branch] adjusting to: vsid (from: vmtf) var_decay:0.95 descr: VSIDS
c [distill-bin] useful: 15/1657/1657 lits-rem: 0 cl-rem: 15 0-depth-assigns: 0 T: 0.01 T-out: N
c rst  geom  svd   vs    50 12132    2851 17553  1642    3.96    3.79   167   259 11923    42   49.11   48.95
c rst  geom  svd   vs    51 12255    2851 17553  1642    3.96    3.79   167   259 12046    42   49.07   48.92
c rst  geom  svd   vs    52 12389    2851 17553  1642    3.96    3.79   167   259 12180    42   49.01   48.85
c rst  geom  svd   vs    53 12536    2851 17553  1642    3.96    3.79   167   259 12327    42   48.83   48.68
c rst  geom  svd   vs    54 12698    2851 17553  1642    3.96    3.79   167   259 12489    42   48.62   48.47
c rst  geom  svd   vs    55 12876    2851 17553  1642    3.96    3.79   167   259 12667    42   48.57   48.42
c rst  geom  svd   vs    56 13071    2851 17553  1642    3.96    3.79   167   259 12862    42   48.37   48.22
c rst  geom  svd   vs    57 13284    2851 17553  1642    3.96    3.79   167   259 13075    42   48.24   48.09
c rst  geom  svd   vs    58 13519    2851 17553  1642    3.96    3.79   167   259 13310    42   48.06   47.92
c rst  geom  svd   vs    59 13777    2851 17553  1642    3.96    3.79   167   259 13568    42   47.81   47.68
c rst  geom  svd   vs    60 14059    2851 17553  1642    3.96    3.79   167   259 13850    42   47.51   47.38
c rst  geom  svd   vs    61 14369    2851 17553  1642    3.96    3.79   167   259 14160    42   47.25   47.12
c rst  geom  svd   vs    62 14709    2851 17553  1642    3.96    3.79   167   259 14500    42   46.93   46.81
c rst  geom  svd   vs    63 15083    2851 17553  1642    3.96    3.79   182   764 14090    42   45.59   45.47
c rst  geom  svd   vs    64 15493    2851 17553  1642    3.96    3.79   182   764 14500    42   45.09   44.97
c rst  geom  svd   vs    65 15943    2851 17553  1642    3.96    3.79   182   764 14950    42   44.77   44.66
c rst  geom  svd   vs    66 16437    2851 17553  1642    3.96    3.79   182   764 15444    42   44.52   44.41
c rst  geom best   vs    67 16980    2851 17553  1642    3.96    3.79   183   765 15983    44   45.49   45.38
c rst  geom best   vs    68 17578    2851 17553  1642    3.96    3.79   183   765 16581    44   46.03   45.92
c rst  geom best   vs    69 18235    2851 17553  1642    3.96    3.79   183   765 17234    48   46.06   45.95
c [branch] adjusting to: vmtf (from: vsid) var_decay:0.95 descr: VMTF
c rst  luby best  vmt    70 18339    2851 17553  1642    3.96    3.79   185   765 17336    48   46.26   46.14
c rst  luby best  vmt    71 18441    2851 17553  1642    3.96    3.79   189   767 17425    55   46.36   46.23
c rst  luby best  vmt    72 18642    2851 17553  1642    3.96    3.79   190   772 17648    56   47.35   47.21
c rst  luby best  vmt    73 18744    2851 17553  1642    3.96    3.79   192   776 17743    57   47.42   47.28
c rst  luby best  vmt    74 18848    2851 17553  1642    3.96    3.79   195   779 17840    58   47.48   47.34
c rst  luby best  vmt    75 19049    2851 17553  1642    3.96    3.79   199   783 18032    59   47.89   47.75
c rst  luby best  vmt    76 19451    2851 17553  1642    3.96    3.79   207   787 18420    61   48.59   48.44
c rst  luby best  vmt    77 19553    2851 17553  1642    3.96    3.79   208   789 18519    61   48.69   48.54
c rst  luby best  vmt    78 19655    2851 17553  1642    3.96    3.79   208   792 18617    62   48.85   48.71
c rst  luby best  vmt    79 19856    2851 17553  1642    3.96    3.79   211   794 18813    62   49.10   48.95
c rst  luby best  vmt    80 19959    2851 17553  1642    3.96    3.79   213   794 18912    64   49.23   49.08
c rst  luby best  vmt    81   20K    2851 17553  1642    3.96    3.79   264   747 19009    64   49.27   49.12
c [full-probe]  bin_only: 1 set: 0 repl: 0 T: 0.01 T-out: N T-r: 99.76%
c rst  luby best  vmt    82   20K    2851 17553  1642    3.96    3.79   266   748 19209    64   49.50   49.35
c rst  luby best  vmt    83   20K    2851 17553  1642    3.96    3.79   269   752 19603    65   49.79   49.64
c [distill-long-red0] cls tried: 228/228 T: 0.01 T-out: N T-r: 99.67%
c [distill-long-red1] cls tried: 43/731 T: 0.01 T-out: Y T-r: -3.98%
c rst  luby best  vmt    84   21K    2851 17553  1642    3.96    3.79   267   762   20K    75   50.01   49.84
c rst  luby best  vmt    85   21K    2851 17553  1642    3.96    3.79   268   765   20K    75   50.10   49.93
c rst  luby best  vmt    86   21K    2851 17553  1642    3.96    3.79   270   768   20K    75   50.09   49.93
c rst  luby  stb  vmt    87   21K    2851 17553  1642    3.96    3.79   274   773   20K    77   50.20   50.03
c rst  luby  stb  vmt    88   21K    2851 17553  1642    3.96    3.79   277   775   20K    77   50.22   50.05
c rst  luby  stb  vmt    89   22K    2851 17553  1642    3.96    3.79   278   776   20K    77   50.26   50.09
c rst  luby  stb  vmt    90   22K    2851 17553  1642    3.96    3.79   283   777   21K    79   50.51   50.34
c rst  luby  stb  vmt    91   22K    2851 17553  1642    3.96    3.79   285   785   21K    79   50.91   50.74
c rst  luby  stb  vmt    92   22K    2851 17553  1642    3.96    3.79   286   787   21K    79   50.97   50.80
c rst  luby  stb  vmt    93   22K    2851 17553  1642    3.96    3.79   286   788   21K    79   51.03   50.86
c rst  luby  stb  vmt    94   23K    2851 17553  1642    3.96    3.79   287   793   21K    79   51.39   51.22
c rst  luby  stb  vmt    95   23K    2851 17553  1642    3.96    3.79   288   798   22K    79   51.55   51.39
c rst  luby  stb  vmt    96   23K    2851 17553  1642    3.96    3.79   288   800   22K    79   51.61   51.45
c rst  luby  stb  vmt    97   23K    2851 17553  1642    3.96    3.79   289   800   22K    79   51.75   51.59
c rst  luby  stb  vmt    98   23K    2851 17553  1642    3.96    3.79   294   804   22K    80   52.07   51.90
c rst  luby  stb  vmt    99   24K    2851 17553  1642    3.96    3.79   304   812   23K    83   52.43   52.26
c rst  luby  stb  vmt   100   26K    2851 17553  1642    3.96    3.79   319   833   25K    83   52.91   52.75
c [branch] adjusting to: vsid (from: vmtf) var_decay:0.95 descr: VSIDS
c [distill] watch-based irred--  cl tried     1618 cl-sh     0 cl-rem    4 lit-rem      0 T: 0.00 T-out: N
c [distill] watch-based   red--  cl tried      638 cl-sh    13 cl-rem    1 lit-rem     15 T: 0.00 T-out: N
c rst  geom  stb   vs   101   26K    2851 17547  1648    3.96    3.79   315   833   25K    82   52.90   52.74
c rst  geom  stb   vs   102   26K    2851 17547  1648    3.96    3.79   315   833   25K    82   52.86   52.71
c rst  geom  stb   vs   103   26K    2851 17547  1648    3.96    3.79   315   833   25K    82   52.86   52.70
c rst  geom  stb   vs   104   26K    2851 17547  1648    3.96    3.79   315   833   25K    82   52.86   52.71
c rst  geom  stb   vs   105   26K    2851 17547  1648    3.96    3.79   315   833   25K    82   52.79   52.64
c rst  geom ibes   vs   106   27K    2851 17547  1648    3.96    3.79   316   833   25K    82   52.63   52.48
c rst  geom ibes   vs   107   27K    2851 17547  1648    3.96    3.79   316   833   26K    82   52.41   52.26
c rst  geom ibes   vs   108   27K    2851 17547  1648    3.96    3.79   316   833   26K    82   52.16   52.01
c rst  geom ibes   vs   109   27K    2851 17547  1648    3.96    3.79   316   833   26K    82   51.91   51.77
c rst  geom ibes   vs   110   28K    2851 17547  1648    3.96    3.79   316   834   26K    82   51.71   51.56
c rst  geom ibes   vs   111   28K    2851 17547  1648    3.96    3.79   316   834   27K    82   51.38   51.23
c rst  geom ibes   vs   112   28K    2851 17547  1648    3.96    3.79   316   834   27K    82   51.04   50.90
c rst  geom ibes   vs   113   28K    2851 17547  1648    3.96    3.79   316   834   27K    82   50.68   50.54
c rst  geom ibes   vs   114   29K    2851 17547  1648    3.96    3.79   316   834   28K    82   50.26   50.13
c rst  geom ibes   vs   115   29K    2851 17547  1648    3.96    3.79   316   834   28K    82   49.90   49.77
c rst  geom ibes   vs   116   30K    2851 17547  1648    3.96    3.79   425  1034   23K    82   48.94   48.78
c rst  geom ibes   vs   117   30K    2851 17547  1648    3.96    3.79   425  1034   23K    82   48.28   48.13
c rst  geom ibes   vs   118   31K    2851 17547  1648    3.96    3.79   425  1034   24K    82   47.72   47.57
c rst  geom ibes   vs   119   31K    2851 17547  1648    3.96    3.79   425  1034   24K    82   47.10   46.96
c rst  geom ibes   vs   120   32K    2851 17547  1648    3.96    3.79   425  1034   25K    82   46.40   46.27
c [distill-bin] useful: 0/1648/1648 lits-rem: 0 cl-rem: 0 0-depth-assigns: 0 T: 0.01 T-out: N
c rst  geom  svd   vs   121   33K    2851 17547  1648    3.96    3.79   428  1034   26K    84   46.14   46.01
c rst  geom  svd   vs   122   34K    2851 17547  1648    3.96    3.79   428  1034   26K    84   45.67   45.54
c [branch] adjusting to: vmtf (from: vsid) var_decay:0.95 descr: VMTF
c rst  luby  svd  vmt   123   34K    2851 17547  1648    3.96    3.79   430  1040   27K    84   45.69   45.56
c rst  luby  svd  vmt   124   34K    2851 17547  1648    3.96    3.79   430  1052   27K    85   45.65   45.52
c rst  luby  svd  vmt   125   34K    2851 17547  1648    3.96    3.79   430  1057   27K    85   45.87   45.74
c rst  luby  svd  vmt   126   34K    2851 17547  1648    3.96    3.79   431  1059   27K    85   46.04   45.91
c rst  luby  svd  vmt   127   34K    2851 17547  1648    3.96    3.79   431  1064   27K    85   46.10   45.97
c rst  luby  svd  vmt   128   34K    2851 17547  1648    3.96    3.79   432  1070   27K    86   46.14   46.01
c rst  luby  svd  vmt   129   35K    2851 17547  1648    3.96    3.79   434  1077   28K    86   46.42   46.29
c rst  luby  svd  vmt   130   35K    2851 17547  1648    3.96    3.79   435  1081   28K    86   46.38   46.25
c rst  luby  svd  vmt   131   35K    2851 17547  1648    3.96    3.79   436  1090   28K    86   46.41   46.28
c rst  luby  svd  vmt   132   35K    2851 17547  1648    3.96    3.79   436  1091   28K    86   46.58   46.45
c rst  luby  svd  vmt   133   35K    2851 17547  1648    3.96    3.79   436  1093   28K    86   46.74   46.61
c [distill-long-red0] cls tried: 184/184 T: 0.02 T-out: N T-r: 99.56%
c [distill-long-red1] cls tried: 41/1029 T: 0.01 T-out: Y T-r: -7.67%
c rst  luby  svd  vmt   134   35K    2851 17547  1648    3.96    3.79   435  1094   28K    87   46.68   46.55
c rst  luby  svd  vmt   135   36K    2851 17547  1648    3.96    3.79   437  1100   28K    87   46.81   46.68
c rst  luby  svd  vmt   136   36K    2851 17547  1648    3.96    3.79   445  1110   29K    87   46.92   46.80
c rst  luby  svd  vmt   137   37K    2851 17547  1648    3.96    3.79   452  1133   30K    87   47.32   47.20
c rst  luby  svd  vmt   138   37K    2851 17547  1648    3.96    3.79   452  1137   30K    87   47.35   47.23
c rst  luby  svd  vmt   139   37K    2851 17547  1648    3.96    3.79   452  1138   30K    87   47.39   47.27
c rst  luby  svd  vmt   140   37K    2851 17547  1648    3.96    3.79   453  1150   30K    87   47.43   47.31
c rst  luby  svd  vmt   141   37K    2851 17547  1648    3.96    3.79   455  1153   30K    87   47.49   47.37
c rst  luby  svd  vmt   142   37K    2851 17547  1648    3.96    3.79   456  1162   30K    87   47.48   47.36
c rst  luby  svd  vmt   143   38K    2851 17547  1648    3.96    3.79   457  1165   30K    87   47.86   47.74
c rst  geom best  vmt   144   38K    2851 17547  1648    3.96    3.79   459  1167   30K    87   47.92   47.79
c rst  geom best  vmt   145   38K    2851 17547  1648    3.96    3.79   461  1170   31K    87   47.92   47.79
c rst  geom best  vmt   146   38K    2851 17547  1648    3.96    3.79   462  1180   31K    87   47.98   47.86
c rst  geom best  vmt   147   38K    2851 17547  1648    3.96    3.79   462  1183   31K    87   48.17   48.05
c rst  geom best  vmt   148   38K    2851 17547  1648    3.96    3.79   465  1188   31K    87   48.15   48.03
c rst  geom best  vmt   149   38K    2851 17547  1648    3.96    3.79   465  1190   31K    87   48.24   48.12
c rst  geom best  vmt   150   39K    2851 17547  1648    3.96    3.79   468  1200   31K    87   48.27   48.15
c rst  geom best  vmt   151   39K    2851 17547  1648    3.96    3.79   468  1202   32K    87   48.48   48.36
c rst  geom best  vmt   152   39K    2851 17547  1648    3.96    3.79   469  1214   32K    88   48.53   48.41
c rst  geom best  vmt   153   39K    2851 17547  1648    3.96    3.79   470  1220   32K    88   48.50   48.38
c rst  geom best  vmt   154   40K    2851 17547  1648    3.96    3.79   630  1074   32K    88   48.55   48.43
c [full-probe]  bin_only: 0 set: 0 repl: 0 T: 0.01 T-out: N T-r: 96.45%
c [impl-str] lit bin: 0 set-var: 0 T: 0.00 T-out: N T-r: 99.95% w-visit: 5706
c [impl-sub] bin: 39 T: 0.00 T-out: N w-visit: 5706
c rst  geom best  vmt   155   40K    2851 17547  1648    3.96    3.79   631  1080   33K    61   48.50   48.42
c rst  geom best  vmt   156   40K    2851 17547  1648    3.96    3.79   632  1104   33K    61   48.39   48.31
c rst  geom best  vmt   157   41K    2851 17547  1648    3.96    3.79   633  1106   33K    61   48.52   48.44
c rst  geom best  vmt   158   41K    2851 17547  1648    3.96    3.79   635  1120   34K    62   48.67   48.59
c rst  geom best  vmt   159   41K    2851 17547  1648    3.96    3.79   643  1141   34K    62   48.62   48.54
c rst  geom best  vmt   160   42K    2851 17547  1648    3.96    3.79   646  1151   35K    62   48.50   48.42
c [branch] adjusting to: vsid (from: vmtf) var_decay:0.95 descr: VSIDS
c rst  geom best   vs   161   42K    2851 17547  1648    3.96    3.79   647  1151   35K    62   48.43   48.35
c rst  geom best   vs   162   42K    2851 17547  1648    3.96    3.79   647  1151   35K    62   48.39   48.31
c rst  geom best   vs   163   42K    2851 17547  1648    3.96    3.79   647  1151   35K    62   48.30   48.23
c rst  geom best   vs   164   42K    2851 17547  1648    3.96    3.79   647  1151   35K    63   48.21   48.13
c rst  geom best   vs   165   43K    2851 17547  1648    3.96    3.79   648  1151   35K    63   48.14   48.07
c rst  geom best   vs   166   43K    2851 17547  1648    3.96    3.79   649  1151   36K    63   48.04   47.97
c rst  geom best   vs   167   43K    2851 17547  1648    3.96    3.79   649  1153   36K    63   47.99   47.92
c rst  geom  stb   vs   168   43K    2851 17547  1648    3.96    3.79   650  1153   36K    63   47.91   47.83
c rst  geom  stb   vs   169   43K    2851 17547  1648    3.96    3.79   650  1153   36K    63   47.79   47.71
c rst  geom  stb   vs   170   44K    2851 17547  1648    3.96    3.79   650  1153   36K    63   47.64   47.57
c [ccnr] tries: 0 steps: 262143 best found: 13
c [ccnr] tries: 0 steps: 524287 best found: 13
c [ccnr] tries: 0 steps: 786431 best found: 13
c [ccnr] saving best assignment phase to stable_polar
c [ccnr] bumping based on clause weights
c [ccnr] Bumped vars: 101 bump type: 6
c [ccnr] time: 0.61
c rst  geom  stb   vs   171   44K    2851 17547  1648    3.96    3.79   650  1153   37K    63   47.49   47.41
c rst  geom  stb   vs   172   44K    2851 17547  1648    3.96    3.79   650  1153   37K    63   47.47   47.40
c rst  geom  stb   vs   173   45K    2851 17547  1648    3.96    3.79   712  1825   30K    63   46.87   46.79
c rst  geom  stb   vs   174   45K    2851 17547  1648    3.96    3.79   712  1825   31K    63   46.65   46.56
c rst  geom  stb   vs   175   45K    2851 17547  1648    3.96    3.79   712  1825   31K    63   46.54   46.46
c rst  geom  stb   vs   176   46K    2851 17547  1648    3.96    3.79   712  1825   32K    63   46.32   46.24
c rst  geom  stb   vs   177   46K    2851 17547  1648    3.96    3.79   712  1825   32K    63   46.09   46.01
c rst  geom  stb   vs   178   47K    2851 17547  1648    3.96    3.79   712  1825   33K    63   45.78   45.71
c rst  geom  stb   vs   179   48K    2851 17547  1648    3.96    3.79   712  1825   33K    63   45.46   45.39
c rst  geom  stb   vs   180   48K    2851 17547  1648    3.96    3.79   712  1825   34K    63   45.16   45.09
c rst  geom  stb   vs   181   49K    2851 17547  1648    3.96    3.79   712  1825   35K    63   45.05   44.98
c rst  geom ibes   vs   182   50K    2851 17547  1648    3.96    3.79   772  1765   35K    63   44.62   44.56
c [gauss] XOR-encoding clauses are not detached, so no need to reattach them.
c [g 0] truth-find prop checks  : 914K
c [g 0] -> of which prop        : 38.97 %
c [g 0] -> of which confl       :  3.29 %
c [g 0] elim called             : 165K
c [g 0] ---> which lead to prop :  6.12 %
c [g 0] ---> which lead to confl:  0.44 %
c [g 0] size: 50    x 765  
c [scc] new: 6 BP 0M T: 0.00
c [vrep] vars 6 lits 8518 rem-bin-cls 24 rem-long-cls 0 BP 0M T: 0.02
c [scc] new: 0 BP 0M T: 0.00
c [vrep] vars 0 lits 0 rem-bin-cls 0 rem-long-cls 0 BP 0M T: 0.00
c [intree] Set 0 vars hyper-added: 854 trans-irred: 0 trans-red: 71 T: 0.01 T-out: N T-r: -1.30%
c [find&init matx] performing matrix init
c [gauss] XOR-encoding clauses are not detached, so no need to reattach them.
c [xor-rem-unconnected] left with 50 xors from 50 non-empty xors T: 0.00
c [xor-together] xored together: 0 orig xors: 50 new xors: 50 T: 0.00
c [xor-rem-unconnected] left with 50 xors from 50 non-empty xors T: 0.00
c [xor-clean-equiv] removed equivalent xors: 0 left with: 50
c [matrix] unused xors from cleaning: 0
c [matrix] Good   matrix 0 50      x761    density:0.1116  xorlen avg: 84.94
c [matrix] Using 1 matrices recovered from 0 xors T: 0.00 T-out: N
c rst  geom ibes vs   183   51  K 2845    17547  1636 3.96    3.80      772  1766   36K   846 44.03   43.14  
c [distill-long-red0] cls tried: 336/336 T: 0.04 T-out: N T-r: 98.81%
c [distill-long-red1] cls tried: 20/1662 T: 0.01 T-out: Y T-r: -5.98%
c rst  geom ibes vs   184   52  K 2845    17547  1636 3.96    3.80      769  1766   37K   849 43.35   42.50  
c [distill] watch-based irred--  cl tried 1612     cl-sh 1     cl-rem 2    lit-rem 1      T: 0.00 T-out: N
c [distill] watch-based red  --  cl tried 1536     cl-sh 44    cl-rem 2    lit-rem 73     T: 0.00 T-out: N
c rst  geom ibes vs   185   53  K 2845    17544  1639 3.96    3.79      768  1766   38K   847 42.72   41.91  
c [branch] adjusting to: vmtf (from: vsid) var_decay:0.95 descr: VMTF
c [distill-bin] useful: 1/1353/1639 lits-rem: 0 cl-rem: 1 0-depth-assigns: 0 T: 0.01 T-out: Y
c rst  luby ibes vmt  186   53  K 2845    17544  1638 3.96    3.80      768  1771   38K   847 42.76   41.94  
c rst  luby ibes vmt  187   53  K 2845    17544  1638 3.96    3.80      768  1778   39K   847 42.72   41.91  
c rst  luby ibes vmt  188   53  K 2845    17544  1638 3.96    3.80      769  1789   39K   847 42.62   41.82  
c rst  luby ibes vmt  189   53  K 2845    17544  1638 3.96    3.80      769  1794   39K   847 42.62   41.81  
c rst  luby ibes vmt  190   53  K 2845    17544  1638 3.96    3.80      769  1810   39K   847 42.56   41.76  
c rst  luby ibes vmt  191   53  K 2845    17544  1638 3.96    3.80      769  1816   39K   847 42.51   41.71  
c rst  luby ibes vmt  192   54  K 2845    17544  1638 3.96    3.80      770  1824   40K   847 42.51   41.72  
c rst  luby ibes vmt  193   54  K 2845    17544  1638 3.96    3.80      772  1825   40K   847 42.51   41.72  
c rst  luby ibes vmt  194   54  K 2845    17544  1638 3.96    3.80      772  1832   40K   847 42.50   41.72  
c rst  luby ibes vmt  195   54  K 2845    17544  1638 3.96    3.80      772  1838   40K   847 42.50   41.72  
c rst  luby ibes vmt  196   54  K 2845    17544  1638 3.96    3.80      772  1848   40K   847 42.49   41.71  
c rst  luby ibes vmt  197   54  K 2845    17544  1638 3.96    3.80      772  1859   40K   847 42.47   41.70  
c rst  luby ibes vmt  198   55  K 2845    17544  1638 3.96    3.80      772  1860   40K   847 42.42   41.65  
c rst  luby svd  vmt  199   55  K 2845    17544  1638 3.96    3.80      773  1911   41K   847 42.43   41.66  
c rst  luby svd  vmt  200   56  K 2845    17544  1638 3.96    3.80      775  1966   41K   847 42.46   41.70  
c recursive minimization cost OK: 311Kcost/(% lits removed)
c [gauss] XOR-encoding clauses are not detached, so no need to reattach them.
c [g 0] truth-find prop checks  : 113K
c [g 0] -> of which prop        : 40.87 %
c [g 0] -> of which confl       :  3.18 %
c [g 0] elim called             : 19869
c [g 0] ---> which lead to prop :  0.88 %
c [g 0] ---> which lead to confl:  0.08 %
c [g 0] size: 50    x 761  
c --> Executing strategy token: scc-vrepl
c [scc] new: 6 BP 0M T: 0.00
c [vrep] vars 6 lits 13412 rem-bin-cls 24 rem-long-cls 38 BP 0M T: 0.02
c --> Executing strategy token: sub-impl
c [impl-sub] bin: 10 T: 0.00 T-out: N w-visit: 5706
c --> Executing strategy token: breakid
c --> Executing OCC strategy token(s): 'occ-backw-sub-str,occ-clean-implicit,occ-bve,occ-bva,occ-ternary-res,occ-xor,'
c [occ] mem usage for occur 1      MB
c [occ] Linked in IRRED BIN by default: 1629
c [occ] Linked in RED   BIN by default: 834
c [occ] mem usage for occur 0      MB
c Mem for watch alloc      : 3           MB (18.45     %)
c Mem for watch array      : 0           MB (0.88      %)
c --> Executing OCC strategy token: occ-backw-sub-str
c [occ-backw-sub-str-long-w-bins] subs: 1 str: 5 tried: 2463 0-depth ass: 0 T: 0.00 T-out: N T-r: 99.35%
c [occ-backw-sub-long-w-long] rem cl: 67 tried: 61949/61949 (100.0%) T: 0.01 T-out: N T-r: 96.63%
c [occ-backw-sub-str-long-w-long] sub: 8 str: 19 tried: 185847/61949 (300.0)  T: 0.05 T-out: N T-r: 88.59%
c --> Executing OCC strategy token: occ-clean-implicit
c --> Executing OCC strategy token: occ-bve
c [occ-empty-res] Empty resolvent elimed: 0 T: 0.00 T-out: N
c [occ-bve] iter v-elim 11
c cl_inc_rate=1.0, var_dec_rate=1.0 (grow=0)
c Reduced to 2828 vars, 19162 cls (grow=0)
c [occ-bve] iter v-elim 289
c cl_inc_rate=1.1, var_dec_rate=1.1 (grow=8)
c Reduced to 2539 vars, 20349 cls (grow=8)
c x n vars       : 2539
c #try to eliminate:  6006
c #var-elim        :   300
c #T-o: N
c #T-r: 99.99%
c #T  : 0.10
c [occur] 0.03 is overhead
c [occur] link-in T: 0.03 cleanup T: 0.00
c --> Executing OCC strategy token: occ-bva
c --> Executing OCC strategy token: occ-ternary-res
c [occ-ternary-res] Ternary res-tri: 43 res-bin: 0 sub: 5 str: 0 T: 0.00 T-out: N T-r: 99.39%
c --> Executing OCC strategy token: occ-xor
c [occ-xor] sort occur list T: 0.00
c [xor-clean-equiv] removed equivalent xors: 0 left with: 1942
c [occ-xor] found   1942 avg sz 4.0 min sz  4 max sz  5 T: 0.00 T-out: N T-r: 99.98%
c --> Executing strategy token: card-find
c --> Executing strategy token: cl-consolidate
c [mem] consolidate  old-sz: 9864K new-sz: 4361K new bits offs: 20 T: 0.00
c --> Executing strategy token: scc-vrepl
c [scc] new: 0 BP 0M T: 0.00
c --> Executing strategy token: renumber
c --> Executing strategy token: bosphorus
c --> Executing strategy token: louvain-comms
c [consolidate] mini T: 0.00
c global_timeout_multiplier: 3.3000
c [branch] rebuilding order heap for all branchings. Current branching: vmtf
c [find&init matx] performing matrix init
c [gauss] XOR-encoding clauses are not detached, so no need to reattach them.
c [xor-rem-unconnected] left with 1940 xors from 1942 non-empty xors T: 0.00
c [xor-together] xored together: 1892 orig xors: 1940 new xors: 48 T: 0.00
c [xor-rem-unconnected] left with 48 xors from 48 non-empty xors T: 0.00
c [xor-clean-equiv] removed equivalent xors: 0 left with: 48
c [matrix] unused xors from cleaning: 2
c [matrix] Good   matrix  0     48 x  466  density:0.1782  xorlen avg: 83.04
c [matrix] Using 1 matrices recovered from 0 xors T: 0.00 T-out: N
c rst  luby  svd  vmt   201   56K    2539 19418   931    4.11    4.01   194   274   24K   136   28.80   28.65
c rst  luby  svd  vmt   202   56K    2539 19418   931    4.11    4.01   194   275   24K   136   28.77   28.63
c rst  luby  svd  vmt   203   56K    2539 19418   931    4.11    4.01   194   277   24K   136   28.78   28.63
c rst  luby  svd  vmt   204   56K    2539 19418   931    4.11    4.01   194   277   24K   136   29.10   28.96
c rst  luby  svd  vmt   205   56K    2539 19418   931    4.11    4.01   194   277   24K   136   29.16   29.02
c rst  luby  svd  vmt   206   56K    2539 19418   931    4.11    4.01   194   277   24K   136   29.18   29.04
c rst  luby  svd  vmt   207   57K    2539 19418   931    4.11    4.01   194   277   25K   136   29.15   29.01
c rst  luby  svd  vmt   208   57K    2539 19418   931    4.11    4.01   196   277   25K   136   29.03   28.89
c rst  luby  svd  vmt   209   57K    2539 19418   931    4.11    4.01   196   277   25K   136   29.01   28.87
c rst  luby  svd  vmt   210   57K    2539 19418   931    4.11    4.01   196   277   25K   136   28.98   28.84
c rst  luby  svd  vmt   211   57K    2539 19418   931    4.11    4.01   196   277   25K   136   28.93   28.79
c rst  luby  svd  vmt   212   58K    2539 19418   931    4.11    4.01   196   277   25K   136   28.93   28.79
c rst  luby  svd  vmt   213   58K    2539 19418   931    4.11    4.01   196   277   26K   136   28.94   28.81
c rst  luby  svd  vmt   214   58K    2539 19418   931    4.11    4.01   196   277   26K   136   29.10   28.96
c rst  luby  svd  vmt   215   58K    2539 19418   931    4.11    4.01   196   277   26K   136   29.22   29.08
c rst  luby  svd  vmt   216   59K    2539 19418   931    4.11    4.01   196   277   27K   136   29.55   29.42
c rst  luby  svd  vmt   217   61K    2539 19418   931    4.11    4.01   213   290   24K   136   27.97   27.83
c [full-probe]  bin_only: 1 set: 0 repl: 0 T: 0.00 T-out: N T-r: 99.81%
c rst  geom best  vmt   218   61K    2539 19418   931    4.11    4.01   213   290   24K   136   27.97   27.83
c rst  geom best  vmt   219   61K    2539 19418   931    4.11    4.01   213   290   24K   136   27.97   27.83
c rst  geom best  vmt   220   61K    2539 19418   931    4.11    4.01   213   290   25K   136   27.93   27.79
c rst  geom best  vmt   221   61K    2539 19418   931    4.11    4.01   213   290   25K   136   27.87   27.73
c rst  geom best  vmt   222   61K    2539 19418   931    4.11    4.01   213   290   25K   136   27.92   27.78
c rst  geom best  vmt   223   62K    2539 19418   931    4.11    4.01   213   290   25K   136   27.87   27.73
c rst  geom best  vmt   224   62K    2539 19418   931    4.11    4.01   213   290   25K   136   27.80   27.67
c rst  geom best  vmt   225   62K    2539 19418   931    4.11    4.01   213   290   25K   136   27.73   27.60
c rst  geom best  vmt   226   62K    2539 19418   931    4.11    4.01   213   290   26K   136   27.66   27.53
c rst  geom best  vmt   227   62K    2539 19418   931    4.11    4.01   213   290   26K   136   27.66   27.53
c [branch] adjusting to: vsid (from: vmtf) var_decay:0.95 descr: VSIDS
c rst  geom best   vs   228   63K    2539 19418   931    4.11    4.01   213   290   26K   136   27.64   27.51
c rst  geom best   vs   229   63K    2539 19418   931    4.11    4.01   214   290   26K   136   27.64   27.51
c rst  geom best   vs   230   63K    2539 19418   931    4.11    4.01   214   290   26K   136   27.60   27.47
c rst  geom best   vs   231   63K    2539 19418   931    4.11    4.01   214   290   26K   136   27.56   27.43
c rst  geom best   vs   232   63K    2539 19418   931    4.11    4.01   214   290   27K   136   27.53   27.41
c rst  geom best   vs   233   63K    2539 19418   931    4.11    4.01   214   290   27K   136   27.51   27.39
c rst  geom best   vs   234   63K    2539 19418   931    4.11    4.01   214   290   27K   136   27.46   27.34
c rst  geom best   vs   235   64K    2539 19418   931    4.11    4.01   214   290   27K   136   27.40   27.28
c rst  geom best   vs   236   64K    2539 19418   931    4.11    4.01   214   290   27K   136   27.35   27.23
c rst  geom best   vs   237   64K    2539 19418   931    4.11    4.01   214   290   28K   136   27.30   27.18
c rst  geom best   vs   238   64K    2539 19418   931    4.11    4.01   214   290   28K   136   27.26   27.15
c rst  geom best   vs   239   65K    2539 19418   931    4.11    4.01   214   290   28K   136   27.24   27.12
c rst  geom best   vs   240   65K    2539 19418   931    4.11    4.01   214   290   29K   136   27.16   27.04
c rst  geom best   vs   241   65K    2539 19418   931    4.11    4.01   214   290   29K   136   27.11   27.00
c rst  geom best   vs   242   66K    2539 19418   931    4.11    4.01   214   290   29K   136   27.03   26.92
c [distill-long-red0] cls tried: 37/37 T: 0.00 T-out: N T-r: 99.94%
c [distill-long-red1] cls tried: 107/230 T: 0.01 T-out: Y T-r: -0.48%
c rst  geom best   vs   243   66K    2539 19418   931    4.11    4.01   214   290   30K   136   27.05   26.94
c rst  geom  stb   vs   244   67K    2539 19418   931    4.11    4.01   214   290   30K   136   27.16   27.06
c rst  geom  stb   vs   245   67K    2539 19418   931    4.11    4.01   214   290   31K   136   27.25   27.14
c rst  geom  stb   vs   246   68K    2539 19418   931    4.11    4.01   214   290   32K   136   27.13   27.02
c rst  geom  stb   vs   247   69K    2539 19418   931    4.11    4.01   214   290   32K   136   27.07   26.97
c rst  geom  stb   vs   248   69K    2539 19418   931    4.11    4.01   214   290   33K   136   27.01   26.91
c rst  geom  stb   vs   249   70K    2539 19418   931    4.11    4.01   215   288   34K   136   26.95   26.85
c rst  geom  stb   vs   250   71K    2539 19418   931    4.11    4.01   215   288   35K   136   26.90   26.80
c rst  geom  stb   vs   251   72K    2539 19418   931    4.11    4.01   215   288   36K   136   26.79   26.70
c rst  geom  stb   vs   252   73K    2539 19418   931    4.11    4.01   215   288   37K   136   26.82   26.73
c [distill-bin] useful: 5/931/931 lits-rem: 0 cl-rem: 5 0-depth-assigns: 0 T: 0.01 T-out: N
c rst  geom ibes   vs   253   74K    2539 19418   926    4.11    4.01   215   288   38K   136   26.48   26.39
c rst  geom ibes   vs   254   75K    2539 19418   926    4.11    4.01   215   291   32K   136   26.04   25.94
c [branch] adjusting to: vmtf (from: vsid) var_decay:0.95 descr: VMTF
c rst  luby ibes  vmt   255   76K    2539 19418   926    4.11    4.01   215   291   32K   136   26.04   25.95
c rst  luby ibes  vmt   256   76K    2539 19418   926    4.11    4.01   215   291   33K   136   26.04   25.95
c rst  luby ibes  vmt   257   76K    2539 19418   926    4.11    4.01   215   291   33K   136   26.01   25.91
c rst  luby ibes  vmt   258   76K    2539 19418   926    4.11    4.01   215   291   33K   136   25.98   25.89
c rst  luby ibes  vmt   259   76K    2539 19418   926    4.11    4.01   215   291   33K   136   25.95   25.86
c rst  luby ibes  vmt   260   76K    2539 19418   926    4.11    4.01   215   291   33K   136   25.90   25.80
c rst  luby ibes  vmt   261   77K    2539 19418   926    4.11    4.01   215   291   34K   136   25.79   25.69
c [distill] watch-based irred--  cl tried     7432 cl-sh   165 cl-rem  172 lit-rem    170 T: 0.00 T-out: N
c [distill] watch-based   red--  cl tried      430 cl-sh     2 cl-rem    0 lit-rem     14 T: 0.00 T-out: N
c rst  luby ibes  vmt   262   77K    2539 19244   943    4.10    4.00   215   291   34K   121   25.76   25.68
c rst  luby ibes  vmt   263   77K    2539 19244   943    4.10    4.00   215   291   34K   121   25.79   25.71
c rst  luby ibes  vmt   264   77K    2539 19244   943    4.10    4.00   215   291   34K   121   25.77   25.69
c rst  luby ibes  vmt   265   77K    2539 19244   943    4.10    4.00   215   291   34K   121   25.76   25.68
c rst  luby ibes  vmt   266   77K    2539 19244   943    4.10    4.00   215   291   34K   121   25.78   25.70
c rst  luby ibes  vmt   267   77K    2539 19244   943    4.10    4.00   215   291   34K   121   25.73   25.65
c rst  luby ibes  vmt   268   78K    2539 19244   943    4.10    4.00   215   291   35K   121   25.68   25.60
c rst  luby ibes  vmt   269   79K    2539 19244   943    4.10    4.00   215   291   36K   121   25.45   25.37
c rst  luby ibes  vmt   270   79K    2539 19244   943    4.10    4.00   215   291   36K   121   25.42   25.34
c rst  luby ibes  vmt   271   79K    2539 19244   943    4.10    4.00   215   291   36K   121   25.39   25.32
c rst  luby  svd  vmt   272   79K    2539 19244   943    4.10    4.00   215   291   36K   121   25.47   25.39
c rst  luby  svd  vmt   273   79K    2539 19244   943    4.10    4.00   215   291   36K   121   25.48   25.41
c rst  luby  svd  vmt   274   79K    2539 19244   943    4.10    4.00   215   291   36K   121   25.49   25.41
c rst  luby  svd  vmt   275   79K    2539 19244   943    4.10    4.00   215   291   36K   121   25.52   25.44
c rst  luby  svd  vmt   276   80K    2539 19244   943    4.10    4.00   215   266   37K   121   25.57   25.50
c rst  luby  svd  vmt   277   80K    2539 19244   943    4.10    4.00   215   266   37K   121   25.60   25.53
c rst  luby  svd  vmt   278   80K    2539 19244   943    4.10    4.00   215   266   37K   121   25.63   25.55
c rst  luby  svd  vmt   279   80K    2539 19244   943    4.10    4.00   215   266   37K   121   25.70   25.62
c rst  luby  svd  vmt   280   80K    2539 19244   943    4.10    4.00   215   266   37K   121   25.71   25.63
c rst  luby  svd  vmt   281   81K    2539 19244   943    4.10    4.00   215   266   37K   121   25.71   25.64
c rst  luby  svd  vmt   282   81K    2539 19244   943    4.10    4.00   215   266   38K   121   25.71   25.64
c [full-probe]  bin_only: 0 set: 0 repl: 0 T: 0.00 T-out: N T-r: 98.17%
c rst  luby  svd  vmt   283   81K    2539 19244   943    4.10    4.00   215   266   38K   121   25.74   25.67
c [distill-long-red0] cls tried: 2/2 T: 0.00 T-out: N T-r: 99.99%
c [distill-long-red1] cls tried: 114/114 T: 0.01 T-out: N T-r: 21.34%
c rst  luby  svd  vmt   284   82K    2539 19244   943    4.10    4.00   215   266   39K   121   26.06   25.99
c rst  luby  svd  vmt   285   84K    2539 19244   943    4.10    4.00   215   266   40K   121   27.30   27.22
c rst  luby  svd  vmt   286   84K    2539 19244   943    4.10    4.00   215   266   41K   121   27.41   27.33
c rst  luby  svd  vmt   287   84K    2539 19244   943    4.10    4.00   215   266   41K   121   27.47   27.39
c rst  luby  svd  vmt   288   84K    2539 19244   943    4.10    4.00   215   266   41K   121   27.59   27.51
c rst  luby  svd  vmt   289   84K    2539 19244   943    4.10    4.00   215   266   41K   121   27.64   27.56
c rst  luby  svd  vmt   290   84K    2539 19244   943    4.10    4.00   215   266   41K   121   27.64   27.57
c rst  luby  svd  vmt   291   84K    2539 19244   943    4.10    4.00   215   266   41K   121   27.66   27.59
c rst  luby  svd  vmt   292   85K    2539 19244   943    4.10    4.00   215   266   42K   121   27.72   27.65
c rst  luby  svd  vmt   293   85K    2539 19244   943    4.10    4.00   215   266   42K   121   27.74   27.67
c rst  geom best  vmt   294   85K    2539 19244   943    4.10    4.00   215   266   42K   121   27.75   27.68
c rst  geom best  vmt   295   85K    2539 19244   943    4.10    4.00   215   266   42K   121   27.79   27.72
c rst  geom best  vmt   296   85K    2539 19244   943    4.10    4.00   215   266   42K   121   27.78   27.70
c rst  geom best  vmt   297   85K    2539 19244   943    4.10    4.00   215   266   42K   121   27.79   27.72
c rst  geom best  vmt   298   85K    2539 19244   943    4.10    4.00   215   266   42K   121   27.80   27.73
c rst  geom best  vmt   299   86K    2539 19244   943    4.10    4.00   215   266   43K   121   27.78   27.71
c rst  geom best  vmt   300   86K    2539 19244   943    4.10    4.00   215   266   43K   121   27.75   27.68
c rst  geom best  vmt   301   86K    2539 19244   943    4.10    4.00   215   266   43K   121   27.72   27.65
c rst  geom best  vmt   302   86K    2539 19244   943    4.10    4.00   215   266   43K   121   27.69   27.62
c rst  geom best  vmt   303   87K    2539 19244   943    4.10    4.00   215   266   43K   121   27.64   27.57
c rst  geom best  vmt   304   87K    2539 19244   943    4.10    4.00   215   266   44K   121   27.61   27.54
c rst  geom best  vmt   305   87K    2539 19244   943    4.10    4.00   215   266   44K   121   27.56   27.49
c [branch] adjusting to: vsid (from: vmtf) var_decay:0.95 descr: VSIDS
c rst  geom best   vs   306   87K    2539 19244   943    4.10    4.00   215   266   44K   121   27.54   27.47
c rst  geom best   vs   307   87K    2539 19244   943    4.10    4.00   215   266   44K   121   27.51   27.44
c rst  geom best   vs   308   88K    2539 19244   943    4.10    4.00   215   266   44K   121   27.48   27.41
c rst  geom best   vs   309   88K    2539 19244   943    4.10    4.00   215   266   45K   121   27.46   27.40
c rst  geom best   vs   310   88K    2539 19244   943    4.10    4.00   215   266   45K   121   27.50   27.44
c [ccnr] tries: 0 steps: 262143 best found: 11
c [ccnr] tries: 0 steps: 524287 best found: 11
c [ccnr] saving best assignment phase to stable_polar
c [ccnr] bumping based on var unsat frequency: conflict_ct
c [ccnr] Bumped vars: 2853 bump type: 6
c [ccnr] time: 0.54
c rst  geom best   vs   311   88K    2539 19244   943    4.10    4.00   215   267   45K   121   27.56   27.49
c rst  geom best   vs   312   88K    2539 19244   943    4.10    4.00   215   267   45K   121   27.60   27.53
c rst  geom best   vs   313   88K    2539 19244   943    4.10    4.00   215   267   45K   121   27.67   27.60
c rst  geom best   vs   314   89K    2539 19244   943    4.10    4.00   215   267   46K   121   27.69   27.62
c rst  geom best   vs   315   89K    2539 19244   943    4.10    4.00   215   267   46K   121   27.70   27.63
c rst  geom best   vs   316   89K    2539 19244   943    4.10    4.00   215   267   46K   121   27.74   27.67
c rst  geom best   vs   317   90K    2539 19244   943    4.10    4.00   216   262   32K   121   28.08   27.98
c rst  geom best   vs   318   90K    2539 19244   943    4.10    4.00   216   262   32K   121   28.06   27.97
c rst  geom best   vs   319   90K    2539 19244   943    4.10    4.00   216   262   33K   121   28.04   27.95
c rst  geom best   vs   320   91K    2539 19244   943    4.10    4.00   216   262   33K   121   27.96   27.87
c rst  geom best   vs   321   91K    2539 19244   943    4.10    4.00   216   262   33K   121   28.00   27.91
c rst  geom  stb   vs   322   92K    2539 19244   943    4.10    4.00   216   262   34K   121   28.45   28.35
c rst  geom  stb   vs   323   92K    2539 19244   943    4.10    4.00   217   262   34K   121   28.65   28.56
c rst  geom  stb   vs   324   93K    2539 19244   943    4.10    4.00   217   262   35K   121   28.65   28.57
c rst  geom  stb   vs   325   93K    2539 19244   943    4.10    4.00   217   262   36K   121   28.88   28.80
c [distill-bin] useful: 3/943/943 lits-rem: 0 cl-rem: 3 0-depth-assigns: 0 T: 0.01 T-out: N
c rst  geom  stb   vs   326   94K    2539 19244   940    4.10    4.00   217   262   36K   121   28.94   28.86
c rst  geom  stb   vs   327   95K    2539 19244   940    4.10    4.00   217   262   37K   121   28.81   28.72
c rst  geom  stb   vs   328   96K    2539 19244   940    4.10    4.00   217   262   38K   121   28.69   28.60
c rst  geom  stb   vs   329   97K    2539 19244   940    4.10    4.00   217   262   39K   121   28.65   28.57
c [distill-long-red0] cls tried: 2/2 T: 0.00 T-out: N T-r: 99.99%
c [distill-long-red1] cls tried: 3/3 T: 0.00 T-out: N T-r: 83.82%
c rst  geom  stb   vs   330   98K    2539 19244   940    4.10    4.00   217   263   40K   121   28.53   28.45
c rst  geom ibes   vs   331   99K    2539 19244   940    4.10    4.00   217   263   41K   121   28.48   28.40
c rst  geom ibes   vs   332  100K    2539 19244   940    4.10    4.00   218   250   43K   121   28.38   28.31
c [impl-str] lit bin: 0 set-var: 0 T: 0.00 T-out: N T-r: 99.95% w-visit: 5706
c [impl-sub] bin: 0 T: 0.00 T-out: N w-visit: 5706
c rst  geom ibes   vs   333  102K    2539 19244   940    4.10    4.00   218   250   44K   121   28.13   28.06
c [branch] adjusting to: vmtf (from: vsid) var_decay:0.95 descr: VMTF
c [full-probe]  bin_only: 1 set: 0 repl: 0 T: 0.01 T-out: N T-r: 99.79%
c rst  luby ibes  vmt   334  102K    2539 19244   940    4.10    4.00   218   288   44K   135   28.38   28.30
c [distill] watch-based irred--  cl tried     7256 cl-sh     0 cl-rem    0 lit-rem      0 T: 0.00 T-out: N
c [distill] watch-based   red--  cl tried      436 cl-sh     0 cl-rem    0 lit-rem      0 T: 0.00 T-out: N
c rst  luby ibes  vmt   335  102K    2539 19244   940    4.10    4.00   218   288   44K   135   28.41   28.33
c rst  luby ibes  vmt   336  102K    2539 19244   940    4.10    4.00   218   288   44K   135   28.46   28.38
c rst  luby ibes  vmt   337  102K    2539 19244   940    4.10    4.00   218   288   44K   135   28.44   28.36
c rst  luby ibes  vmt   338  102K    2539 19244   940    4.10    4.00   218   288   45K   135   28.43   28.35
c rst  luby ibes  vmt   339  102K    2539 19244   940    4.10    4.00   218   288   45K   135   28.42   28.34
c rst  luby ibes  vmt   340  103K    2539 19244   940    4.10    4.00   218   288   45K   135   28.44   28.37
c rst  luby ibes  vmt   341  103K    2539 19244   940    4.10    4.00   218   288   45K   135   28.44   28.36
c rst  luby ibes  vmt   342  103K    2539 19244   940    4.10    4.00   218   288   45K   135   28.43   28.36
c rst  luby ibes  vmt   343  103K    2539 19244   940    4.10    4.00   218   288   46K   135   28.44   28.36
c rst  luby ibes  vmt   344  103K    2539 19244   940    4.10    4.00   218   288   46K   135   28.43   28.35
c rst  luby ibes  vmt   345  103K    2539 19244   940    4.10    4.00   218   288   46K   135   28.42   28.34
c rst  luby ibes  vmt   346  104K    2539 19244   940    4.10    4.00   218   288   46K   135   28.39   28.32
c rst  luby ibes  vmt   347  104K    2539 19244   940    4.10    4.00   219   289   46K   135   28.39   28.32
c rst  luby  svd  vmt   348  105K    2539 19244   940    4.10    4.00   221   291   35K   135   28.47   28.37
c rst  luby  svd  vmt   349  105K    2539 19244   940    4.10    4.00   221   291   35K   135   28.45   28.35
c rst  luby  svd  vmt   350  105K    2539 19244   940    4.10    4.00   221   291   35K   135   28.46   28.36
c rst  luby  svd  vmt   351  105K    2539 19244   940    4.10    4.00   221   291   35K   135   28.49   28.40
c rst  luby  svd  vmt   352  105K    2539 19244   940    4.10    4.00   221   291   35K   135   28.49   28.39
c rst  luby  svd  vmt   353  105K    2539 19244   940    4.10    4.00   221   291   35K   135   28.47   28.38
c rst  luby  svd  vmt   354  106K    2539 19244   940    4.10    4.00   221   291   36K   135   28.46   28.36
c rst  luby  svd  vmt   355  106K    2539 19244   940    4.10    4.00   221   291   36K   135   28.46   28.37
c rst  luby  svd  vmt   356  106K    2539 19244   940    4.10    4.00   221   291   36K   135   28.47   28.37
c rst  luby  svd  vmt   357  106K    2539 19244   940    4.10    4.00   221   291   36K   135   28.48   28.38
c rst  luby  svd  vmt   358  106K    2539 19244   940    4.10    4.00   221   291   36K   135   28.50   28.40
c rst  luby  svd  vmt   359  107K    2539 19244   940    4.10    4.00   221   291   36K   135   28.50   28.41
c rst  luby  svd  vmt   360  107K    2539 19244   940    4.10    4.00   221   291   37K   135   28.53   28.43
c rst  luby  svd  vmt   361  107K    2539 19244   940    4.10    4.00   221   291   37K   135   28.50   28.40
c rst  luby  svd  vmt   362  107K    2539 19244   940    4.10    4.00   221   291   37K   135   28.58   28.49
c rst  luby  svd  vmt   363  108K    2539 19244   940    4.10    4.00   221   291   38K   135   28.80   28.70
c rst  luby  svd  vmt   364  110K    2539 19244   940    4.10    4.00   237   249   40K   135   29.05   28.96
c rst  luby  svd  vmt   365  110K    2539 19244   940    4.10    4.00   237   249   40K   135   29.06   28.97
c rst  luby  svd  vmt   366  110K    2539 19244   940    4.10    4.00   237   249   40K   135   29.07   28.98
c rst  luby  svd  vmt   367  110K    2539 19244   940    4.10    4.00   237   249   40K   135   29.06   28.97
c rst  luby  svd  vmt   368  110K    2539 19244   940    4.10    4.00   237   249   40K   135   29.04   28.95
c rst  geom best  vmt   369  110K    2539 19244   940    4.10    4.00   237   249   40K   135   29.06   28.98
c rst  geom best  vmt   370  110K    2539 19244   940    4.10    4.00   237   249   40K   135   29.08   28.99
c rst  geom best  vmt   371  111K    2539 19244   940    4.10    4.00   237   249   40K   135   29.05   28.96
c rst  geom best  vmt   372  111K    2539 19244   940    4.10    4.00   237   249   41K   135   29.01   28.92
c rst  geom best  vmt   373  111K    2539 19244   940    4.10    4.00   237   249   41K   135   28.97   28.89
c rst  geom best  vmt   374  111K    2539 19244   940    4.10    4.00   237   249   41K   135   28.93   28.85
c rst  geom best  vmt   375  111K    2539 19244   940    4.10    4.00   237   249   41K   135   28.88   28.80
c rst  geom best  vmt   376  111K    2539 19244   940    4.10    4.00   237   249   41K   135   28.83   28.74
c rst  geom best  vmt   377  112K    2539 19244   940    4.10    4.00   237   249   42K   135   28.78   28.69
c rst  geom best  vmt   378  112K    2539 19244   940    4.10    4.00   237   249   42K   135   28.74   28.65
c [distill-long-red0] cls tried: 18/18 T: 0.00 T-out: N T-r: 99.97%
c [distill-long-red1] cls tried: 26/26 T: 0.00 T-out: N T-r: 85.16%
c rst  geom best  vmt   379  112K    2539 19244   940    4.10    4.00   237   249   42K   135   28.75   28.67
c rst  geom best  vmt   380  113K    2539 19244   940    4.10    4.00   237   249   42K   135   28.71   28.63
c rst  geom best  vmt   381  113K    2539 19244   940    4.10    4.00   237   249   43K   135   28.73   28.65
c rst  geom best  vmt   382  113K    2539 19244   940    4.10    4.00   237   249   43K   135   28.77   28.69
c rst  geom best  vmt   383  114K    2539 19244   940    4.10    4.00   237   249   44K   135   28.71   28.63
c [distill-bin] useful: 0/940/940 lits-rem: 0 cl-rem: 0 0-depth-assigns: 0 T: 0.01 T-out: N
c rst  geom best  vmt   384  114K    2539 19244   940    4.10    4.00   237   249   44K   135   28.68   28.60
c rst  geom best  vmt   385  115K    2539 19244   940    4.10    4.00   237   249   45K   135   28.72   28.64
c rst  geom best  vmt   386  115K    2539 19244   940    4.10    4.00   237   250   45K   135   28.63   28.55
c [gauss] XOR-encoding clauses are not detached, so no need to reattach them.
c [g 0] truth-find prop checks  : 1080K
c [g 0] -> of which prop        : 72.70 %
c [g 0] -> of which confl       :  2.72 %
c [g 0] elim called             : 36K
c [g 0] ---> which lead to prop : 74.75 %
c [g 0] ---> which lead to confl:  2.12 %
c [g 0] size: 48    x 466  
c [scc] new: 0 BP 0M T: 0.00
c [vrep] vars 0 lits 0 rem-bin-cls 0 rem-long-cls 0 BP 0M T: 0.00
c [intree] Set 0 vars hyper-added: 47 trans-irred: 0 trans-red: 3 T: 0.01 T-out: N T-r: -1.20%
c [find&init matx] performing matrix init
c [gauss] XOR-encoding clauses are not detached, so no need to reattach them.
c [xor-rem-unconnected] left with 1940 xors from 1942 non-empty xors T: 0.00
c [xor-together] xored together: 1892 orig xors: 1940 new xors: 48 T: 0.00
c [xor-rem-unconnected] left with 48 xors from 48 non-empty xors T: 0.00
c [xor-clean-equiv] removed equivalent xors: 0 left with: 48
c [matrix] unused xors from cleaning: 2
c [matrix] Good   matrix 0 48      x466    density:0.1782  xorlen avg: 83.04
c [matrix] Using 1 matrices recovered from 0 xors T: 0.00 T-out: N
c rst  geom best vmt  387   116 K 2539    19244   940 4.10    4.00      237   251   46K   179 28.54   28.44  
c rst  geom best vmt  388   116 K 2539    19244   940 4.10    4.00      237   252   46K   179 28.50   28.40  
c rst  geom stb  vmt  389   117 K 2539    19244   940 4.10    4.00      237   252   47K   179 28.53   28.43  
c [branch] adjusting to: vsid (from: vmtf) var_decay:0.95 descr: VSIDS
c rst  geom stb  vs   390   117 K 2539    19244   940 4.10    4.00      238   252   47K   179 28.52   28.43  
c rst  geom stb  vs   391   117 K 2539    19244   940 4.10    4.00      238   252   47K   179 28.53   28.43  
c rst  geom stb  vs   392   118 K 2539    19244   940 4.10    4.00      238   252   47K   179 28.52   28.42  
c rst  geom stb  vs   393   118 K 2539    19244   940 4.10    4.00      238   252   48K   179 28.54   28.45  
c rst  geom stb  vs   394   118 K 2539    19244   940 4.10    4.00      238   252   48K   179 28.54   28.44  
c rst  geom stb  vs   395   118 K 2539    19244   940 4.10    4.00      238   252   48K   179 28.54   28.44  
c rst  geom stb  vs   396   118 K 2539    19244   940 4.10    4.00      238   252   48K   179 28.57   28.47  
c rst  geom stb  vs   397   118 K 2539    19244   940 4.10    4.00      238   252   48K   179 28.59   28.50  
c rst  geom stb  vs   398   119 K 2539    19244   940 4.10    4.00      238   252   49K   179 28.61   28.51  
c rst  geom stb  vs   399   119 K 2539    19244   940 4.10    4.00      238   252   49K   179 28.65   28.56  
c rst  geom stb  vs   400   119 K 2539    19244   940 4.10    4.00      238   252   49K   179 28.63   28.54  
c rst  geom stb  vs   401   119 K 2539    19244   940 4.10    4.00      238   252   49K   179 28.62   28.52  
c rst  geom stb  vs   402   120 K 2539    19244   940 4.10    4.00      240   218   37K   179 29.50   29.37  
c rst  geom stb  vs   403   120 K 2539    19244   940 4.10    4.00      240   218   37K   179 29.50   29.37  
c rst  geom stb  vs   404   121 K 2539    19244   940 4.10    4.00      240   218   38K   179 29.47   29.34  
c rst  geom stb  vs   405   121 K 2539    19244   940 4.10    4.00      240   218   38K   179 29.44   29.31  
c rst  geom stb  vs   406   122 K 2539    19244   940 4.10    4.00      240   218   38K   179 29.41   29.29  
c rst  geom stb  vs   407   122 K 2539    19244   940 4.10    4.00      240   218   39K   179 29.30   29.18  
c [full-probe]  bin_only: 0 set: 0 repl: 0 T: 0.00 T-out: N T-r: 98.13%
c rst  geom stb  vs   408   123 K 2539    19244   940 4.10    4.00      240   218   40K   181 29.20   29.08  
c rst  geom ibes vs   409   123 K 2539    19244   940 4.10    4.00      240   218   40K   181 29.22   29.10  
c rst  geom ibes vs   410   124 K 2539    19244   940 4.10    4.00      240   218   41K   181 29.03   28.92  
c rst  geom ibes vs   411   125 K 2539    19244   940 4.10    4.00      240   218   42K   181 28.99   28.87  
c rst  geom ibes vs   412   126 K 2539    19244   940 4.10    4.00      240   218   43K   181 28.76   28.65  
c rst  geom ibes vs   413   127 K 2539    19244   940 4.10    4.00      240   218   44K   181 28.54   28.43  
c rst  geom ibes vs   414   128 K 2539    19244   940 4.10    4.00      240   218   45K   181 28.43   28.33  
c [distill-long-red0] cls tried: 2/2 T: 0.00 T-out: N T-r: 99.99%
c [distill-long-red1] cls tried: 2/2 T: 0.00 T-out: N T-r: 99.17%
c [distill] watch-based irred--  cl tried 7256     cl-sh 0     cl-rem 0    lit-rem 0      T: 0.00 T-out: N
c [distill] watch-based red  --  cl tried 479      cl-sh 0     cl-rem 1    lit-rem 0      T: 0.00 T-out: N
c rst  geom ibes vs   415   129 K 2539    19244   940 4.10    4.00      239   218   46K   181 28.38   28.28  
c rst  geom ibes vs   416   130 K 2539    19244   940 4.10    4.00      239    79   47K   181 28.27   28.17  
c rst  geom svd  vs   417   132 K 2539    19244   940 4.10    4.00      239    79   49K   181 28.45   28.36  
c rst  geom svd  vs   418   133 K 2539    19244   940 4.10    4.00      239    79   50K   181 28.18   28.09  
c [ccnr] tries: 0 steps: 262143 best found: 13
c [ccnr] tries: 0 steps: 524287 best found: 13
c [ccnr] saving best assignment phase to stable_polar
c [ccnr] bumping based on var unsat frequency: conflict_ct
c [ccnr] Bumped vars: 2853 bump type: 6
c [ccnr] time: 0.52
c rst  geom svd  vs   419   134 K 2539    19244   940 4.10    4.00      239    79   51K   181 28.33   28.24  
c recursive minimization cost OK: 334Kcost/(% lits removed)
c [gauss] XOR-encoding clauses are not detached, so no need to reattach them.
c [g 0] truth-find prop checks  : 321K
c [g 0] -> of which prop        : 79.18 %
c [g 0] -> of which confl       :  2.82 %
c [g 0] elim called             : 7064
c [g 0] ---> which lead to prop : 91.15 %
c [g 0] ---> which lead to confl:  2.25 %
c [g 0] size: 48    x 466  
c --> Executing strategy token: scc-vrepl
c [scc] new: 1 BP 0M T: 0.00
c --> Executing strategy token: sub-impl
c [impl-sub] bin: 16 T: 0.00 T-out: N w-visit: 5706
c --> Executing strategy token: breakid
c --> Executing OCC strategy token(s): 'occ-backw-sub-str,occ-clean-implicit,occ-bve,occ-bva,occ-ternary-res,occ-xor,'
c [occ] mem usage for occur 1      MB
c [occ] Linked in IRRED BIN by default: 940
c [occ] Linked in RED   BIN by default: 165
c [occ] mem usage for occur 0      MB
c Mem for watch alloc      : 7           MB (21.32     %)
c Mem for watch array      : 0           MB (0.37      %)
c --> Executing OCC strategy token: occ-backw-sub-str
c [occ-backw-sub-str-long-w-bins] subs: 0 str: 0 tried: 5601 0-depth ass: 0 T: 0.00 T-out: N T-r: 99.67%
c [occ-backw-sub-long-w-long] rem cl: 557 tried: 71036/71036 (100.0%) T: 0.01 T-out: N T-r: 95.94%
c [occ-backw-sub-str-long-w-long] sub: 7 str: 117 tried: 213108/71036 (300.0)  T: 0.05 T-out: N T-r: 88.13%
c --> Executing OCC strategy token: occ-clean-implicit
c --> Executing OCC strategy token: occ-bve
c [occ-empty-res] Empty resolvent elimed: 0 T: 0.00 T-out: N
c [occ-bve] iter v-elim 0
c cl_inc_rate=1.0, var_dec_rate=1.0 (grow=0)
c Reduced to 2539 vars, 19709 cls (grow=0)
c [occ-bve] iter v-elim 7
c cl_inc_rate=1.0, var_dec_rate=1.0 (grow=8)
c Reduced to 2532 vars, 19700 cls (grow=8)
c [occ-bve] iter v-elim 985
c cl_inc_rate=1.8, var_dec_rate=1.6 (grow=16)
c Reduced to 1547 vars, 35250 cls (grow=16)
c x n vars       : 1547
c #try to eliminate:  9112
c #var-elim        :   992
c #T-o: N
c #T-r: 99.82%
c #T  : 0.35
c [occur] 0.04 is overhead
c [occur] link-in T: 0.04 cleanup T: 0.00
c --> Executing OCC strategy token: occ-bva
c --> Executing OCC strategy token: occ-ternary-res
c [occ-ternary-res] Ternary res-tri: 17 res-bin: 0 sub: 4 str: 11 T: 0.00 T-out: N T-r: 99.58%
c --> Executing OCC strategy token: occ-xor
c [occ-xor] sort occur list T: 0.00
c [xor-clean-equiv] removed equivalent xors: 0 left with: 984
c [occ-xor] found    984 avg sz 6.0 min sz  4 max sz  6 T: 0.01 T-out: N T-r: 99.97%
c --> Executing strategy token: card-find
c --> Executing strategy token: cl-consolidate
c [mem] consolidate  old-sz: 9818K new-sz: 7746K new bits offs: 20 T: 0.00
c --> Executing strategy token: scc-vrepl
c [scc] new: 1 BP 0M T: 0.00
c [vrep] vars 1 lits 6743 rem-bin-cls 4 rem-long-cls 0 BP 0M T: 0.01
c --> Executing strategy token: renumber
c [gauss] XOR-encoding clauses are not detached, so no need to reattach them.
c [renumber] T: 0.00
c --> Executing strategy token: bosphorus
c --> Executing strategy token: louvain-comms
c [consolidate] mini T: 0.00
c global_timeout_multiplier: 3.6300
c [branch] rebuilding order heap for all branchings. Current branching: vsid
c [find&init matx] performing matrix init
c [gauss] XOR-encoding clauses are not detached, so no need to reattach them.
c [xor-rem-unconnected] left with 984 xors from 984 non-empty xors T: 0.00
c [xor-together] xored together: 937 orig xors: 984 new xors: 47 T: 0.00
c [xor-rem-unconnected] left with 47 xors from 47 non-empty xors T: 0.00
c [xor-clean-equiv] removed equivalent xors: 0 left with: 47
c [matrix] unused xors from cleaning: 0
c [matrix] Good   matrix  0     47 x  460  density:0.1842  xorlen avg: 84.74
c [matrix] Using 1 matrices recovered from 0 xors T: 0.00 T-out: N
c [distill-bin] useful: 3/841/841 lits-rem: 0 cl-rem: 3 0-depth-assigns: 0 T: 0.01 T-out: N
c rst  geom  svd   vs   420  135K    1546   34K   838    5.85    5.76    95    59   33K   134   26.08   25.99
c [branch] adjusting to: vmtf (from: vsid) var_decay:0.95 descr: VMTF
c rst  luby  svd  vmt   421  135K    1546   34K   838    5.85    5.76   110    96   33K   134   26.06   25.96
c rst  luby  svd  vmt   422  135K    1546   34K   838    5.85    5.76   110    98   33K   134   26.03   25.93
c rst  luby  svd  vmt   423  135K    1546   34K   838    5.85    5.76   111   105   33K   134   25.99   25.90
c rst  luby  svd  vmt   424  135K    1546   34K   838    5.85    5.76   111   106   33K   134   25.97   25.88
c rst  luby  svd  vmt   425  135K    1546   34K   838    5.85    5.76   112   107   33K   134   25.96   25.87
c rst  luby  svd  vmt   426  136K    1546   34K   838    5.85    5.76   113   108   33K   134   25.91   25.82
c rst  luby  svd  vmt   427  136K    1546   34K   838    5.85    5.76   113   114   34K   134   25.81   25.72
c rst  luby  svd  vmt   428  136K    1546   34K   838    5.85    5.76   113   117   34K   134   25.82   25.72
c rst  luby  svd  vmt   429  136K    1546   34K   838    5.85    5.76   113   117   34K   134   25.78   25.69
c rst  luby  svd  vmt   430  136K    1546   34K   838    5.85    5.76   113   118   34K   134   25.72   25.63
c rst  luby  svd  vmt   431  137K    1546   34K   838    5.85    5.76   113   120   34K   134   25.71   25.62
c rst  luby  svd  vmt   432  137K    1546   34K   838    5.85    5.76   113   120   34K   134   25.69   25.60
c rst  geom best  vmt   433  137K    1546   34K   838    5.85    5.76   113   121   35K   134   25.67   25.58
c rst  geom best  vmt   434  137K    1546   34K   838    5.85    5.76   114   128   35K   134   25.66   25.57
c rst  geom best  vmt   435  137K    1546   34K   838    5.85    5.76   114   129   35K   134   25.63   25.54
c rst  geom best  vmt   436  137K    1546   34K   838    5.85    5.76   114   130   35K   134   25.58   25.50
c rst  geom best  vmt   437  137K    1546   34K   838    5.85    5.76   114   131   35K   134   25.55   25.46
c rst  geom best  vmt   438  138K    1546   34K   838    5.85    5.76   114   135   35K   134   25.51   25.43
c rst  geom best  vmt   439  138K    1546   34K   838    5.85    5.76   117   145   35K   134   25.47   25.38
c rst  geom best  vmt   440  138K    1546   34K   838    5.85    5.76   117   150   36K   134   25.42   25.34
c [g  <0] Disabling GJ-elim in this round.  Usefulness was: 19.1325%  over 204484 calls
c rst  geom best  vmt   441  138K    1546   34K   838    5.85    5.76   119   158   36K   134   25.41   25.33
c rst  geom best  vmt   442  138K    1546   34K   838    5.85    5.76   131   209   36K   135   25.35   25.26
c rst  geom best  vmt   443  139K    1546   34K   838    5.85    5.76   131   215   36K   135   25.36   25.28
c rst  geom best  vmt   444  139K    1546   34K   838    5.85    5.76   131   219   37K   135   25.33   25.25
c rst  geom best  vmt   445  139K    1546   34K   838    5.85    5.76   131   219   37K   135   25.28   25.20
c rst  geom best  vmt   446  140K    1546   34K   838    5.85    5.76   200   159   37K   135   25.22   25.14
c rst  geom best  vmt   447  140K    1546   34K   838    5.85    5.76   201   170   38K   135   25.12   25.04
c rst  geom best  vmt   448  141K    1546   34K   838    5.85    5.76   203   179   38K   135   25.14   25.06
c rst  geom best  vmt   449  141K    1546   34K   838    5.85    5.76   203   191   39K   135   25.02   24.95
c rst  geom best  vmt   450  142K    1546   34K   838    5.85    5.76   205   197   39K   135   25.02   24.94
c rst  geom best  vmt   451  142K    1546   34K   838    5.85    5.76   206   225   40K   135   25.49   25.42
c [full-probe]  bin_only: 1 set: 1 repl: 0 T: 0.01 T-out: N T-r: 99.74%
c rst  geom best  vmt   452  143K    1545   34K   838    5.85    5.76   214   286   40K   135   25.57   25.49
c [distill-long-red0] cls tried: 117/117 T: 0.01 T-out: N T-r: 99.79%
c [distill-long-red1] cls tried: 75/230 T: 0.01 T-out: Y T-r: -0.60%
c rst  geom best  vmt   453  144K    1545   34K   838    5.85    5.76   220   338   41K   136   25.77   25.69
c rst  geom  stb  vmt   454  144K    1545   34K   838    5.85    5.76   224   384   42K   136   25.94   25.87
c rst  geom  stb  vmt   455  145K    1545   34K   838    5.85    5.76   247   451   43K   136   26.18   26.10
c rst  geom  stb  vmt   456  146K    1545   34K   838    5.85    5.76   254   495   43K   136   26.42   26.34
c rst  geom  stb  vmt   457  147K    1545   34K   838    5.85    5.76   265   538   44K   136   26.53   26.46
c rst  geom  stb  vmt   458  148K    1544   34K   838    5.85    5.76   278   597   46K   136   26.80   26.73
c rst  geom  stb  vmt   459  150K    1544   34K   838    5.85    5.76   647   743   34K   136   26.38   26.29
c rst  geom  stb  vmt   460  151K    1544   34K   838    5.85    5.76   653   816   35K   136   26.64   26.55
c rst  geom ibes  vmt   461  153K    1544   34K   838    5.85    5.76   656   845   37K   136   26.82   26.73
c rst  geom ibes  vmt   462  154K    1544   34K   838    5.85    5.76   657   863   38K   136   27.29   27.21
c [branch] adjusting to: vsid (from: vmtf) var_decay:0.95 descr: VSIDS
c [distill-bin] useful: 0/838/838 lits-rem: 0 cl-rem: 0 0-depth-assigns: 0 T: 0.01 T-out: N
c [distill] watch-based irred--  cl tried     7002 cl-sh    14 cl-rem    8 lit-rem     16 T: 0.01 T-out: N
c [distill] watch-based   red--  cl tried     1311 cl-sh   217 cl-rem    1 lit-rem    377 T: 0.00 T-out: N
c rst  geom ibes   vs   463  154K    1544   34K   836    5.84    5.75   655   864   38K   134   27.21   27.13
c rst  geom ibes   vs   464  155K    1544   34K   836    5.84    5.75   655   864   38K   134   27.20   27.12
c rst  geom ibes   vs   465  155K    1544   34K   836    5.84    5.75   655   864   38K   134   27.21   27.12
c rst  geom ibes   vs   466  155K    1544   34K   836    5.84    5.75   655   864   38K   134   27.22   27.14
c rst  geom ibes   vs   467  155K    1544   34K   836    5.84    5.75   655   864   38K   134   27.21   27.13
c rst  geom ibes   vs   468  155K    1544   34K   836    5.84    5.75   655   864   38K   134   27.21   27.12
c rst  geom ibes   vs   469  155K    1544   34K   836    5.84    5.75   655   865   38K   134   27.19   27.11
c rst  geom ibes   vs   470  156K    1544   34K   836    5.84    5.75   655   867   39K   134   27.17   27.09
c rst  geom ibes   vs   471  156K    1544   34K   836    5.84    5.75   655   868   39K   134   27.15   27.06
c rst  geom ibes   vs   472  156K    1544   34K   836    5.84    5.75   655   868   39K   134   27.12   27.04
c rst  geom ibes   vs   473  156K    1544   34K   836    5.84    5.75   656   868   39K   134   27.09   27.01
c rst  geom ibes   vs   474  157K    1544   34K   836    5.84    5.75   656   870   40K   134   27.05   26.97
c rst  geom ibes   vs   475  157K    1544   34K   836    5.84    5.75   657   873   40K   134   27.04   26.96
c rst  geom ibes   vs   476  157K    1544   34K   836    5.84    5.75   657   877   40K   134   27.04   26.96
c rst  geom ibes   vs   477  158K    1544   34K   836    5.84    5.75   657   879   41K   134   27.01   26.94
c rst  geom  svd   vs   478  158K    1544   34K   836    5.84    5.75   657   894   41K   134   27.21   27.13
c [distill-long-red0] cls tried: 437/437 T: 0.02 T-out: N T-r: 99.34%
c [distill-long-red1] cls tried: 40/759 T: 0.01 T-out: Y T-r: -2.30%
c rst  geom  svd   vs   479  159K    1544   34K   836    5.84    5.75   657   904   42K   134   27.30   27.23
c rst  geom  svd   vs   480  159K    1544   34K   836    5.84    5.75   659   914   42K   134   27.35   27.27
c rst  geom  svd   vs   481  160K    1544   34K   836    5.84    5.75   824   776   43K   134   27.35   27.27
c rst  geom  svd   vs   482  161K    1544   34K   836    5.84    5.75   824   790   44K   134   27.33   27.25
c [impl-str] lit bin: 0 set-var: 0 T: 0.00 T-out: N T-r: 99.95% w-visit: 3092
c [impl-sub] bin: 1 T: 0.00 T-out: N w-visit: 3092
c rst  geom  svd   vs   483  161K    1544   34K   836    5.84    5.75   826   812   44K   133   27.32   27.24
c rst  geom  svd   vs   484  162K    1544   34K   836    5.84    5.75   829   827   45K   133   27.33   27.26
c rst  geom  svd   vs   485  163K    1544   34K   836    5.84    5.75   830   844   46K   133   27.32   27.25
c [full-probe]  bin_only: 0 set: 0 repl: 0 T: 0.01 T-out: N T-r: 95.61%
c rst  geom  svd   vs   486  164K    1544   34K   836    5.84    5.75   832   863   47K   133   27.34   27.27
c rst  geom  svd   vs   487  165K    1544   34K   836    5.84    5.75   871  1330   35K   133   28.56   28.47
c rst  geom best   vs   488  166K    1544   34K   836    5.84    5.75   874  1376   36K   133   28.81   28.71
c rst  geom best   vs   489  167K    1544   34K   836    5.84    5.75   876  1397   38K   133   28.92   28.83
c rst  geom best   vs   490  169K    1544   34K   836    5.84    5.75   878  1428   39K   133   28.92   28.83
c rst  geom best   vs   491  170K    1544   34K   836    5.84    5.75  1067  1258   41K   133   28.92   28.83
c rst  geom best   vs   492  172K    1544   34K   836    5.84    5.75  1067  1278   42K   133   28.96   28.88
c rst  geom  stb   vs   493  174K    1544   34K   836    5.84    5.75  1069  1312   44K   133   29.22   29.14
c [distill-long-red0] cls tried: 412/412 T: 0.03 T-out: N T-r: 98.91%
c [distill-long-red1] cls tried: 38/1137 T: 0.01 T-out: Y T-r: -1.87%
c rst  geom  stb   vs   494  176K    1544   34K   836    5.84    5.75  1073  1335   46K   133   29.28   29.21
c [branch] adjusting to: vmtf (from: vsid) var_decay:0.95 descr: VMTF
c [distill-bin] useful: 0/836/836 lits-rem: 0 cl-rem: 0 0-depth-assigns: 0 T: 0.01 T-out: N
c rst  luby  stb  vmt   495  176K    1544   34K   836    5.84    5.75  1073  1339   46K   133   29.28   29.21
c rst  luby  stb  vmt   496  176K    1544   34K   836    5.84    5.75  1073  1342   46K   133   29.30   29.22
c rst  luby  stb  vmt   497  176K    1544   34K   836    5.84    5.75  1073  1348   46K   133   29.29   29.22
c rst  luby  stb  vmt   498  176K    1544   34K   836    5.84    5.75  1073  1353   47K   133   29.30   29.22
c rst  luby  stb  vmt   499  177K    1544   34K   836    5.84    5.75  1073  1354   47K   133   29.30   29.23
c rst  luby  stb  vmt   500  177K    1544   34K   836    5.84    5.75  1078  1360   47K   133   29.32   29.25
c rst  luby  stb  vmt   501  177K    1544   34K   836    5.84    5.75  1078  1371   47K   133   29.40   29.32
c [ccnr] saving best assignment phase to stable_polar
c [ccnr] bumping based on clause weights
c [ccnr] Bumped vars: 103 bump type: 6
c [ccnr] time: 0.37
c rst  luby  stb  vmt   502  177K    1544   34K   836    5.84    5.75  1078  1371   47K   133   29.42   29.35
c rst  luby  stb  vmt   503  177K    1544   34K   836    5.84    5.75  1079  1375   47K   133   29.40   29.32
c rst  luby  stb  vmt   504  178K    1544   34K   836    5.84    5.75  1079  1377   48K   133   29.35   29.28
c rst  luby  stb  vmt   505  178K    1544   34K   836    5.84    5.75  1079  1379   48K   133   29.34   29.27
c rst  luby  stb  vmt   506  178K    1544   34K   836    5.84    5.75  1079  1382   48K   133   29.33   29.26
c rst  luby  stb  vmt   507  178K    1544   34K   836    5.84    5.75  1080  1388   48K   133   29.31   29.23
c rst  luby  stb  vmt   508  178K    1544   34K   836    5.84    5.75  1081  1394   48K   133   29.30   29.23
c rst  luby  stb  vmt   509  179K    1544   34K   836    5.84    5.75  1081  1408   49K   133   29.12   29.05
c rst  luby ibes  vmt   510  179K    1544   34K   836    5.84    5.75  1081  1408   49K   133   29.08   29.02
c rst  luby ibes  vmt   511  179K    1544   34K   836    5.84    5.75  1081  1410   49K   133   29.05   28.99
c [distill] watch-based irred--  cl tried     6994 cl-sh     0 cl-rem    0 lit-rem      0 T: 0.01 T-out: N
c [distill] watch-based   red--  cl tried     2162 cl-sh   101 cl-rem    0 lit-rem    161 T: 0.00 T-out: N
c rst  luby ibes  vmt   512  180K    1544   34K   836    5.84    5.75  1544  1528   36K   133   30.64   30.55
c rst  luby ibes  vmt   513  180K    1544   34K   836    5.84    5.75  1544  1529   36K   133   30.59   30.50
c rst  luby ibes  vmt   514  180K    1544   34K   836    5.84    5.75  1544  1529   36K   133   30.55   30.45
c rst  luby ibes  vmt   515  180K    1544   34K   836    5.84    5.75  1544  1529   37K   133   30.45   30.36
c rst  luby ibes  vmt   516  180K    1544   34K   836    5.84    5.75  1544  1529   37K   133   30.25   30.16
c [gauss] XOR-encoding clauses are not detached, so no need to reattach them.
c [g 0] truth-find prop checks  : 147K
c [g 0] -> of which prop        : 18.00 %
c [g 0] -> of which confl       :  1.18 %
c [g 0] elim called             : 34K
c [g 0] ---> which lead to prop : 29.12 %
c [g 0] ---> which lead to confl:  1.74 %
c [g 0] size: 47    x 460  
c [scc] new: 0 BP 0M T: 0.00
c [vrep] vars 0 lits 0 rem-bin-cls 0 rem-long-cls 0 BP 0M T: 0.00
c [intree] Set 0 vars hyper-added: 12 trans-irred: 0 trans-red: 6 T: 0.02 T-out: N T-r: -1.74%
c [find&init matx] performing matrix init
c [gauss] XOR-encoding clauses are not detached, so no need to reattach them.
c [xor-rem-unconnected] left with 984 xors from 984 non-empty xors T: 0.00
c [xor-together] xored together: 937 orig xors: 984 new xors: 47 T: 0.00
c [xor-rem-unconnected] left with 47 xors from 47 non-empty xors T: 0.00
c [xor-clean-equiv] removed equivalent xors: 0 left with: 47
c [matrix] unused xors from cleaning: 0
c [matrix] Good   matrix 0 47      x458    density:0.1841  xorlen avg: 84.32
c [matrix] Using 1 matrices recovered from 0 xors T: 0.00 T-out: N
c rst  luby ibes vmt  517   180 K 1544      34K   836 5.84    5.75     1544  1532   37K   139 30.20   30.11  
c rst  luby ibes vmt  518   181 K 1544      34K   836 5.84    5.75     1544  1532   37K   139 30.16   30.06  
c rst  luby ibes vmt  519   181 K 1544      34K   836 5.84    5.75     1544  1532   37K   139 30.07   29.98  
c rst  luby ibes vmt  520   181 K 1544      34K   836 5.84    5.75     1544  1534   37K   139 30.03   29.94  
c rst  luby ibes vmt  521   181 K 1544      34K   836 5.84    5.75     1544  1534   38K   139 29.99   29.90  
c rst  luby ibes vmt  522   181 K 1544      34K   836 5.84    5.75     1544  1535   38K   139 29.90   29.81  
c [g  <0] Disabling GJ-elim in this round.  Usefulness was: 16.2454%  over 70740 calls
c rst  luby ibes vmt  523   182 K 1544      34K   836 5.84    5.75     1544  1538   38K   139 29.73   29.64  
c rst  luby ibes vmt  524   182 K 1544      34K   836 5.84    5.75     1546  1552   39K   139 29.40   29.31  
c rst  luby ibes vmt  525   184 K 1544      34K   836 5.84    5.75     1547  1581   40K   139 28.76   28.67  
c [full-probe]  bin_only: 1 set: 0 repl: 0 T: 0.02 T-out: N T-r: 99.41%
c rst  luby ibes vmt  526   184 K 1544      34K   836 5.84    5.75     1547  1581   41K   139 28.72   28.63  
c rst  luby ibes vmt  527   184 K 1544      34K   836 5.84    5.75     1547  1581   41K   139 28.68   28.60  
c rst  luby ibes vmt  528   184 K 1544      34K   836 5.84    5.75     1547  1585   41K   139 28.59   28.51  
c rst  luby ibes vmt  529   184 K 1544      34K   836 5.84    5.75     1547  1586   41K   139 28.58   28.50  
c rst  luby ibes vmt  530   185 K 1544      34K   836 5.84    5.75     1547  1591   41K   139 28.54   28.46  
c rst  luby ibes vmt  531   185 K 1544      34K   836 5.84    5.75     1549  1591   41K   139 28.47   28.39  
c rst  luby ibes vmt  532   185 K 1544      34K   836 5.84    5.75     1549  1594   42K   139 28.31   28.23  
c rst  luby ibes vmt  533   185 K 1544      34K   836 5.84    5.75     1549  1594   42K   139 28.27   28.19  
c rst  luby ibes vmt  534   185 K 1544      34K   836 5.84    5.75     1549  1596   42K   139 28.23   28.15  
c rst  luby ibes vmt  535   186 K 1544      34K   836 5.84    5.75     1549  1599   42K   139 28.17   28.09  
c rst  luby ibes vmt  536   186 K 1544      34K   836 5.84    5.75     1549  1599   42K   139 28.13   28.05  
c rst  luby ibes vmt  537   186 K 1544      34K   836 5.84    5.75     1549  1602   42K   139 28.10   28.02  
c rst  luby ibes vmt  538   186 K 1544      34K   836 5.84    5.75     1549  1603   42K   139 28.03   27.95  
c rst  luby ibes vmt  539   186 K 1544      34K   836 5.84    5.75     1549  1608   43K   139 27.89   27.81  
c rst  luby svd  vmt  540   187 K 1544      34K   836 5.84    5.75     1549  1633   44K   139 27.73   27.65  
c rst  luby svd  vmt  541   187 K 1544      34K   836 5.84    5.75     1549  1635   44K   139 27.72   27.64  
c rst  luby svd  vmt  542   187 K 1544      34K   836 5.84    5.75     1550  1635   44K   139 27.70   27.62  
c rst  luby svd  vmt  543   188 K 1544      34K   836 5.84    5.75     1551  1641   44K   139 27.73   27.65  
c rst  luby svd  vmt  544   188 K 1544      34K   836 5.84    5.75     1551  1644   44K   139 27.72   27.64  
c rst  luby svd  vmt  545   188 K 1544      34K   836 5.84    5.75     1551  1648   44K   139 27.71   27.64  
c rst  luby svd  vmt  546   188 K 1544      34K   836 5.84    5.75     1551  1652   44K   139 27.68   27.61  
c rst  luby svd  vmt  547   188 K 1544      34K   836 5.84    5.75     1551  1652   45K   139 27.57   27.50  
c rst  luby svd  vmt  548   189 K 1544      34K   836 5.84    5.75     1551  1652   45K   139 27.55   27.48  
c rst  luby svd  vmt  549   189 K 1544      34K   836 5.84    5.75     1551  1655   45K   139 27.54   27.47  
c rst  luby svd  vmt  550   189 K 1544      34K   836 5.84    5.75     1551  1659   45K   139 27.55   27.47  
c rst  luby svd  vmt  551   189 K 1544      34K   836 5.84    5.75     1552  1668   45K   139 27.52   27.45  
c [distill-long-red0] cls tried: 571/571 T: 0.05 T-out: N T-r: 98.28%
c [distill-long-red1] cls tried: 35/1461 T: 0.01 T-out: Y T-r: -2.75%
c rst  luby svd  vmt  552   189 K 1544      34K   836 5.84    5.75     1552  1669   45K   139 27.50   27.43  
c rst  luby svd  vmt  553   189 K 1544      34K   836 5.84    5.75     1552  1676   46K   139 27.46   27.39  
c rst  luby svd  vmt  554   190 K 1544      34K   836 5.84    5.75     2083  1148   46K   139 27.41   27.34  
c ------- FINAL TOTAL SEARCH STATS ---------
c UIP search time          : 20.76       (96.63     % time)
c All times are for this thread only except if explicitly specified
c restarts                 : 554         (343.13    confls per restart)
c blocked restarts         : 0           (0.00      per normal restart)
c time                     : 20.76       
c decisions                : 210812      (0.00      % random)
c propagations             : 12658K      (609K      props/s)
c decisions/conflicts      : 1.11        
c conflicts                : 190093      
c LEARNT stats
c units learnt             : 1           (0.00      % of conflicts)
c bins learnt              : 98          (0.05      % of conflicts)
c long learnt              : 190560      (100.25    % of conflicts)
c red which0               : 434         (0.23      % of confl)
c SEAMLESS HYPERBIN&TRANS-RED stats
c advProp called           : 0           
c hyper-bin add bin        : 0           (0.00      bin/call)
c trans-red rem irred bin  : 0           (0.00      bin/call)
c trans-red rem red bin    : 0           (0.00      bin/call)
c CONFL LITS stats
c orig                     : 38207077    (200.99    lit/confl)
c recurs-min effective     : 180505      (94.96     % attempt successful)
c recurs-min lits          : 32006450    (83.77     % less overall)
c permDiff call%           : 1.50        (0.00      % attempt successful)
c permDiff lits-rem        : 0           (0.00      less lits/cl on attempts)
c further-min call%        : 0.01        (19.05     % attempt successful)
c bintri-min lits          : 26          (0.00      % less overall)
c final avg                : 32.62       
c all-threads sum CPU time : 20.76        s
c PROP stats
c Mbogo-props              : 58.78       (2.83      / sec)
c MHyper-props             : 0.07        (0.00      / sec)
c Mprops                   : 12.66       (0.61      / sec)
c -------- OccSimplifier STATS ----------
c time                     : 0.28        (0.00      % var-elim)
c called                   : 2           (0.14      s per call)
c 0-depth assigns          : 0           (0.00      % vars)
c -------- OccSimplifier STATS END ----------
c -------- SubsumeStrengthen STATS ----------
c cl-subs                  : 771          Clauses
c cl-str rem lit           : 262          Lits
c cl-sub T                 : 0.04         s
c cl-str T                 : 0.15         s
c -------- SubsumeStrengthen STATS END ----------
c ----- SCC STATS --------
c time                     : 0.00        (0.00      per call)
c called                   : 8           (1.75      new found per call)
c found                    : 14          (50.00     % of all found)
c bogoprops                : 286925      % of all found
c ----- SCC STATS END --------
c --------- VAR REPLACE STATS ----------
c time                     : 0.07        (0.01      per call)
c trees' crown             : 13          (0.46      % of vars)
c 0-depth assigns          : 0           (0.00      % vars)
c lits replaced            : 28673       
c bin cls removed          : 52          
c long cls removed         : 38          
c long lits removed        : 3654        
c bogoprops                : 1486552     
c --------- VAR REPLACE STATS END ----------
c vrep replace time        : 0.07        (0.31      % time)
c vrep tree roots          : 8           
c vrep trees' crown        : 13          (1.62      leafs/tree)
c -------- DISTILL-BIN STATS --------
c time                     : 0.10        (0.01      per call)
c timed out                : 1           (11.11     % of calls)
c distill/checked/potential: 0          /9987/10273
c lits-rem                 : 0           
c 0-depth-assigns          : 0           (0.00      % of vars)
c -------- DISTILL STATS END --------
c -------- STRENGTHEN STATS --------
c --> watch-based on irred cls
c time                     : 0.03        (0.00      s/call)
c shrinked/tried/total     : 180        /39170/322098
c subsumed/tried/total     : 186        /39170/322098
c lits-rem                 : 187         (0.11      % of lits tried)
c called                   : 14          (0.00      % ran out of time)
c --> watch-based on red cls
c time                     : 0.00        (0.00      s/call)
c shrinked/tried/total     : 377        /6992/6992
c subsumed/tried/total     : 5          /6992/6992
c lits-rem                 : 640         (1.53      % of lits tried)
c called                   : 14          (0.00      % ran out of time)
c -------- STRENGTHEN STATS END --------
c -------- IMPLICIT SUB  STATS --------
c time                     : 0.01        (0.00      per call)
c timed out                : 0           (0.00      % of calls)
c rem bins                 : 66          
c -------- IMPLICIT SUB STATS END --------
c Mem used                 : 40          MB
c Mem for longclauses      : 11          MB (28.74     %)
c Mem for watch alloc      : 10          MB (27.20     %)
c Mem for watch array      : 0           MB (0.18      %)
c Mem for assings&vardata  : 0           MB (0.19      %)
c Mem for search&solve     : 0           MB (0.48      %)
c Mem for renumberer       : 0           MB (0.07      %)
c Mem for occsimplifier    : 0           MB (1.81      %)
c Mem for varReplacer&SCC  : 0           MB (0.15      %)
c Mem for impl subsume     : 0           MB (0.00      %)
c Mem for 3 distills       : 0           MB (0.00      %)
c Accounted for mem (rss)  : 58.83       %
c Accounted for mem (vm)   : 53.93       %
c restarts                 : 554         (343.13    confls per restart)
c blocked restarts         : 0           (0.00      per normal restart)
c time                     : 20.76       
c decisions                : 210812      (0.00      % random)
c propagations             : 12658K      (609K      props/s)
c decisions/conflicts      : 1.11        
c conflicts                : 190093      
c conf lits non-minim      : 38207077    (200.99    lit/confl)
c conf lits final          : 32.62       
c red which0               : 434         (0.23      % of confl)
c props/decision           : 0.00        
c props/conflict           : 0.00        
c 0-depth assigns          : 4           (0.26      % vars)
c 0-depth assigns by CNF   : 2           (0.13      % vars)
c reduceDB time            : 0.05        (0.21      % time)
c OccSimplifier time       : 0.28        (1.32      % time)
c [occur] 0.08 is overhead
c [occur] link-in T: 0.07 cleanup T: 0.01
c [occ-substr] long subBySub: 691 subByStr: 80 lits-rem-str: 262 T: 0.19
c SCC time                 : 0.00        (0.00      % time)
c [scc] new: 14 BP 0M  T: 0.00
c vrep replace time        : 0.07        (0.31      % time)
c vrep tree roots          : 8           
c vrep trees' crown        : 13          (1.62      leafs/tree)
c distill long time        : 0.29        (1.35      % time)
c distill bin time         : 0.10        (0.44      % time)
c strength cache-irred time: 0.03        (0.13      % time)
c strength cache-red time  : 0.00        (0.02      % time)
c avg cls in red 0         : 434.25      
c avg cls in red 1         : 653.22      
c avg cls in red 2         : 34785.53    
c Conflicts in UIP         : 190093      (8847.21   confl/time_this_thread)
c Max Memory (rss) used    : 51800 kB    
c Total time (this thread) : 21.49       
s SATISFIABLE
v -1 2 -3 -4 -5 -6 -7 -8 -9 10 11 -12 -13 -14 15 -16 17 18 -19 -20 -21 -22 -23 
v -24 -25 -26 -27 28 29 -30 -31 -32 -33 -34 -35 -36 -37 -38 -39 -40 -41 -42 -43 
v -44 -45 -46 -47 -48 -49 -50 -51 -52 -53 -54 -55 -56 -57 -58 -59 -60 -61 -62 
v 63 -64 65 66 -67 -68 -69 -70 -71 -72 -73 -74 -75 -76 -77 -78 -79 -80 -81 -82 
v -83 -84 -85 -86 -87 -88 -89 -90 -91 -92 -93 -94 -95 -96 -97 -98 -99 -100 -101 
v -102 -103 -104 -105 -106 -107 -108 -109 -110 111 -112 113 114 -115 -116 117 
v -118 119 120 -121 -122 -123 -124 -125 -126 -127 -128 -129 -130 -131 -132 -133 
v -134 -135 -136 -137 -138 -139 -140 -141 -142 -143 -144 -145 -146 -147 -148 
v -149 -150 -151 -152 -153 -154 -155 -156 -157 -158 -159 -160 -161 -162 -163 
v -164 -165 -166 -167 -168 -169 -170 -171 -172 -173 -174 -175 -176 -177 -178 
v -179 -180 -181 -182 183 -184 185 186 -187 -188 189 -190 191 192 -193 -194 
v -195 -196 -197 -198 -199 -200 -201 -202 -203 -204 -205 -206 -207 -208 -209 
v -210 -211 -212 -213 -214 -215 -216 -217 -218 -219 -220 -221 -222 -223 -224 
v -225 -226 -227 -228 -229 -230 -231 -232 -233 -234 -235 -236 -237 -238 -239 
v -240 -241 -242 -243 -244 -245 -246 -247 -248 -249 -250 -251 -252 -253 -254 
v -255 -256 -257 -258 -259 -260 -261 -262 -263 -264 -265 -266 -267 -268 -269 
v -270 -271 -272 -273 -274 -275 -276 -277 -278 -279 -280 -281 -282 -283 -284 
v -285 -286 -287 -288 -289 -290 -291 -292 -293 -294 -295 -296 -297 -298 -299 
v -300 -301 -302 -303 -304 -305 -306 -307 -308 -309 -310 -311 -312 -313 -314 
v -315 -316 -317 -318 -319 -320 -321 -322 -323 -324 -325 -326 -327 -328 -329 
v -330 -331 -332 -333 -334 -335 -336 -337 -338 -339 -340 -341 -342 -343 344 345 
v 346 -347 348 -349 -350 -351 352 353 354 -355 356 -357 358 -359 -360 -361 -362 
v -363 -364 -365 366 367 368 -369 370 -371 -372 -373 -374 -375 -376 -377 -378 
v -379 -380 -381 -382 -383 -384 -385 -386 -387 -388 -389 -390 -391 -392 -393 
v -394 -395 -396 -397 398 399 400 -401 402 -403 -404 -405 -406 -407 -408 -409 
v -410 -411 -412 -413 414 415 416 -417 418 -419 -420 -421 -422 -423 -424 -425 
v -426 -427 -428 -429 430 431 432 -433 434 -435 -436 -437 -438 -439 -440 -441 
v -442 -443 -444 -445 -446 -447 -448 -449 -450 -451 -452 -453 -454 -455 -456 
v -457 -458 -459 -460 -461 462 463 464 -465 466 -467 -468 -469 -470 -471 -472 
v -473 -474 -475 -476 -477 -478 -479 -480 -481 -482 -483 -484 -485 -486 -487 
v -488 -489 -490 -491 -492 -493 -494 -495 -496 -497 -498 -499 -500 -501 -502 
v -503 -504 -505 -506 -507 -508 -509 -510 -511 -512 -513 -514 -515 -516 -517 
v -518 -519 -520 -521 -522 -523 -524 -525 526 527 528 -529 530 -531 -532 -533 
v -534 -535 -536 -537 -538 -539 -540 -541 542 543 544 -545 546 -547 -548 -549 
v -550 -551 -552 -553 -554 -555 -556 -557 558 559 560 -561 562 -563 -564 -565 
v -566 -567 -568 -569 -570 -571 -572 -573 -574 -575 -576 -577 -578 -579 -580 
v -581 -582 -583 -584 -585 -586 -587 -588 -589 590 591 592 -593 594 -595 -596 
v -597 -598 -599 -600 -601 -602 -603 -604 -605 -606 -607 -608 -609 -610 -611 
v -612 -613 -614 -615 -616 -617 -618 -619 -620 -621 622 623 624 -625 626 -627 
v -628 -629 -630 -631 -632 -633 -634 -635 -636 -637 -638 -639 -640 -641 -642 
v -643 -644 -645 -646 -647 -648 -649 -650 -651 -652 -653 -654 -655 -656 -657 
v -658 -659 -660 -661 -662 -663 -664 -665 -666 -667 -668 -669 -670 -671 -672 
v -673 -674 -675 -676 -677 -678 -679 -680 -681 -682 -683 -684 -685 -686 -687 
v -688 -689 -690 -691 -692 -693 -694 -695 -696 -697 -698 -699 -700 -701 -702 
v -703 -704 -705 -706 -707 -708 -709 -710 -711 -712 -713 -714 -715 -716 -717 
v -718 -719 -720 -721 -722 723 724 -725 726 -727 -728 -729 -730 -731 732 -733 
v 734 -735 -736 -737 -738 -739 -740 741 -742 -743 -744 -745 -746 -747 -748 -749 
v -750 -751 -752 -753 -754 -755 -756 -757 -758 -759 -760 -761 -762 -763 -764 
v -765 -766 -767 768 769 770 771 772 773 774 775 776 777 778 779 780 781 782 
v 783 784 785 786 787 788 789 790 791 792 793 -794 -795 -796 -797 -798 -799 
v -800 -801 -802 0
c [g 0] truth-find prop checks  : 52K
c [g 0] -> of which prop        : 15.24 %
c [g 0] -> of which confl       :  1.09 %
c [g 0] elim called             : 11977
c [g 0] ---> which lead to prop : 23.08 %
c [g 0] ---> which lead to confl:  1.56 %
c [g 0] size: 47    x 458  

real	0m21.704s
user	0m21.488s
sys	0m0.036s
