c BreakID not compiled in, disabling
c CryptoMiniSat version 5.11.19
c CMS Copyright (C) 2009-2020 Authors of CryptoMiniSat, see AUTHORS file
c CMS SHA revision b80e09ebd7703fc13b987401d693d7d406a50441
c Using VMTF code by Armin Biere from CaDiCaL
c Using Yalsat by Armin Biere, see Balint et al. Improving implementation of SLS solvers [...], SAT'14
c Using WalkSAT by Henry Kautz, see Kautz and Selman Pushing the envelope: planning, propositional logic, and stochastic search, AAAI'96,
c CMS is MIT licensed
c Using code from 'When Boolean Satisfiability Meets Gauss-E. in a Simplex Way'
c       by C.-S. Han and J.-H. Roland Jiang in CAV 2012. Fixes by M. Soos
c Using CCAnr from 'CCAnr: A Conf. Checking Based Local Search Solver [...]'
c       by Shaowei Cai, Chuan Luo, and Kaile Su, SAT 2015
c CMS compilation env CMAKE_CXX_COMPILER = /usr/bin/c++ | CMAKE_CXX_FLAGS =  -fvisibility=hidden -Wall -Wextra -Wunused -Wsign-compare -fno-omit-frame-pointer -Wtype-limits -Wuninitialized -Wno-deprecated -Wstrict-aliasing -Wpointer-arith -Wpointer-arith -Wformat-nonliteral -Winit-self -Wparentheses -Wunreachable-code -g -Wno-class-memaccess -mpopcnt -msse4.2 -ggdb3 -Wlogical-op -Wrestrict -Wnull-dereference -Wdouble-promotion -Wshadow -Wformat=2 -Wextra-semi -pedantic | COMPILE_DEFINES =  -DRDB0_ONLY_FEATURES -DUSE_ZLIB -DYALSAT_FPU | STATICCOMPILE = OFF | ONLY_SIMPLE =  | STATS = OFF | SQLITE3_FOUND =  | ZLIB_FOUND = TRUE | VALGRIND_FOUND =  | ENABLE_TESTING = OFF | SLOW_DEBUG = OFF | ENABLE_ASSERTIONS = ON | PYTHON_EXECUTABLE =  | PYTHON_LIBRARY =  | PYTHON_INCLUDE_DIRS =  | MY_TARGETS =  | LARGEMEM = OFF | LIMITMEM = OFF | BREAKID_LIBRARIES =  | BREAKID-VER = . | BOSPHORUS_LIBRARIES =  | BOSPH-VER = . | compilation date time = Jul 13 2026 14:05:03
c CMS compiled with gcc version 11.5.0 20240719 (Red Hat 11.5.0-5)
c Executed with command line: ./cryptominisat5 ./instancesBreak/IC_S4/Xn19l6-305-S.dimacs_break.cnf
c Reading file './instancesBreak/IC_S4/Xn19l6-305-S.dimacs_break.cnf'
c -- header says num vars:            805
c -- header says num clauses:        2529
c -- clauses added: 2477
c -- xor clauses added: 52
c -- vars added 805
c Parsing time: 0.00 s
c [find&init matx] performing matrix init
c [gauss] XOR-encoding clauses are not detached, so no need to reattach them.
c [xor-rem-unconnected] left with 50 xors from 50 non-empty xors T: 0.00
c [xor-together] xored together: 0 orig xors: 50 new xors: 50 T: 0.00
c [xor-rem-unconnected] left with 50 xors from 50 non-empty xors T: 0.00
c [xor-clean-equiv] removed equivalent xors: 0 left with: 50
c [matrix] unused xors from cleaning: 0
c [matrix] Good   matrix  0     50 x  765  density:0.1163  xorlen avg: 88.98
c [matrix] Using 1 matrices recovered from 0 xors T: 0.00 T-out: N
c [branch] adjusting to: vsid (from: vsid) var_decay:0.95 descr: VSIDS
c rst  geom  stb   vs     1   112    2936 18219  1656    3.96    3.80     2    23    73    14  147.07  128.94
c rst  geom  stb   vs     2   234    2936 18219  1656    3.96    3.80     2    25   192    15  127.74  119.68
c  res  pol bran  nres  conf freevar  IrrL  IrrB l/longC  l/allC RedL0 RedL1 RedL2  RedB l/longC  l/allC
c rst  geom  stb   vs     3   370    2936 18219  1656    3.96    3.80     2    25   328    15  111.35  106.92
c rst  geom  stb   vs     4   518    2936 18219  1656    3.96    3.80     2    25   476    15   95.53   92.82
c rst  geom  stb   vs     5   679    2936 18219  1656    3.96    3.80     2    25   637    15   95.10   93.04
c rst  geom  stb   vs     6   857    2936 18219  1656    3.96    3.80     2    25   815    15   85.60   84.14
c rst  geom  stb   vs     7  1051    2936 18219  1656    3.96    3.80     2    25  1008    16   83.81   82.57
c rst  geom  stb   vs     8  1264    2936 18219  1656    3.96    3.80     2    25  1221    16   81.00   80.00
c rst  geom  stb   vs     9  1499    2936 18219  1656    3.96    3.80     2    25  1456    16   79.37   78.55
c rst  geom  stb   vs    10  1756    2936 18219  1656    3.96    3.80     2    25  1713    16   78.91   78.21
c rst  geom  stb   vs    11  2039    2936 18219  1656    3.96    3.80     2    25  1994    18   75.20   74.56
c rst  geom  stb   vs    12  2349    2936 18219  1656    3.96    3.80     2    25  2304    18   76.51   75.94
c rst  geom  stb   vs    13  2690    2936 18219  1656    3.96    3.80     2    25  2645    18   74.06   73.58
c rst  geom  stb   vs    14  3064    2936 18219  1656    3.96    3.80     2    25  3018    19   73.23   72.79
c rst  geom  stb   vs    15  3475    2936 18219  1656    3.96    3.80     2    25  3429    19   72.69   72.30
c rst  geom  stb   vs    16  3926    2936 18219  1656    3.96    3.80     2    25  3880    19   70.45   70.11
c rst  geom  stb   vs    17  4421    2936 18219  1656    3.96    3.80     2    25  4375    19   71.27   70.97
c rst  geom  stb   vs    18  4964    2936 18219  1656    3.96    3.80     2    25  4918    19   69.34   69.09
c rst  geom  stb   vs    19  5561    2936 18219  1656    3.96    3.80     2    25  5515    19   68.84   68.61
c [branch] adjusting to: vmtf (from: vsid) var_decay:0.95 descr: VMTF
c [distill-long-red0] cls tried: 2/2 T: 0.00 T-out: N T-r: 100.00%
c [distill-long-red1] cls tried: 25/25 T: 0.00 T-out: N T-r: 98.96%
c rst  luby ibes  vmt    20  5664    2936 18219  1656    3.96    3.80    15    48  5579    22   67.96   67.70
c rst  luby ibes  vmt    21  5766    2936 18219  1656    3.96    3.80    24    91  5629    22   67.66   67.41
c rst  luby ibes  vmt    22  5967    2936 18219  1656    3.96    3.80    25   101  5822    22   67.02   66.78
c rst  luby ibes  vmt    23  6068    2936 18219  1656    3.96    3.80    25   103  5922    22   66.47   66.24
c rst  luby ibes  vmt    24  6169    2936 18219  1656    3.96    3.80    25   106  6022    22   65.63   65.40
c rst  luby ibes  vmt    25  6370    2936 18219  1656    3.96    3.80    26   111  6225    24   64.67   64.43
c rst  luby ibes  vmt    26  6772    2936 18219  1656    3.96    3.80    27   125  6630    24   62.55   62.34
c rst  luby ibes  vmt    27  6874    2936 18219  1656    3.96    3.80    27   127  6730    24   62.26   62.05
c rst  luby ibes  vmt    28  6976    2936 18219  1656    3.96    3.80    28   127  6831    24   61.85   61.65
c rst  luby ibes  vmt    29  7177    2936 18219  1656    3.96    3.80    29   134  7026    24   61.12   60.92
c rst  luby ibes  vmt    30  7279    2936 18219  1656    3.96    3.80    29   134  7128    24   61.15   60.96
c rst  luby ibes  vmt    31  7380    2936 18219  1656    3.96    3.80    29   142  7221    24   61.19   61.00
c rst  luby ibes  vmt    32  7581    2936 18219  1656    3.96    3.80    31   151  7411    24   60.72   60.54
c rst  luby ibes  vmt    33  7983    2936 18219  1656    3.96    3.80    31   159  7804    25   59.93   59.75
c rst  luby ibes  vmt    34  8784    2936 18219  1656    3.96    3.80    33   193  8571    25   58.27   58.11
c rst  luby ibes  vmt    35  8885    2936 18219  1656    3.96    3.80    35   198  8682    25   58.13   57.98
c rst  luby ibes  vmt    36  8986    2936 18219  1656    3.96    3.80    36   199  8784    25   57.99   57.83
c rst  luby ibes  vmt    37  9187    2936 18219  1656    3.96    3.80    37   201  8982    25   57.54   57.39
c rst  luby ibes  vmt    38  9289    2936 18219  1656    3.96    3.80    37   201  9084    25   57.36   57.22
c rst  luby ibes  vmt    39  9391    2936 18219  1656    3.96    3.80    38   204  9182    25   57.24   57.09
c rst  luby ibes  vmt    40  9592    2936 18219  1656    3.96    3.80    40   220  9391    26   56.76   56.61
c rst  luby ibes  vmt    41  9994    2936 18219  1656    3.96    3.80    41   229  9784    28   56.23   56.08
c rst  luby ibes  vmt    42 10095    2936 18219  1656    3.96    3.80   130   143  9882    28   56.03   55.88
c rst  luby ibes  vmt    43 10196    2936 18219  1656    3.96    3.80   131   146  9979    28   55.84   55.70
c rst  luby ibes  vmt    44 10397    2936 18219  1656    3.96    3.80   132   151 10174    28   55.49   55.35
c rst  luby ibes  vmt    45 10499    2936 18219  1656    3.96    3.80   132   151 10276    28   55.38   55.24
c rst  luby ibes  vmt    46 10601    2936 18219  1656    3.96    3.80   133   152 10380    28   55.22   55.08
c rst  luby ibes  vmt    47 10803    2936 18219  1656    3.96    3.80   133   162 10586    29   54.95   54.81
c rst  luby  svd  vmt    48 11204    2936 18219  1656    3.96    3.80   138   165 10978    30   55.58   55.44
c rst  luby  svd  vmt    49 12005    2936 18219  1656    3.96    3.80   154   184 11743    31   56.56   56.42
c [branch] adjusting to: vsid (from: vmtf) var_decay:0.95 descr: VSIDS
c [distill-bin] useful: 14/1656/1656 lits-rem: 0 cl-rem: 14 0-depth-assigns: 0 T: 0.01 T-out: N
c rst  geom  svd   vs    50 12117    2936 18219  1642    3.96    3.80   154   184 11855    31   56.36   56.22
c rst  geom  svd   vs    51 12239    2936 18219  1642    3.96    3.80   154   184 11977    31   56.13   56.00
c rst  geom  svd   vs    52 12373    2936 18219  1642    3.96    3.80   154   184 12111    31   55.85   55.71
c rst  geom  svd   vs    53 12521    2936 18219  1642    3.96    3.80   154   184 12259    31   55.64   55.51
c rst  geom  svd   vs    54 12683    2936 18219  1642    3.96    3.80   154   184 12421    31   55.41   55.28
c rst  geom  svd   vs    55 12861    2936 18219  1642    3.96    3.80   154   184 12599    31   55.18   55.06
c rst  geom  svd   vs    56 13055    2936 18219  1642    3.96    3.80   154   184 12793    31   54.87   54.75
c rst  geom  svd   vs    57 13269    2936 18219  1642    3.96    3.80   154   184 13007    31   54.52   54.40
c rst  geom  svd   vs    58 13504    2936 18219  1642    3.96    3.80   154   184 13242    31   54.22   54.10
c rst  geom  svd   vs    59 13761    2936 18219  1642    3.96    3.80   154   184 13499    31   53.88   53.76
c rst  geom  svd   vs    60 14043    2936 18219  1642    3.96    3.80   154   184 13781    31   53.41   53.29
c rst  geom  svd   vs    61 14353    2936 18219  1642    3.96    3.80   154   184 14091    31   52.79   52.68
c rst  geom  svd   vs    62 14693    2936 18219  1642    3.96    3.80   154   184 14431    31   52.15   52.04
c rst  geom  svd   vs    63 15067    2936 18219  1642    3.96    3.80   161   544 14120    32   50.17   50.07
c rst  geom  svd   vs    64 15477    2936 18219  1642    3.96    3.80   161   544 14529    33   49.53   49.43
c rst  geom  svd   vs    65 15927    2936 18219  1642    3.96    3.80   161   544 14979    33   49.05   48.95
c rst  geom  svd   vs    66 16421    2936 18219  1642    3.96    3.80   161   544 15473    33   48.72   48.63
c rst  geom best   vs    67 16964    2936 18219  1642    3.96    3.80   161   544 16016    33   49.64   49.55
c rst  geom best   vs    68 17561    2936 18219  1642    3.96    3.80   163   545 16608    35   50.07   49.97
c rst  geom best   vs    69 18218    2936 18219  1642    3.96    3.80   164   545 17264    35   51.11   51.01
c [branch] adjusting to: vmtf (from: vsid) var_decay:0.95 descr: VMTF
c rst  luby best  vmt    70 18319    2936 18219  1642    3.96    3.80   166   546 17362    35   51.13   51.03
c rst  luby best  vmt    71 18423    2936 18219  1642    3.96    3.80   168   548 17462    35   51.21   51.12
c rst  luby best  vmt    72 18624    2936 18219  1642    3.96    3.80   172   554 17652    36   51.37   51.27
c rst  luby best  vmt    73 18729    2936 18219  1642    3.96    3.80   174   555 17754    36   51.59   51.50
c rst  luby best  vmt    74 18832    2936 18219  1642    3.96    3.80   178   557 17850    37   51.74   51.64
c rst  luby best  vmt    75 19034    2936 18219  1642    3.96    3.80   181   562 18039    42   51.78   51.67
c rst  luby best  vmt    76 19437    2936 18219  1642    3.96    3.80   186   565 18434    42   52.22   52.11
c rst  luby best  vmt    77 19539    2936 18219  1642    3.96    3.80   189   570 18528    42   52.23   52.12
c rst  luby best  vmt    78 19641    2936 18219  1642    3.96    3.80   193   570 18626    42   52.32   52.21
c rst  luby best  vmt    79 19842    2936 18219  1642    3.96    3.80   197   572 18820    43   52.22   52.11
c rst  luby best  vmt    80 19944    2936 18219  1642    3.96    3.80   197   573 18921    43   52.35   52.24
c rst  luby best  vmt    81   20K    2936 18219  1642    3.96    3.80   245   534 19013    44   52.35   52.24
c [full-probe]  bin_only: 1 set: 0 repl: 0 T: 0.01 T-out: N T-r: 99.73%
c rst  luby best  vmt    82   20K    2936 18219  1642    3.96    3.80   251   539 19204    50   52.29   52.16
c rst  luby best  vmt    83   20K    2936 18219  1642    3.96    3.80   262   545 19588    50   53.18   53.06
c [distill-long-red0] cls tried: 242/242 T: 0.01 T-out: N T-r: 99.67%
c [distill-long-red1] cls tried: 31/538 T: 0.01 T-out: Y T-r: -2.45%
c rst  luby best  vmt    84   21K    2936 18219  1642    3.96    3.80   269   560   20K    70   54.21   54.04
c rst  luby best  vmt    85   21K    2936 18219  1642    3.96    3.80   270   560   20K    73   54.23   54.06
c rst  luby best  vmt    86   21K    2936 18219  1642    3.96    3.80   271   561   20K    73   54.22   54.04
c rst  luby  stb  vmt    87   21K    2936 18219  1642    3.96    3.80   275   564   20K    73   54.54   54.36
c rst  luby  stb  vmt    88   21K    2936 18219  1642    3.96    3.80   280   565   20K    74   54.57   54.39
c rst  luby  stb  vmt    89   22K    2936 18219  1642    3.96    3.80   281   566   20K    74   54.67   54.49
c rst  luby  stb  vmt    90   22K    2936 18219  1642    3.96    3.80   282   569   21K    74   55.13   54.95
c rst  luby  stb  vmt    91   22K    2936 18219  1642    3.96    3.80   297   575   21K    76   55.21   55.03
c rst  luby  stb  vmt    92   22K    2936 18219  1642    3.96    3.80   297   575   21K    76   55.22   55.04
c rst  luby  stb  vmt    93   22K    2936 18219  1642    3.96    3.80   300   577   21K    76   55.24   55.06
c rst  luby  stb  vmt    94   23K    2936 18219  1642    3.96    3.80   306   578   21K    77   55.29   55.11
c rst  luby  stb  vmt    95   23K    2936 18219  1642    3.96    3.80   306   578   22K    77   55.30   55.12
c rst  luby  stb  vmt    96   23K    2936 18219  1642    3.96    3.80   307   578   22K    81   55.27   55.08
c rst  luby  stb  vmt    97   23K    2936 18219  1642    3.96    3.80   309   578   22K    82   55.26   55.07
c rst  luby  stb  vmt    98   23K    2936 18219  1642    3.96    3.80   317   580   22K    85   55.40   55.21
c rst  luby  stb  vmt    99   24K    2936 18219  1642    3.96    3.80   336   591   23K    86   55.54   55.35
c rst  luby  stb  vmt   100   26K    2936 18219  1642    3.96    3.80   348   611   25K    87   55.52   55.34
c [branch] adjusting to: vsid (from: vmtf) var_decay:0.95 descr: VSIDS
c [distill] watch-based irred--  cl tried     1637 cl-sh     0 cl-rem    3 lit-rem      0 T: 0.00 T-out: N
c [distill] watch-based   red--  cl tried      696 cl-sh    18 cl-rem    0 lit-rem     91 T: 0.00 T-out: N
c rst  geom  stb   vs   101   26K    2936 18213  1648    3.96    3.80   348   611   25K    84   55.50   55.33
c rst  geom  stb   vs   102   26K    2936 18213  1648    3.96    3.80   348   611   25K    84   55.56   55.39
c rst  geom  stb   vs   103   26K    2936 18213  1648    3.96    3.80   348   611   25K    84   55.58   55.41
c rst  geom  stb   vs   104   26K    2936 18213  1648    3.96    3.80   348   611   25K    86   55.55   55.37
c rst  geom  stb   vs   105   26K    2936 18213  1648    3.96    3.80   348   611   25K    86   55.58   55.41
c rst  geom ibes   vs   106   27K    2936 18213  1648    3.96    3.80   348   611   25K    86   55.42   55.25
c rst  geom ibes   vs   107   27K    2936 18213  1648    3.96    3.80   348   611   26K    86   55.16   54.99
c rst  geom ibes   vs   108   27K    2936 18213  1648    3.96    3.80   348   611   26K    86   54.87   54.71
c rst  geom ibes   vs   109   27K    2936 18213  1648    3.96    3.80   348   611   26K    86   54.54   54.38
c rst  geom ibes   vs   110   28K    2936 18213  1648    3.96    3.80   348   611   26K    86   54.22   54.06
c rst  geom ibes   vs   111   28K    2936 18213  1648    3.96    3.80   348   611   27K    86   53.87   53.71
c rst  geom ibes   vs   112   28K    2936 18213  1648    3.96    3.80   348   611   27K    86   53.50   53.35
c rst  geom ibes   vs   113   28K    2936 18213  1648    3.96    3.80   348   611   27K    86   53.13   52.98
c rst  geom ibes   vs   114   29K    2936 18213  1648    3.96    3.80   348   611   28K    86   52.67   52.52
c rst  geom ibes   vs   115   29K    2936 18213  1648    3.96    3.80   348   611   28K    86   52.20   52.06
c rst  geom ibes   vs   116   30K    2936 18213  1648    3.96    3.80   432   797   23K    86   48.84   48.68
c rst  geom ibes   vs   117   30K    2936 18213  1648    3.96    3.80   432   797   23K    86   48.22   48.06
c rst  geom ibes   vs   118   31K    2936 18213  1648    3.96    3.80   432   797   24K    86   47.56   47.41
c rst  geom ibes   vs   119   31K    2936 18213  1648    3.96    3.80   432   797   24K    86   46.89   46.74
c rst  geom ibes   vs   120   32K    2936 18213  1648    3.96    3.80   432   797   25K    86   46.32   46.17
c [distill-bin] useful: 0/1629/1648 lits-rem: 0 cl-rem: 0 0-depth-assigns: 0 T: 0.02 T-out: Y
c rst  geom  svd   vs   121   33K    2936 18213  1648    3.96    3.80   432   797   26K    86   46.02   45.88
c rst  geom  svd   vs   122   34K    2936 18213  1648    3.96    3.80   432   797   26K    86   45.96   45.82
c [branch] adjusting to: vmtf (from: vsid) var_decay:0.95 descr: VMTF
c rst  luby  svd  vmt   123   34K    2936 18213  1648    3.96    3.80   432   799   26K    87   45.96   45.83
c rst  luby  svd  vmt   124   34K    2936 18213  1648    3.96    3.80   434   801   27K    87   46.10   45.97
c rst  luby  svd  vmt   125   34K    2936 18213  1648    3.96    3.80   435   806   27K    87   46.39   46.25
c rst  luby  svd  vmt   126   34K    2936 18213  1648    3.96    3.80   435   811   27K    87   46.47   46.34
c rst  luby  svd  vmt   127   34K    2936 18213  1648    3.96    3.80   436   813   27K    87   46.57   46.44
c rst  luby  svd  vmt   128   34K    2936 18213  1648    3.96    3.80   439   843   27K    87   46.72   46.59
c rst  luby  svd  vmt   129   35K    2936 18213  1648    3.96    3.80   444   866   28K    87   46.87   46.74
c rst  luby  svd  vmt   130   35K    2936 18213  1648    3.96    3.80   446   867   28K    87   46.94   46.81
c rst  luby  svd  vmt   131   35K    2936 18213  1648    3.96    3.80   446   869   28K    87   47.08   46.94
c rst  luby  svd  vmt   132   35K    2936 18213  1648    3.96    3.80   447   871   28K    87   47.16   47.03
c rst  luby  svd  vmt   133   35K    2936 18213  1648    3.96    3.80   449   884   28K    87   47.19   47.06
c [distill-long-red0] cls tried: 211/211 T: 0.01 T-out: N T-r: 99.57%
c [distill-long-red1] cls tried: 43/846 T: 0.01 T-out: Y T-r: -6.52%
c rst  luby  svd  vmt   134   35K    2936 18213  1648    3.96    3.80   446   887   28K    91   47.21   47.08
c rst  luby  svd  vmt   135   36K    2936 18213  1648    3.96    3.80   450   898   28K    91   47.17   47.03
c rst  luby  svd  vmt   136   36K    2936 18213  1648    3.96    3.80   455   902   29K    91   47.23   47.10
c rst  luby  svd  vmt   137   37K    2936 18213  1648    3.96    3.80   467   934   29K    92   47.37   47.23
c rst  luby  svd  vmt   138   37K    2936 18213  1648    3.96    3.80   468   936   30K    92   47.35   47.22
c rst  luby  svd  vmt   139   37K    2936 18213  1648    3.96    3.80   468   945   30K    92   47.37   47.24
c rst  luby  svd  vmt   140   37K    2936 18213  1648    3.96    3.80   472   955   30K    92   47.46   47.33
c rst  luby  svd  vmt   141   37K    2936 18213  1648    3.96    3.80   472   955   30K    92   47.47   47.34
c rst  luby  svd  vmt   142   37K    2936 18213  1648    3.96    3.80   473   959   30K    92   47.47   47.34
c rst  luby  svd  vmt   143   38K    2936 18213  1648    3.96    3.80   473   966   30K    92   47.51   47.38
c rst  geom best  vmt   144   38K    2936 18213  1648    3.96    3.80   475   970   30K    92   47.50   47.37
c rst  geom best  vmt   145   38K    2936 18213  1648    3.96    3.80   475   972   30K    92   47.52   47.39
c rst  geom best  vmt   146   38K    2936 18213  1648    3.96    3.80   477   977   31K    92   47.59   47.47
c rst  geom best  vmt   147   38K    2936 18213  1648    3.96    3.80   478   977   31K    92   47.70   47.57
c rst  geom best  vmt   148   38K    2936 18213  1648    3.96    3.80   478   982   31K    92   47.69   47.56
c rst  geom best  vmt   149   38K    2936 18213  1648    3.96    3.80   480   983   31K    93   47.71   47.58
c rst  geom best  vmt   150   39K    2936 18213  1648    3.96    3.80   480   989   31K    93   47.78   47.66
c rst  geom best  vmt   151   39K    2936 18213  1648    3.96    3.80   482  1002   31K    93   47.79   47.67
c rst  geom best  vmt   152   39K    2936 18213  1648    3.96    3.80   485  1005   32K    93   47.83   47.70
c rst  geom best  vmt   153   39K    2936 18213  1648    3.96    3.80   486  1015   32K    93   47.95   47.82
c rst  geom best  vmt   154   40K    2936 18213  1648    3.96    3.80   637   875   32K    93   47.97   47.84
c [full-probe]  bin_only: 0 set: 0 repl: 0 T: 0.01 T-out: N T-r: 96.84%
c [impl-str] lit bin: 0 set-var: 0 T: 0.00 T-out: N T-r: 99.95% w-visit: 5876
c [impl-sub] bin: 28 T: 0.00 T-out: N w-visit: 5876
c rst  geom best  vmt   155   40K    2936 18213  1648    3.96    3.80   640   879   33K    71   48.03   47.93
c rst  geom best  vmt   156   40K    2936 18213  1648    3.96    3.80   642   889   33K    71   48.16   48.06
c rst  geom best  vmt   157   41K    2936 18213  1648    3.96    3.80   646   895   33K    72   48.25   48.16
c rst  geom best  vmt   158   41K    2936 18213  1648    3.96    3.80   648   905   34K    72   48.32   48.23
c rst  geom best  vmt   159   41K    2936 18213  1648    3.96    3.80   650   906   34K    72   48.41   48.32
c rst  geom best  vmt   160   42K    2936 18213  1648    3.96    3.80   651   932   35K    73   48.50   48.41
c [branch] adjusting to: vsid (from: vmtf) var_decay:0.95 descr: VSIDS
c rst  geom best   vs   161   42K    2936 18213  1648    3.96    3.80   651   932   35K    73   48.45   48.36
c rst  geom best   vs   162   42K    2936 18213  1648    3.96    3.80   651   932   35K    73   48.37   48.28
c rst  geom best   vs   163   42K    2936 18213  1648    3.96    3.80   652   932   35K    73   48.29   48.20
c rst  geom best   vs   164   42K    2936 18213  1648    3.96    3.80   652   932   35K    73   48.20   48.11
c rst  geom best   vs   165   43K    2936 18213  1648    3.96    3.80   652   932   35K    73   48.12   48.03
c rst  geom best   vs   166   43K    2936 18213  1648    3.96    3.80   652   932   35K    73   48.00   47.91
c rst  geom best   vs   167   43K    2936 18213  1648    3.96    3.80   652   932   36K    73   47.96   47.87
c rst  geom  stb   vs   168   43K    2936 18213  1648    3.96    3.80   652   932   36K    73   47.86   47.77
c rst  geom  stb   vs   169   43K    2936 18213  1648    3.96    3.80   652   932   36K    73   47.74   47.65
c rst  geom  stb   vs   170   44K    2936 18213  1648    3.96    3.80   652   932   36K    73   47.57   47.48
c [ccnr] tries: 0 steps: 262143 best found: 16
c [ccnr] tries: 0 steps: 524287 best found: 16
c [ccnr] tries: 0 steps: 786431 best found: 16
c [ccnr] saving best assignment phase to stable_polar
c [ccnr] bumping based on clause weights
c [ccnr] Bumped vars: 104 bump type: 6
c [ccnr] time: 0.61
c rst  geom  stb   vs   171   44K    2936 18213  1648    3.96    3.80   652   932   37K    73   47.44   47.35
c rst  geom  stb   vs   172   44K    2936 18213  1648    3.96    3.80   652   932   37K    73   47.31   47.22
c rst  geom  stb   vs   173   45K    2936 18213  1648    3.96    3.80   701  1527   30K    73   47.10   47.00
c rst  geom  stb   vs   174   45K    2936 18213  1648    3.96    3.80   701  1527   30K    73   46.94   46.84
c rst  geom  stb   vs   175   45K    2936 18213  1648    3.96    3.80   701  1527   30K    73   46.77   46.67
c rst  geom  stb   vs   176   46K    2936 18213  1648    3.96    3.80   701  1527   31K    73   46.63   46.54
c rst  geom  stb   vs   177   46K    2936 18213  1648    3.96    3.80   701  1527   31K    73   46.44   46.34
c rst  geom  stb   vs   178   47K    2936 18213  1648    3.96    3.80   701  1527   32K    73   46.28   46.18
c rst  geom  stb   vs   179   48K    2936 18213  1648    3.96    3.80   701  1527   32K    73   46.12   46.02
c rst  geom  stb   vs   180   48K    2936 18213  1648    3.96    3.80   701  1527   33K    73   45.84   45.75
c rst  geom  stb   vs   181   49K    2936 18213  1648    3.96    3.80   701  1527   34K    73   45.59   45.51
c rst  geom ibes   vs   182   50K    2936 18213  1648    3.96    3.80   734  1496   35K    74   45.05   44.96
c [gauss] XOR-encoding clauses are not detached, so no need to reattach them.
c [g 0] truth-find prop checks  : 936K
c [g 0] -> of which prop        : 36.62 %
c [g 0] -> of which confl       :  3.02 %
c [g 0] elim called             : 185K
c [g 0] ---> which lead to prop :  9.26 %
c [g 0] ---> which lead to confl:  0.70 %
c [g 0] size: 50    x 765  
c [scc] new: 7 BP 0M T: 0.00
c [vrep] vars 7 lits 15176 rem-bin-cls 31 rem-long-cls 10 BP 0M T: 0.03
c [scc] new: 0 BP 0M T: 0.00
c [vrep] vars 0 lits 0 rem-bin-cls 0 rem-long-cls 0 BP 0M T: 0.01
c [intree] Set 0 vars hyper-added: 827 trans-irred: 0 trans-red: 67 T: 0.01 T-out: N T-r: -1.37%
c [find&init matx] performing matrix init
c [gauss] XOR-encoding clauses are not detached, so no need to reattach them.
c [xor-rem-unconnected] left with 50 xors from 50 non-empty xors T: 0.00
c [xor-together] xored together: 0 orig xors: 50 new xors: 50 T: 0.00
c [xor-rem-unconnected] left with 50 xors from 50 non-empty xors T: 0.00
c [xor-clean-equiv] removed equivalent xors: 0 left with: 50
c [matrix] unused xors from cleaning: 0
c [matrix] Good   matrix 0 50      x760    density:0.1155  xorlen avg: 87.78
c [matrix] Using 1 matrices recovered from 0 xors T: 0.00 T-out: N
c rst  geom ibes vs   183   51  K 2929    18211  1636 3.96    3.80      735  1496   35K   829 44.50   43.60  
c [distill-long-red0] cls tried: 290/290 T: 0.04 T-out: N T-r: 98.98%
c [distill-long-red1] cls tried: 21/1415 T: 0.01 T-out: Y T-r: -11.29%
c rst  geom ibes vs   184   52  K 2929    18211  1636 3.96    3.80      731  1496   36K   833 43.67   42.80  
c [distill] watch-based irred--  cl tried 1630     cl-sh 0     cl-rem 0    lit-rem 0      T: 0.00 T-out: N
c [distill] watch-based red  --  cl tried 1462     cl-sh 25    cl-rem 0    lit-rem 44     T: 0.00 T-out: N
c rst  geom ibes vs   185   53  K 2929    18211  1636 3.96    3.80      731  1496   38K   833 42.96   42.13  
c [branch] adjusting to: vmtf (from: vsid) var_decay:0.95 descr: VMTF
c [distill-bin] useful: 0/1190/1636 lits-rem: 0 cl-rem: 0 0-depth-assigns: 0 T: 0.02 T-out: Y
c rst  luby ibes vmt  186   53  K 2929    18211  1636 3.96    3.80      731  1536   38K   833 42.96   42.13  
c rst  luby ibes vmt  187   53  K 2929    18211  1636 3.96    3.80      731  1538   38K   833 42.93   42.11  
c rst  luby ibes vmt  188   53  K 2929    18211  1636 3.96    3.80      734  1543   38K   833 42.91   42.08  
c rst  luby ibes vmt  189   53  K 2929    18211  1636 3.96    3.80      735  1548   38K   833 42.94   42.12  
c rst  luby ibes vmt  190   53  K 2929    18211  1636 3.96    3.80      735  1550   38K   833 42.94   42.12  
c rst  luby ibes vmt  191   53  K 2929    18211  1636 3.96    3.80      735  1559   38K   833 42.93   42.12  
c rst  luby ibes vmt  192   54  K 2929    18211  1636 3.96    3.80      736  1567   39K   833 43.04   42.23  
c rst  luby ibes vmt  193   54  K 2929    18211  1636 3.96    3.80      736  1572   39K   833 43.04   42.24  
c rst  luby ibes vmt  194   54  K 2929    18211  1636 3.96    3.80      736  1589   39K   833 43.00   42.20  
c rst  luby ibes vmt  195   54  K 2929    18211  1636 3.96    3.80      736  1599   39K   833 43.08   42.28  
c rst  luby ibes vmt  196   54  K 2929    18211  1636 3.96    3.80      736  1602   39K   833 43.07   42.27  
c rst  luby ibes vmt  197   54  K 2929    18211  1636 3.96    3.80      736  1607   39K   833 43.06   42.26  
c rst  luby ibes vmt  198   55  K 2929    18211  1636 3.96    3.80      737  1737   39K   833 43.05   42.26  
c rst  luby svd  vmt  199   55  K 2929    18211  1636 3.96    3.80      738  1749   40K   833 43.24   42.46  
c rst  luby svd  vmt  200   56  K 2929    18211  1636 3.96    3.80      744  1772   40K   833 43.29   42.51  
c recursive minimization cost OK: 307Kcost/(% lits removed)
c [gauss] XOR-encoding clauses are not detached, so no need to reattach them.
c [g 0] truth-find prop checks  : 108K
c [g 0] -> of which prop        : 38.77 %
c [g 0] -> of which confl       :  3.00 %
c [g 0] elim called             : 19560
c [g 0] ---> which lead to prop :  0.61 %
c [g 0] ---> which lead to confl:  0.06 %
c [g 0] size: 50    x 760  
c --> Executing strategy token: scc-vrepl
c [scc] new: 3 BP 0M T: 0.00
c [vrep] vars 3 lits 6155 rem-bin-cls 12 rem-long-cls 2 BP 0M T: 0.01
c --> Executing strategy token: sub-impl
c [impl-sub] bin: 4 T: 0.00 T-out: N w-visit: 5876
c --> Executing strategy token: breakid
c --> Executing OCC strategy token(s): 'occ-backw-sub-str,occ-clean-implicit,occ-bve,occ-bva,occ-ternary-res,occ-xor,'
c [occ] mem usage for occur 1      MB
c [occ] Linked in IRRED BIN by default: 1633
c [occ] Linked in RED   BIN by default: 826
c [occ] mem usage for occur 0      MB
c Mem for watch alloc      : 4           MB (17.21     %)
c Mem for watch array      : 0           MB (0.75      %)
c --> Executing OCC strategy token: occ-backw-sub-str
c [occ-backw-sub-str-long-w-bins] subs: 1 str: 8 tried: 2459 0-depth ass: 0 T: 0.00 T-out: N T-r: 99.32%
c [occ-backw-sub-long-w-long] rem cl: 59 tried: 61507/61507 (100.0%) T: 0.01 T-out: N T-r: 96.56%
c [occ-backw-sub-str-long-w-long] sub: 0 str: 5 tried: 184521/61507 (300.0)  T: 0.06 T-out: N T-r: 88.51%
c --> Executing OCC strategy token: occ-clean-implicit
c --> Executing OCC strategy token: occ-bve
c [occ-empty-res] Empty resolvent elimed: 0 T: 0.00 T-out: N
c [occ-bve] iter v-elim 11
c cl_inc_rate=1.0, var_dec_rate=1.0 (grow=0)
c Reduced to 2915 vars, 19832 cls (grow=0)
c [occ-bve] iter v-elim 286
c cl_inc_rate=1.1, var_dec_rate=1.1 (grow=8)
c Reduced to 2629 vars, 21013 cls (grow=8)
c x n vars       : 2629
c #try to eliminate:  6183
c #var-elim        :   297
c #T-o: N
c #T-r: 99.99%
c #T  : 0.09
c [occur] 0.04 is overhead
c [occur] link-in T: 0.04 cleanup T: 0.00
c --> Executing OCC strategy token: occ-bva
c --> Executing OCC strategy token: occ-ternary-res
c [occ-ternary-res] Ternary res-tri: 41 res-bin: 0 sub: 1 str: 0 T: 0.00 T-out: N T-r: 99.39%
c --> Executing OCC strategy token: occ-xor
c [occ-xor] sort occur list T: 0.00
c [xor-clean-equiv] removed equivalent xors: 0 left with: 2025
c [occ-xor] found   2025 avg sz 4.0 min sz  4 max sz  5 T: 0.01 T-out: N T-r: 99.98%
c --> Executing strategy token: card-find
c --> Executing strategy token: cl-consolidate
c [mem] consolidate  old-sz: 11350K new-sz: 4428K new bits offs: 20 T: 0.00
c --> Executing strategy token: scc-vrepl
c [scc] new: 0 BP 0M T: 0.00
c --> Executing strategy token: renumber
c --> Executing strategy token: bosphorus
c --> Executing strategy token: louvain-comms
c [consolidate] mini T: 0.00
c global_timeout_multiplier: 3.3000
c [branch] rebuilding order heap for all branchings. Current branching: vmtf
c [find&init matx] performing matrix init
c [gauss] XOR-encoding clauses are not detached, so no need to reattach them.
c [xor-rem-unconnected] left with 2022 xors from 2025 non-empty xors T: 0.00
c [xor-together] xored together: 1969 orig xors: 2022 new xors: 53 T: 0.00
c [xor-rem-unconnected] left with 53 xors from 53 non-empty xors T: 0.00
c [xor-clean-equiv] removed equivalent xors: 0 left with: 53
c [matrix] unused xors from cleaning: 3
c [matrix] Good   matrix  0     53 x  465  density:0.1687  xorlen avg: 78.45
c [matrix] Using 1 matrices recovered from 0 xors T: 0.01 T-out: N
c rst  luby  svd  vmt   201   56K    2629   20K   932    4.10    4.01   148   260   23K   143   29.90   29.73
c rst  luby  svd  vmt   202   56K    2629   20K   932    4.10    4.01   148   262   23K   143   29.86   29.70
c rst  luby  svd  vmt   203   56K    2629   20K   932    4.10    4.01   148   262   23K   143   29.81   29.64
c rst  luby  svd  vmt   204   56K    2629   20K   932    4.10    4.01   150   262   24K   143   29.68   29.52
c rst  luby  svd  vmt   205   56K    2629   20K   932    4.10    4.01   150   264   24K   143   29.61   29.45
c rst  luby  svd  vmt   206   56K    2629   20K   932    4.10    4.01   150   267   24K   143   29.54   29.39
c rst  luby  svd  vmt   207   57K    2629   20K   932    4.10    4.01   150   268   24K   143   29.45   29.29
c rst  luby  svd  vmt   208   57K    2629   20K   932    4.10    4.01   150   278   24K   143   29.25   29.10
c rst  luby  svd  vmt   209   57K    2629   20K   932    4.10    4.01   152   281   25K   143   29.20   29.05
c rst  luby  svd  vmt   210   57K    2629   20K   932    4.10    4.01   152   284   25K   143   29.15   29.00
c rst  luby  svd  vmt   211   57K    2629   20K   932    4.10    4.01   152   285   25K   143   29.02   28.87
c rst  luby  svd  vmt   212   58K    2629   20K   932    4.10    4.01   152   289   25K   143   28.97   28.82
c rst  luby  svd  vmt   213   58K    2629   20K   932    4.10    4.01   152   291   25K   143   28.91   28.77
c rst  luby  svd  vmt   214   58K    2629   20K   932    4.10    4.01   152   292   25K   143   28.85   28.71
c rst  luby  svd  vmt   215   58K    2629   20K   932    4.10    4.01   153   295   26K   143   28.67   28.53
c rst  luby  svd  vmt   216   59K    2629   20K   932    4.10    4.01   156   309   26K   143   28.33   28.19
c rst  luby  svd  vmt   217   61K    2629   20K   932    4.10    4.01   215   424   24K   144   25.56   25.43
c [full-probe]  bin_only: 1 set: 0 repl: 0 T: 0.01 T-out: N T-r: 99.79%
c rst  geom best  vmt   218   61K    2629   20K   932    4.10    4.01   215   425   24K   144   25.53   25.40
c rst  geom best  vmt   219   61K    2629   20K   932    4.10    4.01   216   429   25K   144   25.48   25.35
c rst  geom best  vmt   220   61K    2629   20K   932    4.10    4.01   217   430   25K   144   25.51   25.38
c rst  geom best  vmt   221   61K    2629   20K   932    4.10    4.01   218   432   25K   144   25.45   25.32
c rst  geom best  vmt   222   61K    2629   20K   932    4.10    4.01   218   434   25K   144   25.40   25.27
c rst  geom best  vmt   223   61K    2629   20K   932    4.10    4.01   218   434   25K   144   25.37   25.24
c [g  <0] Disabling GJ-elim in this round.  Usefulness was: 19.7861%  over 422797 calls
c rst  geom best  vmt   224   62K    2629   20K   932    4.10    4.01   218   434   25K   144   25.35   25.22
c rst  geom best  vmt   225   62K    2629   20K   932    4.10    4.01   218   440   26K   144   25.30   25.17
c rst  geom best  vmt   226   62K    2629   20K   932    4.10    4.01   218   444   26K   144   25.29   25.16
c rst  geom best  vmt   227   62K    2629   20K   932    4.10    4.01   218   447   26K   144   25.21   25.09
c rst  geom best  vmt   228   63K    2629   20K   932    4.10    4.01   218   453   26K   144   25.21   25.08
c [branch] adjusting to: vsid (from: vmtf) var_decay:0.95 descr: VSIDS
c rst  geom best   vs   229   63K    2629   20K   932    4.10    4.01   218   475   26K   144   25.31   25.19
c rst  geom best   vs   230   63K    2629   20K   932    4.10    4.01   220   481   27K   144   25.42   25.30
c rst  geom best   vs   231   63K    2629   20K   932    4.10    4.01   221   486   27K   144   25.60   25.48
c rst  geom best   vs   232   63K    2629   20K   932    4.10    4.01   223   495   27K   144   25.73   25.61
c rst  geom best   vs   233   63K    2629   20K   932    4.10    4.01   223   499   27K   144   25.88   25.76
c rst  geom best   vs   234   64K    2629   20K   932    4.10    4.01   223   505   27K   144   26.01   25.89
c rst  geom best   vs   235   64K    2629   20K   932    4.10    4.01   223   508   27K   144   26.15   26.03
c rst  geom best   vs   236   64K    2629   20K   932    4.10    4.01   223   518   28K   144   26.31   26.19
c rst  geom best   vs   237   64K    2629   20K   932    4.10    4.01   224   521   28K   144   26.56   26.44
c rst  geom best   vs   238   64K    2629   20K   932    4.10    4.01   225   541   28K   144   26.77   26.64
c rst  geom best   vs   239   65K    2629   20K   932    4.10    4.01   226   542   28K   144   26.97   26.85
c rst  geom best   vs   240   65K    2629   20K   932    4.10    4.01   227   548   29K   144   27.35   27.23
c rst  geom best   vs   241   65K    2629   20K   932    4.10    4.01   229   557   29K   144   27.51   27.39
c rst  geom best   vs   242   66K    2629   20K   932    4.10    4.01   233   565   29K   144   27.86   27.74
c [distill-long-red0] cls tried: 105/105 T: 0.01 T-out: N T-r: 99.84%
c [distill-long-red1] cls tried: 62/507 T: 0.01 T-out: Y T-r: -2.68%
c rst  geom best   vs   243   66K    2629   20K   932    4.10    4.01   236   580   30K   144   28.24   28.12
c rst  geom best   vs   244   67K    2629   20K   932    4.10    4.01   236   585   30K   144   28.79   28.67
c rst  geom  stb   vs   245   67K    2629   20K   932    4.10    4.01   239   624   31K   144   29.19   29.07
c rst  geom  stb   vs   246   68K    2629   20K   932    4.10    4.01   244   660   31K   144   29.58   29.46
c rst  geom  stb   vs   247   68K    2629   20K   932    4.10    4.01   250   684   32K   144   29.87   29.75
c rst  geom  stb   vs   248   69K    2629   20K   932    4.10    4.01   258   712   32K   144   30.14   30.02
c rst  geom  stb   vs   249   70K    2629   20K   932    4.10    4.01   470   528   33K   144   30.45   30.33
c rst  geom  stb   vs   250   70K    2629   20K   932    4.10    4.01   481   570   34K   144   30.91   30.79
c rst  geom  stb   vs   251   71K    2629   20K   932    4.10    4.01   484   582   35K   144   31.01   30.89
c rst  geom  stb   vs   252   72K    2629   20K   932    4.10    4.01   488   594   35K   144   31.00   30.89
c rst  geom  stb   vs   253   73K    2629   20K   932    4.10    4.01   491   608   37K   144   30.98   30.87
c [distill-bin] useful: 5/932/932 lits-rem: 0 cl-rem: 5 0-depth-assigns: 0 T: 0.01 T-out: N
c rst  geom ibes   vs   254   74K    2629   20K   927    4.10    4.01   500   643   38K   144   31.08   30.98
c [branch] adjusting to: vmtf (from: vsid) var_decay:0.95 descr: VMTF
c rst  luby ibes  vmt   255   75K    2629   20K   927    4.10    4.01   558   989   27K   144   31.47   31.32
c rst  luby ibes  vmt   256   75K    2629   20K   927    4.10    4.01   558   990   27K   144   31.43   31.28
c rst  luby ibes  vmt   257   75K    2629   20K   927    4.10    4.01   558   995   27K   144   31.39   31.25
c rst  luby ibes  vmt   258   75K    2629   20K   927    4.10    4.01   558   999   27K   144   31.35   31.21
c rst  luby ibes  vmt   259   75K    2629   20K   927    4.10    4.01   558  1000   27K   144   31.36   31.22
c rst  luby ibes  vmt   260   75K    2629   20K   927    4.10    4.01   558  1005   27K   144   31.33   31.19
c rst  luby ibes  vmt   261   76K    2629   20K   927    4.10    4.01   558  1010   28K   144   31.25   31.11
c rst  luby ibes  vmt   262   76K    2629   20K   927    4.10    4.01   558  1010   28K   144   31.20   31.06
c rst  luby ibes  vmt   263   76K    2629   20K   927    4.10    4.01   559  1010   28K   144   31.16   31.02
c rst  luby ibes  vmt   264   76K    2629   20K   927    4.10    4.01   559  1011   28K   144   31.13   30.99
c rst  luby ibes  vmt   265   76K    2629   20K   927    4.10    4.01   559  1011   28K   144   31.10   30.97
c rst  luby ibes  vmt   266   76K    2629   20K   927    4.10    4.01   559  1013   28K   144   31.07   30.93
c rst  luby ibes  vmt   267   76K    2629   20K   927    4.10    4.01   561  1017   28K   145   31.05   30.91
c rst  luby ibes  vmt   268   77K    2629   20K   927    4.10    4.01   562  1020   29K   145   30.91   30.77
c [distill] watch-based irred--  cl tried     7470 cl-sh   161 cl-rem  165 lit-rem    166 T: 0.01 T-out: N
c [distill] watch-based   red--  cl tried     1124 cl-sh   125 cl-rem    0 lit-rem    277 T: 0.00 T-out: N
c rst  luby ibes  vmt   269   78K    2629 19914   942    4.09    4.00   563  1059   30K   133   30.74   30.62
c rst  luby ibes  vmt   270   78K    2629 19914   942    4.09    4.00   563  1061   30K   133   30.73   30.61
c rst  luby ibes  vmt   271   78K    2629 19914   942    4.09    4.00   563  1062   30K   133   30.75   30.63
c rst  luby ibes  vmt   272   78K    2629 19914   942    4.09    4.00   564  1068   30K   133   30.70   30.58
c rst  luby ibes  vmt   273   78K    2629 19914   942    4.09    4.00   565  1069   30K   133   30.68   30.56
c rst  luby ibes  vmt   274   78K    2629 19914   942    4.09    4.00   565  1071   30K   133   30.65   30.53
c rst  luby ibes  vmt   275   78K    2629 19914   942    4.09    4.00   566  1079   30K   133   30.65   30.53
c rst  luby ibes  vmt   276   79K    2629 19914   942    4.09    4.00   568  1085   31K   133   30.55   30.44
c rst  luby ibes  vmt   277   79K    2629 19914   942    4.09    4.00   568  1090   31K   133   30.51   30.40
c rst  luby ibes  vmt   278   79K    2629 19914   942    4.09    4.00   569  1091   31K   133   30.49   30.37
c rst  luby  svd  vmt   279   79K    2629 19914   942    4.09    4.00   569  1093   31K   133   30.45   30.34
c rst  luby  svd  vmt   280   79K    2629 19914   942    4.09    4.00   569  1095   31K   133   30.46   30.34
c rst  luby  svd  vmt   281   79K    2629 19914   942    4.09    4.00   570  1103   31K   133   30.42   30.31
c rst  luby  svd  vmt   282   80K    2629 19914   942    4.09    4.00   966   701   32K   133   30.38   30.27
c rst  luby  svd  vmt   283   80K    2629 19914   942    4.09    4.00   966   707   32K   133   30.28   30.17
c rst  luby  svd  vmt   284   81K    2629 19914   942    4.09    4.00   968   721   33K   133   29.98   29.88
c [distill-long-red0] cls tried: 728/728 T: 0.03 T-out: N T-r: 98.93%
c [distill-long-red1] cls tried: 52/617 T: 0.01 T-out: Y T-r: -3.61%
c [full-probe]  bin_only: 0 set: 0 repl: 0 T: 0.01 T-out: N T-r: 97.39%
c rst  luby  svd  vmt   285   82K    2629 19914   942    4.09    4.00   969   755   34K   135   29.37   29.27
c rst  luby  svd  vmt   286   83K    2629 19914   942    4.09    4.00   969   757   34K   135   29.34   29.24
c rst  luby  svd  vmt   287   83K    2629 19914   942    4.09    4.00   969   758   34K   135   29.30   29.20
c rst  luby  svd  vmt   288   83K    2629 19914   942    4.09    4.00   969   765   35K   135   29.36   29.26
c rst  luby  svd  vmt   289   83K    2629 19914   942    4.09    4.00   969   766   35K   135   29.35   29.25
c rst  luby  svd  vmt   290   83K    2629 19914   942    4.09    4.00   969   768   35K   135   29.32   29.22
c rst  luby  svd  vmt   291   83K    2629 19914   942    4.09    4.00   969   774   35K   135   29.26   29.17
c rst  luby  svd  vmt   292   84K    2629 19914   942    4.09    4.00   970   786   35K   135   29.18   29.08
c rst  luby  svd  vmt   293   84K    2629 19914   942    4.09    4.00   970   789   36K   135   29.19   29.10
c rst  luby  svd  vmt   294   84K    2629 19914   942    4.09    4.00   971   796   36K   135   29.17   29.07
c rst  luby  svd  vmt   295   84K    2629 19914   942    4.09    4.00   972   797   36K   135   29.13   29.03
c rst  luby  svd  vmt   296   84K    2629 19914   942    4.09    4.00   972   798   36K   135   29.11   29.01
c rst  luby  svd  vmt   297   84K    2629 19914   942    4.09    4.00   972   804   36K   135   29.09   29.00
c rst  luby  svd  vmt   298   85K    2629 19914   942    4.09    4.00   972   811   36K   135   29.05   28.96
c rst  luby  svd  vmt   299   85K    2629 19914   942    4.09    4.00   972   816   37K   135   28.96   28.86
c rst  luby  svd  vmt   300   86K    2629 19914   942    4.09    4.00   973   825   37K   135   28.78   28.69
c rst  geom best  vmt   301   86K    2629 19914   942    4.09    4.00   973   831   38K   135   28.80   28.71
c rst  geom best  vmt   302   86K    2629 19914   942    4.09    4.00   973   836   38K   135   28.80   28.71
c rst  geom best  vmt   303   86K    2629 19914   942    4.09    4.00   973   838   38K   135   28.79   28.70
c rst  geom best  vmt   304   86K    2629 19914   942    4.09    4.00   974   840   38K   135   28.76   28.67
c rst  geom best  vmt   305   86K    2629 19914   942    4.09    4.00   975   841   38K   135   28.75   28.66
c rst  geom best  vmt   306   87K    2629 19914   942    4.09    4.00   976   842   38K   136   28.77   28.68
c rst  geom best  vmt   307   87K    2629 19914   942    4.09    4.00   976   842   38K   136   28.76   28.67
c rst  geom best  vmt   308   87K    2629 19914   942    4.09    4.00   976   849   39K   136   28.78   28.69
c rst  geom best  vmt   309   87K    2629 19914   942    4.09    4.00   976   853   39K   136   28.79   28.71
c [branch] adjusting to: vsid (from: vmtf) var_decay:0.95 descr: VSIDS
c rst  geom best   vs   310   87K    2629 19914   942    4.09    4.00   976   860   39K   136   28.86   28.77
c rst  geom best   vs   311   87K    2629 19914   942    4.09    4.00   978   864   39K   136   28.87   28.78
c rst  geom best   vs   312   88K    2629 19914   942    4.09    4.00   981   871   39K   136   28.94   28.85
c rst  geom best   vs   313   88K    2629 19914   942    4.09    4.00   983   873   39K   136   29.02   28.93
c [ccnr] tries: 0 steps: 262143 best found: 14
c [ccnr] tries: 0 steps: 524287 best found: 11
c [ccnr] tries: 0 steps: 786431 best found: 11
c [ccnr] saving best assignment phase to stable_polar
c [ccnr] bumping based on var unsat frequency: conflict_ct
c [ccnr] Bumped vars: 2938 bump type: 6
c [ccnr] time: 0.55
c rst  geom best   vs   314   88K    2629 19914   942    4.09    4.00   985   876   40K   136   29.02   28.93
c rst  geom best   vs   315   88K    2629 19914   942    4.09    4.00   988   886   40K   136   29.10   29.01
c rst  geom best   vs   316   88K    2629 19914   942    4.09    4.00   988   895   40K   136   29.11   29.03
c rst  geom best   vs   317   88K    2629 19914   942    4.09    4.00   990   903   40K   136   29.16   29.08
c rst  geom best   vs   318   89K    2629 19914   942    4.09    4.00   992   908   40K   136   29.18   29.09
c rst  geom best   vs   319   89K    2629 19914   942    4.09    4.00   993   912   41K   136   29.20   29.12
c rst  geom best   vs   320   89K    2629 19914   942    4.09    4.00   993   930   41K   136   29.29   29.20
c rst  geom best   vs   321   90K    2629 19914   942    4.09    4.00  1334  1431   32K   136   29.84   29.74
c rst  geom best   vs   322   90K    2629 19914   942    4.09    4.00  1334  1439   32K   136   29.95   29.85
c rst  geom best   vs   323   90K    2629 19914   942    4.09    4.00  1337  1446   33K   136   30.14   30.03
c rst  geom best   vs   324   91K    2629 19914   942    4.09    4.00  1337  1448   33K   136   30.36   30.26
c rst  geom best   vs   325   91K    2629 19914   942    4.09    4.00  1338  1455   33K   136   30.48   30.37
c rst  geom best   vs   326   92K    2629 19914   942    4.09    4.00  1342  1465   34K   136   30.55   30.44
c rst  geom best   vs   327   92K    2629 19914   942    4.09    4.00  1346  1494   34K   136   30.62   30.51
c rst  geom  stb   vs   328   93K    2629 19914   942    4.09    4.00  1351  1508   35K   136   30.90   30.80
c rst  geom  stb   vs   329   93K    2629 19914   942    4.09    4.00  1358  1535   36K   136   30.93   30.82
c [distill-bin] useful: 2/942/942 lits-rem: 0 cl-rem: 2 0-depth-assigns: 0 T: 0.01 T-out: N
c rst  geom  stb   vs   330   94K    2629 19914   940    4.09    4.00  1360  1559   36K   136   30.94   30.84
c rst  geom  stb   vs   331   95K    2629 19914   940    4.09    4.00  1367  1578   37K   136   31.08   30.98
c rst  geom  stb   vs   332   96K    2629 19914   940    4.09    4.00  1368  1581   38K   136   31.17   31.07
c rst  geom  stb   vs   333   97K    2629 19914   940    4.09    4.00  1369  1589   39K   136   31.20   31.10
c [distill-long-red0] cls tried: 395/395 T: 0.04 T-out: N T-r: 98.72%
c [distill-long-red1] cls tried: 29/1441 T: 0.01 T-out: Y T-r: -5.46%
c rst  geom  stb   vs   334   98K    2629 19914   940    4.09    4.00  1374  1602   40K   136   31.28   31.19
c rst  geom  stb   vs   335   99K    2629 19914   940    4.09    4.00  1376  1610   41K   136   31.26   31.17
c rst  geom ibes   vs   336  100K    2629 19914   940    4.09    4.00  1541  1465   42K   136   31.32   31.24
c [impl-str] lit bin: 0 set-var: 0 T: 0.00 T-out: N T-r: 99.95% w-visit: 5876
c [impl-sub] bin: 1 T: 0.00 T-out: N w-visit: 5876
c rst  geom ibes   vs   337  102K    2629 19914   940    4.09    4.00  1544  1482   44K   135   31.28   31.19
c [branch] adjusting to: vmtf (from: vsid) var_decay:0.95 descr: VMTF
c [full-probe]  bin_only: 1 set: 0 repl: 0 T: 0.01 T-out: N T-r: 99.74%
c rst  luby ibes  vmt   338  102K    2629 19914   940    4.09    4.00  1545  1514   44K   137   31.25   31.16
c rst  luby ibes  vmt   339  102K    2629 19914   940    4.09    4.00  1546  1515   44K   137   31.21   31.13
c rst  luby ibes  vmt   340  102K    2629 19914   940    4.09    4.00  1546  1518   44K   137   31.15   31.06
c [distill] watch-based irred--  cl tried     7296 cl-sh     0 cl-rem    4 lit-rem      0 T: 0.01 T-out: N
c [distill] watch-based   red--  cl tried     3092 cl-sh   146 cl-rem    0 lit-rem    284 T: 0.00 T-out: N
c rst  luby ibes  vmt   341  102K    2629 19910   942    4.09    4.00  1546  1520   44K   135   31.13   31.05
c rst  luby ibes  vmt   342  102K    2629 19910   942    4.09    4.00  1546  1521   44K   135   31.11   31.02
c rst  luby ibes  vmt   343  102K    2629 19910   942    4.09    4.00  1546  1522   44K   135   31.07   30.99
c rst  luby ibes  vmt   344  103K    2629 19910   942    4.09    4.00  1549  1527   45K   135   30.98   30.90
c rst  luby ibes  vmt   345  103K    2629 19910   942    4.09    4.00  1549  1532   45K   135   30.94   30.86
c rst  luby ibes  vmt   346  103K    2629 19910   942    4.09    4.00  1550  1534   45K   135   30.91   30.83
c rst  luby ibes  vmt   347  103K    2629 19910   942    4.09    4.00  1550  1539   45K   135   30.85   30.77
c rst  luby ibes  vmt   348  103K    2629 19910   942    4.09    4.00  1550  1549   45K   135   30.86   30.78
c rst  luby ibes  vmt   349  103K    2629 19910   942    4.09    4.00  1550  1553   45K   135   30.83   30.76
c rst  luby ibes  vmt   350  104K    2629 19910   942    4.09    4.00  1550  1555   46K   135   30.79   30.71
c rst  luby ibes  vmt   351  104K    2629 19910   942    4.09    4.00  1550  1561   46K   135   30.68   30.61
c rst  luby ibes  vmt   352  105K    2629 19910   942    4.09    4.00  1686  1953   35K   135   29.53   29.44
c rst  luby ibes  vmt   353  105K    2629 19910   942    4.09    4.00  1687  1960   35K   135   29.56   29.47
c rst  luby ibes  vmt   354  105K    2629 19910   942    4.09    4.00  1687  1973   35K   135   29.53   29.43
c rst  luby  svd  vmt   355  105K    2629 19910   942    4.09    4.00  1687  1973   35K   135   29.48   29.38
c rst  luby  svd  vmt   356  105K    2629 19910   942    4.09    4.00  1687  1973   35K   135   29.44   29.35
c rst  luby  svd  vmt   357  105K    2629 19910   942    4.09    4.00  1687  1975   36K   135   29.44   29.35
c rst  luby  svd  vmt   358  106K    2629 19910   942    4.09    4.00  1687  1975   36K   135   29.41   29.32
c rst  luby  svd  vmt   359  106K    2629 19910   942    4.09    4.00  1688  1987   36K   135   29.27   29.18
c rst  luby  svd  vmt   360  106K    2629 19910   942    4.09    4.00  1688  1988   36K   135   29.25   29.16
c rst  luby  svd  vmt   361  106K    2629 19910   942    4.09    4.00  1688  1992   36K   135   29.23   29.13
c rst  luby  svd  vmt   362  107K    2629 19910   942    4.09    4.00  1688  1992   36K   135   29.15   29.06
c rst  luby  svd  vmt   363  107K    2629 19910   942    4.09    4.00  1688  2000   37K   135   29.13   29.04
c rst  luby  svd  vmt   364  107K    2629 19910   942    4.09    4.00  1688  2004   37K   135   29.11   29.02
c rst  luby  svd  vmt   365  107K    2629 19910   942    4.09    4.00  1688  2007   37K   135   29.06   28.97
c rst  luby  svd  vmt   366  107K    2629 19910   942    4.09    4.00  1688  2007   37K   135   28.95   28.86
c rst  luby  svd  vmt   367  108K    2629 19910   942    4.09    4.00  1689  2023   38K   135   28.87   28.78
c rst  luby  svd  vmt   368  110K    2629 19910   942    4.09    4.00  1960  1773   40K   135   28.67   28.59
c rst  luby  svd  vmt   369  110K    2629 19910   942    4.09    4.00  1960  1773   40K   135   28.67   28.59
c rst  luby  svd  vmt   370  110K    2629 19910   942    4.09    4.00  1960  1775   40K   135   28.65   28.57
c rst  luby  svd  vmt   371  110K    2629 19910   942    4.09    4.00  1960  1778   40K   135   28.66   28.58
c rst  luby  svd  vmt   372  110K    2629 19910   942    4.09    4.00  1960  1778   40K   135   28.63   28.55
c rst  luby  svd  vmt   373  110K    2629 19910   942    4.09    4.00  1960  1781   40K   135   28.62   28.54
c rst  luby  svd  vmt   374  111K    2629 19910   942    4.09    4.00  1966  1805   40K   135   28.59   28.51
c rst  luby  svd  vmt   375  111K    2629 19910   942    4.09    4.00  1967  1815   41K   135   28.55   28.47
c rst  luby  svd  vmt   376  111K    2629 19910   942    4.09    4.00  1967  1823   41K   135   28.52   28.44
c rst  luby  svd  vmt   377  111K    2629 19910   942    4.09    4.00  1967  1824   41K   135   28.50   28.42
c rst  luby  svd  vmt   378  111K    2629 19910   942    4.09    4.00  1968  1827   41K   135   28.43   28.35
c rst  geom best  vmt   379  111K    2629 19910   942    4.09    4.00  1968  1828   41K   135   28.45   28.38
c rst  geom best  vmt   380  112K    2629 19910   942    4.09    4.00  1968  1834   41K   135   28.42   28.34
c rst  geom best  vmt   381  112K    2629 19910   942    4.09    4.00  1968  1834   42K   135   28.39   28.31
c rst  geom best  vmt   382  112K    2629 19910   942    4.09    4.00  1968  1835   42K   135   28.37   28.29
c [distill-long-red0] cls tried: 655/655 T: 0.07 T-out: N T-r: 97.96%
c [distill-long-red1] cls tried: 26/1666 T: 0.01 T-out: Y T-r: -3.39%
c rst  geom best  vmt   383  112K    2629 19910   942    4.09    4.00  1968  1835   42K   135   28.31   28.23
c rst  geom best  vmt   384  112K    2629 19910   942    4.09    4.00  1968  1839   42K   135   28.25   28.18
c rst  geom best  vmt   385  112K    2629 19910   942    4.09    4.00  1968  1840   42K   135   28.19   28.11
c rst  geom best  vmt   386  113K    2629 19910   942    4.09    4.00  1968  1840   42K   135   28.17   28.10
c rst  geom best  vmt   387  113K    2629 19910   942    4.09    4.00  1968  1846   43K   135   28.14   28.06
c rst  geom best  vmt   388  113K    2629 19910   942    4.09    4.00  1968  1853   43K   135   28.07   27.99
c rst  geom best  vmt   389  113K    2629 19910   942    4.09    4.00  1968  1858   43K   135   28.04   27.97
c rst  geom best  vmt   390  114K    2629 19910   942    4.09    4.00  1968  1862   44K   135   27.97   27.90
c [distill-bin] useful: 3/942/942 lits-rem: 0 cl-rem: 3 0-depth-assigns: 0 T: 0.01 T-out: N
c rst  geom best  vmt   391  114K    2629 19910   939    4.09    4.00  1969  1866   44K   135   27.90   27.83
c rst  geom best  vmt   392  114K    2629 19910   939    4.09    4.00  1969  1885   44K   135   27.78   27.71
c rst  geom best  vmt   393  115K    2629 19910   939    4.09    4.00  1970  1895   45K   135   27.69   27.62
c [gauss] XOR-encoding clauses are not detached, so no need to reattach them.
c [g 0] truth-find prop checks  : 308K
c [g 0] -> of which prop        : 19.95 %
c [g 0] -> of which confl       :  0.96 %
c [g 0] elim called             : 68K
c [g 0] ---> which lead to prop : 26.18 %
c [g 0] ---> which lead to confl:  1.73 %
c [g 0] size: 53    x 465  
c [scc] new: 1 BP 0M T: 0.00
c [vrep] vars 1 lits 997 rem-bin-cls 6 rem-long-cls 0 BP 0M T: 0.01
c [scc] new: 0 BP 0M T: 0.00
c [vrep] vars 0 lits 0 rem-bin-cls 0 rem-long-cls 0 BP 0M T: 0.00
c [intree] Set 1 vars hyper-added: 32 trans-irred: 0 trans-red: 7 T: 0.02 T-out: N T-r: -2.82%
c [find&init matx] performing matrix init
c [gauss] XOR-encoding clauses are not detached, so no need to reattach them.
c [xor-rem-unconnected] left with 2022 xors from 2025 non-empty xors T: 0.00
c [xor-together] xored together: 1969 orig xors: 2022 new xors: 53 T: 0.00
c [xor-rem-unconnected] left with 53 xors from 53 non-empty xors T: 0.00
c [xor-clean-equiv] removed equivalent xors: 0 left with: 53
c [matrix] unused xors from cleaning: 3
c [matrix] Good   matrix 0 53      x463    density:0.1690  xorlen avg: 78.26
c [matrix] Using 1 matrices recovered from 0 xors T: 0.00 T-out: N
c rst  geom best vmt  394   115 K 2627    19910   939 4.09    4.00     1970  1897   45K   156 27.56   27.48  
c rst  geom best vmt  395   116 K 2627    19910   939 4.09    4.00     1971  1901   46K   156 27.45   27.37  
c [g  <0] Disabling GJ-elim in this round.  Usefulness was: 19.9967%  over 71917 calls
c rst  geom best vmt  396   116 K 2627    19910   939 4.09    4.00     1972  1925   46K   156 27.47   27.39  
c rst  geom best vmt  397   117 K 2627    19910   939 4.09    4.00     1974  1936   47K   156 27.38   27.30  
c rst  geom best vmt  398   118 K 2627    19910   939 4.09    4.00     1976  1955   47K   156 27.25   27.18  
c [branch] adjusting to: vsid (from: vmtf) var_decay:0.95 descr: VSIDS
c rst  geom stb  vs   399   118 K 2627    19910   939 4.09    4.00     1976  1955   47K   156 27.26   27.18  
c rst  geom stb  vs   400   118 K 2627    19910   939 4.09    4.00     1978  1958   48K   156 27.26   27.19  
c rst  geom stb  vs   401   118 K 2627    19910   939 4.09    4.00     1978  1958   48K   156 27.28   27.21  
c rst  geom stb  vs   402   118 K 2627    19910   939 4.09    4.00     1979  1959   48K   156 27.29   27.21  
c rst  geom stb  vs   403   118 K 2627    19910   939 4.09    4.00     1980  1960   48K   156 27.33   27.25  
c rst  geom stb  vs   404   118 K 2627    19910   939 4.09    4.00     1980  1960   48K   156 27.33   27.26  
c rst  geom stb  vs   405   119 K 2627    19910   939 4.09    4.00     1980  1961   48K   156 27.34   27.26  
c rst  geom stb  vs   406   119 K 2627    19910   939 4.09    4.00     1980  1961   49K   156 27.34   27.26  
c rst  geom stb  vs   407   119 K 2627    19910   939 4.09    4.00     1980  1964   49K   156 27.37   27.30  
c rst  geom stb  vs   408   119 K 2627    19910   939 4.09    4.00     1982  1967   49K   156 27.38   27.30  
c rst  geom stb  vs   409   120 K 2627    19910   939 4.09    4.00     2359  2787   35K   156 25.80   25.71  
c rst  geom stb  vs   410   120 K 2627    19910   939 4.09    4.00     2361  2789   36K   156 25.87   25.78  
c rst  geom stb  vs   411   120 K 2627    19910   939 4.09    4.00     2362  2790   36K   156 25.92   25.83  
c rst  geom stb  vs   412   121 K 2627    19910   939 4.09    4.00     2362  2795   37K   156 25.99   25.90  
c rst  geom stb  vs   413   121 K 2627    19910   939 4.09    4.00     2363  2797   37K   156 26.06   25.97  
c rst  geom stb  vs   414   121 K 2627    19910   939 4.09    4.00     2363  2797   37K   156 26.14   26.05  
c rst  geom stb  vs   415   122 K 2627    19910   939 4.09    4.00     2363  2797   38K   156 26.21   26.12  
c [full-probe]  bin_only: 0 set: 0 repl: 0 T: 0.01 T-out: N T-r: 96.95%
c rst  geom stb  vs   416   123 K 2627    19910   939 4.09    4.00     2363  2798   38K   156 26.26   26.18  
c rst  geom stb  vs   417   123 K 2627    19910   939 4.09    4.00     2363  2801   39K   156 26.32   26.23  
c rst  geom stb  vs   418   124 K 2627    19910   939 4.09    4.00     2366  2812   40K   156 26.31   26.23  
c rst  geom stb  vs   419   124 K 2627    19910   939 4.09    4.00     2366  2814   40K   156 26.38   26.30  
c rst  geom ibes vs   420   125 K 2627    19910   939 4.09    4.00     2367  2827   41K   156 26.57   26.49  
c rst  geom ibes vs   421   126 K 2627    19910   939 4.09    4.00     2371  2841   42K   156 26.58   26.50  
c rst  geom ibes vs   422   127 K 2627    19910   939 4.09    4.00     2377  2857   43K   156 26.68   26.60  
c [distill-long-red0] cls tried: 403/403 T: 0.06 T-out: N T-r: 98.11%
c [distill-long-red1] cls tried: 22/2668 T: 0.01 T-out: Y T-r: -4.52%
c [distill] watch-based irred--  cl tried 7290     cl-sh 0     cl-rem 0    lit-rem 0      T: 0.01 T-out: N
c [distill] watch-based red  --  cl tried 4753     cl-sh 40    cl-rem 1    lit-rem 72     T: 0.01 T-out: N
c rst  geom ibes vs   423   128 K 2627    19869   938 4.09    4.00     2378  2863   44K   152 26.77   26.69  
c rst  geom ibes vs   424   129 K 2627    19869   938 4.09    4.00     2379  2869   45K   152 26.83   26.75  
c rst  geom ibes vs   425   131 K 2627    19869   938 4.09    4.00     2445  2775   46K   152 26.86   26.79  
c rst  geom ibes vs   426   132 K 2627    19869   938 4.09    4.00     2447  2785   48K   152 26.83   26.76  
c [ccnr] tries: 0 steps: 262143 best found: 4
c [ccnr] tries: 0 steps: 524287 best found: 4
c [ccnr] tries: 0 steps: 786431 best found: 4
c [ccnr] saving best assignment phase to stable_polar
c [ccnr] bumping based on var unsat frequency: conflict_ct
c [ccnr] Bumped vars: 2938 bump type: 6
c [ccnr] time: 0.55
c rst  geom svd  vs   427   134 K 2627    19869   938 4.09    4.00     2451  2818   49K   152 27.39   27.32  
c rst  geom svd  vs   428   134 K 2627    19869   938 4.09    4.00     2452  2823   50K   152 27.44   27.37  
c recursive minimization cost OK: 425Kcost/(% lits removed)
c [gauss] XOR-encoding clauses are not detached, so no need to reattach them.
c [g 0] truth-find prop checks  : 51K
c [g 0] -> of which prop        : 19.21 %
c [g 0] -> of which confl       :  0.86 %
c [g 0] elim called             : 11843
c [g 0] ---> which lead to prop : 32.15 %
c [g 0] ---> which lead to confl:  1.87 %
c [g 0] size: 53    x 463  
c --> Executing strategy token: scc-vrepl
c [scc] new: 0 BP 0M T: 0.00
c --> Executing strategy token: sub-impl
c [impl-sub] bin: 2 T: 0.00 T-out: N w-visit: 5876
c --> Executing strategy token: breakid
c --> Executing OCC strategy token(s): 'occ-backw-sub-str,occ-clean-implicit,occ-bve,occ-bva,occ-ternary-res,occ-xor,'
c [occ] mem usage for occur 1      MB
c [occ] Linked in IRRED BIN by default: 937
c [occ] Linked in RED   BIN by default: 151
c [occ] mem usage for occur 0      MB
c Mem for watch alloc      : 8           MB (22.87     %)
c Mem for watch array      : 0           MB (0.38      %)
c --> Executing OCC strategy token: occ-backw-sub-str
c [occ-backw-sub-str-long-w-bins] subs: 0 str: 47 tried: 5519 0-depth ass: 0 T: 0.00 T-out: N T-r: 99.57%
c [occ-backw-sub-long-w-long] rem cl: 754 tried: 75321/75321 (100.0%) T: 0.02 T-out: N T-r: 90.19%
c [occ-backw-sub-str-long-w-long] sub: 4 str: 113 tried: 225963/75321 (300.0)  T: 0.10 T-out: N T-r: 80.72%
c --> Executing OCC strategy token: occ-clean-implicit
c --> Executing OCC strategy token: occ-bve
c [occ-empty-res] Empty resolvent elimed: 0 T: 0.00 T-out: N
c [occ-bve] iter v-elim 0
c cl_inc_rate=1.0, var_dec_rate=1.0 (grow=0)
c Reduced to 2627 vars, 20352 cls (grow=0)
c [occ-bve] iter v-elim 17
c cl_inc_rate=1.0, var_dec_rate=1.0 (grow=8)
c Reduced to 2610 vars, 20383 cls (grow=8)
c x n vars       : 2610
c #try to eliminate:  5317
c #var-elim        :    17
c #T-o: N
c #T-r: 99.99%
c #T  : 0.10
c [occur] 0.04 is overhead
c [occur] link-in T: 0.04 cleanup T: 0.00
c --> Executing OCC strategy token: occ-bva
c --> Executing OCC strategy token: occ-ternary-res
c [occ-ternary-res] Ternary res-tri: 6 res-bin: 0 sub: 1 str: 0 T: 0.00 T-out: N T-r: 99.68%
c --> Executing OCC strategy token: occ-xor
c [occ-xor] sort occur list T: 0.00
c [xor-clean-equiv] removed equivalent xors: 0 left with: 2013
c [occ-xor] found   2013 avg sz 4.0 min sz  4 max sz  5 T: 0.01 T-out: N T-r: 99.98%
c --> Executing strategy token: card-find
c --> Executing strategy token: cl-consolidate
c Not consolidating memory.
c --> Executing strategy token: scc-vrepl
c [scc] new: 0 BP 0M T: 0.00
c --> Executing strategy token: renumber
c --> Executing strategy token: bosphorus
c --> Executing strategy token: louvain-comms
c [consolidate] mini T: 0.00
c global_timeout_multiplier: 3.6300
c [branch] rebuilding order heap for all branchings. Current branching: vsid
c [find&init matx] performing matrix init
c [gauss] XOR-encoding clauses are not detached, so no need to reattach them.
c [xor-rem-unconnected] left with 2010 xors from 2013 non-empty xors T: 0.00
c [xor-together] xored together: 1957 orig xors: 2010 new xors: 53 T: 0.00
c [xor-rem-unconnected] left with 53 xors from 53 non-empty xors T: 0.00
c [xor-clean-equiv] removed equivalent xors: 0 left with: 53
c [matrix] unused xors from cleaning: 3
c [matrix] Good   matrix  0     53 x  462  density:0.1692  xorlen avg: 78.19
c [matrix] Using 1 matrices recovered from 0 xors T: 0.00 T-out: N
c [distill-bin] useful: 4/923/923 lits-rem: 0 cl-rem: 4 0-depth-assigns: 0 T: 0.01 T-out: N
c rst  geom  svd   vs   429  135K    2610 19460   919    4.10    4.01  2136  2924   37K   147   25.41   25.33
c [branch] adjusting to: vmtf (from: vsid) var_decay:0.95 descr: VMTF
c rst  luby  svd  vmt   430  135K    2610 19460   919    4.10    4.01  2149  2972   37K   147   25.40   25.32
c rst  luby  svd  vmt   431  135K    2610 19460   919    4.10    4.01  2150  2975   37K   147   25.40   25.32
c rst  luby  svd  vmt   432  136K    2610 19460   919    4.10    4.01  2152  2977   38K   147   25.41   25.33
c rst  luby  svd  vmt   433  136K    2610 19460   919    4.10    4.01  2153  2985   38K   147   25.41   25.33
c rst  luby  svd  vmt   434  136K    2610 19460   919    4.10    4.01  2153  2987   38K   147   25.42   25.34
c rst  luby  svd  vmt   435  136K    2610 19460   919    4.10    4.01  2153  2990   38K   147   25.38   25.30
c rst  luby  svd  vmt   436  136K    2610 19460   919    4.10    4.01  2153  2995   38K   147   25.31   25.23
c rst  luby  svd  vmt   437  137K    2610 19460   919    4.10    4.01  2155  2996   39K   147   25.29   25.21
c rst  luby  svd  vmt   438  137K    2610 19460   919    4.10    4.01  2155  2998   39K   147   25.27   25.20
c rst  luby  svd  vmt   439  137K    2610 19460   919    4.10    4.01  2156  2999   39K   147   25.25   25.17
c rst  luby  svd  vmt   440  137K    2610 19460   919    4.10    4.01  2156  2999   39K   147   25.24   25.16
c rst  luby  svd  vmt   441  137K    2610 19460   919    4.10    4.01  2156  2999   39K   147   25.23   25.16
c rst  luby  svd  vmt   442  137K    2610 19460   919    4.10    4.01  2156  3000   39K   147   25.22   25.14
c rst  luby  svd  vmt   443  138K    2610 19460   919    4.10    4.01  2156  3005   40K   147   25.17   25.10
c rst  luby  svd  vmt   444  138K    2610 19460   919    4.10    4.01  2159  3033   40K   147   25.07   24.99
c rst  geom best  vmt   445  139K    2610 19460   919    4.10    4.01  2159  3034   41K   147   25.06   24.99
c rst  geom best  vmt   446  139K    2610 19460   919    4.10    4.01  2160  3037   41K   147   25.04   24.97
c rst  geom best  vmt   447  139K    2610 19460   919    4.10    4.01  2160  3037   41K   147   25.02   24.94
c rst  geom best  vmt   448  139K    2610 19460   919    4.10    4.01  2160  3039   41K   147   24.99   24.91
c rst  geom best  vmt   449  139K    2610 19460   919    4.10    4.01  2160  3041   41K   147   24.97   24.90
c rst  geom best  vmt   450  139K    2610 19460   919    4.10    4.01  2161  3042   41K   147   24.93   24.86
c rst  geom best  vmt   451  140K    2610 19460   919    4.10    4.01  2273  2900   42K   147   24.90   24.83
c rst  geom best  vmt   452  140K    2610 19460   919    4.10    4.01  2273  2909   42K   147   24.86   24.79
c rst  geom best  vmt   453  140K    2610 19460   919    4.10    4.01  2273  2917   42K   147   24.82   24.75
c rst  geom best  vmt   454  140K    2610 19460   919    4.10    4.01  2273  2925   42K   147   24.76   24.69
c rst  geom best  vmt   455  141K    2610 19460   919    4.10    4.01  2273  2932   42K   147   24.69   24.62
c rst  geom best  vmt   456  141K    2610 19460   919    4.10    4.01  2273  2937   43K   147   24.66   24.59
c rst  geom best  vmt   457  141K    2610 19460   919    4.10    4.01  2273  2944   43K   147   24.60   24.53
c rst  geom best  vmt   458  142K    2610 19460   919    4.10    4.01  2273  2949   43K   147   24.54   24.47
c rst  geom best  vmt   459  142K    2610 19460   919    4.10    4.01  2275  3013   44K   147   24.43   24.36
c rst  geom best  vmt   460  142K    2610 19460   919    4.10    4.01  2275  3019   44K   147   24.34   24.27
c [distill-long-red0] cls tried: 282/282 T: 0.04 T-out: N T-r: 98.89%
c [distill-long-red1] cls tried: 19/2827 T: 0.01 T-out: Y T-r: -8.25%
c [full-probe]  bin_only: 1 set: 0 repl: 0 T: 0.02 T-out: N T-r: 99.38%
c rst  geom best  vmt   461  143K    2609 19460   919    4.10    4.01  2273  3029   45K   148   24.21   24.15
c rst  geom best  vmt   462  143K    2609 19460   919    4.10    4.01  2273  3043   45K   148   24.08   24.02
c rst  geom best  vmt   463  144K    2609 19460   919    4.10    4.01  2274  3073   46K   148   24.00   23.93
c rst  geom best  vmt   464  145K    2609 19460   919    4.10    4.01  2276  3094   47K   148   23.92   23.86
c rst  geom best  vmt   465  145K    2609 19460   919    4.10    4.01  2276  3113   47K   148   23.84   23.78
c rst  geom  stb  vmt   466  146K    2609 19460   919    4.10    4.01  2276  3118   48K   148   24.04   23.98
c rst  geom  stb  vmt   467  147K    2609 19460   919    4.10    4.01  2290  3289   49K   148   23.97   23.91
c rst  geom  stb  vmt   468  148K    2609 19460   919    4.10    4.01  2290  3365   50K   148   23.85   23.79
c rst  geom  stb  vmt   469  149K    2609 19460   919    4.10    4.01  2291  3387   51K   148   23.70   23.65
c rst  geom  stb  vmt   470  150K    2609 19460   919    4.10    4.01  2671  4361   36K   148   22.74   22.67
c rst  geom  stb  vmt   471  152K    2609 19460   919    4.10    4.01  2671  4388   38K   148   22.46   22.39
c rst  geom  stb  vmt   472  153K    2609 19460   919    4.10    4.01  2674  4418   39K   148   22.19   22.13
c [distill] watch-based irred--  cl tried     6422 cl-sh     0 cl-rem    0 lit-rem      0 T: 0.01 T-out: N
c [distill] watch-based   red--  cl tried     5348 cl-sh    73 cl-rem    0 lit-rem    144 T: 0.01 T-out: N
c rst  geom ibes  vmt   473  154K    2609 19423   918    4.10    4.00  2676  4449   40K   147   21.98   21.92
c ------- FINAL TOTAL SEARCH STATS ---------
c UIP search time          : 25.05       (97.81     % time)
c All times are for this thread only except if explicitly specified
c restarts                 : 473         (326.97    confls per restart)
c blocked restarts         : 0           (0.00      per normal restart)
c time                     : 25.05       
c decisions                : 173035      (0.00      % random)
c propagations             : 20M         (802K      props/s)
c decisions/conflicts      : 1.12        
c conflicts                : 154657      
c LEARNT stats
c units learnt             : 0           (0.00      % of conflicts)
c bins learnt              : 86          (0.06      % of conflicts)
c long learnt              : 155093      (100.28    % of conflicts)
c red which0               : 616         (0.40      % of confl)
c SEAMLESS HYPERBIN&TRANS-RED stats
c advProp called           : 0           
c hyper-bin add bin        : 0           (0.00      bin/call)
c trans-red rem irred bin  : 0           (0.00      bin/call)
c trans-red rem red bin    : 0           (0.00      bin/call)
c CONFL LITS stats
c orig                     : 26928507    (174.12    lit/confl)
c recurs-min effective     : 143007      (92.47     % attempt successful)
c recurs-min lits          : 21640492    (80.36     % less overall)
c permDiff call%           : 2.44        (0.00      % attempt successful)
c permDiff lits-rem        : 0           (0.00      less lits/cl on attempts)
c further-min call%        : 0.04        (19.67     % attempt successful)
c bintri-min lits          : 33          (0.00      % less overall)
c final avg                : 34.19       
c all-threads sum CPU time : 25.05        s
c PROP stats
c Mbogo-props              : 71.45       (2.85      / sec)
c MHyper-props             : 0.06        (0.00      / sec)
c Mprops                   : 20.12       (0.80      / sec)
c -------- OccSimplifier STATS ----------
c time                     : 0.39        (0.00      % var-elim)
c called                   : 2           (0.19      s per call)
c 0-depth assigns          : 0           (0.00      % vars)
c -------- OccSimplifier STATS END ----------
c -------- SubsumeStrengthen STATS ----------
c cl-subs                  : 880          Clauses
c cl-str rem lit           : 231          Lits
c cl-sub T                 : 0.05         s
c cl-str T                 : 0.22         s
c -------- SubsumeStrengthen STATS END ----------
c ----- SCC STATS --------
c time                     : 0.00        (0.00      per call)
c called                   : 8           (1.38      new found per call)
c found                    : 11          (50.00     % of all found)
c bogoprops                : 290398      % of all found
c ----- SCC STATS END --------
c --------- VAR REPLACE STATS ----------
c time                     : 0.06        (0.01      per call)
c trees' crown             : 11          (0.37      % of vars)
c 0-depth assigns          : 0           (0.00      % vars)
c lits replaced            : 22328       
c bin cls removed          : 49          
c long cls removed         : 12          
c long lits removed        : 1780        
c bogoprops                : 1172232     
c --------- VAR REPLACE STATS END ----------
c vrep replace time        : 0.06        (0.25      % time)
c vrep tree roots          : 6           
c vrep trees' crown        : 11          (1.83      leafs/tree)
c -------- DISTILL-BIN STATS --------
c time                     : 0.09        (0.01      per call)
c timed out                : 2           (28.57     % of calls)
c distill/checked/potential: 0          /8214/8679
c lits-rem                 : 0           
c 0-depth-assigns          : 0           (0.00      % of vars)
c -------- DISTILL STATS END --------
c -------- STRENGTHEN STATS --------
c --> watch-based on irred cls
c time                     : 0.04        (0.00      s/call)
c shrinked/tried/total     : 161        /31745/231257
c subsumed/tried/total     : 172        /31745/231257
c lits-rem                 : 166         (0.12      % of lits tried)
c called                   : 12          (0.00      % ran out of time)
c --> watch-based on red cls
c time                     : 0.03        (0.00      s/call)
c shrinked/tried/total     : 427        /16475/16475
c subsumed/tried/total     : 1          /16475/16475
c lits-rem                 : 912         (0.83      % of lits tried)
c called                   : 12          (0.00      % ran out of time)
c -------- STRENGTHEN STATS END --------
c -------- IMPLICIT SUB  STATS --------
c time                     : 0.01        (0.00      per call)
c timed out                : 0           (0.00      % of calls)
c rem bins                 : 35          
c -------- IMPLICIT SUB STATS END --------
c Mem used                 : 37          MB
c Mem for longclauses      : 9           MB (24.03     %)
c Mem for watch alloc      : 9           MB (25.04     %)
c Mem for watch array      : 0           MB (0.36      %)
c Mem for assings&vardata  : 0           MB (0.20      %)
c Mem for search&solve     : 0           MB (0.58      %)
c Mem for renumberer       : 0           MB (0.07      %)
c Mem for occsimplifier    : 0           MB (1.93      %)
c Mem for varReplacer&SCC  : 0           MB (0.17      %)
c Mem for impl subsume     : 0           MB (0.00      %)
c Mem for 3 distills       : 0           MB (0.00      %)
c Accounted for mem (rss)  : 52.37       %
c Accounted for mem (vm)   : 43.04       %
c restarts                 : 473         (326.97    confls per restart)
c blocked restarts         : 0           (0.00      per normal restart)
c time                     : 25.05       
c decisions                : 173035      (0.00      % random)
c propagations             : 20M         (802K      props/s)
c decisions/conflicts      : 1.12        
c conflicts                : 154657      
c conf lits non-minim      : 26928507    (174.12    lit/confl)
c conf lits final          : 34.19       
c red which0               : 616         (0.40      % of confl)
c props/decision           : 0.00        
c props/conflict           : 0.00        
c 0-depth assigns          : 4           (0.14      % vars)
c 0-depth assigns by CNF   : 2           (0.07      % vars)
c reduceDB time            : 0.05        (0.19      % time)
c OccSimplifier time       : 0.39        (1.51      % time)
c [occur] 0.10 is overhead
c [occur] link-in T: 0.08 cleanup T: 0.02
c [occ-substr] long subBySub: 872 subByStr: 8 lits-rem-str: 231 T: 0.27
c SCC time                 : 0.00        (0.01      % time)
c [scc] new: 11 BP 0M  T: 0.00
c vrep replace time        : 0.06        (0.25      % time)
c vrep tree roots          : 6           
c vrep trees' crown        : 11          (1.83      leafs/tree)
c distill long time        : 0.43        (1.69      % time)
c distill bin time         : 0.09        (0.33      % time)
c strength cache-irred time: 0.04        (0.17      % time)
c strength cache-red time  : 0.03        (0.12      % time)
c avg cls in red 0         : 1096.99     
c avg cls in red 1         : 1448.44     
c avg cls in red 2         : 32840.33    
c Conflicts in UIP         : 154657      (6038.64   confl/time_this_thread)
c Max Memory (rss) used    : 38644 kB    
c Total time (this thread) : 25.61       
s SATISFIABLE
v -1 -2 3 4 5 6 -7 -8 9 -10 -11 -12 13 14 -15 -16 -17 18 -19 -20 -21 -22 -23 -24 
v -25 -26 -27 -28 -29 -30 -31 -32 33 -34 -35 -36 -37 -38 39 -40 -41 -42 -43 -44 
v 45 -46 -47 -48 -49 -50 51 -52 -53 -54 -55 -56 -57 -58 -59 -60 -61 -62 -63 -64 
v -65 -66 67 68 -69 -70 -71 72 73 74 -75 -76 -77 78 79 80 -81 -82 -83 84 85 86 
v -87 -88 -89 90 -91 -92 -93 -94 -95 -96 -97 -98 -99 -100 -101 -102 103 104 -105 
v -106 -107 108 -109 -110 -111 -112 -113 -114 -115 -116 -117 -118 -119 -120 
v -121 -122 -123 -124 -125 -126 -127 -128 -129 -130 -131 -132 -133 -134 -135 
v -136 -137 -138 -139 -140 -141 -142 -143 -144 -145 -146 -147 -148 -149 -150 
v -151 -152 -153 -154 -155 -156 -157 -158 -159 -160 -161 -162 -163 -164 -165 
v -166 -167 -168 -169 -170 -171 -172 -173 -174 -175 -176 -177 -178 -179 -180 
v -181 -182 -183 -184 -185 -186 -187 -188 -189 -190 -191 -192 -193 -194 -195 
v -196 -197 -198 -199 -200 -201 -202 -203 -204 -205 -206 -207 -208 -209 -210 
v 211 212 -213 -214 -215 216 -217 -218 -219 -220 -221 -222 -223 -224 -225 -226 
v -227 -228 -229 -230 -231 -232 -233 -234 -235 -236 -237 -238 -239 -240 -241 
v -242 -243 -244 -245 -246 247 248 -249 -250 -251 252 -253 -254 -255 -256 -257 
v -258 -259 -260 -261 -262 -263 -264 -265 -266 -267 -268 -269 -270 -271 -272 
v -273 -274 -275 -276 -277 -278 -279 -280 -281 -282 283 284 -285 -286 -287 288 
v -289 -290 -291 -292 -293 -294 -295 -296 -297 -298 -299 -300 -301 -302 -303 
v -304 -305 -306 -307 -308 -309 -310 -311 -312 -313 -314 -315 -316 -317 -318 
v 319 320 -321 -322 -323 324 -325 -326 -327 -328 -329 -330 -331 -332 -333 -334 
v -335 -336 -337 -338 -339 -340 -341 -342 343 344 -345 346 347 -348 -349 -350 
v -351 352 353 354 -355 356 357 358 359 -360 -361 -362 -363 364 -365 -366 -367 
v 368 369 370 371 372 -373 -374 -375 -376 -377 -378 -379 380 -381 -382 -383 384 
v 385 386 387 388 -389 -390 -391 -392 -393 -394 -395 396 -397 -398 -399 400 401 
v 402 403 404 -405 -406 -407 -408 -409 -410 -411 -412 -413 -414 -415 -416 -417 
v -418 -419 -420 -421 -422 -423 -424 -425 -426 -427 428 -429 -430 -431 432 433 
v 434 435 436 -437 -438 -439 -440 -441 -442 -443 444 -445 -446 -447 448 449 450 
v 451 452 -453 -454 -455 -456 -457 -458 -459 -460 -461 -462 -463 -464 -465 -466 
v -467 -468 -469 -470 -471 -472 -473 -474 -475 -476 -477 -478 -479 -480 -481 
v -482 -483 -484 -485 -486 -487 -488 -489 -490 -491 -492 -493 -494 -495 -496 
v -497 -498 -499 -500 -501 -502 -503 -504 -505 -506 -507 -508 -509 -510 -511 
v -512 -513 -514 -515 -516 -517 -518 -519 -520 -521 -522 -523 524 -525 -526 
v -527 528 529 530 531 532 -533 -534 -535 -536 -537 -538 -539 540 -541 -542 
v -543 544 545 546 547 548 -549 -550 -551 -552 -553 -554 -555 556 -557 -558 
v -559 560 561 562 563 564 -565 -566 -567 -568 -569 -570 -571 -572 -573 -574 
v -575 -576 -577 -578 -579 -580 -581 -582 -583 -584 -585 -586 -587 588 -589 
v -590 -591 592 593 594 595 596 -597 -598 -599 -600 -601 -602 -603 604 -605 
v -606 -607 608 609 610 611 612 -613 -614 -615 -616 -617 -618 -619 620 -621 
v -622 -623 624 625 626 627 628 -629 -630 -631 -632 -633 -634 -635 636 -637 
v -638 -639 640 641 642 643 644 -645 -646 -647 -648 -649 -650 -651 -652 -653 
v -654 -655 -656 -657 -658 -659 -660 -661 -662 -663 -664 -665 -666 -667 -668 
v -669 -670 -671 -672 -673 -674 -675 -676 -677 -678 -679 -680 -681 -682 -683 
v -684 -685 -686 -687 -688 -689 -690 -691 -692 -693 -694 -695 -696 -697 -698 
v -699 -700 -701 -702 -703 -704 705 706 707 708 709 -710 -711 -712 -713 -714 
v -715 -716 -717 -718 -719 -720 -721 -722 -723 -724 -725 -726 -727 -728 -729 
v -730 -731 -732 -733 -734 -735 -736 -737 -738 -739 740 741 742 743 -744 -745 
v -746 747 748 749 -750 -751 -752 753 754 -755 -756 -757 758 -759 -760 -761 
v -762 -763 -764 -765 -766 -767 768 769 770 771 772 -773 -774 -775 -776 -777 
v -778 779 780 781 -782 -783 -784 -785 -786 -787 -788 -789 -790 -791 -792 -793 
v -794 -795 -796 -797 -798 -799 -800 -801 -802 -803 -804 -805 0
c [g 0] truth-find prop checks  : 946K
c [g 0] -> of which prop        : 19.94 %
c [g 0] -> of which confl       :  0.89 %
c [g 0] elim called             : 212K
c [g 0] ---> which lead to prop : 30.39 %
c [g 0] ---> which lead to confl:  1.66 %
c [g 0] size: 53    x 462  

real	0m25.866s
user	0m25.612s
sys	0m0.037s
