c BreakID not compiled in, disabling
c CryptoMiniSat version 5.11.19
c CMS Copyright (C) 2009-2020 Authors of CryptoMiniSat, see AUTHORS file
c CMS SHA revision b80e09ebd7703fc13b987401d693d7d406a50441
c Using VMTF code by Armin Biere from CaDiCaL
c Using Yalsat by Armin Biere, see Balint et al. Improving implementation of SLS solvers [...], SAT'14
c Using WalkSAT by Henry Kautz, see Kautz and Selman Pushing the envelope: planning, propositional logic, and stochastic search, AAAI'96,
c CMS is MIT licensed
c Using code from 'When Boolean Satisfiability Meets Gauss-E. in a Simplex Way'
c       by C.-S. Han and J.-H. Roland Jiang in CAV 2012. Fixes by M. Soos
c Using CCAnr from 'CCAnr: A Conf. Checking Based Local Search Solver [...]'
c       by Shaowei Cai, Chuan Luo, and Kaile Su, SAT 2015
c CMS compilation env CMAKE_CXX_COMPILER = /usr/bin/c++ | CMAKE_CXX_FLAGS =  -fvisibility=hidden -Wall -Wextra -Wunused -Wsign-compare -fno-omit-frame-pointer -Wtype-limits -Wuninitialized -Wno-deprecated -Wstrict-aliasing -Wpointer-arith -Wpointer-arith -Wformat-nonliteral -Winit-self -Wparentheses -Wunreachable-code -g -Wno-class-memaccess -mpopcnt -msse4.2 -ggdb3 -Wlogical-op -Wrestrict -Wnull-dereference -Wdouble-promotion -Wshadow -Wformat=2 -Wextra-semi -pedantic | COMPILE_DEFINES =  -DRDB0_ONLY_FEATURES -DUSE_ZLIB -DYALSAT_FPU | STATICCOMPILE = OFF | ONLY_SIMPLE =  | STATS = OFF | SQLITE3_FOUND =  | ZLIB_FOUND = TRUE | VALGRIND_FOUND =  | ENABLE_TESTING = OFF | SLOW_DEBUG = OFF | ENABLE_ASSERTIONS = ON | PYTHON_EXECUTABLE =  | PYTHON_LIBRARY =  | PYTHON_INCLUDE_DIRS =  | MY_TARGETS =  | LARGEMEM = OFF | LIMITMEM = OFF | BREAKID_LIBRARIES =  | BREAKID-VER = . | BOSPHORUS_LIBRARIES =  | BOSPH-VER = . | compilation date time = Jul 13 2026 14:05:03
c CMS compiled with gcc version 11.5.0 20240719 (Red Hat 11.5.0-5)
c Executed with command line: ./cryptominisat5 ./instancesBreak/IC_S4/Xn19l6-324-S.dimacs_break.cnf
c Reading file './instancesBreak/IC_S4/Xn19l6-324-S.dimacs_break.cnf'
c -- header says num vars:            810
c -- header says num clauses:        2544
c -- clauses added: 2492
c -- xor clauses added: 52
c -- vars added 810
c Parsing time: 0.00 s
c [find&init matx] performing matrix init
c [gauss] XOR-encoding clauses are not detached, so no need to reattach them.
c [xor-rem-unconnected] left with 50 xors from 50 non-empty xors T: 0.00
c [xor-together] xored together: 0 orig xors: 50 new xors: 50 T: 0.00
c [xor-rem-unconnected] left with 50 xors from 50 non-empty xors T: 0.00
c [xor-clean-equiv] removed equivalent xors: 0 left with: 50
c [matrix] unused xors from cleaning: 0
c [matrix] Good   matrix  0     50 x  765  density:0.1113  xorlen avg: 85.16
c [matrix] Using 1 matrices recovered from 0 xors T: 0.00 T-out: N
c [branch] adjusting to: vsid (from: vsid) var_decay:0.95 descr: VSIDS
c rst  geom  stb   vs     1   118    2848 17469  1657    3.96    3.79     3    23    75    17  135.87  116.58
c rst  geom  stb   vs     2   240    2848 17469  1657    3.96    3.79     6    33   184    17  101.87   94.79
c  res  pol bran  nres  conf freevar  IrrL  IrrB l/longC  l/allC RedL0 RedL1 RedL2  RedB l/longC  l/allC
c rst  geom  stb   vs     3   375    2848 17469  1657    3.96    3.79     6    34   318    17   83.63   79.93
c rst  geom  stb   vs     4   523    2848 17469  1657    3.96    3.79     6    34   465    18   74.97   72.46
c rst  geom  stb   vs     5   685    2848 17469  1657    3.96    3.79     6    35   625    19   73.71   71.72
c rst  geom  stb   vs     6   862    2848 17469  1657    3.96    3.79     6    36   800    20   75.92   74.21
c rst  geom  stb   vs     7  1057    2848 17469  1657    3.96    3.79     6    36   995    20   73.21   71.86
c rst  geom  stb   vs     8  1270    2848 17469  1657    3.96    3.79     6    37  1207    20   72.88   71.76
c rst  geom  stb   vs     9  1505    2848 17469  1657    3.96    3.79     6    38  1440    21   72.33   71.35
c rst  geom  stb   vs    10  1763    2848 17469  1657    3.96    3.79     6    38  1698    21   70.72   69.90
c rst  geom  stb   vs    11  2046    2848 17469  1657    3.96    3.79     7    39  1979    21   73.56   72.82
c rst  geom  stb   vs    12  2357    2848 17469  1657    3.96    3.79     8    39  2288    22   72.10   71.45
c rst  geom  stb   vs    13  2697    2848 17469  1657    3.96    3.79     8    39  2627    23   71.54   70.95
c rst  geom  stb   vs    14  3070    2848 17469  1657    3.96    3.79    13    42  2992    23   72.56   72.03
c rst  geom  stb   vs    15  3480    2848 17469  1657    3.96    3.79    13    42  3402    23   69.41   68.96
c rst  geom  stb   vs    16  3931    2848 17469  1657    3.96    3.79    13    43  3852    23   66.87   66.49
c rst  geom  stb   vs    17  4425    2848 17469  1657    3.96    3.79    13    45  4344    23   64.84   64.51
c rst  geom  stb   vs    18  4968    2848 17469  1657    3.96    3.79    13    45  4887    23   62.43   62.15
c rst  geom  stb   vs    19  5566    2848 17469  1657    3.96    3.79    13    45  5485    23   61.06   60.82
c [branch] adjusting to: vmtf (from: vsid) var_decay:0.95 descr: VMTF
c [distill-long-red0] cls tried: 13/13 T: 0.00 T-out: N T-r: 100.00%
c [distill-long-red1] cls tried: 45/45 T: 0.00 T-out: N T-r: 96.19%
c rst  luby ibes  vmt    20  5667    2848 17469  1657    3.96    3.79    26    59  5557    25   60.40   60.15
c rst  luby ibes  vmt    21  5769    2848 17469  1657    3.96    3.79    30    87  5627    25   61.18   60.93
c rst  luby ibes  vmt    22  5971    2848 17469  1657    3.96    3.79    31    91  5847    26   60.78   60.53
c rst  luby ibes  vmt    23  6073    2848 17469  1657    3.96    3.79    31    99  5943    26   59.92   59.68
c rst  luby ibes  vmt    24  6174    2848 17469  1657    3.96    3.79    31   101  6042    27   59.47   59.22
c rst  luby ibes  vmt    25  6376    2848 17469  1657    3.96    3.79    32   210  6140    27   57.84   57.60
c rst  luby ibes  vmt    26  6778    2848 17469  1657    3.96    3.79    35   362  6434    27   55.22   55.01
c rst  luby ibes  vmt    27  6879    2848 17469  1657    3.96    3.79    35   377  6522    27   55.11   54.90
c rst  luby ibes  vmt    28  6981    2848 17469  1657    3.96    3.79    36   381  6628    27   54.79   54.58
c rst  luby ibes  vmt    29  7182    2848 17469  1657    3.96    3.79    38   457  6753    27   53.47   53.28
c rst  luby ibes  vmt    30  7284    2848 17469  1657    3.96    3.79    39   468  6845    27   53.28   53.09
c rst  luby ibes  vmt    31  7385    2848 17469  1657    3.96    3.79    40   473  6939    28   53.18   52.99
c rst  luby ibes  vmt    32  7586    2848 17469  1657    3.96    3.79    40   485  7128    28   52.99   52.80
c rst  luby ibes  vmt    33  7987    2848 17469  1657    3.96    3.79    47   503  7505    28   53.48   53.30
c rst  luby ibes  vmt    34  8788    2848 17469  1657    3.96    3.79    50   539  8310    28   54.40   54.24
c rst  luby ibes  vmt    35  8889    2848 17469  1657    3.96    3.79    51   542  8407    28   54.49   54.33
c rst  luby ibes  vmt    36  8990    2848 17469  1657    3.96    3.79    53   547  8501    28   54.36   54.20
c rst  luby ibes  vmt    37  9192    2848 17469  1657    3.96    3.79    54   557  8692    28   54.10   53.94
c rst  luby ibes  vmt    38  9294    2848 17469  1657    3.96    3.79    57   563  8785    28   53.98   53.83
c rst  luby ibes  vmt    39  9395    2848 17469  1657    3.96    3.79    58   597  8871    28   53.71   53.56
c rst  luby ibes  vmt    40  9596    2848 17469  1657    3.96    3.79    60   604  9065    28   53.68   53.53
c rst  luby ibes  vmt    41  9997    2848 17469  1657    3.96    3.79    62   624  9455    28   53.95   53.81
c rst  luby ibes  vmt    42 10098    2848 17469  1657    3.96    3.79   201   489  9552    28   53.86   53.72
c rst  luby ibes  vmt    43 10199    2848 17469  1657    3.96    3.79   201   492  9650    28   53.82   53.68
c rst  luby ibes  vmt    44 10400    2848 17469  1657    3.96    3.79   204   500  9840    28   53.69   53.55
c rst  luby ibes  vmt    45 10502    2848 17469  1657    3.96    3.79   204   502  9939    29   53.62   53.48
c rst  luby ibes  vmt    46 10604    2848 17469  1657    3.96    3.79   205   505 10037    29   53.58   53.44
c rst  luby ibes  vmt    47 10805    2848 17469  1657    3.96    3.79   209   521 10230    29   53.39   53.25
c rst  luby  svd  vmt    48 11207    2848 17469  1657    3.96    3.79   215   530 10615    31   55.85   55.70
c rst  luby  svd  vmt    49 12008    2848 17469  1657    3.96    3.79   220   553 11388    31   56.51   56.38
c [branch] adjusting to: vsid (from: vmtf) var_decay:0.95 descr: VSIDS
c [distill-bin] useful: 14/1657/1657 lits-rem: 0 cl-rem: 14 0-depth-assigns: 0 T: 0.01 T-out: N
c rst  geom  svd   vs    50 12120    2848 17469  1643    3.96    3.79   220   553 11500    31   56.42   56.28
c rst  geom  svd   vs    51 12242    2848 17469  1643    3.96    3.79   220   553 11622    31   56.25   56.12
c rst  geom  svd   vs    52 12377    2848 17469  1643    3.96    3.79   220   554 11756    31   56.08   55.95
c rst  geom  svd   vs    53 12525    2848 17469  1643    3.96    3.79   220   554 11904    31   55.80   55.67
c rst  geom  svd   vs    54 12686    2848 17469  1643    3.96    3.79   220   554 12065    31   55.57   55.44
c rst  geom  svd   vs    55 12864    2848 17469  1643    3.96    3.79   220   554 12243    31   55.19   55.07
c rst  geom  svd   vs    56 13058    2848 17469  1643    3.96    3.79   220   554 12437    31   54.81   54.68
c rst  geom  svd   vs    57 13272    2848 17469  1643    3.96    3.79   220   554 12651    31   54.40   54.28
c rst  geom  svd   vs    58 13507    2848 17469  1643    3.96    3.79   220   554 12886    31   54.27   54.15
c rst  geom  svd   vs    59 13765    2848 17469  1643    3.96    3.79   220   554 13144    31   54.30   54.19
c rst  geom  svd   vs    60 14048    2848 17469  1643    3.96    3.79   222   555 13424    31   54.38   54.26
c rst  geom  svd   vs    61 14359    2848 17469  1643    3.96    3.79   222   555 13734    32   54.68   54.56
c rst  geom  svd   vs    62 14699    2848 17469  1643    3.96    3.79   222   555 14073    33   54.57   54.46
c rst  geom  svd   vs    63 15072    2848 17469  1643    3.96    3.79   247  1151 12740    33   52.41   52.29
c rst  geom  svd   vs    64 15482    2848 17469  1643    3.96    3.79   247  1151 13150    33   52.31   52.20
c rst  geom  svd   vs    65 15933    2848 17469  1643    3.96    3.79   247  1151 13601    33   52.13   52.02
c rst  geom  svd   vs    66 16428    2848 17469  1643    3.96    3.79   247  1151 14096    33   51.61   51.50
c rst  geom best   vs    67 16972    2848 17469  1643    3.96    3.79   248  1152 14636    35   52.20   52.09
c rst  geom best   vs    68 17569    2848 17469  1643    3.96    3.79   248  1152 15233    35   53.38   53.27
c rst  geom best   vs    69 18226    2848 17469  1643    3.96    3.79   248  1156 15885    36   53.56   53.45
c [branch] adjusting to: vmtf (from: vsid) var_decay:0.95 descr: VMTF
c rst  luby best  vmt    70 18327    2848 17469  1643    3.96    3.79   250  1160 15979    37   53.71   53.60
c rst  luby best  vmt    71 18428    2848 17469  1643    3.96    3.79   253  1164 16073    37   54.16   54.05
c rst  luby best  vmt    72 18631    2848 17469  1643    3.96    3.79   257  1169 16264    40   54.26   54.14
c rst  luby best  vmt    73 18733    2848 17469  1643    3.96    3.79   258  1175 16359    40   54.41   54.29
c rst  luby best  vmt    74 18834    2848 17469  1643    3.96    3.79   260  1180 16449    44   54.64   54.51
c rst  luby best  vmt    75 19035    2848 17469  1643    3.96    3.79   273  1182 16633    46   54.92   54.78
c rst  luby best  vmt    76 19437    2848 17469  1643    3.96    3.79   281  1185 17024    46   55.52   55.38
c rst  luby best  vmt    77 19539    2848 17469  1643    3.96    3.79   289  1194 17108    47   55.54   55.41
c rst  luby best  vmt    78 19641    2848 17469  1643    3.96    3.79   292  1200 17201    47   55.61   55.47
c rst  luby best  vmt    79 19842    2848 17469  1643    3.96    3.79   292  1203 17396    50   55.91   55.77
c rst  luby best  vmt    80 19945    2848 17469  1643    3.96    3.79   296  1206 17492    50   56.12   55.98
c rst  luby best  vmt    81   20K    2848 17469  1643    3.96    3.79   381  1131 17581    52   56.13   55.99
c [full-probe]  bin_only: 1 set: 0 repl: 0 T: 0.01 T-out: N T-r: 99.77%
c rst  luby best  vmt    82   20K    2848 17469  1643    3.96    3.79   385  1136 17770    56   56.33   56.17
c rst  luby best  vmt    83   20K    2848 17469  1643    3.96    3.79   394  1138 18161    56   56.75   56.59
c [distill-long-red0] cls tried: 345/345 T: 0.02 T-out: N T-r: 99.48%
c [distill-long-red1] cls tried: 38/1129 T: 0.01 T-out: Y T-r: -3.51%
c rst  luby best  vmt    84   21K    2848 17469  1643    3.96    3.79   395  1141 18948    66   56.51   56.34
c rst  luby best  vmt    85   21K    2848 17469  1643    3.96    3.79   395  1141 19050    66   56.66   56.48
c rst  luby best  vmt    86   21K    2848 17469  1643    3.96    3.79   395  1141 19141    76   56.73   56.53
c rst  luby  stb  vmt    87   21K    2848 17469  1643    3.96    3.79   399  1148 19331    76   57.09   56.90
c rst  luby  stb  vmt    88   21K    2848 17469  1643    3.96    3.79   399  1151 19429    76   57.24   57.04
c rst  luby  stb  vmt    89   22K    2848 17469  1643    3.96    3.79   400  1155 19525    76   57.31   57.11
c rst  luby  stb  vmt    90   22K    2848 17469  1643    3.96    3.79   401  1157 19722    77   57.29   57.09
c rst  luby  stb  vmt    91   22K    2848 17469  1643    3.96    3.79   406  1164   20K    78   57.18   56.99
c rst  luby  stb  vmt    92   22K    2848 17469  1643    3.96    3.79   406  1167   20K    78   57.22   57.02
c rst  luby  stb  vmt    93   22K    2848 17469  1643    3.96    3.79   410  1167   20K    78   57.22   57.02
c rst  luby  stb  vmt    94   23K    2848 17469  1643    3.96    3.79   412  1169   20K    79   57.12   56.93
c rst  luby  stb  vmt    95   23K    2848 17469  1643    3.96    3.79   412  1175   20K    79   57.20   57.00
c rst  luby  stb  vmt    96   23K    2848 17469  1643    3.96    3.79   417  1179   20K    80   57.16   56.97
c rst  luby  stb  vmt    97   23K    2848 17469  1643    3.96    3.79   437  1182   20K    82   57.25   57.05
c rst  luby  stb  vmt    98   23K    2848 17469  1643    3.96    3.79   439  1186   21K    82   57.60   57.40
c rst  luby  stb  vmt    99   24K    2848 17469  1643    3.96    3.79   447  1189   22K    82   58.48   58.29
c rst  luby  stb  vmt   100   26K    2848 17469  1643    3.96    3.79   463  1209   23K    83   58.63   58.44
c [branch] adjusting to: vsid (from: vmtf) var_decay:0.95 descr: VSIDS
c [distill] watch-based irred--  cl tried     1666 cl-sh     1 cl-rem    4 lit-rem      1 T: 0.00 T-out: N
c [distill] watch-based   red--  cl tried      926 cl-sh    15 cl-rem    2 lit-rem     26 T: 0.00 T-out: N
c rst  geom  stb   vs   101   26K    2848 17462  1650    3.96    3.79   459  1209   23K    82   58.65   58.46
c rst  geom  stb   vs   102   26K    2848 17462  1650    3.96    3.79   461  1209   23K    82   58.69   58.51
c rst  geom  stb   vs   103   26K    2848 17462  1650    3.96    3.79   461  1209   24K    82   58.62   58.44
c rst  geom  stb   vs   104   26K    2848 17462  1650    3.96    3.79   461  1209   24K    82   58.50   58.32
c rst  geom  stb   vs   105   26K    2848 17462  1650    3.96    3.79   462  1209   24K    82   58.33   58.16
c rst  geom ibes   vs   106   27K    2848 17462  1650    3.96    3.79   462  1210   24K    82   58.16   57.99
c rst  geom ibes   vs   107   27K    2848 17462  1650    3.96    3.79   463  1211   24K    82   57.95   57.78
c rst  geom ibes   vs   108   27K    2848 17462  1650    3.96    3.79   463  1211   24K    83   57.64   57.46
c rst  geom ibes   vs   109   27K    2848 17462  1650    3.96    3.79   464  1211   25K    83   57.31   57.14
c rst  geom ibes   vs   110   28K    2848 17462  1650    3.96    3.79   464  1211   25K    83   56.92   56.75
c rst  geom ibes   vs   111   28K    2848 17462  1650    3.96    3.79   464  1211   25K    83   56.52   56.36
c rst  geom ibes   vs   112   28K    2848 17462  1650    3.96    3.79   464  1211   25K    83   56.22   56.06
c rst  geom ibes   vs   113   28K    2848 17462  1650    3.96    3.79   464  1211   26K    83   55.95   55.79
c rst  geom ibes   vs   114   29K    2848 17462  1650    3.96    3.79   464  1211   26K    83   55.46   55.31
c rst  geom ibes   vs   115   29K    2848 17462  1650    3.96    3.79   464  1211   27K    83   54.99   54.84
c rst  geom ibes   vs   116   30K    2848 17462  1650    3.96    3.79   545  1359   22K    83   54.42   54.24
c rst  geom ibes   vs   117   30K    2848 17462  1650    3.96    3.79   545  1359   22K    83   53.69   53.51
c rst  geom ibes   vs   118   31K    2848 17462  1650    3.96    3.79   545  1359   23K    83   53.08   52.92
c rst  geom ibes   vs   119   31K    2848 17462  1650    3.96    3.79   545  1359   24K    83   52.35   52.19
c rst  geom ibes   vs   120   32K    2848 17462  1650    3.96    3.79   545  1359   24K    83   51.47   51.32
c [distill-bin] useful: 0/1650/1650 lits-rem: 0 cl-rem: 0 0-depth-assigns: 0 T: 0.02 T-out: N
c rst  geom  svd   vs   121   33K    2848 17462  1650    3.96    3.79   546  1359   25K    83   50.95   50.80
c rst  geom  svd   vs   122   34K    2848 17462  1650    3.96    3.79   546  1359   26K    83   50.16   50.01
c [branch] adjusting to: vmtf (from: vsid) var_decay:0.95 descr: VMTF
c rst  luby  svd  vmt   123   34K    2848 17462  1650    3.96    3.79   549  1359   26K    84   50.23   50.09
c rst  luby  svd  vmt   124   34K    2848 17462  1650    3.96    3.79   549  1367   26K    84   50.28   50.14
c rst  luby  svd  vmt   125   34K    2848 17462  1650    3.96    3.79   554  1377   26K    84   50.28   50.14
c rst  luby  svd  vmt   126   34K    2848 17462  1650    3.96    3.79   554  1381   26K    84   50.39   50.25
c rst  luby  svd  vmt   127   34K    2848 17462  1650    3.96    3.79   555  1382   26K    84   50.43   50.29
c rst  luby  svd  vmt   128   34K    2848 17462  1650    3.96    3.79   559  1385   27K    84   50.61   50.47
c rst  luby  svd  vmt   129   35K    2848 17462  1650    3.96    3.79   565  1424   27K    84   50.80   50.66
c rst  luby  svd  vmt   130   35K    2848 17462  1650    3.96    3.79   566  1430   27K    84   50.79   50.66
c rst  luby  svd  vmt   131   35K    2848 17462  1650    3.96    3.79   566  1431   27K    84   50.84   50.70
c rst  luby  svd  vmt   132   35K    2848 17462  1650    3.96    3.79   568  1444   27K    85   50.83   50.69
c rst  luby  svd  vmt   133   35K    2848 17462  1650    3.96    3.79   568  1445   27K    85   50.87   50.73
c [distill-long-red0] cls tried: 192/192 T: 0.01 T-out: N T-r: 99.62%
c [distill-long-red1] cls tried: 28/1398 T: 0.02 T-out: Y T-r: -5.78%
c rst  luby  svd  vmt   134   35K    2848 17462  1650    3.96    3.79   569  1447   28K    87   50.77   50.63
c rst  luby  svd  vmt   135   36K    2848 17462  1650    3.96    3.79   571  1450   28K    87   50.77   50.63
c rst  luby  svd  vmt   136   36K    2848 17462  1650    3.96    3.79   575  1459   28K    88   50.66   50.52
c rst  luby  svd  vmt   137   37K    2848 17462  1650    3.96    3.79   577  1505   29K    89   50.42   50.28
c rst  luby  svd  vmt   138   37K    2848 17462  1650    3.96    3.79   578  1507   29K    89   50.40   50.27
c rst  luby  svd  vmt   139   37K    2848 17462  1650    3.96    3.79   579  1507   29K    89   50.50   50.37
c rst  luby  svd  vmt   140   37K    2848 17462  1650    3.96    3.79   581  1510   29K    89   50.80   50.66
c rst  luby  svd  vmt   141   37K    2848 17462  1650    3.96    3.79   582  1513   29K    89   50.86   50.72
c rst  luby  svd  vmt   142   37K    2848 17462  1650    3.96    3.79   583  1513   29K    89   50.81   50.67
c rst  luby  svd  vmt   143   38K    2848 17462  1650    3.96    3.79   583  1517   30K    89   50.76   50.63
c rst  geom best  vmt   144   38K    2848 17462  1650    3.96    3.79   583  1519   30K    89   50.73   50.59
c rst  geom best  vmt   145   38K    2848 17462  1650    3.96    3.79   584  1523   30K    89   50.72   50.59
c rst  geom best  vmt   146   38K    2848 17462  1650    3.96    3.79   585  1529   30K    89   50.66   50.53
c rst  geom best  vmt   147   38K    2848 17462  1650    3.96    3.79   587  1530   30K    89   50.75   50.61
c rst  geom best  vmt   148   38K    2848 17462  1650    3.96    3.79   589  1531   30K    89   50.74   50.61
c rst  geom best  vmt   149   38K    2848 17462  1650    3.96    3.79   589  1542   31K    89   50.68   50.55
c rst  geom best  vmt   150   39K    2848 17462  1650    3.96    3.79   590  1561   31K    89   50.52   50.39
c rst  geom best  vmt   151   39K    2848 17462  1650    3.96    3.79   591  1572   31K    89   50.49   50.36
c rst  geom best  vmt   152   39K    2848 17462  1650    3.96    3.79   591  1590   31K    89   50.40   50.28
c rst  geom best  vmt   153   39K    2848 17462  1650    3.96    3.79   591  1593   31K    89   50.48   50.35
c rst  geom best  vmt   154   40K    2848 17462  1650    3.96    3.79   781  1428   32K    89   50.34   50.21
c [full-probe]  bin_only: 0 set: 0 repl: 0 T: 0.01 T-out: N T-r: 97.07%
c [impl-str] lit bin: 0 set-var: 0 T: 0.00 T-out: N T-r: 99.95% w-visit: 5700
c [impl-sub] bin: 27 T: 0.00 T-out: N w-visit: 5700
c rst  geom best  vmt   155   40K    2848 17462  1650    3.96    3.79   782  1448   32K    70   50.25   50.16
c rst  geom best  vmt   156   40K    2848 17462  1650    3.96    3.79   782  1449   32K    70   50.22   50.12
c ------- FINAL TOTAL SEARCH STATS ---------
c UIP search time          : 3.25        (99.74     % time)
c All times are for this thread only except if explicitly specified
c restarts                 : 156         (259.21    confls per restart)
c blocked restarts         : 0           (0.00      per normal restart)
c time                     : 3.25        
c decisions                : 49030       (0.00      % random)
c propagations             : 6926K       (2133K     props/s)
c decisions/conflicts      : 1.21        
c conflicts                : 40437       
c LEARNT stats
c units learnt             : 0           (0.00      % of conflicts)
c bins learnt              : 81          (0.20      % of conflicts)
c long learnt              : 40690       (100.63    % of conflicts)
c red which0               : 289         (0.71      % of confl)
c SEAMLESS HYPERBIN&TRANS-RED stats
c advProp called           : 0           
c hyper-bin add bin        : 0           (0.00      bin/call)
c trans-red rem irred bin  : 0           (0.00      bin/call)
c trans-red rem red bin    : 0           (0.00      bin/call)
c CONFL LITS stats
c orig                     : 9528676     (235.64    lit/confl)
c recurs-min effective     : 37592       (92.96     % attempt successful)
c recurs-min lits          : 7426753     (77.94     % less overall)
c permDiff call%           : 3.36        (0.00      % attempt successful)
c permDiff lits-rem        : 0           (0.00      less lits/cl on attempts)
c further-min call%        : 0.07        (53.57     % attempt successful)
c bintri-min lits          : 42          (0.00      % less overall)
c final avg                : 51.98       
c all-threads sum CPU time : 3.25         s
c PROP stats
c Mbogo-props              : 26.46       (8.15      / sec)
c MHyper-props             : 0.00        (0.00      / sec)
c Mprops                   : 6.93        (2.13      / sec)
c -------- OccSimplifier STATS ----------
c time                     : 0.00        (0.00      % var-elim)
c called                   : 0           (0.00      s per call)
c 0-depth assigns          : 0           (0.00      % vars)
c -------- OccSimplifier STATS END ----------
c -------- SubsumeStrengthen STATS ----------
c cl-subs                  : 0            Clauses
c cl-str rem lit           : 0            Lits
c cl-sub T                 : 0.00         s
c cl-str T                 : 0.00         s
c -------- SubsumeStrengthen STATS END ----------
c ----- SCC STATS --------
c time                     : 0.00        (0.00      per call)
c called                   : 0           (0.00      new found per call)
c found                    : 0           (0.00      % of all found)
c bogoprops                : 0           % of all found
c ----- SCC STATS END --------
c --------- VAR REPLACE STATS ----------
c time                     : 0.00        (0.00      per call)
c trees' crown             : 0           (0.00      % of vars)
c 0-depth assigns          : 0           (0.00      % vars)
c lits replaced            : 0           
c bin cls removed          : 0           
c long cls removed         : 0           
c long lits removed        : 0           
c bogoprops                : 0           
c --------- VAR REPLACE STATS END ----------
c vrep replace time        : 0.00        (0.00      % time)
c vrep tree roots          : 0           
c vrep trees' crown        : 0           (0.00      leafs/tree)
c -------- DISTILL-BIN STATS --------
c time                     : 0.02        (0.01      per call)
c timed out                : 0           (0.00      % of calls)
c distill/checked/potential: 0          /3307/3307
c lits-rem                 : 0           
c 0-depth-assigns          : 0           (0.00      % of vars)
c -------- DISTILL STATS END --------
c -------- STRENGTHEN STATS --------
c --> watch-based on irred cls
c time                     : 0.00        (0.00      s/call)
c shrinked/tried/total     : 1          /1666/34930
c subsumed/tried/total     : 4          /1666/34930
c lits-rem                 : 1           (0.02      % of lits tried)
c called                   : 2           (0.00      % ran out of time)
c --> watch-based on red cls
c time                     : 0.00        (0.00      s/call)
c shrinked/tried/total     : 15         /926/926
c subsumed/tried/total     : 2          /926/926
c lits-rem                 : 26          (0.60      % of lits tried)
c called                   : 2           (0.00      % ran out of time)
c -------- STRENGTHEN STATS END --------
c -------- IMPLICIT SUB  STATS --------
c time                     : 0.00        (0.00      per call)
c timed out                : 0           (0.00      % of calls)
c rem bins                 : 27          
c -------- IMPLICIT SUB STATS END --------
c Mem used                 : 19          MB
c Mem for longclauses      : 10          MB (54.94     %)
c Mem for watch alloc      : 3           MB (16.32     %)
c Mem for watch array      : 0           MB (0.95      %)
c Mem for assings&vardata  : 0           MB (0.39      %)
c Mem for search&solve     : 0           MB (0.98      %)
c Mem for renumberer       : 0           MB (0.14      %)
c Mem for occsimplifier    : 0           MB (0.00      %)
c Mem for varReplacer&SCC  : 0           MB (0.06      %)
c Mem for impl subsume     : 0           MB (0.00      %)
c Mem for 3 distills       : 0           MB (0.00      %)
c Accounted for mem (rss)  : 73.79       %
c Accounted for mem (vm)   : 63.69       %
c restarts                 : 156         (259.21    confls per restart)
c blocked restarts         : 0           (0.00      per normal restart)
c time                     : 3.25        
c decisions                : 49030       (0.00      % random)
c propagations             : 6926K       (2133K     props/s)
c decisions/conflicts      : 1.21        
c conflicts                : 40437       
c conf lits non-minim      : 9528676     (235.64    lit/confl)
c conf lits final          : 51.98       
c red which0               : 289         (0.71      % of confl)
c props/decision           : 0.00        
c props/conflict           : 0.00        
c 0-depth assigns          : 2           (0.07      % vars)
c 0-depth assigns by CNF   : 2           (0.07      % vars)
c reduceDB time            : 0.00        (0.12      % time)
c OccSimplifier time       : 0.00        (0.00      % time)
c [occur] 0.00 is overhead
c [occur] link-in T: 0.00 cleanup T: 0.00
c [occ-substr] long subBySub: 0 subByStr: 0 lits-rem-str: 0 T: 0.00
c SCC time                 : 0.00        (0.00      % time)
c [scc] new: 0 BP 0M  T: 0.00
c vrep replace time        : 0.00        (0.00      % time)
c vrep tree roots          : 0           
c vrep trees' crown        : 0           (0.00      leafs/tree)
c distill long time        : 0.06        (1.97      % time)
c distill bin time         : 0.02        (0.73      % time)
c strength cache-irred time: 0.00        (0.00      % time)
c strength cache-red time  : 0.00        (0.03      % time)
c avg cls in red 0         : 320.43      
c avg cls in red 1         : 925.14      
c avg cls in red 2         : 17151.38    
c Conflicts in UIP         : 40437       (12422.14  confl/time_this_thread)
c Max Memory (rss) used    : 20284 kB    
c Total time (this thread) : 3.26        
s SATISFIABLE
v -1 2 -3 4 -5 6 -7 8 9 -10 11 12 13 14 15 16 -17 -18 -19 -20 -21 -22 -23 -24 -25 
v 26 27 -28 29 30 -31 -32 -33 -34 -35 -36 -37 38 39 -40 41 42 -43 -44 -45 -46 
v -47 -48 -49 50 51 -52 53 54 -55 -56 -57 -58 -59 -60 61 62 63 64 -65 -66 -67 
v -68 -69 -70 -71 -72 73 74 75 76 -77 -78 -79 -80 -81 -82 -83 -84 85 86 87 88 
v -89 -90 -91 -92 -93 -94 -95 -96 97 98 99 100 -101 -102 103 104 105 106 -107 
v -108 -109 -110 -111 -112 -113 -114 115 116 117 118 -119 -120 121 122 123 124 
v -125 -126 -127 -128 -129 -130 -131 -132 -133 -134 -135 -136 -137 -138 -139 
v -140 -141 -142 -143 -144 -145 -146 -147 -148 -149 -150 -151 -152 -153 -154 
v -155 -156 -157 -158 -159 -160 -161 -162 -163 -164 -165 -166 -167 -168 169 170 
v 171 172 -173 -174 175 176 177 178 -179 -180 -181 -182 -183 -184 -185 -186 187 
v 188 189 190 -191 -192 193 194 195 196 -197 -198 -199 -200 -201 -202 -203 -204 
v -205 -206 -207 -208 -209 -210 -211 -212 -213 -214 -215 -216 -217 -218 -219 
v -220 -221 -222 -223 -224 -225 -226 -227 -228 -229 -230 -231 -232 -233 -234 
v -235 -236 -237 -238 -239 -240 241 242 243 244 -245 -246 247 248 249 250 -251 
v -252 -253 -254 -255 -256 -257 -258 259 260 261 262 -263 -264 265 266 267 268 
v -269 -270 -271 -272 -273 -274 -275 -276 -277 -278 -279 -280 -281 -282 -283 
v -284 -285 -286 -287 -288 -289 -290 -291 -292 -293 -294 -295 -296 -297 -298 
v -299 -300 -301 -302 -303 -304 -305 -306 -307 -308 -309 -310 -311 -312 313 314 
v 315 316 -317 -318 319 320 321 322 -323 -324 -325 -326 -327 -328 -329 -330 331 
v 332 333 334 -335 -336 337 338 339 340 -341 -342 343 344 -345 -346 347 -348 
v -349 -350 -351 352 -353 354 -355 356 357 358 359 -360 -361 362 -363 364 365 
v -366 367 368 -369 370 371 -372 373 -374 -375 -376 -377 378 -379 380 381 -382 
v 383 384 -385 386 387 -388 389 -390 -391 -392 -393 394 -395 396 397 -398 399 
v 400 -401 402 403 -404 405 -406 -407 -408 -409 -410 -411 -412 -413 -414 -415 
v -416 -417 -418 -419 -420 -421 -422 -423 -424 -425 -426 -427 -428 -429 -430 
v -431 -432 -433 -434 -435 -436 -437 -438 -439 -440 -441 442 -443 444 445 -446 
v 447 448 -449 450 451 -452 453 -454 -455 -456 -457 -458 -459 -460 -461 -462 
v -463 -464 -465 -466 -467 -468 -469 -470 -471 -472 -473 -474 -475 -476 -477 
v -478 -479 -480 -481 -482 -483 -484 -485 -486 -487 -488 -489 -490 -491 -492 
v -493 -494 -495 -496 -497 -498 -499 -500 -501 -502 -503 -504 -505 -506 -507 
v -508 -509 -510 -511 -512 -513 -514 -515 -516 -517 -518 -519 -520 -521 522 
v -523 524 525 -526 527 528 -529 530 531 -532 533 -534 -535 -536 -537 -538 -539 
v -540 -541 -542 -543 -544 -545 -546 -547 -548 -549 -550 -551 -552 -553 554 
v -555 556 557 -558 559 560 -561 562 563 -564 565 -566 -567 -568 -569 -570 -571 
v -572 -573 -574 -575 -576 -577 -578 -579 -580 -581 -582 -583 -584 -585 586 
v -587 588 589 -590 591 592 -593 594 595 -596 597 -598 -599 -600 -601 602 -603 
v 604 605 -606 607 608 -609 610 611 -612 613 -614 -615 -616 -617 618 -619 620 
v 621 -622 623 624 -625 626 627 -628 629 -630 -631 -632 -633 634 -635 636 637 
v -638 639 640 -641 642 643 -644 645 -646 -647 -648 -649 -650 -651 -652 -653 
v -654 -655 -656 -657 -658 -659 -660 -661 -662 -663 -664 -665 -666 -667 -668 
v -669 -670 -671 -672 -673 -674 -675 -676 -677 678 679 -680 681 682 -683 684 
v 685 -686 687 -688 -689 -690 -691 -692 -693 -694 -695 -696 -697 -698 -699 -700 
v -701 702 -703 704 705 -706 707 708 -709 710 -711 -712 -713 714 715 -716 717 
v 718 -719 720 -721 -722 -723 -724 -725 -726 -727 -728 -729 -730 -731 732 -733 
v 734 735 -736 737 -738 -739 -740 741 742 -743 744 -745 -746 -747 -748 -749 
v -750 -751 -752 753 -754 755 -756 -757 -758 759 -760 -761 -762 -763 -764 -765 
v -766 -767 768 769 770 771 772 -773 -774 -775 -776 -777 -778 -779 -780 -781 
v -782 -783 784 785 -786 -787 -788 -789 -790 -791 -792 -793 -794 -795 -796 797 
v 798 799 800 801 802 803 804 805 806 807 808 -809 -810 0
c [g 0] truth-find prop checks  : 795K
c [g 0] -> of which prop        : 37.42 %
c [g 0] -> of which confl       :  3.10 %
c [g 0] elim called             : 153K
c [g 0] ---> which lead to prop : 10.21 %
c [g 0] ---> which lead to confl:  0.66 %
c [g 0] size: 50    x 765  

real	0m3.311s
user	0m3.257s
sys	0m0.018s
