c BreakID not compiled in, disabling
c CryptoMiniSat version 5.11.19
c CMS Copyright (C) 2009-2020 Authors of CryptoMiniSat, see AUTHORS file
c CMS SHA revision b80e09ebd7703fc13b987401d693d7d406a50441
c Using VMTF code by Armin Biere from CaDiCaL
c Using Yalsat by Armin Biere, see Balint et al. Improving implementation of SLS solvers [...], SAT'14
c Using WalkSAT by Henry Kautz, see Kautz and Selman Pushing the envelope: planning, propositional logic, and stochastic search, AAAI'96,
c CMS is MIT licensed
c Using code from 'When Boolean Satisfiability Meets Gauss-E. in a Simplex Way'
c       by C.-S. Han and J.-H. Roland Jiang in CAV 2012. Fixes by M. Soos
c Using CCAnr from 'CCAnr: A Conf. Checking Based Local Search Solver [...]'
c       by Shaowei Cai, Chuan Luo, and Kaile Su, SAT 2015
c CMS compilation env CMAKE_CXX_COMPILER = /usr/bin/c++ | CMAKE_CXX_FLAGS =  -fvisibility=hidden -Wall -Wextra -Wunused -Wsign-compare -fno-omit-frame-pointer -Wtype-limits -Wuninitialized -Wno-deprecated -Wstrict-aliasing -Wpointer-arith -Wpointer-arith -Wformat-nonliteral -Winit-self -Wparentheses -Wunreachable-code -g -Wno-class-memaccess -mpopcnt -msse4.2 -ggdb3 -Wlogical-op -Wrestrict -Wnull-dereference -Wdouble-promotion -Wshadow -Wformat=2 -Wextra-semi -pedantic | COMPILE_DEFINES =  -DRDB0_ONLY_FEATURES -DUSE_ZLIB -DYALSAT_FPU | STATICCOMPILE = OFF | ONLY_SIMPLE =  | STATS = OFF | SQLITE3_FOUND =  | ZLIB_FOUND = TRUE | VALGRIND_FOUND =  | ENABLE_TESTING = OFF | SLOW_DEBUG = OFF | ENABLE_ASSERTIONS = ON | PYTHON_EXECUTABLE =  | PYTHON_LIBRARY =  | PYTHON_INCLUDE_DIRS =  | MY_TARGETS =  | LARGEMEM = OFF | LIMITMEM = OFF | BREAKID_LIBRARIES =  | BREAKID-VER = . | BOSPHORUS_LIBRARIES =  | BOSPH-VER = . | compilation date time = Jul 13 2026 14:05:03
c CMS compiled with gcc version 11.5.0 20240719 (Red Hat 11.5.0-5)
c Executed with command line: ./cryptominisat5 ./instancesBreak/IC_S4/Xn19l6-302-S.dimacs_break.cnf
c Reading file './instancesBreak/IC_S4/Xn19l6-302-S.dimacs_break.cnf'
c -- header says num vars:            808
c -- header says num clauses:        2538
c -- clauses added: 2486
c -- xor clauses added: 52
c -- vars added 808
c Parsing time: 0.00 s
c [find&init matx] performing matrix init
c [gauss] XOR-encoding clauses are not detached, so no need to reattach them.
c [xor-rem-unconnected] left with 50 xors from 50 non-empty xors T: 0.00
c [xor-together] xored together: 0 orig xors: 50 new xors: 50 T: 0.00
c [xor-rem-unconnected] left with 50 xors from 50 non-empty xors T: 0.00
c [xor-clean-equiv] removed equivalent xors: 0 left with: 50
c [matrix] unused xors from cleaning: 0
c [matrix] Good   matrix  0     50 x  765  density:0.1037  xorlen avg: 79.36
c [matrix] Using 1 matrices recovered from 0 xors T: 0.00 T-out: N
c [branch] adjusting to: vsid (from: vsid) var_decay:0.95 descr: VSIDS
c rst  geom  stb   vs     1   112    2699 16303  1657    3.96    3.78     1    40    70     1  126.13  125.02
c rst  geom  stb   vs     2   236    2699 16303  1657    3.96    3.78     2    47   185     2  111.32  110.39
c  res  pol bran  nres  conf freevar  IrrL  IrrB l/longC  l/allC RedL0 RedL1 RedL2  RedB l/longC  l/allC
c rst  geom  stb   vs     3   371    2699 16303  1657    3.96    3.78     2    47   320     2   96.47   95.96
c rst  geom  stb   vs     4   518    2699 16303  1657    3.96    3.78     2    47   467     2   92.01   91.67
c rst  geom  stb   vs     5   680    2699 16303  1657    3.96    3.78     2    47   629     2   85.97   85.73
c rst  geom  stb   vs     6   857    2699 16303  1657    3.96    3.78     2    47   800     8   83.72   82.96
c rst  geom  stb   vs     7  1051    2699 16303  1657    3.96    3.78     2    47   993     9   80.21   79.54
c rst  geom  stb   vs     8  1264    2699 16303  1657    3.96    3.78     2    47  1206     9   75.10   74.58
c rst  geom  stb   vs     9  1499    2699 16303  1657    3.96    3.78     2    47  1441     9   73.92   73.48
c rst  geom  stb   vs    10  1757    2699 16303  1657    3.96    3.78     2    47  1699     9   73.01   72.65
c rst  geom  stb   vs    11  2040    2699 16303  1657    3.96    3.78     2    47  1982     9   72.60   72.28
c rst  geom  stb   vs    12  2350    2699 16303  1657    3.96    3.78     2    48  2291     9   70.53   70.27
c rst  geom  stb   vs    13  2691    2699 16303  1657    3.96    3.78     2    48  2632     9   68.51   68.29
c rst  geom  stb   vs    14  3064    2699 16303  1657    3.96    3.78     3    48  3004     9   65.51   65.32
c rst  geom  stb   vs    15  3475    2699 16303  1657    3.96    3.78     3    48  3415     9   64.51   64.35
c rst  geom  stb   vs    16  3925    2699 16303  1657    3.96    3.78     3    48  3865     9   64.01   63.87
c rst  geom  stb   vs    17  4419    2699 16303  1657    3.96    3.78     3    48  4359     9   62.66   62.54
c rst  geom  stb   vs    18  4963    2699 16303  1657    3.96    3.78     7    51  4896     9   62.69   62.58
c rst  geom  stb   vs    19  5562    2699 16303  1657    3.96    3.78     9    54  5490     9   59.65   59.56
c [branch] adjusting to: vmtf (from: vsid) var_decay:0.95 descr: VMTF
c [distill-long-red0] cls tried: 9/9 T: 0.00 T-out: N T-r: 100.00%
c [distill-long-red1] cls tried: 54/54 T: 0.00 T-out: N T-r: 96.83%
c rst  luby ibes  vmt    20  5664    2699 16303  1657    3.96    3.78    20    75  5555    14   58.91   58.77
c rst  luby ibes  vmt    21  5767    2699 16303  1657    3.96    3.78    23   101  5629    14   59.12   58.98
c rst  luby ibes  vmt    22  5968    2699 16303  1657    3.96    3.78    24   111  5837    15   58.07   57.93
c rst  luby ibes  vmt    23  6070    2699 16303  1657    3.96    3.78    24   113  5937    15   57.48   57.34
c rst  luby ibes  vmt    24  6172    2699 16303  1657    3.96    3.78    24   121  6031    15   56.98   56.85
c rst  luby ibes  vmt    25  6374    2699 16303  1657    3.96    3.78    25   124  6236    15   56.99   56.86
c rst  luby ibes  vmt    26  6775    2699 16303  1657    3.96    3.78    25   132  6634    15   56.16   56.04
c rst  luby ibes  vmt    27  6876    2699 16303  1657    3.96    3.78    25   147  6720    15   55.98   55.86
c rst  luby ibes  vmt    28  6978    2699 16303  1657    3.96    3.78    25   154  6827    15   55.97   55.85
c rst  luby ibes  vmt    29  7180    2699 16303  1657    3.96    3.78    27   165  7016    15   56.18   56.07
c rst  luby ibes  vmt    30  7282    2699 16303  1657    3.96    3.78    27   170  7112    16   55.96   55.84
c rst  luby ibes  vmt    31  7384    2699 16303  1657    3.96    3.78    27   179  7214    16   56.17   56.05
c rst  luby ibes  vmt    32  7586    2699 16303  1657    3.96    3.78    28   192  7402    16   56.35   56.24
c rst  luby ibes  vmt    33  7987    2699 16303  1657    3.96    3.78    31   216  7787    16   55.65   55.54
c rst  luby ibes  vmt    34  8788    2699 16303  1657    3.96    3.78    32   244  8558    17   54.80   54.70
c rst  luby ibes  vmt    35  8890    2699 16303  1657    3.96    3.78    32   247  8657    17   54.80   54.70
c rst  luby ibes  vmt    36  8992    2699 16303  1657    3.96    3.78    36   250  8752    17   54.76   54.66
c rst  luby ibes  vmt    37  9193    2699 16303  1657    3.96    3.78    36   255  8949    17   54.60   54.50
c rst  luby ibes  vmt    38  9294    2699 16303  1657    3.96    3.78    36   265  9044    17   54.53   54.44
c rst  luby ibes  vmt    39  9395    2699 16303  1657    3.96    3.78    38   272  9136    17   54.41   54.32
c rst  luby ibes  vmt    40  9596    2699 16303  1657    3.96    3.78    39   279  9330    17   54.10   54.01
c rst  luby ibes  vmt    41  9997    2699 16303  1657    3.96    3.78    46   434  9664    17   53.21   53.13
c rst  luby ibes  vmt    42 10100    2699 16303  1657    3.96    3.78   162   326  9759    17   53.20   53.12
c rst  luby ibes  vmt    43 10201    2699 16303  1657    3.96    3.78   162   327  9864    17   53.09   53.01
c rst  luby ibes  vmt    44 10403    2699 16303  1657    3.96    3.78   164   330 10061    17   53.12   53.03
c rst  luby ibes  vmt    45 10505    2699 16303  1657    3.96    3.78   165   335 10160    17   52.98   52.90
c rst  luby ibes  vmt    46 10607    2699 16303  1657    3.96    3.78   165   341 10256    17   52.89   52.81
c rst  luby ibes  vmt    47 10808    2699 16303  1657    3.96    3.78   166   344 10453    17   52.70   52.62
c rst  luby  svd  vmt    48 11209    2699 16303  1657    3.96    3.78   174   352 10838    20   53.92   53.83
c rst  luby  svd  vmt    49 12011    2699 16303  1657    3.96    3.78   188   363 11615    20   53.99   53.91
c [branch] adjusting to: vsid (from: vmtf) var_decay:0.95 descr: VSIDS
c [distill-bin] useful: 13/1657/1657 lits-rem: 0 cl-rem: 13 0-depth-assigns: 0 T: 0.01 T-out: N
c rst  geom  svd   vs    50 12123    2699 16303  1644    3.96    3.78   188   363 11727    20   53.74   53.65
c rst  geom  svd   vs    51 12246    2699 16303  1644    3.96    3.78   189   363 11848    21   53.45   53.36
c rst  geom  svd   vs    52 12381    2699 16303  1644    3.96    3.78   189   363 11983    21   53.25   53.17
c rst  geom  svd   vs    53 12529    2699 16303  1644    3.96    3.78   189   363 12131    21   52.95   52.87
c rst  geom  svd   vs    54 12691    2699 16303  1644    3.96    3.78   189   363 12293    21   52.61   52.52
c rst  geom  svd   vs    55 12869    2699 16303  1644    3.96    3.78   189   363 12471    21   52.23   52.15
c rst  geom  svd   vs    56 13063    2699 16303  1644    3.96    3.78   189   363 12665    21   51.82   51.75
c rst  geom  svd   vs    57 13277    2699 16303  1644    3.96    3.78   189   363 12879    21   51.42   51.35
c rst  geom  svd   vs    58 13511    2699 16303  1644    3.96    3.78   189   363 13113    21   50.98   50.90
c rst  geom  svd   vs    59 13770    2699 16303  1644    3.96    3.78   189   363 13372    21   50.52   50.45
c rst  geom  svd   vs    60 14053    2699 16303  1644    3.96    3.78   189   363 13655    21   50.07   50.00
c rst  geom  svd   vs    61 14363    2699 16303  1644    3.96    3.78   189   363 13965    21   49.49   49.42
c rst  geom  svd   vs    62 14703    2699 16303  1644    3.96    3.78   189   363 14305    21   48.88   48.81
c rst  geom  svd   vs    63 15076    2699 16303  1644    3.96    3.78   208   847 14175    21   48.24   48.18
c rst  geom  svd   vs    64 15486    2699 16303  1644    3.96    3.78   208   847 14585    21   47.56   47.50
c rst  geom  svd   vs    65 15936    2699 16303  1644    3.96    3.78   208   847 15035    21   47.01   46.95
c rst  geom  svd   vs    66 16430    2699 16303  1644    3.96    3.78   208   847 15529    21   46.45   46.40
c rst  geom best   vs    67 16974    2699 16303  1644    3.96    3.78   209   849 16069    22   47.30   47.24
c rst  geom best   vs    68 17572    2699 16303  1644    3.96    3.78   210   850 16665    22   47.16   47.10
c rst  geom best   vs    69 18229    2699 16303  1644    3.96    3.78   211   850 17320    23   47.45   47.40
c [branch] adjusting to: vmtf (from: vsid) var_decay:0.95 descr: VMTF
c rst  luby best  vmt    70 18330    2699 16303  1644    3.96    3.78   211   850 17421    23   47.73   47.68
c rst  luby best  vmt    71 18431    2699 16303  1644    3.96    3.78   214   855 17513    24   48.17   48.11
c rst  luby best  vmt    72 18634    2699 16303  1644    3.96    3.78   227   858 17699    25   48.50   48.44
c rst  luby best  vmt    73 18736    2699 16303  1644    3.96    3.78   229   858 17798    26   48.73   48.67
c rst  luby best  vmt    74 18837    2699 16303  1644    3.96    3.78   231   859 17896    26   49.13   49.07
c rst  luby best  vmt    75 19038    2699 16303  1644    3.96    3.78   234   865 18087    27   49.44   49.37
c rst  luby best  vmt    76 19440    2699 16303  1644    3.96    3.78   245   873 18467    30   50.62   50.55
c rst  luby best  vmt    77 19543    2699 16303  1644    3.96    3.78   251   875 18559    33   50.84   50.76
c rst  luby best  vmt    78 19644    2699 16303  1644    3.96    3.78   254   876 18656    33   50.85   50.77
c rst  luby best  vmt    79 19846    2699 16303  1644    3.96    3.78   261   882 18839    39   51.26   51.17
c rst  luby best  vmt    80 19947    2699 16303  1644    3.96    3.78   262   882 18937    41   51.39   51.29
c rst  luby best  vmt    81   20K    2699 16303  1644    3.96    3.78   312   833 19038    41   51.72   51.62
c [full-probe]  bin_only: 1 set: 0 repl: 0 T: 0.01 T-out: N T-r: 99.75%
c rst  luby best  vmt    82   20K    2699 16303  1644    3.96    3.78   316   839 19202    68   52.12   51.95
c rst  luby best  vmt    83   20K    2699 16303  1644    3.96    3.78   327   844 19585    71   52.69   52.52
c [distill-long-red0] cls tried: 292/292 T: 0.01 T-out: N T-r: 99.64%
c [distill-long-red1] cls tried: 33/816 T: 0.01 T-out: Y T-r: -2.91%
c rst  luby best  vmt    84   21K    2699 16303  1644    3.96    3.78   337   868   20K    76   52.78   52.60
c rst  luby best  vmt    85   21K    2699 16303  1644    3.96    3.78   339   870   20K    77   52.87   52.69
c rst  luby best  vmt    86   21K    2699 16303  1644    3.96    3.78   341   870   20K    77   52.89   52.71
c rst  luby  stb  vmt    87   21K    2699 16303  1644    3.96    3.78   344   871   20K    77   53.29   53.11
c rst  luby  stb  vmt    88   21K    2699 16303  1644    3.96    3.78   347   872   20K    78   53.32   53.14
c rst  luby  stb  vmt    89   22K    2699 16303  1644    3.96    3.78   348   874   20K    78   53.35   53.17
c rst  luby  stb  vmt    90   22K    2699 16303  1644    3.96    3.78   354   881   21K    78   53.48   53.30
c rst  luby  stb  vmt    91   22K    2699 16303  1644    3.96    3.78   357   887   21K    79   53.58   53.40
c rst  luby  stb  vmt    92   22K    2699 16303  1644    3.96    3.78   357   887   21K    79   53.64   53.46
c rst  luby  stb  vmt    93   22K    2699 16303  1644    3.96    3.78   357   887   21K    79   53.70   53.52
c rst  luby  stb  vmt    94   23K    2699 16303  1644    3.96    3.78   361   890   21K    80   53.80   53.62
c rst  luby  stb  vmt    95   23K    2699 16303  1644    3.96    3.78   365   890   22K    80   53.89   53.71
c rst  luby  stb  vmt    96   23K    2699 16303  1644    3.96    3.78   366   890   22K    80   53.99   53.81
c rst  luby  stb  vmt    97   23K    2699 16303  1644    3.96    3.78   367   893   22K    80   54.05   53.87
c rst  luby  stb  vmt    98   23K    2699 16303  1644    3.96    3.78   372   908   22K    80   54.05   53.88
c rst  luby  stb  vmt    99   24K    2699 16303  1644    3.96    3.78   381   941   23K    80   54.03   53.86
c rst  luby  stb  vmt   100   26K    2699 16303  1644    3.96    3.78   394   974   25K    81   54.58   54.42
c [branch] adjusting to: vsid (from: vmtf) var_decay:0.95 descr: VSIDS
c [distill] watch-based irred--  cl tried     1655 cl-sh     0 cl-rem    3 lit-rem      0 T: 0.00 T-out: N
c [distill] watch-based   red--  cl tried      786 cl-sh    14 cl-rem    2 lit-rem     20 T: 0.00 T-out: N
c rst  geom  stb   vs   101   26K    2699 16298  1649    3.96    3.78   390   974   25K    80   54.65   54.49
c rst  geom  stb   vs   102   26K    2699 16298  1649    3.96    3.78   390   974   25K    81   54.66   54.50
c rst  geom  stb   vs   103   26K    2699 16298  1649    3.96    3.78   391   974   25K    81   54.66   54.50
c rst  geom  stb   vs   104   26K    2699 16298  1649    3.96    3.78   391   974   25K    81   54.63   54.47
c rst  geom  stb   vs   105   26K    2699 16298  1649    3.96    3.78   393   975   25K    81   54.65   54.50
c rst  geom ibes   vs   106   27K    2699 16298  1649    3.96    3.78   393   975   25K    81   54.48   54.32
c rst  geom ibes   vs   107   27K    2699 16298  1649    3.96    3.78   393   975   26K    81   54.23   54.07
c rst  geom ibes   vs   108   27K    2699 16298  1649    3.96    3.78   393   975   26K    81   53.98   53.83
c rst  geom ibes   vs   109   27K    2699 16298  1649    3.96    3.78   393   975   26K    81   53.69   53.54
c rst  geom ibes   vs   110   28K    2699 16298  1649    3.96    3.78   393   975   26K    81   53.37   53.22
c rst  geom ibes   vs   111   28K    2699 16298  1649    3.96    3.78   393   975   27K    81   53.05   52.90
c rst  geom ibes   vs   112   28K    2699 16298  1649    3.96    3.78   393   975   27K    81   52.76   52.62
c rst  geom ibes   vs   113   28K    2699 16298  1649    3.96    3.78   393   975   27K    81   52.38   52.24
c rst  geom ibes   vs   114   29K    2699 16298  1649    3.96    3.78   393   975   28K    81   51.96   51.82
c rst  geom ibes   vs   115   29K    2699 16298  1649    3.96    3.78   393   975   28K    81   51.50   51.37
c rst  geom ibes   vs   116   30K    2699 16298  1649    3.96    3.78   503  1261   23K    81   48.98   48.83
c rst  geom ibes   vs   117   30K    2699 16298  1649    3.96    3.78   503  1261   23K    81   48.42   48.27
c rst  geom ibes   vs   118   31K    2699 16298  1649    3.96    3.78   503  1261   24K    81   47.77   47.63
c rst  geom ibes   vs   119   31K    2699 16298  1649    3.96    3.78   503  1262   25K    81   47.36   47.22
c rst  geom ibes   vs   120   32K    2699 16298  1649    3.96    3.78   503  1262   25K    81   46.70   46.57
c [distill-bin] useful: 0/1649/1649 lits-rem: 0 cl-rem: 0 0-depth-assigns: 0 T: 0.01 T-out: N
c rst  geom  svd   vs   121   33K    2699 16298  1649    3.96    3.78   503  1262   26K    81   46.40   46.28
c rst  geom  svd   vs   122   34K    2699 16298  1649    3.96    3.78   503  1262   27K    81   46.02   45.90
c [branch] adjusting to: vmtf (from: vsid) var_decay:0.95 descr: VMTF
c rst  luby  svd  vmt   123   34K    2699 16298  1649    3.96    3.78   504  1264   27K    81   46.05   45.93
c rst  luby  svd  vmt   124   34K    2699 16298  1649    3.96    3.78   504  1266   27K    81   46.16   46.03
c rst  luby  svd  vmt   125   34K    2699 16298  1649    3.96    3.78   507  1273   27K    81   46.14   46.02
c rst  luby  svd  vmt   126   34K    2699 16298  1649    3.96    3.78   507  1273   27K    81   46.22   46.10
c rst  luby  svd  vmt   127   34K    2699 16298  1649    3.96    3.78   508  1277   27K    82   46.30   46.18
c rst  luby  svd  vmt   128   34K    2699 16298  1649    3.96    3.78   509  1280   28K    82   46.50   46.38
c rst  luby  svd  vmt   129   35K    2699 16298  1649    3.96    3.78   513  1290   28K    83   46.46   46.34
c rst  luby  svd  vmt   130   35K    2699 16298  1649    3.96    3.78   513  1296   28K    83   46.43   46.31
c rst  luby  svd  vmt   131   35K    2699 16298  1649    3.96    3.78   514  1299   28K    83   46.48   46.36
c rst  luby  svd  vmt   132   35K    2699 16298  1649    3.96    3.78   517  1305   28K    83   46.56   46.44
c rst  luby  svd  vmt   133   35K    2699 16298  1649    3.96    3.78   518  1310   28K    83   46.56   46.44
c [distill-long-red0] cls tried: 205/205 T: 0.01 T-out: N T-r: 99.61%
c [distill-long-red1] cls tried: 29/1249 T: 0.02 T-out: Y T-r: -7.31%
c rst  luby  svd  vmt   134   35K    2699 16298  1649    3.96    3.78   518  1315   29K    83   46.47   46.36
c rst  luby  svd  vmt   135   36K    2699 16298  1649    3.96    3.78   520  1319   29K    83   46.71   46.59
c rst  luby  svd  vmt   136   36K    2699 16298  1649    3.96    3.78   521  1338   29K    84   46.92   46.80
c rst  luby  svd  vmt   137   37K    2699 16298  1649    3.96    3.78   524  1372   30K    84   47.14   47.02
c rst  luby  svd  vmt   138   37K    2699 16298  1649    3.96    3.78   524  1372   30K    84   47.25   47.13
c rst  luby  svd  vmt   139   37K    2699 16298  1649    3.96    3.78   524  1375   30K    84   47.24   47.13
c rst  luby  svd  vmt   140   37K    2699 16298  1649    3.96    3.78   529  1380   30K    84   47.35   47.23
c rst  luby  svd  vmt   141   37K    2699 16298  1649    3.96    3.78   531  1386   30K    85   47.41   47.29
c rst  luby  svd  vmt   142   37K    2699 16298  1649    3.96    3.78   533  1389   30K    86   47.51   47.39
c rst  luby  svd  vmt   143   38K    2699 16298  1649    3.96    3.78   534  1392   31K    86   47.58   47.46
c rst  geom best  vmt   144   38K    2699 16298  1649    3.96    3.78   534  1392   31K    86   47.54   47.42
c rst  geom best  vmt   145   38K    2699 16298  1649    3.96    3.78   534  1397   31K    86   47.56   47.44
c rst  geom best  vmt   146   38K    2699 16298  1649    3.96    3.78   535  1404   31K    87   47.61   47.49
c rst  geom best  vmt   147   38K    2699 16298  1649    3.96    3.78   536  1408   31K    87   47.63   47.52
c rst  geom best  vmt   148   38K    2699 16298  1649    3.96    3.78   537  1418   31K    87   47.61   47.49
c rst  geom best  vmt   149   38K    2699 16298  1649    3.96    3.78   537  1421   31K    87   47.66   47.54
c rst  geom best  vmt   150   39K    2699 16298  1649    3.96    3.78   538  1423   32K    87   47.64   47.52
c rst  geom best  vmt   151   39K    2699 16298  1649    3.96    3.78   540  1445   32K    87   47.64   47.53
c rst  geom best  vmt   152   39K    2699 16298  1649    3.96    3.78   543  1446   32K    87   47.76   47.64
c rst  geom best  vmt   153   39K    2699 16298  1649    3.96    3.78   544  1453   32K    87   47.65   47.54
c rst  geom best  vmt   154   40K    2699 16298  1649    3.96    3.78   692  1313   33K    87   47.77   47.65
c [full-probe]  bin_only: 0 set: 0 repl: 0 T: 0.01 T-out: N T-r: 97.03%
c [impl-str] lit bin: 0 set-var: 0 T: 0.00 T-out: N T-r: 99.95% w-visit: 5402
c [impl-sub] bin: 13 T: 0.00 T-out: N w-visit: 5402
c rst  geom best  vmt   155   40K    2699 16298  1649    3.96    3.78   694  1333   33K    84   47.72   47.61
c rst  geom best  vmt   156   40K    2699 16298  1649    3.96    3.78   698  1342   33K    84   47.82   47.71
c rst  geom best  vmt   157   41K    2699 16298  1649    3.96    3.78   699  1359   34K    84   47.72   47.62
c rst  geom best  vmt   158   41K    2699 16298  1649    3.96    3.78   699  1368   34K    84   47.76   47.65
c rst  geom best  vmt   159   41K    2699 16298  1649    3.96    3.78   699  1376   34K    84   47.73   47.63
c rst  geom best  vmt   160   42K    2699 16298  1649    3.96    3.78   702  1393   35K    85   47.96   47.86
c [branch] adjusting to: vsid (from: vmtf) var_decay:0.95 descr: VSIDS
c rst  geom best   vs   161   42K    2699 16298  1649    3.96    3.78   704  1393   35K    85   47.91   47.81
c rst  geom best   vs   162   42K    2699 16298  1649    3.96    3.78   704  1393   35K    85   47.86   47.75
c rst  geom best   vs   163   42K    2699 16298  1649    3.96    3.78   704  1393   35K    85   47.76   47.66
c rst  geom best   vs   164   42K    2699 16298  1649    3.96    3.78   704  1393   35K    85   47.66   47.56
c rst  geom best   vs   165   43K    2699 16298  1649    3.96    3.78   704  1393   36K    85   47.56   47.46
c rst  geom best   vs   166   43K    2699 16298  1649    3.96    3.78   704  1395   36K    85   47.46   47.36
c rst  geom best   vs   167   43K    2699 16298  1649    3.96    3.78   706  1395   36K    85   47.37   47.27
c rst  geom  stb   vs   168   43K    2699 16298  1649    3.96    3.78   706  1396   36K    85   47.28   47.18
c rst  geom  stb   vs   169   43K    2699 16298  1649    3.96    3.78   706  1396   36K    85   47.12   47.02
c rst  geom  stb   vs   170   44K    2699 16298  1649    3.96    3.78   706  1396   37K    85   46.93   46.84
c [ccnr] tries: 0 steps: 262143 best found: 9
c [ccnr] tries: 0 steps: 524287 best found: 9
c [ccnr] tries: 0 steps: 786431 best found: 9
c [ccnr] saving best assignment phase to stable_polar
c [ccnr] bumping based on clause weights
c [ccnr] Bumped vars: 101 bump type: 6
c [ccnr] time: 0.60
c rst  geom  stb   vs   171   44K    2699 16298  1649    3.96    3.78   706  1396   37K    85   46.80   46.70
c rst  geom  stb   vs   172   44K    2699 16298  1649    3.96    3.78   706  1396   37K    85   46.64   46.54
c rst  geom  stb   vs   173   45K    2699 16298  1649    3.96    3.78   761  2112   30K    85   45.69   45.58
c rst  geom  stb   vs   174   45K    2699 16298  1649    3.96    3.78   761  2112   31K    85   45.52   45.42
c rst  geom  stb   vs   175   45K    2699 16298  1649    3.96    3.78   761  2112   31K    85   45.34   45.24
c rst  geom  stb   vs   176   46K    2699 16298  1649    3.96    3.78   761  2112   32K    85   45.15   45.04
c rst  geom  stb   vs   177   46K    2699 16298  1649    3.96    3.78   761  2112   32K    85   44.97   44.87
c rst  geom  stb   vs   178   47K    2699 16298  1649    3.96    3.78   761  2112   33K    85   44.71   44.61
c rst  geom  stb   vs   179   48K    2699 16298  1649    3.96    3.78   762  2113   33K    85   44.41   44.31
c rst  geom  stb   vs   180   48K    2699 16298  1649    3.96    3.78   762  2113   34K    85   44.09   43.99
c rst  geom  stb   vs   181   49K    2699 16298  1649    3.96    3.78   762  2114   35K    85   43.92   43.82
c rst  geom ibes   vs   182   50K    2699 16298  1649    3.96    3.78   821  2055   35K    85   43.52   43.43
c [gauss] XOR-encoding clauses are not detached, so no need to reattach them.
c [g 0] truth-find prop checks  : 924K
c [g 0] -> of which prop        : 37.22 %
c [g 0] -> of which confl       :  3.11 %
c [g 0] elim called             : 174K
c [g 0] ---> which lead to prop :  8.56 %
c [g 0] ---> which lead to confl:  0.65 %
c [g 0] size: 50    x 765  
c [scc] new: 10 BP 0M T: 0.00
c [vrep] vars 8 lits 22104 rem-bin-cls 39 rem-long-cls 4 BP 0M T: 0.03
c [scc] new: 0 BP 0M T: 0.00
c [vrep] vars 0 lits 0 rem-bin-cls 0 rem-long-cls 0 BP 0M T: 0.00
c [intree] Set 1 vars hyper-added: 752 trans-irred: 1 trans-red: 30 T: 0.01 T-out: N T-r: -1.31%
c [find&init matx] performing matrix init
c [gauss] XOR-encoding clauses are not detached, so no need to reattach them.
c [xor-rem-unconnected] left with 50 xors from 50 non-empty xors T: 0.00
c [xor-together] xored together: 0 orig xors: 50 new xors: 50 T: 0.00
c [xor-rem-unconnected] left with 50 xors from 50 non-empty xors T: 0.00
c [xor-clean-equiv] removed equivalent xors: 0 left with: 50
c [matrix] unused xors from cleaning: 0
c [matrix] Good   matrix 0 50      x758    density:0.1028  xorlen avg: 77.92
c [matrix] Using 1 matrices recovered from 0 xors T: 0.00 T-out: N
c rst  geom ibes vs   183   51  K 2690    16296  1636 3.96    3.78      819  2055   36K   800 43.28   42.46  
c [distill-long-red0] cls tried: 300/300 T: 0.04 T-out: N T-r: 98.94%
c [distill-long-red1] cls tried: 22/1968 T: 0.01 T-out: Y T-r: -2.97%
c rst  geom ibes vs   184   52  K 2690    16296  1636 3.96    3.78      817  2055   37K   802 42.60   41.81  
c [distill] watch-based irred--  cl tried 1646     cl-sh 0     cl-rem 0    lit-rem 0      T: 0.00 T-out: N
c [distill] watch-based red  --  cl tried 1633     cl-sh 28    cl-rem 1    lit-rem 37     T: 0.00 T-out: N
c rst  geom ibes vs   185   53  K 2690    16247  1635 3.96    3.78      816  2055   38K   802 41.95   41.19  
c [branch] adjusting to: vmtf (from: vsid) var_decay:0.95 descr: VMTF
c [distill-bin] useful: 2/1220/1635 lits-rem: 0 cl-rem: 2 0-depth-assigns: 0 T: 0.02 T-out: Y
c rst  luby ibes vmt  186   53  K 2690    16247  1633 3.96    3.78      817  2056   38K   802 41.90   41.15  
c rst  luby ibes vmt  187   53  K 2690    16247  1633 3.96    3.78      817  2059   38K   802 41.87   41.12  
c rst  luby ibes vmt  188   53  K 2690    16247  1633 3.96    3.78      817  2076   39K   802 41.83   41.08  
c rst  luby ibes vmt  189   53  K 2690    16247  1633 3.96    3.78      819  2079   39K   802 41.82   41.08  
c rst  luby ibes vmt  190   53  K 2690    16247  1633 3.96    3.78      819  2081   39K   802 41.80   41.06  
c rst  luby ibes vmt  191   53  K 2690    16247  1633 3.96    3.78      821  2091   39K   802 41.75   41.01  
c rst  luby ibes vmt  192   54  K 2690    16247  1633 3.96    3.78      823  2095   39K   802 41.76   41.02  
c rst  luby ibes vmt  193   54  K 2690    16247  1633 3.96    3.78      823  2095   39K   802 41.75   41.02  
c rst  luby ibes vmt  194   54  K 2690    16247  1633 3.96    3.78      823  2096   40K   802 41.74   41.01  
c rst  luby ibes vmt  195   54  K 2690    16247  1633 3.96    3.78      825  2106   40K   802 41.68   40.96  
c rst  luby ibes vmt  196   54  K 2690    16247  1633 3.96    3.78      826  2109   40K   802 41.67   40.95  
c rst  luby ibes vmt  197   54  K 2690    16247  1633 3.96    3.78      826  2112   40K   802 41.66   40.94  
c rst  luby ibes vmt  198   55  K 2690    16247  1633 3.96    3.78      826  2121   40K   802 41.69   40.97  
c rst  luby svd  vmt  199   55  K 2690    16247  1633 3.96    3.78      831  2133   41K   802 42.24   41.52  
c rst  luby svd  vmt  200   56  K 2690    16247  1633 3.96    3.78      839  2164   41K   802 42.63   41.91  
c recursive minimization cost OK: 307Kcost/(% lits removed)
c [gauss] XOR-encoding clauses are not detached, so no need to reattach them.
c [g 0] truth-find prop checks  : 112K
c [g 0] -> of which prop        : 36.21 %
c [g 0] -> of which confl       :  2.96 %
c [g 0] elim called             : 20K
c [g 0] ---> which lead to prop :  1.49 %
c [g 0] ---> which lead to confl:  0.20 %
c [g 0] size: 50    x 758  
c --> Executing strategy token: scc-vrepl
c [scc] new: 2 BP 0M T: 0.00
c [vrep] vars 2 lits 2625 rem-bin-cls 7 rem-long-cls 2 BP 0M T: 0.01
c --> Executing strategy token: sub-impl
c [impl-sub] bin: 4 T: 0.00 T-out: N w-visit: 5402
c --> Executing strategy token: breakid
c --> Executing OCC strategy token(s): 'occ-backw-sub-str,occ-clean-implicit,occ-bve,occ-bva,occ-ternary-res,occ-xor,'
c [occ] mem usage for occur 1      MB
c [occ] Linked in IRRED BIN by default: 1631
c [occ] Linked in RED   BIN by default: 797
c [occ] mem usage for occur 0      MB
c Mem for watch alloc      : 4           MB (20.63     %)
c Mem for watch array      : 0           MB (0.93      %)
c --> Executing OCC strategy token: occ-backw-sub-str
c [occ-backw-sub-str-long-w-bins] subs: 0 str: 7 tried: 2429 0-depth ass: 0 T: 0.00 T-out: N T-r: 99.36%
c [occ-backw-sub-long-w-long] rem cl: 58 tried: 60727/60727 (100.0%) T: 0.01 T-out: N T-r: 96.84%
c [occ-backw-sub-str-long-w-long] sub: 0 str: 6 tried: 182181/60727 (300.0)  T: 0.06 T-out: N T-r: 89.08%
c --> Executing OCC strategy token: occ-clean-implicit
c --> Executing OCC strategy token: occ-bve
c [occ-empty-res] Empty resolvent elimed: 0 T: 0.00 T-out: N
c [occ-bve] iter v-elim 10
c cl_inc_rate=1.0, var_dec_rate=1.0 (grow=0)
c Reduced to 2678 vars, 17870 cls (grow=0)
c [occ-bve] iter v-elim 307
c cl_inc_rate=1.1, var_dec_rate=1.1 (grow=8)
c Reduced to 2371 vars, 19124 cls (grow=8)
c x n vars       : 2371
c #try to eliminate:  5766
c #var-elim        :   317
c #T-o: N
c #T-r: 99.99%
c #T  : 0.10
c [occur] 0.04 is overhead
c [occur] link-in T: 0.04 cleanup T: 0.00
c --> Executing OCC strategy token: occ-bva
c --> Executing OCC strategy token: occ-ternary-res
c [occ-ternary-res] Ternary res-tri: 42 res-bin: 0 sub: 4 str: 0 T: 0.00 T-out: N T-r: 99.39%
c --> Executing OCC strategy token: occ-xor
c [occ-xor] sort occur list T: 0.00
c [xor-clean-equiv] removed equivalent xors: 0 left with: 1773
c [occ-xor] found   1773 avg sz 4.0 min sz  4 max sz  5 T: 0.00 T-out: N T-r: 99.98%
c --> Executing strategy token: card-find
c --> Executing strategy token: cl-consolidate
c [mem] consolidate  old-sz: 9868K new-sz: 4265K new bits offs: 20 T: 0.00
c --> Executing strategy token: scc-vrepl
c [scc] new: 0 BP 0M T: 0.00
c --> Executing strategy token: renumber
c --> Executing strategy token: bosphorus
c --> Executing strategy token: louvain-comms
c [consolidate] mini T: 0.00
c global_timeout_multiplier: 3.3000
c [branch] rebuilding order heap for all branchings. Current branching: vmtf
c [find&init matx] performing matrix init
c [gauss] XOR-encoding clauses are not detached, so no need to reattach them.
c [xor-rem-unconnected] left with 1769 xors from 1773 non-empty xors T: 0.00
c [xor-together] xored together: 1711 orig xors: 1769 new xors: 58 T: 0.00
c [xor-rem-unconnected] left with 58 xors from 58 non-empty xors T: 0.00
c [xor-clean-equiv] removed equivalent xors: 0 left with: 58
c [matrix] unused xors from cleaning: 4
c [matrix] Good   matrix  0     58 x  468  density:0.1354  xorlen avg: 63.36
c [matrix] Using 1 matrices recovered from 0 xors T: 0.00 T-out: N
c rst  luby  svd  vmt   201   56K    2371 18207   917    4.12    4.02   154   278   24K   126   28.27   28.14
c rst  luby  svd  vmt   202   56K    2371 18207   917    4.12    4.02   154   282   24K   126   28.24   28.11
c rst  luby  svd  vmt   203   56K    2371 18207   917    4.12    4.02   154   287   24K   126   28.23   28.10
c rst  luby  svd  vmt   204   56K    2371 18207   917    4.12    4.02   154   290   24K   126   28.13   28.00
c rst  luby  svd  vmt   205   56K    2371 18207   917    4.12    4.02   155   294   24K   126   28.11   27.98
c rst  luby  svd  vmt   206   56K    2371 18207   917    4.12    4.02   155   296   24K   126   28.07   27.94
c rst  luby  svd  vmt   207   57K    2371 18207   917    4.12    4.02   161   309   25K   126   28.00   27.87
c rst  luby  svd  vmt   208   57K    2371 18207   917    4.12    4.02   161   316   25K   126   27.86   27.74
c rst  luby  svd  vmt   209   57K    2371 18207   917    4.12    4.02   161   316   25K   126   27.86   27.73
c rst  luby  svd  vmt   210   57K    2371 18207   917    4.12    4.02   161   319   25K   126   27.83   27.70
c rst  luby  svd  vmt   211   57K    2371 18207   917    4.12    4.02   161   321   25K   126   27.77   27.65
c rst  luby  svd  vmt   212   58K    2371 18207   917    4.12    4.02   161   321   25K   126   27.75   27.63
c rst  luby  svd  vmt   213   58K    2371 18207   917    4.12    4.02   161   321   26K   126   27.70   27.58
c rst  luby  svd  vmt   214   58K    2371 18207   917    4.12    4.02   161   322   26K   126   27.62   27.50
c rst  luby  svd  vmt   215   58K    2371 18207   917    4.12    4.02   161   327   26K   126   27.51   27.40
c rst  luby  svd  vmt   216   59K    2371 18207   917    4.12    4.02   172   365   27K   126   27.26   27.15
c rst  luby  svd  vmt   217   61K    2371 18207   917    4.12    4.02   255   441   24K   127   25.60   25.48
c [full-probe]  bin_only: 1 set: 0 repl: 0 T: 0.01 T-out: N T-r: 99.78%
c rst  geom best  vmt   218   61K    2371 18207   917    4.12    4.02   256   453   24K   127   25.55   25.44
c rst  geom best  vmt   219   61K    2371 18207   917    4.12    4.02   258   454   24K   127   25.51   25.39
c rst  geom best  vmt   220   61K    2371 18207   917    4.12    4.02   258   454   25K   127   25.45   25.33
c rst  geom best  vmt   221   61K    2371 18207   917    4.12    4.02   258   456   25K   127   25.38   25.27
c rst  geom best  vmt   222   61K    2371 18207   917    4.12    4.02   258   456   25K   127   25.31   25.20
c rst  geom best  vmt   223   61K    2371 18207   917    4.12    4.02   258   457   25K   127   25.25   25.14
c rst  geom best  vmt   224   62K    2371 18207   917    4.12    4.02   258   463   25K   127   25.19   25.08
c rst  geom best  vmt   225   62K    2371 18207   917    4.12    4.02   258   468   25K   127   25.11   25.00
c rst  geom best  vmt   226   62K    2371 18207   917    4.12    4.02   258   472   26K   127   25.08   24.97
c rst  geom best  vmt   227   62K    2371 18207   917    4.12    4.02   258   473   26K   127   24.97   24.86
c rst  geom best  vmt   228   63K    2371 18207   917    4.12    4.02   260   479   26K   127   24.92   24.82
c [branch] adjusting to: vsid (from: vmtf) var_decay:0.95 descr: VSIDS
c rst  geom best   vs   229   63K    2371 18207   917    4.12    4.02   262   479   26K   128   24.94   24.84
c rst  geom best   vs   230   63K    2371 18207   917    4.12    4.02   262   479   26K   128   24.92   24.81
c rst  geom best   vs   231   63K    2371 18207   917    4.12    4.02   262   479   27K   128   24.89   24.79
c rst  geom best   vs   232   63K    2371 18207   917    4.12    4.02   262   479   27K   128   24.90   24.79
c rst  geom best   vs   233   63K    2371 18207   917    4.12    4.02   262   479   27K   128   24.93   24.83
c rst  geom best   vs   234   64K    2371 18207   917    4.12    4.02   262   479   27K   128   24.94   24.83
c rst  geom best   vs   235   64K    2371 18207   917    4.12    4.02   262   479   27K   128   24.96   24.86
c rst  geom best   vs   236   64K    2371 18207   917    4.12    4.02   262   479   27K   128   24.95   24.85
c rst  geom best   vs   237   64K    2371 18207   917    4.12    4.02   262   480   28K   128   24.91   24.81
c rst  geom best   vs   238   64K    2371 18207   917    4.12    4.02   262   480   28K   128   24.87   24.77
c rst  geom best   vs   239   65K    2371 18207   917    4.12    4.02   262   480   28K   128   24.82   24.72
c rst  geom best   vs   240   65K    2371 18207   917    4.12    4.02   262   480   29K   128   24.82   24.72
c rst  geom best   vs   241   65K    2371 18207   917    4.12    4.02   262   480   29K   128   24.78   24.68
c rst  geom best   vs   242   66K    2371 18207   917    4.12    4.02   262   480   29K   128   24.71   24.62
c [distill-long-red0] cls tried: 122/122 T: 0.01 T-out: N T-r: 99.80%
c [distill-long-red1] cls tried: 80/420 T: 0.01 T-out: Y T-r: -1.03%
c rst  geom best   vs   243   66K    2371 18207   917    4.12    4.02   260   480   30K   130   24.68   24.58
c rst  geom best   vs   244   67K    2371 18207   917    4.12    4.02   260   480   30K   130   24.63   24.53
c rst  geom  stb   vs   245   67K    2371 18207   917    4.12    4.02   260   480   31K   130   24.56   24.47
c rst  geom  stb   vs   246   68K    2371 18207   917    4.12    4.02   260   480   31K   130   24.64   24.55
c rst  geom  stb   vs   247   68K    2371 18207   917    4.12    4.02   260   480   32K   130   24.68   24.59
c rst  geom  stb   vs   248   69K    2371 18207   917    4.12    4.02   260   480   32K   130   24.73   24.64
c rst  geom  stb   vs   249   70K    2371 18207   917    4.12    4.02   304   436   33K   130   24.72   24.63
c rst  geom  stb   vs   250   70K    2371 18207   917    4.12    4.02   304   436   34K   130   24.75   24.67
c rst  geom  stb   vs   251   71K    2371 18207   917    4.12    4.02   304   436   35K   130   24.91   24.82
c rst  geom  stb   vs   252   72K    2371 18207   917    4.12    4.02   304   436   36K   130   24.95   24.87
c rst  geom  stb   vs   253   73K    2371 18207   917    4.12    4.02   304   436   37K   130   24.98   24.90
c [distill-bin] useful: 1/917/917 lits-rem: 0 cl-rem: 1 0-depth-assigns: 0 T: 0.01 T-out: N
c rst  geom ibes   vs   254   74K    2371 18207   916    4.12    4.02   304   436   38K   130   24.75   24.68
c [branch] adjusting to: vmtf (from: vsid) var_decay:0.95 descr: VMTF
c rst  luby ibes  vmt   255   75K    2371 18207   916    4.12    4.02   317   593   31K   130   23.61   23.53
c rst  luby ibes  vmt   256   75K    2371 18207   916    4.12    4.02   317   594   31K   130   23.59   23.51
c rst  luby ibes  vmt   257   75K    2371 18207   916    4.12    4.02   318   597   31K   130   23.52   23.44
c rst  luby ibes  vmt   258   75K    2371 18207   916    4.12    4.02   318   597   32K   130   23.49   23.41
c rst  luby ibes  vmt   259   75K    2371 18207   916    4.12    4.02   318   597   32K   130   23.45   23.37
c rst  luby ibes  vmt   260   75K    2371 18207   916    4.12    4.02   318   597   32K   130   23.40   23.32
c rst  luby ibes  vmt   261   76K    2371 18207   916    4.12    4.02   318   604   32K   130   23.28   23.20
c rst  luby ibes  vmt   262   76K    2371 18207   916    4.12    4.02   318   605   32K   130   23.25   23.17
c rst  luby ibes  vmt   263   76K    2371 18207   916    4.12    4.02   319   606   32K   130   23.23   23.15
c rst  luby ibes  vmt   264   76K    2371 18207   916    4.12    4.02   320   610   33K   130   23.18   23.10
c rst  luby ibes  vmt   265   76K    2371 18207   916    4.12    4.02   320   613   33K   130   23.15   23.07
c rst  luby ibes  vmt   266   76K    2371 18207   916    4.12    4.02   321   616   33K   130   23.13   23.05
c rst  luby ibes  vmt   267   76K    2371 18207   916    4.12    4.02   322   621   33K   130   23.06   22.98
c rst  luby ibes  vmt   268   77K    2371 18207   916    4.12    4.02   323   628   33K   130   22.96   22.88
c [distill] watch-based irred--  cl tried     7541 cl-sh   161 cl-rem  169 lit-rem    166 T: 0.01 T-out: N
c [distill] watch-based   red--  cl tried      646 cl-sh    23 cl-rem    0 lit-rem    238 T: 0.00 T-out: N
c rst  luby ibes  vmt   269   78K    2371 18037   930    4.12    4.01   325   635   34K   117   22.69   22.62
c rst  luby ibes  vmt   270   78K    2371 18037   930    4.12    4.01   325   635   34K   117   22.66   22.59
c rst  luby ibes  vmt   271   78K    2371 18037   930    4.12    4.01   325   636   34K   117   22.63   22.57
c rst  luby ibes  vmt   272   78K    2371 18037   930    4.12    4.01   325   638   35K   117   22.58   22.52
c rst  luby ibes  vmt   273   78K    2371 18037   930    4.12    4.01   325   638   35K   117   22.55   22.49
c rst  luby ibes  vmt   274   78K    2371 18037   930    4.12    4.01   325   638   35K   117   22.52   22.46
c rst  luby ibes  vmt   275   78K    2371 18037   930    4.12    4.01   325   643   35K   117   22.47   22.40
c rst  luby ibes  vmt   276   79K    2371 18037   930    4.12    4.01   326   654   35K   117   22.38   22.32
c rst  luby ibes  vmt   277   79K    2371 18037   930    4.12    4.01   326   658   36K   117   22.35   22.29
c rst  luby ibes  vmt   278   79K    2371 18037   930    4.12    4.01   326   659   36K   117   22.32   22.26
c rst  luby  svd  vmt   279   79K    2371 18037   930    4.12    4.01   326   667   36K   117   22.32   22.26
c rst  luby  svd  vmt   280   79K    2371 18037   930    4.12    4.01   326   673   36K   117   22.32   22.26
c rst  luby  svd  vmt   281   79K    2371 18037   930    4.12    4.01   327   679   36K   117   22.30   22.24
c rst  luby  svd  vmt   282   80K    2371 18037   930    4.12    4.01   404   579   36K   117   22.30   22.24
c rst  luby  svd  vmt   283   80K    2371 18037   930    4.12    4.01   407   612   37K   117   22.28   22.21
c rst  luby  svd  vmt   284   81K    2371 18037   930    4.12    4.01   409   627   37K   117   22.16   22.10
c [distill-long-red0] cls tried: 149/149 T: 0.01 T-out: N T-r: 99.61%
c [distill-long-red1] cls tried: 54/513 T: 0.01 T-out: Y T-r: -3.23%
c [full-probe]  bin_only: 0 set: 0 repl: 0 T: 0.01 T-out: N T-r: 97.56%
c rst  luby  svd  vmt   285   82K    2371 18037   930    4.12    4.01   409   645   39K   117   22.07   22.01
c rst  luby  svd  vmt   286   83K    2371 18037   930    4.12    4.01   409   646   39K   117   22.09   22.03
c rst  luby  svd  vmt   287   83K    2371 18037   930    4.12    4.01   409   650   39K   117   22.10   22.05
c rst  luby  svd  vmt   288   83K    2371 18037   930    4.12    4.01   409   657   39K   117   22.10   22.04
c rst  luby  svd  vmt   289   83K    2371 18037   930    4.12    4.01   409   657   39K   117   22.08   22.03
c rst  luby  svd  vmt   290   83K    2371 18037   930    4.12    4.01   409   658   40K   117   22.07   22.01
c rst  luby  svd  vmt   291   83K    2371 18037   930    4.12    4.01   409   662   40K   117   22.06   22.00
c rst  luby  svd  vmt   292   84K    2371 18037   930    4.12    4.01   417   762   40K   117   22.05   21.99
c rst  luby  svd  vmt   293   84K    2371 18037   930    4.12    4.01   417   763   40K   117   22.05   22.00
c rst  luby  svd  vmt   294   84K    2371 18037   930    4.12    4.01   417   764   40K   117   22.05   21.99
c rst  luby  svd  vmt   295   84K    2371 18037   930    4.12    4.01   417   773   40K   117   22.05   22.00
c rst  luby  svd  vmt   296   84K    2371 18037   930    4.12    4.01   417   783   41K   117   22.05   22.00
c rst  luby  svd  vmt   297   84K    2371 18037   930    4.12    4.01   417   783   41K   117   22.06   22.01
c rst  luby  svd  vmt   298   85K    2371 18037   930    4.12    4.01   417   798   41K   117   22.05   21.99
c rst  luby  svd  vmt   299   85K    2371 18037   930    4.12    4.01   417   805   41K   117   22.02   21.96
c rst  luby  svd  vmt   300   86K    2371 18037   930    4.12    4.01   421   819   42K   117   21.98   21.92
c rst  geom best  vmt   301   86K    2371 18037   930    4.12    4.01   421   824   42K   117   21.96   21.90
c rst  geom best  vmt   302   86K    2371 18037   930    4.12    4.01   421   826   42K   117   21.95   21.89
c rst  geom best  vmt   303   86K    2371 18037   930    4.12    4.01   421   827   42K   117   21.94   21.88
c rst  geom best  vmt   304   86K    2371 18037   930    4.12    4.01   421   829   43K   117   21.95   21.89
c rst  geom best  vmt   305   86K    2371 18037   930    4.12    4.01   422   834   43K   117   21.94   21.89
c rst  geom best  vmt   306   87K    2371 18037   930    4.12    4.01   423   839   43K   117   21.91   21.86
c rst  geom best  vmt   307   87K    2371 18037   930    4.12    4.01   423   843   43K   117   21.90   21.84
c rst  geom best  vmt   308   87K    2371 18037   930    4.12    4.01   423   844   43K   117   21.87   21.82
c rst  geom best  vmt   309   87K    2371 18037   930    4.12    4.01   423   849   43K   117   21.87   21.81
c [branch] adjusting to: vsid (from: vmtf) var_decay:0.95 descr: VSIDS
c rst  geom best   vs   310   87K    2371 18037   930    4.12    4.01   423   849   44K   117   21.90   21.84
c rst  geom best   vs   311   87K    2371 18037   930    4.12    4.01   423   849   44K   117   21.92   21.87
c rst  geom best   vs   312   88K    2371 18037   930    4.12    4.01   423   849   44K   117   21.98   21.93
c rst  geom best   vs   313   88K    2371 18037   930    4.12    4.01   423   849   44K   117   21.99   21.93
c [ccnr] tries: 0 steps: 262143 best found: 13
c [ccnr] tries: 0 steps: 524287 best found: 8
c [ccnr] tries: 0 steps: 786431 best found: 8
c [ccnr] saving best assignment phase to stable_polar
c [ccnr] bumping based on var unsat frequency: conflict_ct
c [ccnr] Bumped vars: 2701 bump type: 6
c [ccnr] time: 0.54
c rst  geom best   vs   314   88K    2371 18037   930    4.12    4.01   423   851   44K   117   21.99   21.94
c rst  geom best   vs   315   88K    2371 18037   930    4.12    4.01   423   851   44K   117   22.00   21.95
c rst  geom best   vs   316   88K    2371 18037   930    4.12    4.01   423   851   45K   117   22.01   21.96
c rst  geom best   vs   317   88K    2371 18037   930    4.12    4.01   423   851   45K   117   22.02   21.97
c rst  geom best   vs   318   89K    2371 18037   930    4.12    4.01   423   851   45K   117   22.04   21.99
c rst  geom best   vs   319   89K    2371 18037   930    4.12    4.01   423   851   45K   117   22.02   21.98
c rst  geom best   vs   320   89K    2371 18037   930    4.12    4.01   423   851   46K   117   21.99   21.94
c rst  geom best   vs   321   90K    2371 18037   930    4.12    4.01   665  1227   34K   117   19.98   19.92
c rst  geom best   vs   322   90K    2371 18037   930    4.12    4.01   665  1227   34K   117   19.97   19.91
c rst  geom best   vs   323   90K    2371 18037   930    4.12    4.01   665  1227   35K   117   20.01   19.96
c rst  geom best   vs   324   91K    2371 18037   930    4.12    4.01   665  1227   35K   117   20.06   20.00
c rst  geom best   vs   325   91K    2371 18037   930    4.12    4.01   665  1227   36K   117   20.10   20.04
c rst  geom best   vs   326   92K    2371 18037   930    4.12    4.01   665  1228   36K   117   20.12   20.07
c rst  geom  stb   vs   327   92K    2371 18037   930    4.12    4.01   665  1228   37K   117   20.26   20.21
c rst  geom  stb   vs   328   93K    2371 18037   930    4.12    4.01   665  1228   37K   117   20.30   20.24
c rst  geom  stb   vs   329   93K    2371 18037   930    4.12    4.01   665  1228   38K   117   20.40   20.35
c [distill-bin] useful: 3/930/930 lits-rem: 0 cl-rem: 3 0-depth-assigns: 0 T: 0.01 T-out: N
c rst  geom  stb   vs   330   94K    2371 18037   927    4.12    4.01   665  1229   39K   117   20.45   20.39
c rst  geom  stb   vs   331   95K    2371 18037   927    4.12    4.01   665  1229   39K   117   20.50   20.44
c rst  geom  stb   vs   332   96K    2371 18037   927    4.12    4.01   665  1229   40K   117   20.67   20.61
c rst  geom  stb   vs   333   97K    2371 18037   927    4.12    4.01   665  1229   41K   117   20.85   20.80
c [distill-long-red0] cls tried: 252/252 T: 0.03 T-out: N T-r: 98.90%
c [distill-long-red1] cls tried: 31/1064 T: 0.01 T-out: Y T-r: -4.09%
c rst  geom  stb   vs   334   98K    2371 18037   927    4.12    4.01   665  1229   42K   117   20.95   20.90
c rst  geom ibes   vs   335   99K    2371 18037   927    4.12    4.01   665  1229   43K   117   21.14   21.09
c rst  geom ibes   vs   336  100K    2371 18037   927    4.12    4.01   668  1220   45K   117   20.94   20.89
c [impl-str] lit bin: 0 set-var: 0 T: 0.00 T-out: N T-r: 99.95% w-visit: 5402
c [impl-sub] bin: 2 T: 0.00 T-out: N w-visit: 5402
c rst  geom ibes   vs   337  102K    2371 18037   927    4.12    4.01   668  1220   46K   115   20.87   20.83
c [branch] adjusting to: vmtf (from: vsid) var_decay:0.95 descr: VMTF
c [full-probe]  bin_only: 1 set: 0 repl: 0 T: 0.01 T-out: N T-r: 99.75%
c rst  luby ibes  vmt   338  102K    2371 18037   927    4.12    4.01   669  1240   46K   127   21.12   21.07
c rst  luby ibes  vmt   339  102K    2371 18037   927    4.12    4.01   671  1250   46K   127   21.13   21.08
c [distill] watch-based irred--  cl tried     7370 cl-sh     0 cl-rem    0 lit-rem      0 T: 0.01 T-out: N
c [distill] watch-based   red--  cl tried     1342 cl-sh    13 cl-rem    0 lit-rem     28 T: 0.00 T-out: N
c rst  luby ibes  vmt   340  102K    2371 18037   927    4.12    4.01   671  1250   47K   127   21.20   21.15
c rst  luby ibes  vmt   341  102K    2371 18037   927    4.12    4.01   671  1250   47K   127   21.19   21.14
c rst  luby ibes  vmt   342  102K    2371 18037   927    4.12    4.01   671  1250   47K   127   21.18   21.13
c rst  luby ibes  vmt   343  102K    2371 18037   927    4.12    4.01   671  1250   47K   127   21.17   21.12
c rst  luby ibes  vmt   344  103K    2371 18037   927    4.12    4.01   671  1250   47K   127   21.12   21.07
c rst  luby ibes  vmt   345  103K    2371 18037   927    4.12    4.01   671  1250   47K   127   21.11   21.06
c rst  luby ibes  vmt   346  103K    2371 18037   927    4.12    4.01   671  1250   48K   127   21.10   21.05
c rst  luby ibes  vmt   347  103K    2371 18037   927    4.12    4.01   671  1250   48K   127   21.07   21.02
c rst  luby ibes  vmt   348  103K    2371 18037   927    4.12    4.01   671  1250   48K   127   21.05   21.01
c rst  luby ibes  vmt   349  103K    2371 18037   927    4.12    4.01   671  1250   48K   127   21.04   20.99
c rst  luby ibes  vmt   350  104K    2371 18037   927    4.12    4.01   671  1250   48K   127   21.02   20.97
c rst  luby ibes  vmt   351  104K    2371 18037   927    4.12    4.01   671  1250   49K   127   20.96   20.91
c rst  luby  svd  vmt   352  105K    2371 18037   927    4.12    4.01   679  1260   36K   127   21.25   21.18
c rst  luby  svd  vmt   353  105K    2371 18037   927    4.12    4.01   679  1260   37K   127   21.25   21.18
c rst  luby  svd  vmt   354  105K    2371 18037   927    4.12    4.01   679  1260   37K   127   21.25   21.19
c rst  luby  svd  vmt   355  105K    2371 18037   927    4.12    4.01   679  1260   37K   127   21.24   21.18
c rst  luby  svd  vmt   356  105K    2371 18037   927    4.12    4.01   679  1260   37K   127   21.24   21.18
c rst  luby  svd  vmt   357  106K    2371 18037   927    4.12    4.01   679  1260   37K   127   21.25   21.19
c rst  luby  svd  vmt   358  106K    2371 18037   927    4.12    4.01   679  1260   37K   127   21.31   21.25
c rst  luby  svd  vmt   359  106K    2371 18037   927    4.12    4.01   679  1260   38K   127   21.40   21.34
c rst  luby  svd  vmt   360  106K    2371 18037   927    4.12    4.01   685  1287   38K   127   21.39   21.33
c rst  luby  svd  vmt   361  106K    2371 18037   927    4.12    4.01   685  1289   38K   127   21.40   21.34
c rst  luby  svd  vmt   362  107K    2371 18037   927    4.12    4.01   686  1292   38K   127   21.40   21.34
c rst  luby  svd  vmt   363  107K    2371 18037   927    4.12    4.01   686  1292   38K   127   21.42   21.36
c rst  luby  svd  vmt   364  107K    2371 18037   927    4.12    4.01   687  1297   38K   127   21.44   21.38
c rst  luby  svd  vmt   365  107K    2371 18037   927    4.12    4.01   687  1297   38K   127   21.43   21.37
c rst  luby  svd  vmt   366  107K    2371 18037   927    4.12    4.01   687  1300   39K   127   21.39   21.33
c rst  luby  svd  vmt   367  108K    2371 18037   927    4.12    4.01   689  1315   40K   127   21.40   21.34
c rst  luby  svd  vmt   368  110K    2371 18037   927    4.12    4.01   783  1238   41K   127   21.32   21.27
c rst  luby  svd  vmt   369  110K    2371 18037   927    4.12    4.01   783  1240   41K   127   21.33   21.28
c rst  luby  svd  vmt   370  110K    2371 18037   927    4.12    4.01   783  1241   41K   127   21.32   21.27
c rst  luby  svd  vmt   371  110K    2371 18037   927    4.12    4.01   783  1244   42K   127   21.31   21.26
c rst  luby  svd  vmt   372  110K    2371 18037   927    4.12    4.01   783  1248   42K   127   21.31   21.25
c rst  geom best  vmt   373  110K    2371 18037   927    4.12    4.01   783  1249   42K   127   21.29   21.23
c rst  geom best  vmt   374  110K    2371 18037   927    4.12    4.01   783  1250   42K   127   21.27   21.22
c rst  geom best  vmt   375  111K    2371 18037   927    4.12    4.01   784  1250   42K   127   21.25   21.20
c rst  geom best  vmt   376  111K    2371 18037   927    4.12    4.01   784  1256   42K   127   21.26   21.21
c rst  geom best  vmt   377  111K    2371 18037   927    4.12    4.01   784  1259   42K   127   21.26   21.21
c rst  geom best  vmt   378  111K    2371 18037   927    4.12    4.01   784  1260   43K   127   21.25   21.20
c rst  geom best  vmt   379  111K    2371 18037   927    4.12    4.01   784  1261   43K   127   21.22   21.17
c rst  geom best  vmt   380  111K    2371 18037   927    4.12    4.01   786  1275   43K   127   21.21   21.15
c rst  geom best  vmt   381  112K    2371 18037   927    4.12    4.01   786  1279   43K   127   21.19   21.14
c rst  geom best  vmt   382  112K    2371 18037   927    4.12    4.01   788  1282   43K   127   21.17   21.12
c [distill-long-red0] cls tried: 126/126 T: 0.01 T-out: N T-r: 99.58%
c [distill-long-red1] cls tried: 28/1094 T: 0.01 T-out: Y T-r: -3.95%
c rst  geom best  vmt   383  112K    2371 18037   927    4.12    4.01   788  1286   44K   127   21.17   21.11
c rst  geom best  vmt   384  113K    2371 18037   927    4.12    4.01   789  1287   44K   127   21.14   21.09
c rst  geom best  vmt   385  113K    2371 18037   927    4.12    4.01   789  1295   44K   127   21.10   21.05
c rst  geom best  vmt   386  113K    2371 18037   927    4.12    4.01   791  1299   45K   127   21.08   21.03
c rst  geom best  vmt   387  114K    2371 18037   927    4.12    4.01   793  1307   45K   127   21.05   21.00
c [distill-bin] useful: 0/927/927 lits-rem: 0 cl-rem: 0 0-depth-assigns: 0 T: 0.01 T-out: N
c rst  geom best  vmt   388  114K    2371 18037   927    4.12    4.01   793  1312   46K   127   20.99   20.94
c rst  geom best  vmt   389  115K    2371 18037   927    4.12    4.01   795  1316   46K   127   20.92   20.87
c rst  geom best  vmt   390  115K    2371 18037   927    4.12    4.01   796  1324   47K   127   20.86   20.81
c [gauss] XOR-encoding clauses are not detached, so no need to reattach them.
c [g 0] truth-find prop checks  : 2109K
c [g 0] -> of which prop        : 37.81 %
c [g 0] -> of which confl       :  1.20 %
c [g 0] elim called             : 337K
c [g 0] ---> which lead to prop : 46.49 %
c [g 0] ---> which lead to confl:  1.81 %
c [g 0] size: 58    x 468  
c [scc] new: 1 BP 0M T: 0.00
c [vrep] vars 1 lits 3197 rem-bin-cls 6 rem-long-cls 0 BP 0M T: 0.01
c [scc] new: 0 BP 0M T: 0.00
c [vrep] vars 0 lits 0 rem-bin-cls 0 rem-long-cls 0 BP 0M T: 0.00
c [intree] Set 0 vars hyper-added: 25 trans-irred: 0 trans-red: 0 T: 0.01 T-out: N T-r: -1.92%
c [find&init matx] performing matrix init
c [gauss] XOR-encoding clauses are not detached, so no need to reattach them.
c [xor-rem-unconnected] left with 1769 xors from 1773 non-empty xors T: 0.00
c [xor-together] xored together: 1711 orig xors: 1769 new xors: 58 T: 0.00
c [xor-rem-unconnected] left with 58 xors from 58 non-empty xors T: 0.00
c [xor-clean-equiv] removed equivalent xors: 0 left with: 58
c [matrix] unused xors from cleaning: 4
c [matrix] Good   matrix 0 58      x467    density:0.1357  xorlen avg: 63.36
c [matrix] Using 1 matrices recovered from 0 xors T: 0.00 T-out: N
c rst  geom best vmt  391   116 K 2370    18037   925 4.12    4.01      797  1338   47K   150 20.81   20.75  
c rst  geom best vmt  392   116 K 2370    18037   925 4.12    4.01      797  1352   48K   150 20.78   20.72  
c rst  geom stb  vmt  393   117 K 2370    18037   925 4.12    4.01      800  1371   48K   150 20.71   20.65  
c [branch] adjusting to: vsid (from: vmtf) var_decay:0.95 descr: VSIDS
c rst  geom stb  vs   394   117 K 2370    18037   925 4.12    4.01      800  1371   49K   150 20.75   20.69  
c rst  geom stb  vs   395   117 K 2370    18037   925 4.12    4.01      801  1371   49K   150 20.78   20.72  
c rst  geom stb  vs   396   118 K 2370    18037   925 4.12    4.01      801  1371   49K   150 20.79   20.74  
c rst  geom stb  vs   397   118 K 2370    18037   925 4.12    4.01      801  1371   49K   150 20.81   20.75  
c rst  geom stb  vs   398   118 K 2370    18037   925 4.12    4.01      801  1371   49K   150 20.83   20.78  
c rst  geom stb  vs   399   118 K 2370    18037   925 4.12    4.01      801  1371   49K   150 20.84   20.79  
c rst  geom stb  vs   400   118 K 2370    18037   925 4.12    4.01      801  1371   50K   150 20.89   20.83  
c rst  geom stb  vs   401   118 K 2370    18037   925 4.12    4.01      803  1372   50K   150 20.90   20.84  
c rst  geom stb  vs   402   119 K 2370    18037   925 4.12    4.01      803  1372   50K   150 20.90   20.85  
c rst  geom stb  vs   403   119 K 2370    18037   925 4.12    4.01      803  1372   50K   150 20.93   20.88  
c rst  geom stb  vs   404   119 K 2370    18037   925 4.12    4.01      803  1372   51K   150 20.92   20.87  
c rst  geom stb  vs   405   120 K 2370    18037   925 4.12    4.01      988  1797   37K   150 20.99   20.92  
c rst  geom stb  vs   406   120 K 2370    18037   925 4.12    4.01      988  1797   37K   150 21.04   20.97  
c rst  geom stb  vs   407   120 K 2370    18037   925 4.12    4.01      988  1797   37K   150 21.07   21.00  
c rst  geom stb  vs   408   121 K 2370    18037   925 4.12    4.01      988  1797   38K   150 21.12   21.05  
c rst  geom stb  vs   409   121 K 2370    18037   925 4.12    4.01      988  1797   38K   150 21.23   21.16  
c rst  geom stb  vs   410   122 K 2370    18037   925 4.12    4.01      988  1797   39K   150 21.20   21.13  
c rst  geom stb  vs   411   122 K 2370    18037   925 4.12    4.01      988  1797   39K   150 21.22   21.15  
c [full-probe]  bin_only: 0 set: 0 repl: 0 T: 0.01 T-out: N T-r: 97.94%
c rst  geom stb  vs   412   123 K 2370    18037   925 4.12    4.01      988  1797   40K   152 21.43   21.36  
c rst  geom ibes vs   413   123 K 2370    18037   925 4.12    4.01      989  1798   41K   152 21.46   21.39  
c rst  geom ibes vs   414   124 K 2370    18037   925 4.12    4.01      989  1798   41K   152 21.51   21.44  
c rst  geom ibes vs   415   125 K 2370    18037   925 4.12    4.01      989  1801   42K   152 21.46   21.39  
c rst  geom ibes vs   416   126 K 2370    18037   925 4.12    4.01      989  1801   43K   152 21.54   21.48  
c rst  geom ibes vs   417   127 K 2370    18037   925 4.12    4.01      989  1802   44K   152 21.48   21.42  
c rst  geom ibes vs   418   128 K 2370    18037   925 4.12    4.01      989  1802   45K   152 21.45   21.39  
c [distill-long-red0] cls tried: 199/199 T: 0.03 T-out: N T-r: 99.11%
c [distill-long-red1] cls tried: 32/1589 T: 0.01 T-out: Y T-r: -8.06%
c [distill] watch-based irred--  cl tried 7370     cl-sh 0     cl-rem 0    lit-rem 0      T: 0.01 T-out: N
c [distill] watch-based red  --  cl tried 1978     cl-sh 7     cl-rem 0    lit-rem 8      T: 0.00 T-out: N
c rst  geom ibes vs   419   129 K 2370    18037   925 4.12    4.01      989  1802   46K   152 21.55   21.49  
c rst  geom ibes vs   420   130 K 2370    18037   925 4.12    4.01      992  1769   47K   152 21.61   21.55  
c rst  geom svd  vs   421   132 K 2370    18037   925 4.12    4.01      992  1769   49K   152 21.88   21.82  
c rst  geom svd  vs   422   133 K 2370    18037   925 4.12    4.01      996  1782   50K   152 22.41   22.35  
c [ccnr] tries: 0 steps: 262143 best found: 14
c [ccnr] tries: 0 steps: 524287 best found: 14
c [ccnr] tries: 0 steps: 786431 best found: 14
c [ccnr] saving best assignment phase to stable_polar
c [ccnr] bumping based on var unsat frequency: conflict_ct
c [ccnr] Bumped vars: 2701 bump type: 6
c [ccnr] time: 0.56
c rst  geom svd  vs   423   134 K 2370    18037   925 4.12    4.01      997  1782   51K   152 22.65   22.60  
c recursive minimization cost OK: 315Kcost/(% lits removed)
c [gauss] XOR-encoding clauses are not detached, so no need to reattach them.
c [g 0] truth-find prop checks  : 483K
c [g 0] -> of which prop        : 62.37 %
c [g 0] -> of which confl       :  1.86 %
c [g 0] elim called             : 36K
c [g 0] ---> which lead to prop : 66.92 %
c [g 0] ---> which lead to confl:  1.80 %
c [g 0] size: 58    x 467  
c --> Executing strategy token: scc-vrepl
c [scc] new: 1 BP 0M T: 0.00
c --> Executing strategy token: sub-impl
c [impl-sub] bin: 14 T: 0.00 T-out: N w-visit: 5402
c --> Executing strategy token: breakid
c --> Executing OCC strategy token(s): 'occ-backw-sub-str,occ-clean-implicit,occ-bve,occ-bva,occ-ternary-res,occ-xor,'
c [occ] mem usage for occur 1      MB
c [occ] Linked in IRRED BIN by default: 925
c [occ] Linked in RED   BIN by default: 138
c [occ] mem usage for occur 0      MB
c Mem for watch alloc      : 7           MB (23.67     %)
c Mem for watch array      : 0           MB (0.41      %)
c --> Executing OCC strategy token: occ-backw-sub-str
c [occ-backw-sub-str-long-w-bins] subs: 0 str: 0 tried: 5424 0-depth ass: 0 T: 0.00 T-out: N T-r: 99.64%
c [occ-backw-sub-long-w-long] rem cl: 597 tried: 72368/72368 (100.0%) T: 0.02 T-out: N T-r: 91.71%
c [occ-backw-sub-str-long-w-long] sub: 2 str: 124 tried: 217104/72368 (300.0)  T: 0.09 T-out: N T-r: 82.97%
c --> Executing OCC strategy token: occ-clean-implicit
c --> Executing OCC strategy token: occ-bve
c [occ-empty-res] Empty resolvent elimed: 0 T: 0.00 T-out: N
c [occ-bve] iter v-elim 0
c cl_inc_rate=1.0, var_dec_rate=1.0 (grow=0)
c Reduced to 2370 vars, 18492 cls (grow=0)
c [occ-bve] iter v-elim 7
c cl_inc_rate=1.0, var_dec_rate=1.0 (grow=8)
c Reduced to 2363 vars, 18488 cls (grow=8)
c [occ-bve] iter v-elim 888
c cl_inc_rate=1.8, var_dec_rate=1.6 (grow=16)
c Reduced to 1475 vars, 32487 cls (grow=16)
c x n vars       : 1475
c #try to eliminate:  8546
c #var-elim        :   895
c #T-o: N
c #T-r: 99.84%
c #T  : 0.37
c [occur] 0.03 is overhead
c [occur] link-in T: 0.03 cleanup T: 0.00
c --> Executing OCC strategy token: occ-bva
c --> Executing OCC strategy token: occ-ternary-res
c [occ-ternary-res] Ternary res-tri: 6 res-bin: 0 sub: 2 str: 0 T: 0.00 T-out: N T-r: 99.55%
c --> Executing OCC strategy token: occ-xor
c [occ-xor] sort occur list T: 0.00
c [xor-clean-equiv] removed equivalent xors: 0 left with: 911
c [occ-xor] found    911 avg sz 5.9 min sz  4 max sz  6 T: 0.01 T-out: N T-r: 99.97%
c --> Executing strategy token: card-find
c --> Executing strategy token: cl-consolidate
c Not consolidating memory.
c --> Executing strategy token: scc-vrepl
c [scc] new: 1 BP 0M T: 0.00
c [vrep] vars 1 lits 6821 rem-bin-cls 4 rem-long-cls 0 BP 0M T: 0.01
c --> Executing strategy token: renumber
c [gauss] XOR-encoding clauses are not detached, so no need to reattach them.
c [renumber] T: 0.01
c --> Executing strategy token: bosphorus
c --> Executing strategy token: louvain-comms
c [consolidate] mini T: 0.00
c global_timeout_multiplier: 3.6300
c [branch] rebuilding order heap for all branchings. Current branching: vsid
c [find&init matx] performing matrix init
c [gauss] XOR-encoding clauses are not detached, so no need to reattach them.
c [xor-rem-unconnected] left with 910 xors from 911 non-empty xors T: 0.00
c [xor-together] xored together: 852 orig xors: 910 new xors: 58 T: 0.00
c [xor-rem-unconnected] left with 58 xors from 58 non-empty xors T: 0.00
c [xor-clean-equiv] removed equivalent xors: 0 left with: 58
c [matrix] unused xors from cleaning: 1
c [matrix] Good   matrix  0     58 x  466  density:0.1360  xorlen avg: 63.36
c [matrix] Using 1 matrices recovered from 0 xors T: 0.00 T-out: N
c [distill-bin] useful: 2/822/822 lits-rem: 0 cl-rem: 2 0-depth-assigns: 0 T: 0.01 T-out: N
c rst  geom  svd   vs   424  135K    1474   31K   820    5.82    5.72   664  1353   36K   123   22.26   22.20
c [branch] adjusting to: vmtf (from: vsid) var_decay:0.95 descr: VMTF
c rst  luby  svd  vmt   425  135K    1474   31K   820    5.82    5.72   668  1381   36K   123   22.30   22.24
c rst  luby  svd  vmt   426  135K    1474   31K   820    5.82    5.72   668  1381   36K   123   22.30   22.24
c rst  luby  svd  vmt   427  135K    1474   31K   820    5.82    5.72   668  1385   37K   123   22.27   22.21
c rst  luby  svd  vmt   428  135K    1474   31K   820    5.82    5.72   669  1387   37K   123   22.27   22.21
c rst  luby  svd  vmt   429  135K    1474   31K   820    5.82    5.72   669  1392   37K   123   22.25   22.19
c rst  luby  svd  vmt   430  136K    1474   31K   820    5.82    5.72   670  1393   37K   123   22.21   22.15
c rst  luby  svd  vmt   431  136K    1474   31K   820    5.82    5.72   670  1399   37K   123   22.18   22.12
c rst  luby  svd  vmt   432  136K    1474   31K   820    5.82    5.72   670  1403   37K   123   22.20   22.13
c rst  luby  svd  vmt   433  136K    1474   31K   820    5.82    5.72   673  1420   38K   123   22.18   22.11
c rst  luby  svd  vmt   434  136K    1474   31K   820    5.82    5.72   673  1420   38K   123   22.18   22.12
c rst  luby  svd  vmt   435  137K    1474   31K   820    5.82    5.72   673  1420   38K   123   22.17   22.11
c rst  geom best  vmt   436  137K    1474   31K   820    5.82    5.72   673  1420   38K   123   22.16   22.10
c rst  geom best  vmt   437  137K    1474   31K   820    5.82    5.72   673  1420   38K   123   22.14   22.08
c rst  geom best  vmt   438  137K    1474   31K   820    5.82    5.72   674  1421   38K   123   22.12   22.06
c rst  geom best  vmt   439  137K    1474   31K   820    5.82    5.72   675  1424   38K   123   22.09   22.03
c rst  geom best  vmt   440  137K    1474   31K   820    5.82    5.72   675  1424   39K   123   22.06   22.00
c rst  geom best  vmt   441  137K    1474   31K   820    5.82    5.72   675  1424   39K   123   22.02   21.96
c rst  geom best  vmt   442  138K    1474   31K   820    5.82    5.72   675  1425   39K   123   21.98   21.92
c rst  geom best  vmt   443  138K    1474   31K   820    5.82    5.72   675  1426   39K   123   21.94   21.88
c rst  geom best  vmt   444  138K    1474   31K   820    5.82    5.72   675  1427   39K   123   21.89   21.83
c rst  geom best  vmt   445  138K    1474   31K   820    5.82    5.72   675  1427   40K   123   21.82   21.77
c rst  geom best  vmt   446  139K    1474   31K   820    5.82    5.72   675  1428   40K   123   21.75   21.69
c rst  geom best  vmt   447  139K    1474   31K   820    5.82    5.72   675  1428   40K   123   21.67   21.61
c rst  geom best  vmt   448  139K    1474   31K   820    5.82    5.72   675  1432   41K   123   21.60   21.54
c rst  geom best  vmt   449  140K    1474   31K   820    5.82    5.72   770  1326   41K   123   21.52   21.46
c rst  geom best  vmt   450  140K    1474   31K   820    5.82    5.72   770  1332   41K   123   21.43   21.37
c rst  geom best  vmt   451  140K    1474   31K   820    5.82    5.72   770  1336   42K   123   21.33   21.28
c rst  geom best  vmt   452  141K    1474   31K   820    5.82    5.72   771  1342   42K   123   21.26   21.20
c rst  geom best  vmt   453  142K    1474   31K   820    5.82    5.72   771  1342   43K   123   21.18   21.13
c rst  geom best  vmt   454  142K    1474   31K   820    5.82    5.72   774  1361   43K   123   21.07   21.02
c [full-probe]  bin_only: 1 set: 0 repl: 0 T: 0.01 T-out: N T-r: 99.72%
c rst  geom best  vmt   455  143K    1474   31K   820    5.82    5.72   775  1366   44K   123   20.97   20.92
c [distill-long-red0] cls tried: 126/126 T: 0.02 T-out: N T-r: 99.45%
c [distill-long-red1] cls tried: 38/1196 T: 0.01 T-out: Y T-r: -8.19%
c rst  geom best  vmt   456  144K    1474   31K   820    5.82    5.72   776  1379   45K   123   20.86   20.81
c rst  geom  stb  vmt   457  144K    1474   31K   820    5.82    5.72   776  1387   46K   123   20.82   20.78
c rst  geom  stb  vmt   458  145K    1474   31K   820    5.82    5.72   781  1406   46K   123   20.79   20.75
c rst  geom  stb  vmt   459  146K    1474   31K   820    5.82    5.72   781  1427   47K   123   20.80   20.75
c rst  geom  stb  vmt   460  147K    1474   31K   820    5.82    5.72   781  1437   48K   123   20.77   20.73
c rst  geom  stb  vmt   461  148K    1474   31K   820    5.82    5.72   783  1479   49K   123   20.75   20.71
c rst  geom  stb  vmt   462  150K    1474   31K   820    5.82    5.72  1007  1993   36K   123   20.84   20.78
c rst  geom  stb  vmt   463  151K    1474   31K   820    5.82    5.72  1015  2048   38K   123   20.79   20.74
c rst  geom ibes  vmt   464  153K    1474   31K   820    5.82    5.72  1015  2074   39K   123   20.52   20.47
c rst  geom ibes  vmt   465  154K    1474   31K   820    5.82    5.72  1015  2103   41K   123   20.15   20.10
c [branch] adjusting to: vsid (from: vmtf) var_decay:0.95 descr: VSIDS
c [distill-bin] useful: 0/820/820 lits-rem: 0 cl-rem: 0 0-depth-assigns: 0 T: 0.01 T-out: N
c [distill] watch-based irred--  cl tried     7184 cl-sh     4 cl-rem    2 lit-rem      4 T: 0.01 T-out: N
c [distill] watch-based   red--  cl tried     2030 cl-sh    25 cl-rem    0 lit-rem     58 T: 0.01 T-out: N
c rst  geom ibes   vs   466  154K    1474   31K   820    5.82    5.72  1015  2103   41K   123   20.20   20.15
c rst  geom ibes   vs   467  154K    1474   31K   820    5.82    5.72  1015  2103   41K   123   20.22   20.17
c rst  geom ibes   vs   468  155K    1474   31K   820    5.82    5.72  1015  2103   41K   123   20.23   20.18
c rst  geom ibes   vs   469  155K    1474   31K   820    5.82    5.72  1015  2103   41K   123   20.22   20.18
c rst  geom ibes   vs   470  155K    1474   31K   820    5.82    5.72  1015  2103   42K   123   20.24   20.19
c rst  geom ibes   vs   471  155K    1474   31K   820    5.82    5.72  1015  2107   42K   123   20.22   20.17
c rst  geom ibes   vs   472  155K    1474   31K   820    5.82    5.72  1015  2107   42K   123   20.29   20.24
c rst  geom ibes   vs   473  156K    1474   31K   820    5.82    5.72  1015  2107   42K   123   20.34   20.29
c rst  geom ibes   vs   474  156K    1474   31K   820    5.82    5.72  1015  2107   42K   123   20.36   20.31
c rst  geom ibes   vs   475  156K    1474   31K   820    5.82    5.72  1017  2108   43K   123   20.37   20.32
c rst  geom ibes   vs   476  156K    1474   31K   820    5.82    5.72  1017  2108   43K   123   20.39   20.35
c rst  geom ibes   vs   477  157K    1474   31K   820    5.82    5.72  1017  2108   43K   123   20.52   20.47
c rst  geom ibes   vs   478  157K    1474   31K   820    5.82    5.72  1017  2108   44K   123   20.54   20.49
c rst  geom ibes   vs   479  157K    1474   31K   820    5.82    5.72  1017  2109   44K   124   20.56   20.51
c rst  geom ibes   vs   480  158K    1474   31K   820    5.82    5.72  1017  2109   44K   124   20.56   20.51
c rst  geom  svd   vs   481  158K    1474   31K   820    5.82    5.72  1017  2109   45K   124   20.57   20.52
c [distill-long-red0] cls tried: 250/250 T: 0.05 T-out: N T-r: 98.51%
c [distill-long-red1] cls tried: 22/1902 T: 0.01 T-out: Y T-r: -6.36%
c rst  geom  svd   vs   482  159K    1474   31K   820    5.82    5.72  1017  2109   45K   124   20.61   20.56
c rst  geom  svd   vs   483  159K    1474   31K   820    5.82    5.72  1017  2109   46K   124   20.67   20.62
c rst  geom  svd   vs   484  160K    1474   31K   820    5.82    5.72  1128  1896   47K   124   20.79   20.74
c rst  geom  svd   vs   485  160K    1474   31K   820    5.82    5.72  1128  1896   47K   124   20.82   20.77
c [impl-str] lit bin: 0 set-var: 0 T: 0.00 T-out: N T-r: 99.95% w-visit: 2948
c [impl-sub] bin: 0 T: 0.00 T-out: N w-visit: 2948
c rst  geom  svd   vs   486  161K    1474   31K   820    5.82    5.72  1128  1897   48K   124   20.86   20.81
c rst  geom  svd   vs   487  162K    1474   31K   820    5.82    5.72  1128  1897   49K   124   20.98   20.93
c rst  geom  svd   vs   488  163K    1474   31K   820    5.82    5.72  1128  1898   50K   124   20.98   20.93
c [full-probe]  bin_only: 0 set: 1 repl: 0 T: 0.01 T-out: N T-r: 97.31%
c rst  geom  svd   vs   489  164K    1473   31K   820    5.82    5.72  1128  1898   51K   124   21.02   20.97
c rst  geom  svd   vs   490  165K    1473   31K   820    5.82    5.72  1138  2208   38K   124   20.74   20.68
c rst  geom best   vs   491  166K    1473   31K   820    5.82    5.72  1138  2208   39K   124   20.91   20.86
c rst  geom best   vs   492  167K    1473   31K   820    5.82    5.72  1138  2212   40K   124   20.95   20.90
c rst  geom best   vs   493  169K    1473   31K   820    5.82    5.72  1139  2213   41K   124   21.11   21.05
c rst  geom best   vs   494  170K    1473   31K   820    5.82    5.72  1141  2211   43K   124   21.34   21.29
c rst  geom best   vs   495  172K    1473   31K   820    5.82    5.72  1141  2214   45K   124   21.95   21.90
c rst  geom  stb   vs   496  174K    1473   31K   820    5.82    5.72  1142  2214   46K   124   22.49   22.44
c [distill-long-red0] cls tried: 123/123 T: 0.02 T-out: N T-r: 99.40%
c [distill-long-red1] cls tried: 20/2013 T: 0.01 T-out: Y T-r: -8.81%
c rst  geom  stb   vs   497  176K    1473   31K   820    5.82    5.72  1143  2217   48K   124   23.74   23.69
c [branch] adjusting to: vmtf (from: vsid) var_decay:0.95 descr: VMTF
c [distill-bin] useful: 0/820/820 lits-rem: 0 cl-rem: 0 0-depth-assigns: 0 T: 0.01 T-out: N
c rst  luby  stb  vmt   498  176K    1473   31K   818    5.82    5.72  1143  2218   49K   124   23.75   23.70
c rst  luby  stb  vmt   499  176K    1473   31K   818    5.82    5.72  1143  2220   49K   124   23.74   23.68
c rst  luby  stb  vmt   500  176K    1473   31K   818    5.82    5.72  1143  2221   49K   124   23.72   23.67
c rst  luby  stb  vmt   501  176K    1473   31K   818    5.82    5.72  1143  2228   49K   124   23.70   23.65
c rst  luby  stb  vmt   502  176K    1473   31K   818    5.82    5.72  1143  2228   49K   124   23.70   23.65
c rst  luby  stb  vmt   503  177K    1473   31K   818    5.82    5.72  1143  2232   49K   124   23.68   23.63
c rst  luby  stb  vmt   504  177K    1473   31K   818    5.82    5.72  1143  2235   50K   124   23.63   23.58
c rst  luby  stb  vmt   505  177K    1473   31K   818    5.82    5.72  1143  2240   50K   124   23.64   23.59
c [ccnr] saving best assignment phase to stable_polar
c [ccnr] bumping based on clause weights
c [ccnr] Bumped vars: 101 bump type: 6
c [ccnr] time: 0.38
c rst  luby  stb  vmt   506  177K    1473   31K   818    5.82    5.72  1144  2242   50K   124   23.63   23.58
c rst  luby  stb  vmt   507  177K    1473   31K   818    5.82    5.72  1144  2245   50K   124   23.60   23.55
c rst  luby  stb  vmt   508  178K    1473   31K   818    5.82    5.72  1144  2245   50K   124   23.58   23.53
c rst  luby  stb  vmt   509  178K    1473   31K   818    5.82    5.72  1144  2249   50K   124   23.57   23.52
c rst  luby  stb  vmt   510  178K    1473   31K   818    5.82    5.72  1144  2250   50K   124   23.53   23.48
c rst  luby  stb  vmt   511  178K    1473   31K   818    5.82    5.72  1144  2251   51K   124   23.47   23.42
c rst  luby  stb  vmt   512  179K    1473   31K   818    5.82    5.72  1144  2282   52K   124   23.41   23.36
c rst  luby ibes  vmt   513  179K    1473   31K   818    5.82    5.72  1144  2283   52K   124   23.39   23.34
c rst  luby ibes  vmt   514  179K    1473   31K   818    5.82    5.72  1144  2284   52K   124   23.37   23.32
c [distill] watch-based irred--  cl tried     7180 cl-sh     0 cl-rem    0 lit-rem      0 T: 0.01 T-out: N
c [distill] watch-based   red--  cl tried     2286 cl-sh     3 cl-rem    2 lit-rem      4 T: 0.01 T-out: N
c rst  luby ibes  vmt   515  179K    1473   31K   819    5.81    5.72  1142  2284   52K   122   23.25   23.21
c rst  luby ibes  vmt   516  180K    1473   31K   819    5.81    5.72  1245  2349   36K   122   23.39   23.32
c rst  luby ibes  vmt   517  180K    1473   31K   819    5.81    5.72  1245  2349   36K   122   23.37   23.30
c rst  luby ibes  vmt   518  180K    1473   31K   819    5.81    5.72  1245  2351   36K   122   23.31   23.24
c rst  luby ibes  vmt   519  180K    1473   31K   819    5.81    5.72  1245  2354   36K   122   23.20   23.14
c [gauss] XOR-encoding clauses are not detached, so no need to reattach them.
c [g 0] truth-find prop checks  : 1829K
c [g 0] -> of which prop        : 34.29 %
c [g 0] -> of which confl       :  1.22 %
c [g 0] elim called             : 304K
c [g 0] ---> which lead to prop : 35.58 %
c [g 0] ---> which lead to confl:  1.64 %
c [g 0] size: 58    x 466  
c [scc] new: 0 BP 0M T: 0.00
c [vrep] vars 0 lits 0 rem-bin-cls 0 rem-long-cls 0 BP 0M T: 0.00
c [intree] Set 0 vars hyper-added: 15 trans-irred: 0 trans-red: 0 T: 0.01 T-out: N T-r: -1.83%
c [find&init matx] performing matrix init
c [gauss] XOR-encoding clauses are not detached, so no need to reattach them.
c [xor-rem-unconnected] left with 910 xors from 911 non-empty xors T: 0.00
c [xor-together] xored together: 852 orig xors: 910 new xors: 58 T: 0.00
c [xor-rem-unconnected] left with 58 xors from 58 non-empty xors T: 0.00
c [xor-clean-equiv] removed equivalent xors: 0 left with: 58
c [matrix] unused xors from cleaning: 1
c [matrix] Good   matrix 0 58      x465    density:0.1358  xorlen avg: 63.16
c [matrix] Using 1 matrices recovered from 0 xors T: 0.00 T-out: N
c rst  luby ibes vmt  520   180 K 1473      31K   819 5.81    5.72     1245  2356   36K   137 23.18   23.11  
c rst  luby ibes vmt  521   181 K 1473      31K   819 5.81    5.72     1245  2356   36K   137 23.15   23.08  
c rst  luby ibes vmt  522   181 K 1473      31K   819 5.81    5.72     1245  2362   37K   137 23.09   23.02  
c rst  luby ibes vmt  523   181 K 1473      31K   819 5.81    5.72     1245  2365   37K   137 23.06   22.99  
c rst  luby ibes vmt  524   181 K 1473      31K   819 5.81    5.72     1245  2365   37K   137 23.03   22.96  
c rst  luby ibes vmt  525   181 K 1473      31K   819 5.81    5.72     1245  2371   37K   137 22.97   22.90  
c rst  luby ibes vmt  526   182 K 1473      31K   819 5.81    5.72     1245  2383   37K   137 22.84   22.77  
c rst  luby ibes vmt  527   182 K 1473      31K   819 5.81    5.72     1246  2397   38K   137 22.61   22.54  
c rst  luby ibes vmt  528   184 K 1473      31K   819 5.81    5.72     1247  2434   40K   137 22.24   22.18  
c [full-probe]  bin_only: 1 set: 0 repl: 0 T: 0.01 T-out: N T-r: 99.81%
c rst  luby ibes vmt  529   184 K 1473      31K   819 5.81    5.72     1247  2437   40K   139 22.22   22.16  
c rst  luby ibes vmt  530   184 K 1473      31K   819 5.81    5.72     1247  2439   40K   139 22.20   22.13  
c rst  luby ibes vmt  531   184 K 1473      31K   819 5.81    5.72     1248  2441   40K   139 22.15   22.09  
c rst  luby ibes vmt  532   184 K 1473      31K   819 5.81    5.72     1248  2443   40K   139 22.15   22.08  
c rst  luby ibes vmt  533   185 K 1473      31K   819 5.81    5.72     1248  2448   40K   139 22.12   22.06  
c rst  luby ibes vmt  534   185 K 1473      31K   819 5.81    5.72     1248  2453   41K   139 22.07   22.01  
c rst  luby ibes vmt  535   185 K 1473      31K   819 5.81    5.72     1248  2471   41K   139 21.98   21.92  
c rst  luby ibes vmt  536   185 K 1473      31K   819 5.81    5.72     1248  2471   41K   139 21.96   21.89  
c rst  luby ibes vmt  537   185 K 1473      31K   819 5.81    5.72     1248  2475   41K   139 21.94   21.88  
c rst  luby ibes vmt  538   186 K 1473      31K   819 5.81    5.72     1248  2479   41K   139 21.90   21.83  
c rst  luby ibes vmt  539   186 K 1473      31K   819 5.81    5.72     1248  2480   41K   139 21.87   21.81  
c rst  luby ibes vmt  540   186 K 1473      31K   819 5.81    5.72     1248  2482   42K   139 21.85   21.79  
c rst  luby ibes vmt  541   186 K 1473      31K   819 5.81    5.72     1248  2488   42K   139 21.80   21.74  
c rst  luby ibes vmt  542   186 K 1473      31K   819 5.81    5.72     1248  2511   42K   139 21.70   21.64  
c rst  luby svd  vmt  543   187 K 1473      31K   819 5.81    5.72     1249  2518   43K   139 21.55   21.49  
c rst  luby svd  vmt  544   187 K 1473      31K   819 5.81    5.72     1249  2518   43K   139 21.54   21.49  
c rst  luby svd  vmt  545   187 K 1473      31K   819 5.81    5.72     1249  2518   43K   139 21.54   21.48  
c rst  luby svd  vmt  546   188 K 1473      31K   819 5.81    5.72     1249  2521   43K   139 21.55   21.49  
c rst  luby svd  vmt  547   188 K 1473      31K   819 5.81    5.72     1249  2521   43K   139 21.53   21.48  
c rst  luby svd  vmt  548   188 K 1473      31K   819 5.81    5.72     1249  2523   44K   139 21.53   21.47  
c rst  luby svd  vmt  549   188 K 1473      31K   819 5.81    5.72     1249  2524   44K   139 21.52   21.46  
c rst  luby svd  vmt  550   188 K 1473      31K   819 5.81    5.72     1249  2524   44K   139 21.50   21.44  
c rst  luby svd  vmt  551   188 K 1473      31K   819 5.81    5.72     1249  2524   44K   139 21.49   21.43  
c rst  luby svd  vmt  552   189 K 1473      31K   819 5.81    5.72     1249  2524   44K   139 21.47   21.41  
c rst  luby svd  vmt  553   189 K 1473      31K   819 5.81    5.72     1250  2527   45K   139 21.43   21.38  
c rst  luby svd  vmt  554   189 K 1473      31K   819 5.81    5.72     1250  2527   45K   139 21.42   21.36  
c [distill-long-red0] cls tried: 113/113 T: 0.03 T-out: N T-r: 99.25%
c [distill-long-red1] cls tried: 23/2321 T: 0.01 T-out: Y T-r: -5.98%
c rst  luby svd  vmt  555   189 K 1473      31K   819 5.81    5.72     1250  2527   45K   139 21.39   21.34  
c rst  luby svd  vmt  556   189 K 1473      31K   819 5.81    5.72     1251  2532   45K   139 21.40   21.35  
c rst  luby svd  vmt  557   190 K 1473      31K   819 5.81    5.72     1421  2196   45K   139 21.37   21.32  
c rst  luby svd  vmt  558   190 K 1473      31K   819 5.81    5.72     1422  2213   46K   139 21.32   21.27  
c ------- FINAL TOTAL SEARCH STATS ---------
c UIP search time          : 21.32       (96.37     % time)
c All times are for this thread only except if explicitly specified
c restarts                 : 558         (341.61    confls per restart)
c blocked restarts         : 0           (0.00      per normal restart)
c time                     : 21.32       
c decisions                : 208886      (0.00      % random)
c propagations             : 7132K       (334K      props/s)
c decisions/conflicts      : 1.10        
c conflicts                : 190616      
c LEARNT stats
c units learnt             : 0           (0.00      % of conflicts)
c bins learnt              : 99          (0.05      % of conflicts)
c long learnt              : 190888      (100.14    % of conflicts)
c red which0               : 453         (0.24      % of confl)
c SEAMLESS HYPERBIN&TRANS-RED stats
c advProp called           : 0           
c hyper-bin add bin        : 0           (0.00      bin/call)
c trans-red rem irred bin  : 0           (0.00      bin/call)
c trans-red rem red bin    : 0           (0.00      bin/call)
c CONFL LITS stats
c orig                     : 38476434    (201.85    lit/confl)
c recurs-min effective     : 182871      (95.94     % attempt successful)
c recurs-min lits          : 32989471    (85.74     % less overall)
c permDiff call%           : 1.54        (0.00      % attempt successful)
c permDiff lits-rem        : 0           (0.00      less lits/cl on attempts)
c further-min call%        : 0.01        (35.00     % attempt successful)
c bintri-min lits          : 45          (0.00      % less overall)
c final avg                : 28.79       
c all-threads sum CPU time : 21.32        s
c PROP stats
c Mbogo-props              : 52.74       (2.47      / sec)
c MHyper-props             : 0.05        (0.00      / sec)
c Mprops                   : 7.13        (0.33      / sec)
c -------- OccSimplifier STATS ----------
c time                     : 0.35        (0.00      % var-elim)
c called                   : 2           (0.18      s per call)
c 0-depth assigns          : 0           (0.00      % vars)
c -------- OccSimplifier STATS END ----------
c -------- SubsumeStrengthen STATS ----------
c cl-subs                  : 752          Clauses
c cl-str rem lit           : 267          Lits
c cl-sub T                 : 0.04         s
c cl-str T                 : 0.20         s
c -------- SubsumeStrengthen STATS END ----------
c ----- SCC STATS --------
c time                     : 0.00        (0.00      per call)
c called                   : 9           (1.67      new found per call)
c found                    : 15          (57.69     % of all found)
c bogoprops                : 326230      % of all found
c ----- SCC STATS END --------
c --------- VAR REPLACE STATS ----------
c time                     : 0.07        (0.01      per call)
c trees' crown             : 12          (0.44      % of vars)
c 0-depth assigns          : 0           (0.00      % vars)
c lits replaced            : 34747       
c bin cls removed          : 56          
c long cls removed         : 6           
c long lits removed        : 1925        
c bogoprops                : 1753482     
c --------- VAR REPLACE STATS END ----------
c vrep replace time        : 0.07        (0.33      % time)
c vrep tree roots          : 7           
c vrep trees' crown        : 12          (1.71      leafs/tree)
c -------- DISTILL-BIN STATS --------
c time                     : 0.09        (0.01      per call)
c timed out                : 1           (11.11     % of calls)
c distill/checked/potential: 0          /9762/10177
c lits-rem                 : 0           
c 0-depth-assigns          : 0           (0.00      % of vars)
c -------- DISTILL STATS END --------
c -------- STRENGTHEN STATS --------
c --> watch-based on irred cls
c time                     : 0.06        (0.00      s/call)
c shrinked/tried/total     : 165        /39946/299754
c subsumed/tried/total     : 174        /39946/299754
c lits-rem                 : 170         (0.10      % of lits tried)
c called                   : 14          (0.00      % ran out of time)
c --> watch-based on red cls
c time                     : 0.02        (0.00      s/call)
c shrinked/tried/total     : 113        /10701/10701
c subsumed/tried/total     : 5          /10701/10701
c lits-rem                 : 393         (0.54      % of lits tried)
c called                   : 14          (0.00      % ran out of time)
c -------- STRENGTHEN STATS END --------
c -------- IMPLICIT SUB  STATS --------
c time                     : 0.01        (0.00      per call)
c timed out                : 0           (0.00      % of calls)
c rem bins                 : 33          
c -------- IMPLICIT SUB STATS END --------
c Mem used                 : 36          MB
c Mem for longclauses      : 9           MB (26.65     %)
c Mem for watch alloc      : 9           MB (26.04     %)
c Mem for watch array      : 0           MB (0.19      %)
c Mem for assings&vardata  : 0           MB (0.21      %)
c Mem for search&solve     : 0           MB (0.51      %)
c Mem for renumberer       : 0           MB (0.08      %)
c Mem for occsimplifier    : 0           MB (1.56      %)
c Mem for varReplacer&SCC  : 0           MB (0.16      %)
c Mem for impl subsume     : 0           MB (0.00      %)
c Mem for 3 distills       : 0           MB (0.00      %)
c Accounted for mem (rss)  : 55.41       %
c Accounted for mem (vm)   : 51.01       %
c restarts                 : 558         (341.61    confls per restart)
c blocked restarts         : 0           (0.00      per normal restart)
c time                     : 21.32       
c decisions                : 208886      (0.00      % random)
c propagations             : 7132K       (334K      props/s)
c decisions/conflicts      : 1.10        
c conflicts                : 190616      
c conf lits non-minim      : 38476434    (201.85    lit/confl)
c conf lits final          : 28.79       
c red which0               : 453         (0.24      % of confl)
c props/decision           : 0.00        
c props/conflict           : 0.00        
c 0-depth assigns          : 4           (0.27      % vars)
c 0-depth assigns by CNF   : 2           (0.14      % vars)
c reduceDB time            : 0.05        (0.25      % time)
c OccSimplifier time       : 0.35        (1.59      % time)
c [occur] 0.09 is overhead
c [occur] link-in T: 0.07 cleanup T: 0.02
c [occ-substr] long subBySub: 713 subByStr: 39 lits-rem-str: 267 T: 0.25
c SCC time                 : 0.00        (0.02      % time)
c [scc] new: 15 BP 0M  T: 0.00
c vrep replace time        : 0.07        (0.33      % time)
c vrep tree roots          : 7           
c vrep trees' crown        : 12          (1.71      leafs/tree)
c distill long time        : 0.44        (1.97      % time)
c distill bin time         : 0.09        (0.43      % time)
c strength cache-irred time: 0.06        (0.27      % time)
c strength cache-red time  : 0.02        (0.10      % time)
c avg cls in red 0         : 667.36      
c avg cls in red 1         : 1330.41     
c avg cls in red 2         : 35827.75    
c Conflicts in UIP         : 190616      (8617.97   confl/time_this_thread)
c Max Memory (rss) used    : 41828 kB    
c Total time (this thread) : 22.12       
s SATISFIABLE
v -1 2 3 4 -5 -6 7 8 -9 -10 11 -12 -13 -14 -15 16 -17 18 -19 -20 -21 -22 -23 -24 
v 25 26 -27 -28 29 -30 31 32 -33 -34 35 -36 37 38 -39 -40 41 -42 -43 -44 -45 
v -46 -47 -48 -49 -50 -51 -52 -53 -54 -55 -56 -57 -58 -59 -60 -61 -62 -63 64 
v -65 66 -67 -68 -69 70 -71 72 -73 -74 -75 76 -77 78 -79 -80 -81 -82 -83 -84 
v -85 -86 -87 -88 -89 -90 -91 -92 -93 94 -95 96 -97 -98 -99 100 -101 102 -103 
v -104 -105 -106 -107 -108 -109 -110 -111 -112 -113 -114 -115 -116 -117 118 
v -119 120 -121 -122 -123 -124 -125 -126 -127 -128 -129 -130 -131 -132 -133 
v -134 -135 -136 -137 -138 -139 -140 -141 -142 -143 -144 -145 -146 -147 -148 
v -149 -150 -151 -152 -153 -154 -155 -156 -157 -158 -159 -160 -161 -162 -163 
v -164 -165 166 -167 168 -169 -170 -171 172 -173 174 -175 -176 -177 -178 -179 
v -180 -181 -182 -183 -184 -185 -186 -187 -188 -189 190 -191 192 -193 -194 -195 
v -196 -197 -198 -199 -200 -201 202 -203 204 -205 -206 -207 208 -209 210 -211 
v -212 -213 -214 -215 -216 -217 -218 -219 -220 -221 -222 -223 -224 -225 226 
v -227 228 -229 -230 -231 -232 -233 -234 -235 -236 -237 238 -239 240 -241 -242 
v -243 244 -245 246 -247 -248 -249 -250 -251 -252 -253 -254 -255 -256 -257 -258 
v -259 -260 -261 262 -263 264 -265 -266 -267 -268 -269 -270 -271 -272 -273 -274 
v -275 -276 -277 -278 -279 -280 -281 -282 -283 -284 -285 -286 -287 -288 -289 
v -290 -291 -292 -293 -294 -295 -296 -297 -298 -299 -300 -301 -302 -303 -304 
v -305 -306 -307 -308 -309 -310 -311 -312 -313 -314 -315 -316 -317 -318 -319 
v -320 -321 -322 -323 -324 -325 -326 -327 -328 -329 -330 -331 -332 -333 -334 
v -335 -336 -337 -338 -339 -340 -341 -342 343 -344 345 -346 347 348 -349 350 
v -351 352 353 354 -355 356 357 358 -359 -360 -361 -362 -363 364 -365 366 367 
v 368 -369 -370 371 372 -373 -374 -375 -376 -377 -378 -379 380 -381 382 383 384 
v -385 -386 387 388 -389 -390 -391 -392 -393 -394 -395 -396 -397 -398 -399 -400 
v -401 -402 -403 -404 -405 -406 -407 -408 -409 -410 -411 412 -413 414 415 416 
v -417 -418 419 420 -421 -422 -423 -424 -425 -426 -427 -428 -429 -430 -431 -432 
v -433 -434 -435 -436 -437 -438 -439 -440 -441 -442 -443 444 -445 446 447 448 
v -449 -450 451 452 -453 -454 -455 -456 -457 -458 -459 460 -461 462 463 464 
v -465 -466 467 468 -469 -470 -471 -472 -473 -474 -475 -476 -477 -478 -479 -480 
v -481 -482 -483 -484 -485 -486 -487 -488 -489 -490 -491 492 -493 494 495 496 
v -497 -498 499 500 -501 -502 -503 -504 -505 -506 -507 -508 -509 -510 -511 -512 
v -513 -514 -515 -516 -517 -518 -519 -520 -521 -522 -523 524 -525 526 527 528 
v -529 -530 531 532 -533 -534 -535 -536 -537 -538 -539 540 -541 542 543 544 
v -545 -546 547 548 -549 -550 -551 -552 -553 -554 -555 556 -557 558 559 560 
v -561 -562 563 564 -565 -566 -567 -568 -569 -570 -571 -572 -573 -574 -575 -576 
v -577 -578 -579 -580 -581 -582 -583 -584 -585 -586 -587 588 -589 590 591 592 
v -593 -594 595 596 -597 -598 -599 -600 -601 -602 -603 604 -605 606 607 608 
v -609 -610 611 612 -613 -614 -615 -616 -617 -618 -619 620 -621 622 623 624 
v -625 -626 627 628 -629 -630 -631 -632 -633 -634 -635 -636 -637 -638 -639 -640 
v -641 -642 -643 -644 -645 -646 -647 -648 -649 -650 -651 -652 -653 -654 -655 
v -656 -657 -658 -659 -660 -661 -662 -663 -664 -665 -666 -667 -668 -669 -670 
v -671 -672 -673 -674 -675 -676 -677 -678 -679 -680 -681 -682 -683 -684 -685 
v -686 -687 -688 -689 -690 -691 -692 -693 -694 -695 -696 -697 -698 -699 -700 
v -701 -702 703 704 705 -706 -707 708 709 -710 -711 -712 -713 -714 -715 -716 
v -717 -718 -719 -720 -721 -722 723 724 -725 -726 727 728 -729 -730 -731 732 
v -733 -734 735 736 -737 -738 -739 -740 -741 742 743 -744 -745 -746 -747 -748 
v -749 -750 -751 -752 -753 -754 -755 -756 -757 758 -759 -760 -761 -762 -763 
v -764 -765 -766 -767 768 769 770 771 772 773 774 775 776 777 778 779 780 781 
v 782 783 784 785 786 787 788 -789 -790 -791 792 793 794 795 -796 -797 798 799 
v 800 801 802 803 804 805 806 807 808 0
c [g 0] truth-find prop checks  : 566K
c [g 0] -> of which prop        : 22.22 %
c [g 0] -> of which confl       :  0.86 %
c [g 0] elim called             : 121K
c [g 0] ---> which lead to prop : 28.27 %
c [g 0] ---> which lead to confl:  1.57 %
c [g 0] size: 58    x 465  

real	0m22.348s
user	0m22.119s
sys	0m0.038s
