c BreakID not compiled in, disabling
c CryptoMiniSat version 5.11.19
c CMS Copyright (C) 2009-2020 Authors of CryptoMiniSat, see AUTHORS file
c CMS SHA revision b80e09ebd7703fc13b987401d693d7d406a50441
c Using VMTF code by Armin Biere from CaDiCaL
c Using Yalsat by Armin Biere, see Balint et al. Improving implementation of SLS solvers [...], SAT'14
c Using WalkSAT by Henry Kautz, see Kautz and Selman Pushing the envelope: planning, propositional logic, and stochastic search, AAAI'96,
c CMS is MIT licensed
c Using code from 'When Boolean Satisfiability Meets Gauss-E. in a Simplex Way'
c       by C.-S. Han and J.-H. Roland Jiang in CAV 2012. Fixes by M. Soos
c Using CCAnr from 'CCAnr: A Conf. Checking Based Local Search Solver [...]'
c       by Shaowei Cai, Chuan Luo, and Kaile Su, SAT 2015
c CMS compilation env CMAKE_CXX_COMPILER = /usr/bin/c++ | CMAKE_CXX_FLAGS =  -fvisibility=hidden -Wall -Wextra -Wunused -Wsign-compare -fno-omit-frame-pointer -Wtype-limits -Wuninitialized -Wno-deprecated -Wstrict-aliasing -Wpointer-arith -Wpointer-arith -Wformat-nonliteral -Winit-self -Wparentheses -Wunreachable-code -g -Wno-class-memaccess -mpopcnt -msse4.2 -ggdb3 -Wlogical-op -Wrestrict -Wnull-dereference -Wdouble-promotion -Wshadow -Wformat=2 -Wextra-semi -pedantic | COMPILE_DEFINES =  -DRDB0_ONLY_FEATURES -DUSE_ZLIB -DYALSAT_FPU | STATICCOMPILE = OFF | ONLY_SIMPLE =  | STATS = OFF | SQLITE3_FOUND =  | ZLIB_FOUND = TRUE | VALGRIND_FOUND =  | ENABLE_TESTING = OFF | SLOW_DEBUG = OFF | ENABLE_ASSERTIONS = ON | PYTHON_EXECUTABLE =  | PYTHON_LIBRARY =  | PYTHON_INCLUDE_DIRS =  | MY_TARGETS =  | LARGEMEM = OFF | LIMITMEM = OFF | BREAKID_LIBRARIES =  | BREAKID-VER = . | BOSPHORUS_LIBRARIES =  | BOSPH-VER = . | compilation date time = Jul 13 2026 14:05:03
c CMS compiled with gcc version 11.5.0 20240719 (Red Hat 11.5.0-5)
c Executed with command line: ./cryptominisat5 ./instancesBreak/IC_S4/Xn19l6-320-S.dimacs_break.cnf
c Reading file './instancesBreak/IC_S4/Xn19l6-320-S.dimacs_break.cnf'
c -- header says num vars:            810
c -- header says num clauses:        2544
c -- clauses added: 2492
c -- xor clauses added: 52
c -- vars added 810
c Parsing time: 0.00 s
c [find&init matx] performing matrix init
c [gauss] XOR-encoding clauses are not detached, so no need to reattach them.
c [xor-rem-unconnected] left with 50 xors from 50 non-empty xors T: 0.00
c [xor-together] xored together: 0 orig xors: 50 new xors: 50 T: 0.00
c [xor-rem-unconnected] left with 50 xors from 50 non-empty xors T: 0.00
c [xor-clean-equiv] removed equivalent xors: 0 left with: 50
c [matrix] unused xors from cleaning: 0
c [matrix] Good   matrix  0     50 x  765  density:0.1137  xorlen avg: 87.00
c [matrix] Using 1 matrices recovered from 0 xors T: 0.00 T-out: N
c [branch] adjusting to: vsid (from: vsid) var_decay:0.95 descr: VSIDS
c rst  geom  stb   vs     1   111    2892 17837  1657    3.96    3.79     1    27    66    17  147.50  125.22
c rst  geom  stb   vs     2   233    2892 17837  1657    3.96    3.79     1    36   179    17  109.57  101.72
c  res  pol bran  nres  conf freevar  IrrL  IrrB l/longC  l/allC RedL0 RedL1 RedL2  RedB l/longC  l/allC
c rst  geom  stb   vs     3   367    2892 17837  1657    3.96    3.79     1    36   312    18   87.14   82.96
c rst  geom  stb   vs     4   514    2892 17837  1657    3.96    3.79     1    36   458    19   78.65   75.81
c rst  geom  stb   vs     5   675    2892 17837  1657    3.96    3.79     1    36   619    19   84.36   82.04
c rst  geom  stb   vs     6   853    2892 17837  1657    3.96    3.79     1    36   795    21   81.84   79.88
c rst  geom  stb   vs     7  1047    2892 17837  1657    3.96    3.79     1    36   987    23   76.62   74.98
c rst  geom  stb   vs     8  1261    2892 17837  1657    3.96    3.79     1    36  1201    23   75.94   74.59
c rst  geom  stb   vs     9  1496    2892 17837  1657    3.96    3.79     1    36  1436    23   74.69   73.57
c rst  geom  stb   vs    10  1754    2892 17837  1657    3.96    3.79     1    36  1694    23   75.31   74.35
c rst  geom  stb   vs    11  2037    2892 17837  1657    3.96    3.79     1    36  1977    23   76.90   76.06
c rst  geom  stb   vs    12  2347    2892 17837  1657    3.96    3.79     1    36  2287    23   74.98   74.26
c rst  geom  stb   vs    13  2688    2892 17837  1657    3.96    3.79     4    36  2625    23   73.15   72.55
c rst  geom  stb   vs    14  3062    2892 17837  1657    3.96    3.79     4    36  2999    23   70.79   70.27
c rst  geom  stb   vs    15  3473    2892 17837  1657    3.96    3.79     4    36  3407    26   70.02   69.51
c rst  geom  stb   vs    16  3923    2892 17837  1657    3.96    3.79     5    36  3856    26   68.41   67.97
c rst  geom  stb   vs    17  4417    2892 17837  1657    3.96    3.79     5    36  4350    26   67.78   67.40
c rst  geom  stb   vs    18  4960    2892 17837  1657    3.96    3.79     5    36  4893    26   66.15   65.82
c rst  geom  stb   vs    19  5558    2892 17837  1657    3.96    3.79     5    36  5491    26   65.73   65.43
c [branch] adjusting to: vmtf (from: vsid) var_decay:0.95 descr: VMTF
c [distill-long-red0] cls tried: 5/5 T: 0.00 T-out: N T-r: 100.00%
c [distill-long-red1] cls tried: 36/36 T: 0.00 T-out: N T-r: 98.64%
c rst  luby ibes  vmt    20  5660    2892 17837  1657    3.96    3.79    16    65  5547    32   65.03   64.67
c rst  luby ibes  vmt    21  5762    2892 17837  1657    3.96    3.79    16    71  5643    32   64.54   64.19
c rst  luby ibes  vmt    22  5963    2892 17837  1657    3.96    3.79    19    80  5832    32   63.52   63.19
c rst  luby ibes  vmt    23  6064    2892 17837  1657    3.96    3.79    20    95  5950    32   62.99   62.67
c rst  luby ibes  vmt    24  6166    2892 17837  1657    3.96    3.79    20   100  6050    32   62.66   62.34
c rst  luby ibes  vmt    25  6368    2892 17837  1657    3.96    3.79    21   107  6243    34   62.53   62.21
c rst  luby ibes  vmt    26  6769    2892 17837  1657    3.96    3.79    26   115  6630    35   61.88   61.58
c rst  luby ibes  vmt    27  6870    2892 17837  1657    3.96    3.79    29   120  6722    36   61.39   61.08
c rst  luby ibes  vmt    28  6971    2892 17837  1657    3.96    3.79    31   120  6820    37   61.18   60.87
c rst  luby ibes  vmt    29  7172    2892 17837  1657    3.96    3.79    32   134  7006    37   60.66   60.36
c rst  luby ibes  vmt    30  7273    2892 17837  1657    3.96    3.79    34   140  7099    37   60.43   60.13
c rst  luby ibes  vmt    31  7374    2892 17837  1657    3.96    3.79    35   144  7195    37   60.35   60.05
c rst  luby ibes  vmt    32  7576    2892 17837  1657    3.96    3.79    42   150  7384    37   60.09   59.80
c rst  luby ibes  vmt    33  7978    2892 17837  1657    3.96    3.79    46   160  7772    37   59.42   59.15
c rst  luby ibes  vmt    34  8779    2892 17837  1657    3.96    3.79    48   304  8515    37   56.45   56.22
c rst  luby ibes  vmt    35  8880    2892 17837  1657    3.96    3.79    50   306  8619    37   56.45   56.23
c rst  luby ibes  vmt    36  8981    2892 17837  1657    3.96    3.79    50   310  8717    37   56.35   56.13
c rst  luby ibes  vmt    37  9182    2892 17837  1657    3.96    3.79    51   313  8918    37   56.11   55.89
c rst  luby ibes  vmt    38  9283    2892 17837  1657    3.96    3.79    53   316  9019    37   56.04   55.83
c rst  luby ibes  vmt    39  9385    2892 17837  1657    3.96    3.79    53   329  9118    37   55.72   55.51
c rst  luby ibes  vmt    40  9586    2892 17837  1657    3.96    3.79    56   342  9303    37   55.62   55.41
c rst  luby ibes  vmt    41  9987    2892 17837  1657    3.96    3.79    62   352  9688    37   54.85   54.66
c rst  luby ibes  vmt    42 10088    2892 17837  1657    3.96    3.79   134   289  9780    37   54.66   54.47
c rst  luby ibes  vmt    43 10191    2892 17837  1657    3.96    3.79   134   291  9882    37   54.49   54.31
c rst  luby ibes  vmt    44 10393    2892 17837  1657    3.96    3.79   134   292 10083    37   54.43   54.24
c rst  luby ibes  vmt    45 10494    2892 17837  1657    3.96    3.79   135   296 10188    37   54.23   54.05
c rst  luby ibes  vmt    46 10595    2892 17837  1657    3.96    3.79   135   298 10287    37   54.21   54.03
c rst  luby ibes  vmt    47 10797    2892 17837  1657    3.96    3.79   136   304 10483    37   54.07   53.89
c rst  luby  svd  vmt    48 11198    2892 17837  1657    3.96    3.79   143   309 10870    39   54.57   54.39
c rst  luby  svd  vmt    49 11999    2892 17837  1657    3.96    3.79   186   380 11555    41   55.98   55.80
c [branch] adjusting to: vsid (from: vmtf) var_decay:0.95 descr: VSIDS
c rst  geom  svd   vs    50 12111    2892 17837  1657    3.96    3.79   186   380 11667    41   55.84   55.66
c [distill-bin] useful: 14/1657/1657 lits-rem: 0 cl-rem: 14 0-depth-assigns: 0 T: 0.01 T-out: N
c rst  geom  svd   vs    51 12233    2892 17837  1643    3.96    3.80   186   380 11789    41   55.62   55.44
c rst  geom  svd   vs    52 12367    2892 17837  1643    3.96    3.80   186   380 11923    41   55.46   55.28
c rst  geom  svd   vs    53 12515    2892 17837  1643    3.96    3.80   186   380 12071    41   55.27   55.10
c rst  geom  svd   vs    54 12677    2892 17837  1643    3.96    3.80   186   380 12233    41   54.91   54.75
c rst  geom  svd   vs    55 12855    2892 17837  1643    3.96    3.80   186   380 12411    41   54.62   54.46
c rst  geom  svd   vs    56 13050    2892 17837  1643    3.96    3.80   186   380 12606    41   54.42   54.26
c rst  geom  svd   vs    57 13264    2892 17837  1643    3.96    3.80   186   380 12820    41   54.08   53.92
c rst  geom  svd   vs    58 13499    2892 17837  1643    3.96    3.80   187   383 13051    41   53.79   53.64
c rst  geom  svd   vs    59 13756    2892 17837  1643    3.96    3.80   187   383 13308    41   53.39   53.24
c rst  geom  svd   vs    60 14038    2892 17837  1643    3.96    3.80   187   383 13590    41   53.04   52.89
c rst  geom  svd   vs    61 14349    2892 17837  1643    3.96    3.80   187   383 13901    41   52.68   52.54
c rst  geom  svd   vs    62 14689    2892 17837  1643    3.96    3.80   187   383 14241    41   52.32   52.18
c rst  geom  svd   vs    63 15063    2892 17837  1643    3.96    3.80   197   905 12565    41   49.36   49.22
c rst  geom  svd   vs    64 15473    2892 17837  1643    3.96    3.80   197   905 12975    41   48.84   48.71
c rst  geom  svd   vs    65 15924    2892 17837  1643    3.96    3.80   197   905 13426    41   48.37   48.24
c rst  geom  svd   vs    66 16418    2892 17837  1643    3.96    3.80   197   905 13920    41   47.76   47.63
c rst  geom best   vs    67 16961    2892 17837  1643    3.96    3.80   197   905 14463    41   48.57   48.45
c rst  geom best   vs    68 17559    2892 17837  1643    3.96    3.80   197   906 15059    42   48.64   48.52
c rst  geom best   vs    69 18215    2892 17837  1643    3.96    3.80   198   908 15712    42   48.61   48.50
c [branch] adjusting to: vmtf (from: vsid) var_decay:0.95 descr: VMTF
c rst  luby best  vmt    70 18316    2892 17837  1643    3.96    3.80   199   912 15807    43   48.73   48.61
c rst  luby best  vmt    71 18417    2892 17837  1643    3.96    3.80   202   918 15897    45   48.85   48.73
c rst  luby best  vmt    72 18619    2892 17837  1643    3.96    3.80   203   926 16090    45   48.98   48.85
c rst  luby best  vmt    73 18721    2892 17837  1643    3.96    3.80   207   928 16184    47   49.18   49.06
c rst  luby best  vmt    74 18822    2892 17837  1643    3.96    3.80   210   932 16277    48   49.16   49.03
c rst  luby best  vmt    75 19024    2892 17837  1643    3.96    3.80   211   932 16477    49   49.49   49.36
c rst  luby best  vmt    76 19425    2892 17837  1643    3.96    3.80   239   955 16827    49   50.23   50.10
c rst  luby best  vmt    77 19531    2892 17837  1643    3.96    3.80   247   955 16925    49   50.34   50.21
c rst  luby best  vmt    78 19632    2892 17837  1643    3.96    3.80   247   960 17022    49   50.37   50.24
c rst  luby best  vmt    79 19835    2892 17837  1643    3.96    3.80   248   967 17204    62   50.49   50.32
c rst  luby best  vmt    80 19939    2892 17837  1643    3.96    3.80   253   969 17301    62   50.54   50.38
c rst  luby best  vmt    81   20K    2892 17837  1643    3.96    3.80   333   890 17401    62   50.66   50.50
c [full-probe]  bin_only: 1 set: 0 repl: 0 T: 0.01 T-out: N T-r: 99.75%
c rst  luby best  vmt    82   20K    2892 17837  1643    3.96    3.80   335   891 17601    67   50.89   50.72
c rst  luby best  vmt    83   20K    2892 17837  1643    3.96    3.80   341   898 17989    68   51.38   51.20
c [distill-long-red0] cls tried: 323/323 T: 0.01 T-out: N T-r: 99.61%
c [distill-long-red1] cls tried: 44/875 T: 0.01 T-out: Y T-r: -2.46%
c rst  luby best  vmt    84   21K    2892 17837  1643    3.96    3.80   348   912 18766    71   52.79   52.61
c rst  luby best  vmt    85   21K    2892 17837  1643    3.96    3.80   351   915 18857    75   52.73   52.54
c rst  luby best  vmt    86   21K    2892 17837  1643    3.96    3.80   352   916 18956    76   52.84   52.65
c rst  luby  stb  vmt    87   21K    2892 17837  1643    3.96    3.80   352   918 19156    76   53.04   52.85
c rst  luby  stb  vmt    88   21K    2892 17837  1643    3.96    3.80   353   919 19256    76   53.12   52.94
c rst  luby  stb  vmt    89   22K    2892 17837  1643    3.96    3.80   355   922 19352    76   53.19   53.00
c rst  luby  stb  vmt    90   22K    2892 17837  1643    3.96    3.80   356   923 19551    76   53.32   53.13
c rst  luby  stb  vmt    91   22K    2892 17837  1643    3.96    3.80   360   948 19923    77   53.20   53.02
c rst  luby  stb  vmt    92   22K    2892 17837  1643    3.96    3.80   360   950   20K    77   53.27   53.09
c rst  luby  stb  vmt    93   22K    2892 17837  1643    3.96    3.80   361   950   20K    77   53.26   53.08
c rst  luby  stb  vmt    94   23K    2892 17837  1643    3.96    3.80   362   951   20K    77   53.30   53.12
c rst  luby  stb  vmt    95   23K    2892 17837  1643    3.96    3.80   363   951   20K    77   53.39   53.20
c rst  luby  stb  vmt    96   23K    2892 17837  1643    3.96    3.80   365   960   20K    77   53.29   53.11
c rst  luby  stb  vmt    97   23K    2892 17837  1643    3.96    3.80   368   965   20K    77   53.57   53.39
c rst  luby  stb  vmt    98   23K    2892 17837  1643    3.96    3.80   371   970   21K    77   53.58   53.41
c rst  luby  stb  vmt    99   24K    2892 17837  1643    3.96    3.80   376   992   21K    78   54.03   53.85
c rst  luby  stb  vmt   100   26K    2892 17837  1643    3.96    3.80   387  1030   23K    79   53.65   53.49
c [branch] adjusting to: vsid (from: vmtf) var_decay:0.95 descr: VSIDS
c [distill] watch-based irred--  cl tried     1667 cl-sh     0 cl-rem    3 lit-rem      0 T: 0.00 T-out: N
c [distill] watch-based   red--  cl tried      774 cl-sh    17 cl-rem    0 lit-rem     52 T: 0.00 T-out: N
c rst  geom  stb   vs   101   26K    2892 17832  1648    3.96    3.80   383  1030   23K    80   53.61   53.44
c rst  geom  stb   vs   102   26K    2892 17832  1648    3.96    3.80   383  1030   23K    80   53.50   53.34
c rst  geom  stb   vs   103   26K    2892 17832  1648    3.96    3.80   383  1030   23K    80   53.42   53.26
c rst  geom  stb   vs   104   26K    2892 17832  1648    3.96    3.80   383  1030   23K    80   53.29   53.12
c rst  geom  stb   vs   105   26K    2892 17832  1648    3.96    3.80   383  1030   24K    80   53.18   53.02
c rst  geom ibes   vs   106   27K    2892 17832  1648    3.96    3.80   383  1030   24K    80   53.07   52.91
c rst  geom ibes   vs   107   27K    2892 17832  1648    3.96    3.80   383  1030   24K    80   52.88   52.73
c rst  geom ibes   vs   108   27K    2892 17832  1648    3.96    3.80   383  1030   24K    80   52.63   52.47
c rst  geom ibes   vs   109   27K    2892 17832  1648    3.96    3.80   383  1030   24K    80   52.33   52.18
c rst  geom ibes   vs   110   28K    2892 17832  1648    3.96    3.80   383  1030   25K    80   52.01   51.86
c rst  geom ibes   vs   111   28K    2892 17832  1648    3.96    3.80   383  1030   25K    80   51.68   51.53
c rst  geom ibes   vs   112   28K    2892 17832  1648    3.96    3.80   383  1030   25K    80   51.28   51.13
c rst  geom ibes   vs   113   28K    2892 17832  1648    3.96    3.80   384  1030   26K    80   50.85   50.71
c rst  geom ibes   vs   114   29K    2892 17832  1648    3.96    3.80   386  1030   26K    80   50.57   50.43
c rst  geom ibes   vs   115   29K    2892 17832  1648    3.96    3.80   387  1030   26K    80   50.23   50.09
c rst  geom ibes   vs   116   30K    2892 17832  1648    3.96    3.80   521  1252   24K    80   48.34   48.20
c rst  geom ibes   vs   117   30K    2892 17832  1648    3.96    3.80   521  1252   24K    80   47.77   47.63
c rst  geom ibes   vs   118   31K    2892 17832  1648    3.96    3.80   521  1252   25K    80   47.22   47.09
c rst  geom ibes   vs   119   31K    2892 17832  1648    3.96    3.80   521  1252   25K    80   46.81   46.68
c rst  geom ibes   vs   120   32K    2892 17832  1648    3.96    3.80   521  1252   26K    80   46.33   46.20
c [distill-bin] useful: 0/1460/1648 lits-rem: 0 cl-rem: 0 0-depth-assigns: 0 T: 0.01 T-out: Y
c rst  geom  svd   vs   121   33K    2892 17832  1648    3.96    3.80   521  1252   27K    80   45.94   45.82
c rst  geom  svd   vs   122   34K    2892 17832  1648    3.96    3.80   521  1252   28K    80   45.41   45.30
c [branch] adjusting to: vmtf (from: vsid) var_decay:0.95 descr: VMTF
c rst  luby  svd  vmt   123   34K    2892 17832  1648    3.96    3.80   522  1258   28K    80   45.52   45.41
c rst  luby  svd  vmt   124   34K    2892 17832  1648    3.96    3.80   523  1259   28K    80   45.56   45.44
c rst  luby  svd  vmt   125   34K    2892 17832  1648    3.96    3.80   524  1265   28K    81   45.74   45.63
c rst  luby  svd  vmt   126   34K    2892 17832  1648    3.96    3.80   527  1267   28K    81   45.81   45.69
c rst  luby  svd  vmt   127   34K    2892 17832  1648    3.96    3.80   529  1271   28K    81   45.79   45.67
c rst  luby  svd  vmt   128   34K    2892 17832  1648    3.96    3.80   535  1278   28K    82   45.85   45.73
c rst  luby  svd  vmt   129   35K    2892 17832  1648    3.96    3.80   536  1301   29K    82   45.87   45.75
c rst  luby  svd  vmt   130   35K    2892 17832  1648    3.96    3.80   537  1303   29K    82   45.92   45.80
c rst  luby  svd  vmt   131   35K    2892 17832  1648    3.96    3.80   538  1306   29K    82   45.96   45.84
c rst  luby  svd  vmt   132   35K    2892 17832  1648    3.96    3.80   540  1307   29K    82   45.98   45.87
c rst  luby  svd  vmt   133   35K    2892 17832  1648    3.96    3.80   542  1307   29K    82   45.97   45.86
c [distill-long-red0] cls tried: 210/210 T: 0.02 T-out: N T-r: 99.57%
c [distill-long-red1] cls tried: 29/1245 T: 0.02 T-out: Y T-r: -6.96%
c rst  luby  svd  vmt   134   35K    2892 17832  1648    3.96    3.80   543  1311   29K    84   45.93   45.81
c rst  luby  svd  vmt   135   36K    2892 17832  1648    3.96    3.80   544  1316   30K    84   46.00   45.88
c rst  luby  svd  vmt   136   36K    2892 17832  1648    3.96    3.80   547  1328   30K    86   46.14   46.03
c rst  luby  svd  vmt   137   37K    2892 17832  1648    3.96    3.80   548  1367   31K    86   46.08   45.96
c rst  luby  svd  vmt   138   37K    2892 17832  1648    3.96    3.80   548  1373   31K    86   46.06   45.94
c rst  luby  svd  vmt   139   37K    2892 17832  1648    3.96    3.80   549  1374   31K    86   46.09   45.97
c rst  luby  svd  vmt   140   37K    2892 17832  1648    3.96    3.80   551  1377   31K    86   46.14   46.03
c rst  luby  svd  vmt   141   37K    2892 17832  1648    3.96    3.80   554  1380   31K    86   46.18   46.07
c rst  luby  svd  vmt   142   37K    2892 17832  1648    3.96    3.80   556  1383   31K    86   46.21   46.10
c rst  luby  svd  vmt   143   38K    2892 17832  1648    3.96    3.80   558  1397   31K    86   46.38   46.26
c rst  geom best  vmt   144   38K    2892 17832  1648    3.96    3.80   559  1405   32K    86   46.55   46.44
c rst  geom best  vmt   145   38K    2892 17832  1648    3.96    3.80   560  1408   32K    86   46.65   46.53
c rst  geom best  vmt   146   38K    2892 17832  1648    3.96    3.80   562  1413   32K    86   46.69   46.58
c rst  geom best  vmt   147   38K    2892 17832  1648    3.96    3.80   562  1417   32K    86   46.73   46.62
c rst  geom best  vmt   148   38K    2892 17832  1648    3.96    3.80   562  1423   32K    86   46.93   46.82
c rst  geom best  vmt   149   38K    2892 17832  1648    3.96    3.80   564  1441   32K    86   46.82   46.71
c rst  geom best  vmt   150   39K    2892 17832  1648    3.96    3.80   564  1455   32K    86   46.92   46.81
c rst  geom best  vmt   151   39K    2892 17832  1648    3.96    3.80   567  1457   33K    86   47.03   46.92
c rst  geom best  vmt   152   39K    2892 17832  1648    3.96    3.80   567  1474   33K    86   47.02   46.91
c rst  geom best  vmt   153   39K    2892 17832  1648    3.96    3.80   569  1482   33K    86   46.98   46.87
c rst  geom best  vmt   154   40K    2892 17832  1648    3.96    3.80   723  1341   33K    86   46.88   46.77
c [full-probe]  bin_only: 0 set: 0 repl: 0 T: 0.01 T-out: N T-r: 96.60%
c [impl-str] lit bin: 0 set-var: 0 T: 0.00 T-out: N T-r: 99.95% w-visit: 5788
c [impl-sub] bin: 30 T: 0.00 T-out: N w-visit: 5788
c rst  geom best  vmt   155   40K    2892 17832  1648    3.96    3.80   724  1351   34K    62   46.84   46.77
c rst  geom best  vmt   156   40K    2892 17832  1648    3.96    3.80   729  1360   34K    62   46.88   46.80
c rst  geom best  vmt   157   41K    2892 17832  1648    3.96    3.80   733  1361   34K    62   46.93   46.86
c rst  geom best  vmt   158   41K    2892 17832  1648    3.96    3.80   738  1383   35K    62   47.15   47.08
c rst  geom best  vmt   159   41K    2892 17832  1648    3.96    3.80   743  1400   35K    62   47.26   47.18
c rst  geom best  vmt   160   42K    2892 17832  1648    3.96    3.80   746  1457   36K    62   47.30   47.23
c [branch] adjusting to: vsid (from: vmtf) var_decay:0.95 descr: VSIDS
c rst  geom best   vs   161   42K    2892 17832  1648    3.96    3.80   746  1457   36K    62   47.23   47.16
c rst  geom best   vs   162   42K    2892 17832  1648    3.96    3.80   746  1457   36K    62   47.15   47.08
c rst  geom best   vs   163   42K    2892 17832  1648    3.96    3.80   746  1457   36K    62   47.06   46.99
c rst  geom best   vs   164   42K    2892 17832  1648    3.96    3.80   746  1457   36K    62   46.98   46.90
c rst  geom best   vs   165   43K    2892 17832  1648    3.96    3.80   746  1457   36K    62   46.89   46.82
c rst  geom best   vs   166   43K    2892 17832  1648    3.96    3.80   746  1457   37K    62   46.78   46.71
c rst  geom best   vs   167   43K    2892 17832  1648    3.96    3.80   746  1457   37K    62   46.67   46.60
c rst  geom  stb   vs   168   43K    2892 17832  1648    3.96    3.80   746  1457   37K    62   46.55   46.48
c rst  geom  stb   vs   169   43K    2892 17832  1648    3.96    3.80   746  1457   37K    62   46.45   46.38
c rst  geom  stb   vs   170   44K    2892 17832  1648    3.96    3.80   746  1457   37K    62   46.33   46.26
c [ccnr] tries: 0 steps: 262143 best found: 17
c [ccnr] tries: 0 steps: 524287 best found: 17
c [ccnr] tries: 0 steps: 786431 best found: 17
c [ccnr] saving best assignment phase to stable_polar
c [ccnr] bumping based on clause weights
c [ccnr] Bumped vars: 102 bump type: 6
c [ccnr] time: 0.63
c rst  geom  stb   vs   171   44K    2892 17832  1648    3.96    3.80   746  1457   38K    62   46.24   46.18
c rst  geom  stb   vs   172   44K    2892 17832  1648    3.96    3.80   746  1457   38K    62   46.16   46.09
c rst  geom  stb   vs   173   45K    2892 17832  1648    3.96    3.80   815  2237   30K    62   44.44   44.36
c rst  geom  stb   vs   174   45K    2892 17832  1648    3.96    3.80   815  2237   31K    62   44.33   44.25
c rst  geom  stb   vs   175   45K    2892 17832  1648    3.96    3.80   815  2237   31K    62   44.15   44.07
c rst  geom  stb   vs   176   46K    2892 17832  1648    3.96    3.80   815  2237   32K    62   44.00   43.93
c rst  geom  stb   vs   177   46K    2892 17832  1648    3.96    3.80   815  2237   32K    62   43.77   43.70
c rst  geom  stb   vs   178   47K    2892 17832  1648    3.96    3.80   815  2237   33K    62   43.49   43.42
c rst  geom  stb   vs   179   48K    2892 17832  1648    3.96    3.80   815  2237   33K    62   43.24   43.17
c rst  geom  stb   vs   180   48K    2892 17832  1648    3.96    3.80   815  2237   34K    62   42.95   42.89
c rst  geom  stb   vs   181   49K    2892 17832  1648    3.96    3.80   815  2237   35K    62   42.65   42.58
c rst  geom ibes   vs   182   50K    2892 17832  1648    3.96    3.80   889  2163   35K    62   42.19   42.13
c [gauss] XOR-encoding clauses are not detached, so no need to reattach them.
c [g 0] truth-find prop checks  : 927K
c [g 0] -> of which prop        : 37.74 %
c [g 0] -> of which confl       :  3.19 %
c [g 0] elim called             : 174K
c [g 0] ---> which lead to prop :  8.09 %
c [g 0] ---> which lead to confl:  0.60 %
c [g 0] size: 50    x 765  
c [scc] new: 5 BP 0M T: 0.00
c [vrep] vars 5 lits 8547 rem-bin-cls 26 rem-long-cls 0 BP 0M T: 0.02
c [scc] new: 0 BP 0M T: 0.00
c [vrep] vars 0 lits 0 rem-bin-cls 0 rem-long-cls 0 BP 0M T: 0.01
c [intree] Set 0 vars hyper-added: 744 trans-irred: 0 trans-red: 15 T: 0.01 T-out: N T-r: -1.36%
c [find&init matx] performing matrix init
c [gauss] XOR-encoding clauses are not detached, so no need to reattach them.
c [xor-rem-unconnected] left with 50 xors from 50 non-empty xors T: 0.00
c [xor-together] xored together: 0 orig xors: 50 new xors: 50 T: 0.00
c [xor-rem-unconnected] left with 50 xors from 50 non-empty xors T: 0.00
c [xor-clean-equiv] removed equivalent xors: 0 left with: 50
c [matrix] unused xors from cleaning: 0
c [matrix] Good   matrix 0 50      x762    density:0.1135  xorlen avg: 86.48
c [matrix] Using 1 matrices recovered from 0 xors T: 0.00 T-out: N
c rst  geom ibes vs   183   51  K 2887    17832  1638 3.96    3.80      889  2163   36K   785 41.70   40.93  
c [distill-long-red0] cls tried: 348/348 T: 0.05 T-out: N T-r: 98.65%
c [distill-long-red1] cls tried: 18/2073 T: 0.01 T-out: Y T-r: -8.05%
c rst  geom ibes vs   184   52  K 2887    17832  1638 3.96    3.80      887  2163   37K   787 41.06   40.32  
c [distill] watch-based irred--  cl tried 1663     cl-sh 0     cl-rem 1    lit-rem 0      T: 0.00 T-out: N
c [distill] watch-based red  --  cl tried 1774     cl-sh 50    cl-rem 0    lit-rem 71     T: 0.00 T-out: N
c rst  geom ibes vs   185   53  K 2887    17831  1639 3.96    3.80      887  2163   38K   786 40.55   39.84  
c [branch] adjusting to: vmtf (from: vsid) var_decay:0.95 descr: VMTF
c [distill-bin] useful: 0/1186/1639 lits-rem: 0 cl-rem: 0 0-depth-assigns: 0 T: 0.01 T-out: Y
c rst  luby ibes vmt  186   53  K 2887    17831  1639 3.96    3.80      887  2174   38K   786 40.52   39.81  
c rst  luby ibes vmt  187   53  K 2887    17831  1639 3.96    3.80      887  2177   39K   786 40.57   39.87  
c rst  luby ibes vmt  188   53  K 2887    17831  1639 3.96    3.80      887  2184   39K   786 40.59   39.89  
c rst  luby ibes vmt  189   53  K 2887    17831  1639 3.96    3.80      888  2187   39K   786 40.62   39.92  
c rst  luby ibes vmt  190   53  K 2887    17831  1639 3.96    3.80      888  2194   39K   786 40.58   39.88  
c rst  luby ibes vmt  191   53  K 2887    17831  1639 3.96    3.80      888  2199   39K   786 40.57   39.87  
c rst  luby ibes vmt  192   54  K 2887    17831  1639 3.96    3.80      890  2219   40K   786 40.59   39.90  
c rst  luby ibes vmt  193   54  K 2887    17831  1639 3.96    3.80      890  2226   40K   786 40.57   39.88  
c rst  luby ibes vmt  194   54  K 2887    17831  1639 3.96    3.80      890  2226   40K   786 40.59   39.91  
c rst  luby ibes vmt  195   54  K 2887    17831  1639 3.96    3.80      890  2245   40K   786 40.55   39.87  
c rst  luby ibes vmt  196   54  K 2887    17831  1639 3.96    3.80      890  2256   40K   786 40.53   39.85  
c rst  luby ibes vmt  197   54  K 2887    17831  1639 3.96    3.80      890  2277   40K   786 40.50   39.82  
c rst  luby ibes vmt  198   55  K 2887    17831  1639 3.96    3.80      892  2288   40K   786 40.48   39.81  
c rst  luby svd  vmt  199   55  K 2887    17831  1639 3.96    3.80      892  2301   41K   786 40.61   39.94  
c rst  luby svd  vmt  200   56  K 2887    17831  1639 3.96    3.80      893  2308   41K   786 40.68   40.01  
c recursive minimization cost OK: 291Kcost/(% lits removed)
c [gauss] XOR-encoding clauses are not detached, so no need to reattach them.
c [g 0] truth-find prop checks  : 114K
c [g 0] -> of which prop        : 39.39 %
c [g 0] -> of which confl       :  2.76 %
c [g 0] elim called             : 22K
c [g 0] ---> which lead to prop :  1.41 %
c [g 0] ---> which lead to confl:  0.11 %
c [g 0] size: 50    x 762  
c --> Executing strategy token: scc-vrepl
c [scc] new: 4 BP 0M T: 0.00
c [vrep] vars 4 lits 9500 rem-bin-cls 16 rem-long-cls 24 BP 0M T: 0.02
c --> Executing strategy token: sub-impl
c [impl-sub] bin: 4 T: 0.00 T-out: N w-visit: 5788
c --> Executing strategy token: breakid
c --> Executing OCC strategy token(s): 'occ-backw-sub-str,occ-clean-implicit,occ-bve,occ-bva,occ-ternary-res,occ-xor,'
c [occ] mem usage for occur 1      MB
c [occ] Linked in IRRED BIN by default: 1635
c [occ] Linked in RED   BIN by default: 778
c [occ] mem usage for occur 0      MB
c Mem for watch alloc      : 4           MB (19.51     %)
c Mem for watch array      : 0           MB (0.89      %)
c --> Executing OCC strategy token: occ-backw-sub-str
c [occ-backw-sub-str-long-w-bins] subs: 1 str: 4 tried: 2413 0-depth ass: 0 T: 0.00 T-out: N T-r: 99.33%
c [occ-backw-sub-long-w-long] rem cl: 72 tried: 62746/62746 (100.0%) T: 0.01 T-out: N T-r: 96.30%
c [occ-backw-sub-str-long-w-long] sub: 0 str: 3 tried: 188238/62746 (300.0)  T: 0.06 T-out: N T-r: 88.12%
c [occ-backw-sub-str-w-added-long]  sub: 0 str: 0 0-depth ass: 0 T: 0.00 T-out: N T-r: 100.00%
c --> Executing OCC strategy token: occ-clean-implicit
c --> Executing OCC strategy token: occ-bve
c [occ-empty-res] Empty resolvent elimed: 0 T: 0.00 T-out: N
c [occ-bve] iter v-elim 10
c cl_inc_rate=1.0, var_dec_rate=1.0 (grow=0)
c Reduced to 2873 vars, 19457 cls (grow=0)
c [occ-bve] iter v-elim 295
c cl_inc_rate=1.1, var_dec_rate=1.1 (grow=8)
c Reduced to 2578 vars, 20659 cls (grow=8)
c x n vars       : 2578
c #try to eliminate:  6094
c #var-elim        :   305
c #T-o: N
c #T-r: 99.99%
c #T  : 0.10
c [occur] 0.04 is overhead
c [occur] link-in T: 0.04 cleanup T: 0.00
c --> Executing OCC strategy token: occ-bva
c --> Executing OCC strategy token: occ-ternary-res
c [occ-ternary-res] Ternary res-tri: 43 res-bin: 0 sub: 6 str: 0 T: 0.00 T-out: N T-r: 99.38%
c --> Executing OCC strategy token: occ-xor
c [occ-xor] sort occur list T: 0.00
c [xor-clean-equiv] removed equivalent xors: 1 left with: 1975
c [occ-xor] found   1976 avg sz 4.0 min sz  4 max sz  5 T: 0.01 T-out: N T-r: 99.98%
c --> Executing strategy token: card-find
c --> Executing strategy token: cl-consolidate
c [mem] consolidate  old-sz: 9658K new-sz: 4410K new bits offs: 20 T: 0.00
c --> Executing strategy token: scc-vrepl
c [scc] new: 0 BP 0M T: 0.00
c --> Executing strategy token: renumber
c --> Executing strategy token: bosphorus
c --> Executing strategy token: louvain-comms
c [consolidate] mini T: 0.00
c global_timeout_multiplier: 3.3000
c [branch] rebuilding order heap for all branchings. Current branching: vmtf
c [find&init matx] performing matrix init
c [gauss] XOR-encoding clauses are not detached, so no need to reattach them.
c [xor-rem-unconnected] left with 1973 xors from 1975 non-empty xors T: 0.00
c [xor-together] xored together: 1921 orig xors: 1973 new xors: 52 T: 0.00
c [xor-rem-unconnected] left with 52 xors from 52 non-empty xors T: 0.00
c [xor-clean-equiv] removed equivalent xors: 0 left with: 52
c [matrix] unused xors from cleaning: 2
c [matrix] Good   matrix  0     52 x  467  density:0.1672  xorlen avg: 78.08
c [matrix] Using 1 matrices recovered from 0 xors T: 0.00 T-out: N
c rst  luby  svd  vmt   201   56K    2578 19731   928    4.11    4.01   202   259   24K   106   28.28   28.17
c rst  luby  svd  vmt   202   56K    2578 19731   928    4.11    4.01   204   263   24K   106   28.22   28.11
c rst  luby  svd  vmt   203   56K    2578 19731   928    4.11    4.01   204   263   24K   106   28.17   28.06
c rst  luby  svd  vmt   204   56K    2578 19731   928    4.11    4.01   204   266   25K   106   28.10   27.99
c rst  luby  svd  vmt   205   56K    2578 19731   928    4.11    4.01   205   268   25K   106   28.07   27.96
c rst  luby  svd  vmt   206   56K    2578 19731   928    4.11    4.01   207   270   25K   106   28.02   27.91
c [g  <0] Disabling GJ-elim in this round.  Usefulness was: 17.2746%  over 60916 calls
c rst  luby  svd  vmt   207   57K    2578 19731   928    4.11    4.01   207   271   25K   106   27.97   27.87
c rst  luby  svd  vmt   208   57K    2578 19731   928    4.11    4.01   210   287   25K   106   27.93   27.83
c rst  luby  svd  vmt   209   57K    2578 19731   928    4.11    4.01   210   291   26K   106   27.94   27.84
c rst  luby  svd  vmt   210   57K    2578 19731   928    4.11    4.01   211   292   26K   106   27.94   27.84
c rst  luby  svd  vmt   211   57K    2578 19731   928    4.11    4.01   211   294   26K   106   27.89   27.79
c rst  luby  svd  vmt   212   58K    2578 19731   928    4.11    4.01   212   295   26K   106   27.88   27.78
c rst  luby  svd  vmt   213   58K    2578 19731   928    4.11    4.01   212   295   26K   106   27.83   27.73
c rst  luby  svd  vmt   214   58K    2578 19731   928    4.11    4.01   214   302   26K   106   27.74   27.64
c rst  luby  svd  vmt   215   58K    2578 19731   928    4.11    4.01   214   306   27K   106   27.71   27.61
c rst  luby  svd  vmt   216   59K    2578 19731   928    4.11    4.01   218   314   27K   106   27.48   27.38
c rst  luby  svd  vmt   217   61K    2578 19731   928    4.11    4.01   274   449   25K   106   25.52   25.43
c [full-probe]  bin_only: 1 set: 0 repl: 0 T: 0.01 T-out: N T-r: 99.71%
c rst  geom best  vmt   218   61K    2578 19731   928    4.11    4.01   274   452   25K   106   25.48   25.39
c rst  geom best  vmt   219   61K    2578 19731   928    4.11    4.01   274   452   25K   106   25.44   25.35
c rst  geom best  vmt   220   61K    2578 19731   928    4.11    4.01   274   453   25K   106   25.41   25.32
c rst  geom best  vmt   221   61K    2578 19731   928    4.11    4.01   274   456   26K   106   25.44   25.35
c rst  geom best  vmt   222   61K    2578 19731   928    4.11    4.01   276   462   26K   106   25.42   25.33
c rst  geom best  vmt   223   61K    2578 19731   928    4.11    4.01   277   466   26K   106   25.38   25.29
c rst  geom best  vmt   224   62K    2578 19731   928    4.11    4.01   277   472   26K   106   25.33   25.24
c rst  geom best  vmt   225   62K    2578 19731   928    4.11    4.01   278   476   26K   106   25.30   25.21
c rst  geom best  vmt   226   62K    2578 19731   928    4.11    4.01   281   481   27K   106   25.21   25.13
c rst  geom best  vmt   227   62K    2578 19731   928    4.11    4.01   281   486   27K   106   25.20   25.11
c rst  geom best  vmt   228   63K    2578 19731   928    4.11    4.01   286   511   27K   106   25.16   25.07
c [branch] adjusting to: vsid (from: vmtf) var_decay:0.95 descr: VSIDS
c rst  geom best   vs   229   63K    2578 19731   928    4.11    4.01   289   520   27K   106   25.33   25.24
c rst  geom best   vs   230   63K    2578 19731   928    4.11    4.01   289   520   27K   106   25.43   25.35
c rst  geom best   vs   231   63K    2578 19731   928    4.11    4.01   290   528   27K   106   25.57   25.48
c rst  geom best   vs   232   63K    2578 19731   928    4.11    4.01   292   539   28K   106   25.69   25.60
c rst  geom best   vs   233   63K    2578 19731   928    4.11    4.01   294   550   28K   106   25.81   25.72
c rst  geom best   vs   234   64K    2578 19731   928    4.11    4.01   295   560   28K   106   25.93   25.85
c rst  geom best   vs   235   64K    2578 19731   928    4.11    4.01   296   565   28K   106   26.10   26.01
c rst  geom best   vs   236   64K    2578 19731   928    4.11    4.01   297   574   28K   106   26.21   26.13
c rst  geom best   vs   237   64K    2578 19731   928    4.11    4.01   298   596   29K   106   26.32   26.24
c rst  geom best   vs   238   64K    2578 19731   928    4.11    4.01   301   608   29K   106   26.45   26.37
c rst  geom best   vs   239   65K    2578 19731   928    4.11    4.01   302   623   29K   106   26.61   26.52
c rst  geom best   vs   240   65K    2578 19731   928    4.11    4.01   306   637   29K   106   26.73   26.64
c rst  geom best   vs   241   65K    2578 19731   928    4.11    4.01   306   643   30K   106   26.86   26.78
c rst  geom best   vs   242   66K    2578 19731   928    4.11    4.01   311   653   30K   106   27.26   27.17
c [distill-long-red0] cls tried: 124/124 T: 0.01 T-out: N T-r: 99.79%
c [distill-long-red1] cls tried: 77/596 T: 0.01 T-out: Y T-r: -2.24%
c rst  geom best   vs   243   66K    2578 19731   928    4.11    4.01   312   660   30K   106   27.33   27.25
c rst  geom best   vs   244   67K    2578 19731   928    4.11    4.01   314   676   31K   106   27.42   27.34
c rst  geom  stb   vs   245   67K    2578 19731   928    4.11    4.01   322   727   31K   106   27.54   27.45
c rst  geom  stb   vs   246   68K    2578 19731   928    4.11    4.01   323   754   32K   106   27.82   27.74
c rst  geom  stb   vs   247   68K    2578 19731   928    4.11    4.01   331   779   32K   106   27.98   27.90
c rst  geom  stb   vs   248   69K    2578 19731   928    4.11    4.01   336   806   33K   106   28.09   28.01
c rst  geom  stb   vs   249   70K    2578 19731   928    4.11    4.01   598   565   34K   106   28.21   28.13
c rst  geom  stb   vs   250   70K    2578 19731   928    4.11    4.01   602   582   34K   106   28.20   28.13
c rst  geom  stb   vs   251   71K    2578 19731   928    4.11    4.01   605   597   35K   106   28.23   28.15
c rst  geom  stb   vs   252   72K    2578 19731   928    4.11    4.01   607   604   36K   106   28.20   28.12
c rst  geom  stb   vs   253   73K    2578 19731   928    4.11    4.01   610   635   37K   106   28.34   28.27
c [distill-bin] useful: 4/928/928 lits-rem: 0 cl-rem: 4 0-depth-assigns: 0 T: 0.01 T-out: N
c rst  geom ibes   vs   254   74K    2578 19731   924    4.11    4.01   623   696   38K   106   28.57   28.50
c [branch] adjusting to: vmtf (from: vsid) var_decay:0.95 descr: VMTF
c rst  luby ibes  vmt   255   75K    2578 19731   924    4.11    4.01   656  1104   30K   106   28.08   28.00
c rst  luby ibes  vmt   256   75K    2578 19731   924    4.11    4.01   657  1109   30K   106   28.05   27.96
c rst  luby ibes  vmt   257   75K    2578 19731   924    4.11    4.01   657  1110   30K   106   27.98   27.89
c rst  luby ibes  vmt   258   75K    2578 19731   924    4.11    4.01   657  1111   30K   106   27.95   27.87
c rst  luby ibes  vmt   259   75K    2578 19731   924    4.11    4.01   657  1113   30K   106   27.91   27.83
c rst  luby ibes  vmt   260   75K    2578 19731   924    4.11    4.01   657  1113   31K   106   27.85   27.77
c rst  luby ibes  vmt   261   76K    2578 19731   924    4.11    4.01   657  1120   31K   106   27.72   27.64
c rst  luby ibes  vmt   262   76K    2578 19731   924    4.11    4.01   657  1122   31K   106   27.71   27.63
c rst  luby ibes  vmt   263   76K    2578 19731   924    4.11    4.01   657  1123   31K   106   27.71   27.63
c rst  luby ibes  vmt   264   76K    2578 19731   924    4.11    4.01   657  1130   31K   106   27.66   27.58
c rst  luby ibes  vmt   265   76K    2578 19731   924    4.11    4.01   657  1130   32K   106   27.62   27.54
c rst  luby ibes  vmt   266   76K    2578 19731   924    4.11    4.01   657  1130   32K   106   27.61   27.53
c rst  luby ibes  vmt   267   76K    2578 19731   924    4.11    4.01   659  1132   32K   106   27.56   27.49
c rst  luby ibes  vmt   268   77K    2578 19731   924    4.11    4.01   660  1137   32K   106   27.52   27.44
c [distill] watch-based irred--  cl tried     7546 cl-sh   156 cl-rem  156 lit-rem    161 T: 0.01 T-out: N
c [distill] watch-based   red--  cl tried     1320 cl-sh   183 cl-rem    0 lit-rem    385 T: 0.00 T-out: N
c rst  luby ibes  vmt   269   78K    2578 19575   934    4.10    4.00   660  1151   33K    96   27.35   27.28
c rst  luby ibes  vmt   270   78K    2578 19575   934    4.10    4.00   660  1153   33K    96   27.32   27.25
c rst  luby ibes  vmt   271   78K    2578 19575   934    4.10    4.00   660  1154   33K    96   27.28   27.22
c rst  luby ibes  vmt   272   78K    2578 19575   934    4.10    4.00   660  1157   33K    96   27.23   27.16
c rst  luby ibes  vmt   273   78K    2578 19575   934    4.10    4.00   660  1158   34K    96   27.22   27.15
c rst  luby ibes  vmt   274   78K    2578 19575   934    4.10    4.00   660  1160   34K    96   27.20   27.13
c rst  luby ibes  vmt   275   78K    2578 19575   934    4.10    4.00   661  1165   34K    96   27.19   27.12
c rst  luby ibes  vmt   276   79K    2578 19575   934    4.10    4.00   662  1173   34K    96   27.06   27.00
c rst  luby ibes  vmt   277   79K    2578 19575   934    4.10    4.00   662  1174   34K    96   27.05   26.99
c rst  luby ibes  vmt   278   79K    2578 19575   934    4.10    4.00   662  1174   34K    96   27.02   26.95
c rst  luby  svd  vmt   279   79K    2578 19575   934    4.10    4.00   662  1174   35K    96   26.96   26.90
c rst  luby  svd  vmt   280   79K    2578 19575   934    4.10    4.00   662  1176   35K    96   26.98   26.92
c rst  luby  svd  vmt   281   79K    2578 19575   934    4.10    4.00   662  1176   35K    96   26.99   26.93
c rst  luby  svd  vmt   282   80K    2578 19575   934    4.10    4.00  1002   836   35K    96   26.98   26.92
c rst  luby  svd  vmt   283   80K    2578 19575   934    4.10    4.00  1005   847   35K    96   26.96   26.90
c rst  luby  svd  vmt   284   81K    2578 19575   934    4.10    4.00  1005   861   36K    96   26.80   26.74
c [distill-long-red0] cls tried: 694/694 T: 0.03 T-out: N T-r: 98.94%
c [distill-long-red1] cls tried: 42/747 T: 0.01 T-out: Y T-r: -7.12%
c [full-probe]  bin_only: 0 set: 0 repl: 0 T: 0.01 T-out: N T-r: 97.39%
c rst  luby  svd  vmt   285   82K    2578 19575   934    4.10    4.00  1005   864   38K    96   26.38   26.33
c rst  luby  svd  vmt   286   83K    2578 19575   934    4.10    4.00  1005   867   38K    96   26.36   26.31
c rst  luby  svd  vmt   287   83K    2578 19575   934    4.10    4.00  1005   869   38K    96   26.35   26.29
c rst  luby  svd  vmt   288   83K    2578 19575   934    4.10    4.00  1005   873   38K    96   26.30   26.24
c rst  luby  svd  vmt   289   83K    2578 19575   934    4.10    4.00  1005   874   38K    96   26.28   26.22
c rst  luby  svd  vmt   290   83K    2578 19575   934    4.10    4.00  1006   879   38K    96   26.26   26.20
c rst  luby  svd  vmt   291   83K    2578 19575   934    4.10    4.00  1006   881   39K    96   26.25   26.19
c rst  luby  svd  vmt   292   84K    2578 19575   934    4.10    4.00  1007   885   39K    96   26.26   26.20
c rst  luby  svd  vmt   293   84K    2578 19575   934    4.10    4.00  1007   885   39K    96   26.24   26.18
c rst  luby  svd  vmt   294   84K    2578 19575   934    4.10    4.00  1007   889   39K    96   26.23   26.17
c rst  luby  svd  vmt   295   84K    2578 19575   934    4.10    4.00  1007   897   39K    96   26.19   26.13
c rst  luby  svd  vmt   296   84K    2578 19575   934    4.10    4.00  1007   898   40K    96   26.19   26.13
c rst  luby  svd  vmt   297   84K    2578 19575   934    4.10    4.00  1007   901   40K    96   26.17   26.11
c rst  luby  svd  vmt   298   85K    2578 19575   934    4.10    4.00  1007   903   40K    96   26.11   26.06
c rst  luby  svd  vmt   299   85K    2578 19575   934    4.10    4.00  1009   914   40K    96   26.11   26.06
c rst  luby  svd  vmt   300   86K    2578 19575   934    4.10    4.00  1010   966   41K    96   26.23   26.17
c rst  geom best  vmt   301   86K    2578 19575   934    4.10    4.00  1010   968   41K    96   26.25   26.19
c rst  geom best  vmt   302   86K    2578 19575   934    4.10    4.00  1010   979   41K    96   26.21   26.16
c rst  geom best  vmt   303   86K    2578 19575   934    4.10    4.00  1010   981   41K    96   26.17   26.12
c rst  geom best  vmt   304   86K    2578 19575   934    4.10    4.00  1010   981   41K    96   26.14   26.09
c rst  geom best  vmt   305   86K    2578 19575   934    4.10    4.00  1010   981   42K    96   26.10   26.04
c rst  geom best  vmt   306   87K    2578 19575   934    4.10    4.00  1011   982   42K    96   26.07   26.02
c rst  geom best  vmt   307   87K    2578 19575   934    4.10    4.00  1011   984   42K    96   26.01   25.96
c rst  geom best  vmt   308   87K    2578 19575   934    4.10    4.00  1011   989   42K    96   25.98   25.93
c rst  geom best  vmt   309   87K    2578 19575   934    4.10    4.00  1011   993   42K    96   25.91   25.86
c [branch] adjusting to: vsid (from: vmtf) var_decay:0.95 descr: VSIDS
c rst  geom best   vs   310   87K    2578 19575   934    4.10    4.00  1011   996   43K    96   25.96   25.91
c rst  geom best   vs   311   87K    2578 19575   934    4.10    4.00  1011   999   43K    96   26.02   25.97
c rst  geom best   vs   312   88K    2578 19575   934    4.10    4.00  1011  1009   43K    96   26.04   25.99
c rst  geom best   vs   313   88K    2578 19575   934    4.10    4.00  1011  1012   43K    96   26.10   26.05
c [ccnr] tries: 0 steps: 262143 best found: 13
c [ccnr] tries: 0 steps: 524287 best found: 13
c [ccnr] tries: 0 steps: 786431 best found: 13
c [ccnr] saving best assignment phase to stable_polar
c [ccnr] bumping based on var unsat frequency: conflict_ct
c [ccnr] Bumped vars: 2894 bump type: 6
c [ccnr] time: 0.55
c rst  geom best   vs   314   88K    2578 19575   934    4.10    4.00  1013  1021   43K    96   26.19   26.13
c rst  geom best   vs   315   88K    2578 19575   934    4.10    4.00  1013  1028   43K    96   26.30   26.25
c rst  geom best   vs   316   88K    2578 19575   934    4.10    4.00  1018  1041   43K    96   26.33   26.28
c rst  geom best   vs   317   88K    2578 19575   934    4.10    4.00  1018  1055   44K    96   26.46   26.41
c rst  geom best   vs   318   89K    2578 19575   934    4.10    4.00  1019  1065   44K    96   26.57   26.52
c rst  geom best   vs   319   89K    2578 19575   934    4.10    4.00  1020  1083   44K    96   26.65   26.60
c rst  geom best   vs   320   89K    2578 19575   934    4.10    4.00  1021  1101   44K    96   26.73   26.68
c rst  geom best   vs   321   90K    2578 19575   934    4.10    4.00  1404  1532   33K    96   26.85   26.79
c rst  geom best   vs   322   90K    2578 19575   934    4.10    4.00  1408  1545   34K    96   26.94   26.88
c rst  geom best   vs   323   90K    2578 19575   934    4.10    4.00  1411  1551   34K    96   27.06   27.00
c rst  geom best   vs   324   91K    2578 19575   934    4.10    4.00  1417  1569   34K    96   27.20   27.14
c rst  geom best   vs   325   91K    2578 19575   934    4.10    4.00  1417  1576   35K    96   27.35   27.28
c rst  geom best   vs   326   92K    2578 19575   934    4.10    4.00  1419  1580   35K    96   27.50   27.44
c rst  geom  stb   vs   327   92K    2578 19575   934    4.10    4.00  1423  1588   36K    96   27.76   27.69
c rst  geom  stb   vs   328   93K    2578 19575   934    4.10    4.00  1424  1594   36K    96   27.85   27.78
c rst  geom  stb   vs   329   93K    2578 19575   934    4.10    4.00  1426  1596   37K    96   28.03   27.97
c [distill-bin] useful: 0/934/934 lits-rem: 0 cl-rem: 0 0-depth-assigns: 0 T: 0.01 T-out: N
c rst  geom  stb   vs   330   94K    2578 19575   934    4.10    4.00  1428  1606   38K    96   28.13   28.07
c rst  geom  stb   vs   331   95K    2578 19575   934    4.10    4.00  1430  1616   39K    96   28.31   28.25
c rst  geom  stb   vs   332   96K    2578 19575   934    4.10    4.00  1431  1625   40K    96   28.40   28.34
c rst  geom  stb   vs   333   97K    2578 19575   934    4.10    4.00  1434  1633   40K    96   28.41   28.35
c [distill-long-red0] cls tried: 422/422 T: 0.05 T-out: N T-r: 98.58%
c [distill-long-red1] cls tried: 27/1485 T: 0.01 T-out: Y T-r: -7.30%
c rst  geom  stb   vs   334   98K    2578 19575   934    4.10    4.00  1436  1638   41K    96   28.35   28.29
c rst  geom ibes   vs   335   99K    2578 19575   934    4.10    4.00  1440  1648   43K    96   28.98   28.92
c rst  geom ibes   vs   336  100K    2578 19575   934    4.10    4.00  1567  1528   44K    96   29.06   29.00
c [impl-str] lit bin: 0 set-var: 0 T: 0.00 T-out: N T-r: 99.95% w-visit: 5788
c [impl-sub] bin: 0 T: 0.00 T-out: N w-visit: 5788
c rst  geom ibes   vs   337  102K    2578 19575   934    4.10    4.00  1568  1538   45K    96   29.39   29.34
c [branch] adjusting to: vmtf (from: vsid) var_decay:0.95 descr: VMTF
c [full-probe]  bin_only: 1 set: 0 repl: 0 T: 0.01 T-out: N T-r: 99.69%
c rst  luby ibes  vmt   338  102K    2578 19575   934    4.10    4.00  1578  1586   45K    96   29.37   29.32
c rst  luby ibes  vmt   339  102K    2578 19575   934    4.10    4.00  1578  1586   45K    96   29.36   29.30
c [distill] watch-based irred--  cl tried     7390 cl-sh     0 cl-rem    0 lit-rem      0 T: 0.01 T-out: N
c [distill] watch-based   red--  cl tried     3156 cl-sh   125 cl-rem    0 lit-rem    238 T: 0.01 T-out: N
c rst  luby ibes  vmt   340  102K    2578 19575   934    4.10    4.00  1579  1587   46K    96   29.31   29.25
c rst  luby ibes  vmt   341  102K    2578 19575   934    4.10    4.00  1579  1587   46K    96   29.33   29.27
c rst  luby ibes  vmt   342  102K    2578 19575   934    4.10    4.00  1580  1600   46K    96   29.30   29.25
c rst  luby ibes  vmt   343  102K    2578 19575   934    4.10    4.00  1580  1605   46K    96   29.26   29.21
c rst  luby ibes  vmt   344  103K    2578 19575   934    4.10    4.00  1580  1607   46K    96   29.12   29.07
c rst  luby ibes  vmt   345  103K    2578 19575   934    4.10    4.00  1580  1608   47K    96   29.09   29.04
c rst  luby ibes  vmt   346  103K    2578 19575   934    4.10    4.00  1580  1608   47K    96   29.07   29.01
c rst  luby ibes  vmt   347  103K    2578 19575   934    4.10    4.00  1580  1610   47K    96   29.00   28.95
c rst  luby ibes  vmt   348  103K    2578 19575   934    4.10    4.00  1580  1612   47K    96   28.98   28.93
c rst  luby ibes  vmt   349  103K    2578 19575   934    4.10    4.00  1580  1612   47K    96   28.94   28.89
c rst  luby ibes  vmt   350  104K    2578 19575   934    4.10    4.00  1580  1615   47K    96   28.87   28.82
c rst  luby ibes  vmt   351  104K    2578 19575   934    4.10    4.00  1581  1622   48K    96   28.79   28.74
c rst  luby  svd  vmt   352  105K    2578 19575   934    4.10    4.00  1762  2014   36K    96   28.53   28.47
c rst  luby  svd  vmt   353  105K    2578 19575   934    4.10    4.00  1762  2016   36K    96   28.51   28.45
c rst  luby  svd  vmt   354  105K    2578 19575   934    4.10    4.00  1763  2017   36K    96   28.48   28.42
c rst  luby  svd  vmt   355  105K    2578 19575   934    4.10    4.00  1763  2021   36K    96   28.43   28.37
c rst  luby  svd  vmt   356  105K    2578 19575   934    4.10    4.00  1763  2023   36K    96   28.41   28.35
c rst  luby  svd  vmt   357  105K    2578 19575   934    4.10    4.00  1764  2023   36K    96   28.37   28.31
c rst  luby  svd  vmt   358  106K    2578 19575   934    4.10    4.00  1764  2023   36K    96   28.33   28.27
c rst  luby  svd  vmt   359  106K    2578 19575   934    4.10    4.00  1764  2032   37K    96   28.27   28.21
c rst  luby  svd  vmt   360  106K    2578 19575   934    4.10    4.00  1764  2033   37K    96   28.26   28.20
c rst  luby  svd  vmt   361  106K    2578 19575   934    4.10    4.00  1764  2035   37K    96   28.27   28.21
c rst  luby  svd  vmt   362  106K    2578 19575   934    4.10    4.00  1764  2039   37K    96   28.26   28.20
c rst  luby  svd  vmt   363  107K    2578 19575   934    4.10    4.00  1764  2044   37K    96   28.24   28.18
c rst  luby  svd  vmt   364  107K    2578 19575   934    4.10    4.00  1764  2044   37K    96   28.23   28.17
c rst  luby  svd  vmt   365  107K    2578 19575   934    4.10    4.00  1764  2046   38K    96   28.20   28.14
c rst  luby  svd  vmt   366  107K    2578 19575   934    4.10    4.00  1764  2055   38K    96   28.16   28.10
c rst  luby  svd  vmt   367  108K    2578 19575   934    4.10    4.00  1766  2075   39K    96   27.93   27.87
c rst  luby  svd  vmt   368  110K    2578 19575   934    4.10    4.00  2097  1767   40K    96   27.49   27.44
c rst  luby  svd  vmt   369  110K    2578 19575   934    4.10    4.00  2097  1768   40K    96   27.47   27.42
c rst  luby  svd  vmt   370  110K    2578 19575   934    4.10    4.00  2097  1768   41K    96   27.46   27.40
c rst  luby  svd  vmt   371  110K    2578 19575   934    4.10    4.00  2097  1773   41K    96   27.42   27.37
c rst  luby  svd  vmt   372  110K    2578 19575   934    4.10    4.00  2097  1774   41K    96   27.47   27.42
c rst  geom best  vmt   373  110K    2578 19575   934    4.10    4.00  2097  1777   41K    96   27.46   27.40
c rst  geom best  vmt   374  110K    2578 19575   934    4.10    4.00  2097  1777   41K    96   27.43   27.38
c rst  geom best  vmt   375  111K    2578 19575   934    4.10    4.00  2097  1781   41K    96   27.43   27.37
c rst  geom best  vmt   376  111K    2578 19575   934    4.10    4.00  2097  1782   41K    96   27.40   27.34
c rst  geom best  vmt   377  111K    2578 19575   934    4.10    4.00  2097  1785   41K    96   27.36   27.30
c rst  geom best  vmt   378  111K    2578 19575   934    4.10    4.00  2097  1788   42K    96   27.32   27.26
c rst  geom best  vmt   379  111K    2578 19575   934    4.10    4.00  2097  1794   42K    96   27.29   27.24
c rst  geom best  vmt   380  111K    2578 19575   934    4.10    4.00  2097  1807   42K    96   27.26   27.21
c rst  geom best  vmt   381  112K    2578 19575   934    4.10    4.00  2097  1808   42K    96   27.19   27.14
c rst  geom best  vmt   382  112K    2578 19575   934    4.10    4.00  2097  1816   43K    96   27.15   27.10
c [distill-long-red0] cls tried: 729/729 T: 0.07 T-out: N T-r: 97.61%
c [distill-long-red1] cls tried: 23/1650 T: 0.01 T-out: Y T-r: -5.33%
c rst  geom best  vmt   383  112K    2578 19575   934    4.10    4.00  2097  1820   43K    96   27.06   27.01
c rst  geom best  vmt   384  113K    2578 19575   934    4.10    4.00  2097  1830   43K    96   26.99   26.94
c rst  geom best  vmt   385  113K    2578 19575   934    4.10    4.00  2097  1839   43K    96   26.92   26.87
c rst  geom best  vmt   386  113K    2578 19575   934    4.10    4.00  2098  1846   44K    96   26.87   26.82
c rst  geom best  vmt   387  114K    2578 19575   934    4.10    4.00  2099  1860   44K    96   26.81   26.76
c [distill-bin] useful: 0/934/934 lits-rem: 0 cl-rem: 0 0-depth-assigns: 0 T: 0.01 T-out: N
c rst  geom best  vmt   388  114K    2578 19575   934    4.10    4.00  2099  1871   45K    96   26.73   26.68
c rst  geom best  vmt   389  115K    2578 19575   934    4.10    4.00  2101  1881   45K    96   26.59   26.54
c rst  geom best  vmt   390  115K    2578 19575   934    4.10    4.00  2101  1888   46K    96   26.55   26.50
c [gauss] XOR-encoding clauses are not detached, so no need to reattach them.
c [g 0] truth-find prop checks  : 45K
c [g 0] -> of which prop        : 15.36 %
c [g 0] -> of which confl       :  1.11 %
c [g 0] elim called             : 10127
c [g 0] ---> which lead to prop : 28.34 %
c [g 0] ---> which lead to confl:  1.75 %
c [g 0] size: 52    x 467  
c [scc] new: 0 BP 0M T: 0.00
c [vrep] vars 0 lits 0 rem-bin-cls 0 rem-long-cls 0 BP 0M T: 0.00
c [intree] Set 0 vars hyper-added: 7 trans-irred: 0 trans-red: 0 T: 0.01 T-out: N T-r: -3.17%
c [find&init matx] performing matrix init
c [gauss] XOR-encoding clauses are not detached, so no need to reattach them.
c [xor-rem-unconnected] left with 1973 xors from 1975 non-empty xors T: 0.00
c [xor-together] xored together: 1921 orig xors: 1973 new xors: 52 T: 0.00
c [xor-rem-unconnected] left with 52 xors from 52 non-empty xors T: 0.00
c [xor-clean-equiv] removed equivalent xors: 0 left with: 52
c [matrix] unused xors from cleaning: 2
c [matrix] Good   matrix 0 52      x467    density:0.1672  xorlen avg: 78.08
c [matrix] Using 1 matrices recovered from 0 xors T: 0.00 T-out: N
c rst  geom best vmt  391   116 K 2578    19575   934 4.10    4.00     2101  1899   46K   103 26.43   26.38  
c [g  <0] Disabling GJ-elim in this round.  Usefulness was: 17.0838%  over 68884 calls
c rst  geom best vmt  392   116 K 2578    19575   934 4.10    4.00     2101  1932   47K   103 26.26   26.21  
c rst  geom stb  vmt  393   117 K 2578    19575   934 4.10    4.00     2102  1947   48K   103 26.11   26.06  
c [branch] adjusting to: vsid (from: vmtf) var_decay:0.95 descr: VSIDS
c rst  geom stb  vs   394   117 K 2578    19575   934 4.10    4.00     2102  1956   48K   103 26.13   26.08  
c rst  geom stb  vs   395   117 K 2578    19575   934 4.10    4.00     2102  1961   48K   103 26.16   26.12  
c rst  geom stb  vs   396   118 K 2578    19575   934 4.10    4.00     2104  1967   48K   103 26.21   26.16  
c rst  geom stb  vs   397   118 K 2578    19575   934 4.10    4.00     2104  1972   48K   103 26.24   26.19  
c rst  geom stb  vs   398   118 K 2578    19575   934 4.10    4.00     2104  1972   48K   103 26.27   26.22  
c rst  geom stb  vs   399   118 K 2578    19575   934 4.10    4.00     2105  1975   48K   103 26.32   26.27  
c rst  geom stb  vs   400   118 K 2578    19575   934 4.10    4.00     2105  1980   49K   103 26.35   26.30  
c rst  geom stb  vs   401   118 K 2578    19575   934 4.10    4.00     2106  1993   49K   103 26.40   26.36  
c rst  geom stb  vs   402   119 K 2578    19575   934 4.10    4.00     2106  1999   49K   103 26.44   26.39  
c rst  geom stb  vs   403   119 K 2578    19575   934 4.10    4.00     2110  2010   49K   103 26.47   26.43  
c rst  geom stb  vs   404   119 K 2578    19575   934 4.10    4.00     2115  2022   50K   103 26.56   26.51  
c rst  geom stb  vs   405   119 K 2578    19575   934 4.10    4.00     2115  2027   50K   103 26.57   26.53  
c rst  geom stb  vs   406   120 K 2578    19575   934 4.10    4.00     2497  2569   36K   103 26.20   26.14  
c rst  geom stb  vs   407   120 K 2578    19575   934 4.10    4.00     2497  2572   36K   103 26.36   26.30  
c rst  geom stb  vs   408   121 K 2578    19575   934 4.10    4.00     2497  2588   36K   103 26.41   26.35  
c rst  geom stb  vs   409   121 K 2578    19575   934 4.10    4.00     2499  2602   37K   103 26.51   26.45  
c rst  geom stb  vs   410   122 K 2578    19575   934 4.10    4.00     2500  2603   37K   103 26.61   26.55  
c rst  geom stb  vs   411   122 K 2578    19575   934 4.10    4.00     2501  2610   38K   103 26.89   26.83  
c [full-probe]  bin_only: 0 set: 0 repl: 0 T: 0.01 T-out: N T-r: 96.51%
c rst  geom stb  vs   412   123 K 2578    19575   934 4.10    4.00     2504  2630   38K   103 27.14   27.08  
c rst  geom ibes vs   413   123 K 2578    19575   934 4.10    4.00     2504  2633   39K   103 27.37   27.31  
c rst  geom ibes vs   414   124 K 2578    19575   934 4.10    4.00     2510  2645   40K   103 27.58   27.52  
c rst  geom ibes vs   415   125 K 2578    19575   934 4.10    4.00     2517  2662   41K   103 27.63   27.57  
c rst  geom ibes vs   416   126 K 2578    19575   934 4.10    4.00     2518  2674   41K   103 27.71   27.65  
c rst  geom ibes vs   417   127 K 2578    19575   934 4.10    4.00     2519  2690   42K   103 27.87   27.81  
c rst  geom ibes vs   418   128 K 2578    19575   934 4.10    4.00     2520  2702   43K   103 28.24   28.19  
c [distill-long-red0] cls tried: 414/414 T: 0.05 T-out: N T-r: 98.25%
c [distill-long-red1] cls tried: 22/2523 T: 0.01 T-out: Y T-r: -5.92%
c [distill] watch-based irred--  cl tried 7390     cl-sh 0     cl-rem 0    lit-rem 0      T: 0.01 T-out: N
c [distill] watch-based red  --  cl tried 5040     cl-sh 51    cl-rem 0    lit-rem 72     T: 0.01 T-out: N
c rst  geom ibes vs   419   129 K 2578    19575   934 4.10    4.00     2521  2710   45K   103 28.31   28.26  
c rst  geom ibes vs   420   130 K 2578    19575   934 4.10    4.00     2657  2541   46K   103 28.59   28.53  
c rst  geom svd  vs   421   132 K 2578    19575   934 4.10    4.00     2659  2571   47K   103 29.28   29.22  
c rst  geom svd  vs   422   133 K 2578    19575   934 4.10    4.00     2664  2625   49K   103 29.57   29.51  
c [ccnr] tries: 0 steps: 262143 best found: 12
c [ccnr] tries: 0 steps: 524287 best found: 12
c [ccnr] tries: 0 steps: 786431 best found: 12
c [ccnr] saving best assignment phase to stable_polar
c [ccnr] bumping based on var unsat frequency: conflict_ct
c [ccnr] Bumped vars: 2894 bump type: 6
c [ccnr] time: 0.56
c rst  geom svd  vs   423   134 K 2578    19575   934 4.10    4.00     2665  2653   49K   103 29.82   29.77  
c recursive minimization cost OK: 414Kcost/(% lits removed)
c [gauss] XOR-encoding clauses are not detached, so no need to reattach them.
c [g 0] truth-find prop checks  : 50K
c [g 0] -> of which prop        : 15.24 %
c [g 0] -> of which confl       :  1.00 %
c [g 0] elim called             : 12111
c [g 0] ---> which lead to prop : 27.03 %
c [g 0] ---> which lead to confl:  1.87 %
c [g 0] size: 52    x 467  
c --> Executing strategy token: scc-vrepl
c [scc] new: 0 BP 0M T: 0.00
c --> Executing strategy token: sub-impl
c [impl-sub] bin: 0 T: 0.00 T-out: N w-visit: 5788
c --> Executing strategy token: breakid
c --> Executing OCC strategy token(s): 'occ-backw-sub-str,occ-clean-implicit,occ-bve,occ-bva,occ-ternary-res,occ-xor,'
c [occ] mem usage for occur 1      MB
c [occ] Linked in IRRED BIN by default: 934
c [occ] Linked in RED   BIN by default: 103
c [occ] mem usage for occur 0      MB
c Mem for watch alloc      : 7           MB (20.84     %)
c Mem for watch array      : 0           MB (0.36      %)
c --> Executing OCC strategy token: occ-backw-sub-str
c [occ-backw-sub-str-long-w-bins] subs: 0 str: 86 tried: 5209 0-depth ass: 0 T: 0.00 T-out: N T-r: 99.57%
c [occ-backw-sub-long-w-long] rem cl: 776 tried: 74846/74846 (100.0%) T: 0.02 T-out: N T-r: 89.27%
c [occ-backw-sub-str-long-w-long] sub: 3 str: 134 tried: 224538/74846 (300.0)  T: 0.10 T-out: N T-r: 79.74%
c --> Executing OCC strategy token: occ-clean-implicit
c --> Executing OCC strategy token: occ-bve
c [occ-empty-res] Empty resolvent elimed: 0 T: 0.00 T-out: N
c [occ-bve] iter v-elim 0
c cl_inc_rate=1.0, var_dec_rate=1.0 (grow=0)
c Reduced to 2578 vars, 20042 cls (grow=0)
c [occ-bve] iter v-elim 4
c cl_inc_rate=1.0, var_dec_rate=1.0 (grow=8)
c Reduced to 2574 vars, 20032 cls (grow=8)
c [occ-bve] iter v-elim 1002
c cl_inc_rate=1.8, var_dec_rate=1.6 (grow=16)
c Reduced to 1572 vars, 35845 cls (grow=16)
c x n vars       : 1572
c #try to eliminate:  9250
c #var-elim        :  1006
c #T-o: N
c #T-r: 99.81%
c #T  : 0.37
c [occur] 0.04 is overhead
c [occur] link-in T: 0.04 cleanup T: 0.00
c --> Executing OCC strategy token: occ-bva
c --> Executing OCC strategy token: occ-ternary-res
c [occ-ternary-res] Ternary res-tri: 10 res-bin: 0 sub: 4 str: 0 T: 0.00 T-out: N T-r: 99.54%
c --> Executing OCC strategy token: occ-xor
c [occ-xor] sort occur list T: 0.00
c [xor-clean-equiv] removed equivalent xors: 0 left with: 992
c [occ-xor] found    992 avg sz 6.0 min sz  4 max sz  6 T: 0.01 T-out: N T-r: 99.97%
c --> Executing strategy token: card-find
c --> Executing strategy token: cl-consolidate
c [mem] consolidate  old-sz: 10714K new-sz: 5445K new bits offs: 20 T: 0.00
c --> Executing strategy token: scc-vrepl
c [scc] new: 0 BP 0M T: 0.00
c --> Executing strategy token: renumber
c [gauss] XOR-encoding clauses are not detached, so no need to reattach them.
c [renumber] T: 0.00
c --> Executing strategy token: bosphorus
c --> Executing strategy token: louvain-comms
c [consolidate] mini T: 0.00
c global_timeout_multiplier: 3.6300
c [branch] rebuilding order heap for all branchings. Current branching: vsid
c [find&init matx] performing matrix init
c [gauss] XOR-encoding clauses are not detached, so no need to reattach them.
c [xor-rem-unconnected] left with 992 xors from 992 non-empty xors T: 0.00
c [xor-together] xored together: 937 orig xors: 992 new xors: 55 T: 0.00
c [xor-rem-unconnected] left with 55 xors from 55 non-empty xors T: 0.00
c [xor-clean-equiv] removed equivalent xors: 0 left with: 55
c [matrix] unused xors from cleaning: 0
c [matrix] Good   matrix  0     55 x  471  density:0.1558  xorlen avg: 73.40
c [matrix] Using 1 matrices recovered from 0 xors T: 0.00 T-out: N
c [distill-bin] useful: 2/847/847 lits-rem: 0 cl-rem: 2 0-depth-assigns: 0 T: 0.01 T-out: N
c rst  geom  svd   vs   424  135K    1572   34K   845    5.85    5.76   987  1762 18743    93   20.84   20.76
c [branch] adjusting to: vmtf (from: vsid) var_decay:0.95 descr: VMTF
c rst  luby  svd  vmt   425  135K    1572   34K   845    5.85    5.76   995  1819 18780    93   20.91   20.83
c rst  luby  svd  vmt   426  135K    1572   34K   845    5.85    5.76   995  1820 18880    93   20.90   20.82
c rst  luby  svd  vmt   427  135K    1572   34K   845    5.85    5.76   995  1822 19079    93   20.87   20.79
c rst  luby  svd  vmt   428  135K    1572   34K   845    5.85    5.76   995  1825 19177    93   20.89   20.81
c rst  luby  svd  vmt   429  135K    1572   34K   845    5.85    5.76   995  1825 19279    93   20.86   20.78
c rst  luby  svd  vmt   430  136K    1572   34K   845    5.85    5.76   995  1826 19479    93   20.82   20.74
c rst  luby  svd  vmt   431  136K    1572   34K   845    5.85    5.76   996  1829 19877    93   20.78   20.70
c rst  luby  svd  vmt   432  136K    1572   34K   845    5.85    5.76   998  1832 19975    93   20.82   20.75
c rst  luby  svd  vmt   433  136K    1572   34K   845    5.85    5.76   998  1832   20K    93   20.85   20.77
c rst  luby  svd  vmt   434  136K    1572   34K   845    5.85    5.76   998  1833   20K    93   20.84   20.76
c rst  luby  svd  vmt   435  137K    1572   34K   845    5.85    5.76   998  1835   20K    93   20.82   20.74
c rst  geom best  vmt   436  137K    1572   34K   845    5.85    5.76   998  1838   20K    93   20.83   20.75
c rst  geom best  vmt   437  137K    1572   34K   845    5.85    5.76   998  1842   20K    93   20.82   20.75
c rst  geom best  vmt   438  137K    1572   34K   845    5.85    5.76   998  1844   20K    93   20.84   20.76
c rst  geom best  vmt   439  137K    1572   34K   845    5.85    5.76   998  1845   20K    93   20.90   20.83
c rst  geom best  vmt   440  137K    1572   34K   845    5.85    5.76   998  1849   21K    93   20.92   20.84
c rst  geom best  vmt   441  137K    1572   34K   845    5.85    5.76   998  1852   21K    93   20.88   20.81
c rst  geom best  vmt   442  138K    1572   34K   845    5.85    5.76   998  1858   21K    93   20.85   20.78
c rst  geom best  vmt   443  138K    1572   34K   845    5.85    5.76   998  1863   21K    93   20.89   20.82
c rst  geom best  vmt   444  138K    1572   34K   845    5.85    5.76   998  1869   21K    93   20.89   20.81
c rst  geom best  vmt   445  138K    1572   34K   845    5.85    5.76   998  1871   22K    93   20.82   20.75
c rst  geom best  vmt   446  139K    1572   34K   845    5.85    5.76   998  1872   22K    93   20.76   20.69
c rst  geom best  vmt   447  139K    1572   34K   845    5.85    5.76   999  1878   22K    93   20.77   20.71
c rst  geom best  vmt   448  139K    1572   34K   845    5.85    5.76   999  1879   23K    93   20.69   20.63
c rst  geom best  vmt   449  140K    1572   34K   845    5.85    5.76  1104  1722   23K    93   20.69   20.62
c rst  geom best  vmt   450  140K    1572   34K   845    5.85    5.76  1105  1735   23K    93   20.60   20.53
c rst  geom best  vmt   451  140K    1572   34K   845    5.85    5.76  1105  1745   24K    93   20.47   20.41
c rst  geom best  vmt   452  141K    1572   34K   845    5.85    5.76  1106  1758   24K    93   20.39   20.33
c rst  geom best  vmt   453  142K    1572   34K   845    5.85    5.76  1107  1764   25K    93   20.30   20.24
c rst  geom best  vmt   454  142K    1572   34K   845    5.85    5.76  1107  1773   25K    93   20.29   20.23
c [full-probe]  bin_only: 1 set: 0 repl: 0 T: 0.01 T-out: N T-r: 99.72%
c rst  geom best  vmt   455  143K    1572   34K   845    5.85    5.76  1109  1791   26K    93   20.15   20.09
c [distill-long-red0] cls tried: 188/188 T: 0.02 T-out: N T-r: 99.32%
c [distill-long-red1] cls tried: 35/1651 T: 0.01 T-out: Y T-r: -7.46%
c rst  geom best  vmt   456  143K    1572   34K   845    5.85    5.76  1109  1800   27K    94   20.09   20.03
c rst  geom  stb  vmt   457  144K    1572   34K   845    5.85    5.76  1110  1809   28K    94   19.94   19.89
c rst  geom  stb  vmt   458  145K    1572   34K   845    5.85    5.76  1110  1818   28K    94   19.89   19.84
c rst  geom  stb  vmt   459  146K    1572   34K   845    5.85    5.76  1137  1988   29K    94   19.98   19.93
c [g  <0] Disabling GJ-elim in this round.  Usefulness was: 19.5583%  over 704795 calls
c rst  geom  stb  vmt   460  147K    1572   34K   845    5.85    5.76  1137  2002   30K    94   19.99   19.94
c rst  geom  stb  vmt   461  148K    1572   34K   845    5.85    5.76  1138  2022   31K    94   19.85   19.80
c rst  geom  stb  vmt   462  149K    1572   34K   845    5.85    5.76  1138  2029   32K    94   19.88   19.84
c ------- FINAL TOTAL SEARCH STATS ---------
c UIP search time          : 24.28       (96.67     % time)
c All times are for this thread only except if explicitly specified
c restarts                 : 462         (322.94    confls per restart)
c blocked restarts         : 0           (0.00      per normal restart)
c time                     : 24.28       
c decisions                : 166637      (0.00      % random)
c propagations             : 18473K      (760K      props/s)
c decisions/conflicts      : 1.12        
c conflicts                : 149196      
c LEARNT stats
c units learnt             : 0           (0.00      % of conflicts)
c bins learnt              : 77          (0.05      % of conflicts)
c long learnt              : 149529      (100.22    % of conflicts)
c red which0               : 611         (0.41      % of confl)
c SEAMLESS HYPERBIN&TRANS-RED stats
c advProp called           : 0           
c hyper-bin add bin        : 0           (0.00      bin/call)
c trans-red rem irred bin  : 0           (0.00      bin/call)
c trans-red rem red bin    : 0           (0.00      bin/call)
c CONFL LITS stats
c orig                     : 25129145    (168.43    lit/confl)
c recurs-min effective     : 137488      (92.15     % attempt successful)
c recurs-min lits          : 19969084    (79.47     % less overall)
c permDiff call%           : 2.64        (0.00      % attempt successful)
c permDiff lits-rem        : 0           (0.00      less lits/cl on attempts)
c further-min call%        : 0.03        (26.53     % attempt successful)
c bintri-min lits          : 33          (0.00      % less overall)
c final avg                : 34.59       
c all-threads sum CPU time : 24.28        s
c PROP stats
c Mbogo-props              : 61.59       (2.54      / sec)
c MHyper-props             : 0.04        (0.00      / sec)
c Mprops                   : 18.47       (0.76      / sec)
c -------- OccSimplifier STATS ----------
c time                     : 0.39        (0.00      % var-elim)
c called                   : 2           (0.19      s per call)
c 0-depth assigns          : 0           (0.00      % vars)
c -------- OccSimplifier STATS END ----------
c -------- SubsumeStrengthen STATS ----------
c cl-subs                  : 949          Clauses
c cl-str rem lit           : 373          Lits
c cl-sub T                 : 0.05         s
c cl-str T                 : 0.22         s
c -------- SubsumeStrengthen STATS END ----------
c ----- SCC STATS --------
c time                     : 0.00        (0.00      per call)
c called                   : 7           (1.29      new found per call)
c found                    : 9           (50.00     % of all found)
c bogoprops                : 249510      % of all found
c ----- SCC STATS END --------
c --------- VAR REPLACE STATS ----------
c time                     : 0.05        (0.01      per call)
c trees' crown             : 9           (0.31      % of vars)
c 0-depth assigns          : 0           (0.00      % vars)
c lits replaced            : 18047       
c bin cls removed          : 42          
c long cls removed         : 24          
c long lits removed        : 2884        
c bogoprops                : 938976      
c --------- VAR REPLACE STATS END ----------
c vrep replace time        : 0.05        (0.21      % time)
c vrep tree roots          : 5           
c vrep trees' crown        : 9           (1.80      leafs/tree)
c -------- DISTILL-BIN STATS --------
c time                     : 0.08        (0.01      per call)
c timed out                : 2           (28.57     % of calls)
c distill/checked/potential: 0          /7946/8587
c lits-rem                 : 0           
c 0-depth-assigns          : 0           (0.00      % of vars)
c -------- DISTILL STATS END --------
c -------- STRENGTHEN STATS --------
c --> watch-based on irred cls
c time                     : 0.03        (0.00      s/call)
c shrinked/tried/total     : 156        /25656/188936
c subsumed/tried/total     : 160        /25656/188936
c lits-rem                 : 161         (0.14      % of lits tried)
c called                   : 10          (0.00      % ran out of time)
c --> watch-based on red cls
c time                     : 0.02        (0.00      s/call)
c shrinked/tried/total     : 426        /12064/12064
c subsumed/tried/total     : 0          /12064/12064
c lits-rem                 : 818         (1.03      % of lits tried)
c called                   : 10          (0.00      % ran out of time)
c -------- STRENGTHEN STATS END --------
c -------- IMPLICIT SUB  STATS --------
c time                     : 0.00        (0.00      per call)
c timed out                : 0           (0.00      % of calls)
c rem bins                 : 34          
c -------- IMPLICIT SUB STATS END --------
c Mem used                 : 36          MB
c Mem for longclauses      : 6           MB (17.11     %)
c Mem for watch alloc      : 8           MB (23.72     %)
c Mem for watch array      : 0           MB (0.20      %)
c Mem for assings&vardata  : 0           MB (0.21      %)
c Mem for search&solve     : 0           MB (0.53      %)
c Mem for renumberer       : 0           MB (0.08      %)
c Mem for occsimplifier    : 0           MB (1.99      %)
c Mem for varReplacer&SCC  : 0           MB (0.17      %)
c Mem for impl subsume     : 0           MB (0.00      %)
c Mem for 3 distills       : 0           MB (0.00      %)
c Accounted for mem (rss)  : 44.01       %
c Accounted for mem (vm)   : 38.62       %
c restarts                 : 462         (322.94    confls per restart)
c blocked restarts         : 0           (0.00      per normal restart)
c time                     : 24.28       
c decisions                : 166637      (0.00      % random)
c propagations             : 18473K      (760K      props/s)
c decisions/conflicts      : 1.12        
c conflicts                : 149196      
c conf lits non-minim      : 25129145    (168.43    lit/confl)
c conf lits final          : 34.59       
c red which0               : 611         (0.41      % of confl)
c props/decision           : 0.00        
c props/conflict           : 0.00        
c 0-depth assigns          : 2           (0.13      % vars)
c 0-depth assigns by CNF   : 2           (0.13      % vars)
c reduceDB time            : 0.04        (0.15      % time)
c OccSimplifier time       : 0.39        (1.55      % time)
c [occur] 0.10 is overhead
c [occur] link-in T: 0.08 cleanup T: 0.02
c [occ-substr] long subBySub: 920 subByStr: 29 lits-rem-str: 373 T: 0.27
c SCC time                 : 0.00        (0.01      % time)
c [scc] new: 9 BP 0M  T: 0.00
c vrep replace time        : 0.05        (0.21      % time)
c vrep tree roots          : 5           
c vrep trees' crown        : 9           (1.80      leafs/tree)
c distill long time        : 0.44        (1.74      % time)
c distill bin time         : 0.08        (0.30      % time)
c strength cache-irred time: 0.03        (0.13      % time)
c strength cache-red time  : 0.02        (0.08      % time)
c avg cls in red 0         : 1000.00     
c avg cls in red 1         : 1377.49     
c avg cls in red 2         : 31401.00    
c Conflicts in UIP         : 149196      (5939.09   confl/time_this_thread)
c Max Memory (rss) used    : 49320 kB    
c Total time (this thread) : 25.12       
s SATISFIABLE
v -1 -2 -3 4 5 -6 7 8 -9 -10 11 -12 -13 14 -15 -16 17 18 -19 -20 -21 -22 -23 -24 
v -25 -26 -27 -28 -29 -30 -31 -32 -33 -34 -35 -36 37 38 -39 -40 41 -42 43 44 
v -45 -46 47 -48 -49 -50 -51 -52 -53 -54 -55 -56 -57 -58 -59 -60 -61 -62 -63 
v -64 -65 -66 -67 -68 -69 -70 -71 -72 -73 74 -75 -76 77 78 -79 80 -81 -82 83 84 
v -85 -86 -87 -88 -89 -90 -91 92 -93 -94 95 96 -97 98 -99 -100 101 102 -103 -104 
v -105 -106 -107 -108 -109 -110 -111 -112 -113 -114 -115 116 -117 -118 119 120 
v -121 -122 -123 -124 -125 -126 -127 -128 -129 -130 -131 -132 -133 -134 -135 
v -136 -137 -138 -139 -140 -141 -142 -143 -144 -145 -146 -147 -148 -149 -150 
v -151 -152 -153 -154 -155 -156 -157 -158 -159 -160 -161 -162 -163 -164 -165 
v -166 -167 -168 -169 -170 -171 -172 -173 -174 -175 -176 -177 -178 -179 -180 
v -181 -182 -183 -184 -185 -186 -187 -188 -189 -190 -191 -192 -193 -194 -195 
v -196 -197 -198 -199 -200 -201 -202 -203 -204 -205 -206 -207 -208 -209 -210 
v -211 -212 -213 -214 -215 -216 -217 -218 -219 -220 -221 -222 -223 -224 -225 
v -226 -227 -228 -229 -230 -231 -232 -233 -234 -235 236 -237 -238 239 240 -241 
v 242 -243 -244 245 246 -247 -248 -249 -250 -251 -252 -253 -254 -255 -256 -257 
v -258 -259 260 -261 -262 263 264 -265 -266 -267 -268 -269 -270 -271 272 -273 
v -274 275 276 -277 278 -279 -280 281 282 -283 -284 -285 -286 -287 -288 -289 
v -290 -291 -292 -293 -294 -295 296 -297 -298 299 300 -301 -302 -303 -304 -305 
v -306 -307 -308 -309 -310 -311 -312 -313 -314 -315 -316 -317 -318 -319 -320 
v -321 -322 -323 -324 -325 -326 -327 -328 -329 -330 -331 -332 -333 -334 -335 
v -336 -337 -338 -339 -340 -341 -342 343 -344 -345 346 347 348 -349 350 351 352 
v -353 354 355 -356 -357 -358 -359 -360 -361 -362 -363 364 -365 366 367 -368 
v -369 370 371 -372 373 -374 -375 -376 -377 -378 -379 380 -381 382 383 -384 
v -385 386 387 -388 389 -390 -391 -392 -393 -394 -395 -396 -397 -398 -399 -400 
v -401 -402 -403 -404 -405 -406 -407 -408 -409 -410 -411 -412 -413 -414 -415 
v -416 -417 -418 -419 -420 -421 -422 -423 -424 -425 -426 -427 428 -429 430 431 
v -432 -433 434 435 -436 437 -438 -439 -440 -441 -442 -443 444 -445 446 447 
v -448 -449 450 451 -452 453 -454 -455 -456 -457 -458 -459 460 -461 462 463 
v -464 -465 466 467 -468 469 -470 -471 -472 -473 -474 -475 -476 -477 -478 -479 
v -480 -481 -482 -483 -484 -485 -486 -487 -488 -489 -490 -491 492 -493 494 495 
v -496 -497 498 499 -500 501 -502 -503 -504 -505 -506 -507 508 -509 510 511 
v -512 -513 514 515 -516 517 -518 -519 -520 -521 -522 -523 524 -525 526 527 
v -528 -529 530 531 -532 533 -534 -535 -536 -537 -538 -539 -540 -541 -542 -543 
v -544 -545 -546 -547 -548 -549 -550 -551 -552 -553 -554 -555 556 -557 558 559 
v -560 -561 562 563 -564 565 -566 -567 -568 -569 -570 -571 572 -573 574 575 
v -576 -577 578 579 -580 581 -582 -583 -584 -585 -586 -587 -588 -589 -590 -591 
v -592 -593 -594 -595 -596 -597 -598 -599 -600 -601 -602 -603 -604 -605 -606 
v -607 -608 -609 -610 -611 -612 -613 -614 -615 -616 -617 -618 -619 -620 -621 
v -622 -623 -624 -625 -626 -627 -628 -629 -630 -631 -632 -633 -634 -635 -636 
v -637 -638 -639 -640 -641 -642 -643 -644 -645 -646 -647 -648 -649 -650 -651 
v -652 -653 -654 -655 -656 -657 -658 -659 -660 -661 -662 -663 -664 -665 -666 
v -667 -668 -669 -670 -671 -672 -673 -674 -675 -676 -677 -678 -679 -680 -681 
v -682 -683 -684 -685 -686 -687 -688 -689 -690 -691 -692 -693 -694 -695 -696 
v -697 -698 -699 -700 -701 -702 703 704 -705 -706 707 708 -709 710 -711 -712 
v -713 -714 -715 -716 -717 -718 -719 -720 -721 -722 723 -724 -725 726 727 -728 
v 729 -730 -731 -732 -733 734 735 -736 737 -738 -739 -740 -741 -742 -743 -744 
v -745 -746 -747 -748 -749 -750 -751 -752 753 -754 755 -756 -757 -758 759 -760 
v -761 -762 -763 -764 -765 -766 -767 768 769 770 771 772 773 774 775 776 777 
v 778 779 780 781 782 783 784 785 786 787 788 789 790 -791 792 793 -794 -795 
v -796 -797 -798 799 -800 -801 -802 -803 -804 -805 806 807 808 809 810 0
c [g 0] truth-find prop checks  : 541K
c [g 0] -> of which prop        : 17.44 %
c [g 0] -> of which confl       :  1.01 %
c [g 0] elim called             : 101K
c [g 0] ---> which lead to prop : 36.08 %
c [g 0] ---> which lead to confl:  1.45 %
c [g 0] size: 55    x 471  

real	0m25.376s
user	0m25.122s
sys	0m0.046s
