c BreakID not compiled in, disabling
c CryptoMiniSat version 5.11.19
c CMS Copyright (C) 2009-2020 Authors of CryptoMiniSat, see AUTHORS file
c CMS SHA revision b80e09ebd7703fc13b987401d693d7d406a50441
c Using VMTF code by Armin Biere from CaDiCaL
c Using Yalsat by Armin Biere, see Balint et al. Improving implementation of SLS solvers [...], SAT'14
c Using WalkSAT by Henry Kautz, see Kautz and Selman Pushing the envelope: planning, propositional logic, and stochastic search, AAAI'96,
c CMS is MIT licensed
c Using code from 'When Boolean Satisfiability Meets Gauss-E. in a Simplex Way'
c       by C.-S. Han and J.-H. Roland Jiang in CAV 2012. Fixes by M. Soos
c Using CCAnr from 'CCAnr: A Conf. Checking Based Local Search Solver [...]'
c       by Shaowei Cai, Chuan Luo, and Kaile Su, SAT 2015
c CMS compilation env CMAKE_CXX_COMPILER = /usr/bin/c++ | CMAKE_CXX_FLAGS =  -fvisibility=hidden -Wall -Wextra -Wunused -Wsign-compare -fno-omit-frame-pointer -Wtype-limits -Wuninitialized -Wno-deprecated -Wstrict-aliasing -Wpointer-arith -Wpointer-arith -Wformat-nonliteral -Winit-self -Wparentheses -Wunreachable-code -g -Wno-class-memaccess -mpopcnt -msse4.2 -ggdb3 -Wlogical-op -Wrestrict -Wnull-dereference -Wdouble-promotion -Wshadow -Wformat=2 -Wextra-semi -pedantic | COMPILE_DEFINES =  -DRDB0_ONLY_FEATURES -DUSE_ZLIB -DYALSAT_FPU | STATICCOMPILE = OFF | ONLY_SIMPLE =  | STATS = OFF | SQLITE3_FOUND =  | ZLIB_FOUND = TRUE | VALGRIND_FOUND =  | ENABLE_TESTING = OFF | SLOW_DEBUG = OFF | ENABLE_ASSERTIONS = ON | PYTHON_EXECUTABLE =  | PYTHON_LIBRARY =  | PYTHON_INCLUDE_DIRS =  | MY_TARGETS =  | LARGEMEM = OFF | LIMITMEM = OFF | BREAKID_LIBRARIES =  | BREAKID-VER = . | BOSPHORUS_LIBRARIES =  | BOSPH-VER = . | compilation date time = Jul 13 2026 14:05:03
c CMS compiled with gcc version 11.5.0 20240719 (Red Hat 11.5.0-5)
c Executed with command line: ./cryptominisat5 ./instancesBreak/IC_S4/Xn19l6-11-S.dimacs_break.cnf
c Reading file './instancesBreak/IC_S4/Xn19l6-11-S.dimacs_break.cnf'
c -- header says num vars:            794
c -- header says num clauses:        2496
c -- clauses added: 2444
c -- xor clauses added: 52
c -- vars added 794
c Parsing time: 0.00 s
c [find&init matx] performing matrix init
c [gauss] XOR-encoding clauses are not detached, so no need to reattach them.
c [xor-rem-unconnected] left with 50 xors from 50 non-empty xors T: 0.00
c [xor-together] xored together: 0 orig xors: 50 new xors: 50 T: 0.00
c [xor-rem-unconnected] left with 50 xors from 50 non-empty xors T: 0.00
c [xor-clean-equiv] removed equivalent xors: 0 left with: 50
c [matrix] unused xors from cleaning: 0
c [matrix] Good   matrix  0     50 x  765  density:0.1103  xorlen avg: 84.38
c [matrix] Using 1 matrices recovered from 0 xors T: 0.00 T-out: N
c [branch] adjusting to: vsid (from: vsid) var_decay:0.95 descr: VSIDS
c rst  geom  stb   vs     1   111    2810 17265  1657    3.96    3.79     1    24    65    21  156.28  127.09
c rst  geom  stb   vs     2   233    2810 17265  1657    3.96    3.79     4    49   159    21   92.64   84.47
c  res  pol bran  nres  conf freevar  IrrL  IrrB l/longC  l/allC RedL0 RedL1 RedL2  RedB l/longC  l/allC
c rst  geom  stb   vs     3   367    2810 17265  1657    3.96    3.79     4    49   293    21   75.45   71.25
c rst  geom  stb   vs     4   514    2810 17265  1657    3.96    3.79     4    49   440    21   69.95   67.17
c rst  geom  stb   vs     5   675    2810 17265  1657    3.96    3.79     4    49   601    21   65.97   63.98
c rst  geom  stb   vs     6   855    2810 17265  1657    3.96    3.79     4    49   780    22   65.79   64.15
c rst  geom  stb   vs     7  1050    2810 17265  1657    3.96    3.79     4    49   975    22   65.47   64.14
c rst  geom  stb   vs     8  1263    2810 17265  1657    3.96    3.79     4    49  1188    22   67.67   66.52
c rst  geom  stb   vs     9  1497    2810 17265  1657    3.96    3.79     4    49  1421    23   69.00   67.97
c rst  geom  stb   vs    10  1756    2810 17265  1657    3.96    3.79     4    49  1680    23   68.48   67.61
c rst  geom  stb   vs    11  2039    2810 17265  1657    3.96    3.79     4    49  1963    23   66.88   66.15
c rst  geom  stb   vs    12  2350    2810 17265  1657    3.96    3.79     4    49  2274    23   65.48   64.86
c rst  geom  stb   vs    13  2690    2810 17265  1657    3.96    3.79     4    49  2614    23   63.04   62.51
c rst  geom  stb   vs    14  3065    2810 17265  1657    3.96    3.79     4    49  2989    23   60.97   60.53
c rst  geom  stb   vs    15  3475    2810 17265  1657    3.96    3.79     4    49  3399    23   59.02   58.64
c rst  geom  stb   vs    16  3925    2810 17265  1657    3.96    3.79     4    49  3849    23   59.32   58.99
c rst  geom  stb   vs    17  4420    2810 17265  1657    3.96    3.79     4    49  4344    23   59.61   59.31
c rst  geom  stb   vs    18  4963    2810 17265  1657    3.96    3.79     4    49  4887    23   60.78   60.51
c rst  geom  stb   vs    19  5560    2810 17265  1657    3.96    3.79     4    49  5483    24   60.98   60.72
c [branch] adjusting to: vmtf (from: vsid) var_decay:0.95 descr: VMTF
c [distill-long-red0] cls tried: 4/4 T: 0.00 T-out: N T-r: 100.00%
c [distill-long-red1] cls tried: 49/49 T: 0.00 T-out: N T-r: 95.78%
c rst  luby ibes  vmt    20  5663    2810 17265  1657    3.96    3.79    16    73  5540    34   60.32   59.97
c rst  luby ibes  vmt    21  5764    2810 17265  1657    3.96    3.79    16   106  5608    34   60.14   59.79
c rst  luby ibes  vmt    22  5965    2810 17265  1657    3.96    3.79    23   115  5793    34   59.66   59.33
c rst  luby ibes  vmt    23  6067    2810 17265  1657    3.96    3.79    23   115  5896    34   59.31   58.99
c rst  luby ibes  vmt    24  6168    2810 17265  1657    3.96    3.79    24   118  5998    34   58.82   58.51
c rst  luby ibes  vmt    25  6370    2810 17265  1657    3.96    3.79    26   131  6199    34   57.87   57.57
c rst  luby ibes  vmt    26  6771    2810 17265  1657    3.96    3.79    30   152  6575    34   56.45   56.18
c rst  luby ibes  vmt    27  6872    2810 17265  1657    3.96    3.79    30   153  6673    36   56.28   56.00
c rst  luby ibes  vmt    28  6973    2810 17265  1657    3.96    3.79    30   157  6770    36   56.41   56.13
c rst  luby ibes  vmt    29  7175    2810 17265  1657    3.96    3.79    31   163  6971    36   55.96   55.69
c rst  luby ibes  vmt    30  7277    2810 17265  1657    3.96    3.79    31   164  7084    36   55.73   55.47
c rst  luby ibes  vmt    31  7378    2810 17265  1657    3.96    3.79    31   166  7183    36   55.73   55.47
c rst  luby ibes  vmt    32  7579    2810 17265  1657    3.96    3.79    31   175  7375    36   55.69   55.44
c rst  luby ibes  vmt    33  7980    2810 17265  1657    3.96    3.79    34   200  7761    37   54.45   54.21
c rst  luby ibes  vmt    34  8781    2810 17265  1657    3.96    3.79    38   229  8605    37   54.15   53.93
c rst  luby ibes  vmt    35  8882    2810 17265  1657    3.96    3.79    40   269  8695    37   53.90   53.68
c rst  luby ibes  vmt    36  8983    2810 17265  1657    3.96    3.79    40   274  8791    37   53.79   53.58
c rst  luby ibes  vmt    37  9184    2810 17265  1657    3.96    3.79    40   281  8985    37   53.52   53.31
c rst  luby ibes  vmt    38  9286    2810 17265  1657    3.96    3.79    40   282  9086    37   53.22   53.02
c rst  luby ibes  vmt    39  9387    2810 17265  1657    3.96    3.79    40   282  9187    37   53.14   52.94
c rst  luby ibes  vmt    40  9588    2810 17265  1657    3.96    3.79    43   291  9384    37   52.72   52.53
c rst  luby ibes  vmt    41  9989    2810 17265  1657    3.96    3.79    43   340  9807    37   52.09   51.91
c rst  luby ibes  vmt    42 10090    2810 17265  1657    3.96    3.79   139   251  9901    37   52.09   51.91
c rst  luby ibes  vmt    43 10191    2810 17265  1657    3.96    3.79   139   254  9999    37   52.05   51.87
c rst  luby ibes  vmt    44 10393    2810 17265  1657    3.96    3.79   139   269 10217    37   52.12   51.94
c rst  luby ibes  vmt    45 10494    2810 17265  1657    3.96    3.79   140   270 10316    37   52.15   51.97
c rst  luby ibes  vmt    46 10595    2810 17265  1657    3.96    3.79   140   272 10415    37   52.00   51.83
c rst  luby ibes  vmt    47 10796    2810 17265  1657    3.96    3.79   144   281 10603    37   51.79   51.63
c rst  luby  svd  vmt    48 11198    2810 17265  1657    3.96    3.79   148   281 11000    38   52.60   52.43
c rst  luby  svd  vmt    49 12000    2810 17265  1657    3.96    3.79   154   299 11781    38   54.74   54.58
c [branch] adjusting to: vsid (from: vmtf) var_decay:0.95 descr: VSIDS
c rst  geom  svd   vs    50 12112    2810 17265  1657    3.96    3.79   154   299 11893    38   54.62   54.45
c [distill-bin] useful: 11/1657/1657 lits-rem: 0 cl-rem: 11 0-depth-assigns: 0 T: 0.01 T-out: N
c rst  geom  svd   vs    51 12235    2810 17265  1646    3.96    3.79   154   299 12016    38   54.42   54.26
c rst  geom  svd   vs    52 12369    2810 17265  1646    3.96    3.79   154   299 12150    38   54.10   53.94
c rst  geom  svd   vs    53 12517    2810 17265  1646    3.96    3.79   154   299 12298    38   53.82   53.67
c rst  geom  svd   vs    54 12679    2810 17265  1646    3.96    3.79   154   299 12460    38   53.62   53.47
c rst  geom  svd   vs    55 12857    2810 17265  1646    3.96    3.79   154   299 12638    38   53.24   53.10
c rst  geom  svd   vs    56 13051    2810 17265  1646    3.96    3.79   154   299 12832    38   52.94   52.80
c rst  geom  svd   vs    57 13265    2810 17265  1646    3.96    3.79   154   299 13046    38   52.54   52.40
c rst  geom  svd   vs    58 13499    2810 17265  1646    3.96    3.79   154   299 13280    38   52.07   51.93
c rst  geom  svd   vs    59 13757    2810 17265  1646    3.96    3.79   154   299 13538    38   51.55   51.41
c rst  geom  svd   vs    60 14039    2810 17265  1646    3.96    3.79   154   299 13820    38   51.00   50.87
c rst  geom  svd   vs    61 14349    2810 17265  1646    3.96    3.79   154   299 14130    38   50.39   50.26
c rst  geom  svd   vs    62 14689    2810 17265  1646    3.96    3.79   154   299 14470    38   49.94   49.82
c rst  geom  svd   vs    63 15062    2810 17265  1646    3.96    3.79   167   840 14289    38   49.39   49.27
c rst  geom  svd   vs    64 15473    2810 17265  1646    3.96    3.79   167   840 14700    38   48.86   48.75
c rst  geom  svd   vs    65 15924    2810 17265  1646    3.96    3.79   167   840 15151    38   48.61   48.50
c rst  geom  svd   vs    66 16418    2810 17265  1646    3.96    3.79   167   840 15645    38   48.22   48.11
c rst  geom best   vs    67 16963    2810 17265  1646    3.96    3.79   167   840 16190    38   49.58   49.48
c rst  geom best   vs    68 17561    2810 17265  1646    3.96    3.79   167   840 16787    39   50.40   50.29
c rst  geom best   vs    69 18217    2810 17265  1646    3.96    3.79   167   840 17443    39   50.10   50.00
c [branch] adjusting to: vmtf (from: vsid) var_decay:0.95 descr: VMTF
c rst  luby best  vmt    70 18319    2810 17265  1646    3.96    3.79   169   848 17533    41   50.38   50.27
c rst  luby best  vmt    71 18420    2810 17265  1646    3.96    3.79   171   852 17627    42   50.55   50.44
c rst  luby best  vmt    72 18622    2810 17265  1646    3.96    3.79   175   855 17821    43   50.81   50.70
c rst  luby best  vmt    73 18724    2810 17265  1646    3.96    3.79   175   863 17914    44   50.90   50.78
c rst  luby best  vmt    74 18826    2810 17265  1646    3.96    3.79   178   870 18006    44   51.36   51.24
c rst  luby best  vmt    75 19027    2810 17265  1646    3.96    3.79   183   872 18197    47   51.61   51.49
c rst  luby best  vmt    76 19428    2810 17265  1646    3.96    3.79   191   888 18573    48   52.30   52.18
c rst  luby best  vmt    77 19529    2810 17265  1646    3.96    3.79   191   888 18674    48   52.57   52.45
c rst  luby best  vmt    78 19630    2810 17265  1646    3.96    3.79   191   889 18774    48   52.72   52.60
c rst  luby best  vmt    79 19832    2810 17265  1646    3.96    3.79   194   891 18971    48   53.03   52.91
c rst  luby best  vmt    80 19933    2810 17265  1646    3.96    3.79   197   892 19066    50   53.16   53.03
c rst  luby best  vmt    81   20K    2810 17265  1646    3.96    3.79   261   834 19161    50   53.25   53.12
c [full-probe]  bin_only: 1 set: 0 repl: 0 T: 0.01 T-out: N T-r: 99.73%
c rst  luby best  vmt    82   20K    2810 17265  1646    3.96    3.79   265   841 19334    71   53.47   53.29
c rst  luby best  vmt    83   20K    2810 17265  1646    3.96    3.79   269   849 19718    77   53.63   53.44
c [distill-long-red0] cls tried: 242/242 T: 0.01 T-out: N T-r: 99.69%
c [distill-long-red1] cls tried: 32/823 T: 0.01 T-out: Y T-r: -2.21%
c rst  luby best  vmt    84   21K    2810 17265  1646    3.96    3.79   276   873   20K    88   54.08   53.86
c rst  luby best  vmt    85   21K    2810 17265  1646    3.96    3.79   276   873   20K    88   54.17   53.96
c rst  luby best  vmt    86   21K    2810 17265  1646    3.96    3.79   277   875   20K    89   54.19   53.98
c rst  luby  stb  vmt    87   21K    2810 17265  1646    3.96    3.79   279   876   20K    90   54.37   54.15
c rst  luby  stb  vmt    88   21K    2810 17265  1646    3.96    3.79   279   879   20K    90   54.41   54.20
c rst  luby  stb  vmt    89   22K    2810 17265  1646    3.96    3.79   280   879   21K    90   54.47   54.26
c rst  luby  stb  vmt    90   22K    2810 17265  1646    3.96    3.79   284   888   21K    92   54.52   54.30
c rst  luby  stb  vmt    91   22K    2810 17265  1646    3.96    3.79   290   895   21K    92   54.59   54.38
c rst  luby  stb  vmt    92   22K    2810 17265  1646    3.96    3.79   294   897   21K    92   54.63   54.42
c rst  luby  stb  vmt    93   22K    2810 17265  1646    3.96    3.79   295   900   21K    92   54.60   54.39
c rst  luby  stb  vmt    94   23K    2810 17265  1646    3.96    3.79   299   900   22K    93   54.67   54.46
c rst  luby  stb  vmt    95   23K    2810 17265  1646    3.96    3.79   301   909   22K    96   54.67   54.45
c rst  luby  stb  vmt    96   23K    2810 17265  1646    3.96    3.79   302   915   22K    98   54.70   54.48
c rst  luby  stb  vmt    97   23K    2810 17265  1646    3.96    3.79   304   915   22K    98   54.84   54.62
c rst  luby  stb  vmt    98   23K    2810 17265  1646    3.96    3.79   307   923   22K   102   54.92   54.70
c rst  luby  stb  vmt    99   24K    2810 17265  1646    3.96    3.79   313   931   23K   105   55.15   54.93
c rst  luby  stb  vmt   100   26K    2810 17265  1646    3.96    3.79   323   948   25K   116   55.58   55.35
c [branch] adjusting to: vsid (from: vmtf) var_decay:0.95 descr: VSIDS
c [distill] watch-based irred--  cl tried     1570 cl-sh     0 cl-rem    4 lit-rem      0 T: 0.00 T-out: N
c [distill] watch-based   red--  cl tried      645 cl-sh    11 cl-rem    1 lit-rem     68 T: 0.00 T-out: N
c rst  geom  stb   vs   101   26K    2810 17259  1652    3.96    3.79   324   948   25K   112   55.64   55.42
c rst  geom  stb   vs   102   26K    2810 17259  1652    3.96    3.79   324   948   25K   113   55.70   55.48
c rst  geom  stb   vs   103   26K    2810 17259  1652    3.96    3.79   324   948   25K   113   55.69   55.46
c rst  geom  stb   vs   104   26K    2810 17259  1652    3.96    3.79   324   948   25K   113   55.71   55.49
c rst  geom  stb   vs   105   26K    2810 17259  1652    3.96    3.79   326   948   25K   113   55.68   55.46
c rst  geom ibes   vs   106   27K    2810 17259  1652    3.96    3.79   326   948   26K   114   55.49   55.27
c rst  geom ibes   vs   107   27K    2810 17259  1652    3.96    3.79   326   949   26K   114   55.30   55.08
c rst  geom ibes   vs   108   27K    2810 17259  1652    3.96    3.79   327   949   26K   114   55.06   54.85
c rst  geom ibes   vs   109   27K    2810 17259  1652    3.96    3.79   327   949   26K   114   54.75   54.53
c rst  geom ibes   vs   110   28K    2810 17259  1652    3.96    3.79   327   949   26K   114   54.38   54.17
c rst  geom ibes   vs   111   28K    2810 17259  1652    3.96    3.79   327   949   27K   114   53.99   53.79
c rst  geom ibes   vs   112   28K    2810 17259  1652    3.96    3.79   327   949   27K   114   53.59   53.39
c rst  geom ibes   vs   113   28K    2810 17259  1652    3.96    3.79   327   949   27K   114   53.22   53.02
c rst  geom ibes   vs   114   29K    2810 17259  1652    3.96    3.79   327   949   28K   114   52.82   52.62
c rst  geom ibes   vs   115   29K    2810 17259  1652    3.96    3.79   327   949   28K   114   52.42   52.23
c rst  geom ibes   vs   116   30K    2810 17259  1652    3.96    3.79   443  1113   23K   114   50.00   49.79
c rst  geom ibes   vs   117   30K    2810 17259  1652    3.96    3.79   443  1113   24K   114   49.38   49.18
c rst  geom ibes   vs   118   31K    2810 17259  1652    3.96    3.79   443  1113   24K   114   48.72   48.52
c rst  geom ibes   vs   119   31K    2810 17259  1652    3.96    3.79   443  1113   25K   114   48.11   47.91
c rst  geom ibes   vs   120   32K    2810 17259  1652    3.96    3.79   443  1113   25K   114   47.55   47.36
c [distill-bin] useful: 0/1642/1652 lits-rem: 0 cl-rem: 0 0-depth-assigns: 0 T: 0.01 T-out: Y
c rst  geom  svd   vs   121   33K    2810 17259  1652    3.96    3.79   443  1113   26K   114   47.20   47.02
c rst  geom  svd   vs   122   33K    2810 17259  1652    3.96    3.79   443  1113   27K   114   46.52   46.35
c [branch] adjusting to: vmtf (from: vsid) var_decay:0.95 descr: VMTF
c rst  luby  svd  vmt   123   34K    2810 17259  1652    3.96    3.79   444  1119   27K   114   46.52   46.35
c rst  luby  svd  vmt   124   34K    2810 17259  1652    3.96    3.79   445  1121   27K   114   46.69   46.51
c rst  luby  svd  vmt   125   34K    2810 17259  1652    3.96    3.79   447  1127   27K   114   46.85   46.68
c rst  luby  svd  vmt   126   34K    2810 17259  1652    3.96    3.79   449  1131   27K   115   47.07   46.89
c rst  luby  svd  vmt   127   34K    2810 17259  1652    3.96    3.79   452  1137   28K   115   47.14   46.97
c rst  luby  svd  vmt   128   34K    2810 17259  1652    3.96    3.79   455  1151   28K   115   47.36   47.18
c rst  luby  svd  vmt   129   35K    2810 17259  1652    3.96    3.79   458  1185   28K   116   47.85   47.67
c rst  luby  svd  vmt   130   35K    2810 17259  1652    3.96    3.79   459  1188   28K   116   47.95   47.78
c rst  luby  svd  vmt   131   35K    2810 17259  1652    3.96    3.79   460  1188   28K   116   48.07   47.90
c rst  luby  svd  vmt   132   35K    2810 17259  1652    3.96    3.79   462  1197   29K   116   48.15   47.97
c rst  luby  svd  vmt   133   35K    2810 17259  1652    3.96    3.79   463  1199   29K   116   48.22   48.04
c [distill-long-red0] cls tried: 215/215 T: 0.01 T-out: N T-r: 99.61%
c [distill-long-red1] cls tried: 29/1141 T: 0.01 T-out: Y T-r: -5.93%
c rst  luby  svd  vmt   134   35K    2810 17259  1652    3.96    3.79   463  1201   29K   116   48.17   48.00
c rst  luby  svd  vmt   135   36K    2810 17259  1652    3.96    3.79   464  1210   29K   116   48.45   48.28
c rst  luby  svd  vmt   136   36K    2810 17259  1652    3.96    3.79   466  1218   29K   116   48.70   48.53
c rst  luby  svd  vmt   137   37K    2810 17259  1652    3.96    3.79   472  1257   30K   117   49.17   49.00
c rst  luby  svd  vmt   138   37K    2810 17259  1652    3.96    3.79   472  1258   30K   118   49.21   49.04
c rst  luby  svd  vmt   139   37K    2810 17259  1652    3.96    3.79   472  1263   30K   118   49.19   49.02
c rst  luby  svd  vmt   140   37K    2810 17259  1652    3.96    3.79   473  1276   30K   118   49.15   48.98
c rst  luby  svd  vmt   141   37K    2810 17259  1652    3.96    3.79   473  1282   31K   118   49.18   49.01
c rst  luby  svd  vmt   142   37K    2810 17259  1652    3.96    3.79   475  1285   31K   118   49.23   49.06
c rst  luby  svd  vmt   143   38K    2810 17259  1652    3.96    3.79   477  1292   31K   118   49.35   49.19
c rst  geom best  vmt   144   38K    2810 17259  1652    3.96    3.79   479  1293   31K   119   49.43   49.26
c rst  geom best  vmt   145   38K    2810 17259  1652    3.96    3.79   483  1316   31K   119   49.36   49.19
c rst  geom best  vmt   146   38K    2810 17259  1652    3.96    3.79   484  1319   31K   119   49.42   49.25
c rst  geom best  vmt   147   38K    2810 17259  1652    3.96    3.79   484  1323   31K   120   49.44   49.27
c rst  geom best  vmt   148   38K    2810 17259  1652    3.96    3.79   484  1326   31K   120   49.52   49.35
c rst  geom best  vmt   149   38K    2810 17259  1652    3.96    3.79   487  1329   32K   122   49.60   49.43
c rst  geom best  vmt   150   39K    2810 17259  1652    3.96    3.79   487  1329   32K   123   49.71   49.54
c rst  geom best  vmt   151   39K    2810 17259  1652    3.96    3.79   489  1341   32K   123   49.78   49.61
c rst  geom best  vmt   152   39K    2810 17259  1652    3.96    3.79   494  1343   32K   123   49.79   49.63
c rst  geom best  vmt   153   39K    2810 17259  1652    3.96    3.79   496  1345   33K   124   49.89   49.72
c rst  geom best  vmt   154   40K    2810 17259  1652    3.96    3.79   664  1186   33K   124   50.02   49.85
c [full-probe]  bin_only: 0 set: 0 repl: 0 T: 0.01 T-out: N T-r: 96.82%
c [impl-str] lit bin: 0 set-var: 0 T: 0.00 T-out: N T-r: 99.95% w-visit: 5624
c [impl-sub] bin: 34 T: 0.00 T-out: N w-visit: 5624
c rst  geom best  vmt   155   40K    2810 17259  1652    3.96    3.79   666  1201   33K   104   49.95   49.81
c rst  geom best  vmt   156   40K    2810 17259  1652    3.96    3.79   668  1216   33K   104   50.04   49.90
c rst  geom best  vmt   157   41K    2810 17259  1652    3.96    3.79   668  1233   34K   104   50.18   50.05
c rst  geom best  vmt   158   41K    2810 17259  1652    3.96    3.79   668  1235   34K   104   50.12   49.98
c rst  geom best  vmt   159   41K    2810 17259  1652    3.96    3.79   673  1256   35K   104   50.00   49.87
c rst  geom best  vmt   160   42K    2810 17259  1652    3.96    3.79   675  1262   35K   104   50.14   50.01
c [branch] adjusting to: vsid (from: vmtf) var_decay:0.95 descr: VSIDS
c rst  geom best   vs   161   42K    2810 17259  1652    3.96    3.79   675  1262   35K   104   50.05   49.92
c rst  geom best   vs   162   42K    2810 17259  1652    3.96    3.79   675  1262   36K   104   49.95   49.82
c rst  geom best   vs   163   42K    2810 17259  1652    3.96    3.79   675  1262   36K   104   49.84   49.71
c rst  geom best   vs   164   42K    2810 17259  1652    3.96    3.79   675  1262   36K   104   49.72   49.59
c rst  geom best   vs   165   43K    2810 17259  1652    3.96    3.79   675  1262   36K   104   49.59   49.46
c rst  geom best   vs   166   43K    2810 17259  1652    3.96    3.79   675  1262   36K   104   49.45   49.32
c rst  geom best   vs   167   43K    2810 17259  1652    3.96    3.79   675  1262   36K   104   49.34   49.22
c rst  geom  stb   vs   168   43K    2810 17259  1652    3.96    3.79   675  1262   37K   104   49.24   49.11
c rst  geom  stb   vs   169   43K    2810 17259  1652    3.96    3.79   675  1262   37K   104   49.14   49.01
c rst  geom  stb   vs   170   44K    2810 17259  1652    3.96    3.79   675  1262   37K   104   49.00   48.88
c [ccnr] tries: 0 steps: 262143 best found: 17
c [ccnr] tries: 0 steps: 524287 best found: 15
c [ccnr] tries: 0 steps: 786431 best found: 15
c [ccnr] saving best assignment phase to stable_polar
c [ccnr] bumping based on clause weights
c [ccnr] Bumped vars: 102 bump type: 6
c [ccnr] time: 0.60
c rst  geom  stb   vs   171   44K    2810 17259  1652    3.96    3.79   676  1262   37K   104   48.90   48.78
c rst  geom  stb   vs   172   44K    2810 17259  1652    3.96    3.79   676  1262   38K   104   48.78   48.65
c rst  geom  stb   vs   173   45K    2810 17259  1652    3.96    3.79   714  1894   30K   104   48.06   47.91
c rst  geom  stb   vs   174   45K    2810 17259  1652    3.96    3.79   714  1894   31K   104   47.84   47.70
c rst  geom  stb   vs   175   45K    2810 17259  1652    3.96    3.79   714  1894   31K   104   47.67   47.53
c rst  geom  stb   vs   176   46K    2810 17259  1652    3.96    3.79   714  1894   31K   104   47.51   47.38
c rst  geom  stb   vs   177   46K    2810 17259  1652    3.96    3.79   714  1894   32K   104   47.26   47.13
c rst  geom  stb   vs   178   47K    2810 17259  1652    3.96    3.79   714  1894   32K   104   46.92   46.78
c rst  geom  stb   vs   179   48K    2810 17259  1652    3.96    3.79   714  1894   33K   105   46.68   46.55
c rst  geom  stb   vs   180   48K    2810 17259  1652    3.96    3.79   714  1894   34K   105   46.49   46.36
c rst  geom  stb   vs   181   49K    2810 17259  1652    3.96    3.79   714  1894   34K   105   46.19   46.07
c rst  geom ibes   vs   182   50K    2810 17259  1652    3.96    3.79   778  1830   35K   105   45.66   45.55
c [gauss] XOR-encoding clauses are not detached, so no need to reattach them.
c [g 0] truth-find prop checks  : 939K
c [g 0] -> of which prop        : 36.36 %
c [g 0] -> of which confl       :  3.12 %
c [g 0] elim called             : 181K
c [g 0] ---> which lead to prop :  9.21 %
c [g 0] ---> which lead to confl:  0.68 %
c [g 0] size: 50    x 765  
c [scc] new: 7 BP 0M T: 0.00
c [vrep] vars 7 lits 17328 rem-bin-cls 38 rem-long-cls 14 BP 0M T: 0.03
c [scc] new: 0 BP 0M T: 0.00
c [vrep] vars 0 lits 0 rem-bin-cls 0 rem-long-cls 0 BP 0M T: 0.01
c [intree] Set 0 vars hyper-added: 779 trans-irred: 0 trans-red: 40 T: 0.01 T-out: N T-r: -1.37%
c [find&init matx] performing matrix init
c [gauss] XOR-encoding clauses are not detached, so no need to reattach them.
c [xor-rem-unconnected] left with 50 xors from 50 non-empty xors T: 0.00
c [xor-together] xored together: 0 orig xors: 50 new xors: 50 T: 0.00
c [xor-rem-unconnected] left with 50 xors from 50 non-empty xors T: 0.00
c [xor-clean-equiv] removed equivalent xors: 0 left with: 50
c [matrix] unused xors from cleaning: 0
c [matrix] Good   matrix 0 50      x760    density:0.1098  xorlen avg: 83.46
c [matrix] Using 1 matrices recovered from 0 xors T: 0.00 T-out: N
c rst  geom ibes vs   183   51  K 2803    17258  1639 3.96    3.79      778  1830   36K   833 44.93   44.04  
c [distill-long-red0] cls tried: 314/314 T: 0.04 T-out: N T-r: 98.97%
c [distill-long-red1] cls tried: 21/1744 T: 0.01 T-out: Y T-r: -4.44%
c rst  geom ibes vs   184   52  K 2803    17258  1639 3.96    3.79      775  1830   37K   836 44.10   43.24  
c [distill] watch-based irred--  cl tried 1563     cl-sh 0     cl-rem 1    lit-rem 0      T: 0.00 T-out: N
c [distill] watch-based red  --  cl tried 1548     cl-sh 34    cl-rem 2    lit-rem 44     T: 0.00 T-out: N
c rst  geom ibes vs   185   53  K 2803    17257  1640 3.96    3.79      773  1830   38K   835 43.38   42.56  
c [branch] adjusting to: vmtf (from: vsid) var_decay:0.95 descr: VMTF
c [distill-bin] useful: 0/1272/1640 lits-rem: 0 cl-rem: 0 0-depth-assigns: 0 T: 0.01 T-out: Y
c rst  luby ibes vmt  186   53  K 2803    17257  1640 3.96    3.79      776  1873   38K   835 43.34   42.52  
c rst  luby ibes vmt  187   53  K 2803    17257  1640 3.96    3.79      776  1876   38K   835 43.34   42.53  
c rst  luby ibes vmt  188   53  K 2803    17257  1640 3.96    3.79      776  1883   38K   835 43.33   42.51  
c rst  luby ibes vmt  189   53  K 2803    17257  1640 3.96    3.79      776  1884   39K   835 43.35   42.54  
c rst  luby ibes vmt  190   53  K 2803    17257  1640 3.96    3.79      776  1888   39K   835 43.32   42.51  
c rst  luby ibes vmt  191   53  K 2803    17257  1640 3.96    3.79      776  1893   39K   835 43.41   42.60  
c rst  luby ibes vmt  192   54  K 2803    17257  1640 3.96    3.79      777  1931   39K   835 43.39   42.59  
c rst  luby ibes vmt  193   54  K 2803    17257  1640 3.96    3.79      778  1938   39K   835 43.40   42.61  
c rst  luby ibes vmt  194   54  K 2803    17257  1640 3.96    3.79      778  1943   40K   835 43.36   42.57  
c rst  luby ibes vmt  195   54  K 2803    17257  1640 3.96    3.79      780  1978   40K   835 43.33   42.54  
c rst  luby ibes vmt  196   54  K 2803    17257  1640 3.96    3.79      780  1987   40K   835 43.30   42.52  
c rst  luby ibes vmt  197   54  K 2803    17257  1640 3.96    3.79      780  2000   40K   835 43.36   42.58  
c rst  luby ibes vmt  198   55  K 2803    17257  1640 3.96    3.79      782  2013   40K   835 43.30   42.53  
c rst  luby svd  vmt  199   55  K 2803    17257  1640 3.96    3.79      782  2046   41K   835 43.58   42.80  
c rst  luby svd  vmt  200   56  K 2803    17257  1640 3.96    3.79      794  2063   41K   835 43.80   43.03  
c recursive minimization cost OK: 320Kcost/(% lits removed)
c [gauss] XOR-encoding clauses are not detached, so no need to reattach them.
c [g 0] truth-find prop checks  : 111K
c [g 0] -> of which prop        : 38.14 %
c [g 0] -> of which confl       :  3.19 %
c [g 0] elim called             : 20K
c [g 0] ---> which lead to prop :  1.27 %
c [g 0] ---> which lead to confl:  0.14 %
c [g 0] size: 50    x 760  
c --> Executing strategy token: scc-vrepl
c [scc] new: 3 BP 0M T: 0.00
c [vrep] vars 3 lits 11877 rem-bin-cls 12 rem-long-cls 3 BP 0M T: 0.02
c --> Executing strategy token: sub-impl
c [impl-sub] bin: 6 T: 0.00 T-out: N w-visit: 5624
c --> Executing strategy token: breakid
c --> Executing OCC strategy token(s): 'occ-backw-sub-str,occ-clean-implicit,occ-bve,occ-bva,occ-ternary-res,occ-xor,'
c [occ] mem usage for occur 1      MB
c [occ] Linked in IRRED BIN by default: 1636
c [occ] Linked in RED   BIN by default: 827
c [occ] mem usage for occur 0      MB
c Mem for watch alloc      : 4           MB (18.43     %)
c Mem for watch array      : 0           MB (0.82      %)
c --> Executing OCC strategy token: occ-backw-sub-str
c [occ-backw-sub-str-long-w-bins] subs: 0 str: 1 tried: 2463 0-depth ass: 0 T: 0.00 T-out: N T-r: 99.36%
c [occ-backw-sub-long-w-long] rem cl: 45 tried: 61700/61700 (100.0%) T: 0.02 T-out: N T-r: 96.64%
c [occ-backw-sub-str-long-w-long] sub: 0 str: 3 tried: 185100/61700 (300.0)  T: 0.06 T-out: N T-r: 88.64%
c --> Executing OCC strategy token: occ-clean-implicit
c --> Executing OCC strategy token: occ-bve
c [occ-empty-res] Empty resolvent elimed: 0 T: 0.00 T-out: N
c [occ-bve] iter v-elim 12
c cl_inc_rate=1.0, var_dec_rate=1.0 (grow=0)
c Reduced to 2788 vars, 18882 cls (grow=0)
c [occ-bve] iter v-elim 292
c cl_inc_rate=1.1, var_dec_rate=1.1 (grow=8)
c Reduced to 2496 vars, 20115 cls (grow=8)
c x n vars       : 2496
c #try to eliminate:  5885
c #var-elim        :   304
c #T-o: N
c #T-r: 99.99%
c #T  : 0.09
c [occur] 0.04 is overhead
c [occur] link-in T: 0.04 cleanup T: 0.00
c --> Executing OCC strategy token: occ-bva
c --> Executing OCC strategy token: occ-ternary-res
c [occ-ternary-res] Ternary res-tri: 48 res-bin: 0 sub: 6 str: 0 T: 0.00 T-out: N T-r: 99.38%
c --> Executing OCC strategy token: occ-xor
c [occ-xor] sort occur list T: 0.00
c [xor-clean-equiv] removed equivalent xors: 0 left with: 1907
c [occ-xor] found   1907 avg sz 4.0 min sz  4 max sz  5 T: 0.01 T-out: N T-r: 99.98%
c --> Executing strategy token: card-find
c --> Executing strategy token: cl-consolidate
c [mem] consolidate  old-sz: 10106K new-sz: 4268K new bits offs: 20 T: 0.00
c --> Executing strategy token: scc-vrepl
c [scc] new: 0 BP 0M T: 0.00
c --> Executing strategy token: renumber
c --> Executing strategy token: bosphorus
c --> Executing strategy token: louvain-comms
c [consolidate] mini T: 0.00
c global_timeout_multiplier: 3.3000
c [branch] rebuilding order heap for all branchings. Current branching: vmtf
c [find&init matx] performing matrix init
c [gauss] XOR-encoding clauses are not detached, so no need to reattach them.
c [xor-rem-unconnected] left with 1907 xors from 1907 non-empty xors T: 0.00
c [xor-together] xored together: 1860 orig xors: 1907 new xors: 47 T: 0.00
c [xor-rem-unconnected] left with 47 xors from 47 non-empty xors T: 0.00
c [xor-clean-equiv] removed equivalent xors: 0 left with: 47
c [matrix] unused xors from cleaning: 0
c [matrix] Good   matrix  0     47 x  457  density:0.1823  xorlen avg: 83.32
c [matrix] Using 1 matrices recovered from 0 xors T: 0.01 T-out: N
c rst  luby  svd  vmt   201   56K    2496 19215   900    4.11    4.01   160   249   23K   133   28.60   28.46
c rst  luby  svd  vmt   202   56K    2496 19215   900    4.11    4.01   162   254   23K   133   28.56   28.42
c rst  luby  svd  vmt   203   56K    2496 19215   900    4.11    4.01   163   255   24K   133   28.51   28.37
c rst  luby  svd  vmt   204   56K    2496 19215   900    4.11    4.01   164   255   24K   133   28.43   28.28
c rst  luby  svd  vmt   205   56K    2496 19215   900    4.11    4.01   164   258   24K   133   28.37   28.23
c rst  luby  svd  vmt   206   56K    2496 19215   900    4.11    4.01   165   259   24K   133   28.34   28.20
c rst  luby  svd  vmt   207   57K    2496 19215   900    4.11    4.01   165   264   24K   133   28.26   28.13
c rst  luby  svd  vmt   208   57K    2496 19215   900    4.11    4.01   165   269   25K   133   28.13   27.99
c rst  luby  svd  vmt   209   57K    2496 19215   900    4.11    4.01   170   275   25K   134   28.13   27.99
c rst  luby  svd  vmt   210   57K    2496 19215   900    4.11    4.01   171   278   25K   134   28.11   27.97
c rst  luby  svd  vmt   211   57K    2496 19215   900    4.11    4.01   171   282   25K   134   28.07   27.93
c rst  luby  svd  vmt   212   58K    2496 19215   900    4.11    4.01   172   287   25K   134   28.08   27.94
c [g  <0] Disabling GJ-elim in this round.  Usefulness was: 19.3903%  over 116620 calls
c rst  luby  svd  vmt   213   58K    2496 19215   900    4.11    4.01   173   289   25K   134   28.07   27.94
c rst  luby  svd  vmt   214   58K    2496 19215   900    4.11    4.01   174   305   25K   134   28.03   27.90
c rst  luby  svd  vmt   215   58K    2496 19215   900    4.11    4.01   175   312   26K   134   27.94   27.81
c rst  luby  svd  vmt   216   59K    2496 19215   900    4.11    4.01   176   329   26K   134   27.51   27.39
c rst  luby  svd  vmt   217   61K    2496 19215   900    4.11    4.01   246   430   24K   134   25.11   24.99
c [full-probe]  bin_only: 1 set: 0 repl: 0 T: 0.01 T-out: N T-r: 99.79%
c rst  geom best  vmt   218   61K    2496 19215   900    4.11    4.01   246   434   24K   134   25.09   24.97
c rst  geom best  vmt   219   61K    2496 19215   900    4.11    4.01   246   436   24K   134   25.08   24.96
c rst  geom best  vmt   220   61K    2496 19215   900    4.11    4.01   246   437   25K   134   25.03   24.91
c rst  geom best  vmt   221   61K    2496 19215   900    4.11    4.01   246   439   25K   134   25.00   24.88
c rst  geom best  vmt   222   61K    2496 19215   900    4.11    4.01   247   454   25K   134   24.99   24.87
c rst  geom best  vmt   223   61K    2496 19215   900    4.11    4.01   248   464   25K   134   24.98   24.87
c rst  geom best  vmt   224   62K    2496 19215   900    4.11    4.01   248   469   25K   134   24.94   24.82
c rst  geom best  vmt   225   62K    2496 19215   900    4.11    4.01   249   471   25K   134   24.88   24.77
c rst  geom best  vmt   226   62K    2496 19215   900    4.11    4.01   250   477   26K   134   24.83   24.71
c rst  geom best  vmt   227   62K    2496 19215   900    4.11    4.01   250   477   26K   134   24.72   24.61
c rst  geom best  vmt   228   63K    2496 19215   900    4.11    4.01   250   480   26K   134   24.61   24.50
c [branch] adjusting to: vsid (from: vmtf) var_decay:0.95 descr: VSIDS
c rst  geom best   vs   229   63K    2496 19215   900    4.11    4.01   256   490   26K   134   24.70   24.59
c rst  geom best   vs   230   63K    2496 19215   900    4.11    4.01   257   492   26K   134   24.75   24.64
c rst  geom best   vs   231   63K    2496 19215   900    4.11    4.01   261   497   27K   134   24.85   24.74
c rst  geom best   vs   232   63K    2496 19215   900    4.11    4.01   265   515   27K   134   24.92   24.81
c rst  geom best   vs   233   63K    2496 19215   900    4.11    4.01   266   526   27K   134   25.07   24.96
c rst  geom best   vs   234   64K    2496 19215   900    4.11    4.01   268   535   27K   134   25.13   25.02
c rst  geom best   vs   235   64K    2496 19215   900    4.11    4.01   274   549   27K   134   25.16   25.05
c rst  geom best   vs   236   64K    2496 19215   900    4.11    4.01   280   556   27K   134   25.20   25.09
c rst  geom best   vs   237   64K    2496 19215   900    4.11    4.01   281   561   28K   134   25.20   25.09
c rst  geom best   vs   238   64K    2496 19215   900    4.11    4.01   285   583   28K   134   25.26   25.16
c rst  geom best   vs   239   65K    2496 19215   900    4.11    4.01   285   590   28K   134   25.33   25.23
c rst  geom best   vs   240   65K    2496 19215   900    4.11    4.01   289   622   28K   134   25.39   25.28
c rst  geom best   vs   241   65K    2496 19215   900    4.11    4.01   290   640   29K   134   25.41   25.30
c rst  geom best   vs   242   66K    2496 19215   900    4.11    4.01   298   654   29K   134   25.42   25.32
c [distill-long-red0] cls tried: 163/163 T: 0.01 T-out: N T-r: 99.80%
c [distill-long-red1] cls tried: 58/587 T: 0.01 T-out: Y T-r: -2.01%
c rst  geom best   vs   243   66K    2496 19215   900    4.11    4.01   300   666   29K   135   25.54   25.44
c rst  geom best   vs   244   67K    2496 19215   900    4.11    4.01   302   674   30K   135   25.61   25.51
c rst  geom  stb   vs   245   67K    2496 19215   900    4.11    4.01   305   687   30K   135   25.90   25.80
c rst  geom  stb   vs   246   68K    2496 19215   900    4.11    4.01   312   720   31K   135   26.15   26.05
c rst  geom  stb   vs   247   68K    2496 19215   900    4.11    4.01   326   765   31K   135   26.45   26.35
c rst  geom  stb   vs   248   69K    2496 19215   900    4.11    4.01   334   797   32K   135   26.84   26.74
c rst  geom  stb   vs   249   70K    2496 19215   900    4.11    4.01   630   532   33K   135   26.94   26.84
c rst  geom  stb   vs   250   70K    2496 19215   900    4.11    4.01   643   554   33K   135   27.20   27.11
c rst  geom  stb   vs   251   71K    2496 19215   900    4.11    4.01   649   585   34K   135   27.57   27.47
c rst  geom  stb   vs   252   72K    2496 19215   900    4.11    4.01   658   603   35K   135   27.84   27.75
c rst  geom  stb   vs   253   73K    2496 19215   900    4.11    4.01   665   638   36K   135   28.08   27.98
c [distill-bin] useful: 2/900/900 lits-rem: 0 cl-rem: 2 0-depth-assigns: 0 T: 0.01 T-out: N
c rst  geom ibes   vs   254   74K    2496 19215   898    4.11    4.01   682   684   37K   135   28.09   28.00
c [branch] adjusting to: vmtf (from: vsid) var_decay:0.95 descr: VMTF
c rst  luby ibes  vmt   255   75K    2496 19215   898    4.11    4.01   716   993   30K   135   27.59   27.48
c rst  luby ibes  vmt   256   75K    2496 19215   898    4.11    4.01   716   996   30K   135   27.59   27.49
c rst  luby ibes  vmt   257   75K    2496 19215   898    4.11    4.01   717  1014   30K   135   27.52   27.41
c rst  luby ibes  vmt   258   75K    2496 19215   898    4.11    4.01   717  1016   30K   135   27.52   27.42
c rst  luby ibes  vmt   259   75K    2496 19215   898    4.11    4.01   718  1021   30K   135   27.50   27.39
c rst  luby ibes  vmt   260   75K    2496 19215   898    4.11    4.01   719  1037   31K   135   27.60   27.50
c rst  luby ibes  vmt   261   76K    2496 19215   898    4.11    4.01   729  1058   31K   135   27.66   27.56
c rst  luby ibes  vmt   262   76K    2496 19215   898    4.11    4.01   729  1064   31K   135   27.68   27.57
c rst  luby ibes  vmt   263   76K    2496 19215   898    4.11    4.01   731  1084   31K   135   27.68   27.57
c rst  luby ibes  vmt   264   76K    2496 19215   898    4.11    4.01   735  1098   31K   135   27.70   27.60
c rst  luby ibes  vmt   265   76K    2496 19215   898    4.11    4.01   737  1112   31K   135   27.69   27.58
c rst  luby ibes  vmt   266   76K    2496 19215   898    4.11    4.01   739  1122   31K   135   27.70   27.60
c rst  luby ibes  vmt   267   76K    2496 19215   898    4.11    4.01   744  1126   32K   135   27.79   27.69
c rst  luby ibes  vmt   268   77K    2496 19215   898    4.11    4.01   746  1130   32K   135   27.90   27.80
c [distill] watch-based irred--  cl tried     7631 cl-sh   149 cl-rem  159 lit-rem    157 T: 0.01 T-out: N
c [distill] watch-based   red--  cl tried     1492 cl-sh   196 cl-rem    0 lit-rem    441 T: 0.00 T-out: N
c rst  luby ibes  vmt   269   78K    2496 19056   911    4.10    4.01   761  1151   33K   122   28.08   27.99
c rst  luby ibes  vmt   270   78K    2496 19056   911    4.10    4.01   761  1154   33K   122   28.11   28.02
c rst  luby ibes  vmt   271   78K    2496 19056   911    4.10    4.01   765  1158   33K   122   28.13   28.04
c rst  luby ibes  vmt   272   78K    2496 19056   911    4.10    4.01   768  1164   33K   122   28.14   28.05
c rst  luby ibes  vmt   273   78K    2496 19056   911    4.10    4.01   768  1170   33K   122   28.15   28.06
c rst  luby ibes  vmt   274   78K    2496 19056   911    4.10    4.01   769  1174   33K   122   28.20   28.11
c rst  luby ibes  vmt   275   78K    2496 19056   911    4.10    4.01   771  1182   34K   122   28.20   28.11
c rst  luby ibes  vmt   276   79K    2496 19056   911    4.10    4.01   775  1196   34K   122   28.24   28.15
c rst  luby ibes  vmt   277   79K    2496 19056   911    4.10    4.01   778  1198   34K   122   28.23   28.15
c rst  luby ibes  vmt   278   79K    2496 19056   911    4.10    4.01   779  1201   34K   122   28.24   28.15
c rst  luby  svd  vmt   279   79K    2496 19056   911    4.10    4.01   780  1208   34K   122   28.42   28.33
c rst  luby  svd  vmt   280   79K    2496 19056   911    4.10    4.01   781  1216   34K   122   28.46   28.38
c rst  luby  svd  vmt   281   79K    2496 19056   911    4.10    4.01   783  1221   35K   122   28.49   28.40
c rst  luby  svd  vmt   282   80K    2496 19056   911    4.10    4.01  1113   884   35K   122   28.49   28.40
c rst  luby  svd  vmt   283   80K    2496 19056   911    4.10    4.01  1119   910   35K   122   28.49   28.40
c rst  luby  svd  vmt   284   81K    2496 19056   911    4.10    4.01  1122   944   36K   122   28.58   28.50
c [distill-long-red0] cls tried: 842/842 T: 0.03 T-out: N T-r: 99.10%
c [distill-long-red1] cls tried: 74/839 T: 0.01 T-out: Y T-r: -2.54%
c [full-probe]  bin_only: 0 set: 0 repl: 0 T: 0.01 T-out: N T-r: 97.03%
c rst  luby  svd  vmt   285   82K    2496 19056   911    4.10    4.01  1134   986   37K   122   28.65   28.57
c rst  luby  svd  vmt   286   83K    2496 19056   911    4.10    4.01  1134   987   38K   122   28.66   28.58
c rst  luby  svd  vmt   287   83K    2496 19056   911    4.10    4.01  1135   991   38K   122   28.66   28.58
c rst  luby  svd  vmt   288   83K    2496 19056   911    4.10    4.01  1135   997   38K   122   28.67   28.59
c rst  luby  svd  vmt   289   83K    2496 19056   911    4.10    4.01  1135  1002   38K   122   28.67   28.59
c rst  luby  svd  vmt   290   83K    2496 19056   911    4.10    4.01  1135  1009   38K   122   28.66   28.58
c rst  luby  svd  vmt   291   83K    2496 19056   911    4.10    4.01  1136  1012   38K   122   28.65   28.57
c rst  luby  svd  vmt   292   84K    2496 19056   911    4.10    4.01  1142  1023   39K   122   28.68   28.60
c rst  luby  svd  vmt   293   84K    2496 19056   911    4.10    4.01  1142  1024   39K   122   28.69   28.61
c rst  luby  svd  vmt   294   84K    2496 19056   911    4.10    4.01  1142  1028   39K   122   28.69   28.62
c rst  luby  svd  vmt   295   84K    2496 19056   911    4.10    4.01  1144  1029   39K   122   28.72   28.64
c rst  luby  svd  vmt   296   84K    2496 19056   911    4.10    4.01  1144  1033   39K   122   28.71   28.64
c rst  luby  svd  vmt   297   84K    2496 19056   911    4.10    4.01  1145  1038   39K   122   28.72   28.64
c rst  luby  svd  vmt   298   85K    2496 19056   911    4.10    4.01  1147  1047   39K   122   28.76   28.68
c rst  luby  svd  vmt   299   85K    2496 19056   911    4.10    4.01  1149  1061   40K   122   28.75   28.67
c rst  luby  svd  vmt   300   86K    2496 19056   911    4.10    4.01  1155  1067   41K   122   28.75   28.68
c rst  geom best  vmt   301   86K    2496 19056   911    4.10    4.01  1157  1075   41K   122   28.77   28.69
c rst  geom best  vmt   302   86K    2496 19056   911    4.10    4.01  1158  1080   41K   122   28.78   28.71
c rst  geom best  vmt   303   86K    2496 19056   911    4.10    4.01  1164  1093   41K   122   28.77   28.70
c rst  geom best  vmt   304   86K    2496 19056   911    4.10    4.01  1164  1102   41K   122   28.77   28.69
c rst  geom best  vmt   305   86K    2496 19056   911    4.10    4.01  1164  1115   41K   122   28.79   28.71
c rst  geom best  vmt   306   87K    2496 19056   911    4.10    4.01  1164  1124   41K   122   28.79   28.72
c rst  geom best  vmt   307   87K    2496 19056   911    4.10    4.01  1169  1151   42K   122   28.79   28.72
c rst  geom best  vmt   308   87K    2496 19056   911    4.10    4.01  1170  1158   42K   122   28.81   28.73
c rst  geom best  vmt   309   87K    2496 19056   911    4.10    4.01  1171  1169   42K   122   28.84   28.77
c [branch] adjusting to: vsid (from: vmtf) var_decay:0.95 descr: VSIDS
c rst  geom best   vs   310   87K    2496 19056   911    4.10    4.01  1174  1178   42K   122   28.86   28.79
c rst  geom best   vs   311   87K    2496 19056   911    4.10    4.01  1176  1183   42K   122   28.88   28.80
c rst  geom best   vs   312   88K    2496 19056   911    4.10    4.01  1177  1186   42K   122   28.90   28.83
c rst  geom best   vs   313   88K    2496 19056   911    4.10    4.01  1177  1188   42K   122   28.93   28.86
c [ccnr] tries: 0 steps: 262143 best found: 9
c [ccnr] tries: 0 steps: 524287 best found: 9
c [ccnr] saving best assignment phase to stable_polar
c [ccnr] bumping based on var unsat frequency: conflict_ct
c [ccnr] Bumped vars: 2812 bump type: 6
c [ccnr] time: 0.51
c rst  geom best   vs   314   88K    2496 19056   911    4.10    4.01  1179  1195   43K   122   28.97   28.90
c rst  geom best   vs   315   88K    2496 19056   911    4.10    4.01  1179  1197   43K   122   29.02   28.95
c rst  geom best   vs   316   88K    2496 19056   911    4.10    4.01  1181  1200   43K   122   29.02   28.95
c rst  geom best   vs   317   88K    2496 19056   911    4.10    4.01  1183  1205   43K   122   29.07   29.00
c rst  geom best   vs   318   89K    2496 19056   911    4.10    4.01  1184  1209   43K   122   29.09   29.02
c rst  geom best   vs   319   89K    2496 19056   911    4.10    4.01  1185  1217   44K   122   29.14   29.07
c rst  geom best   vs   320   89K    2496 19056   911    4.10    4.01  1186  1225   44K   122   29.17   29.10
c rst  geom best   vs   321   90K    2496 19056   911    4.10    4.01  1495  1525   33K   122   30.04   29.95
c rst  geom best   vs   322   90K    2496 19056   911    4.10    4.01  1498  1530   33K   122   30.10   30.01
c rst  geom best   vs   323   90K    2496 19056   911    4.10    4.01  1498  1539   33K   122   30.13   30.04
c rst  geom best   vs   324   91K    2496 19056   911    4.10    4.01  1498  1541   34K   122   30.17   30.07
c rst  geom best   vs   325   91K    2496 19056   911    4.10    4.01  1500  1544   34K   122   30.22   30.13
c rst  geom best   vs   326   92K    2496 19056   911    4.10    4.01  1504  1550   35K   122   30.20   30.11
c rst  geom  stb   vs   327   92K    2496 19056   911    4.10    4.01  1506  1566   35K   122   30.27   30.18
c rst  geom  stb   vs   328   93K    2496 19056   911    4.10    4.01  1508  1583   36K   122   30.27   30.18
c rst  geom  stb   vs   329   93K    2496 19056   911    4.10    4.01  1509  1597   36K   122   30.28   30.20
c [distill-bin] useful: 3/911/911 lits-rem: 0 cl-rem: 3 0-depth-assigns: 0 T: 0.01 T-out: N
c rst  geom  stb   vs   330   94K    2496 19056   908    4.10    4.01  1509  1598   37K   122   30.27   30.19
c rst  geom  stb   vs   331   95K    2496 19056   908    4.10    4.01  1510  1606   38K   122   30.34   30.26
c rst  geom  stb   vs   332   96K    2496 19056   908    4.10    4.01  1511  1614   39K   122   30.43   30.35
c rst  geom  stb   vs   333   97K    2496 19056   908    4.10    4.01  1512  1630   40K   122   30.50   30.42
c [distill-long-red0] cls tried: 389/389 T: 0.02 T-out: N T-r: 99.41%
c [distill-long-red1] cls tried: 47/1453 T: 0.01 T-out: Y T-r: -4.49%
c rst  geom  stb   vs   334   98K    2496 19056   908    4.10    4.01  1512  1633   41K   122   30.54   30.46
c rst  geom ibes   vs   335   99K    2496 19056   908    4.10    4.01  1515  1651   42K   122   30.53   30.45
c rst  geom ibes   vs   336  100K    2496 19056   908    4.10    4.01  1648  1529   43K   122   30.49   30.41
c [impl-str] lit bin: 0 set-var: 0 T: 0.00 T-out: N T-r: 99.95% w-visit: 5624
c [impl-sub] bin: 0 T: 0.00 T-out: N w-visit: 5624
c rst  geom ibes   vs   337  102K    2496 19056   908    4.10    4.01  1650  1547   45K   122   30.48   30.41
c [branch] adjusting to: vmtf (from: vsid) var_decay:0.95 descr: VMTF
c [full-probe]  bin_only: 1 set: 0 repl: 0 T: 0.01 T-out: N T-r: 99.70%
c rst  luby ibes  vmt   338  102K    2496 19056   908    4.10    4.01  1654  1604   45K   122   30.46   30.39
c rst  luby ibes  vmt   339  102K    2496 19056   908    4.10    4.01  1654  1605   45K   122   30.42   30.35
c [distill] watch-based irred--  cl tried     7472 cl-sh     0 cl-rem    0 lit-rem      0 T: 0.01 T-out: N
c [distill] watch-based   red--  cl tried     3308 cl-sh   212 cl-rem    0 lit-rem    331 T: 0.00 T-out: N
c rst  luby ibes  vmt   340  102K    2496 19056   908    4.10    4.01  1654  1610   45K   122   30.41   30.34
c rst  luby ibes  vmt   341  102K    2496 19056   908    4.10    4.01  1655  1611   45K   122   30.39   30.32
c rst  luby ibes  vmt   342  102K    2496 19056   908    4.10    4.01  1656  1613   45K   122   30.36   30.29
c rst  luby ibes  vmt   343  102K    2496 19056   908    4.10    4.01  1656  1616   45K   122   30.32   30.25
c rst  luby ibes  vmt   344  103K    2496 19056   908    4.10    4.01  1658  1625   46K   122   30.24   30.17
c rst  luby ibes  vmt   345  103K    2496 19056   908    4.10    4.01  1658  1629   46K   122   30.22   30.15
c rst  luby ibes  vmt   346  103K    2496 19056   908    4.10    4.01  1658  1631   46K   122   30.21   30.14
c rst  luby ibes  vmt   347  103K    2496 19056   908    4.10    4.01  1658  1642   46K   122   30.21   30.14
c rst  luby ibes  vmt   348  103K    2496 19056   908    4.10    4.01  1658  1645   46K   122   30.19   30.12
c rst  luby ibes  vmt   349  103K    2496 19056   908    4.10    4.01  1658  1646   46K   122   30.17   30.10
c rst  luby ibes  vmt   350  104K    2496 19056   908    4.10    4.01  1659  1650   46K   122   30.13   30.07
c rst  luby ibes  vmt   351  104K    2496 19056   908    4.10    4.01  1659  1659   47K   122   30.05   29.98
c rst  luby  svd  vmt   352  105K    2496 19056   908    4.10    4.01  1783  2024   35K   122   31.55   31.46
c rst  luby  svd  vmt   353  105K    2496 19056   908    4.10    4.01  1783  2026   36K   122   31.50   31.41
c rst  luby  svd  vmt   354  105K    2496 19056   908    4.10    4.01  1783  2026   36K   122   31.46   31.37
c rst  luby  svd  vmt   355  105K    2496 19056   908    4.10    4.01  1783  2030   36K   122   31.38   31.29
c rst  luby  svd  vmt   356  105K    2496 19056   908    4.10    4.01  1783  2030   36K   122   31.34   31.25
c rst  luby  svd  vmt   357  105K    2496 19056   908    4.10    4.01  1783  2033   36K   122   31.30   31.21
c rst  luby  svd  vmt   358  106K    2496 19056   908    4.10    4.01  1784  2037   36K   122   31.21   31.12
c rst  luby  svd  vmt   359  106K    2496 19056   908    4.10    4.01  1784  2045   37K   122   31.10   31.01
c rst  luby  svd  vmt   360  106K    2496 19056   908    4.10    4.01  1784  2049   37K   122   31.06   30.97
c rst  luby  svd  vmt   361  106K    2496 19056   908    4.10    4.01  1784  2050   37K   122   31.04   30.95
c rst  luby  svd  vmt   362  107K    2496 19056   908    4.10    4.01  1784  2052   37K   122   30.96   30.88
c rst  luby  svd  vmt   363  107K    2496 19056   908    4.10    4.01  1784  2054   37K   122   30.93   30.84
c rst  luby  svd  vmt   364  107K    2496 19056   908    4.10    4.01  1784  2056   37K   122   30.91   30.83
c rst  luby  svd  vmt   365  107K    2496 19056   908    4.10    4.01  1786  2057   37K   122   30.87   30.78
c rst  luby  svd  vmt   366  107K    2496 19056   908    4.10    4.01  1786  2071   38K   122   30.78   30.70
c rst  luby  svd  vmt   367  108K    2496 19056   908    4.10    4.01  1786  2094   39K   122   30.49   30.41
c rst  luby  svd  vmt   368  110K    2496 19056   908    4.10    4.01  2594  1439   40K   122   29.87   29.79
c rst  luby  svd  vmt   369  110K    2496 19056   908    4.10    4.01  2595  1441   40K   122   29.84   29.76
c rst  luby  svd  vmt   370  110K    2496 19056   908    4.10    4.01  2596  1445   40K   122   29.83   29.75
c rst  luby  svd  vmt   371  110K    2496 19056   908    4.10    4.01  2596  1446   40K   122   29.77   29.70
c rst  luby  svd  vmt   372  110K    2496 19056   908    4.10    4.01  2596  1448   41K   122   29.76   29.68
c rst  geom best  vmt   373  110K    2496 19056   908    4.10    4.01  2597  1451   41K   122   29.73   29.66
c rst  geom best  vmt   374  110K    2496 19056   908    4.10    4.01  2597  1457   41K   122   29.69   29.62
c rst  geom best  vmt   375  111K    2496 19056   908    4.10    4.01  2597  1463   41K   122   29.65   29.58
c rst  geom best  vmt   376  111K    2496 19056   908    4.10    4.01  2597  1465   41K   122   29.64   29.56
c rst  geom best  vmt   377  111K    2496 19056   908    4.10    4.01  2597  1470   41K   122   29.59   29.51
c rst  geom best  vmt   378  111K    2496 19056   908    4.10    4.01  2597  1471   41K   122   29.53   29.45
c rst  geom best  vmt   379  111K    2496 19056   908    4.10    4.01  2597  1472   42K   122   29.49   29.42
c ------- FINAL TOTAL SEARCH STATS ---------
c UIP search time          : 15.16       (98.27     % time)
c All times are for this thread only except if explicitly specified
c restarts                 : 379         (294.70    confls per restart)
c blocked restarts         : 0           (0.00      per normal restart)
c time                     : 15.16       
c decisions                : 127730      (0.00      % random)
c propagations             : 46M         (3039K     props/s)
c decisions/conflicts      : 1.14        
c conflicts                : 111690      
c LEARNT stats
c units learnt             : 0           (0.00      % of conflicts)
c bins learnt              : 116         (0.10      % of conflicts)
c long learnt              : 112439      (100.67    % of conflicts)
c red which0               : 618         (0.55      % of confl)
c SEAMLESS HYPERBIN&TRANS-RED stats
c advProp called           : 0           
c hyper-bin add bin        : 0           (0.00      bin/call)
c trans-red rem irred bin  : 0           (0.00      bin/call)
c trans-red rem red bin    : 0           (0.00      bin/call)
c CONFL LITS stats
c orig                     : 19915252    (178.31    lit/confl)
c recurs-min effective     : 102351      (91.64     % attempt successful)
c recurs-min lits          : 15670014    (78.68     % less overall)
c permDiff call%           : 3.11        (0.00      % attempt successful)
c permDiff lits-rem        : 0           (0.00      less lits/cl on attempts)
c further-min call%        : 0.04        (28.57     % attempt successful)
c bintri-min lits          : 29          (0.00      % less overall)
c final avg                : 38.01       
c all-threads sum CPU time : 15.16        s
c PROP stats
c Mbogo-props              : 56.07       (3.70      / sec)
c MHyper-props             : 0.04        (0.00      / sec)
c Mprops                   : 46.07       (3.04      / sec)
c -------- OccSimplifier STATS ----------
c time                     : 0.13        (0.00      % var-elim)
c called                   : 1           (0.13      s per call)
c 0-depth assigns          : 0           (0.00      % vars)
c -------- OccSimplifier STATS END ----------
c -------- SubsumeStrengthen STATS ----------
c cl-subs                  : 47           Clauses
c cl-str rem lit           : 18           Lits
c cl-sub T                 : 0.02         s
c cl-str T                 : 0.06         s
c -------- SubsumeStrengthen STATS END ----------
c ----- SCC STATS --------
c time                     : 0.00        (0.00      per call)
c called                   : 4           (2.50      new found per call)
c found                    : 10          (50.00     % of all found)
c bogoprops                : 128004      % of all found
c ----- SCC STATS END --------
c --------- VAR REPLACE STATS ----------
c time                     : 0.06        (0.02      per call)
c trees' crown             : 10          (0.36      % of vars)
c 0-depth assigns          : 0           (0.00      % vars)
c lits replaced            : 29205       
c bin cls removed          : 50          
c long cls removed         : 17          
c long lits removed        : 2794        
c bogoprops                : 834366      
c --------- VAR REPLACE STATS END ----------
c vrep replace time        : 0.06        (0.42      % time)
c vrep tree roots          : 6           
c vrep trees' crown        : 10          (1.67      leafs/tree)
c -------- DISTILL-BIN STATS --------
c time                     : 0.05        (0.01      per call)
c timed out                : 2           (40.00     % of calls)
c distill/checked/potential: 0          /6382/6760
c lits-rem                 : 0           
c 0-depth-assigns          : 0           (0.00      % of vars)
c -------- DISTILL STATS END --------
c -------- STRENGTHEN STATS --------
c --> watch-based on irred cls
c time                     : 0.01        (0.00      s/call)
c shrinked/tried/total     : 149        /18236/145420
c subsumed/tried/total     : 164        /18236/145420
c lits-rem                 : 157         (0.20      % of lits tried)
c called                   : 8           (0.00      % ran out of time)
c --> watch-based on red cls
c time                     : 0.01        (0.00      s/call)
c shrinked/tried/total     : 453        /6993/6993
c subsumed/tried/total     : 3          /6993/6993
c lits-rem                 : 884         (2.26      % of lits tried)
c called                   : 8           (0.00      % ran out of time)
c -------- STRENGTHEN STATS END --------
c -------- IMPLICIT SUB  STATS --------
c time                     : 0.00        (0.00      per call)
c timed out                : 0           (0.00      % of calls)
c rem bins                 : 40          
c -------- IMPLICIT SUB STATS END --------
c Mem used                 : 33          MB
c Mem for longclauses      : 9           MB (27.64     %)
c Mem for watch alloc      : 7           MB (21.63     %)
c Mem for watch array      : 0           MB (0.38      %)
c Mem for assings&vardata  : 0           MB (0.23      %)
c Mem for search&solve     : 0           MB (0.62      %)
c Mem for renumberer       : 0           MB (0.08      %)
c Mem for occsimplifier    : 0           MB (2.17      %)
c Mem for varReplacer&SCC  : 0           MB (0.18      %)
c Mem for impl subsume     : 0           MB (0.00      %)
c Mem for 3 distills       : 0           MB (0.00      %)
c Accounted for mem (rss)  : 52.93       %
c Accounted for mem (vm)   : 41.40       %
c restarts                 : 379         (294.70    confls per restart)
c blocked restarts         : 0           (0.00      per normal restart)
c time                     : 15.16       
c decisions                : 127730      (0.00      % random)
c propagations             : 46M         (3039K     props/s)
c decisions/conflicts      : 1.14        
c conflicts                : 111690      
c conf lits non-minim      : 19915252    (178.31    lit/confl)
c conf lits final          : 38.01       
c red which0               : 618         (0.55      % of confl)
c props/decision           : 0.00        
c props/conflict           : 0.00        
c 0-depth assigns          : 2           (0.07      % vars)
c 0-depth assigns by CNF   : 2           (0.07      % vars)
c reduceDB time            : 0.03        (0.17      % time)
c OccSimplifier time       : 0.13        (0.85      % time)
c [occur] 0.04 is overhead
c [occur] link-in T: 0.04 cleanup T: 0.01
c [occ-substr] long subBySub: 45 subByStr: 2 lits-rem-str: 18 T: 0.08
c SCC time                 : 0.00        (0.01      % time)
c [scc] new: 10 BP 0M  T: 0.00
c vrep replace time        : 0.06        (0.42      % time)
c vrep tree roots          : 6           
c vrep trees' crown        : 10          (1.67      leafs/tree)
c distill long time        : 0.19        (1.25      % time)
c distill bin time         : 0.05        (0.35      % time)
c strength cache-irred time: 0.01        (0.08      % time)
c strength cache-red time  : 0.01        (0.05      % time)
c avg cls in red 0         : 713.80      
c avg cls in red 1         : 1056.98     
c avg cls in red 2         : 29417.50    
c Conflicts in UIP         : 111690      (7241.92   confl/time_this_thread)
c Max Memory (rss) used    : 34328 kB    
c Total time (this thread) : 15.42       
s SATISFIABLE
v 1 -2 3 4 5 -6 -7 8 -9 -10 -11 -12 -13 14 15 -16 17 18 -19 20 -21 -22 -23 -24 
v -25 -26 -27 -28 -29 -30 -31 32 -33 -34 -35 -36 -37 38 -39 -40 -41 -42 -43 44 
v -45 -46 -47 -48 -49 -50 -51 -52 -53 -54 -55 56 57 -58 59 60 -61 -62 -63 -64 
v -65 -66 -67 68 69 -70 71 72 -73 74 75 -76 77 78 -79 80 81 -82 83 84 -85 -86 
v -87 -88 -89 -90 -91 -92 -93 -94 -95 -96 -97 98 99 -100 101 102 -103 -104 -105 
v -106 -107 -108 -109 -110 -111 -112 -113 -114 -115 -116 -117 -118 -119 -120 
v -121 -122 -123 -124 -125 -126 -127 -128 -129 -130 -131 -132 -133 134 135 -136 
v 137 138 -139 -140 -141 -142 -143 -144 -145 -146 -147 -148 -149 -150 -151 -152 
v -153 -154 -155 -156 -157 -158 -159 -160 -161 -162 -163 -164 -165 -166 -167 
v -168 -169 -170 -171 -172 -173 -174 -175 -176 -177 -178 -179 -180 -181 -182 
v -183 -184 -185 -186 -187 -188 -189 -190 -191 -192 -193 -194 -195 -196 -197 
v -198 -199 -200 -201 -202 -203 -204 -205 206 207 -208 209 210 -211 -212 -213 
v -214 -215 -216 -217 -218 -219 -220 -221 -222 -223 -224 -225 -226 -227 -228 
v -229 -230 -231 -232 -233 -234 -235 -236 -237 -238 -239 -240 -241 242 243 -244 
v 245 246 -247 -248 -249 -250 -251 -252 -253 -254 -255 -256 -257 -258 -259 -260 
v -261 -262 -263 -264 -265 -266 -267 -268 -269 -270 -271 -272 -273 -274 -275 
v -276 -277 278 279 -280 281 282 -283 -284 -285 -286 -287 -288 -289 -290 -291 
v -292 -293 -294 -295 -296 -297 -298 -299 -300 -301 -302 -303 -304 -305 -306 
v -307 -308 -309 -310 -311 -312 -313 -314 -315 -316 -317 -318 -319 -320 -321 
v -322 -323 -324 -325 -326 -327 -328 -329 -330 -331 -332 -333 -334 -335 -336 
v -337 -338 -339 -340 -341 -342 343 -344 -345 346 -347 348 -349 -350 -351 352 
v -353 354 355 -356 -357 358 -359 -360 -361 362 363 364 365 366 -367 -368 -369 
v 370 -371 -372 -373 -374 -375 -376 -377 378 379 380 381 382 -383 -384 -385 386 
v -387 -388 -389 -390 -391 -392 -393 -394 -395 -396 -397 -398 -399 -400 -401 
v -402 -403 -404 -405 -406 -407 -408 -409 -410 -411 -412 -413 -414 -415 -416 
v -417 -418 -419 -420 -421 -422 -423 -424 -425 426 427 428 429 430 -431 -432 
v -433 434 -435 -436 -437 -438 -439 -440 -441 -442 -443 -444 -445 -446 -447 
v -448 -449 -450 -451 -452 -453 -454 -455 -456 -457 458 459 460 461 462 -463 
v -464 -465 466 -467 -468 -469 -470 -471 -472 -473 -474 -475 -476 -477 -478 
v -479 -480 -481 -482 -483 -484 -485 -486 -487 -488 -489 -490 -491 -492 -493 
v -494 -495 -496 -497 -498 -499 -500 -501 -502 -503 -504 -505 -506 -507 -508 
v -509 -510 -511 -512 -513 -514 -515 -516 -517 -518 -519 -520 -521 522 523 524 
v 525 526 -527 -528 -529 530 -531 -532 -533 -534 -535 -536 -537 -538 -539 -540 
v -541 -542 -543 -544 -545 -546 -547 -548 -549 -550 -551 -552 -553 554 555 556 
v 557 558 -559 -560 -561 562 -563 -564 -565 -566 -567 -568 -569 570 571 572 573 
v 574 -575 -576 -577 578 -579 -580 -581 -582 -583 -584 -585 -586 -587 -588 -589 
v -590 -591 -592 -593 -594 -595 -596 -597 -598 -599 -600 -601 -602 -603 -604 
v -605 -606 -607 -608 -609 -610 -611 -612 -613 -614 -615 -616 -617 618 619 620 
v 621 622 -623 -624 -625 626 -627 -628 -629 -630 -631 -632 -633 -634 -635 -636 
v -637 -638 -639 -640 -641 -642 -643 -644 -645 -646 -647 -648 -649 -650 -651 
v -652 -653 -654 -655 -656 -657 -658 -659 -660 -661 -662 -663 -664 -665 -666 
v -667 -668 -669 -670 -671 -672 -673 -674 -675 -676 677 678 679 680 -681 -682 
v -683 684 -685 -686 -687 -688 -689 690 691 692 -693 -694 -695 696 -697 -698 
v -699 -700 -701 702 703 -704 -705 -706 707 -708 -709 -710 -711 -712 713 -714 
v -715 -716 717 -718 -719 -720 -721 -722 -723 -724 -725 726 -727 -728 -729 -730 
v -731 -732 -733 -734 -735 -736 -737 -738 -739 -740 -741 -742 -743 -744 -745 
v -746 -747 -748 -749 -750 -751 -752 -753 -754 -755 -756 -757 -758 -759 -760 
v -761 -762 -763 -764 -765 -766 -767 768 769 770 771 772 773 774 775 776 -777 
v -778 -779 780 781 782 783 784 785 -786 -787 -788 -789 -790 791 792 793 794 0
c [g 0] truth-find prop checks  : 84K
c [g 0] -> of which prop        : 18.03 %
c [g 0] -> of which confl       :  1.06 %
c [g 0] elim called             : 19721
c [g 0] ---> which lead to prop : 31.43 %
c [g 0] ---> which lead to confl:  1.69 %
c [g 0] size: 47    x 457  

real	0m15.616s
user	0m15.423s
sys	0m0.044s
