c BreakID not compiled in, disabling
c CryptoMiniSat version 5.11.19
c CMS Copyright (C) 2009-2020 Authors of CryptoMiniSat, see AUTHORS file
c CMS SHA revision b80e09ebd7703fc13b987401d693d7d406a50441
c Using VMTF code by Armin Biere from CaDiCaL
c Using Yalsat by Armin Biere, see Balint et al. Improving implementation of SLS solvers [...], SAT'14
c Using WalkSAT by Henry Kautz, see Kautz and Selman Pushing the envelope: planning, propositional logic, and stochastic search, AAAI'96,
c CMS is MIT licensed
c Using code from 'When Boolean Satisfiability Meets Gauss-E. in a Simplex Way'
c       by C.-S. Han and J.-H. Roland Jiang in CAV 2012. Fixes by M. Soos
c Using CCAnr from 'CCAnr: A Conf. Checking Based Local Search Solver [...]'
c       by Shaowei Cai, Chuan Luo, and Kaile Su, SAT 2015
c CMS compilation env CMAKE_CXX_COMPILER = /usr/bin/c++ | CMAKE_CXX_FLAGS =  -fvisibility=hidden -Wall -Wextra -Wunused -Wsign-compare -fno-omit-frame-pointer -Wtype-limits -Wuninitialized -Wno-deprecated -Wstrict-aliasing -Wpointer-arith -Wpointer-arith -Wformat-nonliteral -Winit-self -Wparentheses -Wunreachable-code -g -Wno-class-memaccess -mpopcnt -msse4.2 -ggdb3 -Wlogical-op -Wrestrict -Wnull-dereference -Wdouble-promotion -Wshadow -Wformat=2 -Wextra-semi -pedantic | COMPILE_DEFINES =  -DRDB0_ONLY_FEATURES -DUSE_ZLIB -DYALSAT_FPU | STATICCOMPILE = OFF | ONLY_SIMPLE =  | STATS = OFF | SQLITE3_FOUND =  | ZLIB_FOUND = TRUE | VALGRIND_FOUND =  | ENABLE_TESTING = OFF | SLOW_DEBUG = OFF | ENABLE_ASSERTIONS = ON | PYTHON_EXECUTABLE =  | PYTHON_LIBRARY =  | PYTHON_INCLUDE_DIRS =  | MY_TARGETS =  | LARGEMEM = OFF | LIMITMEM = OFF | BREAKID_LIBRARIES =  | BREAKID-VER = . | BOSPHORUS_LIBRARIES =  | BOSPH-VER = . | compilation date time = Jul 13 2026 14:05:03
c CMS compiled with gcc version 11.5.0 20240719 (Red Hat 11.5.0-5)
c Executed with command line: ./cryptominisat5 ./instancesBreak/IC_S4/Xn19l6-318-S.dimacs_break.cnf
c Reading file './instancesBreak/IC_S4/Xn19l6-318-S.dimacs_break.cnf'
c -- header says num vars:            795
c -- header says num clauses:        2499
c -- clauses added: 2447
c -- xor clauses added: 52
c -- vars added 795
c Parsing time: 0.00 s
c [find&init matx] performing matrix init
c [gauss] XOR-encoding clauses are not detached, so no need to reattach them.
c [xor-rem-unconnected] left with 50 xors from 50 non-empty xors T: 0.00
c [xor-together] xored together: 0 orig xors: 50 new xors: 50 T: 0.00
c [xor-rem-unconnected] left with 50 xors from 50 non-empty xors T: 0.00
c [xor-clean-equiv] removed equivalent xors: 0 left with: 50
c [matrix] unused xors from cleaning: 0
c [matrix] Good   matrix  0     50 x  765  density:0.1091  xorlen avg: 83.48
c [matrix] Using 1 matrices recovered from 0 xors T: 0.00 T-out: N
c [branch] adjusting to: vsid (from: vsid) var_decay:0.95 descr: VSIDS
c rst  geom  stb   vs     1   111    2790 17087  1658    3.96    3.79     4    30    73     4  129.72  125.12
c rst  geom  stb   vs     2   234    2790 17087  1658    3.96    3.79     4    32   194     4  123.07  121.00
c  res  pol bran  nres  conf freevar  IrrL  IrrB l/longC  l/allC RedL0 RedL1 RedL2  RedB l/longC  l/allC
c rst  geom  stb   vs     3   368    2790 17087  1658    3.96    3.79     4    32   324     8  106.13  103.87
c rst  geom  stb   vs     4   516    2790 17087  1658    3.96    3.79     4    32   472     8   90.75   89.37
c rst  geom  stb   vs     5   678    2790 17087  1658    3.96    3.79     4    32   634     8   85.00   84.02
c rst  geom  stb   vs     6   855    2790 17087  1658    3.96    3.79     4    32   810     9   82.27   81.42
c rst  geom  stb   vs     7  1050    2790 17087  1658    3.96    3.79     4    32  1005     9   79.86   79.20
c rst  geom  stb   vs     8  1263    2790 17087  1658    3.96    3.79     4    32  1218     9   79.01   78.46
c rst  geom  stb   vs     9  1498    2790 17087  1658    3.96    3.79     4    32  1453     9   74.59   74.15
c rst  geom  stb   vs    10  1756    2790 17087  1658    3.96    3.79     4    32  1711     9   73.20   72.83
c rst  geom  stb   vs    11  2038    2790 17087  1658    3.96    3.79     4    32  1993     9   71.46   71.15
c rst  geom  stb   vs    12  2348    2790 17087  1658    3.96    3.79     4    32  2303     9   71.03   70.77
c rst  geom  stb   vs    13  2689    2790 17087  1658    3.96    3.79     4    33  2641    11   69.94   69.67
c rst  geom  stb   vs    14  3063    2790 17087  1658    3.96    3.79     5    33  3014    11   70.29   70.05
c rst  geom  stb   vs    15  3474    2790 17087  1658    3.96    3.79     7    33  3422    12   69.79   69.56
c rst  geom  stb   vs    16  3924    2790 17087  1658    3.96    3.79     8    33  3870    13   67.93   67.71
c rst  geom  stb   vs    17  4419    2790 17087  1658    3.96    3.79     8    33  4365    13   65.75   65.57
c rst  geom  stb   vs    18  4962    2790 17087  1658    3.96    3.79     8    33  4908    13   64.12   63.96
c rst  geom  stb   vs    19  5560    2790 17087  1658    3.96    3.79     8    33  5506    13   63.94   63.79
c [branch] adjusting to: vmtf (from: vsid) var_decay:0.95 descr: VMTF
c [distill-long-red0] cls tried: 8/8 T: 0.00 T-out: N T-r: 100.00%
c [distill-long-red1] cls tried: 33/33 T: 0.00 T-out: N T-r: 98.29%
c rst  luby ibes  vmt    20  5663    2790 17087  1658    3.96    3.79    27    43  5575    18   63.13   62.93
c rst  luby ibes  vmt    21  5765    2790 17087  1658    3.96    3.79    28    49  5668    20   64.29   64.08
c rst  luby ibes  vmt    22  5967    2790 17087  1658    3.96    3.79    32    54  5861    20   63.37   63.17
c rst  luby ibes  vmt    23  6068    2790 17087  1658    3.96    3.79    33    57  5958    20   63.30   63.10
c rst  luby ibes  vmt    24  6170    2790 17087  1658    3.96    3.79    34    59  6058    20   62.57   62.38
c rst  luby ibes  vmt    25  6371    2790 17087  1658    3.96    3.79    38    88  6272    20   62.16   61.97
c rst  luby ibes  vmt    26  6773    2790 17087  1658    3.96    3.79    43   107  6653    20   61.23   61.05
c rst  luby ibes  vmt    27  6874    2790 17087  1658    3.96    3.79    43   114  6747    20   60.92   60.75
c rst  luby ibes  vmt    28  6976    2790 17087  1658    3.96    3.79    44   119  6845    20   60.56   60.40
c rst  luby ibes  vmt    29  7177    2790 17087  1658    3.96    3.79    45   125  7039    20   60.44   60.28
c rst  luby ibes  vmt    30  7279    2790 17087  1658    3.96    3.79    45   125  7141    20   60.11   59.95
c rst  luby ibes  vmt    31  7380    2790 17087  1658    3.96    3.79    47   133  7239    20   59.68   59.53
c rst  luby ibes  vmt    32  7581    2790 17087  1658    3.96    3.79    47   134  7439    20   59.50   59.35
c rst  luby ibes  vmt    33  7983    2790 17087  1658    3.96    3.79    47   142  7840    20   59.17   59.03
c rst  luby ibes  vmt    34  8784    2790 17087  1658    3.96    3.79    50   176  8626    20   59.95   59.82
c rst  luby ibes  vmt    35  8886    2790 17087  1658    3.96    3.79    51   210  8706    21   59.62   59.49
c rst  luby ibes  vmt    36  8988    2790 17087  1658    3.96    3.79    53   226  8802    21   59.23   59.10
c rst  luby ibes  vmt    37  9190    2790 17087  1658    3.96    3.79    54   246  8989    21   58.75   58.62
c rst  luby ibes  vmt    38  9291    2790 17087  1658    3.96    3.79    54   250  9101    21   58.47   58.35
c rst  luby ibes  vmt    39  9392    2790 17087  1658    3.96    3.79    54   252  9206    21   58.35   58.22
c rst  luby ibes  vmt    40  9594    2790 17087  1658    3.96    3.79    55   264  9396    21   58.04   57.92
c rst  luby ibes  vmt    41  9996    2790 17087  1658    3.96    3.79    58   312  9812    21   57.27   57.16
c rst  luby ibes  vmt    42 10097    2790 17087  1658    3.96    3.79   143   236  9910    21   57.05   56.94
c rst  luby ibes  vmt    43 10199    2790 17087  1658    3.96    3.79   143   240 10008    21   57.10   56.99
c rst  luby ibes  vmt    44 10401    2790 17087  1658    3.96    3.79   144   242 10209    21   56.76   56.65
c rst  luby ibes  vmt    45 10503    2790 17087  1658    3.96    3.79   144   244 10310    21   56.85   56.75
c rst  luby ibes  vmt    46 10605    2790 17087  1658    3.96    3.79   144   249 10407    21   56.55   56.44
c rst  luby ibes  vmt    47 10806    2790 17087  1658    3.96    3.79   144   261 10596    21   56.38   56.28
c rst  luby  svd  vmt    48 11207    2790 17087  1658    3.96    3.79   149   283 10967    26   58.95   58.82
c rst  luby  svd  vmt    49 12010    2790 17087  1658    3.96    3.79   154   293 11751    30   60.51   60.37
c [branch] adjusting to: vsid (from: vmtf) var_decay:0.95 descr: VSIDS
c [distill-bin] useful: 12/1658/1658 lits-rem: 0 cl-rem: 12 0-depth-assigns: 0 T: 0.01 T-out: N
c rst  geom  svd   vs    50 12122    2790 17087  1646    3.96    3.79   154   293 11863    30   60.34   60.20
c rst  geom  svd   vs    51 12244    2790 17087  1646    3.96    3.79   154   293 11985    30   60.06   59.92
c rst  geom  svd   vs    52 12378    2790 17087  1646    3.96    3.79   154   293 12119    30   59.76   59.62
c rst  geom  svd   vs    53 12526    2790 17087  1646    3.96    3.79   154   293 12267    30   59.42   59.29
c rst  geom  svd   vs    54 12688    2790 17087  1646    3.96    3.79   154   293 12429    30   59.15   59.01
c rst  geom  svd   vs    55 12866    2790 17087  1646    3.96    3.79   154   293 12607    30   58.92   58.79
c rst  geom  svd   vs    56 13061    2790 17087  1646    3.96    3.79   154   293 12802    30   58.53   58.40
c rst  geom  svd   vs    57 13275    2790 17087  1646    3.96    3.79   154   293 13016    30   58.23   58.10
c rst  geom  svd   vs    58 13509    2790 17087  1646    3.96    3.79   154   293 13250    30   57.65   57.53
c rst  geom  svd   vs    59 13767    2790 17087  1646    3.96    3.79   154   293 13508    30   57.02   56.91
c rst  geom  svd   vs    60 14049    2790 17087  1646    3.96    3.79   154   293 13790    30   56.39   56.27
c rst  geom  svd   vs    61 14360    2790 17087  1646    3.96    3.79   154   293 14101    30   55.82   55.71
c rst  geom  svd   vs    62 14701    2790 17087  1646    3.96    3.79   154   293 14442    30   55.41   55.30
c rst  geom  svd   vs    63 15075    2790 17087  1646    3.96    3.79   175   787 14132    30   53.74   53.64
c rst  geom  svd   vs    64 15485    2790 17087  1646    3.96    3.79   175   787 14542    30   53.18   53.08
c rst  geom  svd   vs    65 15935    2790 17087  1646    3.96    3.79   175   787 14992    30   52.37   52.27
c rst  geom  svd   vs    66 16429    2790 17087  1646    3.96    3.79   178   788 15482    30   51.49   51.40
c rst  geom best   vs    67 16973    2790 17087  1646    3.96    3.79   179   788 16025    30   52.32   52.24
c rst  geom best   vs    68 17570    2790 17087  1646    3.96    3.79   179   788 16622    30   52.29   52.21
c rst  geom best   vs    69 18226    2790 17087  1646    3.96    3.79   179   788 17278    30   51.79   51.71
c [branch] adjusting to: vmtf (from: vsid) var_decay:0.95 descr: VMTF
c rst  luby best  vmt    70 18327    2790 17087  1646    3.96    3.79   182   792 17370    32   52.14   52.05
c rst  luby best  vmt    71 18428    2790 17087  1646    3.96    3.79   183   793 17469    32   52.26   52.17
c rst  luby best  vmt    72 18629    2790 17087  1646    3.96    3.79   187   796 17663    32   52.45   52.37
c rst  luby best  vmt    73 18731    2790 17087  1646    3.96    3.79   189   800 17758    33   52.62   52.54
c rst  luby best  vmt    74 18833    2790 17087  1646    3.96    3.79   191   803 17855    33   52.69   52.60
c rst  luby best  vmt    75 19035    2790 17087  1646    3.96    3.79   194   805 18051    34   52.79   52.70
c rst  luby best  vmt    76 19437    2790 17087  1646    3.96    3.79   196   811 18443    36   52.97   52.87
c rst  luby best  vmt    77 19538    2790 17087  1646    3.96    3.79   196   813 18540    38   53.05   52.95
c rst  luby best  vmt    78 19640    2790 17087  1646    3.96    3.79   200   815 18636    38   53.10   53.00
c rst  luby best  vmt    79 19844    2790 17087  1646    3.96    3.79   201   815 18839    38   53.29   53.20
c rst  luby best  vmt    80 19945    2790 17087  1646    3.96    3.79   202   815 18938    39   53.31   53.21
c rst  luby best  vmt    81   20K    2790 17087  1646    3.96    3.79   257   760 19039    39   53.29   53.19
c [full-probe]  bin_only: 1 set: 0 repl: 0 T: 0.00 T-out: N T-r: 99.79%
c rst  luby best  vmt    82   20K    2790 17087  1646    3.96    3.79   261   763 19234    39   53.27   53.17
c rst  luby best  vmt    83   20K    2790 17087  1646    3.96    3.79   264   771 19626    39   53.46   53.36
c [distill-long-red0] cls tried: 244/244 T: 0.02 T-out: N T-r: 99.56%
c [distill-long-red1] cls tried: 37/750 T: 0.01 T-out: Y T-r: -2.84%
c rst  luby best  vmt    84   21K    2790 17087  1646    3.96    3.79   268   779   20K    48   53.63   53.52
c rst  luby best  vmt    85   21K    2790 17087  1646    3.96    3.79   270   781   20K    50   53.61   53.49
c rst  luby best  vmt    86   21K    2790 17087  1646    3.96    3.79   272   781   20K    50   53.62   53.50
c rst  luby  stb  vmt    87   21K    2790 17087  1646    3.96    3.79   277   783   20K    51   53.74   53.62
c rst  luby  stb  vmt    88   21K    2790 17087  1646    3.96    3.79   279   784   20K    53   53.86   53.74
c rst  luby  stb  vmt    89   22K    2790 17087  1646    3.96    3.79   281   790   20K    55   53.89   53.76
c rst  luby  stb  vmt    90   22K    2790 17087  1646    3.96    3.79   284   793   21K    56   53.91   53.78
c rst  luby  stb  vmt    91   22K    2790 17087  1646    3.96    3.79   290   797   21K    57   54.33   54.20
c rst  luby  stb  vmt    92   22K    2790 17087  1646    3.96    3.79   291   799   21K    57   54.32   54.19
c rst  luby  stb  vmt    93   22K    2790 17087  1646    3.96    3.79   291   800   21K    58   54.35   54.22
c rst  luby  stb  vmt    94   23K    2790 17087  1646    3.96    3.79   293   802   21K    58   54.46   54.32
c rst  luby  stb  vmt    95   23K    2790 17087  1646    3.96    3.79   293   805   22K    58   54.50   54.37
c rst  luby  stb  vmt    96   23K    2790 17087  1646    3.96    3.79   294   809   22K    58   54.56   54.43
c rst  luby  stb  vmt    97   23K    2790 17087  1646    3.96    3.79   301   813   22K    60   54.81   54.67
c rst  luby  stb  vmt    98   23K    2790 17087  1646    3.96    3.79   305   817   22K    61   54.99   54.86
c rst  luby  stb  vmt    99   24K    2790 17087  1646    3.96    3.79   314   821   23K    62   55.32   55.19
c rst  luby  stb  vmt   100   26K    2790 17087  1646    3.96    3.79   331   845   25K    65   55.61   55.48
c [branch] adjusting to: vsid (from: vmtf) var_decay:0.95 descr: VSIDS
c [distill] watch-based irred--  cl tried     1577 cl-sh     0 cl-rem    3 lit-rem      0 T: 0.00 T-out: N
c [distill] watch-based   red--  cl tried      661 cl-sh    22 cl-rem    1 lit-rem     54 T: 0.00 T-out: N
c rst  geom  stb   vs   101   26K    2790 17083  1650    3.96    3.79   329   845   25K    66   55.76   55.63
c rst  geom  stb   vs   102   26K    2790 17083  1650    3.96    3.79   329   845   25K    66   55.74   55.61
c rst  geom  stb   vs   103   26K    2790 17083  1650    3.96    3.79   329   845   25K    66   55.78   55.65
c rst  geom  stb   vs   104   26K    2790 17083  1650    3.96    3.79   329   845   25K    66   55.79   55.66
c rst  geom  stb   vs   105   26K    2790 17083  1650    3.96    3.79   329   845   25K    66   55.88   55.75
c rst  geom ibes   vs   106   27K    2790 17083  1650    3.96    3.79   329   845   25K    66   55.77   55.64
c rst  geom ibes   vs   107   27K    2790 17083  1650    3.96    3.79   329   845   26K    66   55.56   55.43
c rst  geom ibes   vs   108   27K    2790 17083  1650    3.96    3.79   329   845   26K    66   55.39   55.26
c rst  geom ibes   vs   109   27K    2790 17083  1650    3.96    3.79   329   845   26K    66   55.19   55.06
c rst  geom ibes   vs   110   28K    2790 17083  1650    3.96    3.79   329   845   26K    66   54.97   54.84
c rst  geom ibes   vs   111   28K    2790 17083  1650    3.96    3.79   329   845   27K    66   54.75   54.63
c rst  geom ibes   vs   112   28K    2790 17083  1650    3.96    3.79   329   845   27K    66   54.44   54.32
c rst  geom ibes   vs   113   28K    2790 17083  1650    3.96    3.79   329   845   27K    66   54.03   53.92
c rst  geom ibes   vs   114   29K    2790 17083  1650    3.96    3.79   329   845   28K    66   53.69   53.58
c rst  geom ibes   vs   115   29K    2790 17083  1650    3.96    3.79   329   845   28K    66   53.25   53.14
c rst  geom ibes   vs   116   30K    2790 17083  1650    3.96    3.79   437   996   25K    66   51.12   51.00
c rst  geom ibes   vs   117   30K    2790 17083  1650    3.96    3.79   437   996   25K    66   50.57   50.45
c rst  geom ibes   vs   118   31K    2790 17083  1650    3.96    3.79   437   996   26K    66   49.97   49.85
c rst  geom ibes   vs   119   31K    2790 17083  1650    3.96    3.79   437   996   26K    66   49.33   49.22
c rst  geom ibes   vs   120   32K    2790 17083  1650    3.96    3.79   437   996   27K    66   48.83   48.72
c [distill-bin] useful: 0/1567/1650 lits-rem: 0 cl-rem: 0 0-depth-assigns: 0 T: 0.02 T-out: Y
c rst  geom  svd   vs   121   33K    2790 17083  1650    3.96    3.79   437   996   28K    66   48.28   48.17
c rst  geom  svd   vs   122   34K    2790 17083  1650    3.96    3.79   437   996   28K    66   47.79   47.69
c [branch] adjusting to: vmtf (from: vsid) var_decay:0.95 descr: VMTF
c rst  luby  svd  vmt   123   34K    2790 17083  1650    3.96    3.79   437   997   28K    66   47.89   47.79
c rst  luby  svd  vmt   124   34K    2790 17083  1650    3.96    3.79   438   998   29K    66   47.89   47.79
c rst  luby  svd  vmt   125   34K    2790 17083  1650    3.96    3.79   439  1006   29K    66   47.98   47.88
c rst  luby  svd  vmt   126   34K    2790 17083  1650    3.96    3.79   439  1008   29K    66   48.10   48.00
c rst  luby  svd  vmt   127   34K    2790 17083  1650    3.96    3.79   440  1010   29K    66   48.17   48.07
c rst  luby  svd  vmt   128   34K    2790 17083  1650    3.96    3.79   442  1021   29K    66   48.20   48.10
c rst  luby  svd  vmt   129   35K    2790 17083  1650    3.96    3.79   447  1025   30K    66   48.46   48.36
c rst  luby  svd  vmt   130   35K    2790 17083  1650    3.96    3.79   447  1027   30K    66   48.40   48.30
c rst  luby  svd  vmt   131   35K    2790 17083  1650    3.96    3.79   447  1030   30K    66   48.43   48.33
c rst  luby  svd  vmt   132   35K    2790 17083  1650    3.96    3.79   447  1039   30K    67   48.51   48.41
c rst  luby  svd  vmt   133   35K    2790 17083  1650    3.96    3.79   447  1040   30K    69   48.50   48.40
c [distill-long-red0] cls tried: 205/205 T: 0.02 T-out: N T-r: 99.55%
c [distill-long-red1] cls tried: 48/984 T: 0.02 T-out: Y T-r: -5.90%
c rst  luby  svd  vmt   134   35K    2790 17083  1650    3.96    3.79   446  1043   30K    72   48.50   48.40
c rst  luby  svd  vmt   135   36K    2790 17083  1650    3.96    3.79   448  1046   30K    73   48.69   48.58
c rst  luby  svd  vmt   136   36K    2790 17083  1650    3.96    3.79   453  1064   31K    73   49.00   48.90
c rst  luby  svd  vmt   137   37K    2790 17083  1650    3.96    3.79   463  1078   31K    73   49.16   49.06
c rst  luby  svd  vmt   138   37K    2790 17083  1650    3.96    3.79   463  1080   32K    73   49.18   49.08
c rst  luby  svd  vmt   139   37K    2790 17083  1650    3.96    3.79   464  1080   32K    73   49.17   49.07
c rst  luby  svd  vmt   140   37K    2790 17083  1650    3.96    3.79   465  1088   32K    74   49.15   49.05
c rst  luby  svd  vmt   141   37K    2790 17083  1650    3.96    3.79   467  1101   32K    74   49.19   49.08
c rst  luby  svd  vmt   142   37K    2790 17083  1650    3.96    3.79   467  1103   32K    74   49.34   49.24
c rst  luby  svd  vmt   143   38K    2790 17083  1650    3.96    3.79   472  1107   32K    74   49.40   49.29
c rst  geom best  vmt   144   38K    2790 17083  1650    3.96    3.79   473  1109   32K    74   49.37   49.27
c rst  geom best  vmt   145   38K    2790 17083  1650    3.96    3.79   475  1112   32K    74   49.48   49.38
c rst  geom best  vmt   146   38K    2790 17083  1650    3.96    3.79   475  1115   33K    74   49.53   49.43
c rst  geom best  vmt   147   38K    2790 17083  1650    3.96    3.79   475  1117   33K    74   49.56   49.46
c rst  geom best  vmt   148   38K    2790 17083  1650    3.96    3.79   478  1124   33K    74   49.54   49.44
c rst  geom best  vmt   149   38K    2790 17083  1650    3.96    3.79   479  1128   33K    74   49.56   49.46
c rst  geom best  vmt   150   39K    2790 17083  1650    3.96    3.79   480  1133   33K    74   49.48   49.38
c rst  geom best  vmt   151   39K    2790 17083  1650    3.96    3.79   480  1146   33K    74   49.42   49.32
c rst  geom best  vmt   152   39K    2790 17083  1650    3.96    3.79   480  1157   34K    74   49.52   49.42
c rst  geom best  vmt   153   39K    2790 17083  1650    3.96    3.79   480  1160   34K    74   49.60   49.50
c rst  geom best  vmt   154   40K    2790 17083  1650    3.96    3.79   625  1025   34K    74   49.59   49.50
c [full-probe]  bin_only: 0 set: 0 repl: 0 T: 0.01 T-out: N T-r: 97.01%
c [impl-str] lit bin: 0 set-var: 0 T: 0.00 T-out: N T-r: 99.95% w-visit: 5584
c [impl-sub] bin: 14 T: 0.00 T-out: N w-visit: 5584
c rst  geom best  vmt   155   40K    2790 17083  1650    3.96    3.79   626  1030   35K    68   49.65   49.56
c rst  geom best  vmt   156   40K    2790 17083  1650    3.96    3.79   627  1044   35K    68   49.52   49.44
c rst  geom best  vmt   157   41K    2790 17083  1650    3.96    3.79   631  1063   35K    68   49.46   49.37
c rst  geom best  vmt   158   41K    2790 17083  1650    3.96    3.79   632  1064   36K    69   49.72   49.64
c rst  geom best  vmt   159   41K    2790 17083  1650    3.96    3.79   634  1075   36K    69   49.63   49.54
c rst  geom best  vmt   160   42K    2790 17083  1650    3.96    3.79   637  1097   37K    71   49.79   49.71
c [branch] adjusting to: vsid (from: vmtf) var_decay:0.95 descr: VSIDS
c rst  geom best   vs   161   42K    2790 17083  1650    3.96    3.79   640  1099   37K    71   49.75   49.67
c rst  geom best   vs   162   42K    2790 17083  1650    3.96    3.79   640  1099   37K    71   49.74   49.65
c rst  geom best   vs   163   42K    2790 17083  1650    3.96    3.79   640  1099   37K    71   49.65   49.56
c rst  geom best   vs   164   42K    2790 17083  1650    3.96    3.79   641  1099   37K    71   49.53   49.45
c rst  geom best   vs   165   43K    2790 17083  1650    3.96    3.79   641  1099   37K    71   49.40   49.32
c rst  geom best   vs   166   43K    2790 17083  1650    3.96    3.79   641  1099   37K    71   49.25   49.17
c rst  geom best   vs   167   43K    2790 17083  1650    3.96    3.79   641  1099   38K    71   49.09   49.01
c rst  geom  stb   vs   168   43K    2790 17083  1650    3.96    3.79   642  1099   38K    71   49.01   48.93
c rst  geom  stb   vs   169   43K    2790 17083  1650    3.96    3.79   642  1099   38K    71   48.90   48.82
c rst  geom  stb   vs   170   44K    2790 17083  1650    3.96    3.79   642  1099   38K    72   48.74   48.66
c [ccnr] tries: 0 steps: 262143 best found: 13
c [ccnr] tries: 0 steps: 524287 best found: 13
c [ccnr] tries: 0 steps: 786431 best found: 13
c [ccnr] saving best assignment phase to stable_polar
c [ccnr] bumping based on clause weights
c [ccnr] Bumped vars: 102 bump type: 6
c [ccnr] time: 0.62
c rst  geom  stb   vs   171   44K    2790 17083  1650    3.96    3.79   644  1099   39K    72   48.63   48.55
c rst  geom  stb   vs   172   44K    2790 17083  1650    3.96    3.79   644  1099   39K    72   48.52   48.44
c rst  geom  stb   vs   173   45K    2790 17083  1650    3.96    3.79   714  1786   31K    72   45.49   45.40
c rst  geom  stb   vs   174   45K    2790 17083  1650    3.96    3.79   714  1786   32K    72   45.29   45.20
c rst  geom  stb   vs   175   45K    2790 17083  1650    3.96    3.79   714  1786   32K    72   45.07   44.99
c rst  geom  stb   vs   176   46K    2790 17083  1650    3.96    3.79   715  1791   33K    72   45.04   44.95
c rst  geom  stb   vs   177   46K    2790 17083  1650    3.96    3.79   715  1792   33K    72   44.94   44.85
c rst  geom  stb   vs   178   47K    2790 17083  1650    3.96    3.79   715  1792   34K    72   44.77   44.69
c rst  geom  stb   vs   179   48K    2790 17083  1650    3.96    3.79   715  1792   34K    72   44.68   44.60
c rst  geom  stb   vs   180   48K    2790 17083  1650    3.96    3.79   715  1792   35K    72   44.68   44.60
c rst  geom  stb   vs   181   49K    2790 17083  1650    3.96    3.79   715  1792   36K    72   44.59   44.51
c rst  geom ibes   vs   182   50K    2790 17083  1650    3.96    3.79   769  1738   36K    72   44.20   44.13
c [gauss] XOR-encoding clauses are not detached, so no need to reattach them.
c [g 0] truth-find prop checks  : 935K
c [g 0] -> of which prop        : 36.11 %
c [g 0] -> of which confl       :  3.12 %
c [g 0] elim called             : 186K
c [g 0] ---> which lead to prop :  8.51 %
c [g 0] ---> which lead to confl:  0.62 %
c [g 0] size: 50    x 765  
c [scc] new: 6 BP 0M T: 0.00
c [vrep] vars 6 lits 24541 rem-bin-cls 28 rem-long-cls 2 BP 0M T: 0.03
c [scc] new: 0 BP 0M T: 0.00
c [vrep] vars 0 lits 0 rem-bin-cls 0 rem-long-cls 0 BP 0M T: 0.00
c [intree] Set 2 vars hyper-added: 804 trans-irred: 0 trans-red: 40 T: 0.01 T-out: N T-r: -1.38%
c [find&init matx] performing matrix init
c [gauss] XOR-encoding clauses are not detached, so no need to reattach them.
c [xor-rem-unconnected] left with 50 xors from 50 non-empty xors T: 0.00
c [xor-together] xored together: 0 orig xors: 50 new xors: 50 T: 0.00
c [xor-rem-unconnected] left with 50 xors from 50 non-empty xors T: 0.00
c [xor-clean-equiv] removed equivalent xors: 0 left with: 50
c [matrix] unused xors from cleaning: 0
c [matrix] Good   matrix 0 50      x759    density:0.1087  xorlen avg: 82.50
c [matrix] Using 1 matrices recovered from 0 xors T: 0.00 T-out: N
c rst  geom ibes vs   183   51  K 2782    17082  1639 3.96    3.79      768  1739   37K   832 43.66   42.82  
c [distill-long-red0] cls tried: 323/323 T: 0.04 T-out: N T-r: 98.81%
c [distill-long-red1] cls tried: 22/1637 T: 0.01 T-out: Y T-r: -8.72%
c rst  geom ibes vs   184   52  K 2782    17082  1639 3.96    3.79      765  1739   38K   836 43.03   42.22  
c [distill] watch-based irred--  cl tried 1567     cl-sh 1     cl-rem 1    lit-rem 1      T: 0.00 T-out: N
c [distill] watch-based red  --  cl tried 1530     cl-sh 47    cl-rem 0    lit-rem 89     T: 0.00 T-out: N
c rst  geom ibes vs   185   53  K 2782    17010  1639 3.96    3.79      765  1739   38K   835 42.99   42.16  
c [branch] adjusting to: vmtf (from: vsid) var_decay:0.95 descr: VMTF
c [distill-bin] useful: 0/1288/1639 lits-rem: 0 cl-rem: 0 0-depth-assigns: 0 T: 0.02 T-out: Y
c rst  luby ibes vmt  186   53  K 2782    17010  1639 3.96    3.79      766  1746   38K   835 43.01   42.19  
c rst  luby ibes vmt  187   53  K 2782    17010  1639 3.96    3.79      766  1746   38K   835 43.04   42.22  
c rst  luby ibes vmt  188   53  K 2782    17010  1639 3.96    3.79      766  1752   38K   835 43.03   42.22  
c rst  luby ibes vmt  189   53  K 2782    17010  1639 3.96    3.79      766  1753   38K   835 43.04   42.23  
c rst  luby ibes vmt  190   53  K 2782    17010  1639 3.96    3.79      766  1759   38K   835 43.02   42.21  
c rst  luby ibes vmt  191   53  K 2782    17010  1639 3.96    3.79      766  1764   39K   835 43.07   42.26  
c rst  luby ibes vmt  192   54  K 2782    17010  1639 3.96    3.79      767  1873   39K   835 43.02   42.22  
c rst  luby ibes vmt  193   54  K 2782    17010  1639 3.96    3.79      767  1876   39K   835 43.06   42.27  
c rst  luby ibes vmt  194   54  K 2782    17010  1639 3.96    3.79      767  1881   39K   835 43.03   42.23  
c rst  luby ibes vmt  195   54  K 2782    17010  1639 3.96    3.79      768  1917   39K   835 43.05   42.26  
c rst  luby ibes vmt  196   54  K 2782    17010  1639 3.96    3.79      768  1926   40K   835 43.03   42.24  
c rst  luby ibes vmt  197   54  K 2782    17010  1639 3.96    3.79      768  1932   40K   835 43.01   42.23  
c rst  luby ibes vmt  198   55  K 2782    17010  1639 3.96    3.79      770  1946   40K   835 42.99   42.21  
c rst  luby svd  vmt  199   55  K 2782    17010  1639 3.96    3.79      771  1951   40K   835 43.18   42.40  
c rst  luby svd  vmt  200   56  K 2782    17010  1639 3.96    3.79      775  1963   41K   835 43.47   42.70  
c recursive minimization cost OK: 304Kcost/(% lits removed)
c [gauss] XOR-encoding clauses are not detached, so no need to reattach them.
c [g 0] truth-find prop checks  : 111K
c [g 0] -> of which prop        : 38.22 %
c [g 0] -> of which confl       :  2.92 %
c [g 0] elim called             : 22K
c [g 0] ---> which lead to prop :  0.81 %
c [g 0] ---> which lead to confl:  0.05 %
c [g 0] size: 50    x 759  
c --> Executing strategy token: scc-vrepl
c [scc] new: 4 BP 0M T: 0.00
c [vrep] vars 4 lits 20829 rem-bin-cls 16 rem-long-cls 87 BP 0M T: 0.02
c --> Executing strategy token: sub-impl
c [impl-sub] bin: 11 T: 0.00 T-out: N w-visit: 5584
c --> Executing strategy token: breakid
c --> Executing OCC strategy token(s): 'occ-backw-sub-str,occ-clean-implicit,occ-bve,occ-bva,occ-ternary-res,occ-xor,'
c [occ] mem usage for occur 1      MB
c [occ] Linked in IRRED BIN by default: 1632
c [occ] Linked in RED   BIN by default: 823
c [occ] mem usage for occur 0      MB
c Mem for watch alloc      : 4           MB (18.26     %)
c Mem for watch array      : 0           MB (0.84      %)
c --> Executing OCC strategy token: occ-backw-sub-str
c [occ-backw-sub-str-long-w-bins] subs: 1 str: 1 tried: 2455 0-depth ass: 0 T: 0.00 T-out: N T-r: 99.35%
c [occ-backw-sub-long-w-long] rem cl: 64 tried: 60845/60845 (100.0%) T: 0.01 T-out: N T-r: 96.59%
c [occ-backw-sub-str-long-w-long] sub: 0 str: 2 tried: 182535/60845 (300.0)  T: 0.06 T-out: N T-r: 88.67%
c --> Executing OCC strategy token: occ-clean-implicit
c --> Executing OCC strategy token: occ-bve
c [occ-empty-res] Empty resolvent elimed: 0 T: 0.00 T-out: N
c [occ-bve] iter v-elim 13
c cl_inc_rate=1.0, var_dec_rate=1.0 (grow=0)
c Reduced to 2765 vars, 18630 cls (grow=0)
c [occ-bve] iter v-elim 310
c cl_inc_rate=1.1, var_dec_rate=1.1 (grow=8)
c Reduced to 2455 vars, 19935 cls (grow=8)
c x n vars       : 2455
c #try to eliminate:  5910
c #var-elim        :   323
c #T-o: N
c #T-r: 99.99%
c #T  : 0.11
c [occur] 0.03 is overhead
c [occur] link-in T: 0.03 cleanup T: 0.00
c --> Executing OCC strategy token: occ-bva
c --> Executing OCC strategy token: occ-ternary-res
c [occ-ternary-res] Ternary res-tri: 47 res-bin: 0 sub: 0 str: 0 T: 0.00 T-out: N T-r: 99.39%
c --> Executing OCC strategy token: occ-xor
c [occ-xor] sort occur list T: 0.00
c [xor-clean-equiv] removed equivalent xors: 0 left with: 1865
c [occ-xor] found   1865 avg sz 4.0 min sz  4 max sz  5 T: 0.01 T-out: N T-r: 99.98%
c --> Executing strategy token: card-find
c --> Executing strategy token: cl-consolidate
c [mem] consolidate  old-sz: 10123K new-sz: 4485K new bits offs: 20 T: 0.00
c --> Executing strategy token: scc-vrepl
c [scc] new: 0 BP 0M T: 0.00
c --> Executing strategy token: renumber
c --> Executing strategy token: bosphorus
c --> Executing strategy token: louvain-comms
c [consolidate] mini T: 0.00
c global_timeout_multiplier: 3.3000
c [branch] rebuilding order heap for all branchings. Current branching: vmtf
c [find&init matx] performing matrix init
c [gauss] XOR-encoding clauses are not detached, so no need to reattach them.
c [xor-rem-unconnected] left with 1865 xors from 1865 non-empty xors T: 0.00
c [xor-together] xored together: 1817 orig xors: 1865 new xors: 48 T: 0.00
c [xor-rem-unconnected] left with 48 xors from 48 non-empty xors T: 0.00
c [xor-clean-equiv] removed equivalent xors: 0 left with: 48
c [matrix] unused xors from cleaning: 0
c [matrix] Good   matrix  0     48 x  455  density:0.1765  xorlen avg: 80.29
c [matrix] Using 1 matrices recovered from 0 xors T: 0.00 T-out: N
c rst  luby  svd  vmt   201   56K    2455 19031   904    4.13    4.03   160   227   23K   122   30.71   30.56
c rst  luby  svd  vmt   202   56K    2455 19031   904    4.13    4.03   160   229   24K   122   30.66   30.52
c rst  luby  svd  vmt   203   56K    2455 19031   904    4.13    4.03   160   230   24K   122   30.63   30.49
c rst  luby  svd  vmt   204   56K    2455 19031   904    4.13    4.03   160   233   24K   122   30.62   30.48
c rst  luby  svd  vmt   205   56K    2455 19031   904    4.13    4.03   160   235   24K   122   30.58   30.44
c rst  luby  svd  vmt   206   56K    2455 19031   904    4.13    4.03   160   236   24K   122   30.51   30.38
c [g  <0] Disabling GJ-elim in this round.  Usefulness was: 17.9208%  over 67698 calls
c rst  luby  svd  vmt   207   57K    2455 19031   904    4.13    4.03   160   243   24K   122   30.41   30.28
c rst  luby  svd  vmt   208   57K    2455 19031   904    4.13    4.03   160   247   25K   122   30.29   30.15
c rst  luby  svd  vmt   209   57K    2455 19031   904    4.13    4.03   161   251   25K   122   30.28   30.14
c rst  luby  svd  vmt   210   57K    2455 19031   904    4.13    4.03   162   251   25K   122   30.25   30.12
c rst  luby  svd  vmt   211   57K    2455 19031   904    4.13    4.03   163   253   25K   122   30.20   30.07
c rst  luby  svd  vmt   212   58K    2455 19031   904    4.13    4.03   164   254   25K   122   30.16   30.03
c rst  luby  svd  vmt   213   58K    2455 19031   904    4.13    4.03   164   255   25K   122   30.14   30.01
c rst  luby  svd  vmt   214   58K    2455 19031   904    4.13    4.03   164   257   25K   122   30.08   29.95
c rst  luby  svd  vmt   215   58K    2455 19031   904    4.13    4.03   164   259   26K   122   29.90   29.77
c rst  luby  svd  vmt   216   59K    2455 19031   904    4.13    4.03   168   268   27K   122   29.53   29.41
c rst  luby  svd  vmt   217   61K    2455 19031   904    4.13    4.03   223   398   22K   122   26.87   26.73
c [full-probe]  bin_only: 1 set: 0 repl: 0 T: 0.01 T-out: N T-r: 99.77%
c rst  geom best  vmt   218   61K    2455 19031   904    4.13    4.03   224   399   22K   122   26.84   26.71
c rst  geom best  vmt   219   61K    2455 19031   904    4.13    4.03   224   401   22K   122   26.84   26.71
c rst  geom best  vmt   220   61K    2455 19031   904    4.13    4.03   224   402   22K   122   26.80   26.67
c rst  geom best  vmt   221   61K    2455 19031   904    4.13    4.03   224   403   22K   122   26.74   26.61
c rst  geom best  vmt   222   61K    2455 19031   904    4.13    4.03   225   410   22K   122   26.69   26.56
c rst  geom best  vmt   223   61K    2455 19031   904    4.13    4.03   227   416   23K   122   26.65   26.53
c rst  geom best  vmt   224   62K    2455 19031   904    4.13    4.03   227   420   23K   122   26.63   26.50
c rst  geom best  vmt   225   62K    2455 19031   904    4.13    4.03   228   429   23K   122   26.61   26.49
c rst  geom best  vmt   226   62K    2455 19031   904    4.13    4.03   229   435   23K   122   26.55   26.42
c rst  geom best  vmt   227   62K    2455 19031   904    4.13    4.03   231   440   23K   122   26.56   26.44
c rst  geom best  vmt   228   63K    2455 19031   904    4.13    4.03   231   443   24K   122   26.58   26.46
c [branch] adjusting to: vsid (from: vmtf) var_decay:0.95 descr: VSIDS
c rst  geom best   vs   229   63K    2455 19031   904    4.13    4.03   233   460   24K   122   26.62   26.50
c rst  geom best   vs   230   63K    2455 19031   904    4.13    4.03   234   472   24K   122   26.69   26.57
c rst  geom best   vs   231   63K    2455 19031   904    4.13    4.03   236   487   24K   122   26.75   26.64
c rst  geom best   vs   232   63K    2455 19031   904    4.13    4.03   238   501   24K   122   26.88   26.76
c rst  geom best   vs   233   63K    2455 19031   904    4.13    4.03   239   521   24K   122   26.94   26.82
c rst  geom best   vs   234   64K    2455 19031   904    4.13    4.03   240   539   25K   122   27.04   26.93
c rst  geom best   vs   235   64K    2455 19031   904    4.13    4.03   240   563   25K   122   27.07   26.96
c rst  geom best   vs   236   64K    2455 19031   904    4.13    4.03   240   568   25K   122   27.48   27.37
c rst  geom best   vs   237   64K    2455 19031   904    4.13    4.03   241   579   25K   122   27.63   27.52
c rst  geom best   vs   238   64K    2455 19031   904    4.13    4.03   242   590   25K   122   27.71   27.60
c rst  geom best   vs   239   65K    2455 19031   904    4.13    4.03   244   617   26K   122   27.91   27.79
c rst  geom best   vs   240   65K    2455 19031   904    4.13    4.03   245   632   26K   122   27.95   27.83
c rst  geom best   vs   241   65K    2455 19031   904    4.13    4.03   247   638   26K   122   28.05   27.94
c rst  geom best   vs   242   66K    2455 19031   904    4.13    4.03   251   648   27K   122   28.05   27.94
c [distill-long-red0] cls tried: 108/108 T: 0.01 T-out: N T-r: 99.82%
c [distill-long-red1] cls tried: 56/557 T: 0.01 T-out: Y T-r: -1.15%
c rst  geom best   vs   243   66K    2455 19031   904    4.13    4.03   251   656   27K   123   28.25   28.13
c rst  geom best   vs   244   67K    2455 19031   904    4.13    4.03   251   670   27K   123   28.28   28.17
c rst  geom  stb   vs   245   67K    2455 19031   904    4.13    4.03   252   697   28K   123   28.60   28.49
c rst  geom  stb   vs   246   68K    2455 19031   904    4.13    4.03   260   738   28K   123   29.02   28.91
c rst  geom  stb   vs   247   68K    2455 19031   904    4.13    4.03   262   761   29K   123   29.52   29.40
c rst  geom  stb   vs   248   69K    2455 19031   904    4.13    4.03   269   783   30K   123   29.84   29.73
c rst  geom  stb   vs   249   70K    2455 19031   904    4.13    4.03   566   535   30K   123   30.10   29.99
c rst  geom  stb   vs   250   70K    2455 19031   904    4.13    4.03   568   550   31K   123   30.52   30.41
c rst  geom  stb   vs   251   71K    2455 19031   904    4.13    4.03   579   561   32K   123   30.52   30.41
c rst  geom  stb   vs   252   72K    2455 19031   904    4.13    4.03   584   584   33K   123   30.53   30.43
c rst  geom  stb   vs   253   73K    2455 19031   904    4.13    4.03   590   605   34K   123   30.70   30.60
c [distill-bin] useful: 5/904/904 lits-rem: 0 cl-rem: 5 0-depth-assigns: 0 T: 0.01 T-out: N
c rst  geom ibes   vs   254   74K    2455 19031   899    4.13    4.03   599   635   35K   123   30.88   30.78
c [branch] adjusting to: vmtf (from: vsid) var_decay:0.95 descr: VMTF
c rst  luby ibes  vmt   255   75K    2455 19031   899    4.13    4.03   628  1129   27K   123   31.28   31.16
c rst  luby ibes  vmt   256   75K    2455 19031   899    4.13    4.03   628  1131   27K   123   31.25   31.13
c rst  luby ibes  vmt   257   75K    2455 19031   899    4.13    4.03   628  1132   28K   123   31.17   31.05
c rst  luby ibes  vmt   258   75K    2455 19031   899    4.13    4.03   628  1133   28K   123   31.15   31.03
c rst  luby ibes  vmt   259   75K    2455 19031   899    4.13    4.03   628  1133   28K   123   31.10   30.98
c rst  luby ibes  vmt   260   75K    2455 19031   899    4.13    4.03   628  1142   28K   123   31.02   30.90
c rst  luby ibes  vmt   261   76K    2455 19031   899    4.13    4.03   629  1149   28K   123   30.84   30.73
c rst  luby ibes  vmt   262   76K    2455 19031   899    4.13    4.03   629  1151   28K   123   30.80   30.68
c rst  luby ibes  vmt   263   76K    2455 19031   899    4.13    4.03   630  1154   29K   123   30.75   30.64
c rst  luby ibes  vmt   264   76K    2455 19031   899    4.13    4.03   630  1156   29K   123   30.64   30.53
c rst  luby ibes  vmt   265   76K    2455 19031   899    4.13    4.03   630  1157   29K   123   30.62   30.51
c rst  luby ibes  vmt   266   76K    2455 19031   899    4.13    4.03   630  1160   29K   123   30.61   30.49
c rst  luby ibes  vmt   267   76K    2455 19031   899    4.13    4.03   630  1163   29K   123   30.51   30.40
c rst  luby ibes  vmt   268   77K    2455 19031   899    4.13    4.03   630  1163   30K   123   30.31   30.20
c [distill] watch-based irred--  cl tried     7624 cl-sh   161 cl-rem  156 lit-rem    171 T: 0.01 T-out: N
c [distill] watch-based   red--  cl tried     1260 cl-sh   163 cl-rem    0 lit-rem    300 T: 0.00 T-out: N
c rst  luby ibes  vmt   269   78K    2455 18872   915    4.12    4.02   631  1166   30K   110   29.95   29.86
c rst  luby ibes  vmt   270   78K    2455 18872   915    4.12    4.02   631  1167   30K   110   29.91   29.82
c rst  luby ibes  vmt   271   78K    2455 18872   915    4.12    4.02   631  1168   31K   110   29.88   29.79
c rst  luby ibes  vmt   272   78K    2455 18872   915    4.12    4.02   632  1171   31K   110   29.80   29.71
c rst  luby ibes  vmt   273   78K    2455 18872   915    4.12    4.02   632  1173   31K   110   29.75   29.66
c rst  luby ibes  vmt   274   78K    2455 18872   915    4.12    4.02   632  1173   31K   110   29.70   29.61
c rst  luby ibes  vmt   275   78K    2455 18872   915    4.12    4.02   633  1177   31K   110   29.61   29.52
c rst  luby ibes  vmt   276   79K    2455 18872   915    4.12    4.02   635  1187   32K   110   29.44   29.35
c rst  luby ibes  vmt   277   79K    2455 18872   915    4.12    4.02   635  1187   32K   110   29.40   29.31
c rst  luby ibes  vmt   278   79K    2455 18872   915    4.12    4.02   635  1188   32K   110   29.37   29.28
c rst  luby  svd  vmt   279   79K    2455 18872   915    4.12    4.02   635  1192   32K   110   29.31   29.22
c rst  luby  svd  vmt   280   79K    2455 18872   915    4.12    4.02   635  1193   32K   110   29.28   29.20
c rst  luby  svd  vmt   281   79K    2455 18872   915    4.12    4.02   635  1196   32K   110   29.24   29.16
c rst  luby  svd  vmt   282   80K    2455 18872   915    4.12    4.02  1110   716   32K   110   29.16   29.08
c rst  luby  svd  vmt   283   80K    2455 18872   915    4.12    4.02  1110   721   33K   110   29.03   28.95
c rst  luby  svd  vmt   284   81K    2455 18872   915    4.12    4.02  1111   727   34K   110   28.70   28.61
c [distill-long-red0] cls tried: 861/861 T: 0.04 T-out: N T-r: 98.75%
c [distill-long-red1] cls tried: 40/597 T: 0.01 T-out: Y T-r: -5.10%
c [full-probe]  bin_only: 0 set: 0 repl: 0 T: 0.01 T-out: N T-r: 97.33%
c rst  luby  svd  vmt   285   82K    2455 18872   915    4.12    4.02  1114   797   35K   110   28.25   28.17
c rst  luby  svd  vmt   286   83K    2455 18872   915    4.12    4.02  1114   798   35K   110   28.23   28.15
c rst  luby  svd  vmt   287   83K    2455 18872   915    4.12    4.02  1114   798   35K   110   28.19   28.12
c rst  luby  svd  vmt   288   83K    2455 18872   915    4.12    4.02  1114   805   35K   110   28.16   28.08
c rst  luby  svd  vmt   289   83K    2455 18872   915    4.12    4.02  1114   806   36K   110   28.14   28.06
c rst  luby  svd  vmt   290   83K    2455 18872   915    4.12    4.02  1114   810   36K   110   28.13   28.06
c rst  luby  svd  vmt   291   83K    2455 18872   915    4.12    4.02  1115   820   36K   110   28.10   28.03
c rst  luby  svd  vmt   292   84K    2455 18872   915    4.12    4.02  1115   828   36K   110   28.05   27.98
c rst  luby  svd  vmt   293   84K    2455 18872   915    4.12    4.02  1117   832   36K   110   28.04   27.97
c rst  luby  svd  vmt   294   84K    2455 18872   915    4.12    4.02  1117   832   36K   110   28.04   27.97
c rst  luby  svd  vmt   295   84K    2455 18872   915    4.12    4.02  1117   838   37K   110   28.02   27.94
c rst  luby  svd  vmt   296   84K    2455 18872   915    4.12    4.02  1119   839   37K   110   28.02   27.95
c rst  luby  svd  vmt   297   84K    2455 18872   915    4.12    4.02  1119   840   37K   110   28.02   27.95
c rst  luby  svd  vmt   298   85K    2455 18872   915    4.12    4.02  1120   844   37K   110   27.96   27.89
c rst  luby  svd  vmt   299   85K    2455 18872   915    4.12    4.02  1121   852   37K   110   27.86   27.79
c rst  luby  svd  vmt   300   86K    2455 18872   915    4.12    4.02  1123   865   38K   110   27.65   27.58
c rst  geom best  vmt   301   86K    2455 18872   915    4.12    4.02  1123   865   38K   110   27.62   27.55
c rst  geom best  vmt   302   86K    2455 18872   915    4.12    4.02  1123   866   38K   110   27.58   27.52
c rst  geom best  vmt   303   86K    2455 18872   915    4.12    4.02  1123   866   39K   110   27.54   27.47
c rst  geom best  vmt   304   86K    2455 18872   915    4.12    4.02  1123   870   39K   110   27.49   27.43
c rst  geom best  vmt   305   86K    2455 18872   915    4.12    4.02  1123   871   39K   110   27.44   27.37
c rst  geom best  vmt   306   87K    2455 18872   915    4.12    4.02  1123   873   39K   110   27.37   27.31
c rst  geom best  vmt   307   87K    2455 18872   915    4.12    4.02  1125   877   39K   110   27.32   27.25
c rst  geom best  vmt   308   87K    2455 18872   915    4.12    4.02  1127   880   39K   110   27.24   27.17
c rst  geom best  vmt   309   87K    2455 18872   915    4.12    4.02  1127   884   40K   110   27.16   27.09
c [branch] adjusting to: vsid (from: vmtf) var_decay:0.95 descr: VSIDS
c rst  geom best   vs   310   87K    2455 18872   915    4.12    4.02  1128   892   40K   110   27.18   27.11
c rst  geom best   vs   311   87K    2455 18872   915    4.12    4.02  1129   899   40K   110   27.18   27.11
c rst  geom best   vs   312   88K    2455 18872   915    4.12    4.02  1131   908   40K   110   27.22   27.15
c rst  geom best   vs   313   88K    2455 18872   915    4.12    4.02  1134   916   40K   110   27.26   27.20
c [ccnr] tries: 0 steps: 262143 best found: 15
c [ccnr] tries: 0 steps: 524287 best found: 14
c [ccnr] saving best assignment phase to stable_polar
c [ccnr] bumping based on var unsat frequency: conflict_ct
c [ccnr] Bumped vars: 2792 bump type: 6
c [ccnr] time: 0.55
c rst  geom best   vs   314   88K    2455 18872   915    4.12    4.02  1135   929   40K   110   27.28   27.21
c rst  geom best   vs   315   88K    2455 18872   915    4.12    4.02  1136   937   40K   110   27.31   27.24
c rst  geom best   vs   316   88K    2455 18872   915    4.12    4.02  1136   945   41K   110   27.36   27.29
c rst  geom best   vs   317   88K    2455 18872   915    4.12    4.02  1143   960   41K   110   27.36   27.30
c rst  geom best   vs   318   89K    2455 18872   915    4.12    4.02  1146   969   41K   110   27.44   27.37
c rst  geom best   vs   319   89K    2455 18872   915    4.12    4.02  1148   977   41K   110   27.46   27.39
c rst  geom best   vs   320   89K    2455 18872   915    4.12    4.02  1151   987   42K   110   27.50   27.43
c rst  geom best   vs   321   90K    2455 18872   915    4.12    4.02  1646  1425   32K   110   26.71   26.64
c rst  geom best   vs   322   90K    2455 18872   915    4.12    4.02  1648  1444   33K   110   26.78   26.70
c rst  geom best   vs   323   90K    2455 18872   915    4.12    4.02  1649  1463   33K   110   26.84   26.76
c rst  geom best   vs   324   91K    2455 18872   915    4.12    4.02  1649  1472   33K   110   26.87   26.80
c rst  geom best   vs   325   91K    2455 18872   915    4.12    4.02  1652  1481   34K   110   26.93   26.86
c rst  geom best   vs   326   92K    2455 18872   915    4.12    4.02  1655  1489   34K   110   27.08   27.00
c rst  geom  stb   vs   327   92K    2455 18872   915    4.12    4.02  1659  1509   35K   110   27.23   27.16
c rst  geom  stb   vs   328   93K    2455 18872   915    4.12    4.02  1662  1522   35K   110   27.27   27.20
c rst  geom  stb   vs   329   93K    2455 18872   915    4.12    4.02  1667  1540   36K   110   27.30   27.23
c [distill-bin] useful: 4/915/915 lits-rem: 0 cl-rem: 4 0-depth-assigns: 0 T: 0.01 T-out: N
c rst  geom  stb   vs   330   94K    2455 18872   911    4.12    4.02  1667  1550   37K   110   27.37   27.30
c rst  geom  stb   vs   331   95K    2455 18872   911    4.12    4.02  1669  1569   38K   110   27.36   27.29
c rst  geom  stb   vs   332   96K    2455 18872   911    4.12    4.02  1671  1575   38K   110   27.45   27.38
c rst  geom  stb   vs   333   97K    2455 18872   911    4.12    4.02  1672  1596   39K   110   27.63   27.57
c [distill-long-red0] cls tried: 554/554 T: 0.05 T-out: N T-r: 98.40%
c [distill-long-red1] cls tried: 28/1437 T: 0.01 T-out: Y T-r: -4.53%
c rst  geom  stb   vs   334   98K    2455 18872   911    4.12    4.02  1674  1608   40K   110   27.66   27.60
c rst  geom ibes   vs   335   99K    2455 18872   911    4.12    4.02  1683  1630   41K   110   28.01   27.95
c rst  geom ibes   vs   336  100K    2455 18872   911    4.12    4.02  1844  1480   43K   110   28.14   28.07
c [impl-str] lit bin: 0 set-var: 0 T: 0.00 T-out: N T-r: 99.95% w-visit: 5584
c [impl-sub] bin: 1 T: 0.00 T-out: N w-visit: 5584
c rst  geom ibes   vs   337  102K    2455 18872   911    4.12    4.02  1849  1501   44K   109   28.30   28.24
c [branch] adjusting to: vmtf (from: vsid) var_decay:0.95 descr: VMTF
c [full-probe]  bin_only: 1 set: 0 repl: 0 T: 0.01 T-out: N T-r: 99.68%
c rst  luby ibes  vmt   338  102K    2455 18872   911    4.12    4.02  1853  1516   44K   109   28.30   28.24
c rst  luby ibes  vmt   339  102K    2455 18872   911    4.12    4.02  1853  1517   44K   109   28.26   28.20
c [distill] watch-based irred--  cl tried     7454 cl-sh     1 cl-rem    2 lit-rem      1 T: 0.01 T-out: N
c [distill] watch-based   red--  cl tried     3706 cl-sh   143 cl-rem    0 lit-rem    265 T: 0.01 T-out: N
c rst  luby ibes  vmt   340  102K    2455 18870   911    4.12    4.02  1854  1520   45K   109   28.22   28.16
c rst  luby ibes  vmt   341  102K    2455 18870   911    4.12    4.02  1854  1520   45K   109   28.20   28.14
c rst  luby ibes  vmt   342  102K    2455 18870   911    4.12    4.02  1854  1521   45K   109   28.18   28.12
c rst  luby ibes  vmt   343  102K    2455 18870   911    4.12    4.02  1854  1521   45K   109   28.12   28.06
c rst  luby ibes  vmt   344  103K    2455 18870   911    4.12    4.02  1854  1531   45K   109   28.01   27.95
c rst  luby ibes  vmt   345  103K    2455 18870   911    4.12    4.02  1855  1533   45K   109   27.99   27.94
c rst  luby ibes  vmt   346  103K    2455 18870   911    4.12    4.02  1855  1534   46K   109   27.97   27.91
c rst  luby ibes  vmt   347  103K    2455 18870   911    4.12    4.02  1856  1540   46K   109   27.92   27.86
c rst  luby ibes  vmt   348  103K    2455 18870   911    4.12    4.02  1856  1540   46K   109   27.89   27.84
c rst  luby ibes  vmt   349  103K    2455 18870   911    4.12    4.02  1856  1541   46K   109   27.88   27.83
c rst  luby ibes  vmt   350  104K    2455 18870   911    4.12    4.02  1856  1541   46K   109   27.83   27.77
c rst  luby ibes  vmt   351  104K    2455 18870   911    4.12    4.02  1858  1549   47K   109   27.77   27.72
c rst  luby  svd  vmt   352  105K    2455 18870   911    4.12    4.02  2004  1976   35K   109   26.72   26.65
c rst  luby  svd  vmt   353  105K    2455 18870   911    4.12    4.02  2004  1976   35K   109   26.71   26.65
c ------- FINAL TOTAL SEARCH STATS ---------
c UIP search time          : 16.30       (98.27     % time)
c All times are for this thread only except if explicitly specified
c restarts                 : 353         (298.74    confls per restart)
c blocked restarts         : 0           (0.00      per normal restart)
c time                     : 16.30       
c decisions                : 119498      (0.00      % random)
c propagations             : 51M         (3168K     props/s)
c decisions/conflicts      : 1.13        
c conflicts                : 105454      
c LEARNT stats
c units learnt             : 0           (0.00      % of conflicts)
c bins learnt              : 72          (0.07      % of conflicts)
c long learnt              : 105885      (100.41    % of conflicts)
c red which0               : 471         (0.45      % of confl)
c SEAMLESS HYPERBIN&TRANS-RED stats
c advProp called           : 0           
c hyper-bin add bin        : 0           (0.00      bin/call)
c trans-red rem irred bin  : 0           (0.00      bin/call)
c trans-red rem red bin    : 0           (0.00      bin/call)
c CONFL LITS stats
c orig                     : 19373264    (183.71    lit/confl)
c recurs-min effective     : 97416       (92.38     % attempt successful)
c recurs-min lits          : 15319176    (79.07     % less overall)
c permDiff call%           : 2.54        (0.00      % attempt successful)
c permDiff lits-rem        : 0           (0.00      less lits/cl on attempts)
c further-min call%        : 0.02        (23.81     % attempt successful)
c bintri-min lits          : 20          (0.00      % less overall)
c final avg                : 38.44       
c all-threads sum CPU time : 16.30        s
c PROP stats
c Mbogo-props              : 66.47       (4.08      / sec)
c MHyper-props             : 0.06        (0.00      / sec)
c Mprops                   : 51.65       (3.17      / sec)
c -------- OccSimplifier STATS ----------
c time                     : 0.13        (0.00      % var-elim)
c called                   : 1           (0.13      s per call)
c 0-depth assigns          : 0           (0.00      % vars)
c -------- OccSimplifier STATS END ----------
c -------- SubsumeStrengthen STATS ----------
c cl-subs                  : 66           Clauses
c cl-str rem lit           : 19           Lits
c cl-sub T                 : 0.01         s
c cl-str T                 : 0.06         s
c -------- SubsumeStrengthen STATS END ----------
c ----- SCC STATS --------
c time                     : 0.00        (0.00      per call)
c called                   : 4           (2.50      new found per call)
c found                    : 10          (50.00     % of all found)
c bogoprops                : 129056      % of all found
c ----- SCC STATS END --------
c --------- VAR REPLACE STATS ----------
c time                     : 0.06        (0.02      per call)
c trees' crown             : 10          (0.36      % of vars)
c 0-depth assigns          : 0           (0.00      % vars)
c lits replaced            : 45370       
c bin cls removed          : 44          
c long cls removed         : 89          
c long lits removed        : 2269        
c bogoprops                : 966410      
c --------- VAR REPLACE STATS END ----------
c vrep replace time        : 0.06        (0.38      % time)
c vrep tree roots          : 5           
c vrep trees' crown        : 10          (2.00      leafs/tree)
c -------- DISTILL-BIN STATS --------
c time                     : 0.06        (0.01      per call)
c timed out                : 2           (40.00     % of calls)
c distill/checked/potential: 0          /6332/6766
c lits-rem                 : 0           
c 0-depth-assigns          : 0           (0.00      % of vars)
c -------- DISTILL STATS END --------
c -------- STRENGTHEN STATS --------
c --> watch-based on irred cls
c time                     : 0.02        (0.00      s/call)
c shrinked/tried/total     : 163        /18222/143846
c subsumed/tried/total     : 162        /18222/143846
c lits-rem                 : 173         (0.22      % of lits tried)
c called                   : 8           (0.00      % ran out of time)
c --> watch-based on red cls
c time                     : 0.01        (0.00      s/call)
c shrinked/tried/total     : 375        /7157/7157
c subsumed/tried/total     : 1          /7157/7157
c lits-rem                 : 708         (1.53      % of lits tried)
c called                   : 8           (0.00      % ran out of time)
c -------- STRENGTHEN STATS END --------
c -------- IMPLICIT SUB  STATS --------
c time                     : 0.00        (0.00      per call)
c timed out                : 0           (0.00      % of calls)
c rem bins                 : 26          
c -------- IMPLICIT SUB STATS END --------
c Mem used                 : 33          MB
c Mem for longclauses      : 9           MB (27.76     %)
c Mem for watch alloc      : 7           MB (21.24     %)
c Mem for watch array      : 0           MB (0.39      %)
c Mem for assings&vardata  : 0           MB (0.23      %)
c Mem for search&solve     : 0           MB (0.63      %)
c Mem for renumberer       : 0           MB (0.08      %)
c Mem for occsimplifier    : 0           MB (2.20      %)
c Mem for varReplacer&SCC  : 0           MB (0.18      %)
c Mem for impl subsume     : 0           MB (0.00      %)
c Mem for 3 distills       : 0           MB (0.00      %)
c Accounted for mem (rss)  : 52.71       %
c Accounted for mem (vm)   : 40.22       %
c restarts                 : 353         (298.74    confls per restart)
c blocked restarts         : 0           (0.00      per normal restart)
c time                     : 16.30       
c decisions                : 119498      (0.00      % random)
c propagations             : 51M         (3168K     props/s)
c decisions/conflicts      : 1.13        
c conflicts                : 105454      
c conf lits non-minim      : 19373264    (183.71    lit/confl)
c conf lits final          : 38.44       
c red which0               : 471         (0.45      % of confl)
c props/decision           : 0.00        
c props/conflict           : 0.00        
c 0-depth assigns          : 4           (0.14      % vars)
c 0-depth assigns by CNF   : 2           (0.07      % vars)
c reduceDB time            : 0.03        (0.17      % time)
c OccSimplifier time       : 0.13        (0.76      % time)
c [occur] 0.04 is overhead
c [occur] link-in T: 0.03 cleanup T: 0.01
c [occ-substr] long subBySub: 64 subByStr: 2 lits-rem-str: 19 T: 0.08
c SCC time                 : 0.00        (0.01      % time)
c [scc] new: 10 BP 0M  T: 0.00
c vrep replace time        : 0.06        (0.38      % time)
c vrep tree roots          : 5           
c vrep trees' crown        : 10          (2.00      leafs/tree)
c distill long time        : 0.25        (1.53      % time)
c distill bin time         : 0.06        (0.35      % time)
c strength cache-irred time: 0.02        (0.12      % time)
c strength cache-red time  : 0.01        (0.06      % time)
c avg cls in red 0         : 645.13      
c avg cls in red 1         : 927.86      
c avg cls in red 2         : 28341.50    
c Conflicts in UIP         : 105454      (6356.61   confl/time_this_thread)
c Max Memory (rss) used    : 33804 kB    
c Total time (this thread) : 16.59       
s SATISFIABLE
v -1 2 -3 -4 5 -6 -7 -8 9 10 11 12 -13 -14 15 16 17 18 -19 -20 -21 -22 -23 -24 
v -25 -26 27 28 29 30 -31 -32 -33 -34 -35 -36 -37 -38 -39 -40 -41 -42 -43 -44 
v 45 46 47 48 -49 -50 -51 -52 -53 -54 -55 -56 -57 -58 -59 -60 -61 -62 63 64 65 
v 66 -67 -68 -69 -70 -71 -72 -73 -74 -75 -76 -77 -78 -79 -80 81 82 83 84 -85 
v -86 -87 -88 -89 -90 -91 -92 -93 -94 -95 -96 -97 -98 -99 -100 -101 -102 -103 
v -104 105 106 107 108 -109 -110 111 112 113 114 -115 -116 117 118 119 120 -121 
v -122 123 124 125 126 -127 -128 -129 -130 -131 -132 -133 -134 -135 -136 -137 
v -138 -139 -140 -141 -142 -143 -144 -145 -146 -147 -148 -149 -150 -151 -152 
v -153 -154 -155 -156 -157 -158 -159 -160 -161 -162 -163 -164 -165 -166 -167 
v -168 -169 -170 -171 -172 -173 -174 -175 -176 177 178 179 180 -181 -182 183 
v 184 185 186 -187 -188 189 190 191 192 -193 -194 195 196 197 198 -199 -200 
v -201 -202 -203 -204 -205 -206 -207 -208 -209 -210 -211 -212 -213 -214 -215 
v -216 -217 -218 -219 -220 -221 -222 -223 -224 -225 -226 -227 -228 -229 -230 
v -231 -232 -233 -234 -235 -236 -237 -238 -239 -240 -241 -242 -243 -244 -245 
v -246 -247 -248 -249 -250 -251 -252 -253 -254 -255 -256 -257 -258 -259 -260 
v -261 -262 -263 -264 -265 -266 -267 -268 -269 -270 -271 -272 -273 -274 -275 
v -276 -277 -278 -279 -280 -281 -282 -283 -284 285 286 287 288 -289 -290 291 
v 292 293 294 -295 -296 297 298 299 300 -301 -302 303 304 305 306 -307 -308 
v -309 -310 -311 -312 -313 -314 -315 -316 -317 -318 -319 -320 -321 -322 -323 
v -324 -325 -326 -327 -328 -329 -330 -331 -332 -333 -334 -335 -336 -337 -338 
v -339 -340 -341 -342 -343 344 -345 -346 347 -348 -349 -350 -351 -352 353 -354 
v 355 -356 357 -358 359 -360 -361 -362 -363 -364 365 -366 367 368 369 370 371 
v 372 -373 374 -375 -376 -377 -378 -379 -380 -381 -382 -383 -384 -385 -386 -387 
v -388 -389 -390 -391 -392 -393 -394 -395 -396 397 -398 399 400 401 402 403 404 
v -405 406 -407 -408 -409 -410 -411 -412 -413 -414 -415 -416 -417 -418 -419 
v -420 -421 -422 -423 -424 -425 -426 -427 -428 -429 -430 -431 -432 -433 -434 
v -435 -436 -437 -438 -439 -440 -441 -442 -443 -444 445 -446 447 448 449 450 
v 451 452 -453 454 -455 -456 -457 -458 -459 -460 -461 -462 -463 -464 -465 -466 
v -467 -468 -469 -470 -471 -472 -473 -474 -475 -476 -477 -478 -479 -480 -481 
v -482 -483 -484 -485 -486 -487 -488 -489 -490 -491 -492 -493 -494 -495 -496 
v -497 -498 -499 -500 -501 -502 -503 -504 -505 -506 -507 -508 -509 -510 -511 
v -512 -513 -514 -515 -516 -517 -518 -519 -520 -521 -522 -523 -524 -525 -526 
v -527 -528 -529 -530 -531 -532 -533 -534 -535 -536 -537 -538 -539 -540 541 
v -542 543 544 545 546 547 548 -549 550 -551 -552 -553 -554 -555 -556 -557 -558 
v -559 -560 -561 -562 -563 -564 -565 -566 -567 -568 -569 -570 -571 -572 573 
v -574 575 576 577 578 579 580 -581 582 -583 -584 -585 -586 -587 -588 -589 -590 
v -591 -592 -593 -594 -595 -596 -597 -598 -599 -600 -601 -602 -603 -604 605 
v -606 607 608 609 610 611 612 -613 614 -615 -616 -617 -618 -619 -620 -621 -622 
v -623 -624 -625 -626 -627 -628 -629 -630 -631 -632 -633 -634 -635 -636 637 
v -638 639 640 641 642 643 644 -645 646 -647 -648 -649 -650 -651 -652 -653 -654 
v -655 -656 -657 -658 -659 -660 -661 -662 -663 -664 -665 -666 -667 -668 -669 
v -670 -671 -672 -673 -674 -675 -676 -677 -678 -679 -680 -681 -682 -683 -684 
v -685 -686 -687 -688 -689 -690 -691 -692 -693 -694 -695 -696 -697 -698 -699 
v -700 -701 -702 -703 -704 -705 -706 -707 -708 -709 -710 -711 -712 -713 714 715 
v 716 717 718 719 -720 721 -722 -723 -724 -725 -726 -727 -728 -729 -730 -731 
v 732 733 734 735 736 -737 738 -739 740 741 742 743 -744 745 -746 747 748 749 
v -750 751 -752 753 754 -755 756 -757 758 -759 760 -761 -762 763 -764 -765 -766 
v -767 768 -769 -770 771 772 773 -774 -775 -776 -777 -778 -779 -780 -781 -782 
v 783 -784 -785 786 787 788 789 790 -791 792 -793 -794 -795 0
c [g 0] truth-find prop checks  : 48K
c [g 0] -> of which prop        : 17.16 %
c [g 0] -> of which confl       :  0.99 %
c [g 0] elim called             : 11719
c [g 0] ---> which lead to prop : 25.94 %
c [g 0] ---> which lead to confl:  1.89 %
c [g 0] size: 48    x 455  

real	0m16.829s
user	0m16.590s
sys	0m0.048s
