c BreakID not compiled in, disabling
c CryptoMiniSat version 5.11.19
c CMS Copyright (C) 2009-2020 Authors of CryptoMiniSat, see AUTHORS file
c CMS SHA revision b80e09ebd7703fc13b987401d693d7d406a50441
c Using VMTF code by Armin Biere from CaDiCaL
c Using Yalsat by Armin Biere, see Balint et al. Improving implementation of SLS solvers [...], SAT'14
c Using WalkSAT by Henry Kautz, see Kautz and Selman Pushing the envelope: planning, propositional logic, and stochastic search, AAAI'96,
c CMS is MIT licensed
c Using code from 'When Boolean Satisfiability Meets Gauss-E. in a Simplex Way'
c       by C.-S. Han and J.-H. Roland Jiang in CAV 2012. Fixes by M. Soos
c Using CCAnr from 'CCAnr: A Conf. Checking Based Local Search Solver [...]'
c       by Shaowei Cai, Chuan Luo, and Kaile Su, SAT 2015
c CMS compilation env CMAKE_CXX_COMPILER = /usr/bin/c++ | CMAKE_CXX_FLAGS =  -fvisibility=hidden -Wall -Wextra -Wunused -Wsign-compare -fno-omit-frame-pointer -Wtype-limits -Wuninitialized -Wno-deprecated -Wstrict-aliasing -Wpointer-arith -Wpointer-arith -Wformat-nonliteral -Winit-self -Wparentheses -Wunreachable-code -g -Wno-class-memaccess -mpopcnt -msse4.2 -ggdb3 -Wlogical-op -Wrestrict -Wnull-dereference -Wdouble-promotion -Wshadow -Wformat=2 -Wextra-semi -pedantic | COMPILE_DEFINES =  -DRDB0_ONLY_FEATURES -DUSE_ZLIB -DYALSAT_FPU | STATICCOMPILE = OFF | ONLY_SIMPLE =  | STATS = OFF | SQLITE3_FOUND =  | ZLIB_FOUND = TRUE | VALGRIND_FOUND =  | ENABLE_TESTING = OFF | SLOW_DEBUG = OFF | ENABLE_ASSERTIONS = ON | PYTHON_EXECUTABLE =  | PYTHON_LIBRARY =  | PYTHON_INCLUDE_DIRS =  | MY_TARGETS =  | LARGEMEM = OFF | LIMITMEM = OFF | BREAKID_LIBRARIES =  | BREAKID-VER = . | BOSPHORUS_LIBRARIES =  | BOSPH-VER = . | compilation date time = Jul 13 2026 14:05:03
c CMS compiled with gcc version 11.5.0 20240719 (Red Hat 11.5.0-5)
c Executed with command line: ./cryptominisat5 ./instancesBreak/IC_S4/Xn19l6-323-S.dimacs_break.cnf
c Reading file './instancesBreak/IC_S4/Xn19l6-323-S.dimacs_break.cnf'
c -- header says num vars:            794
c -- header says num clauses:        2496
c -- clauses added: 2444
c -- xor clauses added: 52
c -- vars added 794
c Parsing time: 0.00 s
c [find&init matx] performing matrix init
c [gauss] XOR-encoding clauses are not detached, so no need to reattach them.
c [xor-rem-unconnected] left with 50 xors from 50 non-empty xors T: 0.00
c [xor-together] xored together: 0 orig xors: 50 new xors: 50 T: 0.00
c [xor-rem-unconnected] left with 50 xors from 50 non-empty xors T: 0.00
c [xor-clean-equiv] removed equivalent xors: 0 left with: 50
c [matrix] unused xors from cleaning: 0
c [matrix] Good   matrix  0     50 x  765  density:0.1196  xorlen avg: 91.46
c [matrix] Using 1 matrices recovered from 0 xors T: 0.00 T-out: N
c [branch] adjusting to: vsid (from: vsid) var_decay:0.95 descr: VSIDS
c rst  geom  stb   vs     1   111    2987 18681  1657    3.97    3.81     4    37    65     5  137.97  131.85
c rst  geom  stb   vs     2   235    2987 18681  1657    3.97    3.81     8    58   154    15  115.85  108.58
c  res  pol bran  nres  conf freevar  IrrL  IrrB l/longC  l/allC RedL0 RedL1 RedL2  RedB l/longC  l/allC
c rst  geom  stb   vs     3   369    2987 18681  1657    3.97    3.81    14    64   276    15   95.56   91.76
c rst  geom  stb   vs     4   516    2987 18681  1657    3.97    3.81    14    64   423    15   90.96   88.37
c rst  geom  stb   vs     5   678    2987 18681  1657    3.97    3.81    14    64   582    18   85.10   82.90
c rst  geom  stb   vs     6   856    2987 18681  1657    3.97    3.81    14    64   760    18   81.73   80.05
c rst  geom  stb   vs     7  1050    2987 18681  1657    3.97    3.81    14    64   954    18   76.97   75.69
c rst  geom  stb   vs     8  1263    2987 18681  1657    3.97    3.81    14    64  1167    18   73.35   72.33
c rst  geom  stb   vs     9  1498    2987 18681  1657    3.97    3.81    14    64  1402    18   71.49   70.65
c rst  geom  stb   vs    10  1755    2987 18681  1657    3.97    3.81    14    64  1659    18   73.60   72.87
c rst  geom  stb   vs    11  2038    2987 18681  1657    3.97    3.81    14    64  1941    19   73.90   73.23
c rst  geom  stb   vs    12  2348    2987 18681  1657    3.97    3.81    14    64  2250    20   73.45   72.84
c rst  geom  stb   vs    13  2689    2987 18681  1657    3.97    3.81    14    64  2589    22   73.54   72.96
c rst  geom  stb   vs    14  3063    2987 18681  1657    3.97    3.81    14    64  2963    22   75.59   75.07
c rst  geom  stb   vs    15  3473    2987 18681  1657    3.97    3.81    14    64  3373    22   72.36   71.92
c rst  geom  stb   vs    16  3924    2987 18681  1657    3.97    3.81    14    64  3824    22   70.67   70.28
c rst  geom  stb   vs    17  4419    2987 18681  1657    3.97    3.81    16    65  4316    22   68.81   68.48
c rst  geom  stb   vs    18  4964    2987 18681  1657    3.97    3.81    16    65  4861    22   65.52   65.24
c rst  geom  stb   vs    19  5561    2987 18681  1657    3.97    3.81    16    65  5457    23   63.75   63.49
c [branch] adjusting to: vmtf (from: vsid) var_decay:0.95 descr: VMTF
c [distill-long-red0] cls tried: 16/16 T: 0.00 T-out: N T-r: 100.00%
c [distill-long-red1] cls tried: 65/65 T: 0.00 T-out: N T-r: 96.27%
c rst  luby ibes  vmt    20  5662    2987 18681  1657    3.97    3.81    30    82  5525    25   62.98   62.72
c rst  luby ibes  vmt    21  5765    2987 18681  1657    3.97    3.81    30    86  5624    25   63.11   62.84
c rst  luby ibes  vmt    22  5967    2987 18681  1657    3.97    3.81    32    87  5829    25   63.05   62.79
c rst  luby ibes  vmt    23  6070    2987 18681  1657    3.97    3.81    32    89  5932    26   62.74   62.48
c rst  luby ibes  vmt    24  6173    2987 18681  1657    3.97    3.81    32    97  6028    26   62.15   61.90
c rst  luby ibes  vmt    25  6375    2987 18681  1657    3.97    3.81    32    99  6228    26   62.38   62.14
c rst  luby ibes  vmt    26  6777    2987 18681  1657    3.97    3.81    35   149  6577    26   60.87   60.65
c rst  luby ibes  vmt    27  6879    2987 18681  1657    3.97    3.81    38   180  6645    26   60.21   59.99
c rst  luby ibes  vmt    28  6980    2987 18681  1657    3.97    3.81    38   200  6726    26   59.65   59.44
c rst  luby ibes  vmt    29  7182    2987 18681  1657    3.97    3.81    40   208  6921    26   59.25   59.04
c rst  luby ibes  vmt    30  7283    2987 18681  1657    3.97    3.81    41   213  7023    26   58.84   58.64
c rst  luby ibes  vmt    31  7385    2987 18681  1657    3.97    3.81    43   220  7116    26   58.56   58.36
c rst  luby ibes  vmt    32  7587    2987 18681  1657    3.97    3.81    46   246  7302    26   58.80   58.60
c rst  luby ibes  vmt    33  7990    2987 18681  1657    3.97    3.81    49   260  7688    26   57.80   57.62
c rst  luby ibes  vmt    34  8791    2987 18681  1657    3.97    3.81    53   310  8589    27   56.72   56.55
c rst  luby ibes  vmt    35  8892    2987 18681  1657    3.97    3.81    53   323  8684    27   56.66   56.50
c rst  luby ibes  vmt    36  8993    2987 18681  1657    3.97    3.81    55   327  8780    27   56.54   56.38
c rst  luby ibes  vmt    37  9196    2987 18681  1657    3.97    3.81    59   333  8974    28   56.65   56.49
c rst  luby ibes  vmt    38  9298    2987 18681  1657    3.97    3.81    61   340  9068    28   56.34   56.18
c rst  luby ibes  vmt    39  9399    2987 18681  1657    3.97    3.81    61   342  9167    28   56.12   55.96
c rst  luby ibes  vmt    40  9601    2987 18681  1657    3.97    3.81    62   359  9351    28   55.73   55.58
c rst  luby ibes  vmt    41 10002    2987 18681  1657    3.97    3.81   168   262  9745    28   55.23   55.08
c rst  luby ibes  vmt    42 10104    2987 18681  1657    3.97    3.81   168   267  9843    28   55.03   54.89
c rst  luby ibes  vmt    43 10205    2987 18681  1657    3.97    3.81   168   268  9945    28   54.92   54.77
c rst  luby ibes  vmt    44 10406    2987 18681  1657    3.97    3.81   170   289 10130    28   54.34   54.21
c rst  luby ibes  vmt    45 10508    2987 18681  1657    3.97    3.81   170   293 10228    28   54.21   54.08
c rst  luby ibes  vmt    46 10609    2987 18681  1657    3.97    3.81   173   298 10321    28   54.10   53.96
c rst  luby ibes  vmt    47 10810    2987 18681  1657    3.97    3.81   173   301 10532    28   54.31   54.17
c rst  luby  svd  vmt    48 11213    2987 18681  1657    3.97    3.81   180   303 10921    33   54.77   54.62
c rst  luby  svd  vmt    49 12014    2987 18681  1657    3.97    3.81   202   324 11670    42   55.15   54.97
c [branch] adjusting to: vsid (from: vmtf) var_decay:0.95 descr: VSIDS
c [distill-bin] useful: 11/1657/1657 lits-rem: 0 cl-rem: 11 0-depth-assigns: 0 T: 0.01 T-out: N
c rst  geom  svd   vs    50 12126    2987 18681  1646    3.97    3.81   202   324 11782    42   55.02   54.84
c rst  geom  svd   vs    51 12249    2987 18681  1646    3.97    3.81   202   324 11905    42   54.74   54.56
c rst  geom  svd   vs    52 12384    2987 18681  1646    3.97    3.81   202   324 12040    42   54.39   54.21
c rst  geom  svd   vs    53 12532    2987 18681  1646    3.97    3.81   202   324 12188    42   54.00   53.83
c rst  geom  svd   vs    54 12694    2987 18681  1646    3.97    3.81   202   324 12350    42   53.58   53.41
c rst  geom  svd   vs    55 12872    2987 18681  1646    3.97    3.81   202   324 12528    42   53.12   52.96
c rst  geom  svd   vs    56 13066    2987 18681  1646    3.97    3.81   202   324 12722    42   52.73   52.57
c rst  geom  svd   vs    57 13280    2987 18681  1646    3.97    3.81   202   324 12936    42   52.38   52.22
c rst  geom  svd   vs    58 13514    2987 18681  1646    3.97    3.81   202   324 13170    42   52.01   51.86
c rst  geom  svd   vs    59 13772    2987 18681  1646    3.97    3.81   202   324 13428    42   51.62   51.47
c rst  geom  svd   vs    60 14055    2987 18681  1646    3.97    3.81   202   324 13711    42   51.18   51.03
c rst  geom  svd   vs    61 14365    2987 18681  1646    3.97    3.81   202   324 14021    42   50.72   50.58
c rst  geom  svd   vs    62 14706    2987 18681  1646    3.97    3.81   202   324 14362    42   50.28   50.14
c rst  geom  svd   vs    63 15080    2987 18681  1646    3.97    3.81   215   822 14225    42   49.78   49.65
c rst  geom  svd   vs    64 15491    2987 18681  1646    3.97    3.81   215   822 14636    42   49.20   49.07
c rst  geom  svd   vs    65 15941    2987 18681  1646    3.97    3.81   215   822 15086    42   48.66   48.54
c rst  geom  svd   vs    66 16435    2987 18681  1646    3.97    3.81   215   822 15580    42   48.01   47.90
c rst  geom best   vs    67 16978    2987 18681  1646    3.97    3.81   215   822 16122    43   48.98   48.86
c rst  geom best   vs    68 17575    2987 18681  1646    3.97    3.81   215   822 16719    43   49.02   48.91
c rst  geom best   vs    69 18232    2987 18681  1646    3.97    3.81   215   822 17376    43   49.28   49.17
c [branch] adjusting to: vmtf (from: vsid) var_decay:0.95 descr: VMTF
c rst  luby best  vmt    70 18334    2987 18681  1646    3.97    3.81   216   825 17474    43   49.68   49.57
c rst  luby best  vmt    71 18435    2987 18681  1646    3.97    3.81   217   825 17569    48   49.76   49.64
c rst  luby best  vmt    72 18637    2987 18681  1646    3.97    3.81   222   831 17759    49   49.97   49.85
c rst  luby best  vmt    73 18738    2987 18681  1646    3.97    3.81   223   832 17857    50   50.10   49.97
c rst  luby best  vmt    74 18839    2987 18681  1646    3.97    3.81   225   835 17953    50   50.27   50.14
c rst  luby best  vmt    75 19040    2987 18681  1646    3.97    3.81   230   837 18147    50   50.37   50.25
c rst  luby best  vmt    76 19443    2987 18681  1646    3.97    3.81   238   842 18534    53   51.00   50.87
c rst  luby best  vmt    77 19544    2987 18681  1646    3.97    3.81   238   842 18635    53   51.06   50.92
c rst  luby best  vmt    78 19646    2987 18681  1646    3.97    3.81   240   846 18728    56   51.07   50.93
c rst  luby best  vmt    79 19847    2987 18681  1646    3.97    3.81   245   847 18921    58   51.31   51.16
c rst  luby best  vmt    80 19951    2987 18681  1646    3.97    3.81   246   847 19023    59   51.39   51.25
c rst  luby best  vmt    81   20K    2987 18681  1646    3.97    3.81   305   794 19118    59   51.53   51.39
c [full-probe]  bin_only: 1 set: 0 repl: 0 T: 0.01 T-out: N T-r: 99.73%
c rst  luby best  vmt    82   20K    2987 18681  1646    3.97    3.81   323   799 19290    69   52.04   51.87
c rst  luby best  vmt    83   20K    2987 18681  1646    3.97    3.81   329   820 19664    69   52.19   52.02
c [distill-long-red0] cls tried: 283/283 T: 0.01 T-out: N T-r: 99.63%
c [distill-long-red1] cls tried: 38/786 T: 0.01 T-out: Y T-r: -12.12%
c rst  luby best  vmt    84   21K    2987 18681  1646    3.97    3.81   335   829   20K    75   51.87   51.70
c rst  luby best  vmt    85   21K    2987 18681  1646    3.97    3.81   336   829   20K    75   51.90   51.72
c rst  luby best  vmt    86   21K    2987 18681  1646    3.97    3.81   336   829   20K    75   51.88   51.70
c rst  luby  stb  vmt    87   21K    2987 18681  1646    3.97    3.81   336   829   20K    75   52.17   52.00
c rst  luby  stb  vmt    88   21K    2987 18681  1646    3.97    3.81   339   839   20K    76   52.27   52.10
c rst  luby  stb  vmt    89   22K    2987 18681  1646    3.97    3.81   339   839   21K    76   52.39   52.22
c rst  luby  stb  vmt    90   22K    2987 18681  1646    3.97    3.81   344   841   21K    76   52.53   52.36
c rst  luby  stb  vmt    91   22K    2987 18681  1646    3.97    3.81   352   846   21K    76   53.07   52.90
c rst  luby  stb  vmt    92   22K    2987 18681  1646    3.97    3.81   355   846   21K    79   53.16   52.98
c rst  luby  stb  vmt    93   22K    2987 18681  1646    3.97    3.81   356   847   21K    79   53.27   53.09
c rst  luby  stb  vmt    94   23K    2987 18681  1646    3.97    3.81   360   850   22K    81   53.30   53.12
c rst  luby  stb  vmt    95   23K    2987 18681  1646    3.97    3.81   362   852   22K    81   53.27   53.09
c rst  luby  stb  vmt    96   23K    2987 18681  1646    3.97    3.81   362   857   22K    81   53.25   53.08
c rst  luby  stb  vmt    97   23K    2987 18681  1646    3.97    3.81   365   857   22K    81   53.33   53.15
c rst  luby  stb  vmt    98   23K    2987 18681  1646    3.97    3.81   375   871   22K    85   53.66   53.48
c rst  luby  stb  vmt    99   24K    2987 18681  1646    3.97    3.81   379   889   23K    86   54.07   53.89
c rst  luby  stb  vmt   100   26K    2987 18681  1646    3.97    3.81   390   918   25K    88   54.45   54.28
c [branch] adjusting to: vsid (from: vmtf) var_decay:0.95 descr: VSIDS
c [distill] watch-based irred--  cl tried     1571 cl-sh     0 cl-rem    3 lit-rem      0 T: 0.00 T-out: N
c [distill] watch-based   red--  cl tried      778 cl-sh    20 cl-rem    2 lit-rem     41 T: 0.00 T-out: N
c rst  geom  stb   vs   101   26K    2987 18676  1651    3.97    3.81   384   918   25K    89   54.46   54.29
c rst  geom  stb   vs   102   26K    2987 18676  1651    3.97    3.81   384   918   25K    89   54.48   54.30
c rst  geom  stb   vs   103   26K    2987 18676  1651    3.97    3.81   384   918   25K    89   54.38   54.21
c rst  geom  stb   vs   104   26K    2987 18676  1651    3.97    3.81   384   918   25K    89   54.32   54.14
c rst  geom  stb   vs   105   26K    2987 18676  1651    3.97    3.81   384   918   25K    89   54.25   54.08
c rst  geom ibes   vs   106   27K    2987 18676  1651    3.97    3.81   384   918   26K    89   54.11   53.94
c rst  geom ibes   vs   107   27K    2987 18676  1651    3.97    3.81   384   918   26K    89   53.88   53.72
c rst  geom ibes   vs   108   27K    2987 18676  1651    3.97    3.81   384   918   26K    89   53.60   53.44
c rst  geom ibes   vs   109   27K    2987 18676  1651    3.97    3.81   384   918   26K    89   53.30   53.13
c rst  geom ibes   vs   110   28K    2987 18676  1651    3.97    3.81   385   918   26K    89   53.02   52.86
c rst  geom ibes   vs   111   28K    2987 18676  1651    3.97    3.81   386   918   27K    89   52.85   52.69
c rst  geom ibes   vs   112   28K    2987 18676  1651    3.97    3.81   386   918   27K    89   52.47   52.32
c rst  geom ibes   vs   113   28K    2987 18676  1651    3.97    3.81   386   918   27K    89   52.05   51.90
c rst  geom ibes   vs   114   29K    2987 18676  1651    3.97    3.81   386   918   28K    89   51.64   51.49
c rst  geom ibes   vs   115   29K    2987 18676  1651    3.97    3.81   388   921   28K    90   51.15   51.01
c rst  geom ibes   vs   116   30K    2987 18676  1651    3.97    3.81   522  1094   24K    91   47.82   47.66
c rst  geom ibes   vs   117   30K    2987 18676  1651    3.97    3.81   522  1094   24K    91   47.59   47.43
c rst  geom ibes   vs   118   31K    2986 18676  1651    3.97    3.81   523  1094   25K    91   47.30   47.15
c rst  geom ibes   vs   119   31K    2986 18676  1651    3.97    3.81   523  1095   25K    91   46.97   46.82
c rst  geom ibes   vs   120   32K    2986 18676  1651    3.97    3.81   526  1095   26K    93   46.49   46.35
c [distill-bin] useful: 0/1651/1651 lits-rem: 0 cl-rem: 0 0-depth-assigns: 0 T: 0.01 T-out: N
c rst  geom  svd   vs   121   33K    2986 18676  1649    3.97    3.81   527  1095   27K    93   46.08   45.94
c rst  geom  svd   vs   122   34K    2986 18676  1649    3.97    3.81   527  1095   27K    93   45.59   45.46
c [branch] adjusting to: vmtf (from: vsid) var_decay:0.95 descr: VMTF
c rst  luby  svd  vmt   123   34K    2986 18676  1649    3.97    3.81   527  1099   28K    93   45.70   45.56
c rst  luby  svd  vmt   124   34K    2986 18676  1649    3.97    3.81   527  1104   28K    93   45.85   45.72
c rst  luby  svd  vmt   125   34K    2986 18676  1649    3.97    3.81   529  1107   28K    93   46.32   46.18
c rst  luby  svd  vmt   126   34K    2986 18676  1649    3.97    3.81   530  1114   28K    93   46.29   46.16
c rst  luby  svd  vmt   127   34K    2986 18676  1649    3.97    3.81   531  1120   28K    94   46.43   46.29
c rst  luby  svd  vmt   128   34K    2986 18676  1649    3.97    3.81   532  1121   28K    94   46.50   46.36
c rst  luby  svd  vmt   129   35K    2986 18676  1649    3.97    3.81   536  1137   29K    94   46.77   46.63
c rst  luby  svd  vmt   130   35K    2986 18676  1649    3.97    3.81   536  1142   29K    94   46.79   46.65
c rst  luby  svd  vmt   131   35K    2986 18676  1649    3.97    3.81   539  1144   29K    94   46.91   46.78
c rst  luby  svd  vmt   132   35K    2986 18676  1649    3.97    3.81   541  1150   29K    94   46.97   46.84
c rst  luby  svd  vmt   133   35K    2986 18676  1649    3.97    3.81   541  1151   29K    94   46.99   46.86
c [distill-long-red0] cls tried: 231/231 T: 0.02 T-out: N T-r: 99.52%
c [distill-long-red1] cls tried: 30/1079 T: 0.01 T-out: Y T-r: -4.59%
c rst  luby  svd  vmt   134   35K    2986 18676  1649    3.97    3.81   540  1161   29K    96   46.95   46.82
c rst  luby  svd  vmt   135   36K    2986 18676  1649    3.97    3.81   541  1170   29K    96   46.95   46.81
c rst  luby  svd  vmt   136   36K    2986 18676  1649    3.97    3.81   541  1195   30K    97   46.87   46.74
c rst  luby  svd  vmt   137   37K    2986 18676  1649    3.97    3.81   544  1222   31K    97   47.09   46.96
c rst  luby  svd  vmt   138   37K    2986 18676  1649    3.97    3.81   545  1224   31K    97   47.14   47.01
c rst  luby  svd  vmt   139   37K    2986 18676  1649    3.97    3.81   545  1230   31K    97   47.13   47.00
c rst  luby  svd  vmt   140   37K    2986 18676  1649    3.97    3.81   547  1263   31K    97   47.10   46.97
c rst  luby  svd  vmt   141   37K    2986 18676  1649    3.97    3.81   547  1265   31K    97   47.12   46.99
c rst  luby  svd  vmt   142   37K    2986 18676  1649    3.97    3.81   547  1268   31K    97   47.11   46.98
c rst  luby  svd  vmt   143   38K    2986 18676  1649    3.97    3.81   549  1278   31K    97   47.20   47.07
c rst  geom best  vmt   144   38K    2986 18676  1649    3.97    3.81   549  1281   31K    97   47.19   47.06
c rst  geom best  vmt   145   38K    2986 18676  1649    3.97    3.81   550  1287   32K    97   47.19   47.06
c rst  geom best  vmt   146   38K    2986 18676  1649    3.97    3.81   551  1294   32K    97   47.27   47.14
c rst  geom best  vmt   147   38K    2986 18676  1649    3.97    3.81   551  1298   32K    97   47.25   47.12
c rst  geom best  vmt   148   38K    2986 18676  1649    3.97    3.81   552  1308   32K    97   47.30   47.17
c rst  geom best  vmt   149   38K    2986 18676  1649    3.97    3.81   553  1310   32K    97   47.32   47.20
c rst  geom best  vmt   150   39K    2986 18676  1649    3.97    3.81   554  1312   32K    98   47.31   47.19
c rst  geom best  vmt   151   39K    2986 18676  1649    3.97    3.81   556  1317   33K    98   47.37   47.24
c rst  geom best  vmt   152   39K    2986 18676  1649    3.97    3.81   556  1319   33K    98   47.46   47.33
c rst  geom best  vmt   153   39K    2986 18676  1649    3.97    3.81   559  1351   33K    98   47.46   47.34
c rst  geom best  vmt   154   40K    2986 18676  1649    3.97    3.81   731  1186   33K    99   47.60   47.48
c [full-probe]  bin_only: 0 set: 0 repl: 0 T: 0.01 T-out: N T-r: 96.72%
c [impl-str] lit bin: 0 set-var: 0 T: 0.00 T-out: N T-r: 99.95% w-visit: 5978
c [impl-sub] bin: 23 T: 0.00 T-out: N w-visit: 5978
c rst  geom best  vmt   155   40K    2986 18676  1649    3.97    3.81   734  1187   34K    77   47.70   47.61
c rst  geom best  vmt   156   40K    2986 18676  1649    3.97    3.81   735  1204   34K    77   47.77   47.67
c rst  geom best  vmt   157   41K    2986 18676  1649    3.97    3.81   736  1209   34K    77   47.84   47.74
c rst  geom best  vmt   158   41K    2986 18676  1649    3.97    3.81   737  1217   35K    78   47.85   47.75
c rst  geom best  vmt   159   41K    2986 18676  1649    3.97    3.81   740  1264   35K    78   47.71   47.61
c rst  geom best  vmt   160   42K    2986 18676  1649    3.97    3.81   741  1275   36K    79   48.03   47.94
c [branch] adjusting to: vsid (from: vmtf) var_decay:0.95 descr: VSIDS
c rst  geom best   vs   161   42K    2986 18676  1649    3.97    3.81   741  1275   36K    79   47.95   47.85
c rst  geom best   vs   162   42K    2986 18676  1649    3.97    3.81   741  1275   36K    79   47.86   47.77
c rst  geom best   vs   163   42K    2986 18676  1649    3.97    3.81   741  1275   36K    79   47.77   47.68
c rst  geom best   vs   164   42K    2986 18676  1649    3.97    3.81   741  1275   36K    79   47.70   47.61
c rst  geom best   vs   165   43K    2986 18676  1649    3.97    3.81   741  1275   37K    79   47.60   47.50
c rst  geom best   vs   166   43K    2986 18676  1649    3.97    3.81   741  1275   37K    79   47.48   47.39
c rst  geom best   vs   167   43K    2986 18676  1649    3.97    3.81   741  1275   37K    79   47.36   47.27
c rst  geom  stb   vs   168   43K    2986 18676  1649    3.97    3.81   741  1275   37K    79   47.24   47.15
c rst  geom  stb   vs   169   43K    2986 18676  1649    3.97    3.81   741  1275   37K    79   47.10   47.01
c rst  geom  stb   vs   170   44K    2986 18676  1649    3.97    3.81   741  1275   38K    79   46.94   46.85
c [ccnr] tries: 0 steps: 262143 best found: 16
c [ccnr] tries: 0 steps: 524287 best found: 16
c [ccnr] tries: 0 steps: 786431 best found: 16
c [ccnr] saving best assignment phase to stable_polar
c [ccnr] bumping based on clause weights
c [ccnr] Bumped vars: 102 bump type: 6
c [ccnr] time: 0.62
c rst  geom  stb   vs   171   44K    2986 18676  1649    3.97    3.81   741  1275   38K    79   46.87   46.79
c rst  geom  stb   vs   172   44K    2986 18676  1649    3.97    3.81   741  1275   38K    79   46.77   46.69
c rst  geom  stb   vs   173   45K    2986 18676  1649    3.97    3.81   795  2133   31K    79   45.80   45.70
c rst  geom  stb   vs   174   45K    2986 18676  1649    3.97    3.81   795  2133   31K    79   45.53   45.43
c rst  geom  stb   vs   175   45K    2986 18676  1649    3.97    3.81   797  2133   31K    79   45.27   45.17
c rst  geom  stb   vs   176   46K    2986 18676  1649    3.97    3.81   797  2133   32K    79   44.97   44.87
c rst  geom  stb   vs   177   46K    2986 18676  1649    3.97    3.81   797  2133   32K    79   44.63   44.53
c rst  geom  stb   vs   178   47K    2986 18676  1649    3.97    3.81   797  2133   33K    79   44.41   44.32
c rst  geom  stb   vs   179   48K    2986 18676  1649    3.97    3.81   797  2133   34K    79   44.02   43.93
c rst  geom  stb   vs   180   48K    2986 18676  1649    3.97    3.81   797  2133   34K    79   43.64   43.55
c rst  geom  stb   vs   181   49K    2986 18676  1649    3.97    3.81   797  2133   35K    79   43.43   43.35
c rst  geom ibes   vs   182   50K    2986 18676  1649    3.97    3.81   853  2077   36K    79   43.21   43.13
c [gauss] XOR-encoding clauses are not detached, so no need to reattach them.
c [g 0] truth-find prop checks  : 921K
c [g 0] -> of which prop        : 37.02 %
c [g 0] -> of which confl       :  3.20 %
c [g 0] elim called             : 170K
c [g 0] ---> which lead to prop :  7.90 %
c [g 0] ---> which lead to confl:  0.60 %
c [g 0] size: 50    x 765  
c [scc] new: 5 BP 0M T: 0.00
c [vrep] vars 5 lits 12055 rem-bin-cls 22 rem-long-cls 0 BP 0M T: 0.02
c [scc] new: 0 BP 0M T: 0.00
c [vrep] vars 0 lits 0 rem-bin-cls 0 rem-long-cls 0 BP 0M T: 0.00
c [intree] Set 0 vars hyper-added: 766 trans-irred: 0 trans-red: 40 T: 0.01 T-out: N T-r: -1.33%
c [find&init matx] performing matrix init
c [gauss] XOR-encoding clauses are not detached, so no need to reattach them.
c [xor-rem-unconnected] left with 50 xors from 50 non-empty xors T: 0.00
c [xor-together] xored together: 0 orig xors: 50 new xors: 50 T: 0.00
c [xor-rem-unconnected] left with 50 xors from 50 non-empty xors T: 0.00
c [xor-clean-equiv] removed equivalent xors: 0 left with: 50
c [matrix] unused xors from cleaning: 0
c [matrix] Good   matrix 0 50      x761    density:0.1190  xorlen avg: 90.58
c [matrix] Using 1 matrices recovered from 0 xors T: 0.00 T-out: N
c rst  geom ibes vs   183   51  K 2981    18627  1640 3.96    3.80      855  2087   37K   803 42.94   42.13  
c [distill-long-red0] cls tried: 315/315 T: 0.05 T-out: N T-r: 98.76%
c [distill-long-red1] cls tried: 30/1986 T: 0.01 T-out: Y T-r: -7.70%
c rst  geom ibes vs   184   52  K 2981    18627  1640 3.96    3.80      853  2087   37K   806 42.57   41.78  
c [distill] watch-based irred--  cl tried 1565     cl-sh 1     cl-rem 1    lit-rem 1      T: 0.00 T-out: N
c [distill] watch-based red  --  cl tried 1706     cl-sh 24    cl-rem 0    lit-rem 27     T: 0.00 T-out: N
c rst  geom ibes vs   185   53  K 2981    18625  1642 3.96    3.80      853  2087   39K   805 42.28   41.53  
c [branch] adjusting to: vmtf (from: vsid) var_decay:0.95 descr: VMTF
c [distill-bin] useful: 0/1605/1642 lits-rem: 0 cl-rem: 0 0-depth-assigns: 0 T: 0.02 T-out: Y
c rst  luby ibes vmt  186   53  K 2981    18625  1642 3.96    3.80      853  2097   39K   805 42.34   41.58  
c rst  luby ibes vmt  187   53  K 2981    18625  1642 3.96    3.80      853  2097   39K   805 42.47   41.71  
c rst  luby ibes vmt  188   53  K 2981    18625  1642 3.96    3.80      853  2103   39K   805 42.57   41.81  
c rst  luby ibes vmt  189   53  K 2981    18625  1642 3.96    3.80      854  2105   39K   805 42.61   41.85  
c rst  luby ibes vmt  190   53  K 2981    18625  1642 3.96    3.80      854  2108   39K   805 42.69   41.93  
c rst  luby ibes vmt  191   53  K 2981    18625  1642 3.96    3.80      855  2113   39K   805 42.72   41.97  
c rst  luby ibes vmt  192   54  K 2981    18625  1642 3.96    3.80      856  2138   40K   805 42.81   42.07  
c rst  luby ibes vmt  193   54  K 2981    18625  1642 3.96    3.80      856  2141   40K   805 42.83   42.09  
c rst  luby ibes vmt  194   54  K 2981    18625  1642 3.96    3.80      856  2143   40K   805 42.82   42.08  
c rst  luby ibes vmt  195   54  K 2981    18625  1642 3.96    3.80      856  2151   40K   805 42.85   42.11  
c rst  luby ibes vmt  196   54  K 2981    18625  1642 3.96    3.80      857  2152   40K   805 42.87   42.13  
c rst  luby ibes vmt  197   54  K 2981    18625  1642 3.96    3.80      857  2154   40K   805 42.88   42.14  
c rst  luby ibes vmt  198   55  K 2981    18625  1642 3.96    3.80      859  2165   41K   805 42.88   42.15  
c rst  luby svd  vmt  199   55  K 2981    18625  1642 3.96    3.80      860  2165   41K   805 43.05   42.32  
c rst  luby svd  vmt  200   56  K 2981    18625  1642 3.96    3.80      862  2169   41K   805 42.98   42.26  
c recursive minimization cost OK: 295Kcost/(% lits removed)
c [gauss] XOR-encoding clauses are not detached, so no need to reattach them.
c [g 0] truth-find prop checks  : 113K
c [g 0] -> of which prop        : 33.53 %
c [g 0] -> of which confl       :  3.25 %
c [g 0] elim called             : 21K
c [g 0] ---> which lead to prop :  5.31 %
c [g 0] ---> which lead to confl:  0.41 %
c [g 0] size: 50    x 761  
c --> Executing strategy token: scc-vrepl
c [scc] new: 4 BP 0M T: 0.00
c [vrep] vars 4 lits 16766 rem-bin-cls 16 rem-long-cls 64 BP 0M T: 0.02
c --> Executing strategy token: sub-impl
c [impl-sub] bin: 7 T: 0.00 T-out: N w-visit: 5978
c --> Executing strategy token: breakid
c --> Executing OCC strategy token(s): 'occ-backw-sub-str,occ-clean-implicit,occ-bve,occ-bva,occ-ternary-res,occ-xor,'
c [occ] mem usage for occur 1      MB
c [occ] Linked in IRRED BIN by default: 1636
c [occ] Linked in RED   BIN by default: 796
c [occ] mem usage for occur 0      MB
c Mem for watch alloc      : 3           MB (18.37     %)
c Mem for watch array      : 0           MB (0.87      %)
c --> Executing OCC strategy token: occ-backw-sub-str
c [occ-backw-sub-str-long-w-bins] subs: 0 str: 1 tried: 2432 0-depth ass: 0 T: 0.00 T-out: N T-r: 99.35%
c [occ-backw-sub-long-w-long] rem cl: 81 tried: 63524/63524 (100.0%) T: 0.01 T-out: N T-r: 96.76%
c [occ-backw-sub-str-long-w-long] sub: 0 str: 2 tried: 190572/63524 (300.0)  T: 0.05 T-out: N T-r: 88.49%
c --> Executing OCC strategy token: occ-clean-implicit
c --> Executing OCC strategy token: occ-bve
c [occ-empty-res] Empty resolvent elimed: 0 T: 0.00 T-out: N
c [occ-bve] iter v-elim 12
c cl_inc_rate=1.0, var_dec_rate=1.0 (grow=0)
c Reduced to 2965 vars, 20250 cls (grow=0)
c [occ-bve] iter v-elim 304
c cl_inc_rate=1.1, var_dec_rate=1.1 (grow=8)
c Reduced to 2661 vars, 21531 cls (grow=8)
c x n vars       : 2661
c #try to eliminate:  6276
c #var-elim        :   316
c #T-o: N
c #T-r: 99.99%
c #T  : 0.09
c [occur] 0.03 is overhead
c [occur] link-in T: 0.03 cleanup T: 0.00
c --> Executing OCC strategy token: occ-bva
c --> Executing OCC strategy token: occ-ternary-res
c [occ-ternary-res] Ternary res-tri: 48 res-bin: 0 sub: 4 str: 0 T: 0.00 T-out: N T-r: 99.37%
c --> Executing OCC strategy token: occ-xor
c [occ-xor] sort occur list T: 0.00
c [xor-clean-equiv] removed equivalent xors: 0 left with: 2070
c [occ-xor] found   2070 avg sz 4.0 min sz  4 max sz  5 T: 0.01 T-out: N T-r: 99.97%
c --> Executing strategy token: card-find
c --> Executing strategy token: cl-consolidate
c [mem] consolidate  old-sz: 10134K new-sz: 4507K new bits offs: 20 T: 0.00
c --> Executing strategy token: scc-vrepl
c [scc] new: 0 BP 0M T: 0.00
c --> Executing strategy token: renumber
c --> Executing strategy token: bosphorus
c --> Executing strategy token: louvain-comms
c [consolidate] mini T: 0.00
c global_timeout_multiplier: 3.3000
c [branch] rebuilding order heap for all branchings. Current branching: vmtf
c [find&init matx] performing matrix init
c [gauss] XOR-encoding clauses are not detached, so no need to reattach them.
c [xor-rem-unconnected] left with 2070 xors from 2070 non-empty xors T: 0.00
c [xor-together] xored together: 2020 orig xors: 2070 new xors: 50 T: 0.00
c [xor-rem-unconnected] left with 50 xors from 50 non-empty xors T: 0.00
c [xor-clean-equiv] removed equivalent xors: 0 left with: 50
c [matrix] unused xors from cleaning: 0
c [matrix] Good   matrix  0     50 x  462  density:0.1844  xorlen avg: 85.20
c [matrix] Using 1 matrices recovered from 0 xors T: 0.00 T-out: N
c rst  luby  svd  vmt   201   56K    2661   20K   900    4.11    4.02   152   228   24K   108   29.89   29.76
c rst  luby  svd  vmt   202   56K    2661   20K   900    4.11    4.02   153   230   24K   108   29.85   29.73
c rst  luby  svd  vmt   203   56K    2661   20K   900    4.11    4.02   153   233   24K   108   29.82   29.70
c rst  luby  svd  vmt   204   56K    2661   20K   900    4.11    4.02   153   236   24K   108   29.79   29.67
c rst  luby  svd  vmt   205   56K    2661   20K   900    4.11    4.02   153   236   24K   108   29.78   29.66
c rst  luby  svd  vmt   206   56K    2661   20K   900    4.11    4.02   153   236   24K   108   29.87   29.75
c rst  luby  svd  vmt   207   57K    2661   20K   900    4.11    4.02   153   236   25K   108   29.89   29.77
c rst  luby  svd  vmt   208   57K    2661   20K   900    4.11    4.02   168   298   25K   108   29.72   29.60
c rst  luby  svd  vmt   209   57K    2661   20K   900    4.11    4.02   168   300   25K   108   29.67   29.55
c rst  luby  svd  vmt   210   57K    2661   20K   900    4.11    4.02   169   303   25K   108   29.64   29.52
c rst  luby  svd  vmt   211   57K    2661   20K   900    4.11    4.02   169   306   25K   108   29.52   29.41
c rst  luby  svd  vmt   212   58K    2661   20K   900    4.11    4.02   169   307   25K   108   29.47   29.36
c rst  luby  svd  vmt   213   58K    2661   20K   900    4.11    4.02   169   307   25K   108   29.42   29.30
c rst  luby  svd  vmt   214   58K    2661   20K   900    4.11    4.02   169   307   26K   108   29.30   29.19
c rst  luby  svd  vmt   215   58K    2661   20K   900    4.11    4.02   169   316   26K   108   29.12   29.01
c rst  luby  svd  vmt   216   59K    2661   20K   900    4.11    4.02   171   325   27K   108   28.92   28.81
c [g  <0] Disabling GJ-elim in this round.  Usefulness was: 19.7588%  over 297305 calls
c rst  luby  svd  vmt   217   61K    2661   20K   900    4.11    4.02   233   442   25K   109   27.98   27.87
c [full-probe]  bin_only: 1 set: 0 repl: 0 T: 0.01 T-out: N T-r: 99.76%
c rst  geom best  vmt   218   61K    2661   20K   900    4.11    4.02   233   445   25K   109   27.93   27.82
c rst  geom best  vmt   219   61K    2661   20K   900    4.11    4.02   233   448   25K   109   27.88   27.77
c rst  geom best  vmt   220   61K    2661   20K   900    4.11    4.02   233   453   25K   109   27.83   27.72
c rst  geom best  vmt   221   61K    2661   20K   900    4.11    4.02   233   462   25K   109   27.79   27.69
c rst  geom best  vmt   222   61K    2661   20K   900    4.11    4.02   233   462   25K   109   27.77   27.67
c rst  geom best  vmt   223   61K    2661   20K   900    4.11    4.02   233   466   25K   109   27.76   27.66
c rst  geom best  vmt   224   62K    2661   20K   900    4.11    4.02   234   471   26K   109   27.71   27.60
c rst  geom best  vmt   225   62K    2661   20K   900    4.11    4.02   235   477   26K   109   27.64   27.54
c rst  geom best  vmt   226   62K    2661   20K   900    4.11    4.02   235   477   26K   109   27.59   27.49
c rst  geom best  vmt   227   62K    2661   20K   900    4.11    4.02   236   479   26K   109   27.51   27.41
c [branch] adjusting to: vsid (from: vmtf) var_decay:0.95 descr: VSIDS
c rst  geom best   vs   228   63K    2661   20K   900    4.11    4.02   237   508   26K   109   27.56   27.46
c rst  geom best   vs   229   63K    2661   20K   900    4.11    4.02   237   518   27K   109   27.60   27.50
c rst  geom best   vs   230   63K    2661   20K   900    4.11    4.02   242   536   27K   109   27.63   27.53
c rst  geom best   vs   231   63K    2661   20K   900    4.11    4.02   244   544   27K   109   27.68   27.58
c rst  geom best   vs   232   63K    2661   20K   900    4.11    4.02   245   556   27K   109   27.73   27.63
c rst  geom best   vs   233   63K    2661   20K   900    4.11    4.02   247   568   27K   109   27.77   27.68
c rst  geom best   vs   234   63K    2661   20K   900    4.11    4.02   250   595   27K   110   27.90   27.80
c rst  geom best   vs   235   64K    2661   20K   900    4.11    4.02   250   600   27K   110   27.95   27.85
c rst  geom best   vs   236   64K    2661   20K   900    4.11    4.02   252   617   28K   110   28.05   27.96
c rst  geom best   vs   237   64K    2661   20K   900    4.11    4.02   253   629   28K   110   28.14   28.05
c rst  geom best   vs   238   64K    2661   20K   900    4.11    4.02   256   646   28K   110   28.22   28.13
c rst  geom best   vs   239   65K    2661   20K   900    4.11    4.02   259   663   28K   110   28.47   28.37
c rst  geom best   vs   240   65K    2661   20K   900    4.11    4.02   263   677   29K   110   28.70   28.61
c rst  geom best   vs   241   65K    2661   20K   900    4.11    4.02   263   688   29K   110   28.80   28.71
c rst  geom best   vs   242   66K    2661   20K   900    4.11    4.02   263   697   30K   110   29.01   28.91
c [distill-long-red0] cls tried: 122/122 T: 0.01 T-out: N T-r: 99.83%
c [distill-long-red1] cls tried: 44/621 T: 0.01 T-out: Y T-r: -1.73%
c rst  geom best   vs   243   66K    2660   20K   900    4.11    4.02   259   703   30K   112   29.07   28.97
c rst  geom  stb   vs   244   67K    2660   20K   900    4.11    4.02   264   736   30K   112   29.18   29.09
c rst  geom  stb   vs   245   67K    2660   20K   900    4.11    4.02   272   765   31K   112   29.22   29.12
c rst  geom  stb   vs   246   68K    2660   20K   900    4.11    4.02   276   799   32K   112   29.38   29.29
c rst  geom  stb   vs   247   69K    2660   20K   900    4.11    4.02   279   809   32K   112   29.36   29.27
c rst  geom  stb   vs   248   69K    2660   20K   900    4.11    4.02   282   831   33K   112   29.31   29.22
c rst  geom  stb   vs   249   70K    2660   20K   900    4.11    4.02   588   555   34K   112   29.31   29.22
c rst  geom  stb   vs   250   71K    2660   20K   900    4.11    4.02   591   568   35K   112   29.34   29.25
c rst  geom  stb   vs   251   72K    2660   20K   900    4.11    4.02   599   587   35K   112   29.46   29.37
c rst  geom  stb   vs   252   73K    2660   20K   900    4.11    4.02   601   599   36K   113   29.40   29.32
c [distill-bin] useful: 2/900/900 lits-rem: 0 cl-rem: 2 0-depth-assigns: 0 T: 0.01 T-out: N
c rst  geom ibes   vs   253   74K    2660   20K   896    4.11    4.02   604   620   38K   113   30.47   30.39
c rst  geom ibes   vs   254   75K    2660   20K   896    4.11    4.02   637   970   29K   113   30.47   30.36
c [branch] adjusting to: vmtf (from: vsid) var_decay:0.95 descr: VMTF
c rst  luby ibes  vmt   255   76K    2660   20K   896    4.11    4.02   637   973   29K   113   30.44   30.34
c rst  luby ibes  vmt   256   76K    2660   20K   896    4.11    4.02   637   981   29K   113   30.42   30.32
c rst  luby ibes  vmt   257   76K    2660   20K   896    4.11    4.02   640   986   29K   113   30.37   30.27
c rst  luby ibes  vmt   258   76K    2660   20K   896    4.11    4.02   640   989   30K   113   30.34   30.24
c rst  luby ibes  vmt   259   76K    2660   20K   896    4.11    4.02   640   991   30K   113   30.34   30.24
c rst  luby ibes  vmt   260   76K    2660   20K   896    4.11    4.02   640   992   30K   113   30.29   30.19
c rst  luby ibes  vmt   261   77K    2660   20K   896    4.11    4.02   641  1007   30K   113   30.13   30.03
c [distill] watch-based irred--  cl tried     7661 cl-sh   150 cl-rem  159 lit-rem    159 T: 0.01 T-out: N
c [distill] watch-based   red--  cl tried     1282 cl-sh   122 cl-rem    0 lit-rem    248 T: 0.00 T-out: N
c rst  luby ibes  vmt   262   77K    2660   20K   911    4.10    4.01   642  1008   30K    97   30.07   29.98
c rst  luby ibes  vmt   263   77K    2660   20K   911    4.10    4.01   642  1009   30K    97   30.04   29.96
c rst  luby ibes  vmt   264   77K    2660   20K   911    4.10    4.01   644  1013   31K    97   29.98   29.89
c rst  luby ibes  vmt   265   77K    2660   20K   911    4.10    4.01   644  1013   31K    97   29.94   29.86
c rst  luby ibes  vmt   266   77K    2660   20K   911    4.10    4.01   645  1019   31K    97   29.90   29.81
c rst  luby ibes  vmt   267   77K    2660   20K   911    4.10    4.01   645  1021   31K    97   29.84   29.76
c rst  luby ibes  vmt   268   78K    2660   20K   911    4.10    4.01   646  1037   31K    97   29.79   29.71
c rst  luby ibes  vmt   269   79K    2660   20K   911    4.10    4.01   649  1053   32K    97   29.49   29.41
c rst  luby ibes  vmt   270   79K    2660   20K   911    4.10    4.01   649  1055   32K    97   29.46   29.38
c rst  luby ibes  vmt   271   79K    2660   20K   911    4.10    4.01   649  1058   32K    97   29.42   29.34
c rst  luby  svd  vmt   272   79K    2660   20K   911    4.10    4.01   649  1061   33K    97   29.38   29.30
c rst  luby  svd  vmt   273   79K    2660   20K   911    4.10    4.01   649  1063   33K    97   29.36   29.29
c rst  luby  svd  vmt   274   79K    2660   20K   911    4.10    4.01   649  1066   33K    97   29.33   29.26
c rst  luby  svd  vmt   275   79K    2660   20K   911    4.10    4.01   649  1070   33K    97   29.26   29.19
c rst  luby  svd  vmt   276   80K    2660   20K   911    4.10    4.01   925   791   33K    97   29.11   29.03
c rst  luby  svd  vmt   277   80K    2660   20K   911    4.10    4.01   925   794   33K    97   29.09   29.02
c rst  luby  svd  vmt   278   80K    2660   20K   911    4.10    4.01   925   794   34K    97   29.07   28.99
c rst  luby  svd  vmt   279   80K    2660   20K   911    4.10    4.01   925   794   34K    97   29.03   28.96
c rst  luby  svd  vmt   280   80K    2660   20K   911    4.10    4.01   925   794   34K    97   29.02   28.95
c rst  luby  svd  vmt   281   81K    2660   20K   911    4.10    4.01   925   796   34K    97   29.00   28.93
c rst  luby  svd  vmt   282   81K    2660   20K   911    4.10    4.01   925   796   34K    97   28.95   28.87
c [full-probe]  bin_only: 0 set: 0 repl: 0 T: 0.01 T-out: N T-r: 97.44%
c rst  luby  svd  vmt   283   81K    2660   20K   911    4.10    4.01   925   799   35K    97   28.81   28.74
c [distill-long-red0] cls tried: 656/656 T: 0.02 T-out: N T-r: 99.16%
c [distill-long-red1] cls tried: 62/703 T: 0.01 T-out: Y T-r: -2.61%
c rst  luby  svd  vmt   284   82K    2660   20K   911    4.10    4.01   929   811   35K    97   28.60   28.54
c rst  luby  svd  vmt   285   84K    2660   20K   911    4.10    4.01   942   861   37K    97   28.23   28.16
c rst  luby  svd  vmt   286   84K    2660   20K   911    4.10    4.01   942   861   37K    97   28.21   28.14
c rst  luby  svd  vmt   287   84K    2660   20K   911    4.10    4.01   942   862   37K    97   28.19   28.12
c rst  luby  svd  vmt   288   84K    2660   20K   911    4.10    4.01   944   873   37K    97   28.18   28.12
c rst  luby  svd  vmt   289   84K    2660   20K   911    4.10    4.01   944   873   37K    97   28.19   28.12
c rst  luby  svd  vmt   290   84K    2660   20K   911    4.10    4.01   944   874   37K    97   28.17   28.10
c rst  luby  svd  vmt   291   84K    2660   20K   911    4.10    4.01   944   877   38K    97   28.13   28.07
c rst  luby  svd  vmt   292   85K    2660   20K   911    4.10    4.01   944   886   38K    97   28.05   27.99
c rst  luby  svd  vmt   293   85K    2660   20K   911    4.10    4.01   944   887   38K    97   28.03   27.97
c rst  geom best  vmt   294   85K    2660   20K   911    4.10    4.01   944   887   38K    97   28.00   27.94
c rst  geom best  vmt   295   85K    2660   20K   911    4.10    4.01   944   887   38K    97   27.95   27.89
c rst  geom best  vmt   296   85K    2660   20K   911    4.10    4.01   944   890   39K    97   27.93   27.87
c rst  geom best  vmt   297   85K    2660   20K   911    4.10    4.01   944   890   39K    97   27.91   27.85
c rst  geom best  vmt   298   85K    2660   20K   911    4.10    4.01   944   892   39K    97   27.89   27.83
c rst  geom best  vmt   299   86K    2660   20K   911    4.10    4.01   944   903   39K    97   27.85   27.79
c rst  geom best  vmt   300   86K    2660   20K   911    4.10    4.01   944   905   39K    97   27.82   27.76
c rst  geom best  vmt   301   86K    2660   20K   911    4.10    4.01   944   909   39K    97   27.78   27.72
c rst  geom best  vmt   302   86K    2660   20K   911    4.10    4.01   944   911   40K    97   27.72   27.66
c rst  geom best  vmt   303   87K    2660   20K   911    4.10    4.01   945   925   40K    97   27.70   27.64
c rst  geom best  vmt   304   87K    2660   20K   911    4.10    4.01   946   952   40K    97   27.62   27.57
c rst  geom best  vmt   305   87K    2660   20K   911    4.10    4.01   946   960   40K    97   27.57   27.51
c [branch] adjusting to: vsid (from: vmtf) var_decay:0.95 descr: VSIDS
c rst  geom best   vs   306   87K    2660   20K   911    4.10    4.01   948   965   41K    97   27.59   27.53
c rst  geom best   vs   307   87K    2660   20K   911    4.10    4.01   950   973   41K    97   27.59   27.53
c rst  geom best   vs   308   88K    2660   20K   911    4.10    4.01   951   985   41K    97   27.58   27.52
c rst  geom best   vs   309   88K    2660   20K   911    4.10    4.01   953   990   41K    97   27.58   27.53
c rst  geom best   vs   310   88K    2660   20K   911    4.10    4.01   954   995   41K    97   27.59   27.54
c [ccnr] tries: 0 steps: 262143 best found: 3
c [ccnr] tries: 0 steps: 524287 best found: 3
c [ccnr] saving best assignment phase to stable_polar
c [ccnr] bumping based on var unsat frequency: conflict_ct
c [ccnr] Bumped vars: 2989 bump type: 6
c [ccnr] time: 0.54
c rst  geom best   vs   311   88K    2660   20K   911    4.10    4.01   955   999   41K    97   27.61   27.55
c rst  geom best   vs   312   88K    2660   20K   911    4.10    4.01   955  1002   41K    97   27.67   27.61
c rst  geom best   vs   313   88K    2660   20K   911    4.10    4.01   955  1011   42K    97   27.70   27.65
c rst  geom best   vs   314   89K    2660   20K   911    4.10    4.01   955  1018   42K    97   27.71   27.66
c rst  geom best   vs   315   89K    2660   20K   911    4.10    4.01   955  1022   42K    97   27.80   27.75
c rst  geom best   vs   316   89K    2660   20K   911    4.10    4.01   956  1029   42K    97   27.87   27.81
c rst  geom best   vs   317   90K    2660   20K   911    4.10    4.01  1310  1309   32K    97   28.23   28.16
c rst  geom best   vs   318   90K    2660   20K   911    4.10    4.01  1311  1315   33K    97   28.31   28.24
c rst  geom best   vs   319   90K    2660   20K   911    4.10    4.01  1311  1317   33K    97   28.48   28.41
c rst  geom best   vs   320   91K    2660   20K   911    4.10    4.01  1311  1320   33K    97   28.57   28.50
c rst  geom best   vs   321   91K    2660   20K   911    4.10    4.01  1313  1328   34K    97   28.62   28.55
c rst  geom  stb   vs   322   92K    2660   20K   911    4.10    4.01  1318  1350   34K    97   28.60   28.53
c rst  geom  stb   vs   323   92K    2660   20K   911    4.10    4.01  1321  1356   35K    97   28.84   28.77
c rst  geom  stb   vs   324   93K    2660   20K   911    4.10    4.01  1322  1370   35K    97   28.93   28.86
c rst  geom  stb   vs   325   93K    2660   20K   911    4.10    4.01  1322  1381   36K    97   29.01   28.94
c [distill-bin] useful: 3/911/911 lits-rem: 0 cl-rem: 3 0-depth-assigns: 0 T: 0.01 T-out: N
c rst  geom  stb   vs   326   94K    2660   20K   908    4.10    4.01  1322  1389   37K    97   29.12   29.05
c rst  geom  stb   vs   327   95K    2660   20K   908    4.10    4.01  1323  1409   38K    97   29.12   29.05
c rst  geom  stb   vs   328   96K    2660   20K   908    4.10    4.01  1325  1417   38K    97   29.18   29.12
c rst  geom  stb   vs   329   97K    2660   20K   908    4.10    4.01  1326  1433   39K    97   29.12   29.06
c [distill-long-red0] cls tried: 392/392 T: 0.03 T-out: N T-r: 98.89%
c [distill-long-red1] cls tried: 38/1283 T: 0.01 T-out: Y T-r: -3.46%
c rst  geom  stb   vs   330   98K    2660   20K   908    4.10    4.01  1327  1456   40K    97   29.20   29.14
c rst  geom ibes   vs   331   99K    2660   20K   908    4.10    4.01  1327  1461   42K    97   29.65   29.59
c rst  geom ibes   vs   332  100K    2660   20K   908    4.10    4.01  1426  1422   43K    97   29.60   29.54
c [impl-str] lit bin: 0 set-var: 0 T: 0.00 T-out: N T-r: 99.95% w-visit: 5978
c [impl-sub] bin: 2 T: 0.00 T-out: N w-visit: 5978
c rst  geom ibes   vs   333  102K    2660   20K   908    4.10    4.01  1431  1443   44K    95   30.29   30.24
c [branch] adjusting to: vmtf (from: vsid) var_decay:0.95 descr: VMTF
c [full-probe]  bin_only: 1 set: 0 repl: 0 T: 0.01 T-out: N T-r: 99.58%
c rst  luby ibes  vmt   334  102K    2660   20K   908    4.10    4.01  1435  1459   44K    99   30.29   30.24
c [distill] watch-based irred--  cl tried     7500 cl-sh     0 cl-rem    0 lit-rem      0 T: 0.01 T-out: N
c [distill] watch-based   red--  cl tried     2870 cl-sh    89 cl-rem    0 lit-rem    177 T: 0.00 T-out: N
c rst  luby ibes  vmt   335  102K    2660   20K   908    4.10    4.01  1436  1477   44K    99   30.25   30.20
c rst  luby ibes  vmt   336  102K    2660   20K   908    4.10    4.01  1436  1479   45K    99   30.25   30.19
c rst  luby ibes  vmt   337  102K    2660   20K   908    4.10    4.01  1439  1483   45K    99   30.23   30.17
c rst  luby ibes  vmt   338  102K    2660   20K   908    4.10    4.01  1439  1489   45K    99   30.21   30.15
c rst  luby ibes  vmt   339  102K    2660   20K   908    4.10    4.01  1440  1491   45K    99   30.14   30.08
c rst  luby ibes  vmt   340  103K    2660   20K   908    4.10    4.01  1440  1498   45K    99   30.02   29.96
c rst  luby ibes  vmt   341  103K    2660   20K   908    4.10    4.01  1440  1503   45K    99   29.99   29.94
c rst  luby ibes  vmt   342  103K    2660   20K   908    4.10    4.01  1440  1506   46K    99   29.97   29.91
c rst  luby ibes  vmt   343  103K    2660   20K   908    4.10    4.01  1440  1509   46K    99   29.95   29.90
c rst  luby ibes  vmt   344  103K    2660   20K   908    4.10    4.01  1441  1514   46K    99   29.94   29.89
c rst  luby ibes  vmt   345  103K    2660   20K   908    4.10    4.01  1441  1514   46K    99   29.91   29.86
c rst  luby ibes  vmt   346  104K    2660   20K   908    4.10    4.01  1442  1519   46K    99   29.85   29.80
c rst  luby ibes  vmt   347  104K    2660   20K   908    4.10    4.01  1442  1528   47K    99   29.75   29.70
c rst  luby  svd  vmt   348  105K    2660   20K   908    4.10    4.01  1596  1798   35K    99   28.95   28.88
c rst  luby  svd  vmt   349  105K    2660   20K   908    4.10    4.01  1597  1798   35K    99   28.91   28.84
c rst  luby  svd  vmt   350  105K    2660   20K   908    4.10    4.01  1597  1805   35K    99   28.88   28.82
c rst  luby  svd  vmt   351  105K    2660   20K   908    4.10    4.01  1598  1807   35K    99   28.81   28.74
c rst  luby  svd  vmt   352  105K    2660   20K   908    4.10    4.01  1598  1809   35K    99   28.78   28.71
c rst  luby  svd  vmt   353  105K    2660   20K   908    4.10    4.01  1598  1809   35K    99   28.77   28.70
c rst  luby  svd  vmt   354  106K    2660   20K   908    4.10    4.01  1598  1816   36K    99   28.73   28.66
c rst  luby  svd  vmt   355  106K    2660   20K   908    4.10    4.01  1598  1824   36K    99   28.71   28.65
c rst  luby  svd  vmt   356  106K    2660   20K   908    4.10    4.01  1598  1825   36K    99   28.70   28.63
c rst  luby  svd  vmt   357  106K    2660   20K   908    4.10    4.01  1598  1825   36K    99   28.66   28.60
c rst  luby  svd  vmt   358  106K    2660   20K   908    4.10    4.01  1598  1829   36K    99   28.62   28.55
c rst  luby  svd  vmt   359  107K    2660   20K   908    4.10    4.01  1598  1830   36K    99   28.63   28.57
c rst  luby  svd  vmt   360  107K    2660   20K   908    4.10    4.01  1598  1834   37K    99   28.62   28.55
c rst  luby  svd  vmt   361  107K    2660   20K   908    4.10    4.01  1598  1835   37K    99   28.59   28.52
c rst  luby  svd  vmt   362  107K    2660   20K   908    4.10    4.01  1598  1837   37K    99   28.49   28.43
c rst  luby  svd  vmt   363  108K    2660   20K   908    4.10    4.01  1598  1849   38K    99   28.24   28.18
c rst  luby  svd  vmt   364  110K    2660   20K   908    4.10    4.01  2042  1425   40K    99   27.68   27.62
c rst  luby  svd  vmt   365  110K    2660   20K   908    4.10    4.01  2042  1426   40K    99   27.65   27.59
c rst  luby  svd  vmt   366  110K    2660   20K   908    4.10    4.01  2042  1426   40K    99   27.63   27.57
c rst  luby  svd  vmt   367  110K    2660   20K   908    4.10    4.01  2042  1429   40K    99   27.57   27.51
c rst  luby  svd  vmt   368  110K    2660   20K   908    4.10    4.01  2042  1431   40K    99   27.54   27.48
c rst  geom best  vmt   369  110K    2660   20K   908    4.10    4.01  2042  1431   40K    99   27.51   27.46
c rst  geom best  vmt   370  110K    2660   20K   908    4.10    4.01  2042  1434   40K    99   27.48   27.42
c rst  geom best  vmt   371  111K    2660   20K   908    4.10    4.01  2042  1437   40K    99   27.47   27.41
c rst  geom best  vmt   372  111K    2660   20K   908    4.10    4.01  2042  1438   41K    99   27.45   27.40
c rst  geom best  vmt   373  111K    2660   20K   908    4.10    4.01  2042  1438   41K    99   27.43   27.37
c rst  geom best  vmt   374  111K    2660   20K   908    4.10    4.01  2042  1440   41K    99   27.38   27.32
c rst  geom best  vmt   375  111K    2660   20K   908    4.10    4.01  2042  1442   41K    99   27.35   27.29
c rst  geom best  vmt   376  111K    2660   20K   908    4.10    4.01  2042  1443   41K    99   27.31   27.26
c rst  geom best  vmt   377  112K    2660   20K   908    4.10    4.01  2042  1448   42K    99   27.28   27.23
c rst  geom best  vmt   378  112K    2660   20K   908    4.10    4.01  2043  1463   42K   100   27.22   27.17
c [distill-long-red0] cls tried: 749/749 T: 0.05 T-out: N T-r: 98.28%
c [distill-long-red1] cls tried: 30/1284 T: 0.01 T-out: Y T-r: -2.23%
c rst  geom best  vmt   379  112K    2660   20K   908    4.10    4.01  2046  1471   42K   100   27.14   27.09
c rst  geom best  vmt   380  113K    2660   20K   908    4.10    4.01  2047  1474   42K   100   27.08   27.02
c rst  geom best  vmt   381  113K    2660   20K   908    4.10    4.01  2047  1477   43K   100   26.99   26.94
c rst  geom best  vmt   382  113K    2660   20K   908    4.10    4.01  2048  1486   43K   100   26.93   26.87
c rst  geom best  vmt   383  114K    2660   20K   908    4.10    4.01  2049  1492   43K   100   26.86   26.81
c [distill-bin] useful: 0/908/908 lits-rem: 0 cl-rem: 0 0-depth-assigns: 0 T: 0.01 T-out: N
c rst  geom best  vmt   384  114K    2660   20K   908    4.10    4.01  2050  1512   44K   100   26.86   26.80
c rst  geom best  vmt   385  115K    2660   20K   908    4.10    4.01  2050  1525   44K   100   26.78   26.73
c rst  geom best  vmt   386  115K    2660   20K   908    4.10    4.01  2050  1530   45K   100   26.70   26.65
c [gauss] XOR-encoding clauses are not detached, so no need to reattach them.
c [g 0] truth-find prop checks  : 216K
c [g 0] -> of which prop        : 19.94 %
c [g 0] -> of which confl       :  1.05 %
c [g 0] elim called             : 46K
c [g 0] ---> which lead to prop : 27.21 %
c [g 0] ---> which lead to confl:  1.50 %
c [g 0] size: 50    x 462  
c [scc] new: 1 BP 0M T: 0.00
c [vrep] vars 1 lits 5664 rem-bin-cls 6 rem-long-cls 0 BP 0M T: 0.01
c [scc] new: 0 BP 0M T: 0.00
c [vrep] vars 0 lits 0 rem-bin-cls 0 rem-long-cls 0 BP 0M T: 0.00
c [intree] Set 0 vars hyper-added: 66 trans-irred: 0 trans-red: 4 T: 0.01 T-out: N T-r: -2.53%
c [find&init matx] performing matrix init
c [gauss] XOR-encoding clauses are not detached, so no need to reattach them.
c [xor-rem-unconnected] left with 2070 xors from 2070 non-empty xors T: 0.00
c [xor-together] xored together: 2019 orig xors: 2070 new xors: 51 T: 0.00
c [xor-rem-unconnected] left with 51 xors from 51 non-empty xors T: 0.00
c [xor-clean-equiv] removed equivalent xors: 0 left with: 51
c [matrix] unused xors from cleaning: 0
c [matrix] Good   matrix 0 51      x461    density:0.1808  xorlen avg: 83.35
c [matrix] Using 1 matrices recovered from 0 xors T: 0.00 T-out: N
c rst  geom best vmt  387   116 K 2659      20K   906 4.10    4.01     2050  1551   45K   160 26.61   26.54  
c [g  <0] Disabling GJ-elim in this round.  Usefulness was: 15.2422%  over 44777 calls
c rst  geom best vmt  388   116 K 2659      20K   906 4.10    4.01     2057  1607   46K   160 26.48   26.41  
c rst  geom stb  vmt  389   117 K 2659      20K   906 4.10    4.01     2057  1620   47K   160 26.39   26.31  
c [branch] adjusting to: vsid (from: vmtf) var_decay:0.95 descr: VSIDS
c rst  geom stb  vs   390   117 K 2659      20K   906 4.10    4.01     2057  1620   47K   160 26.54   26.47  
c rst  geom stb  vs   391   117 K 2659      20K   906 4.10    4.01     2057  1621   47K   160 26.72   26.65  
c rst  geom stb  vs   392   117 K 2659      20K   906 4.10    4.01     2057  1623   47K   160 26.93   26.85  
c rst  geom stb  vs   393   118 K 2659      20K   906 4.10    4.01     2057  1623   47K   160 27.00   26.93  
c rst  geom stb  vs   394   118 K 2659      20K   906 4.10    4.01     2057  1625   47K   160 27.14   27.06  
c rst  geom stb  vs   395   118 K 2659      20K   906 4.10    4.01     2058  1626   48K   160 27.41   27.33  
c rst  geom stb  vs   396   118 K 2659      20K   906 4.10    4.01     2059  1627   48K   160 27.62   27.54  
c rst  geom stb  vs   397   118 K 2659      20K   906 4.10    4.01     2061  1632   48K   160 27.76   27.68  
c rst  geom stb  vs   398   119 K 2659      20K   906 4.10    4.01     2066  1634   48K   160 28.09   28.01  
c rst  geom stb  vs   399   119 K 2659      20K   906 4.10    4.01     2069  1637   49K   160 28.30   28.23  
c rst  geom stb  vs   400   119 K 2659      20K   906 4.10    4.01     2070  1640   49K   160 28.41   28.33  
c rst  geom stb  vs   401   119 K 2659      20K   906 4.10    4.01     2070  1646   49K   160 28.60   28.52  
c rst  geom stb  vs   402   120 K 2659      20K   906 4.10    4.01     2438  2189   34K   160 28.51   28.40  
c rst  geom stb  vs   403   120 K 2659      20K   906 4.10    4.01     2439  2194   34K   160 29.14   29.03  
c rst  geom stb  vs   404   121 K 2659      20K   906 4.10    4.01     2439  2204   35K   160 29.60   29.49  
c rst  geom stb  vs   405   121 K 2659      20K   906 4.10    4.01     2444  2227   35K   160 30.06   29.95  
c rst  geom stb  vs   406   122 K 2659      20K   906 4.10    4.01     2446  2230   36K   160 30.90   30.79  
c rst  geom stb  vs   407   122 K 2659      20K   906 4.10    4.01     2450  2236   36K   160 31.44   31.33  
c [full-probe]  bin_only: 0 set: 0 repl: 0 T: 0.01 T-out: N T-r: 96.68%
c rst  geom stb  vs   408   123 K 2659      20K   906 4.10    4.01     2450  2241   37K   162 32.16   32.04  
c rst  geom ibes vs   409   123 K 2659      20K   906 4.10    4.01     2453  2265   37K   162 32.27   32.15  
c rst  geom ibes vs   410   124 K 2659      20K   906 4.10    4.01     2456  2270   38K   162 32.51   32.40  
c rst  geom ibes vs   411   125 K 2659      20K   906 4.10    4.01     2458  2288   39K   162 32.65   32.54  
c rst  geom ibes vs   412   126 K 2659      20K   906 4.10    4.01     2461  2318   40K   162 32.78   32.66  
c rst  geom ibes vs   413   127 K 2659      20K   906 4.10    4.01     2462  2360   41K   162 32.91   32.80  
c rst  geom ibes vs   414   128 K 2659      20K   906 4.10    4.01     2462  2372   42K   162 33.03   32.92  
c [distill-long-red0] cls tried: 414/414 T: 0.05 T-out: N T-r: 98.47%
c [distill-long-red1] cls tried: 19/2169 T: 0.01 T-out: Y T-r: -7.42%
c [distill] watch-based irred--  cl tried 7500     cl-sh 0     cl-rem 0    lit-rem 0      T: 0.01 T-out: N
c [distill] watch-based red  --  cl tried 4924     cl-sh 60    cl-rem 0    lit-rem 118    T: 0.01 T-out: N
c rst  geom ibes vs   415   129 K 2659      20K   906 4.10    4.01     2464  2390   43K   162 33.04   32.94  
c rst  geom ibes vs   416   130 K 2659      20K   906 4.10    4.01     2567  2264   44K   162 33.42   33.31  
c rst  geom svd  vs   417   132 K 2659      20K   906 4.10    4.01     2567  2295   46K   162 33.50   33.40  
c rst  geom svd  vs   418   133 K 2659      20K   906 4.10    4.01     2569  2322   47K   162 33.52   33.42  
c [ccnr] tries: 0 steps: 262143 best found: 2
c [ccnr] tries: 0 steps: 524287 best found: 2
c [ccnr] tries: 0 steps: 786431 best found: 2
c [ccnr] saving best assignment phase to stable_polar
c [ccnr] bumping based on var unsat frequency: conflict_ct
c [ccnr] Bumped vars: 2989 bump type: 6
c [ccnr] time: 0.56
c rst  geom svd  vs   419   134 K 2659      20K   906 4.10    4.01     2571  2324   48K   162 33.56   33.46  
c recursive minimization cost OK: 410Kcost/(% lits removed)
c [gauss] XOR-encoding clauses are not detached, so no need to reattach them.
c [g 0] truth-find prop checks  : 32K
c [g 0] -> of which prop        : 14.15 %
c [g 0] -> of which confl       :  0.77 %
c [g 0] elim called             : 7906
c [g 0] ---> which lead to prop : 23.88 %
c [g 0] ---> which lead to confl:  1.30 %
c [g 0] size: 51    x 461  
c --> Executing strategy token: scc-vrepl
c [scc] new: 1 BP 0M T: 0.00
c --> Executing strategy token: sub-impl
c [impl-sub] bin: 5 T: 0.00 T-out: N w-visit: 5978
c --> Executing strategy token: breakid
c --> Executing OCC strategy token(s): 'occ-backw-sub-str,occ-clean-implicit,occ-bve,occ-bva,occ-ternary-res,occ-xor,'
c [occ] mem usage for occur 1      MB
c [occ] Linked in IRRED BIN by default: 906
c [occ] Linked in RED   BIN by default: 157
c [occ] mem usage for occur 0      MB
c Mem for watch alloc      : 7           MB (17.49     %)
c Mem for watch array      : 0           MB (0.30      %)
c --> Executing OCC strategy token: occ-backw-sub-str
c [occ-backw-sub-str-long-w-bins] subs: 0 str: 74 tried: 5240 0-depth ass: 0 T: 0.00 T-out: N T-r: 99.57%
c [occ-backw-sub-long-w-long] rem cl: 751 tried: 73614/73614 (100.0%) T: 0.02 T-out: N T-r: 90.45%
c [occ-backw-sub-str-long-w-long] sub: 3 str: 124 tried: 220842/73614 (300.0)  T: 0.09 T-out: N T-r: 80.78%
c --> Executing OCC strategy token: occ-clean-implicit
c --> Executing OCC strategy token: occ-bve
c [occ-empty-res] Empty resolvent elimed: 0 T: 0.00 T-out: N
c [occ-bve] iter v-elim 2
c cl_inc_rate=1.0, var_dec_rate=1.0 (grow=0)
c Reduced to 2657 vars, 20823 cls (grow=0)
c [occ-bve] iter v-elim 17
c cl_inc_rate=1.0, var_dec_rate=1.0 (grow=8)
c Reduced to 2640 vars, 20856 cls (grow=8)
c x n vars       : 2640
c #try to eliminate:  5394
c #var-elim        :    19
c #T-o: N
c #T-r: 99.99%
c #T  : 0.11
c [occur] 0.04 is overhead
c [occur] link-in T: 0.04 cleanup T: 0.00
c --> Executing OCC strategy token: occ-bva
c --> Executing OCC strategy token: occ-ternary-res
c [occ-ternary-res] Ternary res-tri: 4 res-bin: 0 sub: 1 str: 0 T: 0.00 T-out: N T-r: 99.67%
c --> Executing OCC strategy token: occ-xor
c [occ-xor] sort occur list T: 0.00
c [xor-clean-equiv] removed equivalent xors: 0 left with: 2055
c [occ-xor] found   2055 avg sz 4.0 min sz  4 max sz  5 T: 0.01 T-out: N T-r: 99.98%
c --> Executing strategy token: card-find
c --> Executing strategy token: cl-consolidate
c Not consolidating memory.
c --> Executing strategy token: scc-vrepl
c [scc] new: 1 BP 0M T: 0.00
c --> Executing strategy token: renumber
c --> Executing strategy token: bosphorus
c --> Executing strategy token: louvain-comms
c [consolidate] mini T: 0.00
c global_timeout_multiplier: 3.6300
c [branch] rebuilding order heap for all branchings. Current branching: vsid
c [find&init matx] performing matrix init
c [gauss] XOR-encoding clauses are not detached, so no need to reattach them.
c [xor-rem-unconnected] left with 2055 xors from 2055 non-empty xors T: 0.00
c [xor-together] xored together: 2002 orig xors: 2055 new xors: 53 T: 0.00
c [xor-rem-unconnected] left with 53 xors from 53 non-empty xors T: 0.00
c [xor-clean-equiv] removed equivalent xors: 0 left with: 53
c [matrix] unused xors from cleaning: 0
c [matrix] Good   matrix  0     53 x  464  density:0.1727  xorlen avg: 80.13
c [matrix] Using 1 matrices recovered from 0 xors T: 0.00 T-out: N
c [distill-bin] useful: 0/885/885 lits-rem: 0 cl-rem: 0 0-depth-assigns: 0 T: 0.01 T-out: N
c rst  geom  svd   vs   420  135K    2640 19971   885    4.11    4.02  2254  2420   31K   148   32.36   32.23
c [branch] adjusting to: vmtf (from: vsid) var_decay:0.95 descr: VMTF
c rst  luby  svd  vmt   421  135K    2640 19971   885    4.11    4.02  2266  2460   31K   148   32.35   32.22
c rst  luby  svd  vmt   422  135K    2640 19971   885    4.11    4.02  2266  2460   31K   148   32.31   32.19
c rst  luby  svd  vmt   423  135K    2640 19971   885    4.11    4.02  2266  2462   31K   148   32.22   32.10
c rst  luby  svd  vmt   424  135K    2640 19971   885    4.11    4.02  2266  2464   31K   148   32.20   32.07
c rst  luby  svd  vmt   425  135K    2640 19971   885    4.11    4.02  2267  2468   31K   148   32.15   32.03
c rst  luby  svd  vmt   426  136K    2640 19971   885    4.11    4.02  2268  2471   31K   148   32.08   31.96
c rst  luby  svd  vmt   427  136K    2640 19971   885    4.11    4.02  2269  2505   32K   149   31.90   31.78
c rst  luby  svd  vmt   428  136K    2640 19971   885    4.11    4.02  2269  2505   32K   149   31.87   31.75
c rst  luby  svd  vmt   429  136K    2640 19971   885    4.11    4.02  2269  2505   32K   149   31.84   31.72
c rst  luby  svd  vmt   430  136K    2640 19971   885    4.11    4.02  2270  2508   32K   149   31.79   31.67
c rst  luby  svd  vmt   431  137K    2640 19971   885    4.11    4.02  2270  2509   32K   149   31.75   31.64
c rst  luby  svd  vmt   432  137K    2640 19971   885    4.11    4.02  2270  2510   32K   149   31.72   31.60
c rst  geom best  vmt   433  137K    2640 19971   885    4.11    4.02  2270  2511   32K   149   31.67   31.55
c rst  geom best  vmt   434  137K    2640 19971   885    4.11    4.02  2270  2511   32K   149   31.60   31.49
c rst  geom best  vmt   435  137K    2640 19971   885    4.11    4.02  2270  2511   33K   149   31.54   31.43
c rst  geom best  vmt   436  137K    2640 19971   885    4.11    4.02  2270  2511   33K   149   31.49   31.37
c rst  geom best  vmt   437  137K    2640 19971   885    4.11    4.02  2270  2514   33K   149   31.41   31.30
c rst  geom best  vmt   438  137K    2640 19971   885    4.11    4.02  2270  2518   33K   149   31.32   31.21
c rst  geom best  vmt   439  138K    2640 19971   885    4.11    4.02  2270  2521   33K   149   31.26   31.15
c rst  geom best  vmt   440  138K    2640 19971   885    4.11    4.02  2271  2521   33K   149   31.17   31.06
c rst  geom best  vmt   441  138K    2640 19971   885    4.11    4.02  2271  2521   34K   149   31.06   30.95
c rst  geom best  vmt   442  138K    2640 19971   885    4.11    4.02  2271  2523   34K   149   30.95   30.84
c rst  geom best  vmt   443  139K    2640 19971   885    4.11    4.02  2271  2529   34K   149   30.82   30.71
c rst  geom best  vmt   444  139K    2640 19971   885    4.11    4.02  2271  2530   35K   149   30.67   30.56
c rst  geom best  vmt   445  139K    2640 19971   885    4.11    4.02  2271  2533   35K   149   30.54   30.44
c rst  geom best  vmt   446  140K    2640 19971   885    4.11    4.02  2409  2345   35K   149   30.37   30.27
c rst  geom best  vmt   447  140K    2640 19971   885    4.11    4.02  2410  2351   36K   149   30.21   30.10
c rst  geom best  vmt   448  141K    2640 19971   885    4.11    4.02  2410  2356   36K   149   30.02   29.92
c rst  geom best  vmt   449  141K    2640 19971   885    4.11    4.02  2410  2359   37K   149   29.79   29.69
c rst  geom best  vmt   450  142K    2640 19971   885    4.11    4.02  2411  2374   37K   149   29.62   29.52
c rst  geom best  vmt   451  142K    2640 19971   885    4.11    4.02  2413  2379   38K   149   29.43   29.34
c [full-probe]  bin_only: 1 set: 0 repl: 0 T: 0.01 T-out: N T-r: 99.71%
c rst  geom best  vmt   452  143K    2640 19971   885    4.11    4.02  2413  2389   38K   151   29.19   29.09
c [distill-long-red0] cls tried: 382/382 T: 0.04 T-out: N T-r: 98.77%
c [distill-long-red1] cls tried: 31/2208 T: 0.01 T-out: Y T-r: -3.42%
c rst  geom best  vmt   453  144K    2640 19971   885    4.11    4.02  2415  2404   39K   151   28.91   28.82
c rst  geom  stb  vmt   454  144K    2640 19971   885    4.11    4.02  2418  2414   40K   151   28.66   28.57
c rst  geom  stb  vmt   455  145K    2640 19971   885    4.11    4.02  2419  2425   41K   151   28.43   28.34
c rst  geom  stb  vmt   456  146K    2640 19971   885    4.11    4.02  2420  2442   42K   151   28.14   28.06
c rst  geom  stb  vmt   457  147K    2640 19971   885    4.11    4.02  2422  2473   43K   151   27.85   27.77
c rst  geom  stb  vmt   458  148K    2640 19971   885    4.11    4.02  2424  2499   44K   151   27.72   27.65
c rst  geom  stb  vmt   459  150K    2640 19971   885    4.11    4.02  2717  3150   34K   151   29.79   29.69
c [g  <0] Disabling GJ-elim in this round.  Usefulness was: 19.9816%  over 1133180 calls
c rst  geom  stb  vmt   460  151K    2640 19971   885    4.11    4.02  2718  3222   35K   151   29.24   29.14
c rst  geom ibes  vmt   461  153K    2640 19971   885    4.11    4.02  2720  3260   37K   151   28.97   28.87
c rst  geom ibes  vmt   462  154K    2640 19971   885    4.11    4.02  2721  3306   39K   151   28.42   28.33
c [branch] adjusting to: vsid (from: vmtf) var_decay:0.95 descr: VSIDS
c [distill-bin] useful: 0/885/885 lits-rem: 0 cl-rem: 0 0-depth-assigns: 0 T: 0.01 T-out: N
c [distill] watch-based irred--  cl tried     6566 cl-sh     0 cl-rem    0 lit-rem      0 T: 0.01 T-out: N
c [distill] watch-based   red--  cl tried     5442 cl-sh    68 cl-rem    0 lit-rem    599 T: 0.01 T-out: N
c rst  geom ibes   vs   463  154K    2640 19971   885    4.11    4.02  2722  3306   39K   151   28.45   28.37
c rst  geom ibes   vs   464  155K    2640 19971   885    4.11    4.02  2722  3308   39K   151   28.50   28.41
c rst  geom ibes   vs   465  155K    2640 19971   885    4.11    4.02  2723  3308   39K   151   28.55   28.46
c rst  geom ibes   vs   466  155K    2640 19971   885    4.11    4.02  2723  3309   39K   151   28.58   28.50
c rst  geom ibes   vs   467  155K    2640 19971   885    4.11    4.02  2724  3311   39K   151   28.64   28.55
c rst  geom ibes   vs   468  155K    2640 19971   885    4.11    4.02  2725  3315   39K   151   28.65   28.57
c rst  geom ibes   vs   469  155K    2640 19971   885    4.11    4.02  2726  3317   40K   151   28.75   28.66
c rst  geom ibes   vs   470  156K    2640 19971   885    4.11    4.02  2726  3319   40K   151   28.79   28.71
c rst  geom ibes   vs   471  156K    2640 19971   885    4.11    4.02  2728  3325   40K   151   28.86   28.77
c rst  geom ibes   vs   472  156K    2640 19971   885    4.11    4.02  2728  3327   40K   151   28.95   28.86
c rst  geom ibes   vs   473  156K    2640 19971   885    4.11    4.02  2728  3331   41K   151   29.08   28.99
c rst  geom ibes   vs   474  157K    2640 19971   885    4.11    4.02  2728  3331   41K   151   29.19   29.10
c rst  geom ibes   vs   475  157K    2640 19971   885    4.11    4.02  2729  3346   41K   151   29.20   29.11
c rst  geom ibes   vs   476  157K    2640 19971   885    4.11    4.02  2729  3353   42K   151   29.32   29.24
c rst  geom ibes   vs   477  158K    2640 19971   885    4.11    4.02  2729  3363   42K   151   29.38   29.29
c rst  geom  svd   vs   478  158K    2640 19971   885    4.11    4.02  2729  3378   42K   151   29.49   29.41
c [distill-long-red0] cls tried: 337/337 T: 0.06 T-out: N T-r: 98.17%
c [distill-long-red1] cls tried: 26/3185 T: 0.01 T-out: Y T-r: -8.45%
c rst  geom  svd   vs   479  159K    2640 19971   885    4.11    4.02  2729  3390   43K   151   29.44   29.36
c rst  geom  svd   vs   480  159K    2640 19971   885    4.11    4.02  2732  3396   43K   151   29.37   29.29
c rst  geom  svd   vs   481  160K    2640 19971   885    4.11    4.02  3127  2925   44K   151   29.32   29.24
c rst  geom  svd   vs   482  161K    2640 19971   885    4.11    4.02  3128  2937   45K   151   29.29   29.21
c [impl-str] lit bin: 0 set-var: 0 T: 0.00 T-out: N T-r: 99.95% w-visit: 5978
c [impl-sub] bin: 2 T: 0.00 T-out: N w-visit: 5978
c rst  geom  svd   vs   483  161K    2640 19971   885    4.11    4.02  3138  2955   45K   149   29.19   29.11
c rst  geom  svd   vs   484  162K    2640 19971   885    4.11    4.02  3142  2964   46K   149   29.09   29.02
c rst  geom  svd   vs   485  163K    2640 19971   885    4.11    4.02  3143  2977   47K   149   28.96   28.88
c [full-probe]  bin_only: 0 set: 0 repl: 0 T: 0.01 T-out: N T-r: 97.09%
c rst  geom  svd   vs   486  164K    2640 19971   885    4.11    4.02  3146  2990   48K   151   28.80   28.73
c rst  geom  svd   vs   487  165K    2640 19971   885    4.11    4.02  3291  3628   36K   151   22.20   22.13
c rst  geom best   vs   488  166K    2640 19971   885    4.11    4.02  3295  3659   37K   151   22.72   22.64
c rst  geom best   vs   489  167K    2640 19971   885    4.11    4.02  3302  3689   38K   151   22.76   22.69
c rst  geom best   vs   490  169K    2640 19971   885    4.11    4.02  3305  3722   39K   151   23.04   22.97
c rst  geom best   vs   491  170K    2640 19971   885    4.11    4.02  3433  3592   41K   151   23.63   23.57
c rst  geom best   vs   492  172K    2640 19971   885    4.11    4.02  3436  3595   43K   151   23.82   23.75
c rst  geom  stb   vs   493  174K    2640 19971   885    4.11    4.02  3440  3616   45K   151   24.29   24.22
c [distill-long-red0] cls tried: 708/708 T: 0.07 T-out: N T-r: 98.01%
c [distill-long-red1] cls tried: 42/3414 T: 0.01 T-out: Y T-r: -5.10%
c rst  geom  stb   vs   494  176K    2640 19971   885    4.11    4.02  3443  3642   47K   151   24.57   24.51
c [branch] adjusting to: vmtf (from: vsid) var_decay:0.95 descr: VMTF
c [distill-bin] useful: 0/885/885 lits-rem: 0 cl-rem: 0 0-depth-assigns: 0 T: 0.01 T-out: N
c rst  luby  stb  vmt   495  176K    2640 19971   885    4.11    4.02  3443  3643   47K   151   24.55   24.49
c rst  luby  stb  vmt   496  176K    2640 19971   885    4.11    4.02  3443  3644   47K   151   24.53   24.47
c rst  luby  stb  vmt   497  176K    2640 19971   885    4.11    4.02  3443  3651   47K   151   24.50   24.44
c rst  luby  stb  vmt   498  176K    2640 19971   885    4.11    4.02  3443  3651   47K   151   24.49   24.43
c rst  luby  stb  vmt   499  177K    2640 19971   885    4.11    4.02  3444  3652   47K   151   24.47   24.41
c rst  luby  stb  vmt   500  177K    2640 19971   885    4.11    4.02  3445  3655   47K   151   24.44   24.38
c rst  luby  stb  vmt   501  177K    2640 19971   885    4.11    4.02  3445  3657   48K   151   24.42   24.36
c [ccnr] tries: 0 steps: 262143 best found: 6
c [ccnr] tries: 0 steps: 524287 best found: 6
c [ccnr] saving best assignment phase to stable_polar
c [ccnr] bumping based on clause weights
c [ccnr] Bumped vars: 101 bump type: 6
c [ccnr] time: 0.53
c rst  luby  stb  vmt   502  177K    2640 19971   885    4.11    4.02  3445  3660   48K   151   24.42   24.35
c rst  luby  stb  vmt   503  177K    2640 19971   885    4.11    4.02  3445  3660   48K   151   24.40   24.34
c rst  luby  stb  vmt   504  178K    2640 19971   885    4.11    4.02  3445  3663   48K   151   24.38   24.32
c rst  luby  stb  vmt   505  178K    2640 19971   885    4.11    4.02  3445  3664   48K   151   24.36   24.30
c rst  luby  stb  vmt   506  178K    2640 19971   885    4.11    4.02  3445  3664   48K   151   24.34   24.28
c rst  luby  stb  vmt   507  178K    2640 19971   885    4.11    4.02  3445  3670   49K   151   24.31   24.26
c rst  luby  stb  vmt   508  178K    2640 19971   885    4.11    4.02  3445  3671   49K   151   24.26   24.20
c rst  luby  stb  vmt   509  179K    2640 19971   885    4.11    4.02  3445  3686   50K   151   24.11   24.05
c rst  luby ibes  vmt   510  179K    2640 19971   885    4.11    4.02  3445  3688   50K   151   24.09   24.03
c rst  luby ibes  vmt   511  179K    2640 19971   885    4.11    4.02  3445  3692   50K   151   24.08   24.02
c [distill] watch-based irred--  cl tried     6566 cl-sh     0 cl-rem    0 lit-rem      0 T: 0.01 T-out: N
c [distill] watch-based   red--  cl tried     6890 cl-sh    69 cl-rem    0 lit-rem    160 T: 0.01 T-out: N
c rst  luby ibes  vmt   512  180K    2640 19971   885    4.11    4.02  3977  3569   36K   151   23.08   23.01
c rst  luby ibes  vmt   513  180K    2640 19971   885    4.11    4.02  3977  3569   36K   151   23.07   23.00
c rst  luby ibes  vmt   514  180K    2640 19971   885    4.11    4.02  3977  3576   36K   151   23.06   22.99
c rst  luby ibes  vmt   515  180K    2640 19971   885    4.11    4.02  3978  3588   37K   151   23.05   22.98
c rst  luby ibes  vmt   516  180K    2640 19971   885    4.11    4.02  3978  3613   37K   151   23.03   22.96
c [gauss] XOR-encoding clauses are not detached, so no need to reattach them.
c [g 0] truth-find prop checks  : 828K
c [g 0] -> of which prop        : 21.53 %
c [g 0] -> of which confl       :  0.98 %
c [g 0] elim called             : 166K
c [g 0] ---> which lead to prop : 22.77 %
c [g 0] ---> which lead to confl:  1.12 %
c [g 0] size: 53    x 464  
c [scc] new: 1 BP 0M T: 0.00
c [vrep] vars 1 lits 489 rem-bin-cls 6 rem-long-cls 0 BP 0M T: 0.00
c [scc] new: 0 BP 0M T: 0.00
c [vrep] vars 0 lits 0 rem-bin-cls 0 rem-long-cls 0 BP 0M T: 0.00
c [intree] Set 0 vars hyper-added: 5 trans-irred: 0 trans-red: 1 T: 0.01 T-out: N T-r: -2.78%
c [find&init matx] performing matrix init
c [gauss] XOR-encoding clauses are not detached, so no need to reattach them.
c [xor-rem-unconnected] left with 2055 xors from 2055 non-empty xors T: 0.00
c [xor-together] xored together: 2000 orig xors: 2055 new xors: 55 T: 0.00
c [xor-rem-unconnected] left with 55 xors from 55 non-empty xors T: 0.00
c [xor-clean-equiv] removed equivalent xors: 0 left with: 55
c [matrix] unused xors from cleaning: 0
c [matrix] Good   matrix 0 55      x465    density:0.1662  xorlen avg: 77.29
c [matrix] Using 1 matrices recovered from 0 xors T: 0.00 T-out: N
c rst  luby ibes vmt  517   180 K 2639    19971   885 4.11    4.02     3978  3618   37K   151 23.03   22.96  
c rst  luby ibes vmt  518   181 K 2639    19971   885 4.11    4.02     3978  3626   37K   151 23.01   22.94  
c rst  luby ibes vmt  519   181 K 2639    19971   885 4.11    4.02     3979  3628   37K   151 23.01   22.94  
c rst  luby ibes vmt  520   181 K 2639    19971   885 4.11    4.02     3980  3632   38K   151 23.00   22.93  
c rst  luby ibes vmt  521   181 K 2639    19971   885 4.11    4.02     3980  3636   38K   151 22.99   22.92  
c rst  luby ibes vmt  522   181 K 2639    19971   885 4.11    4.02     3983  3649   38K   151 22.95   22.88  
c rst  luby ibes vmt  523   181 K 2639    19971   885 4.11    4.02     3983  3653   38K   151 22.95   22.89  
c ------- FINAL TOTAL SEARCH STATS ---------
c UIP search time          : 32.32       (98.36     % time)
c All times are for this thread only except if explicitly specified
c restarts                 : 523         (347.59    confls per restart)
c blocked restarts         : 0           (0.00      per normal restart)
c time                     : 32.32       
c decisions                : 203576      (0.00      % random)
c propagations             : 17132K      (530K      props/s)
c decisions/conflicts      : 1.12        
c conflicts                : 181787      
c LEARNT stats
c units learnt             : 1           (0.00      % of conflicts)
c bins learnt              : 98          (0.05      % of conflicts)
c long learnt              : 182408      (100.34    % of conflicts)
c red which0               : 658         (0.36      % of confl)
c SEAMLESS HYPERBIN&TRANS-RED stats
c advProp called           : 0           
c hyper-bin add bin        : 0           (0.00      bin/call)
c trans-red rem irred bin  : 0           (0.00      bin/call)
c trans-red rem red bin    : 0           (0.00      bin/call)
c CONFL LITS stats
c orig                     : 30499820    (167.78    lit/confl)
c recurs-min effective     : 168440      (92.66     % attempt successful)
c recurs-min lits          : 24187447    (79.30     % less overall)
c permDiff call%           : 2.51        (0.00      % attempt successful)
c permDiff lits-rem        : 0           (0.00      less lits/cl on attempts)
c further-min call%        : 0.01        (25.93     % attempt successful)
c bintri-min lits          : 27          (0.00      % less overall)
c final avg                : 34.72       
c all-threads sum CPU time : 32.32        s
c PROP stats
c Mbogo-props              : 53.93       (1.67      / sec)
c MHyper-props             : 0.06        (0.00      / sec)
c Mprops                   : 17.13       (0.53      / sec)
c -------- OccSimplifier STATS ----------
c time                     : 0.34        (0.00      % var-elim)
c called                   : 2           (0.17      s per call)
c 0-depth assigns          : 0           (0.00      % vars)
c -------- OccSimplifier STATS END ----------
c -------- SubsumeStrengthen STATS ----------
c cl-subs                  : 920          Clauses
c cl-str rem lit           : 253          Lits
c cl-sub T                 : 0.04         s
c cl-str T                 : 0.19         s
c -------- SubsumeStrengthen STATS END ----------
c ----- SCC STATS --------
c time                     : 0.00        (0.00      per call)
c called                   : 10          (1.30      new found per call)
c found                    : 13          (50.00     % of all found)
c bogoprops                : 364621      % of all found
c ----- SCC STATS END --------
c --------- VAR REPLACE STATS ----------
c time                     : 0.08        (0.01      per call)
c trees' crown             : 11          (0.37      % of vars)
c 0-depth assigns          : 0           (0.00      % vars)
c lits replaced            : 34974       
c bin cls removed          : 50          
c long cls removed         : 64          
c long lits removed        : 3222        
c bogoprops                : 1749990     
c --------- VAR REPLACE STATS END ----------
c vrep replace time        : 0.08        (0.24      % time)
c vrep tree roots          : 6           
c vrep trees' crown        : 11          (1.83      leafs/tree)
c -------- DISTILL-BIN STATS --------
c time                     : 0.10        (0.01      per call)
c timed out                : 1           (11.11     % of calls)
c distill/checked/potential: 0          /10287/10324
c lits-rem                 : 0           
c 0-depth-assigns          : 0           (0.00      % of vars)
c -------- DISTILL STATS END --------
c -------- STRENGTHEN STATS --------
c --> watch-based on irred cls
c time                     : 0.05        (0.00      s/call)
c shrinked/tried/total     : 151        /38929/277209
c subsumed/tried/total     : 163        /38929/277209
c lits-rem                 : 160         (0.09      % of lits tried)
c called                   : 14          (0.00      % ran out of time)
c --> watch-based on red cls
c time                     : 0.04        (0.00      s/call)
c shrinked/tried/total     : 452        /23892/23892
c subsumed/tried/total     : 2          /23892/23892
c lits-rem                 : 1370        (0.86      % of lits tried)
c called                   : 14          (0.00      % ran out of time)
c -------- STRENGTHEN STATS END --------
c -------- IMPLICIT SUB  STATS --------
c time                     : 0.01        (0.00      per call)
c timed out                : 0           (0.00      % of calls)
c rem bins                 : 39          
c -------- IMPLICIT SUB STATS END --------
c Mem used                 : 37          MB
c Mem for longclauses      : 9           MB (25.12     %)
c Mem for watch alloc      : 9           MB (25.97     %)
c Mem for watch array      : 0           MB (0.37      %)
c Mem for assings&vardata  : 0           MB (0.20      %)
c Mem for search&solve     : 0           MB (0.58      %)
c Mem for renumberer       : 0           MB (0.07      %)
c Mem for occsimplifier    : 0           MB (1.97      %)
c Mem for varReplacer&SCC  : 0           MB (0.17      %)
c Mem for impl subsume     : 0           MB (0.00      %)
c Mem for 3 distills       : 0           MB (0.00      %)
c Accounted for mem (rss)  : 54.46       %
c Accounted for mem (vm)   : 43.26       %
c restarts                 : 523         (347.59    confls per restart)
c blocked restarts         : 0           (0.00      per normal restart)
c time                     : 32.32       
c decisions                : 203576      (0.00      % random)
c propagations             : 17132K      (530K      props/s)
c decisions/conflicts      : 1.12        
c conflicts                : 181787      
c conf lits non-minim      : 30499820    (167.78    lit/confl)
c conf lits final          : 34.72       
c red which0               : 658         (0.36      % of confl)
c props/decision           : 0.00        
c props/conflict           : 0.00        
c 0-depth assigns          : 4           (0.13      % vars)
c 0-depth assigns by CNF   : 2           (0.07      % vars)
c reduceDB time            : 0.05        (0.15      % time)
c OccSimplifier time       : 0.34        (1.04      % time)
c [occur] 0.09 is overhead
c [occur] link-in T: 0.08 cleanup T: 0.01
c [occ-substr] long subBySub: 913 subByStr: 7 lits-rem-str: 253 T: 0.23
c SCC time                 : 0.00        (0.01      % time)
c [scc] new: 13 BP 0M  T: 0.00
c vrep replace time        : 0.08        (0.24      % time)
c vrep tree roots          : 6           
c vrep trees' crown        : 11          (1.83      leafs/tree)
c distill long time        : 0.56        (1.70      % time)
c distill bin time         : 0.10        (0.29      % time)
c strength cache-irred time: 0.05        (0.16      % time)
c strength cache-red time  : 0.04        (0.12      % time)
c avg cls in red 0         : 1460.66     
c avg cls in red 1         : 1690.44     
c avg cls in red 2         : 33998.22    
c Conflicts in UIP         : 181787      (5532.89   confl/time_this_thread)
c Max Memory (rss) used    : 47996 kB    
c Total time (this thread) : 32.86       
s SATISFIABLE
v -1 2 -3 4 5 6 -7 -8 9 10 -11 -12 13 -14 15 16 17 -18 -19 -20 -21 -22 -23 -24 
v -25 -26 27 28 -29 -30 -31 -32 -33 -34 -35 -36 -37 -38 39 40 -41 -42 -43 -44 
v 45 46 -47 -48 -49 -50 51 52 -53 -54 -55 -56 -57 -58 -59 -60 61 -62 63 64 65 
v -66 -67 -68 -69 -70 -71 -72 73 -74 75 76 77 -78 79 -80 81 82 83 -84 85 -86 87 
v 88 89 -90 -91 -92 -93 -94 -95 -96 -97 -98 -99 -100 -101 -102 103 -104 105 106 
v 107 -108 109 -110 111 112 113 -114 -115 -116 -117 -118 -119 -120 -121 -122 
v -123 -124 -125 -126 -127 -128 -129 -130 -131 -132 -133 -134 -135 -136 -137 
v -138 -139 -140 -141 -142 -143 -144 -145 -146 -147 -148 -149 -150 -151 -152 
v -153 -154 -155 -156 -157 -158 -159 -160 -161 -162 -163 -164 -165 -166 -167 
v -168 -169 -170 -171 -172 -173 -174 175 -176 177 178 179 -180 181 -182 183 184 
v 185 -186 -187 -188 -189 -190 -191 -192 -193 -194 -195 -196 -197 -198 -199 
v -200 -201 -202 -203 -204 -205 -206 -207 -208 -209 -210 -211 -212 -213 -214 
v -215 -216 -217 -218 -219 -220 -221 -222 -223 -224 -225 -226 -227 -228 -229 
v -230 -231 -232 -233 -234 -235 -236 -237 -238 -239 -240 -241 -242 -243 -244 
v -245 -246 247 -248 249 250 251 -252 253 -254 255 256 257 -258 -259 -260 -261 
v -262 -263 -264 -265 -266 -267 -268 -269 -270 -271 -272 -273 -274 -275 -276 
v -277 -278 -279 -280 -281 -282 283 -284 285 286 287 -288 289 -290 291 292 293 
v -294 -295 -296 -297 -298 -299 -300 -301 -302 -303 -304 -305 -306 -307 -308 
v -309 -310 -311 -312 -313 -314 -315 -316 -317 -318 319 -320 321 322 323 -324 
v 325 -326 327 328 329 -330 -331 -332 -333 -334 -335 -336 -337 -338 -339 -340 
v -341 -342 343 344 -345 346 -347 348 -349 350 351 -352 -353 -354 -355 -356 357 
v 358 -359 -360 -361 -362 363 364 -365 -366 367 368 369 370 371 372 -373 -374 
v -375 -376 -377 -378 379 380 -381 -382 383 384 385 386 387 388 -389 -390 -391 
v -392 -393 -394 395 396 -397 -398 399 400 401 402 403 404 -405 -406 -407 -408 
v -409 -410 -411 -412 -413 -414 -415 -416 -417 -418 -419 -420 -421 -422 -423 
v -424 -425 -426 427 428 -429 -430 431 432 433 434 435 436 -437 -438 -439 -440 
v -441 -442 -443 -444 -445 -446 -447 -448 -449 -450 -451 -452 -453 -454 -455 
v -456 -457 -458 459 460 -461 -462 463 464 465 466 467 468 -469 -470 -471 -472 
v -473 -474 -475 -476 -477 -478 -479 -480 -481 -482 -483 -484 -485 -486 -487 
v -488 -489 -490 491 492 -493 -494 495 496 497 498 499 500 -501 -502 -503 -504 
v -505 -506 507 508 -509 -510 511 512 513 514 515 516 -517 -518 -519 -520 -521 
v -522 -523 -524 -525 -526 -527 -528 -529 -530 -531 -532 -533 -534 -535 -536 
v -537 -538 -539 -540 -541 -542 -543 -544 -545 -546 -547 -548 -549 -550 -551 
v -552 -553 -554 -555 -556 -557 -558 -559 -560 -561 -562 -563 -564 -565 -566 
v -567 -568 -569 -570 -571 -572 -573 -574 -575 -576 -577 -578 -579 -580 -581 
v -582 -583 -584 -585 -586 -587 -588 -589 -590 -591 -592 -593 -594 -595 -596 
v -597 -598 -599 -600 -601 -602 603 604 -605 -606 607 608 609 610 611 612 -613 
v -614 -615 -616 -617 -618 619 620 -621 -622 623 624 625 626 627 628 -629 -630 
v -631 -632 -633 -634 -635 -636 -637 -638 -639 -640 -641 -642 -643 -644 -645 
v -646 -647 -648 -649 -650 -651 -652 -653 -654 -655 -656 -657 -658 -659 -660 
v -661 -662 -663 -664 -665 -666 -667 -668 -669 -670 -671 -672 -673 -674 -675 
v -676 -677 -678 -679 -680 -681 -682 -683 -684 -685 -686 -687 -688 -689 690 
v -691 -692 693 694 695 696 697 698 -699 -700 -701 -702 -703 704 705 706 707 
v 708 709 -710 -711 -712 -713 -714 -715 -716 -717 -718 -719 -720 -721 -722 -723 
v -724 -725 -726 -727 -728 -729 -730 -731 732 733 734 735 736 -737 -738 -739 
v 740 741 742 743 -744 -745 -746 747 748 749 -750 -751 -752 753 754 -755 -756 
v -757 758 -759 -760 -761 -762 -763 -764 -765 -766 -767 768 769 770 -771 -772 
v -773 -774 -775 -776 -777 -778 -779 780 781 782 -783 -784 -785 -786 -787 -788 
v -789 -790 -791 -792 -793 -794 0
c [g 0] truth-find prop checks  : 43K
c [g 0] -> of which prop        : 15.10 %
c [g 0] -> of which confl       :  0.79 %
c [g 0] elim called             : 9168
c [g 0] ---> which lead to prop : 34.50 %
c [g 0] ---> which lead to confl:  1.48 %
c [g 0] size: 55    x 465  

real	0m33.131s
user	0m32.857s
sys	0m0.038s
