c BreakID not compiled in, disabling
c CryptoMiniSat version 5.11.19
c CMS Copyright (C) 2009-2020 Authors of CryptoMiniSat, see AUTHORS file
c CMS SHA revision b80e09ebd7703fc13b987401d693d7d406a50441
c Using VMTF code by Armin Biere from CaDiCaL
c Using Yalsat by Armin Biere, see Balint et al. Improving implementation of SLS solvers [...], SAT'14
c Using WalkSAT by Henry Kautz, see Kautz and Selman Pushing the envelope: planning, propositional logic, and stochastic search, AAAI'96,
c CMS is MIT licensed
c Using code from 'When Boolean Satisfiability Meets Gauss-E. in a Simplex Way'
c       by C.-S. Han and J.-H. Roland Jiang in CAV 2012. Fixes by M. Soos
c Using CCAnr from 'CCAnr: A Conf. Checking Based Local Search Solver [...]'
c       by Shaowei Cai, Chuan Luo, and Kaile Su, SAT 2015
c CMS compilation env CMAKE_CXX_COMPILER = /usr/bin/c++ | CMAKE_CXX_FLAGS =  -fvisibility=hidden -Wall -Wextra -Wunused -Wsign-compare -fno-omit-frame-pointer -Wtype-limits -Wuninitialized -Wno-deprecated -Wstrict-aliasing -Wpointer-arith -Wpointer-arith -Wformat-nonliteral -Winit-self -Wparentheses -Wunreachable-code -g -Wno-class-memaccess -mpopcnt -msse4.2 -ggdb3 -Wlogical-op -Wrestrict -Wnull-dereference -Wdouble-promotion -Wshadow -Wformat=2 -Wextra-semi -pedantic | COMPILE_DEFINES =  -DRDB0_ONLY_FEATURES -DUSE_ZLIB -DYALSAT_FPU | STATICCOMPILE = OFF | ONLY_SIMPLE =  | STATS = OFF | SQLITE3_FOUND =  | ZLIB_FOUND = TRUE | VALGRIND_FOUND =  | ENABLE_TESTING = OFF | SLOW_DEBUG = OFF | ENABLE_ASSERTIONS = ON | PYTHON_EXECUTABLE =  | PYTHON_LIBRARY =  | PYTHON_INCLUDE_DIRS =  | MY_TARGETS =  | LARGEMEM = OFF | LIMITMEM = OFF | BREAKID_LIBRARIES =  | BREAKID-VER = . | BOSPHORUS_LIBRARIES =  | BOSPH-VER = . | compilation date time = Jul 13 2026 14:05:03
c CMS compiled with gcc version 11.5.0 20240719 (Red Hat 11.5.0-5)
c Executed with command line: ./cryptominisat5 ./instancesBreak/IC_S4/Xn19l6-313-S.dimacs_break.cnf
c Reading file './instancesBreak/IC_S4/Xn19l6-313-S.dimacs_break.cnf'
c -- header says num vars:            802
c -- header says num clauses:        2520
c -- clauses added: 2468
c -- xor clauses added: 52
c -- vars added 802
c Parsing time: 0.00 s
c [find&init matx] performing matrix init
c [gauss] XOR-encoding clauses are not detached, so no need to reattach them.
c [xor-rem-unconnected] left with 50 xors from 50 non-empty xors T: 0.00
c [xor-together] xored together: 0 orig xors: 50 new xors: 50 T: 0.00
c [xor-rem-unconnected] left with 50 xors from 50 non-empty xors T: 0.00
c [xor-clean-equiv] removed equivalent xors: 0 left with: 50
c [matrix] unused xors from cleaning: 0
c [matrix] Good   matrix  0     50 x  765  density:0.1077  xorlen avg: 82.40
c [matrix] Using 1 matrices recovered from 0 xors T: 0.00 T-out: N
c [branch] adjusting to: vsid (from: vsid) var_decay:0.95 descr: VSIDS
c rst  geom  stb   vs     1   115    2769 16893  1657    3.96    3.79     0    28    75    12  163.13  146.31
c rst  geom  stb   vs     2   238    2769 16893  1657    3.96    3.79     1    43   182    12  122.03  115.97
c  res  pol bran  nres  conf freevar  IrrL  IrrB l/longC  l/allC RedL0 RedL1 RedL2  RedB l/longC  l/allC
c rst  geom  stb   vs     3   373    2769 16893  1657    3.96    3.79     1    43   317    12   96.99   93.93
c rst  geom  stb   vs     4   522    2769 16893  1657    3.96    3.79     1    43   464    14   96.86   94.31
c rst  geom  stb   vs     5   683    2769 16893  1657    3.96    3.79     1    43   624    15   87.15   85.28
c rst  geom  stb   vs     6   861    2769 16893  1657    3.96    3.79     1    43   802    15   82.20   80.80
c rst  geom  stb   vs     7  1055    2769 16893  1657    3.96    3.79     1    43   995    16   74.59   73.48
c rst  geom  stb   vs     8  1268    2769 16893  1657    3.96    3.79     1    45  1206    16   72.67   71.78
c rst  geom  stb   vs     9  1502    2769 16893  1657    3.96    3.79     1    47  1438    16   70.53   69.80
c rst  geom  stb   vs    10  1760    2769 16893  1657    3.96    3.79     1    47  1695    17   66.18   65.56
c rst  geom  stb   vs    11  2042    2769 16893  1657    3.96    3.79     1    47  1977    17   62.64   62.13
c rst  geom  stb   vs    12  2352    2769 16893  1657    3.96    3.79     1    47  2287    17   60.38   59.96
c rst  geom  stb   vs    13  2693    2769 16893  1657    3.96    3.79     1    47  2627    18   60.31   59.92
c rst  geom  stb   vs    14  3066    2769 16893  1657    3.96    3.79     1    47  3000    18   60.70   60.35
c rst  geom  stb   vs    15  3477    2769 16893  1657    3.96    3.79     1    47  3411    18   58.92   58.62
c rst  geom  stb   vs    16  3927    2769 16893  1657    3.96    3.79     1    48  3860    18   58.53   58.27
c rst  geom  stb   vs    17  4421    2769 16893  1657    3.96    3.79     1    48  4354    18   57.79   57.56
c rst  geom  stb   vs    18  4964    2769 16893  1657    3.96    3.79     1    48  4897    18   57.82   57.61
c rst  geom  stb   vs    19  5562    2769 16893  1657    3.96    3.79     1    48  5495    18   57.22   57.04
c [branch] adjusting to: vmtf (from: vsid) var_decay:0.95 descr: VMTF
c [distill-long-red0] cls tried: 1/1 T: 0.00 T-out: N T-r: 100.00%
c [distill-long-red1] cls tried: 48/48 T: 0.00 T-out: N T-r: 96.98%
c rst  luby ibes  vmt    20  5665    2769 16893  1657    3.96    3.79    17    68  5557    23   56.56   56.34
c rst  luby ibes  vmt    21  5767    2769 16893  1657    3.96    3.79    20    90  5646    24   56.55   56.32
c rst  luby ibes  vmt    22  5968    2769 16893  1657    3.96    3.79    21   100  5860    26   55.85   55.61
c rst  luby ibes  vmt    23  6069    2769 16893  1657    3.96    3.79    21   108  5964    26   55.58   55.35
c rst  luby ibes  vmt    24  6170    2769 16893  1657    3.96    3.79    21   112  6060    27   55.62   55.39
c rst  luby ibes  vmt    25  6371    2769 16893  1657    3.96    3.79    23   125  6246    27   56.11   55.88
c rst  luby ibes  vmt    26  6772    2769 16893  1657    3.96    3.79    30   132  6633    27   56.45   56.23
c rst  luby ibes  vmt    27  6873    2769 16893  1657    3.96    3.79    32   137  6727    27   56.10   55.89
c rst  luby ibes  vmt    28  6975    2769 16893  1657    3.96    3.79    32   138  6828    27   56.01   55.81
c rst  luby ibes  vmt    29  7177    2769 16893  1657    3.96    3.79    33   146  7021    27   55.84   55.64
c rst  luby ibes  vmt    30  7279    2769 16893  1657    3.96    3.79    34   151  7117    27   55.72   55.52
c rst  luby ibes  vmt    31  7380    2769 16893  1657    3.96    3.79    34   154  7215    27   55.72   55.53
c rst  luby ibes  vmt    32  7582    2769 16893  1657    3.96    3.79    36   162  7408    27   55.63   55.44
c rst  luby ibes  vmt    33  7983    2769 16893  1657    3.96    3.79    45   189  7792    27   54.12   53.95
c rst  luby ibes  vmt    34  8784    2769 16893  1657    3.96    3.79    56   230  8554    28   53.50   53.34
c rst  luby ibes  vmt    35  8885    2769 16893  1657    3.96    3.79    56   233  8652    28   53.44   53.28
c rst  luby ibes  vmt    36  8986    2769 16893  1657    3.96    3.79    56   237  8749    28   53.45   53.29
c rst  luby ibes  vmt    37  9187    2769 16893  1657    3.96    3.79    57   249  8937    28   53.23   53.07
c rst  luby ibes  vmt    38  9289    2769 16893  1657    3.96    3.79    57   258  9030    28   53.07   52.92
c rst  luby ibes  vmt    39  9391    2769 16893  1657    3.96    3.79    59   264  9137    28   52.90   52.75
c rst  luby ibes  vmt    40  9592    2769 16893  1657    3.96    3.79    62   277  9322    29   52.71   52.55
c rst  luby ibes  vmt    41  9994    2769 16893  1657    3.96    3.79    64   291  9707    30   52.13   51.98
c rst  luby ibes  vmt    42 10095    2769 16893  1657    3.96    3.79   177   185  9801    30   51.86   51.71
c rst  luby ibes  vmt    43 10196    2769 16893  1657    3.96    3.79   177   198  9902    30   51.61   51.46
c rst  luby ibes  vmt    44 10397    2769 16893  1657    3.96    3.79   180   223 10113    30   51.36   51.22
c rst  luby ibes  vmt    45 10500    2769 16893  1657    3.96    3.79   180   227 10212    30   51.18   51.04
c rst  luby ibes  vmt    46 10601    2769 16893  1657    3.96    3.79   180   229 10311    30   51.01   50.87
c rst  luby ibes  vmt    47 10803    2769 16893  1657    3.96    3.79   180   243 10508    30   51.34   51.21
c rst  luby  svd  vmt    48 11206    2769 16893  1657    3.96    3.79   187   250 10893    34   53.41   53.26
c rst  luby  svd  vmt    49 12009    2769 16893  1657    3.96    3.79   194   280 11656    37   54.21   54.05
c [branch] adjusting to: vsid (from: vmtf) var_decay:0.95 descr: VSIDS
c [distill-bin] useful: 15/1657/1657 lits-rem: 0 cl-rem: 15 0-depth-assigns: 0 T: 0.01 T-out: N
c rst  geom  svd   vs    50 12120    2769 16893  1642    3.96    3.79   194   280 11767    37   54.07   53.92
c rst  geom  svd   vs    51 12244    2769 16893  1642    3.96    3.79   194   280 11891    37   53.97   53.81
c rst  geom  svd   vs    52 12378    2769 16893  1642    3.96    3.79   194   280 12025    37   53.86   53.71
c rst  geom  svd   vs    53 12526    2769 16893  1642    3.96    3.79   194   280 12173    37   53.67   53.52
c rst  geom  svd   vs    54 12688    2769 16893  1642    3.96    3.79   194   280 12335    37   53.46   53.31
c rst  geom  svd   vs    55 12866    2769 16893  1642    3.96    3.79   194   280 12513    37   53.07   52.93
c rst  geom  svd   vs    56 13061    2769 16893  1642    3.96    3.79   195   280 12707    37   52.67   52.52
c rst  geom  svd   vs    57 13275    2769 16893  1642    3.96    3.79   195   280 12921    37   52.21   52.07
c rst  geom  svd   vs    58 13509    2769 16893  1642    3.96    3.79   195   280 13155    37   51.71   51.58
c rst  geom  svd   vs    59 13767    2769 16893  1642    3.96    3.79   195   280 13413    37   51.32   51.19
c rst  geom  svd   vs    60 14049    2769 16893  1642    3.96    3.79   195   280 13695    37   50.76   50.64
c rst  geom  svd   vs    61 14359    2769 16893  1642    3.96    3.79   195   280 14005    37   50.20   50.08
c rst  geom  svd   vs    62 14699    2769 16893  1642    3.96    3.79   195   280 14345    37   49.78   49.67
c rst  geom  svd   vs    63 15072    2769 16893  1642    3.96    3.79   210   761 14222    37   49.45   49.33
c rst  geom  svd   vs    64 15482    2769 16893  1642    3.96    3.79   210   761 14632    37   48.84   48.73
c rst  geom  svd   vs    65 15932    2769 16893  1642    3.96    3.79   210   761 15082    37   48.07   47.97
c rst  geom  svd   vs    66 16426    2769 16893  1642    3.96    3.79   210   761 15576    37   47.45   47.35
c rst  geom best   vs    67 16969    2769 16893  1642    3.96    3.79   210   761 16119    37   48.31   48.21
c rst  geom best   vs    68 17567    2769 16893  1642    3.96    3.79   210   761 16717    37   48.43   48.33
c rst  geom best   vs    69 18224    2769 16893  1642    3.96    3.79   210   761 17374    37   48.57   48.47
c [branch] adjusting to: vmtf (from: vsid) var_decay:0.95 descr: VMTF
c rst  luby best  vmt    70 18325    2769 16893  1642    3.96    3.79   211   761 17474    37   48.84   48.75
c rst  luby best  vmt    71 18429    2769 16893  1642    3.96    3.79   216   763 17570    38   49.13   49.04
c rst  luby best  vmt    72 18631    2769 16893  1642    3.96    3.79   222   768 17758    41   49.35   49.25
c rst  luby best  vmt    73 18733    2769 16893  1642    3.96    3.79   222   768 17860    41   49.46   49.36
c rst  luby best  vmt    74 18834    2769 16893  1642    3.96    3.79   225   769 17956    42   49.59   49.48
c rst  luby best  vmt    75 19035    2769 16893  1642    3.96    3.79   230   781 18133    49   49.76   49.64
c rst  luby best  vmt    76 19436    2769 16893  1642    3.96    3.79   237   787 18519    51   50.08   49.95
c rst  luby best  vmt    77 19539    2769 16893  1642    3.96    3.79   238   792 18614    53   50.25   50.12
c rst  luby best  vmt    78 19641    2769 16893  1642    3.96    3.79   238   793 18715    53   50.35   50.22
c rst  luby best  vmt    79 19843    2769 16893  1642    3.96    3.79   244   797 18906    54   50.54   50.41
c rst  luby best  vmt    80 19945    2769 16893  1642    3.96    3.79   244   799 19005    55   50.63   50.50
c rst  luby best  vmt    81   20K    2769 16893  1642    3.96    3.79   320   728 19102    55   50.72   50.58
c [full-probe]  bin_only: 1 set: 0 repl: 0 T: 0.01 T-out: N T-r: 99.70%
c rst  luby best  vmt    82   20K    2769 16893  1642    3.96    3.79   322   736 19293    61   50.93   50.79
c rst  luby best  vmt    83   20K    2769 16893  1642    3.96    3.79   323   739 19689    62   51.31   51.17
c [distill-long-red0] cls tried: 293/293 T: 0.02 T-out: N T-r: 99.56%
c [distill-long-red1] cls tried: 45/720 T: 0.01 T-out: Y T-r: -2.21%
c rst  luby best  vmt    84   21K    2769 16893  1642    3.96    3.79   332   755   20K    74   51.65   51.48
c rst  luby best  vmt    85   21K    2769 16893  1642    3.96    3.79   333   757   20K    75   51.77   51.60
c rst  luby best  vmt    86   21K    2769 16893  1642    3.96    3.79   336   758   20K    75   51.84   51.67
c rst  luby  stb  vmt    87   21K    2769 16893  1642    3.96    3.79   342   764   20K    77   52.09   51.92
c rst  luby  stb  vmt    88   21K    2769 16893  1642    3.96    3.79   342   765   20K    78   52.11   51.93
c rst  luby  stb  vmt    89   22K    2769 16893  1642    3.96    3.79   343   766   21K    78   52.09   51.92
c rst  luby  stb  vmt    90   22K    2769 16893  1642    3.96    3.79   352   770   21K    78   52.17   52.00
c rst  luby  stb  vmt    91   22K    2769 16893  1642    3.96    3.79   354   772   21K    78   52.36   52.19
c rst  luby  stb  vmt    92   22K    2769 16893  1642    3.96    3.79   356   774   21K    78   52.55   52.38
c rst  luby  stb  vmt    93   22K    2769 16893  1642    3.96    3.79   357   777   21K    79   52.68   52.51
c rst  luby  stb  vmt    94   23K    2769 16893  1642    3.96    3.79   368   786   21K    83   52.67   52.49
c rst  luby  stb  vmt    95   23K    2769 16893  1642    3.96    3.79   371   793   22K    83   52.65   52.47
c rst  luby  stb  vmt    96   23K    2769 16893  1642    3.96    3.79   371   794   22K    83   52.64   52.46
c rst  luby  stb  vmt    97   23K    2769 16893  1642    3.96    3.79   371   798   22K    85   52.56   52.38
c rst  luby  stb  vmt    98   23K    2769 16893  1642    3.96    3.79   377   806   22K    87   52.81   52.62
c rst  luby  stb  vmt    99   24K    2769 16893  1642    3.96    3.79   381   818   23K    87   53.09   52.91
c rst  luby  stb  vmt   100   26K    2769 16893  1642    3.96    3.79   387   823   25K    89   53.84   53.67
c [branch] adjusting to: vsid (from: vmtf) var_decay:0.95 descr: VSIDS
c [distill] watch-based irred--  cl tried     1618 cl-sh     0 cl-rem    4 lit-rem      0 T: 0.00 T-out: N
c [distill] watch-based   red--  cl tried      774 cl-sh    13 cl-rem    0 lit-rem     16 T: 0.00 T-out: N
c rst  geom  stb   vs   101   26K    2769 16887  1648    3.96    3.79   386   823   25K    86   53.85   53.68
c rst  geom  stb   vs   102   26K    2769 16887  1648    3.96    3.79   386   823   25K    86   53.85   53.69
c rst  geom  stb   vs   103   26K    2769 16887  1648    3.96    3.79   386   823   25K    86   53.80   53.63
c rst  geom  stb   vs   104   26K    2769 16887  1648    3.96    3.79   392   823   25K    86   53.93   53.76
c rst  geom  stb   vs   105   26K    2769 16887  1648    3.96    3.79   392   823   25K    86   53.98   53.81
c rst  geom ibes   vs   106   27K    2769 16887  1648    3.96    3.79   393   823   26K    86   53.79   53.63
c rst  geom ibes   vs   107   27K    2769 16887  1648    3.96    3.79   393   823   26K    86   53.73   53.57
c rst  geom ibes   vs   108   27K    2769 16887  1648    3.96    3.79   393   823   26K    86   53.45   53.29
c rst  geom ibes   vs   109   27K    2769 16887  1648    3.96    3.79   393   823   26K    86   53.15   52.99
c rst  geom ibes   vs   110   28K    2769 16887  1648    3.96    3.79   393   823   26K    86   52.82   52.66
c rst  geom ibes   vs   111   28K    2769 16887  1648    3.96    3.79   393   823   27K    86   52.62   52.47
c rst  geom ibes   vs   112   28K    2769 16887  1648    3.96    3.79   393   823   27K    87   52.41   52.26
c rst  geom ibes   vs   113   28K    2769 16887  1648    3.96    3.79   393   823   27K    87   52.11   51.97
c rst  geom ibes   vs   114   29K    2769 16887  1648    3.96    3.79   393   823   28K    87   51.74   51.60
c rst  geom ibes   vs   115   29K    2769 16887  1648    3.96    3.79   393   823   28K    87   51.32   51.17
c rst  geom ibes   vs   116   30K    2769 16887  1648    3.96    3.79   505   956   24K    87   49.61   49.45
c rst  geom ibes   vs   117   30K    2769 16887  1648    3.96    3.79   505   956   24K    87   49.03   48.88
c rst  geom ibes   vs   118   31K    2769 16887  1648    3.96    3.79   505   956   25K    87   48.53   48.38
c rst  geom ibes   vs   119   31K    2769 16887  1648    3.96    3.79   505   956   25K    87   47.92   47.78
c rst  geom ibes   vs   120   32K    2769 16887  1648    3.96    3.79   505   956   26K    87   47.32   47.18
c [distill-bin] useful: 0/1556/1648 lits-rem: 0 cl-rem: 0 0-depth-assigns: 0 T: 0.02 T-out: Y
c rst  geom  svd   vs   121   33K    2769 16887  1648    3.96    3.79   506   956   27K    87   46.93   46.79
c rst  geom  svd   vs   122   34K    2769 16887  1648    3.96    3.79   506   956   27K    87   46.26   46.13
c [branch] adjusting to: vmtf (from: vsid) var_decay:0.95 descr: VMTF
c rst  luby  svd  vmt   123   34K    2769 16887  1648    3.96    3.79   506   958   28K    88   46.37   46.24
c rst  luby  svd  vmt   124   34K    2769 16887  1648    3.96    3.79   507   960   28K    88   46.52   46.39
c rst  luby  svd  vmt   125   34K    2769 16887  1648    3.96    3.79   509   968   28K    88   46.58   46.45
c rst  luby  svd  vmt   126   34K    2769 16887  1648    3.96    3.79   509   973   28K    88   46.66   46.53
c rst  luby  svd  vmt   127   34K    2769 16887  1648    3.96    3.79   511   979   28K    88   46.70   46.57
c rst  luby  svd  vmt   128   34K    2769 16887  1648    3.96    3.79   512   987   28K    88   46.75   46.62
c rst  luby  svd  vmt   129   35K    2769 16887  1648    3.96    3.79   521  1018   29K    88   47.09   46.96
c rst  luby  svd  vmt   130   35K    2769 16887  1648    3.96    3.79   521  1020   29K    88   47.12   46.99
c rst  luby  svd  vmt   131   35K    2769 16887  1648    3.96    3.79   521  1027   29K    88   47.15   47.02
c rst  luby  svd  vmt   132   35K    2769 16887  1648    3.96    3.79   522  1035   29K    89   47.12   47.00
c rst  luby  svd  vmt   133   35K    2769 16887  1648    3.96    3.79   522  1042   29K    89   47.18   47.06
c [distill-long-red0] cls tried: 213/213 T: 0.02 T-out: N T-r: 99.47%
c [distill-long-red1] cls tried: 32/978 T: 0.01 T-out: Y T-r: -3.54%
c rst  luby  svd  vmt   134   35K    2769 16887  1648    3.96    3.79   518  1048   29K    94   47.18   47.05
c rst  luby  svd  vmt   135   36K    2769 16887  1648    3.96    3.79   518  1056   29K    94   47.33   47.20
c rst  luby  svd  vmt   136   36K    2769 16887  1648    3.96    3.79   522  1063   30K    95   47.42   47.28
c rst  luby  svd  vmt   137   37K    2769 16887  1648    3.96    3.79   534  1113   31K    97   47.94   47.81
c rst  luby  svd  vmt   138   37K    2769 16887  1648    3.96    3.79   536  1114   31K    98   47.97   47.83
c rst  luby  svd  vmt   139   37K    2769 16887  1648    3.96    3.79   539  1117   31K    98   47.95   47.81
c rst  luby  svd  vmt   140   37K    2769 16887  1648    3.96    3.79   542  1125   31K    98   48.12   47.98
c rst  luby  svd  vmt   141   37K    2769 16887  1648    3.96    3.79   542  1130   31K    98   48.12   47.98
c rst  luby  svd  vmt   142   37K    2769 16887  1648    3.96    3.79   542  1135   31K    98   48.12   47.99
c rst  luby  svd  vmt   143   38K    2769 16887  1648    3.96    3.79   545  1142   31K    98   48.16   48.02
c rst  geom best  vmt   144   38K    2769 16887  1648    3.96    3.79   545  1143   31K    98   48.30   48.17
c rst  geom best  vmt   145   38K    2769 16887  1648    3.96    3.79   548  1148   32K    98   48.34   48.21
c rst  geom best  vmt   146   38K    2769 16887  1648    3.96    3.79   550  1150   32K    98   48.36   48.23
c rst  geom best  vmt   147   38K    2769 16887  1648    3.96    3.79   551  1158   32K    98   48.40   48.27
c rst  geom best  vmt   148   38K    2769 16887  1648    3.96    3.79   551  1160   32K    98   48.50   48.36
c rst  geom best  vmt   149   38K    2769 16887  1648    3.96    3.79   553  1160   32K    98   48.62   48.49
c rst  geom best  vmt   150   39K    2769 16887  1648    3.96    3.79   554  1167   32K    98   48.64   48.51
c rst  geom best  vmt   151   39K    2769 16887  1648    3.96    3.79   555  1178   33K    98   48.58   48.44
c rst  geom best  vmt   152   39K    2769 16887  1648    3.96    3.79   558  1185   33K    98   48.67   48.54
c rst  geom best  vmt   153   39K    2769 16887  1648    3.96    3.79   558  1189   33K    98   48.58   48.45
c rst  geom best  vmt   154   40K    2769 16887  1648    3.96    3.79   726  1033   33K    98   48.55   48.43
c [full-probe]  bin_only: 0 set: 0 repl: 0 T: 0.01 T-out: N T-r: 96.64%
c [impl-str] lit bin: 0 set-var: 0 T: 0.00 T-out: N T-r: 99.95% w-visit: 5542
c [impl-sub] bin: 22 T: 0.00 T-out: N w-visit: 5542
c rst  geom best  vmt   155   40K    2769 16887  1648    3.96    3.79   729  1045   34K    84   48.58   48.47
c rst  geom best  vmt   156   40K    2769 16887  1648    3.96    3.79   732  1045   34K    84   48.72   48.62
c rst  geom best  vmt   157   41K    2769 16887  1648    3.96    3.79   733  1064   34K    84   48.66   48.55
c rst  geom best  vmt   158   41K    2769 16887  1648    3.96    3.79   735  1078   35K    84   48.74   48.64
c rst  geom best  vmt   159   41K    2769 16887  1648    3.96    3.79   738  1090   35K    84   48.72   48.61
c rst  geom best  vmt   160   42K    2769 16887  1648    3.96    3.79   740  1096   36K    84   48.92   48.81
c [branch] adjusting to: vsid (from: vmtf) var_decay:0.95 descr: VSIDS
c rst  geom best   vs   161   42K    2769 16887  1648    3.96    3.79   740  1096   36K    84   48.85   48.74
c rst  geom best   vs   162   42K    2769 16887  1648    3.96    3.79   740  1096   36K    84   48.76   48.65
c rst  geom best   vs   163   42K    2769 16887  1648    3.96    3.79   740  1096   36K    84   48.66   48.56
c rst  geom best   vs   164   42K    2769 16887  1648    3.96    3.79   740  1096   36K    84   48.56   48.46
c rst  geom best   vs   165   43K    2769 16887  1648    3.96    3.79   740  1096   36K    84   48.46   48.36
c rst  geom best   vs   166   43K    2769 16887  1648    3.96    3.79   741  1096   36K    84   48.38   48.28
c rst  geom best   vs   167   43K    2769 16887  1648    3.96    3.79   741  1096   37K    84   48.26   48.16
c rst  geom  stb   vs   168   43K    2769 16887  1648    3.96    3.79   741  1096   37K    84   48.16   48.07
c rst  geom  stb   vs   169   43K    2769 16887  1648    3.96    3.79   741  1096   37K    84   48.04   47.94
c rst  geom  stb   vs   170   44K    2769 16887  1648    3.96    3.79   741  1096   37K    84   47.88   47.78
c [ccnr] tries: 0 steps: 262143 best found: 12
c [ccnr] tries: 0 steps: 524287 best found: 12
c [ccnr] tries: 0 steps: 786431 best found: 12
c [ccnr] saving best assignment phase to stable_polar
c [ccnr] bumping based on clause weights
c [ccnr] Bumped vars: 102 bump type: 6
c [ccnr] time: 0.61
c rst  geom  stb   vs   171   44K    2769 16887  1648    3.96    3.79   742  1096   38K    85   47.81   47.71
c rst  geom  stb   vs   172   44K    2769 16887  1648    3.96    3.79   742  1096   38K    85   47.73   47.63
c rst  geom  stb   vs   173   45K    2769 16887  1648    3.96    3.79   804  1816   31K    85   45.73   45.62
c rst  geom  stb   vs   174   45K    2769 16887  1648    3.96    3.79   804  1816   31K    85   45.58   45.47
c rst  geom  stb   vs   175   45K    2769 16887  1648    3.96    3.79   804  1816   31K    85   45.34   45.24
c rst  geom  stb   vs   176   46K    2769 16887  1648    3.96    3.79   804  1816   32K    85   45.09   44.98
c rst  geom  stb   vs   177   46K    2769 16887  1648    3.96    3.79   804  1816   32K    85   44.94   44.84
c rst  geom  stb   vs   178   47K    2769 16887  1648    3.96    3.79   804  1816   33K    85   44.71   44.61
c rst  geom  stb   vs   179   48K    2769 16887  1648    3.96    3.79   804  1816   34K    85   44.68   44.58
c rst  geom  stb   vs   180   48K    2769 16887  1648    3.96    3.79   804  1816   34K    85   44.38   44.28
c rst  geom  stb   vs   181   49K    2769 16887  1648    3.96    3.79   804  1816   35K    85   44.00   43.91
c rst  geom ibes   vs   182   50K    2769 16887  1648    3.96    3.79   836  1784   36K    85   43.97   43.87
c [gauss] XOR-encoding clauses are not detached, so no need to reattach them.
c [g 0] truth-find prop checks  : 907K
c [g 0] -> of which prop        : 36.08 %
c [g 0] -> of which confl       :  3.34 %
c [g 0] elim called             : 173K
c [g 0] ---> which lead to prop :  9.55 %
c [g 0] ---> which lead to confl:  0.79 %
c [g 0] size: 50    x 765  
c [scc] new: 8 BP 0M T: 0.00
c [vrep] vars 8 lits 28378 rem-bin-cls 36 rem-long-cls 52 BP 0M T: 0.03
c [scc] new: 0 BP 0M T: 0.00
c [vrep] vars 0 lits 0 rem-bin-cls 0 rem-long-cls 0 BP 0M T: 0.00
c [intree] Set 0 vars hyper-added: 860 trans-irred: 0 trans-red: 83 T: 0.01 T-out: N T-r: -1.44%
c [find&init matx] performing matrix init
c [gauss] XOR-encoding clauses are not detached, so no need to reattach them.
c [xor-rem-unconnected] left with 50 xors from 50 non-empty xors T: 0.00
c [xor-together] xored together: 0 orig xors: 50 new xors: 50 T: 0.00
c [xor-rem-unconnected] left with 50 xors from 50 non-empty xors T: 0.00
c [xor-clean-equiv] removed equivalent xors: 0 left with: 50
c [matrix] unused xors from cleaning: 0
c [matrix] Good   matrix 0 50      x759    density:0.1072  xorlen avg: 81.40
c [matrix] Using 1 matrices recovered from 0 xors T: 0.00 T-out: N
c rst  geom ibes vs   183   51  K 2761    16885  1634 3.96    3.79      838  1784   37K   856 43.45   42.58  
c [distill-long-red0] cls tried: 320/320 T: 0.04 T-out: N T-r: 98.83%
c [distill-long-red1] cls tried: 26/1689 T: 0.01 T-out: Y T-r: -8.54%
c rst  geom ibes vs   184   52  K 2761    16885  1634 3.96    3.79      838  1784   37K   858 42.94   42.09  
c [distill] watch-based irred--  cl tried 1609     cl-sh 0     cl-rem 1    lit-rem 0      T: 0.00 T-out: N
c [distill] watch-based red  --  cl tried 1674     cl-sh 33    cl-rem 2    lit-rem 48     T: 0.00 T-out: N
c rst  geom ibes vs   185   53  K 2761    16884  1635 3.96    3.79      836  1784   39K   857 42.38   41.57  
c [branch] adjusting to: vmtf (from: vsid) var_decay:0.95 descr: VMTF
c [distill-bin] useful: 1/1214/1635 lits-rem: 0 cl-rem: 1 0-depth-assigns: 0 T: 0.02 T-out: Y
c rst  luby ibes vmt  186   53  K 2761    16884  1634 3.96    3.79      836  1791   39K   857 42.36   41.55  
c rst  luby ibes vmt  187   53  K 2761    16884  1634 3.96    3.79      836  1792   39K   857 42.34   41.53  
c rst  luby ibes vmt  188   53  K 2761    16884  1634 3.96    3.79      836  1797   39K   857 42.35   41.54  
c rst  luby ibes vmt  189   53  K 2761    16884  1634 3.96    3.79      836  1809   39K   857 42.31   41.51  
c rst  luby ibes vmt  190   53  K 2761    16884  1634 3.96    3.79      836  1815   39K   857 42.27   41.47  
c rst  luby ibes vmt  191   53  K 2761    16884  1634 3.96    3.79      836  1821   39K   857 42.26   41.46  
c rst  luby ibes vmt  192   54  K 2761    16884  1634 3.96    3.79      836  1828   40K   857 42.30   41.51  
c rst  luby ibes vmt  193   54  K 2761    16884  1634 3.96    3.79      839  1876   40K   857 42.29   41.50  
c rst  luby ibes vmt  194   54  K 2761    16884  1634 3.96    3.79      839  1879   40K   857 42.31   41.53  
c rst  luby ibes vmt  195   54  K 2761    16884  1634 3.96    3.79      839  1896   40K   857 42.33   41.54  
c rst  luby ibes vmt  196   54  K 2761    16884  1634 3.96    3.79      839  1897   40K   857 42.33   41.55  
c rst  luby ibes vmt  197   54  K 2761    16884  1634 3.96    3.79      839  1905   40K   857 42.34   41.56  
c rst  luby ibes vmt  198   55  K 2761    16884  1634 3.96    3.79      840  1931   41K   857 42.31   41.53  
c rst  luby svd  vmt  199   55  K 2761    16884  1634 3.96    3.79      843  1937   41K   857 42.62   41.85  
c rst  luby svd  vmt  200   56  K 2761    16884  1634 3.96    3.79      845  1950   41K   857 42.79   42.03  
c recursive minimization cost OK: 306Kcost/(% lits removed)
c [gauss] XOR-encoding clauses are not detached, so no need to reattach them.
c [g 0] truth-find prop checks  : 113K
c [g 0] -> of which prop        : 38.47 %
c [g 0] -> of which confl       :  2.95 %
c [g 0] elim called             : 22K
c [g 0] ---> which lead to prop :  0.80 %
c [g 0] ---> which lead to confl:  0.07 %
c [g 0] size: 50    x 759  
c --> Executing strategy token: scc-vrepl
c [scc] new: 3 BP 0M T: 0.00
c [vrep] vars 3 lits 7771 rem-bin-cls 12 rem-long-cls 2 BP 0M T: 0.02
c --> Executing strategy token: sub-impl
c [impl-sub] bin: 4 T: 0.00 T-out: N w-visit: 5542
c --> Executing strategy token: breakid
c --> Executing OCC strategy token(s): 'occ-backw-sub-str,occ-clean-implicit,occ-bve,occ-bva,occ-ternary-res,occ-xor,'
c [occ] mem usage for occur 1      MB
c [occ] Linked in IRRED BIN by default: 1632
c [occ] Linked in RED   BIN by default: 849
c [occ] mem usage for occur 0      MB
c Mem for watch alloc      : 4           MB (19.31     %)
c Mem for watch array      : 0           MB (0.90      %)
c --> Executing OCC strategy token: occ-backw-sub-str
c [occ-backw-sub-str-long-w-bins] subs: 0 str: 3 tried: 2482 0-depth ass: 0 T: 0.00 T-out: N T-r: 99.31%
c [occ-backw-sub-long-w-long] rem cl: 76 tried: 61569/61569 (100.0%) T: 0.01 T-out: N T-r: 96.38%
c [occ-backw-sub-str-long-w-long] sub: 2 str: 9 tried: 184707/61569 (300.0)  T: 0.06 T-out: N T-r: 88.35%
c --> Executing OCC strategy token: occ-clean-implicit
c --> Executing OCC strategy token: occ-bve
c [occ-empty-res] Empty resolvent elimed: 0 T: 0.00 T-out: N
c [occ-bve] iter v-elim 10
c cl_inc_rate=1.0, var_dec_rate=1.0 (grow=0)
c Reduced to 2748 vars, 18507 cls (grow=0)
c [occ-bve] iter v-elim 289
c cl_inc_rate=1.1, var_dec_rate=1.1 (grow=8)
c Reduced to 2459 vars, 19690 cls (grow=8)
c x n vars       : 2459
c #try to eliminate:  5818
c #var-elim        :   299
c #T-o: N
c #T-r: 99.99%
c #T  : 0.09
c [occur] 0.03 is overhead
c [occur] link-in T: 0.03 cleanup T: 0.00
c --> Executing OCC strategy token: occ-bva
c --> Executing OCC strategy token: occ-ternary-res
c [occ-ternary-res] Ternary res-tri: 44 res-bin: 0 sub: 4 str: 0 T: 0.00 T-out: N T-r: 99.39%
c --> Executing OCC strategy token: occ-xor
c [occ-xor] sort occur list T: 0.00
c [xor-clean-equiv] removed equivalent xors: 0 left with: 1861
c [occ-xor] found   1861 avg sz 4.0 min sz  4 max sz  5 T: 0.01 T-out: N T-r: 99.98%
c --> Executing strategy token: card-find
c --> Executing strategy token: cl-consolidate
c [mem] consolidate  old-sz: 9964K new-sz: 4461K new bits offs: 20 T: 0.00
c --> Executing strategy token: scc-vrepl
c [scc] new: 0 BP 0M T: 0.00
c --> Executing strategy token: renumber
c --> Executing strategy token: bosphorus
c --> Executing strategy token: louvain-comms
c [consolidate] mini T: 0.00
c global_timeout_multiplier: 3.3000
c [branch] rebuilding order heap for all branchings. Current branching: vmtf
c [find&init matx] performing matrix init
c [gauss] XOR-encoding clauses are not detached, so no need to reattach them.
c [xor-rem-unconnected] left with 1859 xors from 1861 non-empty xors T: 0.00
c [xor-together] xored together: 1809 orig xors: 1859 new xors: 50 T: 0.00
c [xor-rem-unconnected] left with 50 xors from 50 non-empty xors T: 0.00
c [xor-clean-equiv] removed equivalent xors: 0 left with: 50
c [matrix] unused xors from cleaning: 2
c [matrix] Good   matrix  0     50 x  466  density:0.1643  xorlen avg: 76.58
c [matrix] Using 1 matrices recovered from 0 xors T: 0.00 T-out: N
c rst  luby  svd  vmt   201   56K    2459 18761   929    4.11    4.01   206   373   24K   150   29.51   29.35
c rst  luby  svd  vmt   202   56K    2459 18761   929    4.11    4.01   206   376   24K   150   29.48   29.31
c rst  luby  svd  vmt   203   56K    2459 18761   929    4.11    4.01   209   380   24K   150   29.45   29.29
c rst  luby  svd  vmt   204   56K    2459 18761   929    4.11    4.01   209   387   25K   150   29.41   29.25
c rst  luby  svd  vmt   205   56K    2459 18761   929    4.11    4.01   209   387   25K   150   29.38   29.22
c rst  luby  svd  vmt   206   56K    2459 18761   929    4.11    4.01   209   387   25K   150   29.34   29.18
c [g  <0] Disabling GJ-elim in this round.  Usefulness was: 19.5836%  over 59509 calls
c rst  luby  svd  vmt   207   57K    2459 18761   929    4.11    4.01   209   388   25K   150   29.27   29.11
c rst  luby  svd  vmt   208   57K    2459 18761   929    4.11    4.01   209   392   25K   150   29.16   29.01
c rst  luby  svd  vmt   209   57K    2459 18761   929    4.11    4.01   209   393   25K   150   29.16   29.01
c rst  luby  svd  vmt   210   57K    2459 18761   929    4.11    4.01   209   395   26K   150   29.13   28.98
c rst  luby  svd  vmt   211   57K    2459 18761   929    4.11    4.01   210   401   26K   150   29.13   28.98
c rst  luby  svd  vmt   212   58K    2459 18761   929    4.11    4.01   211   403   26K   150   29.09   28.94
c rst  luby  svd  vmt   213   58K    2459 18761   929    4.11    4.01   211   403   26K   150   29.11   28.96
c rst  luby  svd  vmt   214   58K    2459 18761   929    4.11    4.01   215   414   26K   150   29.03   28.89
c rst  luby  svd  vmt   215   58K    2459 18761   929    4.11    4.01   216   429   27K   150   28.96   28.81
c rst  luby  svd  vmt   216   59K    2459 18761   929    4.11    4.01   219   455   27K   150   28.98   28.83
c rst  luby  svd  vmt   217   61K    2459 18761   929    4.11    4.01   319   618   25K   150   28.56   28.41
c [full-probe]  bin_only: 1 set: 0 repl: 0 T: 0.01 T-out: N T-r: 99.76%
c rst  geom best  vmt   218   61K    2459 18761   929    4.11    4.01   321   621   25K   150   28.53   28.38
c rst  geom best  vmt   219   61K    2459 18761   929    4.11    4.01   321   622   25K   150   28.51   28.36
c rst  geom best  vmt   220   61K    2459 18761   929    4.11    4.01   321   625   25K   150   28.47   28.32
c rst  geom best  vmt   221   61K    2459 18761   929    4.11    4.01   321   631   25K   150   28.42   28.28
c rst  geom best  vmt   222   61K    2459 18761   929    4.11    4.01   321   631   26K   150   28.38   28.23
c rst  geom best  vmt   223   61K    2459 18761   929    4.11    4.01   321   634   26K   150   28.33   28.19
c rst  geom best  vmt   224   62K    2459 18761   929    4.11    4.01   321   640   26K   151   28.26   28.12
c rst  geom best  vmt   225   62K    2459 18761   929    4.11    4.01   321   642   26K   151   28.23   28.09
c rst  geom best  vmt   226   62K    2459 18761   929    4.11    4.01   321   644   26K   151   28.12   27.98
c rst  geom best  vmt   227   62K    2459 18761   929    4.11    4.01   321   648   27K   151   28.05   27.91
c rst  geom best  vmt   228   63K    2459 18761   929    4.11    4.01   321   654   27K   151   28.04   27.90
c [branch] adjusting to: vsid (from: vmtf) var_decay:0.95 descr: VSIDS
c rst  geom best   vs   229   63K    2459 18761   929    4.11    4.01   321   656   27K   151   28.21   28.07
c rst  geom best   vs   230   63K    2459 18761   929    4.11    4.01   323   660   27K   151   28.36   28.22
c rst  geom best   vs   231   63K    2459 18761   929    4.11    4.01   323   664   27K   151   28.58   28.45
c rst  geom best   vs   232   63K    2459 18761   929    4.11    4.01   328   668   27K   151   28.65   28.51
c rst  geom best   vs   233   63K    2459 18761   929    4.11    4.01   328   672   28K   151   28.73   28.59
c rst  geom best   vs   234   64K    2459 18761   929    4.11    4.01   329   672   28K   151   29.02   28.88
c rst  geom best   vs   235   64K    2459 18761   929    4.11    4.01   331   672   28K   151   29.33   29.19
c rst  geom best   vs   236   64K    2459 18761   929    4.11    4.01   333   677   28K   151   29.59   29.46
c rst  geom best   vs   237   64K    2459 18761   929    4.11    4.01   334   680   28K   151   29.87   29.73
c rst  geom best   vs   238   64K    2459 18761   929    4.11    4.01   337   690   29K   151   30.28   30.14
c rst  geom best   vs   239   65K    2459 18761   929    4.11    4.01   344   697   29K   151   30.63   30.49
c rst  geom best   vs   240   65K    2459 18761   929    4.11    4.01   347   706   29K   151   30.92   30.78
c rst  geom best   vs   241   65K    2459 18761   929    4.11    4.01   347   706   30K   151   31.32   31.18
c rst  geom best   vs   242   66K    2459 18761   929    4.11    4.01   349   715   30K   151   31.65   31.51
c [distill-long-red0] cls tried: 170/170 T: 0.01 T-out: N T-r: 99.70%
c [distill-long-red1] cls tried: 61/650 T: 0.01 T-out: Y T-r: -1.10%
c rst  geom best   vs   243   66K    2459 18761   929    4.11    4.01   351   724   30K   151   32.01   31.87
c rst  geom best   vs   244   67K    2459 18761   929    4.11    4.01   352   734   31K   151   32.51   32.37
c rst  geom  stb   vs   245   67K    2459 18761   929    4.11    4.01   363   762   31K   151   32.70   32.56
c rst  geom  stb   vs   246   68K    2459 18761   929    4.11    4.01   377   819   32K   151   32.82   32.69
c rst  geom  stb   vs   247   68K    2459 18761   929    4.11    4.01   394   867   32K   151   32.90   32.76
c rst  geom  stb   vs   248   69K    2459 18761   929    4.11    4.01   410   900   33K   151   32.92   32.79
c rst  geom  stb   vs   249   70K    2459 18761   929    4.11    4.01   670   665   34K   151   33.01   32.88
c rst  geom  stb   vs   250   70K    2459 18761   929    4.11    4.01   685   698   34K   151   33.00   32.87
c rst  geom  stb   vs   251   71K    2459 18761   929    4.11    4.01   688   714   35K   151   32.94   32.81
c rst  geom  stb   vs   252   72K    2459 18761   929    4.11    4.01   692   746   36K   151   32.93   32.81
c rst  geom  stb   vs   253   73K    2459 18761   929    4.11    4.01   692   751   37K   151   32.84   32.73
c [distill-bin] useful: 4/929/929 lits-rem: 0 cl-rem: 4 0-depth-assigns: 0 T: 0.01 T-out: N
c rst  geom ibes   vs   254   74K    2459 18761   925    4.11    4.01   702   799   38K   151   33.09   32.97
c [branch] adjusting to: vmtf (from: vsid) var_decay:0.95 descr: VMTF
c rst  luby ibes  vmt   255   75K    2459 18761   925    4.11    4.01   723  1101   27K   151   33.78   33.62
c rst  luby ibes  vmt   256   75K    2459 18761   925    4.11    4.01   724  1106   28K   151   33.77   33.61
c rst  luby ibes  vmt   257   75K    2459 18761   925    4.11    4.01   724  1108   28K   151   33.66   33.50
c rst  luby ibes  vmt   258   75K    2459 18761   925    4.11    4.01   724  1108   28K   151   33.61   33.45
c rst  luby ibes  vmt   259   75K    2459 18761   925    4.11    4.01   725  1111   28K   151   33.54   33.39
c rst  luby ibes  vmt   260   75K    2459 18761   925    4.11    4.01   725  1115   28K   151   33.43   33.27
c rst  luby ibes  vmt   261   76K    2459 18761   925    4.11    4.01   725  1118   29K   151   33.30   33.15
c rst  luby ibes  vmt   262   76K    2459 18761   925    4.11    4.01   728  1121   29K   151   33.25   33.10
c rst  luby ibes  vmt   263   76K    2459 18761   925    4.11    4.01   728  1128   29K   151   33.24   33.09
c rst  luby ibes  vmt   264   76K    2459 18761   925    4.11    4.01   728  1140   29K   151   33.12   32.97
c rst  luby ibes  vmt   265   76K    2459 18761   925    4.11    4.01   728  1144   29K   151   33.08   32.93
c rst  luby ibes  vmt   266   76K    2459 18761   925    4.11    4.01   728  1146   29K   151   33.02   32.88
c rst  luby ibes  vmt   267   76K    2459 18761   925    4.11    4.01   729  1151   29K   151   32.96   32.81
c rst  luby ibes  vmt   268   77K    2459 18761   925    4.11    4.01   729  1168   30K   151   32.74   32.60
c [distill] watch-based irred--  cl tried     7396 cl-sh   165 cl-rem  172 lit-rem    172 T: 0.01 T-out: N
c [distill] watch-based   red--  cl tried     1458 cl-sh   119 cl-rem    0 lit-rem    247 T: 0.00 T-out: N
c rst  luby ibes  vmt   269   78K    2459 18589   940    4.10    4.00   730  1241   30K   137   32.27   32.14
c rst  luby ibes  vmt   270   78K    2459 18589   940    4.10    4.00   730  1244   31K   137   32.26   32.14
c rst  luby ibes  vmt   271   78K    2459 18589   940    4.10    4.00   730  1244   31K   137   32.22   32.09
c rst  luby ibes  vmt   272   78K    2459 18589   940    4.10    4.00   731  1248   31K   137   32.18   32.05
c rst  luby ibes  vmt   273   78K    2459 18589   940    4.10    4.00   731  1256   31K   137   32.12   32.00
c rst  luby ibes  vmt   274   78K    2459 18589   940    4.10    4.00   731  1256   31K   137   32.13   32.00
c rst  luby ibes  vmt   275   78K    2459 18589   940    4.10    4.00   731  1258   31K   137   32.03   31.91
c rst  luby ibes  vmt   276   79K    2459 18589   940    4.10    4.00   731  1270   32K   137   31.80   31.68
c rst  luby ibes  vmt   277   79K    2459 18589   940    4.10    4.00   732  1270   32K   137   31.78   31.66
c rst  luby ibes  vmt   278   79K    2459 18589   940    4.10    4.00   734  1274   32K   137   31.75   31.63
c rst  luby  svd  vmt   279   79K    2459 18589   940    4.10    4.00   735  1279   32K   137   31.67   31.56
c rst  luby  svd  vmt   280   79K    2459 18589   940    4.10    4.00   735  1281   32K   137   31.66   31.54
c rst  luby  svd  vmt   281   79K    2459 18589   940    4.10    4.00   735  1282   32K   137   31.62   31.50
c rst  luby  svd  vmt   282   80K    2459 18589   940    4.10    4.00  1091   909   32K   137   31.53   31.41
c rst  luby  svd  vmt   283   80K    2459 18589   940    4.10    4.00  1091   923   33K   137   31.39   31.27
c rst  luby  svd  vmt   284   81K    2459 18589   940    4.10    4.00  1092   935   34K   137   31.26   31.15
c [distill-long-red0] cls tried: 738/738 T: 0.03 T-out: N T-r: 98.86%
c [distill-long-red1] cls tried: 41/826 T: 0.01 T-out: Y T-r: -0.83%
c [full-probe]  bin_only: 0 set: 1 repl: 0 T: 0.01 T-out: N T-r: 97.49%
c rst  luby  svd  vmt   285   82K    2458 18589   940    4.10    4.00  1092   970   35K   138   30.62   30.51
c rst  luby  svd  vmt   286   83K    2458 18589   940    4.10    4.00  1092   970   35K   138   30.57   30.47
c rst  luby  svd  vmt   287   83K    2458 18589   940    4.10    4.00  1092   971   35K   138   30.52   30.42
c rst  luby  svd  vmt   288   83K    2458 18589   940    4.10    4.00  1092   974   36K   138   30.45   30.35
c rst  luby  svd  vmt   289   83K    2458 18589   940    4.10    4.00  1095   978   36K   138   30.42   30.31
c rst  luby  svd  vmt   290   83K    2458 18589   940    4.10    4.00  1095   980   36K   138   30.38   30.28
c rst  luby  svd  vmt   291   83K    2458 18589   940    4.10    4.00  1095   986   36K   138   30.32   30.22
c rst  luby  svd  vmt   292   84K    2458 18589   940    4.10    4.00  1096   999   36K   138   30.22   30.12
c rst  luby  svd  vmt   293   84K    2458 18589   940    4.10    4.00  1096  1007   36K   138   30.19   30.09
c rst  luby  svd  vmt   294   84K    2458 18589   940    4.10    4.00  1096  1009   37K   138   30.18   30.08
c rst  luby  svd  vmt   295   84K    2458 18589   940    4.10    4.00  1096  1013   37K   138   30.13   30.03
c rst  luby  svd  vmt   296   84K    2458 18589   940    4.10    4.00  1097  1020   37K   138   30.10   30.00
c rst  luby  svd  vmt   297   84K    2458 18589   940    4.10    4.00  1098  1020   37K   138   30.07   29.97
c rst  luby  svd  vmt   298   85K    2458 18589   940    4.10    4.00  1098  1029   37K   138   30.03   29.93
c rst  luby  svd  vmt   299   85K    2458 18589   940    4.10    4.00  1099  1035   38K   138   29.97   29.88
c rst  luby  svd  vmt   300   86K    2458 18589   940    4.10    4.00  1101  1063   38K   138   29.81   29.72
c rst  geom best  vmt   301   86K    2458 18589   940    4.10    4.00  1101  1064   38K   138   29.79   29.69
c rst  geom best  vmt   302   86K    2458 18589   940    4.10    4.00  1101  1066   39K   138   29.76   29.67
c rst  geom best  vmt   303   86K    2458 18589   940    4.10    4.00  1101  1067   39K   138   29.74   29.65
c rst  geom best  vmt   304   86K    2458 18589   940    4.10    4.00  1101  1071   39K   138   29.70   29.61
c rst  geom best  vmt   305   86K    2458 18589   940    4.10    4.00  1101  1074   39K   138   29.65   29.56
c rst  geom best  vmt   306   87K    2458 18589   940    4.10    4.00  1101  1076   39K   138   29.62   29.53
c rst  geom best  vmt   307   87K    2458 18589   940    4.10    4.00  1102  1080   39K   138   29.58   29.49
c rst  geom best  vmt   308   87K    2458 18589   940    4.10    4.00  1102  1082   40K   138   29.52   29.43
c rst  geom best  vmt   309   87K    2458 18589   940    4.10    4.00  1102  1082   40K   138   29.46   29.37
c [branch] adjusting to: vsid (from: vmtf) var_decay:0.95 descr: VSIDS
c rst  geom best   vs   310   87K    2458 18589   940    4.10    4.00  1106  1086   40K   138   29.46   29.37
c rst  geom best   vs   311   87K    2458 18589   940    4.10    4.00  1110  1092   40K   138   29.45   29.37
c rst  geom best   vs   312   88K    2458 18589   940    4.10    4.00  1116  1099   40K   138   29.46   29.37
c rst  geom best   vs   313   88K    2458 18589   940    4.10    4.00  1116  1102   40K   138   29.47   29.38
c [ccnr] tries: 0 steps: 262143 best found: 11
c [ccnr] tries: 0 steps: 524287 best found: 11
c [ccnr] saving best assignment phase to stable_polar
c [ccnr] bumping based on var unsat frequency: conflict_ct
c [ccnr] Bumped vars: 2771 bump type: 6
c [ccnr] time: 0.53
c rst  geom best   vs   314   88K    2458 18589   940    4.10    4.00  1118  1106   40K   138   29.49   29.40
c rst  geom best   vs   315   88K    2458 18589   940    4.10    4.00  1120  1111   41K   138   29.47   29.39
c rst  geom best   vs   316   88K    2458 18589   940    4.10    4.00  1122  1122   41K   138   29.48   29.39
c rst  geom best   vs   317   88K    2458 18589   940    4.10    4.00  1122  1128   41K   138   29.46   29.37
c rst  geom best   vs   318   89K    2458 18589   940    4.10    4.00  1126  1141   41K   138   29.49   29.41
c rst  geom best   vs   319   89K    2458 18589   940    4.10    4.00  1126  1148   41K   138   29.54   29.45
c rst  geom best   vs   320   89K    2458 18589   940    4.10    4.00  1126  1155   42K   138   29.54   29.46
c rst  geom best   vs   321   90K    2458 18589   940    4.10    4.00  1541  1797   32K   138   29.32   29.21
c rst  geom best   vs   322   90K    2458 18589   940    4.10    4.00  1543  1812   32K   138   29.35   29.25
c rst  geom best   vs   323   90K    2458 18589   940    4.10    4.00  1548  1818   33K   138   29.33   29.23
c rst  geom best   vs   324   91K    2458 18589   940    4.10    4.00  1549  1821   33K   138   29.30   29.20
c rst  geom best   vs   325   91K    2458 18589   940    4.10    4.00  1550  1824   34K   138   29.37   29.27
c rst  geom best   vs   326   92K    2458 18589   940    4.10    4.00  1550  1833   34K   138   29.31   29.22
c rst  geom  stb   vs   327   92K    2458 18589   940    4.10    4.00  1551  1846   35K   138   29.43   29.33
c rst  geom  stb   vs   328   93K    2458 18589   940    4.10    4.00  1552  1873   35K   138   29.50   29.40
c rst  geom  stb   vs   329   93K    2458 18589   940    4.10    4.00  1555  1889   36K   138   29.64   29.55
c [distill-bin] useful: 3/940/940 lits-rem: 0 cl-rem: 3 0-depth-assigns: 0 T: 0.01 T-out: N
c rst  geom  stb   vs   330   94K    2458 18589   935    4.10    4.00  1559  1903   37K   138   29.67   29.58
c rst  geom  stb   vs   331   95K    2458 18589   935    4.10    4.00  1561  1916   37K   138   29.68   29.59
c rst  geom  stb   vs   332   96K    2458 18589   935    4.10    4.00  1563  1925   38K   138   29.87   29.77
c rst  geom  stb   vs   333   97K    2458 18589   935    4.10    4.00  1563  1934   39K   138   30.06   29.97
c [distill-long-red0] cls tried: 467/467 T: 0.05 T-out: N T-r: 98.49%
c [distill-long-red1] cls tried: 45/1790 T: 0.01 T-out: Y T-r: -2.70%
c rst  geom  stb   vs   334   98K    2458 18589   935    4.10    4.00  1565  1948   40K   138   30.06   29.98
c rst  geom ibes   vs   335   99K    2458 18589   935    4.10    4.00  1568  1957   41K   138   29.94   29.86
c rst  geom ibes   vs   336  100K    2458 18589   935    4.10    4.00  1662  1888   43K   138   29.72   29.64
c [impl-str] lit bin: 0 set-var: 0 T: 0.00 T-out: N T-r: 99.95% w-visit: 5542
c [impl-sub] bin: 0 T: 0.00 T-out: N w-visit: 5542
c rst  geom ibes   vs   337  102K    2458 18589   935    4.10    4.00  1666  1898   44K   138   29.47   29.39
c [branch] adjusting to: vmtf (from: vsid) var_decay:0.95 descr: VMTF
c [full-probe]  bin_only: 1 set: 0 repl: 0 T: 0.01 T-out: N T-r: 99.80%
c rst  luby ibes  vmt   338  102K    2458 18589   935    4.10    4.00  1677  1935   44K   138   29.45   29.38
c rst  luby ibes  vmt   339  102K    2458 18589   935    4.10    4.00  1677  1942   44K   138   29.43   29.36
c rst  luby ibes  vmt   340  102K    2458 18589   935    4.10    4.00  1677  1948   44K   138   29.40   29.32
c [distill] watch-based irred--  cl tried     7215 cl-sh     9 cl-rem    7 lit-rem      9 T: 0.01 T-out: N
c [distill] watch-based   red--  cl tried     3353 cl-sh   113 cl-rem    1 lit-rem    326 T: 0.01 T-out: N
c rst  luby ibes  vmt   341  102K    2458 18561   937    4.10    4.00  1676  1948   44K   136   29.37   29.29
c rst  luby ibes  vmt   342  102K    2458 18561   937    4.10    4.00  1676  1948   45K   136   29.34   29.27
c rst  luby ibes  vmt   343  102K    2458 18561   937    4.10    4.00  1676  1949   45K   136   29.29   29.21
c rst  luby ibes  vmt   344  103K    2458 18561   937    4.10    4.00  1676  1959   45K   136   29.20   29.12
c rst  luby ibes  vmt   345  103K    2458 18561   937    4.10    4.00  1676  1961   45K   136   29.17   29.10
c rst  luby ibes  vmt   346  103K    2458 18561   937    4.10    4.00  1677  1965   45K   136   29.15   29.07
c rst  luby ibes  vmt   347  103K    2458 18561   937    4.10    4.00  1677  1966   46K   136   29.10   29.03
c rst  luby ibes  vmt   348  103K    2458 18561   937    4.10    4.00  1677  1968   46K   136   29.07   29.00
c rst  luby ibes  vmt   349  103K    2458 18561   937    4.10    4.00  1677  1969   46K   136   29.04   28.96
c rst  luby ibes  vmt   350  104K    2458 18561   937    4.10    4.00  1677  1986   46K   136   28.98   28.91
c rst  luby ibes  vmt   351  104K    2458 18561   937    4.10    4.00  1678  1993   46K   136   28.85   28.78
c rst  luby  svd  vmt   352  105K    2458 18561   937    4.10    4.00  1786  2551   35K   136   25.69   25.61
c rst  luby  svd  vmt   353  105K    2458 18561   937    4.10    4.00  1786  2553   35K   136   25.70   25.62
c rst  luby  svd  vmt   354  105K    2458 18561   937    4.10    4.00  1786  2556   35K   136   25.67   25.59
c rst  luby  svd  vmt   355  105K    2458 18561   937    4.10    4.00  1786  2558   35K   136   25.80   25.72
c rst  luby  svd  vmt   356  105K    2458 18561   937    4.10    4.00  1786  2559   36K   136   25.80   25.72
c rst  luby  svd  vmt   357  106K    2458 18561   937    4.10    4.00  1786  2560   36K   136   25.78   25.70
c rst  luby  svd  vmt   358  106K    2458 18561   937    4.10    4.00  1786  2560   36K   136   25.75   25.67
c rst  luby  svd  vmt   359  106K    2458 18561   937    4.10    4.00  1786  2573   36K   136   25.74   25.67
c rst  luby  svd  vmt   360  106K    2458 18561   937    4.10    4.00  1787  2575   36K   136   25.73   25.65
c rst  luby  svd  vmt   361  106K    2458 18561   937    4.10    4.00  1787  2579   36K   136   25.71   25.64
c rst  luby  svd  vmt   362  107K    2458 18561   937    4.10    4.00  1788  2586   37K   136   25.71   25.63
c rst  luby  svd  vmt   363  107K    2458 18561   937    4.10    4.00  1788  2587   37K   136   25.69   25.62
c rst  luby  svd  vmt   364  107K    2458 18561   937    4.10    4.00  1788  2587   37K   136   25.69   25.61
c rst  luby  svd  vmt   365  107K    2458 18561   937    4.10    4.00  1788  2590   37K   136   25.65   25.58
c rst  luby  svd  vmt   366  107K    2458 18561   937    4.10    4.00  1789  2594   37K   136   25.60   25.53
c rst  luby  svd  vmt   367  108K    2458 18561   937    4.10    4.00  1789  2604   38K   136   25.51   25.43
c rst  luby  svd  vmt   368  110K    2458 18561   937    4.10    4.00  2150  2257   40K   136   25.14   25.07
c rst  luby  svd  vmt   369  110K    2458 18561   937    4.10    4.00  2150  2259   40K   136   25.11   25.04
c rst  luby  svd  vmt   370  110K    2458 18561   937    4.10    4.00  2150  2259   40K   136   25.09   25.02
c rst  luby  svd  vmt   371  110K    2458 18561   937    4.10    4.00  2150  2260   40K   136   25.08   25.01
c rst  luby  svd  vmt   372  110K    2458 18561   937    4.10    4.00  2150  2260   40K   136   25.06   24.99
c rst  geom best  vmt   373  110K    2458 18561   937    4.10    4.00  2150  2261   40K   136   25.04   24.97
c rst  geom best  vmt   374  110K    2458 18561   937    4.10    4.00  2150  2262   41K   136   25.01   24.95
c rst  geom best  vmt   375  111K    2458 18561   937    4.10    4.00  2150  2265   41K   136   25.01   24.94
c rst  geom best  vmt   376  111K    2458 18561   937    4.10    4.00  2150  2269   41K   136   25.03   24.96
c rst  geom best  vmt   377  111K    2458 18561   937    4.10    4.00  2150  2273   41K   136   24.99   24.93
c rst  geom best  vmt   378  111K    2458 18561   937    4.10    4.00  2150  2275   41K   136   24.96   24.89
c rst  geom best  vmt   379  111K    2458 18561   937    4.10    4.00  2151  2279   41K   136   24.93   24.86
c rst  geom best  vmt   380  111K    2458 18561   937    4.10    4.00  2152  2281   42K   136   24.90   24.83
c rst  geom best  vmt   381  112K    2458 18561   937    4.10    4.00  2154  2290   42K   136   24.89   24.82
c rst  geom best  vmt   382  112K    2458 18561   937    4.10    4.00  2156  2304   42K   136   25.02   24.95
c [distill-long-red0] cls tried: 663/663 T: 0.07 T-out: N T-r: 97.76%
c [distill-long-red1] cls tried: 25/2129 T: 0.01 T-out: Y T-r: -7.41%
c rst  geom best  vmt   383  112K    2458 18561   937    4.10    4.00  2156  2318   42K   137   25.05   24.98
c rst  geom best  vmt   384  113K    2458 18561   937    4.10    4.00  2161  2336   43K   137   25.20   25.13
c rst  geom best  vmt   385  113K    2458 18561   937    4.10    4.00  2165  2357   43K   137   25.22   25.16
c rst  geom best  vmt   386  113K    2458 18561   937    4.10    4.00  2167  2393   43K   137   25.28   25.21
c rst  geom best  vmt   387  114K    2458 18561   937    4.10    4.00  2171  2411   44K   137   25.35   25.29
c [distill-bin] useful: 0/937/937 lits-rem: 0 cl-rem: 0 0-depth-assigns: 0 T: 0.01 T-out: N
c rst  geom best  vmt   388  114K    2458 18561   937    4.10    4.00  2173  2416   44K   137   25.43   25.37
c rst  geom best  vmt   389  115K    2458 18561   937    4.10    4.00  2175  2418   45K   137   25.44   25.38
c rst  geom best  vmt   390  115K    2458 18561   937    4.10    4.00  2176  2438   45K   137   25.53   25.47
c [gauss] XOR-encoding clauses are not detached, so no need to reattach them.
c [g 0] truth-find prop checks  : 42K
c [g 0] -> of which prop        : 18.39 %
c [g 0] -> of which confl       :  0.95 %
c [g 0] elim called             : 9537
c [g 0] ---> which lead to prop : 34.93 %
c [g 0] ---> which lead to confl:  1.59 %
c [g 0] size: 50    x 466  
c [scc] new: 0 BP 0M T: 0.00
c [vrep] vars 0 lits 0 rem-bin-cls 0 rem-long-cls 0 BP 0M T: 0.01
c [intree] Set 0 vars hyper-added: 51 trans-irred: 0 trans-red: 4 T: 0.01 T-out: N T-r: -3.05%
c [find&init matx] performing matrix init
c [gauss] XOR-encoding clauses are not detached, so no need to reattach them.
c [xor-rem-unconnected] left with 1859 xors from 1861 non-empty xors T: 0.00
c [xor-together] xored together: 1809 orig xors: 1859 new xors: 50 T: 0.00
c [xor-rem-unconnected] left with 50 xors from 50 non-empty xors T: 0.00
c [xor-clean-equiv] removed equivalent xors: 0 left with: 50
c [matrix] unused xors from cleaning: 2
c [matrix] Good   matrix 0 50      x465    density:0.1645  xorlen avg: 76.48
c [matrix] Using 1 matrices recovered from 0 xors T: 0.00 T-out: N
c rst  geom best vmt  391   116 K 2458    18561   937 4.10    4.00     2177  2440   46K   184 25.75   25.66  
c rst  geom best vmt  392   116 K 2458    18561   937 4.10    4.00     2179  2444   46K   184 25.74   25.65  
c rst  geom stb  vmt  393   117 K 2458    18561   937 4.10    4.00     2179  2446   47K   184 25.89   25.81  
c [branch] adjusting to: vsid (from: vmtf) var_decay:0.95 descr: VSIDS
c rst  geom stb  vs   394   117 K 2458    18561   937 4.10    4.00     2179  2446   47K   184 25.94   25.86  
c rst  geom stb  vs   395   117 K 2458    18561   937 4.10    4.00     2179  2446   47K   184 25.96   25.88  
c rst  geom stb  vs   396   118 K 2458    18561   937 4.10    4.00     2179  2446   47K   184 25.96   25.88  
c rst  geom stb  vs   397   118 K 2458    18561   937 4.10    4.00     2179  2446   48K   184 25.98   25.90  
c rst  geom stb  vs   398   118 K 2458    18561   937 4.10    4.00     2180  2448   48K   184 26.02   25.93  
c rst  geom stb  vs   399   118 K 2458    18561   937 4.10    4.00     2180  2448   48K   184 26.01   25.93  
c rst  geom stb  vs   400   118 K 2458    18561   937 4.10    4.00     2180  2448   48K   184 26.03   25.94  
c rst  geom stb  vs   401   118 K 2458    18561   937 4.10    4.00     2180  2448   48K   184 26.05   25.97  
c rst  geom stb  vs   402   119 K 2458    18561   937 4.10    4.00     2180  2448   49K   184 26.08   26.00  
c rst  geom stb  vs   403   119 K 2458    18561   937 4.10    4.00     2180  2448   49K   184 26.10   26.02  
c rst  geom stb  vs   404   119 K 2458    18561   937 4.10    4.00     2180  2450   49K   184 26.10   26.02  
c rst  geom stb  vs   405   120 K 2458    18561   937 4.10    4.00     2397  2841   36K   184 25.33   25.22  
c rst  geom stb  vs   406   120 K 2458    18561   937 4.10    4.00     2397  2841   36K   184 25.31   25.21  
c rst  geom stb  vs   407   120 K 2458    18561   937 4.10    4.00     2397  2841   36K   184 25.33   25.23  
c rst  geom stb  vs   408   121 K 2458    18561   937 4.10    4.00     2397  2841   37K   184 25.37   25.27  
c rst  geom stb  vs   409   121 K 2458    18561   937 4.10    4.00     2397  2841   37K   184 25.31   25.21  
c rst  geom stb  vs   410   122 K 2458    18561   937 4.10    4.00     2397  2841   38K   184 25.26   25.16  
c rst  geom stb  vs   411   122 K 2458    18561   937 4.10    4.00     2397  2841   38K   184 25.28   25.18  
c [full-probe]  bin_only: 0 set: 0 repl: 0 T: 0.01 T-out: N T-r: 96.86%
c rst  geom stb  vs   412   123 K 2458    18561   937 4.10    4.00     2397  2841   39K   186 25.25   25.16  
c rst  geom ibes vs   413   123 K 2458    18561   937 4.10    4.00     2397  2841   39K   186 25.20   25.11  
c rst  geom ibes vs   414   124 K 2458    18561   937 4.10    4.00     2397  2843   40K   186 25.13   25.04  
c rst  geom ibes vs   415   125 K 2458    18561   937 4.10    4.00     2397  2843   41K   186 25.12   25.02  
c rst  geom ibes vs   416   126 K 2458    18561   937 4.10    4.00     2397  2843   42K   186 25.22   25.13  
c rst  geom ibes vs   417   127 K 2458    18561   937 4.10    4.00     2397  2843   43K   186 25.08   24.99  
c rst  geom ibes vs   418   128 K 2458    18561   937 4.10    4.00     2397  2846   44K   186 25.17   25.08  
c [distill-long-red0] cls tried: 230/230 T: 0.02 T-out: N T-r: 99.27%
c [distill-long-red1] cls tried: 31/2656 T: 0.01 T-out: Y T-r: -4.21%
c [distill] watch-based irred--  cl tried 7208     cl-sh 0     cl-rem 0    lit-rem 0      T: 0.01 T-out: N
c [distill] watch-based red  --  cl tried 4794     cl-sh 63    cl-rem 0    lit-rem 189    T: 0.01 T-out: N
c rst  geom ibes vs   419   129 K 2458    18561   937 4.10    4.00     2397  2846   45K   186 25.16   25.08  
c rst  geom ibes vs   420   130 K 2458    18561   937 4.10    4.00     2410  2754   46K   186 25.07   24.98  
c rst  geom svd  vs   421   132 K 2458    18561   937 4.10    4.00     2410  2754   48K   186 25.36   25.28  
c rst  geom svd  vs   422   133 K 2458    18561   937 4.10    4.00     2410  2756   49K   186 25.62   25.54  
c [ccnr] tries: 0 steps: 262143 best found: 13
c [ccnr] tries: 0 steps: 524287 best found: 13
c [ccnr] tries: 0 steps: 786431 best found: 13
c [ccnr] saving best assignment phase to stable_polar
c [ccnr] bumping based on var unsat frequency: conflict_ct
c [ccnr] Bumped vars: 2771 bump type: 6
c [ccnr] time: 0.56
c rst  geom svd  vs   423   134 K 2458    18561   937 4.10    4.00     2410  2756   50K   186 25.69   25.61  
c recursive minimization cost OK: 375Kcost/(% lits removed)
c [gauss] XOR-encoding clauses are not detached, so no need to reattach them.
c [g 0] truth-find prop checks  : 369K
c [g 0] -> of which prop        : 66.92 %
c [g 0] -> of which confl       :  2.13 %
c [g 0] elim called             : 17733
c [g 0] ---> which lead to prop : 118.46 %
c [g 0] ---> which lead to confl:  2.17 %
c [g 0] size: 50    x 465  
c --> Executing strategy token: scc-vrepl
c [scc] new: 1 BP 0M T: 0.00
c --> Executing strategy token: sub-impl
c [impl-sub] bin: 2 T: 0.00 T-out: N w-visit: 5542
c --> Executing strategy token: breakid
c --> Executing OCC strategy token(s): 'occ-backw-sub-str,occ-clean-implicit,occ-bve,occ-bva,occ-ternary-res,occ-xor,'
c [occ] mem usage for occur 1      MB
c [occ] Linked in IRRED BIN by default: 937
c [occ] Linked in RED   BIN by default: 184
c [occ] mem usage for occur 0      MB
c Mem for watch alloc      : 7           MB (21.22     %)
c Mem for watch array      : 0           MB (0.35      %)
c --> Executing OCC strategy token: occ-backw-sub-str
c [occ-backw-sub-str-long-w-bins] subs: 0 str: 5 tried: 5309 0-depth ass: 0 T: 0.00 T-out: N T-r: 99.51%
c [occ-backw-sub-long-w-long] rem cl: 684 tried: 74267/74267 (100.0%) T: 0.02 T-out: N T-r: 90.89%
c [occ-backw-sub-str-long-w-long] sub: 4 str: 107 tried: 222801/74267 (300.0)  T: 0.08 T-out: N T-r: 81.59%
c --> Executing OCC strategy token: occ-clean-implicit
c --> Executing OCC strategy token: occ-bve
c [occ-empty-res] Empty resolvent elimed: 0 T: 0.00 T-out: N
c [occ-bve] iter v-elim 0
c cl_inc_rate=1.0, var_dec_rate=1.0 (grow=0)
c Reduced to 2458 vars, 19046 cls (grow=0)
c [occ-bve] iter v-elim 10
c cl_inc_rate=1.0, var_dec_rate=1.0 (grow=8)
c Reduced to 2448 vars, 19054 cls (grow=8)
c x n vars       : 2448
c #try to eliminate:  4963
c #var-elim        :    10
c #T-o: N
c #T-r: 99.99%
c #T  : 0.09
c [occur] 0.04 is overhead
c [occur] link-in T: 0.04 cleanup T: 0.00
c --> Executing OCC strategy token: occ-bva
c --> Executing OCC strategy token: occ-ternary-res
c [occ-ternary-res] Ternary res-tri: 8 res-bin: 0 sub: 1 str: 0 T: 0.00 T-out: N T-r: 99.68%
c --> Executing OCC strategy token: occ-xor
c [occ-xor] sort occur list T: 0.00
c [xor-clean-equiv] removed equivalent xors: 0 left with: 1852
c [occ-xor] found   1852 avg sz 4.0 min sz  4 max sz  5 T: 0.01 T-out: N T-r: 99.98%
c --> Executing strategy token: card-find
c --> Executing strategy token: cl-consolidate
c Not consolidating memory.
c --> Executing strategy token: scc-vrepl
c [scc] new: 1 BP 0M T: 0.00
c --> Executing strategy token: renumber
c --> Executing strategy token: bosphorus
c --> Executing strategy token: louvain-comms
c [consolidate] mini T: 0.00
c global_timeout_multiplier: 3.6300
c [branch] rebuilding order heap for all branchings. Current branching: vsid
c [find&init matx] performing matrix init
c [gauss] XOR-encoding clauses are not detached, so no need to reattach them.
c [xor-rem-unconnected] left with 1850 xors from 1852 non-empty xors T: 0.00
c [xor-together] xored together: 1799 orig xors: 1850 new xors: 51 T: 0.00
c [xor-rem-unconnected] left with 51 xors from 51 non-empty xors T: 0.00
c [xor-clean-equiv] removed equivalent xors: 0 left with: 51
c [matrix] unused xors from cleaning: 2
c [matrix] Good   matrix  0     51 x  466  density:0.1605  xorlen avg: 74.80
c [matrix] Using 1 matrices recovered from 0 xors T: 0.00 T-out: N
c [distill-bin] useful: 0/922/922 lits-rem: 0 cl-rem: 0 0-depth-assigns: 0 T: 0.01 T-out: N
c rst  geom  svd   vs   424  135K    2448 18132   922    4.10    4.00  2127  2716   37K   178   24.23   24.14
c [branch] adjusting to: vmtf (from: vsid) var_decay:0.95 descr: VMTF
c rst  luby  svd  vmt   425  135K    2448 18132   922    4.10    4.00  2133  2748   37K   178   24.22   24.13
c rst  luby  svd  vmt   426  135K    2448 18132   922    4.10    4.00  2133  2749   37K   178   24.21   24.12
c rst  luby  svd  vmt   427  135K    2448 18132   922    4.10    4.00  2133  2749   37K   178   24.18   24.09
c ------- FINAL TOTAL SEARCH STATS ---------
c UIP search time          : 19.30       (97.42     % time)
c All times are for this thread only except if explicitly specified
c restarts                 : 427         (317.81    confls per restart)
c blocked restarts         : 0           (0.00      per normal restart)
c time                     : 19.30       
c decisions                : 152177      (0.00      % random)
c propagations             : 5807K       (300K      props/s)
c decisions/conflicts      : 1.12        
c conflicts                : 135705      
c LEARNT stats
c units learnt             : 0           (0.00      % of conflicts)
c bins learnt              : 88          (0.06      % of conflicts)
c long learnt              : 135999      (100.22    % of conflicts)
c red which0               : 587         (0.43      % of confl)
c SEAMLESS HYPERBIN&TRANS-RED stats
c advProp called           : 0           
c hyper-bin add bin        : 0           (0.00      bin/call)
c trans-red rem irred bin  : 0           (0.00      bin/call)
c trans-red rem red bin    : 0           (0.00      bin/call)
c CONFL LITS stats
c orig                     : 25142580    (185.27    lit/confl)
c recurs-min effective     : 127106      (93.66     % attempt successful)
c recurs-min lits          : 20288745    (80.69     % less overall)
c permDiff call%           : 2.41        (0.00      % attempt successful)
c permDiff lits-rem        : 0           (0.00      less lits/cl on attempts)
c further-min call%        : 0.03        (25.64     % attempt successful)
c bintri-min lits          : 30          (0.00      % less overall)
c final avg                : 35.77       
c all-threads sum CPU time : 19.30        s
c PROP stats
c Mbogo-props              : 51.70       (2.68      / sec)
c MHyper-props             : 0.06        (0.00      / sec)
c Mprops                   : 5.81        (0.30      / sec)
c -------- OccSimplifier STATS ----------
c time                     : 0.35        (0.00      % var-elim)
c called                   : 2           (0.17      s per call)
c 0-depth assigns          : 0           (0.00      % vars)
c -------- OccSimplifier STATS END ----------
c -------- SubsumeStrengthen STATS ----------
c cl-subs                  : 854          Clauses
c cl-str rem lit           : 158          Lits
c cl-sub T                 : 0.05         s
c cl-str T                 : 0.20         s
c -------- SubsumeStrengthen STATS END ----------
c ----- SCC STATS --------
c time                     : 0.00        (0.00      per call)
c called                   : 7           (1.86      new found per call)
c found                    : 13          (50.00     % of all found)
c bogoprops                : 249433      % of all found
c ----- SCC STATS END --------
c --------- VAR REPLACE STATS ----------
c time                     : 0.06        (0.02      per call)
c trees' crown             : 11          (0.40      % of vars)
c 0-depth assigns          : 0           (0.00      % vars)
c lits replaced            : 36149       
c bin cls removed          : 48          
c long cls removed         : 54          
c long lits removed        : 2643        
c bogoprops                : 1078047     
c --------- VAR REPLACE STATS END ----------
c vrep replace time        : 0.06        (0.31      % time)
c vrep tree roots          : 7           
c vrep trees' crown        : 11          (1.57      leafs/tree)
c -------- DISTILL-BIN STATS --------
c time                     : 0.08        (0.01      per call)
c timed out                : 2           (28.57     % of calls)
c distill/checked/potential: 0          /8155/8668
c lits-rem                 : 0           
c 0-depth-assigns          : 0           (0.00      % of vars)
c -------- DISTILL STATS END --------
c -------- STRENGTHEN STATS --------
c --> watch-based on irred cls
c time                     : 0.03        (0.00      s/call)
c shrinked/tried/total     : 174        /25046/179148
c subsumed/tried/total     : 184        /25046/179148
c lits-rem                 : 181         (0.17      % of lits tried)
c called                   : 10          (0.00      % ran out of time)
c --> watch-based on red cls
c time                     : 0.02        (0.00      s/call)
c shrinked/tried/total     : 341        /12053/12053
c subsumed/tried/total     : 3          /12053/12053
c lits-rem                 : 826         (0.99      % of lits tried)
c called                   : 10          (0.00      % ran out of time)
c -------- STRENGTHEN STATS END --------
c -------- IMPLICIT SUB  STATS --------
c time                     : 0.01        (0.00      per call)
c timed out                : 0           (0.00      % of calls)
c rem bins                 : 28          
c -------- IMPLICIT SUB STATS END --------
c Mem used                 : 35          MB
c Mem for longclauses      : 9           MB (25.36     %)
c Mem for watch alloc      : 8           MB (23.14     %)
c Mem for watch array      : 0           MB (0.35      %)
c Mem for assings&vardata  : 0           MB (0.21      %)
c Mem for search&solve     : 0           MB (0.58      %)
c Mem for renumberer       : 0           MB (0.08      %)
c Mem for occsimplifier    : 0           MB (2.03      %)
c Mem for varReplacer&SCC  : 0           MB (0.17      %)
c Mem for impl subsume     : 0           MB (0.00      %)
c Mem for 3 distills       : 0           MB (0.00      %)
c Accounted for mem (rss)  : 51.93       %
c Accounted for mem (vm)   : 48.23       %
c restarts                 : 427         (317.81    confls per restart)
c blocked restarts         : 0           (0.00      per normal restart)
c time                     : 19.30       
c decisions                : 152177      (0.00      % random)
c propagations             : 5807K       (300K      props/s)
c decisions/conflicts      : 1.12        
c conflicts                : 135705      
c conf lits non-minim      : 25142580    (185.27    lit/confl)
c conf lits final          : 35.77       
c red which0               : 587         (0.43      % of confl)
c props/decision           : 0.00        
c props/conflict           : 0.00        
c 0-depth assigns          : 3           (0.11      % vars)
c 0-depth assigns by CNF   : 2           (0.07      % vars)
c reduceDB time            : 0.04        (0.20      % time)
c OccSimplifier time       : 0.35        (1.75      % time)
c [occur] 0.09 is overhead
c [occur] link-in T: 0.07 cleanup T: 0.01
c [occ-substr] long subBySub: 836 subByStr: 18 lits-rem-str: 158 T: 0.25
c SCC time                 : 0.00        (0.01      % time)
c [scc] new: 13 BP 0M  T: 0.00
c vrep replace time        : 0.06        (0.31      % time)
c vrep tree roots          : 7           
c vrep trees' crown        : 11          (1.57      leafs/tree)
c distill long time        : 0.38        (1.91      % time)
c distill bin time         : 0.08        (0.42      % time)
c strength cache-irred time: 0.03        (0.15      % time)
c strength cache-red time  : 0.02        (0.09      % time)
c avg cls in red 0         : 1018.54     
c avg cls in red 1         : 1386.30     
c avg cls in red 2         : 31882.10    
c Conflicts in UIP         : 135705      (6850.85   confl/time_this_thread)
c Max Memory (rss) used    : 36632 kB    
c Total time (this thread) : 19.81       
s SATISFIABLE
v 1 -2 3 4 5 -6 -7 8 -9 10 -11 -12 -13 14 -15 16 -17 18 -19 20 -21 22 -23 -24 -25 
v -26 -27 -28 -29 -30 -31 32 -33 34 -35 -36 -37 38 -39 40 -41 -42 -43 44 -45 46 
v -47 -48 -49 -50 -51 -52 -53 -54 -55 56 -57 58 -59 60 -61 -62 -63 -64 -65 -66 
v -67 68 -69 70 -71 72 -73 74 -75 76 -77 78 -79 80 -81 82 -83 84 -85 -86 -87 
v -88 -89 -90 -91 -92 -93 -94 -95 -96 -97 98 -99 100 -101 102 -103 -104 -105 
v -106 -107 -108 -109 110 -111 112 -113 114 -115 -116 -117 -118 -119 -120 -121 
v -122 -123 -124 -125 -126 -127 -128 -129 -130 -131 -132 -133 134 -135 136 -137 
v 138 -139 -140 -141 -142 -143 -144 -145 146 -147 148 -149 150 -151 -152 -153 
v -154 -155 -156 -157 -158 -159 -160 -161 -162 -163 -164 -165 -166 -167 -168 
v -169 -170 -171 -172 -173 -174 -175 -176 -177 -178 -179 -180 -181 -182 -183 
v -184 -185 -186 -187 -188 -189 -190 -191 -192 -193 -194 -195 -196 -197 -198 
v -199 -200 -201 -202 -203 -204 -205 206 -207 208 -209 210 -211 -212 -213 -214 
v -215 -216 -217 218 -219 220 -221 222 -223 -224 -225 -226 -227 -228 -229 -230 
v -231 -232 -233 -234 -235 -236 -237 -238 -239 -240 -241 242 -243 244 -245 246 
v -247 -248 -249 -250 -251 -252 -253 254 -255 256 -257 258 -259 -260 -261 -262 
v -263 -264 -265 -266 -267 -268 -269 -270 -271 -272 -273 -274 -275 -276 -277 
v 278 -279 280 -281 282 -283 -284 -285 -286 -287 -288 -289 290 -291 292 -293 
v 294 -295 -296 -297 -298 -299 -300 -301 -302 -303 -304 -305 -306 -307 -308 
v -309 -310 -311 -312 -313 -314 -315 -316 -317 -318 -319 -320 -321 -322 -323 
v -324 -325 -326 -327 -328 -329 -330 -331 -332 -333 -334 -335 -336 -337 -338 
v -339 -340 -341 -342 343 -344 345 346 347 348 -349 -350 351 -352 -353 354 -355 
v 356 -357 358 -359 -360 -361 362 -363 364 365 366 -367 368 -369 370 371 372 
v -373 -374 -375 -376 -377 378 -379 380 381 382 -383 384 -385 386 387 388 -389 
v -390 -391 -392 -393 -394 -395 -396 -397 -398 -399 -400 -401 -402 -403 -404 
v -405 -406 -407 -408 -409 410 -411 412 413 414 -415 416 -417 418 419 420 -421 
v -422 -423 -424 -425 426 -427 428 429 430 -431 432 -433 434 435 436 -437 -438 
v -439 -440 -441 442 -443 444 445 446 -447 448 -449 450 451 452 -453 -454 -455 
v -456 -457 458 -459 460 461 462 -463 464 -465 466 467 468 -469 -470 -471 -472 
v -473 -474 -475 -476 -477 -478 -479 -480 -481 -482 -483 -484 -485 -486 -487 
v -488 -489 -490 -491 -492 -493 -494 -495 -496 -497 -498 -499 -500 -501 -502 
v -503 -504 -505 506 -507 508 509 510 -511 512 -513 514 515 516 -517 -518 -519 
v -520 -521 -522 -523 -524 -525 -526 -527 -528 -529 -530 -531 -532 -533 -534 
v -535 -536 -537 -538 -539 -540 -541 -542 -543 -544 -545 -546 -547 -548 -549 
v -550 -551 -552 -553 554 -555 556 557 558 -559 560 -561 562 563 564 -565 -566 
v -567 -568 -569 -570 -571 -572 -573 -574 -575 -576 -577 -578 -579 -580 -581 
v -582 -583 -584 -585 586 -587 588 589 590 -591 592 -593 594 595 596 -597 -598 
v -599 -600 -601 -602 -603 -604 -605 -606 -607 -608 -609 -610 -611 -612 -613 
v -614 -615 -616 -617 618 -619 620 621 622 -623 624 -625 626 627 628 -629 -630 
v -631 -632 -633 -634 -635 -636 -637 -638 -639 -640 -641 -642 -643 -644 -645 
v -646 -647 -648 -649 -650 -651 -652 -653 -654 -655 -656 -657 -658 -659 -660 
v -661 -662 -663 -664 -665 -666 -667 -668 -669 -670 -671 -672 -673 -674 -675 
v -676 -677 678 679 680 -681 682 -683 684 685 686 -687 -688 -689 -690 -691 -692 
v -693 -694 -695 -696 -697 -698 -699 -700 -701 702 703 -704 705 -706 707 708 
v 709 -710 -711 -712 713 -714 715 -716 717 718 719 -720 -721 -722 -723 724 -725 
v 726 727 728 -729 -730 -731 -732 -733 -734 -735 -736 -737 -738 -739 -740 741 
v 742 743 -744 -745 -746 -747 -748 -749 -750 -751 -752 753 754 -755 -756 -757 
v 758 -759 -760 -761 -762 -763 -764 -765 -766 -767 768 769 770 771 772 773 774 
v 775 776 777 778 779 780 781 782 783 784 785 786 787 788 789 790 791 792 793 
v 794 -795 796 -797 798 799 800 801 802 0
c [g 0] truth-find prop checks  : 29K
c [g 0] -> of which prop        : 54.28 %
c [g 0] -> of which confl       :  2.31 %
c [g 0] elim called             : 3067
c [g 0] ---> which lead to prop : 26.93 %
c [g 0] ---> which lead to confl:  1.60 %
c [g 0] size: 51    x 466  

real	0m19.981s
user	0m19.810s
sys	0m0.028s
