c BreakID not compiled in, disabling
c CryptoMiniSat version 5.11.19
c CMS Copyright (C) 2009-2020 Authors of CryptoMiniSat, see AUTHORS file
c CMS SHA revision b80e09ebd7703fc13b987401d693d7d406a50441
c Using VMTF code by Armin Biere from CaDiCaL
c Using Yalsat by Armin Biere, see Balint et al. Improving implementation of SLS solvers [...], SAT'14
c Using WalkSAT by Henry Kautz, see Kautz and Selman Pushing the envelope: planning, propositional logic, and stochastic search, AAAI'96,
c CMS is MIT licensed
c Using code from 'When Boolean Satisfiability Meets Gauss-E. in a Simplex Way'
c       by C.-S. Han and J.-H. Roland Jiang in CAV 2012. Fixes by M. Soos
c Using CCAnr from 'CCAnr: A Conf. Checking Based Local Search Solver [...]'
c       by Shaowei Cai, Chuan Luo, and Kaile Su, SAT 2015
c CMS compilation env CMAKE_CXX_COMPILER = /usr/bin/c++ | CMAKE_CXX_FLAGS =  -fvisibility=hidden -Wall -Wextra -Wunused -Wsign-compare -fno-omit-frame-pointer -Wtype-limits -Wuninitialized -Wno-deprecated -Wstrict-aliasing -Wpointer-arith -Wpointer-arith -Wformat-nonliteral -Winit-self -Wparentheses -Wunreachable-code -g -Wno-class-memaccess -mpopcnt -msse4.2 -ggdb3 -Wlogical-op -Wrestrict -Wnull-dereference -Wdouble-promotion -Wshadow -Wformat=2 -Wextra-semi -pedantic | COMPILE_DEFINES =  -DRDB0_ONLY_FEATURES -DUSE_ZLIB -DYALSAT_FPU | STATICCOMPILE = OFF | ONLY_SIMPLE =  | STATS = OFF | SQLITE3_FOUND =  | ZLIB_FOUND = TRUE | VALGRIND_FOUND =  | ENABLE_TESTING = OFF | SLOW_DEBUG = OFF | ENABLE_ASSERTIONS = ON | PYTHON_EXECUTABLE =  | PYTHON_LIBRARY =  | PYTHON_INCLUDE_DIRS =  | MY_TARGETS =  | LARGEMEM = OFF | LIMITMEM = OFF | BREAKID_LIBRARIES =  | BREAKID-VER = . | BOSPHORUS_LIBRARIES =  | BOSPH-VER = . | compilation date time = Jul 13 2026 14:05:03
c CMS compiled with gcc version 11.5.0 20240719 (Red Hat 11.5.0-5)
c Executed with command line: ./cryptominisat5 ./instancesBreak/IC_S4/Xn19l6-301-S.dimacs_break.cnf
c Reading file './instancesBreak/IC_S4/Xn19l6-301-S.dimacs_break.cnf'
c -- header says num vars:            852
c -- header says num clauses:        2670
c -- clauses added: 2618
c -- xor clauses added: 52
c -- vars added 852
c Parsing time: 0.00 s
c [find&init matx] performing matrix init
c [gauss] XOR-encoding clauses are not detached, so no need to reattach them.
c [xor-rem-unconnected] left with 50 xors from 50 non-empty xors T: 0.00
c [xor-together] xored together: 0 orig xors: 50 new xors: 50 T: 0.00
c [xor-rem-unconnected] left with 50 xors from 50 non-empty xors T: 0.00
c [xor-clean-equiv] removed equivalent xors: 0 left with: 50
c [matrix] unused xors from cleaning: 0
c [matrix] Good   matrix  0     50 x  765  density:0.0980  xorlen avg: 74.98
c [matrix] Using 1 matrices recovered from 0 xors T: 0.00 T-out: N
c [branch] adjusting to: vsid (from: vsid) var_decay:0.95 descr: VSIDS
c rst  geom  stb   vs     1   111    2634 15557  1659    3.95    3.76     1    24    72    14  144.73  126.73
c rst  geom  stb   vs     2   234    2634 15557  1659    3.95    3.76     1    27   192    14  120.32  113.24
c  res  pol bran  nres  conf freevar  IrrL  IrrB l/longC  l/allC RedL0 RedL1 RedL2  RedB l/longC  l/allC
c rst  geom  stb   vs     3   368    2634 15557  1659    3.95    3.76     1    27   325    15  101.29   97.24
c rst  geom  stb   vs     4   519    2634 15557  1659    3.95    3.76     1    27   473    18   88.95   85.94
c rst  geom  stb   vs     5   681    2634 15557  1659    3.95    3.76     1    27   635    18   79.26   77.22
c rst  geom  stb   vs     6   859    2634 15557  1659    3.95    3.76     1    27   811    20   76.16   74.44
c rst  geom  stb   vs     7  1054    2634 15557  1659    3.95    3.76     1    27  1006    20   78.06   76.62
c rst  geom  stb   vs     8  1268    2634 15557  1659    3.95    3.76     1    27  1220    20   75.70   74.54
c rst  geom  stb   vs     9  1502    2634 15557  1659    3.95    3.76     1    27  1454    20   73.09   72.14
c rst  geom  stb   vs    10  1759    2634 15557  1659    3.95    3.76     1    27  1711    20   74.29   73.47
c rst  geom  stb   vs    11  2042    2634 15557  1659    3.95    3.76     1    27  1994    20   71.59   70.91
c rst  geom  stb   vs    12  2353    2634 15557  1659    3.95    3.76     1    27  2305    20   71.06   70.48
c rst  geom  stb   vs    13  2693    2634 15557  1659    3.95    3.76     1    27  2645    20   71.62   71.11
c rst  geom  stb   vs    14  3067    2634 15557  1659    3.95    3.76     1    27  3018    21   70.62   70.15
c rst  geom  stb   vs    15  3477    2634 15557  1659    3.95    3.76     1    27  3427    22   69.55   69.13
c rst  geom  stb   vs    16  3928    2634 15557  1659    3.95    3.76     1    27  3878    22   71.44   71.05
c rst  geom  stb   vs    17  4423    2634 15557  1659    3.95    3.76     1    27  4373    22   71.90   71.56
c rst  geom  stb   vs    18  4967    2634 15557  1659    3.95    3.76     1    27  4917    22   70.43   70.13
c rst  geom  stb   vs    19  5565    2634 15557  1659    3.95    3.76     3    28  5512    22   68.24   67.97
c [branch] adjusting to: vmtf (from: vsid) var_decay:0.95 descr: VMTF
c [distill-long-red0] cls tried: 3/3 T: 0.00 T-out: N T-r: 100.00%
c [distill-long-red1] cls tried: 28/28 T: 0.00 T-out: N T-r: 98.89%
c rst  luby ibes  vmt    20  5666    2634 15557  1659    3.95    3.76    11    53  5575    27   67.41   67.10
c rst  luby ibes  vmt    21  5767    2634 15557  1659    3.95    3.76    13    67  5660    27   67.56   67.25
c rst  luby ibes  vmt    22  5970    2634 15557  1659    3.95    3.76    14    78  5863    27   66.62   66.32
c rst  luby ibes  vmt    23  6072    2634 15557  1659    3.95    3.76    15    82  5961    27   66.74   66.45
c rst  luby ibes  vmt    24  6174    2634 15557  1659    3.95    3.76    15    87  6070    27   66.02   65.74
c rst  luby ibes  vmt    25  6368    2634 15557  1659    3.95    3.76    17    95  6262    27   64.88   64.61
c ------- FINAL TOTAL SEARCH STATS ---------
c UIP search time          : 0.32        (97.70     % time)
c All times are for this thread only except if explicitly specified
c restarts                 : 25          (254.72    confls per restart)
c blocked restarts         : 0           (0.00      per normal restart)
c time                     : 0.32        
c decisions                : 9855        (0.00      % random)
c propagations             : 920K        (2897K     props/s)
c decisions/conflicts      : 1.55        
c conflicts                : 6368        
c LEARNT stats
c units learnt             : 0           (0.00      % of conflicts)
c bins learnt              : 27          (0.42      % of conflicts)
c long learnt              : 6374        (100.09    % of conflicts)
c red which0               : 17          (0.27      % of confl)
c SEAMLESS HYPERBIN&TRANS-RED stats
c advProp called           : 0           
c hyper-bin add bin        : 0           (0.00      bin/call)
c trans-red rem irred bin  : 0           (0.00      bin/call)
c trans-red rem red bin    : 0           (0.00      bin/call)
c CONFL LITS stats
c orig                     : 1712435     (268.91    lit/confl)
c recurs-min effective     : 6107        (95.90     % attempt successful)
c recurs-min lits          : 1299117     (75.86     % less overall)
c permDiff call%           : 2.10        (0.00      % attempt successful)
c permDiff lits-rem        : 0           (0.00      less lits/cl on attempts)
c further-min call%        : 0.03        (0.00      % attempt successful)
c bintri-min lits          : 0           (0.00      % less overall)
c final avg                : 64.91       
c all-threads sum CPU time : 0.32         s
c PROP stats
c Mbogo-props              : 0.04        (0.13      / sec)
c MHyper-props             : 0.00        (0.00      / sec)
c Mprops                   : 0.92        (2.90      / sec)
c -------- OccSimplifier STATS ----------
c time                     : 0.00        (0.00      % var-elim)
c called                   : 0           (0.00      s per call)
c 0-depth assigns          : 0           (0.00      % vars)
c -------- OccSimplifier STATS END ----------
c -------- SubsumeStrengthen STATS ----------
c cl-subs                  : 0            Clauses
c cl-str rem lit           : 0            Lits
c cl-sub T                 : 0.00         s
c cl-str T                 : 0.00         s
c -------- SubsumeStrengthen STATS END ----------
c ----- SCC STATS --------
c time                     : 0.00        (0.00      per call)
c called                   : 0           (0.00      new found per call)
c found                    : 0           (0.00      % of all found)
c bogoprops                : 0           % of all found
c ----- SCC STATS END --------
c --------- VAR REPLACE STATS ----------
c time                     : 0.00        (0.00      per call)
c trees' crown             : 0           (0.00      % of vars)
c 0-depth assigns          : 0           (0.00      % vars)
c lits replaced            : 0           
c bin cls removed          : 0           
c long cls removed         : 0           
c long lits removed        : 0           
c bogoprops                : 0           
c --------- VAR REPLACE STATS END ----------
c vrep replace time        : 0.00        (0.00      % time)
c vrep tree roots          : 0           
c vrep trees' crown        : 0           (0.00      leafs/tree)
c -------- DISTILL-BIN STATS --------
c time                     : 0.00        (0.00      per call)
c timed out                : 0           (0.00      % of calls)
c distill/checked/potential: 0          /0/0
c lits-rem                 : 0           
c 0-depth-assigns          : 0           (0.00      % of vars)
c -------- DISTILL STATS END --------
c -------- STRENGTHEN STATS --------
c --> watch-based on irred cls
c time                     : 0.00        (0.00      s/call)
c shrinked/tried/total     : 0          /0/0
c subsumed/tried/total     : 0          /0/0
c lits-rem                 : 0           (0.00      % of lits tried)
c called                   : 0           (0.00      % ran out of time)
c --> watch-based on red cls
c time                     : 0.00        (0.00      s/call)
c shrinked/tried/total     : 0          /0/0
c subsumed/tried/total     : 0          /0/0
c lits-rem                 : 0           (0.00      % of lits tried)
c called                   : 0           (0.00      % ran out of time)
c -------- STRENGTHEN STATS END --------
c -------- IMPLICIT SUB  STATS --------
c time                     : 0.00        (0.00      per call)
c timed out                : 0           (0.00      % of calls)
c rem bins                 : 0           
c -------- IMPLICIT SUB STATS END --------
c Mem used                 : 9           MB
c Mem for longclauses      : 3           MB (33.95     %)
c Mem for watch alloc      : 1           MB (12.77     %)
c Mem for watch array      : 0           MB (1.96      %)
c Mem for assings&vardata  : 0           MB (0.85      %)
c Mem for search&solve     : 0           MB (1.98      %)
c Mem for renumberer       : 0           MB (0.31      %)
c Mem for occsimplifier    : 0           MB (0.00      %)
c Mem for varReplacer&SCC  : 0           MB (0.14      %)
c Mem for impl subsume     : 0           MB (0.00      %)
c Mem for 3 distills       : 0           MB (0.01      %)
c Accounted for mem (rss)  : 51.97       %
c Accounted for mem (vm)   : 38.36       %
c restarts                 : 25          (254.72    confls per restart)
c blocked restarts         : 0           (0.00      per normal restart)
c time                     : 0.32        
c decisions                : 9855        (0.00      % random)
c propagations             : 920K        (2897K     props/s)
c decisions/conflicts      : 1.55        
c conflicts                : 6368        
c conf lits non-minim      : 1712435     (268.91    lit/confl)
c conf lits final          : 64.91       
c red which0               : 17          (0.27      % of confl)
c props/decision           : 0.00        
c props/conflict           : 0.00        
c 0-depth assigns          : 2           (0.08      % vars)
c 0-depth assigns by CNF   : 2           (0.08      % vars)
c reduceDB time            : 0.00        (0.00      % time)
c OccSimplifier time       : 0.00        (0.00      % time)
c [occur] 0.00 is overhead
c [occur] link-in T: 0.00 cleanup T: 0.00
c [occ-substr] long subBySub: 0 subByStr: 0 lits-rem-str: 0 T: 0.00
c SCC time                 : 0.00        (0.00      % time)
c [scc] new: 0 BP 0M  T: 0.00
c vrep replace time        : 0.00        (0.00      % time)
c vrep tree roots          : 0           
c vrep trees' crown        : 0           (0.00      leafs/tree)
c distill long time        : 0.00        (0.00      % time)
c distill bin time         : 0.00        (0.00      % time)
c strength cache-irred time: 0.00        (0.00      % time)
c strength cache-red time  : 0.00        (0.00      % time)
c avg cls in red 0         : 2.57        
c avg cls in red 1         : 32.70       
c avg cls in red 2         : 3128.58     
c Conflicts in UIP         : 6368        (19578.18  confl/time_this_thread)
c Max Memory (rss) used    : 9776 kB     
c Total time (this thread) : 0.33        
s SATISFIABLE
v 1 2 3 4 -5 -6 -7 8 9 10 11 -12 -13 14 -15 16 17 18 -19 20 21 22 23 -24 -25 26 
v 27 28 29 -30 -31 32 33 34 35 -36 -37 38 39 40 41 -42 -43 -44 -45 -46 -47 -48 
v -49 -50 -51 -52 -53 -54 -55 56 -57 58 59 60 -61 62 -63 64 65 66 -67 68 -69 70 
v 71 72 -73 74 -75 76 77 78 -79 -80 -81 -82 -83 -84 -85 -86 -87 -88 -89 -90 -91 
v -92 -93 -94 -95 -96 -97 98 -99 100 101 102 -103 104 -105 106 107 108 -109 110 
v -111 112 113 114 -115 116 -117 118 119 120 -121 -122 -123 -124 -125 -126 -127 
v -128 -129 -130 -131 -132 -133 134 -135 136 137 138 -139 140 -141 142 143 144 
v -145 146 -147 148 149 150 -151 152 -153 154 155 156 -157 -158 -159 -160 -161 
v -162 -163 -164 -165 -166 -167 -168 -169 170 -171 172 173 174 -175 176 -177 
v 178 179 180 -181 182 -183 184 185 186 -187 188 -189 190 191 192 -193 -194 
v -195 -196 -197 -198 -199 -200 -201 -202 -203 -204 -205 206 -207 208 209 210 
v -211 212 -213 214 215 216 -217 218 -219 220 221 222 -223 224 -225 226 227 228 
v -229 -230 -231 -232 -233 -234 -235 -236 -237 -238 -239 -240 -241 242 -243 244 
v 245 246 -247 248 -249 250 251 252 -253 254 -255 256 257 258 -259 260 -261 262 
v 263 264 -265 -266 -267 -268 -269 -270 -271 -272 -273 -274 -275 -276 -277 -278 
v -279 -280 -281 -282 -283 -284 -285 -286 -287 -288 -289 -290 -291 -292 -293 
v -294 -295 -296 -297 -298 -299 -300 -301 -302 -303 -304 -305 -306 -307 -308 
v -309 -310 -311 -312 -313 -314 -315 -316 -317 -318 -319 -320 -321 -322 -323 
v -324 -325 -326 -327 -328 -329 -330 -331 -332 -333 -334 -335 -336 -337 -338 
v -339 -340 -341 -342 343 344 -345 346 -347 348 -349 -350 -351 -352 353 354 
v -355 -356 357 358 -359 -360 -361 362 -363 -364 365 366 367 368 369 -370 371 
v 372 -373 -374 -375 -376 -377 378 -379 -380 381 382 383 384 385 -386 387 388 
v -389 -390 -391 -392 -393 394 -395 -396 397 398 399 400 401 -402 403 404 -405 
v -406 -407 -408 -409 -410 -411 -412 -413 -414 -415 -416 -417 -418 -419 -420 
v -421 -422 -423 -424 -425 426 -427 -428 429 430 431 432 433 -434 435 436 -437 
v -438 -439 -440 -441 -442 -443 -444 -445 -446 -447 -448 -449 -450 -451 -452 
v -453 -454 -455 -456 -457 458 -459 -460 461 462 463 464 465 -466 467 468 -469 
v -470 -471 -472 -473 -474 -475 -476 -477 -478 -479 -480 -481 -482 -483 -484 
v -485 -486 -487 -488 -489 -490 -491 -492 -493 -494 -495 -496 -497 -498 -499 
v -500 -501 -502 -503 -504 -505 -506 -507 -508 -509 -510 -511 -512 -513 -514 
v -515 -516 -517 -518 -519 -520 -521 -522 -523 -524 -525 -526 -527 -528 -529 
v -530 -531 -532 -533 -534 -535 -536 -537 538 -539 -540 541 542 543 544 545 
v -546 547 548 -549 -550 -551 -552 -553 554 -555 -556 557 558 559 560 561 -562 
v 563 564 -565 -566 -567 -568 -569 -570 -571 -572 -573 -574 -575 -576 -577 -578 
v -579 -580 -581 -582 -583 -584 -585 -586 -587 -588 -589 -590 -591 -592 -593 
v -594 -595 -596 -597 -598 -599 -600 -601 602 -603 -604 605 606 607 608 609 
v -610 611 612 -613 -614 -615 -616 -617 618 -619 -620 621 622 623 624 625 -626 
v 627 628 -629 -630 -631 -632 -633 -634 -635 -636 -637 -638 -639 -640 -641 -642 
v -643 -644 -645 -646 -647 -648 -649 -650 -651 -652 -653 -654 -655 -656 -657 
v -658 -659 -660 -661 -662 -663 -664 -665 -666 -667 -668 -669 -670 -671 -672 
v -673 -674 -675 -676 -677 -678 679 680 681 682 683 -684 685 686 -687 -688 -689 
v -690 -691 -692 -693 -694 -695 -696 -697 -698 -699 -700 -701 -702 -703 -704 
v -705 -706 -707 -708 -709 -710 -711 -712 713 714 715 716 -717 718 719 -720 
v -721 -722 723 724 725 -726 727 728 -729 -730 -731 732 733 -734 735 736 -737 
v -738 -739 740 -741 742 743 -744 -745 -746 -747 748 749 -750 -751 -752 -753 
v -754 -755 -756 -757 758 -759 -760 -761 -762 -763 -764 -765 -766 -767 768 769 
v 770 771 772 -773 -774 -775 -776 -777 -778 -779 -780 -781 -782 -783 -784 -785 
v -786 -787 -788 -789 -790 -791 -792 -793 -794 -795 -796 -797 -798 -799 -800 
v -801 -802 -803 -804 -805 -806 807 808 809 810 811 812 813 814 815 816 817 818 
v 819 820 821 822 823 824 825 826 827 828 829 830 831 832 833 834 835 836 837 
v -838 -839 -840 -841 -842 -843 -844 -845 -846 -847 -848 -849 -850 -851 -852 0
c [g 0] truth-find prop checks  : 96K
c [g 0] -> of which prop        : 38.10 %
c [g 0] -> of which confl       :  3.51 %
c [g 0] elim called             : 21K
c [g 0] ---> which lead to prop : 32.20 %
c [g 0] ---> which lead to confl:  1.75 %
c [g 0] size: 50    x 765  

real	0m0.372s
user	0m0.327s
sys	0m0.003s
