c BreakID not compiled in, disabling
c CryptoMiniSat version 5.11.19
c CMS Copyright (C) 2009-2020 Authors of CryptoMiniSat, see AUTHORS file
c CMS SHA revision b80e09ebd7703fc13b987401d693d7d406a50441
c Using VMTF code by Armin Biere from CaDiCaL
c Using Yalsat by Armin Biere, see Balint et al. Improving implementation of SLS solvers [...], SAT'14
c Using WalkSAT by Henry Kautz, see Kautz and Selman Pushing the envelope: planning, propositional logic, and stochastic search, AAAI'96,
c CMS is MIT licensed
c Using code from 'When Boolean Satisfiability Meets Gauss-E. in a Simplex Way'
c       by C.-S. Han and J.-H. Roland Jiang in CAV 2012. Fixes by M. Soos
c Using CCAnr from 'CCAnr: A Conf. Checking Based Local Search Solver [...]'
c       by Shaowei Cai, Chuan Luo, and Kaile Su, SAT 2015
c CMS compilation env CMAKE_CXX_COMPILER = /usr/bin/c++ | CMAKE_CXX_FLAGS =  -fvisibility=hidden -Wall -Wextra -Wunused -Wsign-compare -fno-omit-frame-pointer -Wtype-limits -Wuninitialized -Wno-deprecated -Wstrict-aliasing -Wpointer-arith -Wpointer-arith -Wformat-nonliteral -Winit-self -Wparentheses -Wunreachable-code -g -Wno-class-memaccess -mpopcnt -msse4.2 -ggdb3 -Wlogical-op -Wrestrict -Wnull-dereference -Wdouble-promotion -Wshadow -Wformat=2 -Wextra-semi -pedantic | COMPILE_DEFINES =  -DRDB0_ONLY_FEATURES -DUSE_ZLIB -DYALSAT_FPU | STATICCOMPILE = OFF | ONLY_SIMPLE =  | STATS = OFF | SQLITE3_FOUND =  | ZLIB_FOUND = TRUE | VALGRIND_FOUND =  | ENABLE_TESTING = OFF | SLOW_DEBUG = OFF | ENABLE_ASSERTIONS = ON | PYTHON_EXECUTABLE =  | PYTHON_LIBRARY =  | PYTHON_INCLUDE_DIRS =  | MY_TARGETS =  | LARGEMEM = OFF | LIMITMEM = OFF | BREAKID_LIBRARIES =  | BREAKID-VER = . | BOSPHORUS_LIBRARIES =  | BOSPH-VER = . | compilation date time = Jul 13 2026 14:05:03
c CMS compiled with gcc version 11.5.0 20240719 (Red Hat 11.5.0-5)
c Executed with command line: ./cryptominisat5 ./instancesBreak/IC_S4/Xn19l6-8-S.dimacs_break.cnf
c Reading file './instancesBreak/IC_S4/Xn19l6-8-S.dimacs_break.cnf'
c -- header says num vars:            795
c -- header says num clauses:        2499
c -- clauses added: 2447
c -- xor clauses added: 52
c -- vars added 795
c Parsing time: 0.00 s
c [find&init matx] performing matrix init
c [gauss] XOR-encoding clauses are not detached, so no need to reattach them.
c [xor-rem-unconnected] left with 50 xors from 50 non-empty xors T: 0.00
c [xor-together] xored together: 0 orig xors: 50 new xors: 50 T: 0.00
c [xor-rem-unconnected] left with 50 xors from 50 non-empty xors T: 0.00
c [xor-clean-equiv] removed equivalent xors: 0 left with: 50
c [matrix] unused xors from cleaning: 0
c [matrix] Good   matrix  0     50 x  765  density:0.1207  xorlen avg: 92.32
c [matrix] Using 1 matrices recovered from 0 xors T: 0.00 T-out: N
c [branch] adjusting to: vsid (from: vsid) var_decay:0.95 descr: VSIDS
c rst  geom  stb   vs     1   114    3011 18855  1658    3.97    3.81     2    21    71    20  115.77   95.81
c rst  geom  stb   vs     2   236    3011 18855  1658    3.97    3.81     2    21   193    20   89.71   82.28
c  res  pol bran  nres  conf freevar  IrrL  IrrB l/longC  l/allC RedL0 RedL1 RedL2  RedB l/longC  l/allC
c rst  geom  stb   vs     3   371    3011 18855  1658    3.97    3.81     2    21   328    20   78.35   74.24
c rst  geom  stb   vs     4   518    3011 18855  1658    3.97    3.81     2    21   475    20   69.16   66.57
c rst  geom  stb   vs     5   679    3011 18855  1658    3.97    3.81     2    21   636    20   64.14   62.31
c rst  geom  stb   vs     6   857    3011 18855  1658    3.97    3.81     2    21   814    20   60.71   59.34
c rst  geom  stb   vs     7  1052    3011 18855  1658    3.97    3.81     2    21  1004    25   62.69   61.25
c rst  geom  stb   vs     8  1265    3011 18855  1658    3.97    3.81     2    21  1217    25   60.31   59.16
c rst  geom  stb   vs     9  1500    3011 18855  1658    3.97    3.81     2    21  1452    25   58.96   58.01
c rst  geom  stb   vs    10  1757    3011 18855  1658    3.97    3.81     2    21  1707    27   56.71   55.87
c rst  geom  stb   vs    11  2041    3011 18855  1658    3.97    3.81     2    21  1991    27   56.30   55.58
c rst  geom  stb   vs    12  2351    3011 18855  1658    3.97    3.81     2    21  2301    27   54.59   53.99
c rst  geom  stb   vs    13  2692    3011 18855  1658    3.97    3.81     2    21  2641    28   54.76   54.21
c rst  geom  stb   vs    14  3065    3011 18855  1658    3.97    3.81     2    21  3014    28   54.65   54.17
c rst  geom  stb   vs    15  3475    3011 18855  1658    3.97    3.81     2    21  3424    28   53.30   52.88
c rst  geom  stb   vs    16  3926    3011 18855  1658    3.97    3.81     2    21  3875    28   53.00   52.64
c rst  geom  stb   vs    17  4420    3011 18855  1658    3.97    3.81     2    21  4369    28   53.35   53.03
c rst  geom  stb   vs    18  4963    3011 18855  1658    3.97    3.81     2    21  4912    28   53.46   53.17
c rst  geom  stb   vs    19  5560    3011 18855  1658    3.97    3.81     2    21  5509    28   52.15   51.89
c [branch] adjusting to: vmtf (from: vsid) var_decay:0.95 descr: VMTF
c [distill-long-red0] cls tried: 2/2 T: 0.00 T-out: N T-r: 100.00%
c [distill-long-red1] cls tried: 21/21 T: 0.00 T-out: N T-r: 98.98%
c rst  luby ibes  vmt    20  5661    3011 18855  1658    3.97    3.81    28    50  5553    30   51.69   51.43
c rst  luby ibes  vmt    21  5762    3011 18855  1658    3.97    3.81    31    57  5644    30   51.54   51.28
c rst  luby ibes  vmt    22  5963    3011 18855  1658    3.97    3.81    31    57  5844    31   51.38   51.13
c rst  luby ibes  vmt    23  6064    3011 18855  1658    3.97    3.81    40    61  5931    32   51.02   50.76
c rst  luby ibes  vmt    24  6166    3011 18855  1658    3.97    3.81    41    81  6027    33   50.58   50.32
c rst  luby ibes  vmt    25  6368    3011 18855  1658    3.97    3.81    41    94  6216    33   50.10   49.85
c rst  luby ibes  vmt    26  6769    3011 18855  1658    3.97    3.81    46   116  6612    33   50.39   50.16
c rst  luby ibes  vmt    27  6872    3011 18855  1658    3.97    3.81    46   116  6715    33   50.29   50.06
c rst  luby ibes  vmt    28  6973    3011 18855  1658    3.97    3.81    49   119  6810    33   50.14   49.92
c rst  luby ibes  vmt    29  7174    3011 18855  1658    3.97    3.81    51   136  6992    33   49.73   49.51
c rst  luby ibes  vmt    30  7276    3011 18855  1658    3.97    3.81    52   140  7089    33   49.59   49.38
c rst  luby ibes  vmt    31  7377    3011 18855  1658    3.97    3.81    52   140  7190    33   49.57   49.36
c rst  luby ibes  vmt    32  7579    3011 18855  1658    3.97    3.81    53   143  7388    33   49.93   49.72
c rst  luby ibes  vmt    33  7981    3011 18855  1658    3.97    3.81    55   159  7772    33   49.46   49.26
c rst  luby ibes  vmt    34  8783    3011 18855  1658    3.97    3.81    57   218  8601    33   48.73   48.56
c rst  luby ibes  vmt    35  8884    3011 18855  1658    3.97    3.81    57   220  8711    33   48.54   48.37
c rst  luby ibes  vmt    36  8986    3011 18855  1658    3.97    3.81    57   222  8811    33   48.44   48.28
c rst  luby ibes  vmt    37  9188    3011 18855  1658    3.97    3.81    60   225  9031    33   48.29   48.12
c rst  luby ibes  vmt    38  9290    3011 18855  1658    3.97    3.81    60   231  9128    33   48.06   47.90
c rst  luby ibes  vmt    39  9391    3011 18855  1658    3.97    3.81    60   235  9225    33   48.07   47.91
c rst  luby ibes  vmt    40  9593    3011 18855  1658    3.97    3.81    61   243  9419    33   47.87   47.72
c rst  luby ibes  vmt    41  9994    3011 18855  1658    3.97    3.81    64   299  9804    34   47.57   47.42
c rst  luby ibes  vmt    42 10096    3011 18855  1658    3.97    3.81   157   211  9900    35   47.42   47.27
c rst  luby ibes  vmt    43 10198    3011 18855  1658    3.97    3.81   157   213 10000    35   47.49   47.34
c rst  luby ibes  vmt    44 10400    3011 18855  1658    3.97    3.81   158   216 10198    35   47.33   47.18
c rst  luby ibes  vmt    45 10501    3011 18855  1658    3.97    3.81   158   218 10297    35   47.30   47.15
c rst  luby ibes  vmt    46 10603    3011 18855  1658    3.97    3.81   158   227 10395    35   47.18   47.03
c rst  luby ibes  vmt    47 10804    3011 18855  1658    3.97    3.81   161   235 10585    35   47.04   46.90
c rst  luby  svd  vmt    48 11205    3011 18855  1658    3.97    3.81   169   239 10971    38   47.91   47.76
c rst  luby  svd  vmt    49 12007    3011 18855  1658    3.97    3.81   172   247 11761    39   49.32   49.17
c [branch] adjusting to: vsid (from: vmtf) var_decay:0.95 descr: VSIDS
c [distill-bin] useful: 12/1658/1658 lits-rem: 0 cl-rem: 12 0-depth-assigns: 0 T: 0.01 T-out: N
c rst  geom  svd   vs    50 12118    3011 18855  1646    3.97    3.81   172   247 11872    39   49.19   49.04
c rst  geom  svd   vs    51 12240    3011 18855  1646    3.97    3.81   172   247 11994    39   49.00   48.85
c rst  geom  svd   vs    52 12375    3011 18855  1646    3.97    3.81   172   247 12129    39   48.79   48.64
c rst  geom  svd   vs    53 12523    3011 18855  1646    3.97    3.81   172   247 12277    39   48.57   48.43
c rst  geom  svd   vs    54 12685    3011 18855  1646    3.97    3.81   172   247 12439    39   48.42   48.28
c rst  geom  svd   vs    55 12862    3011 18855  1646    3.97    3.81   172   247 12616    39   48.15   48.02
c rst  geom  svd   vs    56 13057    3011 18855  1646    3.97    3.81   172   247 12811    39   47.94   47.81
c rst  geom  svd   vs    57 13271    3011 18855  1646    3.97    3.81   172   247 13025    39   47.73   47.60
c rst  geom  svd   vs    58 13506    3011 18855  1646    3.97    3.81   172   247 13260    39   47.55   47.42
c rst  geom  svd   vs    59 13764    3011 18855  1646    3.97    3.81   172   247 13518    39   47.30   47.18
c rst  geom  svd   vs    60 14046    3011 18855  1646    3.97    3.81   174   247 13798    39   47.01   46.89
c rst  geom  svd   vs    61 14356    3011 18855  1646    3.97    3.81   174   247 14108    39   46.53   46.41
c rst  geom  svd   vs    62 14696    3011 18855  1646    3.97    3.81   174   247 14448    39   45.99   45.88
c rst  geom  svd   vs    63 15070    3011 18855  1646    3.97    3.81   184   668 14391    39   45.54   45.42
c rst  geom  svd   vs    64 15481    3011 18855  1646    3.97    3.81   184   668 14802    39   44.98   44.87
c rst  geom  svd   vs    65 15931    3011 18855  1646    3.97    3.81   184   668 15252    39   44.34   44.24
c rst  geom  svd   vs    66 16425    3011 18855  1646    3.97    3.81   184   668 15746    39   43.63   43.53
c rst  geom best   vs    67 16969    3011 18855  1646    3.97    3.81   184   668 16288    41   44.48   44.38
c rst  geom best   vs    68 17567    3011 18855  1646    3.97    3.81   187   669 16882    41   44.87   44.78
c rst  geom best   vs    69 18224    3011 18855  1646    3.97    3.81   187   669 17539    41   45.00   44.90
c [branch] adjusting to: vmtf (from: vsid) var_decay:0.95 descr: VMTF
c rst  luby best  vmt    70 18327    3011 18855  1646    3.97    3.81   193   670 17634    42   45.42   45.33
c rst  luby best  vmt    71 18429    3011 18855  1646    3.97    3.81   196   674 17728    43   45.64   45.53
c rst  luby best  vmt    72 18631    3011 18855  1646    3.97    3.81   200   685 17909    49   45.96   45.85
c rst  luby best  vmt    73 18733    3011 18855  1646    3.97    3.81   202   685 18008    50   46.11   46.00
c rst  luby best  vmt    74 18834    3011 18855  1646    3.97    3.81   204   686 18106    50   46.37   46.25
c rst  luby best  vmt    75 19036    3011 18855  1646    3.97    3.81   204   691 18301    52   46.51   46.39
c rst  luby best  vmt    76 19437    3011 18855  1646    3.97    3.81   215   695 18686    53   46.87   46.75
c rst  luby best  vmt    77 19538    3011 18855  1646    3.97    3.81   215   695 18787    53   46.98   46.86
c rst  luby best  vmt    78 19639    3011 18855  1646    3.97    3.81   218   695 18885    53   47.13   47.01
c rst  luby best  vmt    79 19841    3011 18855  1646    3.97    3.81   222   708 19069    54   47.32   47.20
c rst  luby best  vmt    80 19943    3011 18855  1646    3.97    3.81   222   709 19170    54   47.40   47.28
c rst  luby best  vmt    81   20K    3011 18855  1646    3.97    3.81   275   675 19253    55   47.35   47.22
c [full-probe]  bin_only: 1 set: 1 repl: 0 T: 0.01 T-out: N T-r: 99.70%
c rst  luby best  vmt    82   20K    3010 18855  1646    3.97    3.81   278   681 19444    63   47.62   47.48
c rst  luby best  vmt    83   20K    3010 18855  1646    3.97    3.81   283   684 19837    63   47.94   47.80
c [distill-long-red0] cls tried: 267/267 T: 0.02 T-out: N T-r: 99.58%
c [distill-long-red1] cls tried: 38/676 T: 0.01 T-out: Y T-r: -7.02%
c rst  luby best  vmt    84   21K    3010 18855  1646    3.97    3.81   285   689   20K    67   48.01   47.86
c rst  luby best  vmt    85   21K    3010 18855  1646    3.97    3.81   285   689   20K    67   48.00   47.86
c rst  luby best  vmt    86   21K    3010 18855  1646    3.97    3.81   288   690   20K    67   48.05   47.90
c rst  luby  stb  vmt    87   21K    3010 18855  1646    3.97    3.81   293   693   21K    72   48.25   48.10
c rst  luby  stb  vmt    88   21K    3010 18855  1646    3.97    3.81   297   695   21K    72   48.41   48.26
c rst  luby  stb  vmt    89   22K    3010 18855  1646    3.97    3.81   297   697   21K    72   48.41   48.26
c rst  luby  stb  vmt    90   22K    3010 18855  1646    3.97    3.81   298   699   21K    72   48.59   48.44
c rst  luby  stb  vmt    91   22K    3010 18855  1646    3.97    3.81   299   704   21K    75   49.10   48.94
c rst  luby  stb  vmt    92   22K    3010 18855  1646    3.97    3.81   301   704   21K    75   49.12   48.97
c rst  luby  stb  vmt    93   22K    3010 18855  1646    3.97    3.81   303   704   22K    75   49.15   48.99
c rst  luby  stb  vmt    94   23K    3010 18855  1646    3.97    3.81   305   705   22K    75   49.30   49.15
c rst  luby  stb  vmt    95   23K    3010 18855  1646    3.97    3.81   310   706   22K    75   49.36   49.21
c rst  luby  stb  vmt    96   23K    3010 18855  1646    3.97    3.81   316   713   22K    76   49.52   49.36
c rst  luby  stb  vmt    97   23K    3010 18855  1646    3.97    3.81   324   714   22K    77   49.73   49.58
c rst  luby  stb  vmt    98   23K    3010 18855  1646    3.97    3.81   327   716   22K    77   49.86   49.71
c rst  luby  stb  vmt    99   24K    3010 18855  1646    3.97    3.81   348   726   23K    83   50.61   50.45
c rst  luby  stb  vmt   100   26K    3010 18855  1646    3.97    3.81   376   736   25K    88   51.60   51.43
c [branch] adjusting to: vsid (from: vmtf) var_decay:0.95 descr: VSIDS
c [distill] watch-based irred--  cl tried     1575 cl-sh     0 cl-rem    3 lit-rem      0 T: 0.00 T-out: N
c [distill] watch-based   red--  cl tried      751 cl-sh    22 cl-rem    1 lit-rem     55 T: 0.00 T-out: N
c rst  geom  stb   vs   101   26K    3010 18822  1649    3.96    3.81   374   735   25K    86   51.55   51.39
c rst  geom  stb   vs   102   26K    3010 18822  1649    3.96    3.81   375   736   25K    88   51.53   51.37
c rst  geom  stb   vs   103   26K    3010 18822  1649    3.96    3.81   375   736   25K    88   51.49   51.33
c rst  geom  stb   vs   104   26K    3010 18822  1649    3.96    3.81   375   736   25K    88   51.43   51.27
c rst  geom  stb   vs   105   26K    3010 18822  1649    3.96    3.81   375   736   25K    88   51.39   51.23
c rst  geom ibes   vs   106   27K    3010 18822  1649    3.96    3.81   375   736   26K    88   51.21   51.06
c rst  geom ibes   vs   107   27K    3010 18822  1649    3.96    3.81   375   736   26K    88   50.97   50.81
c rst  geom ibes   vs   108   27K    3010 18822  1649    3.96    3.81   375   736   26K    88   50.71   50.56
c rst  geom ibes   vs   109   27K    3010 18822  1649    3.96    3.81   375   736   26K    88   50.43   50.28
c rst  geom ibes   vs   110   28K    3010 18822  1649    3.96    3.81   375   737   27K    88   50.17   50.02
c rst  geom ibes   vs   111   28K    3010 18822  1649    3.96    3.81   376   737   27K    88   49.80   49.66
c rst  geom ibes   vs   112   28K    3010 18822  1649    3.96    3.81   377   739   27K    88   49.67   49.53
c rst  geom ibes   vs   113   28K    3010 18822  1649    3.96    3.81   378   739   27K    88   49.41   49.27
c rst  geom ibes   vs   114   29K    3010 18822  1649    3.96    3.81   378   739   28K    88   49.17   49.03
c rst  geom ibes   vs   115   29K    3010 18822  1649    3.96    3.81   378   739   28K    88   48.86   48.73
c rst  geom ibes   vs   116   30K    3010 18822  1649    3.96    3.81   482   913   23K    90   47.77   47.61
c rst  geom ibes   vs   117   30K    3010 18822  1649    3.96    3.81   482   913   24K    90   47.59   47.43
c rst  geom ibes   vs   118   31K    3010 18822  1649    3.96    3.81   482   913   25K    90   47.21   47.06
c rst  geom ibes   vs   119   31K    3010 18822  1649    3.96    3.81   482   913   25K    90   46.71   46.56
c rst  geom ibes   vs   120   32K    3010 18822  1649    3.96    3.81   482   913   26K    90   46.33   46.18
c [distill-bin] useful: 0/1649/1649 lits-rem: 0 cl-rem: 0 0-depth-assigns: 0 T: 0.01 T-out: N
c rst  geom  svd   vs   121   33K    3010 18822  1649    3.96    3.81   482   913   26K    90   45.82   45.68
c rst  geom  svd   vs   122   34K    3010 18822  1649    3.96    3.81   482   913   27K    90   45.40   45.27
c [branch] adjusting to: vmtf (from: vsid) var_decay:0.95 descr: VMTF
c rst  luby  svd  vmt   123   34K    3010 18822  1649    3.96    3.81   482   913   27K    90   45.52   45.39
c rst  luby  svd  vmt   124   34K    3010 18822  1649    3.96    3.81   485   918   27K    90   45.60   45.47
c rst  luby  svd  vmt   125   34K    3010 18822  1649    3.96    3.81   487   925   28K    90   45.72   45.59
c rst  luby  svd  vmt   126   34K    3010 18822  1649    3.96    3.81   489   925   28K    90   45.74   45.61
c rst  luby  svd  vmt   127   34K    3010 18822  1649    3.96    3.81   492   931   28K    92   45.80   45.66
c rst  luby  svd  vmt   128   34K    3010 18822  1649    3.96    3.81   494   940   28K    92   45.92   45.78
c rst  luby  svd  vmt   129   35K    3010 18822  1649    3.96    3.81   496   951   28K    92   46.05   45.92
c rst  luby  svd  vmt   130   35K    3010 18822  1649    3.96    3.81   497   956   29K    92   46.09   45.96
c rst  luby  svd  vmt   131   35K    3010 18822  1649    3.96    3.81   497   957   29K    92   46.10   45.96
c rst  luby  svd  vmt   132   35K    3010 18822  1649    3.96    3.81   498   961   29K    92   46.24   46.11
c rst  luby  svd  vmt   133   35K    3010 18822  1649    3.96    3.81   498   961   29K    92   46.33   46.20
c [distill-long-red0] cls tried: 238/238 T: 0.02 T-out: N T-r: 99.53%
c [distill-long-red1] cls tried: 35/916 T: 0.01 T-out: Y T-r: -6.15%
c rst  luby  svd  vmt   134   35K    3010 18822  1649    3.96    3.81   495   962   29K    95   46.32   46.18
c rst  luby  svd  vmt   135   36K    3010 18822  1649    3.96    3.81   496   962   29K    95   46.28   46.15
c rst  luby  svd  vmt   136   36K    3010 18822  1649    3.96    3.81   500   971   30K    95   46.29   46.16
c rst  luby  svd  vmt   137   37K    3010 18822  1649    3.96    3.81   504   985   30K    97   46.64   46.50
c rst  luby  svd  vmt   138   37K    3010 18822  1649    3.96    3.81   505   989   31K    97   46.66   46.53
c rst  luby  svd  vmt   139   37K    3010 18822  1649    3.96    3.81   505   992   31K    97   46.72   46.59
c rst  luby  svd  vmt   140   37K    3010 18822  1649    3.96    3.81   508  1000   31K    97   46.69   46.56
c rst  luby  svd  vmt   141   37K    3010 18822  1649    3.96    3.81   509  1002   31K    97   46.71   46.58
c rst  luby  svd  vmt   142   37K    3010 18822  1649    3.96    3.81   509  1005   31K    97   46.68   46.55
c rst  luby  svd  vmt   143   38K    3010 18822  1649    3.96    3.81   510  1009   31K    97   46.67   46.54
c rst  geom best  vmt   144   38K    3010 18822  1649    3.96    3.81   510  1009   31K    97   46.73   46.60
c rst  geom best  vmt   145   38K    3010 18822  1649    3.96    3.81   512  1012   31K    97   46.73   46.60
c rst  geom best  vmt   146   38K    3010 18822  1649    3.96    3.81   515  1012   32K    97   46.82   46.69
c rst  geom best  vmt   147   38K    3010 18822  1649    3.96    3.81   515  1015   32K    97   46.90   46.77
c rst  geom best  vmt   148   38K    3010 18822  1649    3.96    3.81   518  1021   32K    97   46.89   46.76
c rst  geom best  vmt   149   38K    3010 18822  1649    3.96    3.81   520  1022   32K    97   47.06   46.93
c rst  geom best  vmt   150   39K    3010 18822  1649    3.96    3.81   522  1024   32K    98   47.15   47.02
c rst  geom best  vmt   151   39K    3010 18822  1649    3.96    3.81   522  1030   32K    98   47.32   47.19
c rst  geom best  vmt   152   39K    3010 18822  1649    3.96    3.81   524  1037   33K    98   47.43   47.30
c rst  geom best  vmt   153   39K    3010 18822  1649    3.96    3.81   524  1059   33K    98   47.42   47.29
c rst  geom best  vmt   154   40K    3010 18822  1649    3.96    3.81   650   939   33K    98   47.56   47.43
c [full-probe]  bin_only: 0 set: 0 repl: 0 T: 0.01 T-out: N T-r: 96.57%
c [impl-str] lit bin: 0 set-var: 0 T: 0.00 T-out: N T-r: 99.95% w-visit: 6026
c [impl-sub] bin: 33 T: 0.00 T-out: N w-visit: 6026
c rst  geom best  vmt   155   40K    3010 18822  1649    3.96    3.81   653   948   34K    67   47.53   47.44
c rst  geom best  vmt   156   40K    3010 18822  1649    3.96    3.81   657   954   34K    67   47.70   47.62
c rst  geom best  vmt   157   41K    3010 18822  1649    3.96    3.81   659   965   34K    67   47.78   47.70
c rst  geom best  vmt   158   41K    3010 18822  1649    3.96    3.81   667   998   35K    67   47.77   47.69
c rst  geom best  vmt   159   41K    3010 18822  1649    3.96    3.81   668  1013   35K    67   47.87   47.79
c rst  geom best  vmt   160   42K    3010 18822  1649    3.96    3.81   670  1037   36K    67   48.06   47.98
c [branch] adjusting to: vsid (from: vmtf) var_decay:0.95 descr: VSIDS
c rst  geom best   vs   161   42K    3010 18822  1649    3.96    3.81   670  1037   36K    67   47.98   47.90
c rst  geom best   vs   162   42K    3010 18822  1649    3.96    3.81   670  1037   36K    67   47.88   47.80
c rst  geom best   vs   163   42K    3010 18822  1649    3.96    3.81   670  1037   36K    67   47.78   47.70
c rst  geom best   vs   164   42K    3010 18822  1649    3.96    3.81   670  1037   36K    67   47.65   47.57
c rst  geom best   vs   165   43K    3010 18822  1649    3.96    3.81   670  1037   36K    67   47.52   47.44
c rst  geom best   vs   166   43K    3010 18822  1649    3.96    3.81   670  1037   36K    67   47.37   47.29
c rst  geom best   vs   167   43K    3010 18822  1649    3.96    3.81   670  1037   37K    67   47.22   47.14
c rst  geom  stb   vs   168   43K    3010 18822  1649    3.96    3.81   670  1037   37K    67   47.08   47.00
c rst  geom  stb   vs   169   43K    3010 18822  1649    3.96    3.81   670  1037   37K    67   46.93   46.85
c rst  geom  stb   vs   170   44K    3010 18822  1649    3.96    3.81   670  1037   37K    67   46.77   46.69
c [ccnr] tries: 0 steps: 262143 best found: 16
c [ccnr] tries: 0 steps: 524287 best found: 15
c [ccnr] tries: 0 steps: 786431 best found: 15
c [ccnr] saving best assignment phase to stable_polar
c [ccnr] bumping based on clause weights
c [ccnr] Bumped vars: 103 bump type: 6
c [ccnr] time: 0.60
c rst  geom  stb   vs   171   44K    3010 18822  1649    3.96    3.81   670  1037   38K    67   46.64   46.56
c rst  geom  stb   vs   172   44K    3010 18822  1649    3.96    3.81   670  1037   38K    67   46.46   46.39
c rst  geom  stb   vs   173   45K    3010 18822  1649    3.96    3.81   708  1770   31K    67   45.58   45.49
c rst  geom  stb   vs   174   45K    3010 18822  1649    3.96    3.81   708  1770   31K    67   45.31   45.22
c rst  geom  stb   vs   175   45K    3010 18822  1649    3.96    3.81   708  1770   31K    67   45.01   44.92
c rst  geom  stb   vs   176   46K    3010 18822  1649    3.96    3.81   709  1770   32K    67   44.75   44.67
c rst  geom  stb   vs   177   46K    3010 18822  1649    3.96    3.81   709  1770   32K    67   44.46   44.38
c rst  geom  stb   vs   178   47K    3010 18822  1649    3.96    3.81   709  1770   33K    67   44.11   44.03
c rst  geom  stb   vs   179   48K    3010 18822  1649    3.96    3.81   709  1770   34K    67   43.83   43.75
c rst  geom  stb   vs   180   48K    3010 18822  1649    3.96    3.81   709  1770   34K    67   43.50   43.43
c rst  geom  stb   vs   181   49K    3010 18822  1649    3.96    3.81   711  1771   35K    67   43.10   43.02
c rst  geom ibes   vs   182   50K    3010 18822  1649    3.96    3.81   752  1730   36K    67   42.84   42.77
c [gauss] XOR-encoding clauses are not detached, so no need to reattach them.
c [g 0] truth-find prop checks  : 907K
c [g 0] -> of which prop        : 36.69 %
c [g 0] -> of which confl       :  3.16 %
c [g 0] elim called             : 171K
c [g 0] ---> which lead to prop :  7.68 %
c [g 0] ---> which lead to confl:  0.65 %
c [g 0] size: 50    x 765  
c [scc] new: 7 BP 0M T: 0.00
c [vrep] vars 7 lits 21802 rem-bin-cls 32 rem-long-cls 61 BP 0M T: 0.03
c [scc] new: 0 BP 0M T: 0.00
c [vrep] vars 0 lits 0 rem-bin-cls 0 rem-long-cls 0 BP 0M T: 0.01
c [intree] Set 0 vars hyper-added: 811 trans-irred: 0 trans-red: 54 T: 0.01 T-out: N T-r: -1.27%
c [find&init matx] performing matrix init
c [gauss] XOR-encoding clauses are not detached, so no need to reattach them.
c [xor-rem-unconnected] left with 50 xors from 50 non-empty xors T: 0.00
c [xor-together] xored together: 0 orig xors: 50 new xors: 50 T: 0.00
c [xor-rem-unconnected] left with 50 xors from 50 non-empty xors T: 0.00
c [xor-clean-equiv] removed equivalent xors: 0 left with: 50
c [matrix] unused xors from cleaning: 0
c [matrix] Good   matrix 0 50      x759    density:0.1201  xorlen avg: 91.14
c [matrix] Using 1 matrices recovered from 0 xors T: 0.00 T-out: N
c rst  geom ibes vs   183   51  K 3003    18820  1637 3.96    3.81      749  1730   37K   818 42.49   41.66  
c [distill-long-red0] cls tried: 257/257 T: 0.03 T-out: N T-r: 99.14%
c [distill-long-red1] cls tried: 24/1650 T: 0.01 T-out: Y T-r: -6.25%
c rst  geom ibes vs   184   52  K 3003    18820  1637 3.96    3.81      747  1730   38K   820 42.03   41.23  
c [distill] watch-based irred--  cl tried 1567     cl-sh 0     cl-rem 1    lit-rem 0      T: 0.00 T-out: N
c [distill] watch-based red  --  cl tried 1493     cl-sh 22    cl-rem 1    lit-rem 41     T: 0.00 T-out: N
c rst  geom ibes vs   185   53  K 3003    18819  1638 3.96    3.81      746  1730   39K   819 42.03   41.26  
c [branch] adjusting to: vmtf (from: vsid) var_decay:0.95 descr: VMTF
c [distill-bin] useful: 0/1429/1638 lits-rem: 0 cl-rem: 0 0-depth-assigns: 0 T: 0.02 T-out: Y
c rst  luby ibes vmt  186   53  K 3003    18819  1638 3.96    3.81      747  1738   39K   819 42.04   41.27  
c rst  luby ibes vmt  187   53  K 3003    18819  1638 3.96    3.81      748  1752   39K   819 42.05   41.28  
c rst  luby ibes vmt  188   53  K 3003    18819  1638 3.96    3.81      751  1795   39K   819 42.04   41.27  
c rst  luby ibes vmt  189   53  K 3003    18819  1638 3.96    3.81      751  1795   39K   819 42.07   41.31  
c rst  luby ibes vmt  190   53  K 3003    18819  1638 3.96    3.81      752  1799   39K   819 42.08   41.32  
c rst  luby ibes vmt  191   53  K 3003    18819  1638 3.96    3.81      752  1818   39K   819 42.07   41.31  
c rst  luby ibes vmt  192   54  K 3003    18819  1638 3.96    3.81      756  1903   40K   819 42.08   41.33  
c rst  luby ibes vmt  193   54  K 3003    18819  1638 3.96    3.81      757  1903   40K   819 42.15   41.40  
c rst  luby ibes vmt  194   54  K 3003    18819  1638 3.96    3.81      760  1904   40K   819 42.22   41.47  
c rst  luby ibes vmt  195   54  K 3003    18819  1638 3.96    3.81      762  1923   40K   819 42.23   41.48  
c rst  luby ibes vmt  196   54  K 3003    18819  1638 3.96    3.81      762  1926   40K   819 42.27   41.53  
c rst  luby ibes vmt  197   54  K 3003    18819  1638 3.96    3.81      763  1931   40K   819 42.29   41.55  
c rst  luby ibes vmt  198   55  K 3003    18819  1638 3.96    3.81      764  1976   41K   819 42.27   41.53  
c rst  luby svd  vmt  199   55  K 3003    18819  1638 3.96    3.81      769  1980   41K   819 42.57   41.83  
c rst  luby svd  vmt  200   56  K 3003    18819  1638 3.96    3.81      776  1985   41K   819 42.91   42.18  
c recursive minimization cost OK: 292Kcost/(% lits removed)
c [gauss] XOR-encoding clauses are not detached, so no need to reattach them.
c [g 0] truth-find prop checks  : 111K
c [g 0] -> of which prop        : 37.12 %
c [g 0] -> of which confl       :  3.24 %
c [g 0] elim called             : 21K
c [g 0] ---> which lead to prop :  2.93 %
c [g 0] ---> which lead to confl:  0.22 %
c [g 0] size: 50    x 759  
c --> Executing strategy token: scc-vrepl
c [scc] new: 6 BP 0M T: 0.00
c [vrep] vars 5 lits 10093 rem-bin-cls 21 rem-long-cls 83 BP 0M T: 0.02
c --> Executing strategy token: sub-impl
c [impl-sub] bin: 9 T: 0.00 T-out: N w-visit: 6026
c --> Executing strategy token: breakid
c --> Executing OCC strategy token(s): 'occ-backw-sub-str,occ-clean-implicit,occ-bve,occ-bva,occ-ternary-res,occ-xor,'
c [occ] mem usage for occur 1      MB
c [occ] Linked in IRRED BIN by default: 1631
c [occ] Linked in RED   BIN by default: 808
c [occ] mem usage for occur 0      MB
c Mem for watch alloc      : 3           MB (18.23     %)
c Mem for watch array      : 0           MB (0.88      %)
c --> Executing OCC strategy token: occ-backw-sub-str
c [occ-backw-sub-str-long-w-bins] subs: 1 str: 4 tried: 2439 0-depth ass: 0 T: 0.00 T-out: N T-r: 99.33%
c [occ-backw-sub-long-w-long] rem cl: 60 tried: 63478/63478 (100.0%) T: 0.01 T-out: N T-r: 96.44%
c [occ-backw-sub-str-long-w-long] sub: 0 str: 1 tried: 190434/63478 (300.0)  T: 0.06 T-out: N T-r: 87.97%
c --> Executing OCC strategy token: occ-clean-implicit
c --> Executing OCC strategy token: occ-bve
c [occ-empty-res] Empty resolvent elimed: 0 T: 0.00 T-out: N
c [occ-bve] iter v-elim 13
c cl_inc_rate=1.0, var_dec_rate=1.0 (grow=0)
c Reduced to 2985 vars, 20438 cls (grow=0)
c [occ-bve] iter v-elim 300
c cl_inc_rate=1.1, var_dec_rate=1.1 (grow=8)
c Reduced to 2685 vars, 21711 cls (grow=8)
c x n vars       : 2685
c #try to eliminate:  6320
c #var-elim        :   313
c #T-o: N
c #T-r: 99.99%
c #T  : 0.10
c [occur] 0.04 is overhead
c [occur] link-in T: 0.04 cleanup T: 0.00
c --> Executing OCC strategy token: occ-bva
c --> Executing OCC strategy token: occ-ternary-res
c [occ-ternary-res] Ternary res-tri: 48 res-bin: 0 sub: 1 str: 0 T: 0.00 T-out: N T-r: 99.35%
c --> Executing OCC strategy token: occ-xor
c [occ-xor] sort occur list T: 0.00
c [xor-clean-equiv] removed equivalent xors: 0 left with: 2097
c [occ-xor] found   2097 avg sz 4.0 min sz  4 max sz  5 T: 0.01 T-out: N T-r: 99.97%
c --> Executing strategy token: card-find
c --> Executing strategy token: cl-consolidate
c [mem] consolidate  old-sz: 10083K new-sz: 4382K new bits offs: 20 T: 0.00
c --> Executing strategy token: scc-vrepl
c [scc] new: 0 BP 0M T: 0.00
c --> Executing strategy token: renumber
c --> Executing strategy token: bosphorus
c --> Executing strategy token: louvain-comms
c [consolidate] mini T: 0.00
c global_timeout_multiplier: 3.3000
c [branch] rebuilding order heap for all branchings. Current branching: vmtf
c [find&init matx] performing matrix init
c [gauss] XOR-encoding clauses are not detached, so no need to reattach them.
c [xor-rem-unconnected] left with 2097 xors from 2097 non-empty xors T: 0.00
c [xor-together] xored together: 2042 orig xors: 2097 new xors: 55 T: 0.00
c [xor-rem-unconnected] left with 55 xors from 55 non-empty xors T: 0.00
c [xor-clean-equiv] removed equivalent xors: 0 left with: 55
c [matrix] unused xors from cleaning: 0
c [matrix] Good   matrix  0     55 x  463  density:0.1697  xorlen avg: 78.58
c [matrix] Using 1 matrices recovered from 0 xors T: 0.01 T-out: N
c rst  luby  svd  vmt   201   56K    2685   20K   901    4.11    4.02   170   273   24K   121   28.74   28.61
c rst  luby  svd  vmt   202   56K    2685   20K   901    4.11    4.02   171   274   24K   121   28.74   28.61
c rst  luby  svd  vmt   203   56K    2685   20K   901    4.11    4.02   172   278   24K   121   28.71   28.58
c rst  luby  svd  vmt   204   56K    2685   20K   901    4.11    4.02   172   286   24K   121   28.66   28.53
c rst  luby  svd  vmt   205   56K    2685   20K   901    4.11    4.02   172   288   24K   121   28.63   28.51
c rst  luby  svd  vmt   206   56K    2685   20K   901    4.11    4.02   172   291   24K   121   28.58   28.45
c [g  <0] Disabling GJ-elim in this round.  Usefulness was: 18.5367%  over 63787 calls
c rst  luby  svd  vmt   207   57K    2685   20K   901    4.11    4.02   174   299   24K   121   28.58   28.46
c rst  luby  svd  vmt   208   57K    2685   20K   901    4.11    4.02   192   406   25K   121   28.50   28.38
c rst  luby  svd  vmt   209   57K    2685   20K   901    4.11    4.02   192   408   25K   121   28.56   28.44
c rst  luby  svd  vmt   210   57K    2685   20K   901    4.11    4.02   192   422   25K   121   28.54   28.41
c rst  luby  svd  vmt   211   57K    2685   20K   901    4.11    4.02   195   424   25K   121   28.61   28.49
c rst  luby  svd  vmt   212   58K    2685   20K   901    4.11    4.02   195   430   25K   121   28.66   28.54
c rst  luby  svd  vmt   213   58K    2685   20K   901    4.11    4.02   196   443   25K   121   28.66   28.54
c rst  luby  svd  vmt   214   58K    2685   20K   901    4.11    4.02   197   445   25K   121   28.61   28.49
c rst  luby  svd  vmt   215   58K    2685   20K   901    4.11    4.02   199   455   26K   121   28.47   28.35
c rst  luby  svd  vmt   216   59K    2685   20K   901    4.11    4.02   203   482   27K   121   28.28   28.16
c rst  luby  svd  vmt   217   61K    2685   20K   901    4.11    4.02   374   631   24K   121   27.57   27.45
c [full-probe]  bin_only: 1 set: 0 repl: 0 T: 0.01 T-out: N T-r: 99.80%
c rst  geom best  vmt   218   61K    2685   20K   901    4.11    4.02   374   634   24K   121   27.58   27.46
c rst  geom best  vmt   219   61K    2685   20K   901    4.11    4.02   374   638   24K   121   27.55   27.43
c rst  geom best  vmt   220   61K    2685   20K   901    4.11    4.02   374   642   25K   121   27.53   27.41
c rst  geom best  vmt   221   61K    2685   20K   901    4.11    4.02   374   646   25K   121   27.52   27.40
c rst  geom best  vmt   222   61K    2685   20K   901    4.11    4.02   374   653   25K   121   27.46   27.34
c rst  geom best  vmt   223   62K    2685   20K   901    4.11    4.02   374   653   25K   121   27.53   27.42
c rst  geom best  vmt   224   62K    2685   20K   901    4.11    4.02   374   658   25K   121   27.51   27.40
c rst  geom best  vmt   225   62K    2685   20K   901    4.11    4.02   374   659   25K   121   27.43   27.31
c rst  geom best  vmt   226   62K    2685   20K   901    4.11    4.02   374   668   26K   121   27.38   27.27
c rst  geom best  vmt   227   62K    2685   20K   901    4.11    4.02   374   673   26K   121   27.29   27.18
c [branch] adjusting to: vsid (from: vmtf) var_decay:0.95 descr: VSIDS
c rst  geom best   vs   228   63K    2685   20K   901    4.11    4.02   379   685   26K   121   27.41   27.30
c rst  geom best   vs   229   63K    2685   20K   901    4.11    4.02   382   714   26K   121   27.47   27.36
c rst  geom best   vs   230   63K    2685   20K   901    4.11    4.02   385   727   26K   121   27.57   27.46
c rst  geom best   vs   231   63K    2685   20K   901    4.11    4.02   392   737   26K   121   27.68   27.57
c rst  geom best   vs   232   63K    2685   20K   901    4.11    4.02   395   749   26K   121   27.80   27.69
c rst  geom best   vs   233   63K    2685   20K   901    4.11    4.02   398   762   27K   121   27.96   27.85
c rst  geom best   vs   234   63K    2685   20K   901    4.11    4.02   401   767   27K   121   28.12   28.01
c rst  geom best   vs   235   64K    2685   20K   901    4.11    4.02   406   770   27K   121   28.20   28.09
c rst  geom best   vs   236   64K    2685   20K   901    4.11    4.02   408   788   27K   121   28.28   28.17
c rst  geom best   vs   237   64K    2685   20K   901    4.11    4.02   409   796   27K   121   28.43   28.32
c rst  geom best   vs   238   64K    2685   20K   901    4.11    4.02   409   814   28K   121   28.53   28.42
c rst  geom best   vs   239   65K    2685   20K   901    4.11    4.02   409   820   28K   121   28.65   28.54
c rst  geom best   vs   240   65K    2685   20K   901    4.11    4.02   413   836   28K   121   28.81   28.70
c rst  geom best   vs   241   65K    2685   20K   901    4.11    4.02   416   866   29K   121   28.96   28.85
c rst  geom best   vs   242   66K    2685   20K   901    4.11    4.02   417   869   29K   121   29.11   29.00
c [distill-long-red0] cls tried: 265/265 T: 0.01 T-out: N T-r: 99.56%
c [distill-long-red1] cls tried: 58/807 T: 0.01 T-out: Y T-r: -3.74%
c rst  geom best   vs   243   66K    2685   20K   901    4.11    4.02   419   879   30K   121   29.16   29.05
c rst  geom  stb   vs   244   67K    2685   20K   901    4.11    4.02   420   910   30K   121   29.52   29.41
c rst  geom  stb   vs   245   67K    2685   20K   901    4.11    4.02   427   921   31K   121   29.87   29.76
c rst  geom  stb   vs   246   68K    2685   20K   901    4.11    4.02   434   951   31K   121   30.00   29.90
c rst  geom  stb   vs   247   69K    2685   20K   901    4.11    4.02   436   976   32K   121   30.01   29.91
c rst  geom  stb   vs   248   69K    2685   20K   901    4.11    4.02   436   994   32K   121   30.28   30.19
c rst  geom  stb   vs   249   70K    2685   20K   901    4.11    4.02   725   718   33K   121   30.34   30.24
c rst  geom  stb   vs   250   71K    2685   20K   901    4.11    4.02   728   732   34K   121   30.26   30.17
c rst  geom  stb   vs   251   72K    2685   20K   901    4.11    4.02   731   752   35K   121   30.36   30.26
c rst  geom  stb   vs   252   73K    2685   20K   901    4.11    4.02   732   762   36K   121   30.47   30.38
c [distill-bin] useful: 5/901/901 lits-rem: 0 cl-rem: 5 0-depth-assigns: 0 T: 0.01 T-out: N
c rst  geom ibes   vs   253   74K    2685   20K   896    4.11    4.02   749   806   37K   121   30.89   30.80
c [branch] adjusting to: vmtf (from: vsid) var_decay:0.95 descr: VMTF
c rst  luby ibes  vmt   254   74K    2685   20K   896    4.11    4.02   749   807   37K   121   30.86   30.77
c rst  luby ibes  vmt   255   74K    2685   20K   896    4.11    4.02   749   809   37K   121   30.82   30.73
c rst  luby ibes  vmt   256   75K    2685   20K   896    4.11    4.02   811  1243   28K   121   29.95   29.84
c rst  luby ibes  vmt   257   75K    2685   20K   896    4.11    4.02   812  1244   28K   121   29.90   29.79
c rst  luby ibes  vmt   258   75K    2685   20K   896    4.11    4.02   814  1248   28K   121   29.90   29.79
c rst  luby ibes  vmt   259   75K    2685   20K   896    4.11    4.02   814  1255   29K   121   29.87   29.76
c rst  luby ibes  vmt   260   75K    2685   20K   896    4.11    4.02   817  1262   29K   121   29.74   29.63
c rst  luby ibes  vmt   261   75K    2685   20K   896    4.11    4.02   817  1263   29K   121   29.70   29.59
c rst  luby ibes  vmt   262   76K    2685   20K   896    4.11    4.02   817  1268   29K   121   29.65   29.55
c rst  luby ibes  vmt   263   76K    2685   20K   896    4.11    4.02   817  1270   29K   121   29.60   29.50
c rst  luby ibes  vmt   264   76K    2685   20K   896    4.11    4.02   817  1271   30K   121   29.60   29.50
c rst  luby ibes  vmt   265   76K    2685   20K   896    4.11    4.02   819  1276   30K   121   29.57   29.46
c rst  luby ibes  vmt   266   76K    2685   20K   896    4.11    4.02   819  1278   30K   121   29.60   29.49
c rst  luby ibes  vmt   267   77K    2685   20K   896    4.11    4.02   822  1297   30K   121   29.54   29.44
c [distill] watch-based irred--  cl tried     7612 cl-sh   158 cl-rem  168 lit-rem    166 T: 0.01 T-out: N
c [distill] watch-based   red--  cl tried     1644 cl-sh   162 cl-rem    0 lit-rem    341 T: 0.00 T-out: N
c rst  luby ibes  vmt   268   77K    2685   20K   910    4.10    4.01   836  1319   31K   107   29.48   29.39
c rst  luby ibes  vmt   269   78K    2685   20K   910    4.10    4.01   837  1323   31K   107   29.50   29.41
c rst  luby ibes  vmt   270   78K    2685   20K   910    4.10    4.01   839  1326   31K   107   29.50   29.42
c rst  luby ibes  vmt   271   78K    2685   20K   910    4.10    4.01   840  1334   31K   107   29.50   29.42
c rst  luby ibes  vmt   272   78K    2685   20K   910    4.10    4.01   841  1341   31K   107   29.50   29.41
c rst  luby ibes  vmt   273   78K    2685   20K   910    4.10    4.01   841  1341   32K   107   29.55   29.46
c rst  luby ibes  vmt   274   78K    2685   20K   910    4.10    4.01   841  1343   32K   107   29.55   29.46
c rst  luby ibes  vmt   275   79K    2685   20K   910    4.10    4.01   843  1357   32K   107   29.57   29.48
c rst  luby ibes  vmt   276   79K    2685   20K   910    4.10    4.01   843  1358   32K   107   29.57   29.49
c rst  luby ibes  vmt   277   79K    2685   20K   910    4.10    4.01   843  1362   32K   107   29.59   29.50
c rst  luby  svd  vmt   278   79K    2685   20K   910    4.10    4.01   844  1377   33K   107   29.64   29.56
c rst  luby  svd  vmt   279   79K    2685   20K   910    4.10    4.01   848  1381   33K   107   29.65   29.57
c rst  luby  svd  vmt   280   79K    2685   20K   910    4.10    4.01   848  1387   33K   107   29.66   29.58
c rst  luby  svd  vmt   281   79K    2685   20K   910    4.10    4.01   852  1409   33K   107   29.65   29.57
c rst  luby  svd  vmt   282   80K    2685   20K   910    4.10    4.01  1203  1068   33K   107   29.67   29.58
c rst  luby  svd  vmt   283   81K    2685   20K   910    4.10    4.01  1209  1080   34K   107   29.86   29.78
c rst  luby  svd  vmt   284   82K    2685   20K   910    4.10    4.01  1229  1136   36K   107   29.81   29.73
c [distill-long-red0] cls tried: 826/826 T: 0.03 T-out: N T-r: 98.92%
c [distill-long-red1] cls tried: 41/1027 T: 0.01 T-out: Y T-r: -3.92%
c [full-probe]  bin_only: 0 set: 0 repl: 0 T: 0.01 T-out: N T-r: 97.19%
c rst  luby  svd  vmt   285   82K    2685   20K   910    4.10    4.01  1229  1140   36K   107   29.79   29.71
c rst  luby  svd  vmt   286   82K    2685   20K   910    4.10    4.01  1232  1144   36K   107   29.78   29.70
c rst  luby  svd  vmt   287   83K    2685   20K   910    4.10    4.01  1237  1154   36K   107   29.79   29.71
c rst  luby  svd  vmt   288   83K    2685   20K   910    4.10    4.01  1238  1154   36K   107   29.80   29.73
c rst  luby  svd  vmt   289   83K    2685   20K   910    4.10    4.01  1238  1154   36K   107   29.81   29.74
c rst  luby  svd  vmt   290   83K    2685   20K   910    4.10    4.01  1238  1156   36K   107   29.81   29.73
c rst  luby  svd  vmt   291   83K    2685   20K   910    4.10    4.01  1243  1163   37K   107   29.78   29.70
c rst  luby  svd  vmt   292   84K    2685   20K   910    4.10    4.01  1245  1164   37K   107   29.77   29.69
c rst  luby  svd  vmt   293   84K    2685   20K   910    4.10    4.01  1247  1171   37K   107   29.77   29.69
c rst  luby  svd  vmt   294   84K    2685   20K   910    4.10    4.01  1248  1178   37K   107   29.75   29.68
c rst  luby  svd  vmt   295   84K    2685   20K   910    4.10    4.01  1248  1184   37K   107   29.75   29.68
c rst  luby  svd  vmt   296   84K    2685   20K   910    4.10    4.01  1250  1185   37K   107   29.74   29.67
c rst  luby  svd  vmt   297   84K    2685   20K   910    4.10    4.01  1251  1187   38K   107   29.70   29.63
c rst  luby  svd  vmt   298   85K    2685   20K   910    4.10    4.01  1259  1196   38K   107   29.68   29.60
c rst  luby  svd  vmt   299   85K    2685   20K   910    4.10    4.01  1260  1207   39K   107   29.74   29.67
c rst  geom best  vmt   300   86K    2685   20K   910    4.10    4.01  1260  1207   39K   107   29.78   29.70
c rst  geom best  vmt   301   86K    2685   20K   910    4.10    4.01  1260  1209   39K   107   29.79   29.72
c rst  geom best  vmt   302   86K    2685   20K   910    4.10    4.01  1260  1217   39K   107   29.88   29.81
c rst  geom best  vmt   303   86K    2685   20K   910    4.10    4.01  1261  1223   39K   107   29.89   29.82
c rst  geom best  vmt   304   86K    2685   20K   910    4.10    4.01  1261  1227   39K   107   29.93   29.86
c rst  geom best  vmt   305   86K    2685   20K   910    4.10    4.01  1263  1245   40K   107   29.93   29.86
c rst  geom best  vmt   306   87K    2685   20K   910    4.10    4.01  1263  1252   40K   107   29.99   29.92
c rst  geom best  vmt   307   87K    2685   20K   910    4.10    4.01  1264  1261   40K   107   30.00   29.93
c rst  geom best  vmt   308   87K    2685   20K   910    4.10    4.01  1267  1264   40K   107   30.02   29.95
c rst  geom best  vmt   309   87K    2685   20K   910    4.10    4.01  1268  1270   40K   107   30.04   29.97
c [branch] adjusting to: vsid (from: vmtf) var_decay:0.95 descr: VSIDS
c rst  geom best   vs   310   87K    2685   20K   910    4.10    4.01  1269  1275   40K   107   30.07   30.00
c rst  geom best   vs   311   87K    2685   20K   910    4.10    4.01  1269  1277   41K   107   30.08   30.01
c rst  geom best   vs   312   88K    2685   20K   910    4.10    4.01  1270  1279   41K   107   30.12   30.06
c rst  geom best   vs   313   88K    2685   20K   910    4.10    4.01  1270  1280   41K   107   30.14   30.07
c [ccnr] tries: 0 steps: 262143 best found: 14
c [ccnr] tries: 0 steps: 524287 best found: 13
c [ccnr] tries: 0 steps: 786431 best found: 13
c [ccnr] saving best assignment phase to stable_polar
c [ccnr] bumping based on var unsat frequency: conflict_ct
c [ccnr] Bumped vars: 3013 bump type: 6
c [ccnr] time: 0.56
c rst  geom best   vs   314   88K    2685   20K   910    4.10    4.01  1270  1283   41K   107   30.17   30.10
c rst  geom best   vs   315   88K    2685   20K   910    4.10    4.01  1270  1284   41K   107   30.18   30.11
c rst  geom best   vs   316   88K    2685   20K   910    4.10    4.01  1270  1286   41K   107   30.24   30.17
c rst  geom best   vs   317   88K    2685   20K   910    4.10    4.01  1272  1294   42K   107   30.23   30.16
c rst  geom best   vs   318   89K    2685   20K   910    4.10    4.01  1273  1301   42K   107   30.25   30.18
c rst  geom best   vs   319   89K    2685   20K   910    4.10    4.01  1274  1304   42K   107   30.28   30.21
c rst  geom best   vs   320   89K    2685   20K   910    4.10    4.01  1274  1315   42K   107   30.32   30.25
c rst  geom best   vs   321   90K    2685   20K   910    4.10    4.01  1546  1664   32K   107   32.05   31.96
c rst  geom best   vs   322   90K    2685   20K   910    4.10    4.01  1547  1670   33K   107   32.15   32.06
c rst  geom best   vs   323   90K    2685   20K   910    4.10    4.01  1549  1675   33K   107   32.15   32.07
c rst  geom best   vs   324   91K    2685   20K   910    4.10    4.01  1550  1678   33K   107   32.20   32.11
c rst  geom best   vs   325   91K    2685   20K   910    4.10    4.01  1550  1680   34K   107   32.27   32.19
c rst  geom best   vs   326   92K    2685   20K   910    4.10    4.01  1551  1702   34K   107   32.31   32.22
c rst  geom  stb   vs   327   92K    2685   20K   910    4.10    4.01  1554  1711   35K   107   32.47   32.38
c rst  geom  stb   vs   328   93K    2685   20K   910    4.10    4.01  1555  1725   35K   107   32.60   32.51
c rst  geom  stb   vs   329   93K    2685   20K   910    4.10    4.01  1560  1742   36K   107   32.64   32.56
c [distill-bin] useful: 3/910/910 lits-rem: 0 cl-rem: 3 0-depth-assigns: 0 T: 0.01 T-out: N
c rst  geom  stb   vs   330   94K    2685   20K   907    4.10    4.01  1561  1746   37K   107   32.61   32.53
c rst  geom  stb   vs   331   95K    2685   20K   907    4.10    4.01  1563  1753   38K   107   32.55   32.47
c rst  geom  stb   vs   332   96K    2685   20K   907    4.10    4.01  1566  1764   38K   107   32.58   32.50
c rst  geom  stb   vs   333   97K    2685   20K   907    4.10    4.01  1568  1777   39K   107   32.51   32.43
c rst  geom  stb   vs   334   98K    2685   20K   907    4.10    4.01  1572  1791   40K   107   32.52   32.45
c [distill-long-red0] cls tried: 342/342 T: 0.02 T-out: N T-r: 99.47%
c [distill-long-red1] cls tried: 41/1643 T: 0.01 T-out: Y T-r: -4.41%
c rst  geom ibes   vs   335   99K    2685   20K   907    4.10    4.01  1577  1814   41K   107   32.53   32.46
c rst  geom ibes   vs   336  100K    2685   20K   907    4.10    4.01  1728  1669   43K   107   32.38   32.31
c [impl-str] lit bin: 0 set-var: 0 T: 0.00 T-out: N T-r: 99.95% w-visit: 6026
c [impl-sub] bin: 0 T: 0.00 T-out: N w-visit: 6026
c rst  geom ibes   vs   337  102K    2685   20K   907    4.10    4.01  1730  1681   44K   107   32.20   32.13
c [branch] adjusting to: vmtf (from: vsid) var_decay:0.95 descr: VMTF
c [distill] watch-based irred--  cl tried     7444 cl-sh     0 cl-rem    0 lit-rem      0 T: 0.01 T-out: N
c [distill] watch-based   red--  cl tried     3460 cl-sh   201 cl-rem    0 lit-rem    383 T: 0.00 T-out: N
c rst  luby ibes  vmt   338  102K    2685   20K   907    4.10    4.01  1738  1702   44K   107   32.16   32.09
c rst  luby ibes  vmt   339  102K    2685   20K   907    4.10    4.01  1738  1705   44K   107   32.19   32.13
c rst  luby ibes  vmt   340  102K    2685   20K   907    4.10    4.01  1739  1706   45K   107   32.19   32.12
c rst  luby ibes  vmt   341  102K    2685   20K   907    4.10    4.01  1739  1709   45K   107   32.18   32.11
c rst  luby ibes  vmt   342  102K    2685   20K   907    4.10    4.01  1739  1709   45K   107   32.16   32.10
c [full-probe]  bin_only: 1 set: 0 repl: 0 T: 0.01 T-out: N T-r: 99.72%
c rst  luby ibes  vmt   343  102K    2685   20K   907    4.10    4.01  1739  1715   45K   107   32.17   32.10
c rst  luby ibes  vmt   344  103K    2685   20K   907    4.10    4.01  1742  1717   45K   107   32.18   32.11
c rst  luby ibes  vmt   345  103K    2685   20K   907    4.10    4.01  1742  1717   45K   107   32.17   32.10
c rst  luby ibes  vmt   346  103K    2685   20K   907    4.10    4.01  1742  1720   46K   107   32.16   32.09
c rst  luby ibes  vmt   347  103K    2685   20K   907    4.10    4.01  1742  1722   46K   107   32.14   32.07
c rst  luby ibes  vmt   348  103K    2685   20K   907    4.10    4.01  1742  1723   46K   107   32.13   32.07
c rst  luby ibes  vmt   349  103K    2685   20K   907    4.10    4.01  1742  1723   46K   107   32.14   32.08
c rst  luby ibes  vmt   350  104K    2685   20K   907    4.10    4.01  1742  1726   46K   107   32.13   32.07
c rst  luby ibes  vmt   351  104K    2685   20K   907    4.10    4.01  1743  1740   46K   107   32.17   32.11
c rst  luby  svd  vmt   352  105K    2685   20K   907    4.10    4.01  1767  2243   35K   107   31.43   31.35
c rst  luby  svd  vmt   353  105K    2685   20K   907    4.10    4.01  1767  2244   35K   107   31.43   31.35
c rst  luby  svd  vmt   354  105K    2685   20K   907    4.10    4.01  1768  2245   35K   107   31.43   31.35
c rst  luby  svd  vmt   355  105K    2685   20K   907    4.10    4.01  1769  2252   36K   107   31.44   31.36
c rst  luby  svd  vmt   356  105K    2685   20K   907    4.10    4.01  1769  2253   36K   107   31.45   31.38
c rst  luby  svd  vmt   357  106K    2685   20K   907    4.10    4.01  1771  2259   36K   107   31.45   31.37
c rst  luby  svd  vmt   358  106K    2685   20K   907    4.10    4.01  1771  2266   36K   107   31.49   31.42
c rst  luby  svd  vmt   359  106K    2685   20K   907    4.10    4.01  1772  2295   36K   107   31.49   31.42
c rst  luby  svd  vmt   360  106K    2685   20K   907    4.10    4.01  1772  2302   37K   107   31.49   31.41
c rst  luby  svd  vmt   361  106K    2685   20K   907    4.10    4.01  1772  2305   37K   107   31.50   31.43
c rst  luby  svd  vmt   362  107K    2685   20K   907    4.10    4.01  1772  2308   37K   107   31.53   31.45
c rst  luby  svd  vmt   363  107K    2685   20K   907    4.10    4.01  1773  2310   37K   107   31.55   31.47
c rst  luby  svd  vmt   364  107K    2685   20K   907    4.10    4.01  1773  2312   37K   107   31.56   31.48
c rst  luby  svd  vmt   365  107K    2685   20K   907    4.10    4.01  1774  2315   37K   107   31.53   31.46
c rst  luby  svd  vmt   366  107K    2685   20K   907    4.10    4.01  1776  2321   38K   107   31.55   31.47
c rst  luby  svd  vmt   367  108K    2685   20K   907    4.10    4.01  1778  2337   38K   107   31.53   31.45
c rst  luby  svd  vmt   368  110K    2685   20K   907    4.10    4.01  1942  2153   40K   107   31.35   31.28
c rst  luby  svd  vmt   369  110K    2685   20K   907    4.10    4.01  1942  2154   40K   107   31.33   31.26
c rst  luby  svd  vmt   370  110K    2685   20K   907    4.10    4.01  1942  2155   40K   107   31.32   31.25
c rst  luby  svd  vmt   371  110K    2685   20K   907    4.10    4.01  1943  2157   40K   107   31.30   31.23
c rst  luby  svd  vmt   372  110K    2685   20K   907    4.10    4.01  1943  2158   40K   107   31.31   31.24
c rst  geom best  vmt   373  110K    2685   20K   907    4.10    4.01  1943  2158   41K   107   31.34   31.27
c rst  geom best  vmt   374  110K    2685   20K   907    4.10    4.01  1943  2159   41K   107   31.34   31.27
c rst  geom best  vmt   375  111K    2685   20K   907    4.10    4.01  1943  2160   41K   107   31.38   31.31
c rst  geom best  vmt   376  111K    2685   20K   907    4.10    4.01  1943  2164   41K   107   31.39   31.32
c rst  geom best  vmt   377  111K    2685   20K   907    4.10    4.01  1944  2173   41K   107   31.37   31.30
c rst  geom best  vmt   378  111K    2685   20K   907    4.10    4.01  1946  2177   41K   107   31.42   31.35
c rst  geom best  vmt   379  111K    2685   20K   907    4.10    4.01  1946  2179   42K   107   31.42   31.35
c rst  geom best  vmt   380  111K    2685   20K   907    4.10    4.01  1948  2188   42K   107   31.43   31.37
c rst  geom best  vmt   381  112K    2685   20K   907    4.10    4.01  1948  2192   42K   107   31.48   31.42
c rst  geom best  vmt   382  112K    2685   20K   907    4.10    4.01  1949  2194   42K   107   31.46   31.39
c rst  geom best  vmt   383  112K    2685   20K   907    4.10    4.01  1950  2201   42K   107   31.46   31.40
c rst  geom best  vmt   384  113K    2685   20K   907    4.10    4.01  1952  2208   43K   107   31.55   31.49
c rst  geom best  vmt   385  113K    2685   20K   907    4.10    4.01  1953  2216   43K   107   31.59   31.53
c [distill-long-red0] cls tried: 508/508 T: 0.03 T-out: N T-r: 99.09%
c [distill-long-red1] cls tried: 35/2032 T: 0.01 T-out: Y T-r: -4.70%
c rst  geom best  vmt   386  113K    2685   20K   907    4.10    4.01  1954  2221   43K   107   31.62   31.55
c rst  geom best  vmt   387  114K    2685   20K   907    4.10    4.01  1954  2229   44K   107   31.67   31.60
c [distill-bin] useful: 0/907/907 lits-rem: 0 cl-rem: 0 0-depth-assigns: 0 T: 0.01 T-out: N
c rst  geom best  vmt   388  114K    2685   20K   907    4.10    4.01  1955  2240   44K   107   31.65   31.59
c rst  geom best  vmt   389  115K    2685   20K   907    4.10    4.01  1955  2243   45K   107   31.72   31.66
c rst  geom best  vmt   390  115K    2685   20K   907    4.10    4.01  1957  2266   45K   107   31.74   31.68
c [gauss] XOR-encoding clauses are not detached, so no need to reattach them.
c [g 0] truth-find prop checks  : 45K
c [g 0] -> of which prop        : 16.77 %
c [g 0] -> of which confl       :  0.84 %
c [g 0] elim called             : 10476
c [g 0] ---> which lead to prop : 35.17 %
c [g 0] ---> which lead to confl:  1.93 %
c [g 0] size: 55    x 463  
c [scc] new: 0 BP 0M T: 0.00
c [vrep] vars 0 lits 0 rem-bin-cls 0 rem-long-cls 0 BP 0M T: 0.01
c [intree] Set 0 vars hyper-added: 38 trans-irred: 0 trans-red: 3 T: 0.01 T-out: N T-r: -2.28%
c [find&init matx] performing matrix init
c [gauss] XOR-encoding clauses are not detached, so no need to reattach them.
c [xor-rem-unconnected] left with 2097 xors from 2097 non-empty xors T: 0.00
c [xor-together] xored together: 2042 orig xors: 2097 new xors: 55 T: 0.00
c [xor-rem-unconnected] left with 55 xors from 55 non-empty xors T: 0.00
c [xor-clean-equiv] removed equivalent xors: 0 left with: 55
c [matrix] unused xors from cleaning: 0
c [matrix] Good   matrix 0 55      x463    density:0.1697  xorlen avg: 78.58
c [matrix] Using 1 matrices recovered from 0 xors T: 0.01 T-out: N
c rst  geom best vmt  391   116 K 2685      20K   907 4.10    4.01     1957  2266   46K   142 31.76   31.68  
c rst  geom best vmt  392   116 K 2685      20K   907 4.10    4.01     1958  2267   47K   142 31.73   31.65  
c rst  geom stb  vmt  393   117 K 2685      20K   907 4.10    4.01     1962  2277   47K   142 31.74   31.66  
c [branch] adjusting to: vsid (from: vmtf) var_decay:0.95 descr: VSIDS
c rst  geom stb  vs   394   117 K 2685      20K   907 4.10    4.01     1962  2277   47K   142 31.75   31.67  
c rst  geom stb  vs   395   117 K 2685      20K   907 4.10    4.01     1962  2277   48K   142 31.76   31.68  
c rst  geom stb  vs   396   118 K 2685      20K   907 4.10    4.01     1962  2279   48K   142 31.76   31.68  
c rst  geom stb  vs   397   118 K 2685      20K   907 4.10    4.01     1962  2279   48K   142 31.78   31.70  
c rst  geom stb  vs   398   118 K 2685      20K   907 4.10    4.01     1962  2280   48K   142 31.76   31.68  
c rst  geom stb  vs   399   118 K 2685      20K   907 4.10    4.01     1962  2281   48K   142 31.77   31.69  
c rst  geom stb  vs   400   118 K 2685      20K   907 4.10    4.01     1962  2281   48K   142 31.76   31.68  
c rst  geom stb  vs   401   118 K 2685      20K   907 4.10    4.01     1962  2281   49K   142 31.75   31.67  
c rst  geom stb  vs   402   119 K 2685      20K   907 4.10    4.01     1962  2281   49K   142 31.74   31.66  
c rst  geom stb  vs   403   119 K 2685      20K   907 4.10    4.01     1962  2281   49K   142 31.74   31.66  
c rst  geom stb  vs   404   119 K 2685      20K   907 4.10    4.01     1962  2281   49K   142 31.70   31.62  
c rst  geom stb  vs   405   120 K 2685      20K   907 4.10    4.01     2064  2617   36K   142 30.52   30.42  
c rst  geom stb  vs   406   120 K 2685      20K   907 4.10    4.01     2064  2617   36K   142 30.45   30.35  
c rst  geom stb  vs   407   120 K 2685      20K   907 4.10    4.01     2064  2617   36K   142 30.40   30.31  
c rst  geom stb  vs   408   121 K 2685      20K   907 4.10    4.01     2064  2617   37K   142 30.36   30.26  
c rst  geom stb  vs   409   121 K 2685      20K   907 4.10    4.01     2064  2617   37K   142 30.28   30.18  
c rst  geom stb  vs   410   122 K 2685      20K   907 4.10    4.01     2064  2617   38K   142 30.23   30.14  
c rst  geom stb  vs   411   122 K 2685      20K   907 4.10    4.01     2064  2617   38K   142 30.13   30.04  
c rst  geom stb  vs   412   123 K 2685      20K   907 4.10    4.01     2064  2617   39K   142 30.07   29.98  
c [full-probe]  bin_only: 0 set: 0 repl: 0 T: 0.01 T-out: N T-r: 95.51%
c rst  geom ibes vs   413   123 K 2685      20K   907 4.10    4.01     2064  2617   40K   142 29.90   29.82  
c rst  geom ibes vs   414   124 K 2685      20K   907 4.10    4.01     2064  2617   40K   142 29.67   29.58  
c rst  geom ibes vs   415   125 K 2685      20K   907 4.10    4.01     2064  2618   41K   142 29.44   29.36  
c rst  geom ibes vs   416   126 K 2685      20K   907 4.10    4.01     2064  2618   42K   142 29.61   29.53  
c rst  geom ibes vs   417   127 K 2685      20K   907 4.10    4.01     2064  2618   43K   142 29.38   29.30  
c [distill] watch-based irred--  cl tried 7441     cl-sh 1     cl-rem 3    lit-rem 1      T: 0.00 T-out: N
c [distill] watch-based red  --  cl tried 4128     cl-sh 83    cl-rem 0    lit-rem 185    T: 0.00 T-out: N
c rst  geom ibes vs   418   128 K 2685      20K   908 4.10    4.01     2064  2618   44K   141 29.35   29.27  
c rst  geom ibes vs   419   129 K 2685      20K   908 4.10    4.01     2064  2618   45K   141 29.21   29.13  
c [distill-long-red0] cls tried: 151/151 T: 0.01 T-out: N T-r: 99.67%
c [distill-long-red1] cls tried: 40/2399 T: 0.01 T-out: Y T-r: -4.54%
c rst  geom ibes vs   420   130 K 2685      20K   908 4.10    4.01     2073  2414   47K   141 29.03   28.95  
c rst  geom svd  vs   421   132 K 2685      20K   908 4.10    4.01     2073  2414   48K   141 28.82   28.75  
c rst  geom svd  vs   422   133 K 2685      20K   908 4.10    4.01     2073  2414   50K   141 28.65   28.58  
c [ccnr] tries: 0 steps: 262143 best found: 10
c [ccnr] tries: 0 steps: 524287 best found: 10
c [ccnr] tries: 0 steps: 786431 best found: 10
c [ccnr] saving best assignment phase to stable_polar
c [ccnr] bumping based on var unsat frequency: conflict_ct
c [ccnr] Bumped vars: 3013 bump type: 6
c [ccnr] time: 0.56
c rst  geom svd  vs   423   134 K 2685      20K   908 4.10    4.01     2073  2414   50K   141 28.66   28.59  
c recursive minimization cost OK: 397Kcost/(% lits removed)
c [gauss] XOR-encoding clauses are not detached, so no need to reattach them.
c [g 0] truth-find prop checks  : 351K
c [g 0] -> of which prop        : 68.13 %
c [g 0] -> of which confl       :  2.40 %
c [g 0] elim called             : 13356
c [g 0] ---> which lead to prop : 99.53 %
c [g 0] ---> which lead to confl:  1.89 %
c [g 0] size: 55    x 463  
c --> Executing strategy token: scc-vrepl
c [scc] new: 0 BP 0M T: 0.00
c --> Executing strategy token: sub-impl
c [impl-sub] bin: 0 T: 0.00 T-out: N w-visit: 6026
c --> Executing strategy token: breakid
c --> Executing OCC strategy token(s): 'occ-backw-sub-str,occ-clean-implicit,occ-bve,occ-bva,occ-ternary-res,occ-xor,'
c [occ] mem usage for occur 1      MB
c [occ] Linked in IRRED BIN by default: 908
c [occ] Linked in RED   BIN by default: 141
c [occ] mem usage for occur 0      MB
c Mem for watch alloc      : 8           MB (21.08     %)
c Mem for watch array      : 0           MB (0.36      %)
c --> Executing OCC strategy token: occ-backw-sub-str
c [occ-backw-sub-str-long-w-bins] subs: 0 str: 10 tried: 5335 0-depth ass: 0 T: 0.00 T-out: N T-r: 99.62%
c [occ-backw-sub-long-w-long] rem cl: 799 tried: 75961/75961 (100.0%) T: 0.01 T-out: N T-r: 95.34%
c [occ-backw-sub-str-long-w-long] sub: 4 str: 128 tried: 227883/75961 (300.0)  T: 0.07 T-out: N T-r: 86.96%
c --> Executing OCC strategy token: occ-clean-implicit
c --> Executing OCC strategy token: occ-bve
c [occ-empty-res] Empty resolvent elimed: 0 T: 0.00 T-out: N
c [occ-bve] iter v-elim 2
c cl_inc_rate=1.0, var_dec_rate=1.0 (grow=0)
c Reduced to 2683 vars, 21046 cls (grow=0)
c [occ-bve] iter v-elim 5
c cl_inc_rate=1.0, var_dec_rate=1.0 (grow=8)
c Reduced to 2678 vars, 21033 cls (grow=8)
c [occ-bve] iter v-elim 1053
c cl_inc_rate=1.8, var_dec_rate=1.6 (grow=16)
c Reduced to 1625 vars, 37721 cls (grow=16)
c x n vars       : 1625
c #try to eliminate:  9607
c #var-elim        :  1060
c #T-o: N
c #T-r: 99.80%
c #T  : 0.44
c [occur] 0.04 is overhead
c [occur] link-in T: 0.04 cleanup T: 0.00
c --> Executing OCC strategy token: occ-bva
c --> Executing OCC strategy token: occ-ternary-res
c [occ-ternary-res] Ternary res-tri: 9 res-bin: 0 sub: 0 str: 0 T: 0.00 T-out: N T-r: 99.54%
c --> Executing OCC strategy token: occ-xor
c [occ-xor] sort occur list T: 0.00
c [xor-clean-equiv] removed equivalent xors: 0 left with: 1063
c [occ-xor] found   1063 avg sz 5.9 min sz  4 max sz  6 T: 0.01 T-out: N T-r: 99.97%
c --> Executing strategy token: card-find
c --> Executing strategy token: cl-consolidate
c [mem] consolidate  old-sz: 10581K new-sz: 5933K new bits offs: 20 T: 0.00
c --> Executing strategy token: scc-vrepl
c [scc] new: 0 BP 0M T: 0.00
c --> Executing strategy token: renumber
c [gauss] XOR-encoding clauses are not detached, so no need to reattach them.
c [renumber] T: 0.00
c --> Executing strategy token: bosphorus
c --> Executing strategy token: louvain-comms
c [consolidate] mini T: 0.00
c global_timeout_multiplier: 3.6300
c [branch] rebuilding order heap for all branchings. Current branching: vsid
c [find&init matx] performing matrix init
c [gauss] XOR-encoding clauses are not detached, so no need to reattach them.
c [xor-rem-unconnected] left with 1063 xors from 1063 non-empty xors T: 0.00
c [xor-together] xored together: 1009 orig xors: 1063 new xors: 54 T: 0.00
c [xor-rem-unconnected] left with 54 xors from 54 non-empty xors T: 0.00
c [xor-clean-equiv] removed equivalent xors: 0 left with: 54
c [matrix] unused xors from cleaning: 0
c [matrix] Good   matrix  0     54 x  469  density:0.1695  xorlen avg: 79.52
c [matrix] Using 1 matrices recovered from 0 xors T: 0.00 T-out: N
c [distill-bin] useful: 2/821/821 lits-rem: 0 cl-rem: 2 0-depth-assigns: 0 T: 0.01 T-out: N
c rst  geom  svd   vs   424  135K    1625   36K   819    5.85    5.77   652  1062   29K   119   23.64   23.56
c [branch] adjusting to: vmtf (from: vsid) var_decay:0.95 descr: VMTF
c rst  luby  svd  vmt   425  135K    1625   36K   819    5.85    5.77   657  1085   29K   119   23.60   23.52
c rst  luby  svd  vmt   426  135K    1625   36K   819    5.85    5.77   666  1140   29K   119   23.57   23.48
c rst  luby  svd  vmt   427  135K    1625   36K   819    5.85    5.77   666  1143   29K   119   23.59   23.51
c rst  luby  svd  vmt   428  135K    1625   36K   819    5.85    5.77   666  1146   29K   119   23.59   23.51
c rst  luby  svd  vmt   429  135K    1625   36K   819    5.85    5.77   667  1147   29K   119   23.57   23.49
c rst  luby  svd  vmt   430  136K    1625   36K   819    5.85    5.77   667  1148   29K   119   23.50   23.42
c rst  luby  svd  vmt   431  136K    1625   36K   819    5.85    5.77   667  1151   30K   119   23.43   23.35
c rst  luby  svd  vmt   432  136K    1625   36K   819    5.85    5.77   667  1152   30K   119   23.43   23.36
c rst  luby  svd  vmt   433  136K    1625   36K   819    5.85    5.77   668  1152   30K   119   23.43   23.35
c rst  luby  svd  vmt   434  136K    1625   36K   819    5.85    5.77   668  1154   30K   119   23.38   23.30
c rst  luby  svd  vmt   435  137K    1625   36K   819    5.85    5.77   668  1157   30K   119   23.37   23.30
c rst  luby  svd  vmt   436  137K    1625   36K   819    5.85    5.77   669  1159   30K   119   23.36   23.29
c rst  geom best  vmt   437  137K    1625   36K   819    5.85    5.77   669  1160   31K   119   23.35   23.27
c rst  geom best  vmt   438  137K    1625   36K   819    5.85    5.77   669  1160   31K   119   23.32   23.25
c rst  geom best  vmt   439  137K    1625   36K   819    5.85    5.77   669  1164   31K   119   23.31   23.23
c rst  geom best  vmt   440  137K    1625   36K   819    5.85    5.77   670  1167   31K   119   23.26   23.19
c rst  geom best  vmt   441  137K    1625   36K   819    5.85    5.77   670  1169   31K   119   23.25   23.17
c rst  geom best  vmt   442  138K    1625   36K   819    5.85    5.77   670  1171   31K   119   23.21   23.13
c rst  geom best  vmt   443  138K    1625   36K   819    5.85    5.77   670  1171   31K   119   23.18   23.11
c rst  geom best  vmt   444  138K    1625   36K   819    5.85    5.77   670  1178   32K   119   23.13   23.06
c rst  geom best  vmt   445  138K    1625   36K   819    5.85    5.77   670  1182   32K   119   23.08   23.01
c rst  geom best  vmt   446  138K    1625   36K   819    5.85    5.77   670  1184   32K   119   23.05   22.98
c rst  geom best  vmt   447  139K    1625   36K   819    5.85    5.77   670  1185   32K   119   22.97   22.90
c rst  geom best  vmt   448  139K    1625   36K   819    5.85    5.77   672  1201   33K   119   22.93   22.86
c rst  geom best  vmt   449  139K    1625   36K   819    5.85    5.77   673  1216   33K   120   22.94   22.87
c rst  geom best  vmt   450  140K    1625   36K   819    5.85    5.77   788  1132   33K   120   22.84   22.78
c rst  geom best  vmt   451  140K    1625   36K   819    5.85    5.77   788  1135   34K   120   22.73   22.66
c rst  geom best  vmt   452  141K    1625   36K   819    5.85    5.77   788  1143   34K   120   22.69   22.62
c [g  <0] Disabling GJ-elim in this round.  Usefulness was: 19.9756%  over 433129 calls
c rst  geom best  vmt   453  141K    1625   36K   819    5.85    5.77   789  1154   35K   120   22.61   22.54
c rst  geom best  vmt   454  142K    1625   36K   819    5.85    5.77   789  1181   35K   120   22.66   22.60
c rst  geom best  vmt   455  142K    1625   36K   819    5.85    5.77   792  1226   36K   120   22.48   22.42
c rst  geom best  vmt   456  143K    1625   36K   819    5.85    5.77   794  1233   36K   120   22.43   22.36
c [full-probe]  bin_only: 1 set: 0 repl: 0 T: 0.01 T-out: N T-r: 99.66%
c rst  geom best  vmt   457  144K    1625   36K   819    5.85    5.77   795  1263   37K   120   22.37   22.30
c rst  geom  stb  vmt   458  144K    1625   36K   819    5.85    5.77   799  1279   38K   120   22.27   22.21
c [distill-long-red0] cls tried: 146/146 T: 0.01 T-out: N T-r: 99.67%
c [distill-long-red1] cls tried: 42/1179 T: 0.01 T-out: Y T-r: -7.43%
c rst  geom  stb  vmt   459  145K    1625   36K   819    5.85    5.77   799  1289   39K   120   22.20   22.14
c rst  geom  stb  vmt   460  146K    1625   36K   819    5.85    5.77   799  1303   40K   120   22.07   22.01
c rst  geom  stb  vmt   461  147K    1625   36K   819    5.85    5.77   799  1320   41K   120   22.02   21.96
c rst  geom  stb  vmt   462  148K    1625   36K   819    5.85    5.77   801  1343   42K   120   21.92   21.87
c rst  geom  stb  vmt   463  150K    1625   36K   819    5.85    5.77  1353  1638   33K   120   21.20   21.14
c rst  geom  stb  vmt   464  151K    1625   36K   819    5.85    5.77  1355  1654   34K   120   21.28   21.22
c rst  geom ibes  vmt   465  152K    1625   36K   819    5.85    5.77  1355  1672   35K   120   21.29   21.23
c ------- FINAL TOTAL SEARCH STATS ---------
c UIP search time          : 20.72       (95.95     % time)
c All times are for this thread only except if explicitly specified
c restarts                 : 465         (327.83    confls per restart)
c blocked restarts         : 0           (0.00      per normal restart)
c time                     : 20.72       
c decisions                : 173006      (0.00      % random)
c propagations             : 16970K      (818K      props/s)
c decisions/conflicts      : 1.13        
c conflicts                : 152440      
c LEARNT stats
c units learnt             : 0           (0.00      % of conflicts)
c bins learnt              : 88          (0.06      % of conflicts)
c long learnt              : 152962      (100.34    % of conflicts)
c red which0               : 711         (0.47      % of confl)
c SEAMLESS HYPERBIN&TRANS-RED stats
c advProp called           : 0           
c hyper-bin add bin        : 0           (0.00      bin/call)
c trans-red rem irred bin  : 0           (0.00      bin/call)
c trans-red rem red bin    : 0           (0.00      bin/call)
c CONFL LITS stats
c orig                     : 27239912    (178.69    lit/confl)
c recurs-min effective     : 138890      (91.11     % attempt successful)
c recurs-min lits          : 21960387    (80.62     % less overall)
c permDiff call%           : 2.54        (0.00      % attempt successful)
c permDiff lits-rem        : 0           (0.00      less lits/cl on attempts)
c further-min call%        : 0.02        (3.33      % attempt successful)
c bintri-min lits          : 1           (0.00      % less overall)
c final avg                : 34.63       
c all-threads sum CPU time : 20.72        s
c PROP stats
c Mbogo-props              : 52.59       (2.54      / sec)
c MHyper-props             : 0.05        (0.00      / sec)
c Mprops                   : 16.97       (0.82      / sec)
c -------- OccSimplifier STATS ----------
c time                     : 0.34        (0.00      % var-elim)
c called                   : 2           (0.17      s per call)
c 0-depth assigns          : 0           (0.00      % vars)
c -------- OccSimplifier STATS END ----------
c -------- SubsumeStrengthen STATS ----------
c cl-subs                  : 956          Clauses
c cl-str rem lit           : 238          Lits
c cl-sub T                 : 0.04         s
c cl-str T                 : 0.19         s
c -------- SubsumeStrengthen STATS END ----------
c ----- SCC STATS --------
c time                     : 0.00        (0.00      per call)
c called                   : 7           (1.86      new found per call)
c found                    : 13          (54.17     % of all found)
c bogoprops                : 252853      % of all found
c ----- SCC STATS END --------
c --------- VAR REPLACE STATS ----------
c time                     : 0.06        (0.02      per call)
c trees' crown             : 12          (0.40      % of vars)
c 0-depth assigns          : 0           (0.00      % vars)
c lits replaced            : 31895       
c bin cls removed          : 53          
c long cls removed         : 144         
c long lits removed        : 4174        
c bogoprops                : 1053427     
c --------- VAR REPLACE STATS END ----------
c vrep replace time        : 0.06        (0.29      % time)
c vrep tree roots          : 6           
c vrep trees' crown        : 12          (2.00      leafs/tree)
c -------- DISTILL-BIN STATS --------
c time                     : 0.08        (0.01      per call)
c timed out                : 1           (14.29     % of calls)
c distill/checked/potential: 0          /8275/8484
c lits-rem                 : 0           
c 0-depth-assigns          : 0           (0.00      % of vars)
c -------- DISTILL STATS END --------
c -------- STRENGTHEN STATS --------
c --> watch-based on irred cls
c time                     : 0.02        (0.00      s/call)
c shrinked/tried/total     : 159        /25639/199303
c subsumed/tried/total     : 175        /25639/199303
c lits-rem                 : 167         (0.15      % of lits tried)
c called                   : 10          (0.00      % ran out of time)
c --> watch-based on red cls
c time                     : 0.01        (0.00      s/call)
c shrinked/tried/total     : 490        /11476/11476
c subsumed/tried/total     : 2          /11476/11476
c lits-rem                 : 1005        (1.53      % of lits tried)
c called                   : 10          (0.00      % ran out of time)
c -------- STRENGTHEN STATS END --------
c -------- IMPLICIT SUB  STATS --------
c time                     : 0.01        (0.00      per call)
c timed out                : 0           (0.00      % of calls)
c rem bins                 : 42          
c -------- IMPLICIT SUB STATS END --------
c Mem used                 : 39          MB
c Mem for longclauses      : 8           MB (22.76     %)
c Mem for watch alloc      : 9           MB (24.16     %)
c Mem for watch array      : 0           MB (0.19      %)
c Mem for assings&vardata  : 0           MB (0.19      %)
c Mem for search&solve     : 0           MB (0.50      %)
c Mem for renumberer       : 0           MB (0.07      %)
c Mem for occsimplifier    : 0           MB (1.93      %)
c Mem for varReplacer&SCC  : 0           MB (0.16      %)
c Mem for impl subsume     : 0           MB (0.00      %)
c Mem for 3 distills       : 0           MB (0.00      %)
c Accounted for mem (rss)  : 49.97       %
c Accounted for mem (vm)   : 40.73       %
c restarts                 : 465         (327.83    confls per restart)
c blocked restarts         : 0           (0.00      per normal restart)
c time                     : 20.72       
c decisions                : 173006      (0.00      % random)
c propagations             : 16970K      (818K      props/s)
c decisions/conflicts      : 1.13        
c conflicts                : 152440      
c conf lits non-minim      : 27239912    (178.69    lit/confl)
c conf lits final          : 34.63       
c red which0               : 711         (0.47      % of confl)
c props/decision           : 0.00        
c props/conflict           : 0.00        
c 0-depth assigns          : 3           (0.18      % vars)
c 0-depth assigns by CNF   : 2           (0.12      % vars)
c reduceDB time            : 0.04        (0.19      % time)
c OccSimplifier time       : 0.34        (1.59      % time)
c [occur] 0.09 is overhead
c [occur] link-in T: 0.08 cleanup T: 0.02
c [occ-substr] long subBySub: 919 subByStr: 37 lits-rem-str: 238 T: 0.23
c SCC time                 : 0.00        (0.01      % time)
c [scc] new: 13 BP 0M  T: 0.00
c vrep replace time        : 0.06        (0.29      % time)
c vrep tree roots          : 6           
c vrep trees' crown        : 12          (2.00      leafs/tree)
c distill long time        : 0.29        (1.34      % time)
c distill bin time         : 0.08        (0.37      % time)
c strength cache-irred time: 0.02        (0.08      % time)
c strength cache-red time  : 0.01        (0.06      % time)
c avg cls in red 0         : 946.84      
c avg cls in red 1         : 1301.46     
c avg cls in red 2         : 32258.91    
c Conflicts in UIP         : 152440      (7058.67   confl/time_this_thread)
c Max Memory (rss) used    : 39988 kB    
c Total time (this thread) : 21.60       
s SATISFIABLE
v -1 2 -3 4 -5 -6 7 8 -9 10 11 -12 -13 14 15 -16 17 -18 -19 -20 -21 -22 -23 -24 
v 25 26 -27 28 29 -30 -31 -32 -33 -34 -35 -36 37 38 -39 40 41 -42 -43 -44 -45 
v -46 -47 -48 -49 -50 -51 -52 -53 -54 -55 -56 -57 -58 -59 -60 -61 62 63 -64 65 
v -66 -67 -68 -69 -70 -71 -72 -73 74 75 -76 77 -78 -79 -80 -81 -82 -83 -84 -85 
v -86 -87 -88 -89 -90 -91 92 93 -94 95 -96 -97 98 99 -100 101 -102 -103 -104 
v -105 -106 -107 -108 -109 110 111 -112 113 -114 -115 116 117 -118 119 -120 
v -121 -122 -123 -124 -125 -126 -127 -128 -129 -130 -131 -132 -133 -134 -135 
v -136 -137 -138 -139 -140 -141 -142 -143 -144 -145 -146 -147 -148 -149 -150 
v -151 -152 -153 -154 -155 -156 -157 -158 -159 -160 -161 -162 -163 164 165 -166 
v 167 -168 -169 170 171 -172 173 -174 -175 -176 -177 -178 -179 -180 -181 182 
v 183 -184 185 -186 -187 188 189 -190 191 -192 -193 -194 -195 -196 -197 -198 
v -199 -200 -201 -202 -203 -204 -205 -206 -207 -208 -209 -210 -211 -212 -213 
v -214 -215 -216 -217 -218 -219 -220 -221 -222 -223 -224 -225 -226 -227 -228 
v -229 -230 -231 -232 -233 -234 -235 236 237 -238 239 -240 -241 242 243 -244 
v 245 -246 -247 -248 -249 -250 -251 -252 -253 254 255 -256 257 -258 -259 260 
v 261 -262 263 -264 -265 -266 -267 -268 -269 -270 -271 -272 -273 -274 -275 -276 
v -277 -278 -279 -280 -281 -282 -283 -284 -285 -286 -287 -288 -289 -290 -291 
v -292 -293 -294 -295 -296 -297 -298 -299 -300 -301 -302 -303 -304 -305 -306 
v -307 -308 -309 -310 -311 -312 -313 -314 -315 -316 -317 -318 -319 -320 -321 
v -322 -323 -324 -325 -326 -327 -328 -329 -330 -331 -332 -333 -334 -335 -336 
v -337 -338 -339 -340 -341 -342 343 344 345 -346 -347 -348 -349 -350 -351 352 
v 353 -354 -355 356 357 -358 -359 -360 -361 362 -363 -364 -365 -366 367 -368 
v -369 370 371 -372 -373 -374 -375 -376 -377 378 -379 -380 -381 -382 383 -384 
v -385 386 387 -388 -389 -390 -391 -392 -393 394 -395 -396 -397 -398 399 -400 
v -401 402 403 -404 -405 -406 -407 -408 -409 410 -411 -412 -413 -414 415 -416 
v -417 418 419 -420 -421 -422 -423 -424 -425 -426 -427 -428 -429 -430 -431 -432 
v -433 -434 -435 -436 -437 -438 -439 -440 -441 -442 -443 -444 -445 -446 -447 
v -448 -449 -450 -451 -452 -453 -454 -455 -456 -457 -458 -459 -460 -461 -462 
v -463 -464 -465 -466 -467 -468 -469 -470 -471 -472 -473 -474 -475 -476 -477 
v -478 -479 -480 -481 -482 -483 -484 -485 -486 -487 -488 -489 -490 -491 -492 
v -493 -494 -495 -496 -497 -498 -499 -500 -501 -502 -503 -504 -505 -506 -507 
v -508 -509 -510 -511 -512 -513 -514 -515 -516 -517 -518 -519 -520 -521 522 
v -523 -524 -525 -526 527 -528 -529 530 531 -532 -533 -534 -535 -536 -537 538 
v -539 -540 -541 -542 543 -544 -545 546 547 -548 -549 -550 -551 -552 -553 -554 
v -555 -556 -557 -558 -559 -560 -561 -562 -563 -564 -565 -566 -567 -568 -569 
v -570 -571 -572 -573 -574 -575 -576 -577 -578 -579 -580 -581 -582 -583 -584 
v -585 586 -587 -588 -589 -590 591 -592 -593 594 595 -596 -597 -598 -599 -600 
v -601 602 -603 -604 -605 -606 607 -608 -609 610 611 -612 -613 -614 -615 -616 
v -617 -618 -619 -620 -621 -622 -623 -624 -625 -626 -627 -628 -629 -630 -631 
v -632 -633 -634 -635 -636 -637 -638 -639 -640 -641 -642 -643 -644 -645 -646 
v -647 -648 -649 -650 -651 -652 -653 -654 -655 -656 -657 -658 -659 -660 -661 
v -662 -663 -664 -665 -666 -667 -668 -669 -670 -671 -672 -673 -674 -675 -676 
v -677 -678 -679 -680 681 -682 -683 684 685 -686 -687 -688 -689 -690 -691 -692 
v -693 -694 -695 -696 -697 -698 -699 -700 -701 -702 -703 -704 -705 -706 -707 
v -708 -709 -710 -711 -712 -713 -714 -715 -716 -717 -718 -719 -720 -721 -722 
v -723 -724 -725 -726 -727 -728 -729 -730 -731 -732 -733 734 735 -736 -737 -738 
v -739 -740 -741 -742 -743 -744 -745 -746 -747 -748 -749 -750 -751 -752 753 
v -754 -755 -756 -757 -758 -759 -760 -761 -762 -763 -764 -765 -766 -767 768 769 
v 770 771 -772 -773 -774 -775 -776 777 778 779 780 781 782 783 784 785 786 787 
v 788 789 790 791 -792 -793 -794 -795 0
c [g 0] truth-find prop checks  : 320K
c [g 0] -> of which prop        : 20.46 %
c [g 0] -> of which confl       :  1.03 %
c [g 0] elim called             : 53K
c [g 0] ---> which lead to prop : 32.20 %
c [g 0] ---> which lead to confl:  1.19 %
c [g 0] size: 54    x 469  

real	0m21.822s
user	0m21.597s
sys	0m0.034s
