c BreakID not compiled in, disabling
c CryptoMiniSat version 5.11.19
c CMS Copyright (C) 2009-2020 Authors of CryptoMiniSat, see AUTHORS file
c CMS SHA revision b80e09ebd7703fc13b987401d693d7d406a50441
c Using VMTF code by Armin Biere from CaDiCaL
c Using Yalsat by Armin Biere, see Balint et al. Improving implementation of SLS solvers [...], SAT'14
c Using WalkSAT by Henry Kautz, see Kautz and Selman Pushing the envelope: planning, propositional logic, and stochastic search, AAAI'96,
c CMS is MIT licensed
c Using code from 'When Boolean Satisfiability Meets Gauss-E. in a Simplex Way'
c       by C.-S. Han and J.-H. Roland Jiang in CAV 2012. Fixes by M. Soos
c Using CCAnr from 'CCAnr: A Conf. Checking Based Local Search Solver [...]'
c       by Shaowei Cai, Chuan Luo, and Kaile Su, SAT 2015
c CMS compilation env CMAKE_CXX_COMPILER = /usr/bin/c++ | CMAKE_CXX_FLAGS =  -fvisibility=hidden -Wall -Wextra -Wunused -Wsign-compare -fno-omit-frame-pointer -Wtype-limits -Wuninitialized -Wno-deprecated -Wstrict-aliasing -Wpointer-arith -Wpointer-arith -Wformat-nonliteral -Winit-self -Wparentheses -Wunreachable-code -g -Wno-class-memaccess -mpopcnt -msse4.2 -ggdb3 -Wlogical-op -Wrestrict -Wnull-dereference -Wdouble-promotion -Wshadow -Wformat=2 -Wextra-semi -pedantic | COMPILE_DEFINES =  -DRDB0_ONLY_FEATURES -DUSE_ZLIB -DYALSAT_FPU | STATICCOMPILE = OFF | ONLY_SIMPLE =  | STATS = OFF | SQLITE3_FOUND =  | ZLIB_FOUND = TRUE | VALGRIND_FOUND =  | ENABLE_TESTING = OFF | SLOW_DEBUG = OFF | ENABLE_ASSERTIONS = ON | PYTHON_EXECUTABLE =  | PYTHON_LIBRARY =  | PYTHON_INCLUDE_DIRS =  | MY_TARGETS =  | LARGEMEM = OFF | LIMITMEM = OFF | BREAKID_LIBRARIES =  | BREAKID-VER = . | BOSPHORUS_LIBRARIES =  | BOSPH-VER = . | compilation date time = Jul 13 2026 14:05:03
c CMS compiled with gcc version 11.5.0 20240719 (Red Hat 11.5.0-5)
c Executed with command line: ./cryptominisat5 ./instancesBreak/IC_S4/Xn19l6-6-S.dimacs_break.cnf
c Reading file './instancesBreak/IC_S4/Xn19l6-6-S.dimacs_break.cnf'
c -- header says num vars:            802
c -- header says num clauses:        2520
c -- clauses added: 2468
c -- xor clauses added: 52
c -- vars added 802
c Parsing time: 0.00 s
c [find&init matx] performing matrix init
c [gauss] XOR-encoding clauses are not detached, so no need to reattach them.
c [xor-rem-unconnected] left with 50 xors from 50 non-empty xors T: 0.00
c [xor-together] xored together: 0 orig xors: 50 new xors: 50 T: 0.00
c [xor-rem-unconnected] left with 50 xors from 50 non-empty xors T: 0.00
c [xor-clean-equiv] removed equivalent xors: 0 left with: 50
c [matrix] unused xors from cleaning: 0
c [matrix] Good   matrix  0     50 x  765  density:0.1076  xorlen avg: 82.28
c [matrix] Using 1 matrices recovered from 0 xors T: 0.00 T-out: N
c [branch] adjusting to: vsid (from: vsid) var_decay:0.95 descr: VSIDS
c rst  geom  stb   vs     1   111    2765 16869  1657    3.96    3.79     0    21    69    21  139.09  113.15
c rst  geom  stb   vs     2   234    2765 16869  1657    3.96    3.79     0    21   190    23   93.50   84.50
c  res  pol bran  nres  conf freevar  IrrL  IrrB l/longC  l/allC RedL0 RedL1 RedL2  RedB l/longC  l/allC
c rst  geom  stb   vs     3   368    2765 16869  1657    3.96    3.79     1    27   314    26   78.18   72.80
c rst  geom  stb   vs     4   516    2765 16869  1657    3.96    3.79     1    27   462    26   67.85   64.53
c rst  geom  stb   vs     5   677    2765 16869  1657    3.96    3.79     1    28   622    26   62.32   60.00
c rst  geom  stb   vs     6   854    2765 16869  1657    3.96    3.79     1    28   799    26   56.86   55.19
c rst  geom  stb   vs     7  1048    2765 16869  1657    3.96    3.79     1    28   993    26   54.77   53.46
c rst  geom  stb   vs     8  1261    2765 16869  1657    3.96    3.79     1    28  1206    26   55.66   54.56
c rst  geom  stb   vs     9  1495    2765 16869  1657    3.96    3.79     1    28  1440    26   55.13   54.21
c rst  geom  stb   vs    10  1752    2765 16869  1657    3.96    3.79     1    28  1697    26   53.98   53.21
c rst  geom  stb   vs    11  2036    2765 16869  1657    3.96    3.79     1    28  1981    26   54.05   53.39
c rst  geom  stb   vs    12  2347    2765 16869  1657    3.96    3.79     1    28  2292    26   52.50   51.94
c rst  geom  stb   vs    13  2688    2765 16869  1657    3.96    3.79     1    29  2632    26   51.47   51.00
c rst  geom  stb   vs    14  3062    2765 16869  1657    3.96    3.79     1    29  3006    26   52.03   51.60
c rst  geom  stb   vs    15  3472    2765 16869  1657    3.96    3.79     5    36  3405    26   51.43   51.06
c rst  geom  stb   vs    16  3923    2765 16869  1657    3.96    3.79     5    36  3856    26   50.39   50.07
c rst  geom  stb   vs    17  4417    2765 16869  1657    3.96    3.79     7    42  4342    26   48.79   48.52
c rst  geom  stb   vs    18  4961    2765 16869  1657    3.96    3.79     8    42  4885    26   48.43   48.19
c rst  geom  stb   vs    19  5558    2765 16869  1657    3.96    3.79     8    42  5482    26   48.11   47.90
c [branch] adjusting to: vmtf (from: vsid) var_decay:0.95 descr: VMTF
c [distill-long-red0] cls tried: 8/8 T: 0.00 T-out: N T-r: 100.00%
c [distill-long-red1] cls tried: 42/42 T: 0.00 T-out: N T-r: 97.48%
c rst  luby ibes  vmt    20  5659    2765 16869  1657    3.96    3.79    19    64  5542    34   47.58   47.31
c rst  luby ibes  vmt    21  5761    2765 16869  1657    3.96    3.79    23    70  5634    34   47.73   47.46
c rst  luby ibes  vmt    22  5962    2765 16869  1657    3.96    3.79    23    71  5854    34   47.25   47.00
c rst  luby ibes  vmt    23  6063    2765 16869  1657    3.96    3.79    23    72  5954    34   46.62   46.37
c rst  luby ibes  vmt    24  6164    2765 16869  1657    3.96    3.79    25    72  6055    35   46.09   45.84
c rst  luby ibes  vmt    25  6365    2765 16869  1657    3.96    3.79    28    99  6252    35   45.20   44.96
c rst  luby ibes  vmt    26  6766    2765 16869  1657    3.96    3.79    31   121  6650    36   45.20   44.98
c rst  luby ibes  vmt    27  6868    2765 16869  1657    3.96    3.79    33   129  6754    36   45.16   44.93
c rst  luby ibes  vmt    28  6969    2765 16869  1657    3.96    3.79    33   136  6848    36   45.02   44.80
c rst  luby ibes  vmt    29  7172    2765 16869  1657    3.96    3.79    33   140  7047    36   45.74   45.52
c rst  luby ibes  vmt    30  7274    2765 16869  1657    3.96    3.79    34   149  7139    36   45.63   45.41
c rst  luby ibes  vmt    31  7375    2765 16869  1657    3.96    3.79    34   151  7238    36   45.86   45.65
c rst  luby ibes  vmt    32  7576    2765 16869  1657    3.96    3.79    36   153  7435    36   46.04   45.84
c rst  luby ibes  vmt    33  7977    2765 16869  1657    3.96    3.79    40   163  7823    37   46.41   46.20
c rst  luby ibes  vmt    34  8779    2765 16869  1657    3.96    3.79    47   192  8650    37   46.83   46.64
c rst  luby ibes  vmt    35  8881    2765 16869  1657    3.96    3.79    47   193  8751    37   47.13   46.95
c rst  luby ibes  vmt    36  8983    2765 16869  1657    3.96    3.79    51   196  8846    37   47.31   47.13
c rst  luby ibes  vmt    37  9184    2765 16869  1657    3.96    3.79    51   201  9044    37   47.27   47.09
c rst  luby ibes  vmt    38  9285    2765 16869  1657    3.96    3.79    51   205  9153    37   47.18   47.00
c rst  luby ibes  vmt    39  9387    2765 16869  1657    3.96    3.79    52   212  9258    37   47.02   46.85
c rst  luby ibes  vmt    40  9588    2765 16869  1657    3.96    3.79    54   222  9452    38   47.09   46.91
c rst  luby ibes  vmt    41  9989    2765 16869  1657    3.96    3.79    55   261  9858    38   47.15   46.98
c rst  luby ibes  vmt    42 10091    2765 16869  1657    3.96    3.79   145   191  9959    38   47.09   46.93
c rst  luby ibes  vmt    43 10193    2765 16869  1657    3.96    3.79   145   194 10084    38   47.02   46.86
c rst  luby ibes  vmt    44 10394    2765 16869  1657    3.96    3.79   146   196 10283    38   47.25   47.09
c rst  luby ibes  vmt    45 10496    2765 16869  1657    3.96    3.79   146   212 10387    38   47.18   47.02
c rst  luby ibes  vmt    46 10597    2765 16869  1657    3.96    3.79   146   224 10496    38   47.00   46.85
c rst  luby ibes  vmt    47 10799    2765 16869  1657    3.96    3.79   146   231 10691    38   46.87   46.71
c rst  luby  svd  vmt    48 11200    2765 16869  1657    3.96    3.79   153   236 11079    39   47.79   47.63
c rst  luby  svd  vmt    49 12002    2765 16869  1657    3.96    3.79   170   279 11817    43   49.13   48.96
c [branch] adjusting to: vsid (from: vmtf) var_decay:0.95 descr: VSIDS
c [distill-bin] useful: 15/1657/1657 lits-rem: 0 cl-rem: 15 0-depth-assigns: 0 T: 0.01 T-out: N
c rst  geom  svd   vs    50 12113    2765 16869  1642    3.96    3.79   170   279 11927    44   49.04   48.88
c rst  geom  svd   vs    51 12236    2765 16869  1642    3.96    3.79   170   279 12050    44   48.91   48.74
c rst  geom  svd   vs    52 12371    2765 16869  1642    3.96    3.79   170   279 12185    44   48.71   48.54
c rst  geom  svd   vs    53 12518    2765 16869  1642    3.96    3.79   170   279 12331    45   48.42   48.26
c rst  geom  svd   vs    54 12680    2765 16869  1642    3.96    3.79   170   279 12493    45   48.37   48.20
c rst  geom  svd   vs    55 12857    2765 16869  1642    3.96    3.79   170   279 12669    46   48.24   48.08
c rst  geom  svd   vs    56 13053    2765 16869  1642    3.96    3.79   170   279 12865    46   48.08   47.92
c rst  geom  svd   vs    57 13266    2765 16869  1642    3.96    3.79   170   280 13077    46   47.87   47.72
c rst  geom  svd   vs    58 13500    2765 16869  1642    3.96    3.79   170   280 13311    46   47.69   47.54
c rst  geom  svd   vs    59 13758    2765 16869  1642    3.96    3.79   170   280 13569    46   47.34   47.19
c rst  geom  svd   vs    60 14040    2765 16869  1642    3.96    3.79   170   280 13851    46   46.94   46.80
c rst  geom  svd   vs    61 14350    2765 16869  1642    3.96    3.79   170   283 14158    46   46.50   46.36
c rst  geom  svd   vs    62 14692    2765 16869  1642    3.96    3.79   170   283 14500    46   46.07   45.93
c rst  geom  svd   vs    63 15066    2765 16869  1642    3.96    3.79   187   857 14283    46   45.55   45.42
c rst  geom  svd   vs    64 15477    2765 16869  1642    3.96    3.79   187   857 14694    46   45.32   45.19
c rst  geom  svd   vs    65 15927    2765 16869  1642    3.96    3.79   187   857 15144    46   44.72   44.60
c rst  geom  svd   vs    66 16421    2765 16869  1642    3.96    3.79   187   857 15638    46   44.08   43.96
c rst  geom best   vs    67 16964    2765 16869  1642    3.96    3.79   187   857 16181    46   45.14   45.03
c rst  geom best   vs    68 17561    2765 16869  1642    3.96    3.79   187   858 16777    46   45.05   44.94
c rst  geom best   vs    69 18218    2765 16869  1642    3.96    3.79   187   858 17434    46   44.92   44.81
c [branch] adjusting to: vmtf (from: vsid) var_decay:0.95 descr: VMTF
c rst  luby best  vmt    70 18320    2765 16869  1642    3.96    3.79   189   868 17523    47   45.37   45.26
c rst  luby best  vmt    71 18422    2765 16869  1642    3.96    3.79   191   871 17614    53   45.61   45.49
c rst  luby best  vmt    72 18623    2765 16869  1642    3.96    3.79   192   872 17813    53   45.96   45.83
c rst  luby best  vmt    73 18725    2765 16869  1642    3.96    3.79   193   878 17908    53   46.17   46.05
c rst  luby best  vmt    74 18827    2765 16869  1642    3.96    3.79   205   880 17996    53   46.32   46.20
c rst  luby best  vmt    75 19028    2765 16869  1642    3.96    3.79   207   884 18190    54   46.68   46.55
c rst  luby best  vmt    76 19430    2765 16869  1642    3.96    3.79   211   897 18573    56   47.25   47.13
c rst  luby best  vmt    77 19531    2765 16869  1642    3.96    3.79   213   902 18667    56   47.51   47.39
c rst  luby best  vmt    78 19633    2765 16869  1642    3.96    3.79   215   905 18763    57   47.85   47.72
c rst  luby best  vmt    79 19834    2765 16869  1642    3.96    3.79   216   915 18947    63   48.20   48.06
c rst  luby best  vmt    80 19935    2765 16869  1642    3.96    3.79   218   922 19038    64   48.31   48.16
c rst  luby best  vmt    81   20K    2765 16869  1642    3.96    3.79   289   855 19137    64   48.28   48.13
c [full-probe]  bin_only: 1 set: 0 repl: 0 T: 0.00 T-out: N T-r: 99.79%
c rst  luby best  vmt    82   20K    2765 16869  1642    3.96    3.79   291   859 19332    64   48.52   48.38
c rst  luby best  vmt    83   20K    2765 16869  1642    3.96    3.79   294   864 19715    74   48.76   48.59
c [distill-long-red0] cls tried: 253/253 T: 0.01 T-out: N T-r: 99.67%
c [distill-long-red1] cls tried: 34/855 T: 0.01 T-out: Y T-r: -5.61%
c rst  luby best  vmt    84   21K    2765 16869  1642    3.96    3.79   295   876   20K    91   49.29   49.09
c rst  luby best  vmt    85   21K    2765 16869  1642    3.96    3.79   295   876   20K    92   49.27   49.07
c rst  luby best  vmt    86   21K    2765 16869  1642    3.96    3.79   296   879   20K    93   49.28   49.08
c rst  luby  stb  vmt    87   21K    2765 16869  1642    3.96    3.79   299   882   20K    93   49.37   49.17
c rst  luby  stb  vmt    88   21K    2765 16869  1642    3.96    3.79   299   883   20K    93   49.48   49.28
c rst  luby  stb  vmt    89   22K    2765 16869  1642    3.96    3.79   301   886   21K    93   49.52   49.33
c rst  luby  stb  vmt    90   22K    2765 16869  1642    3.96    3.79   306   892   21K    93   49.74   49.54
c rst  luby  stb  vmt    91   22K    2765 16869  1642    3.96    3.79   310   902   21K    94   50.30   50.10
c rst  luby  stb  vmt    92   22K    2765 16869  1642    3.96    3.79   310   906   21K    94   50.63   50.43
c rst  luby  stb  vmt    93   22K    2765 16869  1642    3.96    3.79   313   907   21K    94   50.73   50.54
c rst  luby  stb  vmt    94   23K    2765 16869  1642    3.96    3.79   315   907   22K    94   51.26   51.07
c rst  luby  stb  vmt    95   23K    2765 16869  1642    3.96    3.79   318   915   22K    95   51.25   51.05
c rst  luby  stb  vmt    96   23K    2765 16869  1642    3.96    3.79   318   920   22K    96   51.27   51.07
c rst  luby  stb  vmt    97   23K    2765 16869  1642    3.96    3.79   321   934   22K    96   51.40   51.20
c rst  luby  stb  vmt    98   23K    2765 16869  1642    3.96    3.79   338   965   22K    97   51.30   51.10
c rst  luby  stb  vmt    99   24K    2765 16869  1642    3.96    3.79   343   975   23K    98   51.49   51.29
c rst  luby  stb  vmt   100   26K    2765 16869  1642    3.96    3.79   350  1049   25K    98   51.34   51.15
c [branch] adjusting to: vsid (from: vmtf) var_decay:0.95 descr: VSIDS
c [distill] watch-based irred--  cl tried     1619 cl-sh     0 cl-rem    3 lit-rem      0 T: 0.00 T-out: N
c [distill] watch-based   red--  cl tried      699 cl-sh    14 cl-rem    1 lit-rem     21 T: 0.00 T-out: N
c rst  geom  stb   vs   101   26K    2765 16864  1647    3.96    3.79   347  1049   25K    97   51.29   51.11
c rst  geom  stb   vs   102   26K    2765 16864  1647    3.96    3.79   347  1049   25K    97   51.29   51.11
c rst  geom  stb   vs   103   26K    2765 16864  1647    3.96    3.79   347  1049   25K    97   51.28   51.10
c rst  geom  stb   vs   104   26K    2765 16864  1647    3.96    3.79   347  1049   25K    97   51.26   51.09
c rst  geom  stb   vs   105   26K    2765 16864  1647    3.96    3.79   347  1049   25K    97   51.21   51.04
c rst  geom ibes   vs   106   27K    2765 16864  1647    3.96    3.79   347  1049   25K    97   51.01   50.84
c rst  geom ibes   vs   107   27K    2765 16864  1647    3.96    3.79   347  1049   26K    97   50.77   50.60
c rst  geom ibes   vs   108   27K    2765 16864  1647    3.96    3.79   347  1049   26K    97   50.53   50.36
c rst  geom ibes   vs   109   27K    2765 16864  1647    3.96    3.79   347  1049   26K    97   50.28   50.11
c rst  geom ibes   vs   110   28K    2765 16864  1647    3.96    3.79   347  1049   26K    97   50.13   49.96
c rst  geom ibes   vs   111   28K    2765 16864  1647    3.96    3.79   347  1049   27K    97   49.96   49.80
c rst  geom ibes   vs   112   28K    2765 16864  1647    3.96    3.79   347  1049   27K    97   49.66   49.50
c rst  geom ibes   vs   113   28K    2765 16864  1647    3.96    3.79   347  1049   27K    97   49.31   49.16
c rst  geom ibes   vs   114   29K    2765 16864  1647    3.96    3.79   347  1049   28K    97   48.96   48.81
c rst  geom ibes   vs   115   29K    2765 16864  1647    3.96    3.79   347  1049   28K    97   48.59   48.43
c rst  geom ibes   vs   116   30K    2765 16864  1647    3.96    3.79   544  1324   24K    97   47.94   47.78
c rst  geom ibes   vs   117   30K    2765 16864  1647    3.96    3.79   544  1324   25K    97   47.47   47.30
c rst  geom ibes   vs   118   31K    2765 16864  1647    3.96    3.79   544  1324   25K    97   46.93   46.77
c rst  geom ibes   vs   119   31K    2765 16864  1647    3.96    3.79   544  1324   26K    97   46.36   46.20
c rst  geom ibes   vs   120   32K    2765 16864  1647    3.96    3.79   544  1324   26K    97   45.84   45.69
c [distill-bin] useful: 0/1608/1647 lits-rem: 0 cl-rem: 0 0-depth-assigns: 0 T: 0.02 T-out: Y
c rst  geom  svd   vs   121   33K    2765 16864  1647    3.96    3.79   544  1324   27K    97   45.32   45.17
c rst  geom  svd   vs   122   33K    2765 16864  1647    3.96    3.79   544  1324   28K    97   44.76   44.62
c [branch] adjusting to: vmtf (from: vsid) var_decay:0.95 descr: VMTF
c rst  luby  svd  vmt   123   34K    2765 16864  1647    3.96    3.79   545  1326   28K    97   44.99   44.85
c rst  luby  svd  vmt   124   34K    2765 16864  1647    3.96    3.79   546  1327   28K    97   45.03   44.89
c rst  luby  svd  vmt   125   34K    2765 16864  1647    3.96    3.79   548  1328   28K    98   45.10   44.96
c rst  luby  svd  vmt   126   34K    2765 16864  1647    3.96    3.79   549  1329   28K    99   45.11   44.97
c rst  luby  svd  vmt   127   34K    2765 16864  1647    3.96    3.79   549  1329   28K    99   45.14   45.00
c rst  luby  svd  vmt   128   34K    2765 16864  1647    3.96    3.79   549  1340   29K    99   45.18   45.04
c rst  luby  svd  vmt   129   35K    2765 16864  1647    3.96    3.79   554  1357   29K    99   45.19   45.06
c rst  luby  svd  vmt   130   35K    2765 16864  1647    3.96    3.79   555  1361   29K    99   45.31   45.17
c rst  luby  svd  vmt   131   35K    2765 16864  1647    3.96    3.79   556  1369   29K    99   45.34   45.21
c rst  luby  svd  vmt   132   35K    2765 16864  1647    3.96    3.79   557  1378   29K    99   45.53   45.39
c rst  luby  svd  vmt   133   35K    2765 16864  1647    3.96    3.79   557  1384   30K    99   45.53   45.39
c [distill-long-red0] cls tried: 286/286 T: 0.02 T-out: N T-r: 99.40%
c [distill-long-red1] cls tried: 32/1342 T: 0.02 T-out: Y T-r: -8.70%
c rst  luby  svd  vmt   134   35K    2765 16864  1647    3.96    3.79   556  1391   30K   100   45.39   45.25
c rst  luby  svd  vmt   135   36K    2765 16864  1647    3.96    3.79   556  1393   30K   100   45.67   45.54
c rst  luby  svd  vmt   136   36K    2765 16864  1647    3.96    3.79   559  1402   30K   100   45.94   45.80
c rst  luby  svd  vmt   137   37K    2765 16864  1647    3.96    3.79   561  1424   31K   102   46.45   46.31
c rst  luby  svd  vmt   138   37K    2765 16864  1647    3.96    3.79   561  1425   31K   102   46.45   46.32
c rst  luby  svd  vmt   139   37K    2765 16864  1647    3.96    3.79   561  1427   31K   102   46.51   46.38
c rst  luby  svd  vmt   140   37K    2765 16864  1647    3.96    3.79   561  1432   31K   102   46.58   46.45
c rst  luby  svd  vmt   141   37K    2765 16864  1647    3.96    3.79   564  1434   31K   102   46.72   46.58
c rst  luby  svd  vmt   142   37K    2765 16864  1647    3.96    3.79   565  1435   32K   102   46.77   46.64
c rst  luby  svd  vmt   143   38K    2765 16864  1647    3.96    3.79   567  1441   32K   103   46.81   46.67
c rst  geom best  vmt   144   38K    2765 16864  1647    3.96    3.79   567  1441   32K   103   46.83   46.69
c rst  geom best  vmt   145   38K    2765 16864  1647    3.96    3.79   567  1442   32K   103   46.85   46.72
c rst  geom best  vmt   146   38K    2765 16864  1647    3.96    3.79   567  1452   32K   103   46.84   46.71
c rst  geom best  vmt   147   38K    2765 16864  1647    3.96    3.79   567  1454   32K   104   46.89   46.76
c rst  geom best  vmt   148   38K    2765 16864  1647    3.96    3.79   568  1458   32K   104   46.90   46.77
c rst  geom best  vmt   149   38K    2765 16864  1647    3.96    3.79   568  1458   33K   104   46.90   46.77
c rst  geom best  vmt   150   39K    2765 16864  1647    3.96    3.79   568  1470   33K   104   46.85   46.72
c rst  geom best  vmt   151   39K    2765 16864  1647    3.96    3.79   569  1471   33K   104   46.83   46.70
c rst  geom best  vmt   152   39K    2765 16864  1647    3.96    3.79   570  1473   33K   104   46.93   46.80
c rst  geom best  vmt   153   39K    2765 16864  1647    3.96    3.79   571  1474   34K   104   46.97   46.84
c rst  geom best  vmt   154   40K    2765 16864  1647    3.96    3.79   664  1424   34K   104   46.92   46.79
c [full-probe]  bin_only: 0 set: 0 repl: 0 T: 0.01 T-out: N T-r: 96.80%
c [impl-str] lit bin: 0 set-var: 0 T: 0.00 T-out: N T-r: 99.95% w-visit: 5534
c [impl-sub] bin: 25 T: 0.00 T-out: N w-visit: 5534
c rst  geom best  vmt   155   40K    2765 16864  1647    3.96    3.79   667  1427   34K    79   47.24   47.14
c rst  geom best  vmt   156   40K    2765 16864  1647    3.96    3.79   670  1431   34K    79   47.26   47.16
c rst  geom best  vmt   157   41K    2765 16864  1647    3.96    3.79   672  1437   35K    79   47.34   47.24
c rst  geom best  vmt   158   41K    2765 16864  1647    3.96    3.79   673  1462   35K    80   47.48   47.38
c rst  geom best  vmt   159   41K    2765 16864  1647    3.96    3.79   675  1479   36K    80   47.49   47.40
c rst  geom best  vmt   160   42K    2765 16864  1647    3.96    3.79   677  1484   36K    80   47.55   47.46
c [branch] adjusting to: vsid (from: vmtf) var_decay:0.95 descr: VSIDS
c rst  geom best   vs   161   42K    2765 16864  1647    3.96    3.79   677  1484   36K    80   47.49   47.40
c rst  geom best   vs   162   42K    2765 16864  1647    3.96    3.79   677  1484   36K    80   47.41   47.31
c rst  geom best   vs   163   42K    2765 16864  1647    3.96    3.79   677  1484   36K    80   47.32   47.22
c rst  geom best   vs   164   42K    2765 16864  1647    3.96    3.79   677  1484   37K    80   47.20   47.11
c rst  geom best   vs   165   43K    2765 16864  1647    3.96    3.79   677  1484   37K    80   47.09   47.00
c rst  geom best   vs   166   43K    2765 16864  1647    3.96    3.79   679  1486   37K    80   47.01   46.92
c rst  geom best   vs   167   43K    2765 16864  1647    3.96    3.79   679  1486   37K    80   46.90   46.81
c rst  geom  stb   vs   168   43K    2765 16864  1647    3.96    3.79   679  1487   37K    80   46.75   46.66
c rst  geom  stb   vs   169   43K    2765 16864  1647    3.96    3.79   679  1487   38K    80   46.59   46.50
c rst  geom  stb   vs   170   44K    2765 16864  1647    3.96    3.79   679  1487   38K    80   46.41   46.32
c [ccnr] tries: 0 steps: 262143 best found: 13
c [ccnr] tries: 0 steps: 524287 best found: 13
c [ccnr] tries: 0 steps: 786431 best found: 13
c [ccnr] saving best assignment phase to stable_polar
c [ccnr] bumping based on clause weights
c [ccnr] Bumped vars: 101 bump type: 6
c [ccnr] time: 0.60
c rst  geom  stb   vs   171   44K    2765 16864  1647    3.96    3.79   679  1487   38K    80   46.32   46.23
c rst  geom  stb   vs   172   44K    2765 16864  1647    3.96    3.79   679  1487   38K    80   46.13   46.04
c rst  geom  stb   vs   173   45K    2765 16864  1647    3.96    3.79   724  2060   31K    80   44.23   44.14
c rst  geom  stb   vs   174   45K    2765 16864  1647    3.96    3.79   724  2060   32K    80   44.01   43.91
c rst  geom  stb   vs   175   45K    2765 16864  1647    3.96    3.79   724  2060   32K    80   43.73   43.63
c rst  geom  stb   vs   176   46K    2765 16864  1647    3.96    3.79   724  2060   32K    80   43.50   43.41
c rst  geom  stb   vs   177   46K    2765 16864  1647    3.96    3.79   724  2060   33K    80   43.26   43.17
c rst  geom  stb   vs   178   47K    2765 16864  1647    3.96    3.79   724  2060   33K    80   43.01   42.92
c rst  geom  stb   vs   179   48K    2765 16864  1647    3.96    3.79   724  2060   34K    80   42.72   42.63
c rst  geom  stb   vs   180   48K    2765 16864  1647    3.96    3.79   724  2060   35K    80   42.40   42.31
c rst  geom  stb   vs   181   49K    2765 16864  1647    3.96    3.79   724  2060   35K    80   42.04   41.96
c rst  geom ibes   vs   182   50K    2765 16864  1647    3.96    3.79   779  2009   36K    81   41.74   41.66
c [gauss] XOR-encoding clauses are not detached, so no need to reattach them.
c [g 0] truth-find prop checks  : 918K
c [g 0] -> of which prop        : 38.97 %
c [g 0] -> of which confl       :  3.29 %
c [g 0] elim called             : 166K
c [g 0] ---> which lead to prop :  6.57 %
c [g 0] ---> which lead to confl:  0.52 %
c [g 0] size: 50    x 765  
c [scc] new: 5 BP 0M T: 0.00
c [vrep] vars 5 lits 12951 rem-bin-cls 20 rem-long-cls 1 BP 0M T: 0.03
c [scc] new: 0 BP 0M T: 0.00
c [vrep] vars 0 lits 0 rem-bin-cls 0 rem-long-cls 0 BP 0M T: 0.01
c [intree] Set 0 vars hyper-added: 769 trans-irred: 0 trans-red: 50 T: 0.01 T-out: N T-r: -1.37%
c [find&init matx] performing matrix init
c [gauss] XOR-encoding clauses are not detached, so no need to reattach them.
c [xor-rem-unconnected] left with 50 xors from 50 non-empty xors T: 0.00
c [xor-together] xored together: 0 orig xors: 50 new xors: 50 T: 0.00
c [xor-rem-unconnected] left with 50 xors from 50 non-empty xors T: 0.00
c [xor-clean-equiv] removed equivalent xors: 0 left with: 50
c [matrix] unused xors from cleaning: 0
c [matrix] Good   matrix 0 50      x762    density:0.1072  xorlen avg: 81.72
c [matrix] Using 1 matrices recovered from 0 xors T: 0.00 T-out: N
c rst  geom ibes vs   183   51  K 2760    16864  1637 3.96    3.79      779  2009   37K   800 41.44   40.68  
c [distill-long-red0] cls tried: 223/223 T: 0.04 T-out: N T-r: 99.03%
c [distill-long-red1] cls tried: 22/1936 T: 0.01 T-out: Y T-r: -12.96%
c rst  geom ibes vs   184   52  K 2760    16864  1637 3.96    3.79      779  2009   38K   802 40.86   40.12  
c [distill] watch-based irred--  cl tried 1615     cl-sh 1     cl-rem 1    lit-rem 1      T: 0.00 T-out: N
c [distill] watch-based red  --  cl tried 1558     cl-sh 32    cl-rem 0    lit-rem 53     T: 0.00 T-out: N
c rst  geom ibes vs   185   53  K 2760    16862  1639 3.96    3.79      779  2009   39K   801 40.38   39.67  
c [branch] adjusting to: vmtf (from: vsid) var_decay:0.95 descr: VMTF
c [distill-bin] useful: 0/1395/1639 lits-rem: 0 cl-rem: 0 0-depth-assigns: 0 T: 0.02 T-out: Y
c rst  luby ibes vmt  186   53  K 2760    16862  1639 3.96    3.79      780  2068   39K   801 40.43   39.72  
c rst  luby ibes vmt  187   53  K 2760    16862  1639 3.96    3.79      780  2092   39K   801 40.42   39.71  
c rst  luby ibes vmt  188   53  K 2760    16862  1639 3.96    3.79      781  2107   40K   801 40.45   39.75  
c rst  luby ibes vmt  189   53  K 2760    16862  1639 3.96    3.79      782  2141   40K   801 40.42   39.72  
c rst  luby ibes vmt  190   53  K 2760    16862  1639 3.96    3.79      783  2150   40K   801 40.42   39.72  
c rst  luby ibes vmt  191   53  K 2760    16862  1639 3.96    3.79      783  2153   40K   801 40.41   39.71  
c rst  luby ibes vmt  192   54  K 2760    16862  1639 3.96    3.79      784  2161   40K   801 40.45   39.76  
c rst  luby ibes vmt  193   54  K 2760    16862  1639 3.96    3.79      784  2172   40K   801 40.48   39.79  
c rst  luby ibes vmt  194   54  K 2760    16862  1639 3.96    3.79      784  2181   40K   801 40.47   39.78  
c rst  luby ibes vmt  195   54  K 2760    16862  1639 3.96    3.79      785  2187   41K   801 40.47   39.78  
c rst  luby ibes vmt  196   54  K 2760    16862  1639 3.96    3.79      785  2194   41K   801 40.47   39.79  
c rst  luby ibes vmt  197   54  K 2760    16862  1639 3.96    3.79      785  2207   41K   801 40.50   39.82  
c rst  luby ibes vmt  198   55  K 2760    16862  1639 3.96    3.79      785  2215   41K   801 40.46   39.78  
c rst  luby svd  vmt  199   55  K 2760    16862  1639 3.96    3.79      787  2223   41K   801 40.81   40.13  
c rst  luby svd  vmt  200   56  K 2760    16862  1639 3.96    3.79      788  2239   42K   801 41.30   40.62  
c recursive minimization cost OK: 308Kcost/(% lits removed)
c [gauss] XOR-encoding clauses are not detached, so no need to reattach them.
c [g 0] truth-find prop checks  : 108K
c [g 0] -> of which prop        : 40.19 %
c [g 0] -> of which confl       :  3.23 %
c [g 0] elim called             : 20K
c [g 0] ---> which lead to prop :  0.66 %
c [g 0] ---> which lead to confl:  0.06 %
c [g 0] size: 50    x 762  
c --> Executing strategy token: scc-vrepl
c [scc] new: 4 BP 0M T: 0.00
c [vrep] vars 4 lits 11031 rem-bin-cls 16 rem-long-cls 241 BP 0M T: 0.02
c --> Executing strategy token: sub-impl
c [impl-sub] bin: 5 T: 0.00 T-out: N w-visit: 5534
c --> Executing strategy token: breakid
c --> Executing OCC strategy token(s): 'occ-backw-sub-str,occ-clean-implicit,occ-bve,occ-bva,occ-ternary-res,occ-xor,'
c [occ] mem usage for occur 1      MB
c [occ] Linked in IRRED BIN by default: 1633
c [occ] Linked in RED   BIN by default: 794
c [occ] mem usage for occur 0      MB
c Mem for watch alloc      : 3           MB (18.86     %)
c Mem for watch array      : 0           MB (0.90      %)
c --> Executing OCC strategy token: occ-backw-sub-str
c [occ-backw-sub-str-long-w-bins] subs: 1 str: 0 tried: 2427 0-depth ass: 0 T: 0.00 T-out: N T-r: 99.35%
c [occ-backw-sub-long-w-long] rem cl: 72 tried: 62185/62185 (100.0%) T: 0.01 T-out: N T-r: 96.66%
c [occ-backw-sub-str-long-w-long] sub: 0 str: 4 tried: 186555/62185 (300.0)  T: 0.06 T-out: N T-r: 88.71%
c --> Executing OCC strategy token: occ-clean-implicit
c --> Executing OCC strategy token: occ-bve
c [occ-empty-res] Empty resolvent elimed: 0 T: 0.00 T-out: N
c [occ-bve] iter v-elim 11
c cl_inc_rate=1.0, var_dec_rate=1.0 (grow=0)
c Reduced to 2745 vars, 18485 cls (grow=0)
c [occ-bve] iter v-elim 288
c cl_inc_rate=1.1, var_dec_rate=1.1 (grow=8)
c Reduced to 2457 vars, 19654 cls (grow=8)
c x n vars       : 2457
c #try to eliminate:  5843
c #var-elim        :   299
c #T-o: N
c #T-r: 99.99%
c #T  : 0.09
c [occur] 0.04 is overhead
c [occur] link-in T: 0.04 cleanup T: 0.00
c --> Executing OCC strategy token: occ-bva
c --> Executing OCC strategy token: occ-ternary-res
c [occ-ternary-res] Ternary res-tri: 43 res-bin: 0 sub: 4 str: 0 T: 0.00 T-out: N T-r: 99.40%
c --> Executing OCC strategy token: occ-xor
c [occ-xor] sort occur list T: 0.00
c [xor-clean-equiv] removed equivalent xors: 0 left with: 1857
c [occ-xor] found   1857 avg sz 4.0 min sz  4 max sz  5 T: 0.01 T-out: N T-r: 99.98%
c --> Executing strategy token: card-find
c --> Executing strategy token: cl-consolidate
c [mem] consolidate  old-sz: 9837K new-sz: 4225K new bits offs: 20 T: 0.00
c --> Executing strategy token: scc-vrepl
c [scc] new: 0 BP 0M T: 0.00
c --> Executing strategy token: renumber
c --> Executing strategy token: bosphorus
c --> Executing strategy token: louvain-comms
c [consolidate] mini T: 0.00
c global_timeout_multiplier: 3.3000
c [branch] rebuilding order heap for all branchings. Current branching: vmtf
c [find&init matx] performing matrix init
c [gauss] XOR-encoding clauses are not detached, so no need to reattach them.
c [xor-rem-unconnected] left with 1855 xors from 1857 non-empty xors T: 0.00
c [xor-together] xored together: 1808 orig xors: 1855 new xors: 47 T: 0.00
c [xor-rem-unconnected] left with 47 xors from 47 non-empty xors T: 0.00
c [xor-clean-equiv] removed equivalent xors: 0 left with: 47
c [matrix] unused xors from cleaning: 2
c [matrix] Good   matrix  0     47 x  460  density:0.1763  xorlen avg: 81.11
c [matrix] Using 1 matrices recovered from 0 xors T: 0.00 T-out: N
c rst  luby  svd  vmt   201   56K    2457 18722   932    4.11    4.01   175   246   25K   109   26.64   26.53
c rst  luby  svd  vmt   202   56K    2457 18722   932    4.11    4.01   175   247   25K   109   26.61   26.50
c rst  luby  svd  vmt   203   56K    2457 18722   932    4.11    4.01   176   247   25K   109   26.58   26.47
c rst  luby  svd  vmt   204   56K    2457 18722   932    4.11    4.01   176   249   25K   109   26.50   26.40
c rst  luby  svd  vmt   205   56K    2457 18722   932    4.11    4.01   177   251   25K   109   26.51   26.41
c rst  luby  svd  vmt   206   56K    2457 18722   932    4.11    4.01   178   264   25K   109   26.55   26.45
c [g  <0] Disabling GJ-elim in this round.  Usefulness was: 19.6757%  over 68262 calls
c rst  luby  svd  vmt   207   57K    2457 18722   932    4.11    4.01   178   273   25K   110   26.60   26.50
c rst  luby  svd  vmt   208   57K    2457 18722   932    4.11    4.01   178   285   26K   110   26.52   26.42
c rst  luby  svd  vmt   209   57K    2457 18722   932    4.11    4.01   178   288   26K   110   26.60   26.50
c rst  luby  svd  vmt   210   57K    2457 18722   932    4.11    4.01   178   292   26K   110   26.58   26.48
c rst  luby  svd  vmt   211   57K    2457 18722   932    4.11    4.01   179   303   26K   110   26.54   26.44
c rst  luby  svd  vmt   212   58K    2457 18722   932    4.11    4.01   179   306   26K   110   26.54   26.44
c rst  luby  svd  vmt   213   58K    2457 18722   932    4.11    4.01   179   307   26K   111   26.60   26.50
c rst  luby  svd  vmt   214   58K    2457 18722   932    4.11    4.01   179   310   26K   111   26.62   26.52
c rst  luby  svd  vmt   215   58K    2457 18722   932    4.11    4.01   179   320   27K   111   26.66   26.56
c rst  luby  svd  vmt   216   59K    2457 18722   932    4.11    4.01   183   339   28K   112   26.52   26.42
c rst  luby  svd  vmt   217   60K    2457 18722   932    4.11    4.01   257   425   25K   112   25.40   25.30
c ------- FINAL TOTAL SEARCH STATS ---------
c UIP search time          : 6.16        (95.88     % time)
c All times are for this thread only except if explicitly specified
c restarts                 : 217         (280.34    confls per restart)
c blocked restarts         : 0           (0.00      per normal restart)
c time                     : 6.16        
c decisions                : 70036       (0.00      % random)
c propagations             : 6880K       (1117K     props/s)
c decisions/conflicts      : 1.15        
c conflicts                : 60834       
c LEARNT stats
c units learnt             : 0           (0.00      % of conflicts)
c bins learnt              : 97          (0.16      % of conflicts)
c long learnt              : 61378       (100.89    % of conflicts)
c red which0               : 258         (0.42      % of confl)
c SEAMLESS HYPERBIN&TRANS-RED stats
c advProp called           : 0           
c hyper-bin add bin        : 0           (0.00      bin/call)
c trans-red rem irred bin  : 0           (0.00      bin/call)
c trans-red rem red bin    : 0           (0.00      bin/call)
c CONFL LITS stats
c orig                     : 13375360    (219.87    lit/confl)
c recurs-min effective     : 57014       (93.72     % attempt successful)
c recurs-min lits          : 10795910    (80.71     % less overall)
c permDiff call%           : 2.43        (0.00      % attempt successful)
c permDiff lits-rem        : 0           (0.00      less lits/cl on attempts)
c further-min call%        : 0.03        (23.81     % attempt successful)
c bintri-min lits          : 17          (0.00      % less overall)
c final avg                : 42.40       
c all-threads sum CPU time : 6.16         s
c PROP stats
c Mbogo-props              : 25.59       (4.15      / sec)
c MHyper-props             : 0.04        (0.01      / sec)
c Mprops                   : 6.88        (1.12      / sec)
c -------- OccSimplifier STATS ----------
c time                     : 0.13        (0.00      % var-elim)
c called                   : 1           (0.13      s per call)
c 0-depth assigns          : 0           (0.00      % vars)
c -------- OccSimplifier STATS END ----------
c -------- SubsumeStrengthen STATS ----------
c cl-subs                  : 74           Clauses
c cl-str rem lit           : 31           Lits
c cl-sub T                 : 0.01         s
c cl-str T                 : 0.06         s
c -------- SubsumeStrengthen STATS END ----------
c ----- SCC STATS --------
c time                     : 0.00        (0.00      per call)
c called                   : 4           (2.25      new found per call)
c found                    : 9           (50.00     % of all found)
c bogoprops                : 130219      % of all found
c ----- SCC STATS END --------
c --------- VAR REPLACE STATS ----------
c time                     : 0.05        (0.02      per call)
c trees' crown             : 9           (0.33      % of vars)
c 0-depth assigns          : 0           (0.00      % vars)
c lits replaced            : 23982       
c bin cls removed          : 36          
c long cls removed         : 242         
c long lits removed        : 1950        
c bogoprops                : 810941      
c --------- VAR REPLACE STATS END ----------
c vrep replace time        : 0.05        (0.80      % time)
c vrep tree roots          : 5           
c vrep trees' crown        : 9           (1.80      leafs/tree)
c -------- DISTILL-BIN STATS --------
c time                     : 0.04        (0.01      per call)
c timed out                : 2           (66.67     % of calls)
c distill/checked/potential: 0          /4660/4943
c lits-rem                 : 0           
c 0-depth-assigns          : 0           (0.00      % of vars)
c -------- DISTILL STATS END --------
c -------- STRENGTHEN STATS --------
c --> watch-based on irred cls
c time                     : 0.00        (0.00      s/call)
c shrinked/tried/total     : 1          /3234/67458
c subsumed/tried/total     : 4          /3234/67458
c lits-rem                 : 1           (0.01      % of lits tried)
c called                   : 4           (0.00      % ran out of time)
c --> watch-based on red cls
c time                     : 0.00        (0.00      s/call)
c shrinked/tried/total     : 46         /2257/2257
c subsumed/tried/total     : 1          /2257/2257
c lits-rem                 : 74          (0.54      % of lits tried)
c called                   : 4           (0.00      % ran out of time)
c -------- STRENGTHEN STATS END --------
c -------- IMPLICIT SUB  STATS --------
c time                     : 0.00        (0.00      per call)
c timed out                : 0           (0.00      % of calls)
c rem bins                 : 30          
c -------- IMPLICIT SUB STATS END --------
c Mem used                 : 23          MB
c Mem for longclauses      : 6           MB (28.02     %)
c Mem for watch alloc      : 5           MB (23.87     %)
c Mem for watch array      : 0           MB (0.55      %)
c Mem for assings&vardata  : 0           MB (0.33      %)
c Mem for search&solve     : 0           MB (0.90      %)
c Mem for renumberer       : 0           MB (0.12      %)
c Mem for occsimplifier    : 0           MB (3.12      %)
c Mem for varReplacer&SCC  : 0           MB (0.26      %)
c Mem for impl subsume     : 0           MB (0.00      %)
c Mem for 3 distills       : 0           MB (0.00      %)
c Accounted for mem (rss)  : 57.17       %
c Accounted for mem (vm)   : 49.88       %
c restarts                 : 217         (280.34    confls per restart)
c blocked restarts         : 0           (0.00      per normal restart)
c time                     : 6.16        
c decisions                : 70036       (0.00      % random)
c propagations             : 6880K       (1117K     props/s)
c decisions/conflicts      : 1.15        
c conflicts                : 60834       
c conf lits non-minim      : 13375360    (219.87    lit/confl)
c conf lits final          : 42.40       
c red which0               : 258         (0.42      % of confl)
c props/decision           : 0.00        
c props/conflict           : 0.00        
c 0-depth assigns          : 2           (0.07      % vars)
c 0-depth assigns by CNF   : 2           (0.07      % vars)
c reduceDB time            : 0.01        (0.19      % time)
c OccSimplifier time       : 0.13        (2.01      % time)
c [occur] 0.05 is overhead
c [occur] link-in T: 0.04 cleanup T: 0.01
c [occ-substr] long subBySub: 72 subByStr: 2 lits-rem-str: 31 T: 0.08
c SCC time                 : 0.00        (0.00      % time)
c [scc] new: 9 BP 0M  T: 0.00
c vrep replace time        : 0.05        (0.80      % time)
c vrep tree roots          : 5           
c vrep trees' crown        : 9           (1.80      leafs/tree)
c distill long time        : 0.11        (1.78      % time)
c distill bin time         : 0.04        (0.63      % time)
c strength cache-irred time: 0.00        (0.05      % time)
c strength cache-red time  : 0.00        (0.03      % time)
c avg cls in red 0         : 384.98      
c avg cls in red 1         : 1015.08     
c avg cls in red 2         : 23746.21    
c Conflicts in UIP         : 60834       (9470.90   confl/time_this_thread)
c Max Memory (rss) used    : 29400 kB    
c Total time (this thread) : 6.42        
s SATISFIABLE
v 1 2 -3 -4 5 -6 -7 -8 -9 -10 11 -12 -13 14 15 16 17 -18 -19 -20 -21 -22 23 -24 
v -25 -26 -27 -28 29 -30 -31 -32 -33 -34 -35 -36 -37 -38 -39 -40 -41 -42 -43 
v -44 -45 -46 47 -48 -49 -50 -51 -52 -53 -54 -55 56 57 58 59 -60 -61 62 63 64 
v 65 -66 -67 -68 -69 -70 -71 -72 -73 -74 -75 -76 -77 -78 -79 80 81 82 83 -84 
v -85 -86 -87 -88 -89 -90 -91 -92 -93 -94 -95 -96 -97 -98 -99 -100 -101 -102 
v -103 -104 -105 -106 -107 -108 -109 -110 -111 -112 -113 -114 -115 116 117 118 
v 119 -120 -121 -122 -123 -124 -125 -126 -127 -128 -129 -130 -131 -132 -133 
v -134 -135 -136 -137 -138 -139 -140 -141 -142 -143 -144 -145 -146 -147 -148 
v -149 -150 -151 152 153 154 155 -156 -157 -158 -159 -160 -161 -162 -163 -164 
v -165 -166 -167 -168 -169 -170 -171 -172 -173 -174 -175 -176 -177 -178 -179 
v -180 -181 -182 -183 -184 -185 -186 -187 188 189 190 191 -192 -193 -194 -195 
v -196 -197 -198 -199 -200 -201 -202 -203 -204 -205 -206 -207 -208 -209 -210 
v -211 -212 -213 -214 -215 -216 -217 -218 -219 -220 -221 -222 -223 -224 -225 
v -226 -227 -228 -229 -230 -231 -232 -233 -234 -235 -236 -237 -238 -239 -240 
v -241 -242 -243 -244 -245 -246 -247 -248 -249 -250 -251 -252 -253 -254 -255 
v -256 -257 -258 -259 -260 -261 -262 -263 -264 -265 -266 -267 -268 -269 -270 
v -271 -272 -273 -274 -275 -276 -277 -278 -279 -280 -281 -282 -283 -284 -285 
v -286 -287 -288 -289 -290 -291 -292 -293 -294 -295 296 297 298 299 -300 -301 
v -302 -303 -304 -305 -306 -307 -308 -309 -310 -311 -312 -313 -314 -315 -316 
v -317 -318 -319 -320 -321 -322 -323 -324 -325 -326 -327 -328 -329 -330 -331 
v -332 -333 -334 -335 -336 -337 -338 -339 -340 -341 -342 343 -344 345 346 347 
v -348 -349 350 -351 -352 353 -354 -355 -356 357 -358 -359 -360 -361 -362 -363 
v -364 365 -366 -367 -368 -369 370 371 372 -373 -374 -375 -376 -377 -378 -379 
v -380 381 -382 -383 -384 -385 386 387 388 -389 -390 -391 -392 -393 -394 -395 
v -396 -397 -398 -399 -400 -401 -402 -403 -404 -405 -406 -407 -408 -409 -410 
v -411 -412 413 -414 -415 -416 -417 418 419 420 -421 -422 -423 -424 -425 -426 
v -427 -428 429 -430 -431 -432 -433 434 435 436 -437 -438 -439 -440 -441 -442 
v -443 -444 445 -446 -447 -448 -449 450 451 452 -453 -454 -455 -456 -457 -458 
v -459 -460 -461 -462 -463 -464 -465 -466 -467 -468 -469 -470 -471 -472 -473 
v -474 -475 -476 -477 -478 -479 -480 -481 -482 -483 -484 -485 -486 -487 -488 
v -489 -490 -491 -492 493 -494 -495 -496 -497 498 499 500 -501 -502 -503 -504 
v -505 -506 -507 -508 -509 -510 -511 -512 -513 -514 -515 -516 -517 -518 -519 
v -520 -521 -522 -523 -524 -525 -526 -527 -528 -529 -530 -531 -532 -533 -534 
v -535 -536 -537 -538 -539 -540 541 -542 -543 -544 -545 546 547 548 -549 -550 
v -551 -552 -553 -554 -555 -556 -557 -558 -559 -560 -561 -562 -563 -564 -565 
v -566 -567 -568 -569 -570 -571 -572 -573 -574 -575 -576 -577 -578 -579 -580 
v -581 -582 -583 -584 -585 -586 -587 -588 -589 -590 -591 -592 -593 -594 -595 
v -596 -597 -598 -599 -600 -601 -602 -603 -604 605 -606 -607 -608 -609 610 611 
v 612 -613 -614 -615 -616 -617 -618 -619 -620 -621 -622 -623 -624 -625 -626 
v -627 -628 -629 -630 -631 -632 -633 -634 -635 -636 -637 -638 -639 -640 -641 
v -642 -643 -644 -645 -646 -647 -648 -649 -650 -651 -652 -653 -654 -655 -656 
v -657 -658 -659 -660 -661 -662 -663 -664 -665 -666 -667 -668 -669 -670 -671 
v -672 -673 -674 -675 -676 -677 -678 -679 -680 -681 -682 -683 -684 -685 -686 
v -687 -688 -689 -690 -691 -692 -693 -694 -695 -696 -697 -698 -699 -700 -701 
v -702 -703 -704 -705 -706 -707 -708 -709 -710 -711 -712 -713 -714 -715 -716 
v 717 718 719 -720 -721 -722 -723 -724 -725 -726 -727 -728 -729 -730 -731 -732 
v -733 -734 -735 -736 -737 -738 -739 -740 -741 -742 -743 -744 -745 -746 -747 
v -748 -749 -750 -751 -752 753 754 -755 -756 -757 758 -759 -760 -761 -762 -763 
v -764 -765 -766 -767 768 769 770 -771 772 773 774 775 776 777 778 779 780 781 
v 782 -783 -784 -785 -786 -787 -788 -789 -790 -791 -792 -793 -794 -795 -796 
v -797 -798 -799 -800 -801 -802 0
c [g 0] truth-find prop checks  : 47K
c [g 0] -> of which prop        : 20.68 %
c [g 0] -> of which confl       :  0.88 %
c [g 0] elim called             : 11745
c [g 0] ---> which lead to prop : 25.26 %
c [g 0] ---> which lead to confl:  1.49 %
c [g 0] size: 47    x 460  

real	0m6.609s
user	0m6.424s
sys	0m0.025s
