c BreakID not compiled in, disabling
c CryptoMiniSat version 5.11.19
c CMS Copyright (C) 2009-2020 Authors of CryptoMiniSat, see AUTHORS file
c CMS SHA revision b80e09ebd7703fc13b987401d693d7d406a50441
c Using VMTF code by Armin Biere from CaDiCaL
c Using Yalsat by Armin Biere, see Balint et al. Improving implementation of SLS solvers [...], SAT'14
c Using WalkSAT by Henry Kautz, see Kautz and Selman Pushing the envelope: planning, propositional logic, and stochastic search, AAAI'96,
c CMS is MIT licensed
c Using code from 'When Boolean Satisfiability Meets Gauss-E. in a Simplex Way'
c       by C.-S. Han and J.-H. Roland Jiang in CAV 2012. Fixes by M. Soos
c Using CCAnr from 'CCAnr: A Conf. Checking Based Local Search Solver [...]'
c       by Shaowei Cai, Chuan Luo, and Kaile Su, SAT 2015
c CMS compilation env CMAKE_CXX_COMPILER = /usr/bin/c++ | CMAKE_CXX_FLAGS =  -fvisibility=hidden -Wall -Wextra -Wunused -Wsign-compare -fno-omit-frame-pointer -Wtype-limits -Wuninitialized -Wno-deprecated -Wstrict-aliasing -Wpointer-arith -Wpointer-arith -Wformat-nonliteral -Winit-self -Wparentheses -Wunreachable-code -g -Wno-class-memaccess -mpopcnt -msse4.2 -ggdb3 -Wlogical-op -Wrestrict -Wnull-dereference -Wdouble-promotion -Wshadow -Wformat=2 -Wextra-semi -pedantic | COMPILE_DEFINES =  -DRDB0_ONLY_FEATURES -DUSE_ZLIB -DYALSAT_FPU | STATICCOMPILE = OFF | ONLY_SIMPLE =  | STATS = OFF | SQLITE3_FOUND =  | ZLIB_FOUND = TRUE | VALGRIND_FOUND =  | ENABLE_TESTING = OFF | SLOW_DEBUG = OFF | ENABLE_ASSERTIONS = ON | PYTHON_EXECUTABLE =  | PYTHON_LIBRARY =  | PYTHON_INCLUDE_DIRS =  | MY_TARGETS =  | LARGEMEM = OFF | LIMITMEM = OFF | BREAKID_LIBRARIES =  | BREAKID-VER = . | BOSPHORUS_LIBRARIES =  | BOSPH-VER = . | compilation date time = Jul 13 2026 14:05:03
c CMS compiled with gcc version 11.5.0 20240719 (Red Hat 11.5.0-5)
c Executed with command line: ./cryptominisat5 ./instancesBreak/IC_S4/Xn19l6-319-S.dimacs_break.cnf
c Reading file './instancesBreak/IC_S4/Xn19l6-319-S.dimacs_break.cnf'
c -- header says num vars:            802
c -- header says num clauses:        2520
c -- clauses added: 2468
c -- xor clauses added: 52
c -- vars added 802
c Parsing time: 0.00 s
c [find&init matx] performing matrix init
c [gauss] XOR-encoding clauses are not detached, so no need to reattach them.
c [xor-rem-unconnected] left with 50 xors from 50 non-empty xors T: 0.00
c [xor-together] xored together: 0 orig xors: 50 new xors: 50 T: 0.00
c [xor-rem-unconnected] left with 50 xors from 50 non-empty xors T: 0.00
c [xor-clean-equiv] removed equivalent xors: 0 left with: 50
c [matrix] unused xors from cleaning: 0
c [matrix] Good   matrix  0     50 x  765  density:0.1068  xorlen avg: 81.70
c [matrix] Using 1 matrices recovered from 0 xors T: 0.00 T-out: N
c [branch] adjusting to: vsid (from: vsid) var_decay:0.95 descr: VSIDS
c rst  geom  stb   vs     1   111    2753 16753  1657    3.96    3.78     3    20    76    12  125.42  112.08
c rst  geom  stb   vs     2   234    2753 16753  1657    3.96    3.78     5    30   187    12   97.77   92.86
c  res  pol bran  nres  conf freevar  IrrL  IrrB l/longC  l/allC RedL0 RedL1 RedL2  RedB l/longC  l/allC
c rst  geom  stb   vs     3   368    2753 16753  1657    3.96    3.78     5    30   321    12   77.21   74.76
c rst  geom  stb   vs     4   516    2753 16753  1657    3.96    3.78     5    30   468    13   76.08   74.22
c rst  geom  stb   vs     5   682    2753 16753  1657    3.96    3.78     5    30   632    15   78.81   77.12
c rst  geom  stb   vs     6   859    2753 16753  1657    3.96    3.78     5    30   809    15   75.22   73.94
c rst  geom  stb   vs     7  1054    2753 16753  1657    3.96    3.78     5    30  1004    15   74.39   73.36
c rst  geom  stb   vs     8  1267    2753 16753  1657    3.96    3.78     9    30  1211    17   78.53   77.51
c rst  geom  stb   vs     9  1501    2753 16753  1657    3.96    3.78     9    30  1445    17   75.59   74.76
c rst  geom  stb   vs    10  1758    2753 16753  1657    3.96    3.78     9    30  1702    17   73.92   73.22
c rst  geom  stb   vs    11  2041    2753 16753  1657    3.96    3.78     9    30  1985    17   72.73   72.14
c rst  geom  stb   vs    12  2351    2753 16753  1657    3.96    3.78     9    30  2295    17   69.02   68.53
c rst  geom  stb   vs    13  2692    2753 16753  1657    3.96    3.78     9    30  2635    18   69.13   68.68
c rst  geom  stb   vs    14  3065    2753 16753  1657    3.96    3.78     9    30  3008    18   67.21   66.83
c rst  geom  stb   vs    15  3476    2753 16753  1657    3.96    3.78     9    30  3419    18   67.29   66.95
c rst  geom  stb   vs    16  3927    2753 16753  1657    3.96    3.78     9    30  3870    18   69.96   69.65
c rst  geom  stb   vs    17  4422    2753 16753  1657    3.96    3.78     9    30  4365    18   68.45   68.17
c rst  geom  stb   vs    18  4965    2753 16753  1657    3.96    3.78     9    30  4907    19   66.33   66.08
c rst  geom  stb   vs    19  5563    2753 16753  1657    3.96    3.78     9    30  5504    20   66.60   66.37
c [branch] adjusting to: vmtf (from: vsid) var_decay:0.95 descr: VMTF
c [distill-long-red0] cls tried: 9/9 T: 0.00 T-out: N T-r: 100.00%
c [distill-long-red1] cls tried: 30/30 T: 0.00 T-out: N T-r: 98.40%
c rst  luby ibes  vmt    20  5665    2753 16753  1657    3.96    3.78    22    53  5567    23   65.80   65.55
c rst  luby ibes  vmt    21  5766    2753 16753  1657    3.96    3.78    22    66  5655    23   65.99   65.73
c rst  luby ibes  vmt    22  5968    2753 16753  1657    3.96    3.78    23    72  5850    23   64.98   64.74
c rst  luby ibes  vmt    23  6071    2753 16753  1657    3.96    3.78    23    74  5951    23   64.93   64.69
c rst  luby ibes  vmt    24  6173    2753 16753  1657    3.96    3.78    23    81  6047    23   64.71   64.48
c rst  luby ibes  vmt    25  6374    2753 16753  1657    3.96    3.78    23    83  6246    23   66.27   66.04
c rst  luby ibes  vmt    26  6775    2753 16753  1657    3.96    3.78    27   109  6627    23   65.91   65.70
c rst  luby ibes  vmt    27  6877    2753 16753  1657    3.96    3.78    27   126  6718    24   65.57   65.34
c rst  luby ibes  vmt    28  6979    2753 16753  1657    3.96    3.78    28   129  6816    24   64.76   64.55
c rst  luby ibes  vmt    29  7181    2753 16753  1657    3.96    3.78    29   141  7027    24   64.13   63.92
c rst  luby ibes  vmt    30  7283    2753 16753  1657    3.96    3.78    30   143  7126    24   64.00   63.80
c rst  luby ibes  vmt    31  7384    2753 16753  1657    3.96    3.78    30   147  7226    24   64.04   63.84
c rst  luby ibes  vmt    32  7586    2753 16753  1657    3.96    3.78    33   154  7418    24   63.17   62.98
c rst  luby ibes  vmt    33  7987    2753 16753  1657    3.96    3.78    37   179  7795    24   62.87   62.69
c rst  luby ibes  vmt    34  8789    2753 16753  1657    3.96    3.78    38   218  8579    24   61.78   61.61
c rst  luby ibes  vmt    35  8890    2753 16753  1657    3.96    3.78    39   219  8678    24   61.65   61.49
c rst  luby ibes  vmt    36  8991    2753 16753  1657    3.96    3.78    40   229  8768    25   61.42   61.26
c rst  luby ibes  vmt    37  9192    2753 16753  1657    3.96    3.78    41   241  8984    25   60.97   60.81
c rst  luby ibes  vmt    38  9293    2753 16753  1657    3.96    3.78    41   245  9081    25   60.88   60.73
c rst  luby ibes  vmt    39  9395    2753 16753  1657    3.96    3.78    41   250  9177    26   60.98   60.82
c rst  luby ibes  vmt    40  9596    2753 16753  1657    3.96    3.78    43   255  9372    26   60.97   60.81
c rst  luby ibes  vmt    41  9998    2753 16753  1657    3.96    3.78    45   282  9746    27   60.14   59.98
c rst  luby ibes  vmt    42 10099    2753 16753  1657    3.96    3.78   142   191  9841    27   60.06   59.91
c rst  luby ibes  vmt    43 10201    2753 16753  1657    3.96    3.78   143   195  9938    27   59.87   59.72
c rst  luby ibes  vmt    44 10403    2753 16753  1657    3.96    3.78   145   200 10133    27   59.47   59.32
c rst  luby ibes  vmt    45 10505    2753 16753  1657    3.96    3.78   145   203 10232    27   59.25   59.10
c rst  luby ibes  vmt    46 10607    2753 16753  1657    3.96    3.78   145   223 10330    27   59.01   58.87
c rst  luby ibes  vmt    47 10809    2753 16753  1657    3.96    3.78   146   227 10527    27   58.79   58.65
c rst  luby  svd  vmt    48 11210    2753 16753  1657    3.96    3.78   156   234 10907    31   59.64   59.48
c rst  luby  svd  vmt    49 12011    2753 16753  1657    3.96    3.78   169   266 11661    33   59.70   59.54
c [branch] adjusting to: vsid (from: vmtf) var_decay:0.95 descr: VSIDS
c [distill-bin] useful: 15/1657/1657 lits-rem: 0 cl-rem: 15 0-depth-assigns: 0 T: 0.01 T-out: N
c rst  geom  svd   vs    50 12011    2753 16753  1642    3.96    3.78   169   266 11661    33   59.70   59.54
c ------- FINAL TOTAL SEARCH STATS ---------
c UIP search time          : 0.88        (99.50     % time)
c All times are for this thread only except if explicitly specified
c restarts                 : 50          (240.22    confls per restart)
c blocked restarts         : 0           (0.00      per normal restart)
c time                     : 0.88        
c decisions                : 16386       (0.00      % random)
c propagations             : 2151K       (2458K     props/s)
c decisions/conflicts      : 1.36        
c conflicts                : 12011       
c LEARNT stats
c units learnt             : 0           (0.00      % of conflicts)
c bins learnt              : 33          (0.27      % of conflicts)
c long learnt              : 12096       (100.71    % of conflicts)
c red which0               : 72          (0.60      % of confl)
c SEAMLESS HYPERBIN&TRANS-RED stats
c advProp called           : 0           
c hyper-bin add bin        : 0           (0.00      bin/call)
c trans-red rem irred bin  : 0           (0.00      bin/call)
c trans-red rem red bin    : 0           (0.00      bin/call)
c CONFL LITS stats
c orig                     : 2763434     (230.08    lit/confl)
c recurs-min effective     : 10888       (90.65     % attempt successful)
c recurs-min lits          : 2042258     (73.90     % less overall)
c permDiff call%           : 3.67        (0.00      % attempt successful)
c permDiff lits-rem        : 0           (0.00      less lits/cl on attempts)
c further-min call%        : 0.04        (20.00     % attempt successful)
c bintri-min lits          : 1           (0.00      % less overall)
c final avg                : 60.04       
c all-threads sum CPU time : 0.88         s
c PROP stats
c Mbogo-props              : 4.15        (4.75      / sec)
c MHyper-props             : 0.00        (0.00      / sec)
c Mprops                   : 2.15        (2.46      / sec)
c -------- OccSimplifier STATS ----------
c time                     : 0.00        (0.00      % var-elim)
c called                   : 0           (0.00      s per call)
c 0-depth assigns          : 0           (0.00      % vars)
c -------- OccSimplifier STATS END ----------
c -------- SubsumeStrengthen STATS ----------
c cl-subs                  : 0            Clauses
c cl-str rem lit           : 0            Lits
c cl-sub T                 : 0.00         s
c cl-str T                 : 0.00         s
c -------- SubsumeStrengthen STATS END ----------
c ----- SCC STATS --------
c time                     : 0.00        (0.00      per call)
c called                   : 0           (0.00      new found per call)
c found                    : 0           (0.00      % of all found)
c bogoprops                : 0           % of all found
c ----- SCC STATS END --------
c --------- VAR REPLACE STATS ----------
c time                     : 0.00        (0.00      per call)
c trees' crown             : 0           (0.00      % of vars)
c 0-depth assigns          : 0           (0.00      % vars)
c lits replaced            : 0           
c bin cls removed          : 0           
c long cls removed         : 0           
c long lits removed        : 0           
c bogoprops                : 0           
c --------- VAR REPLACE STATS END ----------
c vrep replace time        : 0.00        (0.00      % time)
c vrep tree roots          : 0           
c vrep trees' crown        : 0           (0.00      leafs/tree)
c -------- DISTILL-BIN STATS --------
c time                     : 0.01        (0.01      per call)
c timed out                : 0           (0.00      % of calls)
c distill/checked/potential: 0          /1657/1657
c lits-rem                 : 0           
c 0-depth-assigns          : 0           (0.00      % of vars)
c -------- DISTILL STATS END --------
c -------- STRENGTHEN STATS --------
c --> watch-based on irred cls
c time                     : 0.00        (0.00      s/call)
c shrinked/tried/total     : 0          /0/0
c subsumed/tried/total     : 0          /0/0
c lits-rem                 : 0           (0.00      % of lits tried)
c called                   : 0           (0.00      % ran out of time)
c --> watch-based on red cls
c time                     : 0.00        (0.00      s/call)
c shrinked/tried/total     : 0          /0/0
c subsumed/tried/total     : 0          /0/0
c lits-rem                 : 0           (0.00      % of lits tried)
c called                   : 0           (0.00      % ran out of time)
c -------- STRENGTHEN STATS END --------
c -------- IMPLICIT SUB  STATS --------
c time                     : 0.00        (0.00      per call)
c timed out                : 0           (0.00      % of calls)
c rem bins                 : 0           
c -------- IMPLICIT SUB STATS END --------
c Mem used                 : 10          MB
c Mem for longclauses      : 4           MB (44.71     %)
c Mem for watch alloc      : 1           MB (14.22     %)
c Mem for watch array      : 0           MB (1.71      %)
c Mem for assings&vardata  : 0           MB (0.70      %)
c Mem for search&solve     : 0           MB (1.69      %)
c Mem for renumberer       : 0           MB (0.25      %)
c Mem for occsimplifier    : 0           MB (0.00      %)
c Mem for varReplacer&SCC  : 0           MB (0.11      %)
c Mem for impl subsume     : 0           MB (0.00      %)
c Mem for 3 distills       : 0           MB (0.01      %)
c Accounted for mem (rss)  : 63.40       %
c Accounted for mem (vm)   : 46.04       %
c restarts                 : 50          (240.22    confls per restart)
c blocked restarts         : 0           (0.00      per normal restart)
c time                     : 0.88        
c decisions                : 16386       (0.00      % random)
c propagations             : 2151K       (2458K     props/s)
c decisions/conflicts      : 1.36        
c conflicts                : 12011       
c conf lits non-minim      : 2763434     (230.08    lit/confl)
c conf lits final          : 60.04       
c red which0               : 72          (0.60      % of confl)
c props/decision           : 0.00        
c props/conflict           : 0.00        
c 0-depth assigns          : 2           (0.07      % vars)
c 0-depth assigns by CNF   : 2           (0.07      % vars)
c reduceDB time            : 0.00        (0.00      % time)
c OccSimplifier time       : 0.00        (0.00      % time)
c [occur] 0.00 is overhead
c [occur] link-in T: 0.00 cleanup T: 0.00
c [occ-substr] long subBySub: 0 subByStr: 0 lits-rem-str: 0 T: 0.00
c SCC time                 : 0.00        (0.00      % time)
c [scc] new: 0 BP 0M  T: 0.00
c vrep replace time        : 0.00        (0.00      % time)
c vrep tree roots          : 0           
c vrep trees' crown        : 0           (0.00      leafs/tree)
c distill long time        : 0.00        (0.11      % time)
c distill bin time         : 0.01        (1.01      % time)
c strength cache-irred time: 0.00        (0.00      % time)
c strength cache-red time  : 0.00        (0.00      % time)
c avg cls in red 0         : 41.52       
c avg cls in red 1         : 112.82      
c avg cls in red 2         : 5864.94     
c Conflicts in UIP         : 12011       (13654.96  confl/time_this_thread)
c Max Memory (rss) used    : 11248 kB    
c Total time (this thread) : 0.88        
s SATISFIABLE
v 1 -2 3 4 -5 6 7 -8 -9 10 -11 -12 13 14 -15 -16 17 -18 19 -20 -21 22 -23 -24 -25 
v -26 -27 -28 -29 -30 31 -32 -33 34 -35 -36 37 -38 -39 40 -41 -42 -43 -44 -45 
v -46 -47 -48 49 -50 -51 52 -53 -54 55 56 -57 -58 59 -60 -61 -62 -63 -64 -65 
v -66 67 68 -69 -70 71 -72 73 74 -75 -76 77 -78 -79 -80 -81 -82 -83 -84 85 86 
v -87 -88 89 -90 91 92 -93 -94 95 -96 -97 -98 -99 -100 -101 -102 -103 -104 -105 
v -106 -107 -108 109 110 -111 -112 113 -114 -115 -116 -117 -118 -119 -120 -121 
v -122 -123 -124 -125 -126 127 128 -129 -130 131 -132 -133 -134 -135 -136 -137 
v -138 -139 -140 -141 -142 -143 -144 145 146 -147 -148 149 -150 -151 -152 -153 
v -154 -155 -156 -157 -158 -159 -160 -161 -162 -163 -164 -165 -166 -167 -168 
v -169 -170 -171 -172 -173 -174 -175 -176 -177 -178 -179 -180 -181 -182 -183 
v -184 -185 -186 -187 -188 -189 -190 -191 -192 -193 -194 -195 -196 -197 -198 
v 199 200 -201 -202 203 -204 -205 -206 -207 -208 -209 -210 -211 -212 -213 -214 
v -215 -216 217 218 -219 -220 221 -222 -223 -224 -225 -226 -227 -228 -229 -230 
v -231 -232 -233 -234 235 236 -237 -238 239 -240 -241 -242 -243 -244 -245 -246 
v -247 -248 -249 -250 -251 -252 253 254 -255 -256 257 -258 -259 -260 -261 -262 
v -263 -264 -265 -266 -267 -268 -269 -270 -271 -272 -273 -274 -275 -276 -277 
v -278 -279 -280 -281 -282 -283 -284 -285 -286 -287 -288 -289 -290 -291 -292 
v -293 -294 -295 -296 -297 -298 -299 -300 -301 -302 -303 -304 -305 -306 307 308 
v -309 -310 311 -312 -313 -314 -315 -316 -317 -318 -319 -320 -321 -322 -323 
v -324 325 326 -327 -328 329 -330 -331 -332 -333 -334 -335 -336 -337 -338 -339 
v -340 -341 -342 343 344 345 -346 347 348 349 -350 -351 352 -353 354 355 -356 
v 357 358 -359 360 361 362 363 364 -365 -366 367 368 369 370 -371 372 -373 -374 
v -375 376 377 378 379 380 -381 -382 383 384 385 386 -387 388 -389 -390 -391 
v 392 393 394 395 396 -397 -398 399 400 401 402 -403 404 -405 -406 -407 408 409 
v 410 411 412 -413 -414 415 416 417 418 -419 420 -421 -422 -423 -424 -425 -426 
v -427 -428 -429 -430 -431 -432 -433 -434 -435 -436 -437 -438 -439 440 441 442 
v 443 444 -445 -446 447 448 449 450 -451 452 -453 -454 -455 456 457 458 459 460 
v -461 -462 463 464 465 466 -467 468 -469 -470 -471 472 473 474 475 476 -477 
v -478 479 480 481 482 -483 484 -485 -486 -487 -488 -489 -490 -491 -492 -493 
v -494 -495 -496 -497 -498 -499 -500 -501 -502 -503 -504 -505 -506 -507 -508 
v -509 -510 -511 -512 -513 -514 -515 -516 -517 -518 -519 520 521 522 523 524 
v -525 -526 527 528 529 530 -531 532 -533 -534 -535 -536 -537 -538 -539 -540 
v -541 -542 -543 -544 -545 -546 -547 -548 -549 -550 -551 552 553 554 555 556 
v -557 -558 559 560 561 562 -563 564 -565 -566 -567 568 569 570 571 572 -573 
v -574 575 576 577 578 -579 580 -581 -582 -583 -584 -585 -586 -587 -588 -589 
v -590 -591 -592 -593 -594 -595 -596 -597 -598 -599 600 601 602 603 604 -605 
v -606 607 608 609 610 -611 612 -613 -614 -615 616 617 618 619 620 -621 -622 
v 623 624 625 626 -627 628 -629 -630 -631 -632 -633 -634 -635 -636 -637 -638 
v -639 -640 -641 -642 -643 -644 -645 -646 -647 648 649 650 651 -652 -653 654 
v 655 656 657 -658 659 -660 -661 -662 663 664 665 -666 -667 668 669 670 671 
v -672 673 -674 -675 -676 677 678 -679 -680 681 682 683 684 -685 686 -687 -688 
v -689 690 -691 -692 693 694 695 696 -697 698 -699 -700 -701 -702 -703 704 705 
v 706 707 -708 709 -710 -711 -712 -713 -714 -715 -716 -717 -718 -719 -720 -721 
v -722 -723 -724 -725 -726 -727 -728 -729 -730 -731 732 733 734 -735 736 -737 
v -738 -739 740 741 -742 743 -744 -745 -746 747 -748 749 -750 -751 -752 -753 
v 754 -755 -756 -757 -758 -759 -760 -761 -762 -763 -764 -765 -766 -767 768 769 
v 770 771 772 773 774 775 776 777 778 779 780 781 782 783 -784 -785 -786 -787 
v -788 -789 -790 -791 -792 -793 -794 -795 -796 -797 -798 -799 -800 -801 -802 0
c [g 0] truth-find prop checks  : 250K
c [g 0] -> of which prop        : 35.20 %
c [g 0] -> of which confl       :  3.11 %
c [g 0] elim called             : 51K
c [g 0] ---> which lead to prop : 12.89 %
c [g 0] ---> which lead to confl:  0.73 %
c [g 0] size: 50    x 765  

real	0m0.900s
user	0m0.880s
sys	0m0.007s
