c BreakID not compiled in, disabling
c CryptoMiniSat version 5.11.19
c CMS Copyright (C) 2009-2020 Authors of CryptoMiniSat, see AUTHORS file
c CMS SHA revision b80e09ebd7703fc13b987401d693d7d406a50441
c Using VMTF code by Armin Biere from CaDiCaL
c Using Yalsat by Armin Biere, see Balint et al. Improving implementation of SLS solvers [...], SAT'14
c Using WalkSAT by Henry Kautz, see Kautz and Selman Pushing the envelope: planning, propositional logic, and stochastic search, AAAI'96,
c CMS is MIT licensed
c Using code from 'When Boolean Satisfiability Meets Gauss-E. in a Simplex Way'
c       by C.-S. Han and J.-H. Roland Jiang in CAV 2012. Fixes by M. Soos
c Using CCAnr from 'CCAnr: A Conf. Checking Based Local Search Solver [...]'
c       by Shaowei Cai, Chuan Luo, and Kaile Su, SAT 2015
c CMS compilation env CMAKE_CXX_COMPILER = /usr/bin/c++ | CMAKE_CXX_FLAGS =  -fvisibility=hidden -Wall -Wextra -Wunused -Wsign-compare -fno-omit-frame-pointer -Wtype-limits -Wuninitialized -Wno-deprecated -Wstrict-aliasing -Wpointer-arith -Wpointer-arith -Wformat-nonliteral -Winit-self -Wparentheses -Wunreachable-code -g -Wno-class-memaccess -mpopcnt -msse4.2 -ggdb3 -Wlogical-op -Wrestrict -Wnull-dereference -Wdouble-promotion -Wshadow -Wformat=2 -Wextra-semi -pedantic | COMPILE_DEFINES =  -DRDB0_ONLY_FEATURES -DUSE_ZLIB -DYALSAT_FPU | STATICCOMPILE = OFF | ONLY_SIMPLE =  | STATS = OFF | SQLITE3_FOUND =  | ZLIB_FOUND = TRUE | VALGRIND_FOUND =  | ENABLE_TESTING = OFF | SLOW_DEBUG = OFF | ENABLE_ASSERTIONS = ON | PYTHON_EXECUTABLE =  | PYTHON_LIBRARY =  | PYTHON_INCLUDE_DIRS =  | MY_TARGETS =  | LARGEMEM = OFF | LIMITMEM = OFF | BREAKID_LIBRARIES =  | BREAKID-VER = . | BOSPHORUS_LIBRARIES =  | BOSPH-VER = . | compilation date time = Jul 13 2026 14:05:03
c CMS compiled with gcc version 11.5.0 20240719 (Red Hat 11.5.0-5)
c Executed with command line: ./cryptominisat5 ./instancesBreak/IC_S4/Xn19l6-310-S.dimacs_break.cnf
c Reading file './instancesBreak/IC_S4/Xn19l6-310-S.dimacs_break.cnf'
c -- header says num vars:            795
c -- header says num clauses:        2499
c -- clauses added: 2447
c -- xor clauses added: 52
c -- vars added 795
c Parsing time: 0.00 s
c [find&init matx] performing matrix init
c [gauss] XOR-encoding clauses are not detached, so no need to reattach them.
c [xor-rem-unconnected] left with 50 xors from 50 non-empty xors T: 0.00
c [xor-together] xored together: 0 orig xors: 50 new xors: 50 T: 0.00
c [xor-rem-unconnected] left with 50 xors from 50 non-empty xors T: 0.00
c [xor-clean-equiv] removed equivalent xors: 0 left with: 50
c [matrix] unused xors from cleaning: 0
c [matrix] Good   matrix  0     50 x  765  density:0.1159  xorlen avg: 88.66
c [matrix] Using 1 matrices recovered from 0 xors T: 0.00 T-out: N
c [branch] adjusting to: vsid (from: vsid) var_decay:0.95 descr: VSIDS
c rst  geom  stb   vs     1   112    2919 18123  1658    3.96    3.80     3    29    67    13  115.90  102.68
c rst  geom  stb   vs     2   234    2919 18123  1658    3.96    3.80     7    41   173    13   85.83   81.17
c  res  pol bran  nres  conf freevar  IrrL  IrrB l/longC  l/allC RedL0 RedL1 RedL2  RedB l/longC  l/allC
c rst  geom  stb   vs     3   368    2919 18123  1658    3.96    3.80     7    41   307    13   72.50   70.01
c rst  geom  stb   vs     4   517    2919 18123  1658    3.96    3.80     7    41   456    13   62.13   60.62
c rst  geom  stb   vs     5   679    2919 18123  1658    3.96    3.80     7    41   618    13   55.35   54.33
c rst  geom  stb   vs     6   857    2919 18123  1658    3.96    3.80     7    41   794    15   51.03   50.18
c rst  geom  stb   vs     7  1052    2919 18123  1658    3.96    3.80     7    41   989    15   50.98   50.28
c rst  geom  stb   vs     8  1266    2919 18123  1658    3.96    3.80     7    41  1203    15   49.67   49.10
c rst  geom  stb   vs     9  1501    2919 18123  1658    3.96    3.80     7    41  1438    15   49.62   49.15
c rst  geom  stb   vs    10  1758    2919 18123  1658    3.96    3.80     7    41  1695    15   48.20   47.81
c rst  geom  stb   vs    11  2040    2919 18123  1658    3.96    3.80     7    41  1977    15   45.18   44.86
c rst  geom  stb   vs    12  2350    2919 18123  1658    3.96    3.80     7    41  2287    15   42.03   41.77
c rst  geom  stb   vs    13  2690    2919 18123  1658    3.96    3.80     7    41  2627    15   39.23   39.02
c rst  geom  stb   vs    14  3064    2919 18123  1658    3.96    3.80     7    41  3001    15   36.80   36.63
c rst  geom  stb   vs    15  3474    2919 18123  1658    3.96    3.80     7    41  3410    16   36.03   35.87
c rst  geom  stb   vs    16  3924    2919 18123  1658    3.96    3.80     7    41  3860    16   33.88   33.75
c rst  geom  stb   vs    17  4419    2919 18123  1658    3.96    3.80     7    41  4355    16   32.35   32.24
c rst  geom  stb   vs    18  4963    2919 18123  1658    3.96    3.80     7    41  4899    16   30.95   30.85
c rst  geom  stb   vs    19  5561    2919 18123  1658    3.96    3.80     7    41  5497    16   30.02   29.94
c [branch] adjusting to: vmtf (from: vsid) var_decay:0.95 descr: VMTF
c [distill-long-red0] cls tried: 7/7 T: 0.00 T-out: N T-r: 100.00%
c [distill-long-red1] cls tried: 41/41 T: 0.00 T-out: N T-r: 97.53%
c rst  luby ibes  vmt    20  5662    2919 18123  1658    3.96    3.80    22    70  5551    19   29.84   29.75
c rst  luby ibes  vmt    21  5763    2919 18123  1658    3.96    3.80    25   109  5609    20   30.37   30.27
c rst  luby ibes  vmt    22  5965    2919 18123  1658    3.96    3.80    26   132  5804    21   30.70   30.59
c rst  luby ibes  vmt    23  6067    2919 18123  1658    3.96    3.80    27   137  5912    21   30.63   30.53
c rst  luby ibes  vmt    24  6168    2919 18123  1658    3.96    3.80    30   146  6004    22   30.59   30.49
c rst  luby ibes  vmt    25  6369    2919 18123  1658    3.96    3.80    30   148  6204    22   31.14   31.04
c rst  luby ibes  vmt    26  6771    2919 18123  1658    3.96    3.80    33   159  6600    22   31.25   31.15
c rst  luby ibes  vmt    27  6872    2919 18123  1658    3.96    3.80    33   166  6694    22   31.32   31.23
c rst  luby ibes  vmt    28  6974    2919 18123  1658    3.96    3.80    33   172  6790    22   31.38   31.29
c rst  luby ibes  vmt    29  7176    2919 18123  1658    3.96    3.80    36   181  6980    22   31.58   31.49
c rst  luby ibes  vmt    30  7277    2919 18123  1658    3.96    3.80    37   183  7078    22   31.70   31.61
c rst  luby ibes  vmt    31  7379    2919 18123  1658    3.96    3.80    38   189  7175    22   31.79   31.70
c rst  luby ibes  vmt    32  7580    2919 18123  1658    3.96    3.80    43   202  7361    22   31.85   31.77
c rst  luby ibes  vmt    33  7982    2919 18123  1658    3.96    3.80    43   231  7775    22   32.08   32.00
c rst  luby ibes  vmt    34  8783    2919 18123  1658    3.96    3.80    48   272  8616    22   32.55   32.48
c rst  luby ibes  vmt    35  8885    2919 18123  1658    3.96    3.80    48   287  8709    22   32.48   32.41
c rst  luby ibes  vmt    36  8986    2919 18123  1658    3.96    3.80    48   287  8810    22   32.60   32.52
c rst  luby ibes  vmt    37  9188    2919 18123  1658    3.96    3.80    49   290  9008    23   32.76   32.68
c rst  luby ibes  vmt    38  9289    2919 18123  1658    3.96    3.80    50   293  9105    23   32.83   32.75
c rst  luby ibes  vmt    39  9390    2919 18123  1658    3.96    3.80    50   332  9185    23   32.74   32.66
c rst  luby ibes  vmt    40  9592    2919 18123  1658    3.96    3.80    52   343  9376    23   32.83   32.76
c rst  luby ibes  vmt    41  9993    2919 18123  1658    3.96    3.80    56   368  9765    23   32.95   32.88
c rst  luby ibes  vmt    42 10095    2919 18123  1658    3.96    3.80   168   256  9867    23   32.97   32.90
c rst  luby ibes  vmt    43 10196    2919 18123  1658    3.96    3.80   168   262  9962    23   33.06   33.00
c rst  luby ibes  vmt    44 10398    2919 18123  1658    3.96    3.80   168   271 10156    23   32.94   32.88
c rst  luby ibes  vmt    45 10500    2919 18123  1658    3.96    3.80   168   276 10253    23   33.18   33.12
c rst  luby ibes  vmt    46 10601    2919 18123  1658    3.96    3.80   168   281 10348    24   33.24   33.17
c rst  luby ibes  vmt    47 10803    2919 18123  1658    3.96    3.80   168   288 10543    24   33.40   33.33
c rst  luby  svd  vmt    48 11205    2919 18123  1658    3.96    3.80   176   301 10920    28   34.46   34.38
c rst  luby  svd  vmt    49 12008    2919 18123  1658    3.96    3.80   180   324 11696    28   37.17   37.09
c [branch] adjusting to: vsid (from: vmtf) var_decay:0.95 descr: VSIDS
c [distill-bin] useful: 12/1658/1658 lits-rem: 0 cl-rem: 12 0-depth-assigns: 0 T: 0.01 T-out: N
c rst  geom  svd   vs    50 12120    2919 18123  1646    3.96    3.80   180   324 11808    28   37.20   37.12
c rst  geom  svd   vs    51 12242    2919 18123  1646    3.96    3.80   180   324 11930    28   37.26   37.18
c rst  geom  svd   vs    52 12377    2919 18123  1646    3.96    3.80   180   324 12064    29   37.39   37.31
c rst  geom  svd   vs    53 12524    2919 18123  1646    3.96    3.80   180   324 12211    29   37.50   37.42
c rst  geom  svd   vs    54 12686    2919 18123  1646    3.96    3.80   180   324 12373    29   37.45   37.37
c rst  geom  svd   vs    55 12864    2919 18123  1646    3.96    3.80   180   324 12551    29   37.27   37.19
c rst  geom  svd   vs    56 13058    2919 18123  1646    3.96    3.80   180   324 12745    29   37.13   37.05
c rst  geom  svd   vs    57 13271    2919 18123  1646    3.96    3.80   180   324 12958    29   37.04   36.97
c rst  geom  svd   vs    58 13505    2919 18123  1646    3.96    3.80   180   324 13192    29   36.94   36.87
c rst  geom  svd   vs    59 13762    2919 18123  1646    3.96    3.80   180   324 13449    29   36.85   36.78
c rst  geom  svd   vs    60 14045    2919 18123  1646    3.96    3.80   180   324 13731    30   36.71   36.64
c rst  geom  svd   vs    61 14355    2919 18123  1646    3.96    3.80   180   324 14041    30   36.51   36.44
c rst  geom  svd   vs    62 14695    2919 18123  1646    3.96    3.80   180   324 14381    30   36.34   36.27
c rst  geom  svd   vs    63 15069    2919 18123  1646    3.96    3.80   193   897 14169    30   36.10   36.04
c rst  geom  svd   vs    64 15479    2919 18123  1646    3.96    3.80   193   897 14579    30   35.94   35.88
c rst  geom  svd   vs    65 15929    2919 18123  1646    3.96    3.80   193   897 15029    30   35.70   35.64
c rst  geom  svd   vs    66 16423    2919 18123  1646    3.96    3.80   193   897 15523    30   35.69   35.63
c rst  geom best   vs    67 16968    2919 18123  1646    3.96    3.80   196   897 16065    30   36.74   36.68
c rst  geom best   vs    68 17565    2919 18123  1646    3.96    3.80   196   897 16662    30   37.08   37.02
c rst  geom best   vs    69 18223    2919 18123  1646    3.96    3.80   197   897 17319    30   37.46   37.40
c [branch] adjusting to: vmtf (from: vsid) var_decay:0.95 descr: VMTF
c rst  luby best  vmt    70 18325    2919 18123  1646    3.96    3.80   199   897 17421    31   37.71   37.65
c rst  luby best  vmt    71 18426    2919 18123  1646    3.96    3.80   200   897 17520    32   37.93   37.86
c rst  luby best  vmt    72 18629    2919 18123  1646    3.96    3.80   204   902 17712    34   38.31   38.24
c rst  luby best  vmt    73 18730    2919 18123  1646    3.96    3.80   209   907 17800    37   38.50   38.43
c rst  luby best  vmt    74 18832    2919 18123  1646    3.96    3.80   215   908 17891    41   38.57   38.49
c rst  luby best  vmt    75 19034    2919 18123  1646    3.96    3.80   218   909 18089    41   38.99   38.91
c rst  luby best  vmt    76 19435    2919 18123  1646    3.96    3.80   224   920 18472    42   39.69   39.61
c rst  luby best  vmt    77 19536    2919 18123  1646    3.96    3.80   224   921 18572    42   39.90   39.82
c rst  luby best  vmt    78 19638    2919 18123  1646    3.96    3.80   227   924 18668    42   39.97   39.89
c rst  luby best  vmt    79 19839    2919 18123  1646    3.96    3.80   235   930 18852    45   40.49   40.40
c rst  luby best  vmt    80 19941    2919 18123  1646    3.96    3.80   238   930 18950    46   40.62   40.53
c rst  luby best  vmt    81   20K    2919 18123  1646    3.96    3.80   282   891 19046    46   40.76   40.67
c [full-probe]  bin_only: 1 set: 0 repl: 0 T: 0.01 T-out: N T-r: 99.76%
c rst  luby best  vmt    82   20K    2919 18123  1646    3.96    3.80   287   894 19240    54   41.00   40.90
c rst  luby best  vmt    83   20K    2919 18123  1646    3.96    3.80   292   896 19634    54   41.28   41.18
c [distill-long-red0] cls tried: 256/256 T: 0.01 T-out: N T-r: 99.69%
c [distill-long-red1] cls tried: 47/884 T: 0.01 T-out: Y T-r: -3.21%
c rst  luby best  vmt    84   21K    2919 18123  1646    3.96    3.80   293   906   20K    67   42.01   41.88
c rst  luby best  vmt    85   21K    2919 18123  1646    3.96    3.80   293   909   20K    67   42.03   41.91
c rst  luby best  vmt    86   21K    2919 18123  1646    3.96    3.80   295   909   20K    68   42.15   42.02
c rst  luby  stb  vmt    87   21K    2919 18123  1646    3.96    3.80   298   922   20K    69   42.55   42.43
c rst  luby  stb  vmt    88   21K    2919 18123  1646    3.96    3.80   299   924   20K    69   42.68   42.55
c rst  luby  stb  vmt    89   22K    2919 18123  1646    3.96    3.80   299   924   20K    69   42.79   42.66
c rst  luby  stb  vmt    90   22K    2919 18123  1646    3.96    3.80   300   930   21K    70   43.18   43.05
c rst  luby  stb  vmt    91   22K    2919 18123  1646    3.96    3.80   309   942   21K    74   43.80   43.66
c rst  luby  stb  vmt    92   22K    2919 18123  1646    3.96    3.80   313   943   21K    74   43.81   43.68
c rst  luby  stb  vmt    93   22K    2919 18123  1646    3.96    3.80   313   943   21K    76   43.97   43.83
c rst  luby  stb  vmt    94   23K    2919 18123  1646    3.96    3.80   318   947   21K    77   44.22   44.08
c rst  luby  stb  vmt    95   23K    2919 18123  1646    3.96    3.80   321   947   22K    78   44.33   44.19
c rst  luby  stb  vmt    96   23K    2919 18123  1646    3.96    3.80   322   949   22K    78   44.39   44.25
c rst  luby  stb  vmt    97   23K    2919 18123  1646    3.96    3.80   324   950   22K    83   44.83   44.68
c rst  luby  stb  vmt    98   23K    2919 18123  1646    3.96    3.80   327   959   22K    83   45.29   45.14
c rst  luby  stb  vmt    99   24K    2919 18123  1646    3.96    3.80   337   971   23K    88   45.83   45.68
c rst  luby  stb  vmt   100   26K    2919 18123  1646    3.96    3.80   357   985   25K    93   46.79   46.63
c [branch] adjusting to: vsid (from: vmtf) var_decay:0.95 descr: VSIDS
c [distill] watch-based irred--  cl tried     1577 cl-sh     0 cl-rem    3 lit-rem      0 T: 0.00 T-out: N
c [distill] watch-based   red--  cl tried      712 cl-sh    16 cl-rem    2 lit-rem     25 T: 0.00 T-out: N
c rst  geom  stb   vs   101   26K    2919 18119  1650    3.96    3.80   355   985   25K    90   46.77   46.62
c rst  geom  stb   vs   102   26K    2919 18119  1650    3.96    3.80   355   985   25K    90   46.83   46.68
c rst  geom  stb   vs   103   26K    2919 18119  1650    3.96    3.80   355   985   25K    90   46.84   46.69
c rst  geom  stb   vs   104   26K    2919 18119  1650    3.96    3.80   355   986   25K    90   46.87   46.72
c rst  geom  stb   vs   105   26K    2919 18119  1650    3.96    3.80   355   986   25K    90   46.90   46.75
c rst  geom ibes   vs   106   27K    2919 18119  1650    3.96    3.80   355   986   25K    90   46.84   46.69
c rst  geom ibes   vs   107   27K    2919 18119  1650    3.96    3.80   355   986   26K    90   46.79   46.64
c rst  geom ibes   vs   108   27K    2919 18119  1650    3.96    3.80   355   986   26K    90   46.56   46.42
c rst  geom ibes   vs   109   27K    2919 18119  1650    3.96    3.80   355   986   26K    90   46.32   46.18
c rst  geom ibes   vs   110   28K    2919 18119  1650    3.96    3.80   355   986   26K    90   46.06   45.92
c rst  geom ibes   vs   111   28K    2919 18119  1650    3.96    3.80   355   986   27K    90   45.81   45.67
c rst  geom ibes   vs   112   28K    2919 18119  1650    3.96    3.80   355   987   27K    90   45.54   45.41
c rst  geom ibes   vs   113   28K    2919 18119  1650    3.96    3.80   355   987   27K    90   45.36   45.22
c rst  geom ibes   vs   114   29K    2919 18119  1650    3.96    3.80   356   987   28K    90   45.01   44.88
c rst  geom ibes   vs   115   29K    2919 18119  1650    3.96    3.80   356   987   28K    90   44.74   44.61
c rst  geom ibes   vs   116   30K    2919 18119  1650    3.96    3.80   452  1171   23K    90   47.38   47.21
c rst  geom ibes   vs   117   30K    2919 18119  1650    3.96    3.80   452  1172   23K    90   47.04   46.88
c rst  geom ibes   vs   118   31K    2919 18119  1650    3.96    3.80   452  1172   24K    90   46.43   46.27
c rst  geom ibes   vs   119   31K    2919 18119  1650    3.96    3.80   452  1172   25K    90   45.79   45.64
c rst  geom ibes   vs   120   32K    2919 18119  1650    3.96    3.80   452  1173   25K    90   45.12   44.97
c [distill-bin] useful: 0/1650/1650 lits-rem: 0 cl-rem: 0 0-depth-assigns: 0 T: 0.02 T-out: N
c rst  geom  svd   vs   121   33K    2919 18119  1650    3.96    3.80   452  1173   26K    90   45.02   44.89
c rst  geom  svd   vs   122   34K    2919 18119  1650    3.96    3.80   452  1173   27K    90   44.63   44.50
c [branch] adjusting to: vmtf (from: vsid) var_decay:0.95 descr: VMTF
c rst  luby  svd  vmt   123   34K    2919 18119  1650    3.96    3.80   453  1177   27K    90   44.63   44.50
c rst  luby  svd  vmt   124   34K    2919 18119  1650    3.96    3.80   455  1178   27K    90   44.64   44.50
c rst  luby  svd  vmt   125   34K    2919 18119  1650    3.96    3.80   457  1179   27K    90   44.79   44.65
c rst  luby  svd  vmt   126   34K    2919 18119  1650    3.96    3.80   459  1180   27K    90   44.84   44.71
c rst  luby  svd  vmt   127   34K    2919 18119  1650    3.96    3.80   459  1180   27K    90   44.79   44.66
c rst  luby  svd  vmt   128   34K    2919 18119  1650    3.96    3.80   462  1202   28K    98   44.94   44.80
c rst  luby  svd  vmt   129   35K    2919 18119  1650    3.96    3.80   463  1210   28K    98   45.30   45.16
c rst  luby  svd  vmt   130   35K    2919 18119  1650    3.96    3.80   465  1212   28K    98   45.33   45.19
c rst  luby  svd  vmt   131   35K    2919 18119  1650    3.96    3.80   465  1213   28K    98   45.36   45.22
c rst  luby  svd  vmt   132   35K    2919 18119  1650    3.96    3.80   466  1225   28K    98   45.50   45.36
c rst  luby  svd  vmt   133   35K    2919 18119  1650    3.96    3.80   467  1229   28K    98   45.55   45.41
c [distill-long-red0] cls tried: 201/201 T: 0.01 T-out: N T-r: 99.66%
c [distill-long-red1] cls tried: 37/1171 T: 0.01 T-out: Y T-r: -7.54%
c rst  luby  svd  vmt   134   35K    2919 18119  1650    3.96    3.80   466  1238   29K    99   45.57   45.43
c rst  luby  svd  vmt   135   36K    2919 18119  1650    3.96    3.80   468  1245   29K    99   45.75   45.61
c rst  luby  svd  vmt   136   36K    2919 18119  1650    3.96    3.80   470  1251   29K    99   45.83   45.69
c rst  luby  svd  vmt   137   37K    2919 18119  1650    3.96    3.80   485  1273   30K    99   46.22   46.08
c rst  luby  svd  vmt   138   37K    2919 18119  1650    3.96    3.80   485  1274   30K    99   46.24   46.11
c rst  luby  svd  vmt   139   37K    2919 18119  1650    3.96    3.80   486  1276   30K    99   46.37   46.23
c rst  luby  svd  vmt   140   37K    2919 18119  1650    3.96    3.80   488  1314   30K    99   46.47   46.34
c rst  luby  svd  vmt   141   37K    2919 18119  1650    3.96    3.80   488  1315   30K    99   46.51   46.38
c rst  luby  svd  vmt   142   37K    2919 18119  1650    3.96    3.80   488  1316   30K    99   46.53   46.39
c rst  luby  svd  vmt   143   38K    2919 18119  1650    3.96    3.80   490  1321   31K    99   46.62   46.49
c rst  geom best  vmt   144   38K    2919 18119  1650    3.96    3.80   490  1333   31K    99   46.59   46.46
c rst  geom best  vmt   145   38K    2919 18119  1650    3.96    3.80   490  1339   31K   100   46.66   46.53
c rst  geom best  vmt   146   38K    2919 18119  1650    3.96    3.80   490  1341   31K   100   46.68   46.55
c rst  geom best  vmt   147   38K    2919 18119  1650    3.96    3.80   490  1343   31K   100   46.74   46.61
c rst  geom best  vmt   148   38K    2919 18119  1650    3.96    3.80   494  1351   31K   100   46.73   46.60
c rst  geom best  vmt   149   38K    2919 18119  1650    3.96    3.80   495  1372   31K   100   46.70   46.56
c rst  geom best  vmt   150   39K    2919 18119  1650    3.96    3.80   495  1374   32K   100   46.76   46.63
c rst  geom best  vmt   151   39K    2919 18119  1650    3.96    3.80   495  1382   32K   101   46.67   46.54
c rst  geom best  vmt   152   39K    2919 18119  1650    3.96    3.80   495  1390   32K   101   46.67   46.54
c ------- FINAL TOTAL SEARCH STATS ---------
c UIP search time          : 2.83        (99.84     % time)
c All times are for this thread only except if explicitly specified
c restarts                 : 152         (259.20    confls per restart)
c blocked restarts         : 0           (0.00      per normal restart)
c time                     : 2.83        
c decisions                : 47113       (0.00      % random)
c propagations             : 7724K       (2726K     props/s)
c decisions/conflicts      : 1.20        
c conflicts                : 39399       
c LEARNT stats
c units learnt             : 0           (0.00      % of conflicts)
c bins learnt              : 84          (0.21      % of conflicts)
c long learnt              : 39577       (100.45    % of conflicts)
c red which0               : 246         (0.62      % of confl)
c SEAMLESS HYPERBIN&TRANS-RED stats
c advProp called           : 0           
c hyper-bin add bin        : 0           (0.00      bin/call)
c trans-red rem irred bin  : 0           (0.00      bin/call)
c trans-red rem red bin    : 0           (0.00      bin/call)
c CONFL LITS stats
c orig                     : 9019177     (228.92    lit/confl)
c recurs-min effective     : 36664       (93.06     % attempt successful)
c recurs-min lits          : 7253248     (80.42     % less overall)
c permDiff call%           : 2.65        (0.00      % attempt successful)
c permDiff lits-rem        : 0           (0.00      less lits/cl on attempts)
c further-min call%        : 0.05        (52.63     % attempt successful)
c bintri-min lits          : 35          (0.00      % less overall)
c final avg                : 44.82       
c all-threads sum CPU time : 2.83         s
c PROP stats
c Mbogo-props              : 21.76       (7.68      / sec)
c MHyper-props             : 0.00        (0.00      / sec)
c Mprops                   : 7.72        (2.73      / sec)
c -------- OccSimplifier STATS ----------
c time                     : 0.00        (0.00      % var-elim)
c called                   : 0           (0.00      s per call)
c 0-depth assigns          : 0           (0.00      % vars)
c -------- OccSimplifier STATS END ----------
c -------- SubsumeStrengthen STATS ----------
c cl-subs                  : 0            Clauses
c cl-str rem lit           : 0            Lits
c cl-sub T                 : 0.00         s
c cl-str T                 : 0.00         s
c -------- SubsumeStrengthen STATS END ----------
c ----- SCC STATS --------
c time                     : 0.00        (0.00      per call)
c called                   : 0           (0.00      new found per call)
c found                    : 0           (0.00      % of all found)
c bogoprops                : 0           % of all found
c ----- SCC STATS END --------
c --------- VAR REPLACE STATS ----------
c time                     : 0.00        (0.00      per call)
c trees' crown             : 0           (0.00      % of vars)
c 0-depth assigns          : 0           (0.00      % vars)
c lits replaced            : 0           
c bin cls removed          : 0           
c long cls removed         : 0           
c long lits removed        : 0           
c bogoprops                : 0           
c --------- VAR REPLACE STATS END ----------
c vrep replace time        : 0.00        (0.00      % time)
c vrep tree roots          : 0           
c vrep trees' crown        : 0           (0.00      leafs/tree)
c -------- DISTILL-BIN STATS --------
c time                     : 0.02        (0.01      per call)
c timed out                : 0           (0.00      % of calls)
c distill/checked/potential: 0          /3308/3308
c lits-rem                 : 0           
c 0-depth-assigns          : 0           (0.00      % of vars)
c -------- DISTILL STATS END --------
c -------- STRENGTHEN STATS --------
c --> watch-based on irred cls
c time                     : 0.00        (0.00      s/call)
c shrinked/tried/total     : 0          /1577/36241
c subsumed/tried/total     : 3          /1577/36241
c lits-rem                 : 0           (0.00      % of lits tried)
c called                   : 2           (0.00      % ran out of time)
c --> watch-based on red cls
c time                     : 0.00        (0.00      s/call)
c shrinked/tried/total     : 16         /712/712
c subsumed/tried/total     : 2          /712/712
c lits-rem                 : 25          (0.67      % of lits tried)
c called                   : 2           (0.00      % ran out of time)
c -------- STRENGTHEN STATS END --------
c -------- IMPLICIT SUB  STATS --------
c time                     : 0.00        (0.00      per call)
c timed out                : 0           (0.00      % of calls)
c rem bins                 : 0           
c -------- IMPLICIT SUB STATS END --------
c Mem used                 : 19          MB
c Mem for longclauses      : 10          MB (55.70     %)
c Mem for watch alloc      : 3           MB (15.41     %)
c Mem for watch array      : 0           MB (0.96      %)
c Mem for assings&vardata  : 0           MB (0.39      %)
c Mem for search&solve     : 0           MB (0.98      %)
c Mem for renumberer       : 0           MB (0.14      %)
c Mem for occsimplifier    : 0           MB (0.00      %)
c Mem for varReplacer&SCC  : 0           MB (0.06      %)
c Mem for impl subsume     : 0           MB (0.00      %)
c Mem for 3 distills       : 0           MB (0.00      %)
c Accounted for mem (rss)  : 73.65       %
c Accounted for mem (vm)   : 63.56       %
c restarts                 : 152         (259.20    confls per restart)
c blocked restarts         : 0           (0.00      per normal restart)
c time                     : 2.83        
c decisions                : 47113       (0.00      % random)
c propagations             : 7724K       (2726K     props/s)
c decisions/conflicts      : 1.20        
c conflicts                : 39399       
c conf lits non-minim      : 9019177     (228.92    lit/confl)
c conf lits final          : 44.82       
c red which0               : 246         (0.62      % of confl)
c props/decision           : 0.00        
c props/conflict           : 0.00        
c 0-depth assigns          : 2           (0.07      % vars)
c 0-depth assigns by CNF   : 2           (0.07      % vars)
c reduceDB time            : 0.00        (0.17      % time)
c OccSimplifier time       : 0.00        (0.00      % time)
c [occur] 0.00 is overhead
c [occur] link-in T: 0.00 cleanup T: 0.00
c [occ-substr] long subBySub: 0 subByStr: 0 lits-rem-str: 0 T: 0.00
c SCC time                 : 0.00        (0.00      % time)
c [scc] new: 0 BP 0M  T: 0.00
c vrep replace time        : 0.00        (0.00      % time)
c vrep tree roots          : 0           
c vrep trees' crown        : 0           (0.00      leafs/tree)
c distill long time        : 0.05        (1.85      % time)
c distill bin time         : 0.02        (0.80      % time)
c strength cache-irred time: 0.00        (0.07      % time)
c strength cache-red time  : 0.00        (0.00      % time)
c avg cls in red 0         : 249.07      
c avg cls in red 1         : 720.73      
c avg cls in red 2         : 17604.16    
c Conflicts in UIP         : 39399       (13881.55  confl/time_this_thread)
c Max Memory (rss) used    : 20004 kB    
c Total time (this thread) : 2.84        
s SATISFIABLE
v -1 2 -3 -4 5 -6 7 -8 9 10 11 -12 13 -14 -15 16 17 -18 -19 -20 -21 -22 -23 -24 
v 25 -26 27 28 29 -30 -31 -32 -33 -34 -35 -36 -37 -38 -39 -40 -41 -42 43 -44 45 
v 46 47 -48 -49 -50 -51 -52 -53 -54 -55 -56 -57 -58 -59 -60 61 -62 -63 64 65 
v -66 -67 -68 -69 -70 -71 -72 -73 -74 -75 -76 -77 -78 79 -80 -81 82 83 -84 -85 
v -86 -87 -88 -89 -90 91 -92 -93 94 95 -96 -97 -98 -99 -100 -101 -102 103 -104 
v -105 106 107 -108 109 -110 -111 112 113 -114 115 -116 -117 118 119 -120 -121 
v -122 -123 -124 -125 -126 -127 -128 -129 -130 -131 -132 -133 -134 -135 -136 
v -137 -138 -139 -140 -141 -142 -143 -144 -145 -146 -147 -148 -149 -150 -151 
v -152 -153 -154 -155 -156 -157 -158 -159 -160 -161 -162 163 -164 -165 166 167 
v -168 -169 -170 -171 -172 -173 -174 175 -176 -177 178 179 -180 181 -182 -183 
v 184 185 -186 187 -188 -189 190 191 -192 -193 -194 -195 -196 -197 -198 -199 
v -200 -201 -202 -203 -204 -205 -206 -207 -208 -209 -210 -211 -212 -213 -214 
v -215 -216 -217 -218 -219 -220 -221 -222 -223 -224 -225 -226 -227 -228 -229 
v -230 -231 -232 -233 -234 -235 -236 -237 -238 -239 -240 -241 -242 -243 -244 
v -245 -246 -247 -248 -249 -250 -251 -252 -253 -254 -255 -256 -257 -258 -259 
v -260 -261 -262 -263 -264 -265 -266 -267 -268 -269 -270 271 -272 -273 274 275 
v -276 -277 -278 -279 -280 -281 -282 283 -284 -285 286 287 -288 289 -290 -291 
v 292 293 -294 295 -296 -297 298 299 -300 -301 -302 -303 -304 -305 -306 -307 
v -308 -309 -310 -311 -312 -313 -314 -315 -316 -317 -318 -319 -320 -321 -322 
v -323 -324 -325 -326 -327 -328 -329 -330 -331 -332 -333 -334 -335 -336 -337 
v -338 -339 -340 -341 -342 -343 344 345 -346 347 -348 349 -350 351 352 -353 354 
v 355 -356 357 -358 -359 -360 361 -362 363 364 -365 -366 -367 -368 -369 -370 
v -371 372 -373 -374 -375 -376 -377 -378 -379 -380 -381 -382 -383 -384 -385 
v -386 -387 -388 -389 -390 -391 -392 393 -394 395 396 -397 -398 -399 -400 -401 
v -402 -403 404 -405 -406 -407 -408 409 -410 411 412 -413 -414 -415 -416 -417 
v -418 -419 420 -421 -422 -423 -424 -425 -426 -427 -428 -429 -430 -431 -432 
v -433 -434 -435 -436 -437 -438 -439 -440 441 -442 443 444 -445 -446 -447 -448 
v -449 -450 -451 452 -453 -454 -455 -456 -457 -458 -459 -460 -461 -462 -463 
v -464 -465 -466 -467 -468 -469 -470 -471 -472 473 -474 475 476 -477 -478 -479 
v -480 -481 -482 -483 484 -485 -486 -487 -488 -489 -490 -491 -492 -493 -494 
v -495 -496 -497 -498 -499 -500 -501 -502 -503 -504 505 -506 507 508 -509 -510 
v -511 -512 -513 -514 -515 516 -517 -518 -519 -520 521 -522 523 524 -525 -526 
v -527 -528 -529 -530 -531 532 -533 -534 -535 -536 -537 -538 -539 -540 -541 
v -542 -543 -544 -545 -546 -547 -548 -549 -550 -551 -552 553 -554 555 556 -557 
v -558 -559 -560 -561 -562 -563 564 -565 -566 -567 -568 569 -570 571 572 -573 
v -574 -575 -576 -577 -578 -579 580 -581 -582 -583 -584 -585 -586 -587 -588 
v -589 -590 -591 -592 -593 -594 -595 -596 -597 -598 -599 -600 601 -602 603 604 
v -605 -606 -607 -608 -609 -610 -611 612 -613 -614 -615 -616 -617 -618 -619 
v -620 -621 -622 -623 -624 -625 -626 -627 -628 -629 -630 -631 -632 -633 -634 
v -635 -636 -637 -638 -639 -640 -641 -642 -643 -644 -645 -646 -647 -648 -649 
v -650 -651 -652 -653 -654 -655 -656 -657 -658 -659 -660 -661 -662 -663 664 665 
v -666 -667 -668 -669 -670 -671 -672 673 -674 -675 -676 -677 -678 -679 -680 
v -681 -682 -683 -684 -685 -686 -687 -688 -689 690 -691 -692 -693 -694 -695 
v -696 -697 698 -699 -700 -701 -702 -703 -704 -705 -706 -707 -708 709 -710 -711 
v -712 -713 -714 -715 -716 -717 -718 -719 -720 -721 -722 -723 -724 -725 -726 
v -727 -728 -729 -730 -731 -732 -733 -734 -735 -736 -737 -738 -739 -740 -741 
v -742 -743 -744 -745 -746 -747 -748 -749 -750 -751 -752 -753 -754 -755 -756 
v -757 -758 -759 -760 -761 -762 -763 -764 -765 -766 -767 768 769 770 771 772 
v -773 -774 -775 776 777 778 779 780 781 782 783 784 785 786 787 788 789 790 
v 791 792 793 794 795 0
c [g 0] truth-find prop checks  : 725K
c [g 0] -> of which prop        : 36.69 %
c [g 0] -> of which confl       :  3.01 %
c [g 0] elim called             : 134K
c [g 0] ---> which lead to prop :  7.33 %
c [g 0] ---> which lead to confl:  0.71 %
c [g 0] size: 50    x 765  

real	0m2.889s
user	0m2.839s
sys	0m0.019s
