c BreakID not compiled in, disabling
c CryptoMiniSat version 5.11.19
c CMS Copyright (C) 2009-2020 Authors of CryptoMiniSat, see AUTHORS file
c CMS SHA revision b80e09ebd7703fc13b987401d693d7d406a50441
c Using VMTF code by Armin Biere from CaDiCaL
c Using Yalsat by Armin Biere, see Balint et al. Improving implementation of SLS solvers [...], SAT'14
c Using WalkSAT by Henry Kautz, see Kautz and Selman Pushing the envelope: planning, propositional logic, and stochastic search, AAAI'96,
c CMS is MIT licensed
c Using code from 'When Boolean Satisfiability Meets Gauss-E. in a Simplex Way'
c       by C.-S. Han and J.-H. Roland Jiang in CAV 2012. Fixes by M. Soos
c Using CCAnr from 'CCAnr: A Conf. Checking Based Local Search Solver [...]'
c       by Shaowei Cai, Chuan Luo, and Kaile Su, SAT 2015
c CMS compilation env CMAKE_CXX_COMPILER = /usr/bin/c++ | CMAKE_CXX_FLAGS =  -fvisibility=hidden -Wall -Wextra -Wunused -Wsign-compare -fno-omit-frame-pointer -Wtype-limits -Wuninitialized -Wno-deprecated -Wstrict-aliasing -Wpointer-arith -Wpointer-arith -Wformat-nonliteral -Winit-self -Wparentheses -Wunreachable-code -g -Wno-class-memaccess -mpopcnt -msse4.2 -ggdb3 -Wlogical-op -Wrestrict -Wnull-dereference -Wdouble-promotion -Wshadow -Wformat=2 -Wextra-semi -pedantic | COMPILE_DEFINES =  -DRDB0_ONLY_FEATURES -DUSE_ZLIB -DYALSAT_FPU | STATICCOMPILE = OFF | ONLY_SIMPLE =  | STATS = OFF | SQLITE3_FOUND =  | ZLIB_FOUND = TRUE | VALGRIND_FOUND =  | ENABLE_TESTING = OFF | SLOW_DEBUG = OFF | ENABLE_ASSERTIONS = ON | PYTHON_EXECUTABLE =  | PYTHON_LIBRARY =  | PYTHON_INCLUDE_DIRS =  | MY_TARGETS =  | LARGEMEM = OFF | LIMITMEM = OFF | BREAKID_LIBRARIES =  | BREAKID-VER = . | BOSPHORUS_LIBRARIES =  | BOSPH-VER = . | compilation date time = Jul 13 2026 14:05:03
c CMS compiled with gcc version 11.5.0 20240719 (Red Hat 11.5.0-5)
c Executed with command line: ./cryptominisat5 ./instancesBreak/IC_S4/Xn19l6-19-U.dimacs_break.cnf
c Reading file './instancesBreak/IC_S4/Xn19l6-19-U.dimacs_break.cnf'
c -- header says num vars:            805
c -- header says num clauses:        2529
c -- clauses added: 2477
c -- xor clauses added: 52
c -- vars added 805
c Parsing time: 0.00 s
c [find&init matx] performing matrix init
c [gauss] XOR-encoding clauses are not detached, so no need to reattach them.
c [xor-rem-unconnected] left with 50 xors from 50 non-empty xors T: 0.00
c [xor-together] xored together: 0 orig xors: 50 new xors: 50 T: 0.00
c [xor-rem-unconnected] left with 50 xors from 50 non-empty xors T: 0.00
c [xor-clean-equiv] removed equivalent xors: 0 left with: 50
c [matrix] unused xors from cleaning: 0
c [matrix] Good   matrix  0     50 x  765  density:0.1174  xorlen avg: 89.82
c [matrix] Using 1 matrices recovered from 0 xors T: 0.00 T-out: N
c [branch] adjusting to: vsid (from: vsid) var_decay:0.95 descr: VSIDS
c rst  geom  stb   vs     1   125    2958 18387  1656    3.96    3.80     0    31    83    11  184.13  168.10
c rst  geom  stb   vs     2   249    2958 18387  1656    3.96    3.80     2    46   190    11  143.24  137.00
c  res  pol bran  nres  conf freevar  IrrL  IrrB l/longC  l/allC RedL0 RedL1 RedL2  RedB l/longC  l/allC
c rst  geom  stb   vs     3   383    2958 18387  1656    3.96    3.80     2    46   323    12  116.00  112.43
c rst  geom  stb   vs     4   531    2958 18387  1656    3.96    3.80     2    46   471    12   99.97   97.76
c rst  geom  stb   vs     5   692    2958 18387  1656    3.96    3.80     2    46   632    12   95.53   93.91
c rst  geom  stb   vs     6   870    2958 18387  1656    3.96    3.80     2    46   807    15   93.32   91.74
c rst  geom  stb   vs     7  1064    2958 18387  1656    3.96    3.80     2    46  1001    15   87.94   86.73
c rst  geom  stb   vs     8  1277    2958 18387  1656    3.96    3.80     3    46  1213    15   88.39   87.38
c rst  geom  stb   vs     9  1512    2958 18387  1656    3.96    3.80     5    46  1446    15   84.47   83.65
c rst  geom  stb   vs    10  1769    2958 18387  1656    3.96    3.80     5    46  1703    15   83.71   83.02
c rst  geom  stb   vs    11  2052    2958 18387  1656    3.96    3.80     6    46  1984    16   80.96   80.34
c rst  geom  stb   vs    12  2362    2958 18387  1656    3.96    3.80     6    46  2294    16   78.76   78.24
c rst  geom  stb   vs    13  2703    2958 18387  1656    3.96    3.80     6    46  2635    16   77.72   77.28
c rst  geom  stb   vs    14  3077    2958 18387  1656    3.96    3.80     6    46  3009    16   75.40   75.01
c rst  geom  stb   vs    15  3488    2958 18387  1656    3.96    3.80     6    46  3420    16   75.33   75.00
c rst  geom  stb   vs    16  3938    2958 18387  1656    3.96    3.80     6    46  3870    16   75.43   75.13
c rst  geom  stb   vs    17  4433    2958 18387  1656    3.96    3.80     6    46  4365    16   73.03   72.77
c rst  geom  stb   vs    18  4977    2958 18387  1656    3.96    3.80     8    49  4901    19   70.87   70.61
c rst  geom  stb   vs    19  5574    2958 18387  1656    3.96    3.80     8    49  5498    19   68.92   68.70
c [branch] adjusting to: vmtf (from: vsid) var_decay:0.95 descr: VMTF
c [distill-long-red0] cls tried: 8/8 T: 0.00 T-out: N T-r: 100.00%
c [distill-long-red1] cls tried: 49/49 T: 0.00 T-out: N T-r: 96.01%
c rst  luby ibes  vmt    20  5675    2958 18387  1656    3.96    3.80    24    88  5539    24   68.21   67.93
c rst  luby ibes  vmt    21  5777    2958 18387  1656    3.96    3.80    24    88  5641    24   67.73   67.46
c rst  luby ibes  vmt    22  5978    2958 18387  1656    3.96    3.80    24    88  5842    24   66.82   66.56
c rst  luby ibes  vmt    23  6080    2958 18387  1656    3.96    3.80    24    88  5944    24   66.41   66.16
c rst  luby ibes  vmt    24  6182    2958 18387  1656    3.96    3.80    24    88  6046    24   65.98   65.73
c rst  luby ibes  vmt    25  6383    2958 18387  1656    3.96    3.80    24    88  6247    24   64.81   64.58
c rst  luby ibes  vmt    26  6784    2958 18387  1656    3.96    3.80    24    88  6648    24   62.81   62.59
c rst  luby ibes  vmt    27  6886    2958 18387  1656    3.96    3.80    24    88  6750    24   62.34   62.13
c rst  luby ibes  vmt    28  6987    2958 18387  1656    3.96    3.80    24    88  6851    24   61.88   61.67
c rst  luby ibes  vmt    29  7189    2958 18387  1656    3.96    3.80    24    88  7053    24   61.05   60.85
c rst  luby ibes  vmt    30  7291    2958 18387  1656    3.96    3.80    24    88  7155    24   60.75   60.55
c rst  luby ibes  vmt    31  7393    2958 18387  1656    3.96    3.80    24    88  7257    24   60.38   60.19
c rst  luby ibes  vmt    32  7594    2958 18387  1656    3.96    3.80    27    88  7455    24   59.84   59.66
c rst  luby ibes  vmt    33  7996    2958 18387  1656    3.96    3.80    27    88  7857    24   58.87   58.69
c rst  luby ibes  vmt    34  8797    2958 18387  1656    3.96    3.80    27    88  8658    24   55.92   55.78
c rst  luby ibes  vmt    35  8899    2958 18387  1656    3.96    3.80    27    88  8760    24   55.55   55.40
c rst  luby ibes  vmt    36  9001    2958 18387  1656    3.96    3.80    27    88  8862    24   55.21   55.07
c rst  luby ibes  vmt    37  9203    2958 18387  1656    3.96    3.80    27    88  9064    24   54.73   54.59
c rst  luby ibes  vmt    38  9305    2958 18387  1656    3.96    3.80    27    88  9166    24   54.40   54.26
c rst  luby ibes  vmt    39  9406    2958 18387  1656    3.96    3.80    27    88  9267    24   54.05   53.92
c rst  luby ibes  vmt    40  9608    2958 18387  1656    3.96    3.80    27    88  9469    24   53.32   53.20
c rst  luby ibes  vmt    41 10010    2958 18387  1656    3.96    3.80    59    56  9871    24   51.86   51.74
c rst  luby ibes  vmt    42 10112    2958 18387  1656    3.96    3.80    59    56  9973    24   51.55   51.43
c rst  luby ibes  vmt    43 10214    2958 18387  1656    3.96    3.80    59    56 10075    24   51.29   51.17
c rst  luby ibes  vmt    44 10416    2958 18387  1656    3.96    3.80    59    56 10277    24   50.96   50.84
c rst  luby ibes  vmt    45 10518    2958 18387  1656    3.96    3.80    59    56 10379    24   50.63   50.52
c rst  luby ibes  vmt    46 10620    2958 18387  1656    3.96    3.80    59    56 10481    24   50.31   50.20
c rst  luby ibes  vmt    47 10822    2958 18387  1656    3.96    3.80    59    56 10683    24   49.67   49.57
c rst  luby  svd  vmt    48 11224    2958 18387  1656    3.96    3.80    59    56 11085    24   51.09   50.98
c rst  luby  svd  vmt    49 12025    2958 18387  1656    3.96    3.80    59    56 11886    24   51.15   51.05
c [branch] adjusting to: vsid (from: vmtf) var_decay:0.95 descr: VSIDS
c [distill-bin] useful: 14/1656/1656 lits-rem: 0 cl-rem: 14 0-depth-assigns: 0 T: 0.01 T-out: N
c rst  geom  svd   vs    50 12137    2958 18387  1642    3.96    3.80    59    56 11998    24   51.22   51.12
c rst  geom  svd   vs    51 12259    2958 18387  1642    3.96    3.80    59    56 12120    24   51.10   51.00
c rst  geom  svd   vs    52 12393    2958 18387  1642    3.96    3.80    59    56 12254    24   50.92   50.82
c rst  geom  svd   vs    53 12541    2958 18387  1642    3.96    3.80    59    56 12402    24   50.70   50.61
c rst  geom  svd   vs    54 12703    2958 18387  1642    3.96    3.80    59    56 12563    25   50.62   50.52
c rst  geom  svd   vs    55 12881    2958 18387  1642    3.96    3.80    59    56 12741    25   50.51   50.42
c rst  geom  svd   vs    56 13076    2958 18387  1642    3.96    3.80    59    56 12936    25   50.24   50.15
c rst  geom  svd   vs    57 13290    2958 18387  1642    3.96    3.80    59    56 13150    25   49.96   49.87
c rst  geom  svd   vs    58 13525    2958 18387  1642    3.96    3.80    59    56 13385    25   49.65   49.56
c rst  geom  svd   vs    59 13782    2958 18387  1642    3.96    3.80    59    56 13642    25   49.26   49.18
c rst  geom  svd   vs    60 14065    2958 18387  1642    3.96    3.80    59    56 13925    25   48.89   48.80
c rst  geom  svd   vs    61 14375    2958 18387  1642    3.96    3.80    59    56 14235    25   48.27   48.18
c rst  geom  svd   vs    62 14715    2958 18387  1642    3.96    3.80    59    56 14575    25   47.62   47.54
c rst  geom  svd   vs    63 15089    2958 18387  1642    3.96    3.80    59    62 14424    25   44.90   44.83
c rst  geom  svd   vs    64 15499    2958 18387  1642    3.96    3.80    59    62 14834    25   44.25   44.18
c rst  geom  svd   vs    65 15949    2958 18387  1642    3.96    3.80    59    62 15284    25   43.90   43.83
c rst  geom  svd   vs    66 16444    2958 18387  1642    3.96    3.80    59    62 15779    25   43.32   43.25
c rst  geom best   vs    67 16987    2958 18387  1642    3.96    3.80    59    62 16322    25   44.23   44.17
c rst  geom best   vs    68 17585    2958 18387  1642    3.96    3.80    59    62 16920    25   45.02   44.96
c rst  geom best   vs    69 18241    2958 18387  1642    3.96    3.80    59    62 17576    25   44.80   44.74
c [branch] adjusting to: vmtf (from: vsid) var_decay:0.95 descr: VMTF
c rst  luby best  vmt    70 18343    2958 18387  1642    3.96    3.80    59    62 17678    25   44.83   44.77
c rst  luby best  vmt    71 18444    2958 18387  1642    3.96    3.80    59    62 17779    25   44.85   44.79
c rst  luby best  vmt    72 18645    2958 18387  1642    3.96    3.80    59    62 17980    25   44.72   44.66
c rst  luby best  vmt    73 18746    2958 18387  1642    3.96    3.80    59    62 18081    25   44.77   44.72
c rst  luby best  vmt    74 18848    2958 18387  1642    3.96    3.80    59    62 18183    25   44.79   44.73
c rst  luby best  vmt    75 19050    2958 18387  1642    3.96    3.80    59    62 18385    25   44.80   44.75
c rst  luby best  vmt    76 19452    2958 18387  1642    3.96    3.80    59    62 18787    25   44.95   44.89
c rst  luby best  vmt    77 19553    2958 18387  1642    3.96    3.80    59    62 18888    25   44.92   44.87
c rst  luby best  vmt    78 19655    2958 18387  1642    3.96    3.80    59    62 18990    25   44.91   44.85
c rst  luby best  vmt    79 19857    2958 18387  1642    3.96    3.80    59    62 19192    25   44.89   44.84
c rst  luby best  vmt    80 19959    2958 18387  1642    3.96    3.80    59    62 19294    25   44.89   44.83
c rst  luby best  vmt    81   20K    2958 18387  1642    3.96    3.80    60    61 19396    25   44.86   44.80
c [full-probe]  bin_only: 1 set: 0 repl: 0 T: 0.00 T-out: N T-r: 99.85%
c rst  luby best  vmt    82   20K    2958 18387  1642    3.96    3.80    60    61 19598    31   44.83   44.76
c rst  luby best  vmt    83   20K    2958 18387  1642    3.96    3.80    62    61 19997    32   44.74   44.67
c [distill-long-red0] cls tried: 35/35 T: 0.00 T-out: N T-r: 99.94%
c [distill-long-red1] cls tried: 31/31 T: 0.00 T-out: N T-r: 77.40%
c rst  luby best  vmt    84   21K    2958 18387  1642    3.96    3.80    59    61   20K    36   44.82   44.75
c rst  luby best  vmt    85   21K    2958 18387  1642    3.96    3.80    59    61   20K    36   44.80   44.73
c rst  luby best  vmt    86   21K    2958 18387  1642    3.96    3.80    59    61   21K    36   44.76   44.69
c rst  luby  stb  vmt    87   21K    2958 18387  1642    3.96    3.80    60    61   21K    36   44.99   44.91
c rst  luby  stb  vmt    88   21K    2958 18387  1642    3.96    3.80    60    61   21K    36   45.12   45.04
c rst  luby  stb  vmt    89   22K    2958 18387  1642    3.96    3.80    60    61   21K    36   45.20   45.13
c rst  luby  stb  vmt    90   22K    2958 18387  1642    3.96    3.80    63    72   21K    37   45.38   45.30
c rst  luby  stb  vmt    91   22K    2958 18387  1642    3.96    3.80    71    75   21K    37   46.46   46.38
c rst  luby  stb  vmt    92   22K    2958 18387  1642    3.96    3.80    71    79   22K    38   46.64   46.56
c rst  luby  stb  vmt    93   22K    2958 18387  1642    3.96    3.80    75    84   22K    38   46.76   46.69
c rst  luby  stb  vmt    94   23K    2958 18387  1642    3.96    3.80    77    85   22K    38   46.94   46.86
c rst  luby  stb  vmt    95   23K    2958 18387  1642    3.96    3.80    79    85   22K    38   47.16   47.08
c rst  luby  stb  vmt    96   23K    2958 18387  1642    3.96    3.80    82    86   22K    38   47.26   47.18
c rst  luby  stb  vmt    97   23K    2958 18387  1642    3.96    3.80    86    88   22K    44   47.37   47.29
c rst  luby  stb  vmt    98   23K    2958 18387  1642    3.96    3.80    88    92   23K    46   47.63   47.54
c rst  luby  stb  vmt    99   24K    2958 18387  1642    3.96    3.80    97    97   23K    50   48.33   48.24
c rst  luby  stb  vmt   100   26K    2958 18387  1642    3.96    3.80   119   122   25K    53   50.00   49.90
c [branch] adjusting to: vsid (from: vmtf) var_decay:0.95 descr: VSIDS
c [distill] watch-based irred--  cl tried     1636 cl-sh     0 cl-rem    4 lit-rem      0 T: 0.00 T-out: N
c [distill] watch-based   red--  cl tried      236 cl-sh     3 cl-rem    2 lit-rem      4 T: 0.00 T-out: N
c rst  geom  stb   vs   101   26K    2958 18380  1649    3.96    3.80   116   122   25K    50   50.06   49.96
c rst  geom  stb   vs   102   26K    2958 18380  1649    3.96    3.80   116   122   25K    50   50.03   49.94
c rst  geom  stb   vs   103   26K    2958 18380  1649    3.96    3.80   116   122   25K    50   50.00   49.91
c rst  geom  stb   vs   104   26K    2958 18380  1649    3.96    3.80   116   122   26K    50   49.98   49.89
c rst  geom  stb   vs   105   26K    2958 18380  1649    3.96    3.80   116   123   26K    50   50.03   49.94
c rst  geom ibes   vs   106   27K    2958 18380  1649    3.96    3.80   116   123   26K    50   49.93   49.84
c rst  geom ibes   vs   107   27K    2958 18380  1649    3.96    3.80   116   123   26K    50   49.84   49.75
c rst  geom ibes   vs   108   27K    2958 18380  1649    3.96    3.80   116   123   26K    50   49.66   49.57
c rst  geom ibes   vs   109   27K    2958 18380  1649    3.96    3.80   116   123   26K    50   49.45   49.36
c rst  geom ibes   vs   110   28K    2958 18380  1649    3.96    3.80   116   123   27K    50   49.22   49.14
c rst  geom ibes   vs   111   28K    2958 18380  1649    3.96    3.80   116   123   27K    50   48.96   48.87
c rst  geom ibes   vs   112   28K    2958 18380  1649    3.96    3.80   117   123   27K    50   48.66   48.57
c rst  geom ibes   vs   113   28K    2958 18380  1649    3.96    3.80   117   123   28K    50   48.42   48.34
c rst  geom ibes   vs   114   29K    2958 18380  1649    3.96    3.80   117   123   28K    50   48.28   48.20
c rst  geom ibes   vs   115   29K    2958 18380  1649    3.96    3.80   117   123   28K    50   47.99   47.91
c rst  geom ibes   vs   116   30K    2958 18380  1649    3.96    3.80   157   204   22K    50   44.92   44.83
c rst  geom ibes   vs   117   30K    2958 18380  1649    3.96    3.80   157   204   23K    50   44.57   44.47
c rst  geom ibes   vs   118   31K    2958 18380  1649    3.96    3.80   157   204   23K    50   44.24   44.16
c rst  geom ibes   vs   119   31K    2958 18380  1649    3.96    3.80   157   204   24K    50   43.91   43.82
c rst  geom ibes   vs   120   32K    2958 18380  1649    3.96    3.80   157   204   24K    50   43.57   43.49
c [distill-bin] useful: 0/1649/1649 lits-rem: 0 cl-rem: 0 0-depth-assigns: 0 T: 0.01 T-out: N
c rst  geom  svd   vs   121   33K    2958 18380  1649    3.96    3.80   157   204   25K    50   43.35   43.27
c rst  geom  svd   vs   122   34K    2958 18380  1649    3.96    3.80   157   204   26K    50   42.94   42.86
c [branch] adjusting to: vmtf (from: vsid) var_decay:0.95 descr: VMTF
c rst  luby  svd  vmt   123   34K    2958 18380  1649    3.96    3.80   160   207   26K    50   43.17   43.10
c rst  luby  svd  vmt   124   34K    2958 18380  1649    3.96    3.80   163   211   26K    51   43.31   43.23
c rst  luby  svd  vmt   125   34K    2958 18380  1649    3.96    3.80   165   220   26K    51   43.25   43.17
c rst  luby  svd  vmt   126   34K    2958 18380  1649    3.96    3.80   167   227   26K    52   43.21   43.13
c rst  luby  svd  vmt   127   34K    2958 18380  1649    3.96    3.80   168   228   26K    53   43.29   43.21
c rst  luby  svd  vmt   128   34K    2958 18380  1649    3.96    3.80   170   235   27K    56   43.30   43.21
c rst  luby  svd  vmt   129   35K    2958 18380  1649    3.96    3.80   177   250   27K    58   43.41   43.32
c rst  luby  svd  vmt   130   35K    2958 18380  1649    3.96    3.80   177   252   27K    58   43.45   43.37
c rst  luby  svd  vmt   131   35K    2958 18380  1649    3.96    3.80   180   257   27K    58   43.47   43.38
c rst  luby  svd  vmt   132   35K    2958 18380  1649    3.96    3.80   183   263   27K    58   43.64   43.55
c rst  luby  svd  vmt   133   35K    2958 18380  1649    3.96    3.80   184   266   27K    58   43.64   43.56
c [distill-long-red0] cls tried: 127/127 T: 0.00 T-out: N T-r: 99.89%
c [distill-long-red1] cls tried: 91/208 T: 0.01 T-out: Y T-r: -0.66%
c rst  luby  svd  vmt   134   35K    2958 18380  1649    3.96    3.80   178   273   28K    64   43.72   43.62
c rst  luby  svd  vmt   135   36K    2958 18380  1649    3.96    3.80   179   290   28K    64   44.03   43.94
c rst  luby  svd  vmt   136   36K    2958 18380  1649    3.96    3.80   187   319   28K    65   44.75   44.65
c rst  luby  svd  vmt   137   37K    2958 18380  1649    3.96    3.80   207   374   29K    69   45.76   45.66
c rst  luby  svd  vmt   138   37K    2958 18380  1649    3.96    3.80   207   377   29K    69   45.84   45.73
c rst  luby  svd  vmt   139   37K    2958 18380  1649    3.96    3.80   209   378   29K    69   45.88   45.78
c rst  luby  svd  vmt   140   37K    2958 18380  1649    3.96    3.80   213   382   29K    69   45.92   45.82
c rst  luby  svd  vmt   141   37K    2958 18380  1649    3.96    3.80   214   385   29K    69   45.99   45.89
c rst  luby  svd  vmt   142   37K    2958 18380  1649    3.96    3.80   217   388   29K    69   45.99   45.89
c rst  luby  svd  vmt   143   38K    2958 18380  1649    3.96    3.80   219   397   30K    69   46.11   46.01
c rst  geom best  vmt   144   38K    2958 18380  1649    3.96    3.80   219   402   30K    69   46.17   46.07
c rst  geom best  vmt   145   38K    2958 18380  1649    3.96    3.80   219   405   30K    69   46.19   46.09
c rst  geom best  vmt   146   38K    2958 18380  1649    3.96    3.80   224   407   30K    69   46.32   46.22
c rst  geom best  vmt   147   38K    2958 18380  1649    3.96    3.80   225   412   30K    69   46.49   46.39
c rst  geom best  vmt   148   38K    2958 18380  1649    3.96    3.80   227   413   30K    69   46.51   46.41
c rst  geom best  vmt   149   38K    2958 18380  1649    3.96    3.80   229   416   30K    69   46.61   46.51
c rst  geom best  vmt   150   39K    2958 18380  1649    3.96    3.80   229   421   31K    69   46.77   46.67
c rst  geom best  vmt   151   39K    2958 18380  1649    3.96    3.80   231   421   31K    69   46.78   46.68
c rst  geom best  vmt   152   39K    2958 18380  1649    3.96    3.80   235   422   31K    69   46.93   46.83
c rst  geom best  vmt   153   39K    2958 18380  1649    3.96    3.80   238   439   31K    69   46.81   46.71
c rst  geom best  vmt   154   40K    2958 18380  1649    3.96    3.80   369   316   32K    69   46.86   46.77
c [full-probe]  bin_only: 0 set: 1 repl: 0 T: 0.01 T-out: N T-r: 97.84%
c [impl-str] lit bin: 0 set-var: 0 T: 0.00 T-out: N T-r: 99.95% w-visit: 5920
c [impl-sub] bin: 30 T: 0.00 T-out: N w-visit: 5920
c rst  geom best  vmt   155   40K    2957 18380  1649    3.96    3.80   371   323   32K    45   46.90   46.84
c rst  geom best  vmt   156   40K    2957 18380  1649    3.96    3.80   372   342   32K    45   46.84   46.78
c rst  geom best  vmt   157   41K    2957 18380  1649    3.96    3.80   377   366   33K    46   46.95   46.88
c rst  geom best  vmt   158   41K    2957 18380  1649    3.96    3.80   383   412   33K    47   46.94   46.88
c rst  geom best  vmt   159   41K    2957 18380  1649    3.96    3.80   384   417   34K    47   47.33   47.27
c rst  geom best  vmt   160   42K    2957 18380  1649    3.96    3.80   386   421   34K    47   47.35   47.29
c [branch] adjusting to: vsid (from: vmtf) var_decay:0.95 descr: VSIDS
c rst  geom best   vs   161   42K    2957 18380  1649    3.96    3.80   386   421   34K    47   47.27   47.21
c rst  geom best   vs   162   42K    2957 18380  1649    3.96    3.80   386   421   34K    47   47.20   47.14
c rst  geom best   vs   163   42K    2957 18380  1649    3.96    3.80   386   421   34K    47   47.10   47.04
c rst  geom best   vs   164   42K    2957 18380  1649    3.96    3.80   386   421   35K    47   46.98   46.93
c rst  geom best   vs   165   43K    2957 18380  1649    3.96    3.80   386   421   35K    47   46.86   46.80
c rst  geom best   vs   166   43K    2957 18380  1649    3.96    3.80   386   421   35K    47   46.73   46.67
c rst  geom best   vs   167   43K    2957 18380  1649    3.96    3.80   386   421   35K    47   46.63   46.58
c rst  geom  stb   vs   168   43K    2957 18380  1649    3.96    3.80   386   421   35K    47   46.51   46.45
c rst  geom  stb   vs   169   43K    2957 18380  1649    3.96    3.80   389   421   36K    47   46.35   46.30
c rst  geom  stb   vs   170   44K    2957 18380  1649    3.96    3.80   389   421   36K    47   46.25   46.20
c [ccnr] tries: 0 steps: 262143 best found: 13
c [ccnr] tries: 0 steps: 524287 best found: 13
c [ccnr] tries: 0 steps: 786431 best found: 13
c [ccnr] saving best assignment phase to stable_polar
c [ccnr] bumping based on clause weights
c [ccnr] Bumped vars: 102 bump type: 6
c [ccnr] time: 0.61
c rst  geom  stb   vs   171   44K    2957 18380  1649    3.96    3.80   391   421   36K    47   46.24   46.19
c rst  geom  stb   vs   172   44K    2957 18380  1649    3.96    3.80   391   421   36K    47   46.11   46.05
c rst  geom  stb   vs   173   45K    2957 18380  1649    3.96    3.80   433   981   30K    47   48.03   47.96
c rst  geom  stb   vs   174   45K    2957 18380  1649    3.96    3.80   433   981   30K    47   47.95   47.89
c rst  geom  stb   vs   175   45K    2957 18380  1649    3.96    3.80   433   981   30K    47   47.76   47.69
c rst  geom  stb   vs   176   46K    2957 18380  1649    3.96    3.80   433   981   31K    47   47.41   47.35
c rst  geom  stb   vs   177   46K    2957 18380  1649    3.96    3.80   434   981   31K    47   47.13   47.07
c rst  geom  stb   vs   178   47K    2957 18380  1649    3.96    3.80   434   981   32K    47   46.81   46.74
c rst  geom  stb   vs   179   48K    2957 18380  1649    3.96    3.80   434   981   32K    48   46.48   46.42
c rst  geom  stb   vs   180   48K    2957 18380  1649    3.96    3.80   434   981   33K    48   46.38   46.32
c rst  geom  stb   vs   181   49K    2957 18380  1649    3.96    3.80   434   981   34K    48   46.07   46.01
c rst  geom ibes   vs   182   50K    2957 18380  1649    3.96    3.80   461   954   35K    48   45.65   45.59
c [gauss] XOR-encoding clauses are not detached, so no need to reattach them.
c [g 0] truth-find prop checks  : 729K
c [g 0] -> of which prop        : 41.32 %
c [g 0] -> of which confl       :  3.71 %
c [g 0] elim called             : 126K
c [g 0] ---> which lead to prop : 14.47 %
c [g 0] ---> which lead to confl:  0.95 %
c [g 0] size: 50    x 765  
c [scc] new: 6 BP 0M T: 0.00
c [vrep] vars 6 lits 18041 rem-bin-cls 28 rem-long-cls 0 BP 0M T: 0.03
c [scc] new: 0 BP 0M T: 0.00
c [vrep] vars 0 lits 0 rem-bin-cls 0 rem-long-cls 0 BP 0M T: 0.01
c [intree] Set 0 vars hyper-added: 849 trans-irred: 0 trans-red: 75 T: 0.01 T-out: N T-r: -0.60%
c [find&init matx] performing matrix init
c [gauss] XOR-encoding clauses are not detached, so no need to reattach them.
c [xor-rem-unconnected] left with 50 xors from 50 non-empty xors T: 0.00
c [xor-together] xored together: 0 orig xors: 50 new xors: 50 T: 0.00
c [xor-rem-unconnected] left with 50 xors from 50 non-empty xors T: 0.00
c [xor-clean-equiv] removed equivalent xors: 0 left with: 50
c [matrix] unused xors from cleaning: 0
c [matrix] Good   matrix 0 50      x760    density:0.1170  xorlen avg: 88.94
c [matrix] Using 1 matrices recovered from 0 xors T: 0.00 T-out: N
c rst  geom ibes vs   183   51  K 2951    18339  1636 3.96    3.80      460   954   35K   818 45.09   44.16  
c [distill-long-red0] cls tried: 269/269 T: 0.02 T-out: N T-r: 99.39%
c [distill-long-red1] cls tried: 27/819 T: 0.01 T-out: Y T-r: -4.72%
c rst  geom ibes vs   184   52  K 2951    18339  1636 3.96    3.80      455   954   36K   824 44.34   43.45  
c [distill] watch-based irred--  cl tried 1629     cl-sh 0     cl-rem 1    lit-rem 0      T: 0.00 T-out: N
c [distill] watch-based red  --  cl tried 908      cl-sh 29    cl-rem 2    lit-rem 53     T: 0.00 T-out: N
c rst  geom ibes vs   185   53  K 2951    18338  1637 3.96    3.80      453   954   37K   823 43.88   43.03  
c [branch] adjusting to: vmtf (from: vsid) var_decay:0.95 descr: VMTF
c [distill-bin] useful: 0/1294/1637 lits-rem: 0 cl-rem: 0 0-depth-assigns: 0 T: 0.02 T-out: Y
c rst  luby ibes vmt  186   53  K 2951    18338  1637 3.96    3.80      454   963   38K   823 43.97   43.12  
c rst  luby ibes vmt  187   53  K 2951    18338  1637 3.96    3.80      454   966   38K   823 44.14   43.28  
c rst  luby ibes vmt  188   53  K 2951    18338  1637 3.96    3.80      458   985   38K   823 44.13   43.28  
c rst  luby ibes vmt  189   53  K 2951    18338  1637 3.96    3.80      459   986   38K   823 44.31   43.46  
c rst  luby ibes vmt  190   53  K 2951    18338  1637 3.96    3.80      461   995   38K   823 44.32   43.47  
c rst  luby ibes vmt  191   53  K 2951    18338  1637 3.96    3.80      464   997   38K   823 44.64   43.78  
c rst  luby ibes vmt  192   54  K 2951    18338  1637 3.96    3.80      467  1006   39K   823 44.84   43.99  
c rst  luby ibes vmt  193   54  K 2951    18338  1637 3.96    3.80      469  1010   39K   823 44.89   44.03  
c rst  luby ibes vmt  194   54  K 2951    18338  1637 3.96    3.80      469  1012   39K   823 45.05   44.19  
c rst  luby ibes vmt  195   54  K 2951    18338  1637 3.96    3.80      471  1015   39K   823 45.24   44.39  
c rst  luby ibes vmt  196   54  K 2951    18338  1637 3.96    3.80      471  1017   39K   823 45.39   44.53  
c rst  luby ibes vmt  197   54  K 2951    18338  1637 3.96    3.80      472  1022   39K   823 45.37   44.52  
c rst  luby ibes vmt  198   55  K 2951    18338  1637 3.96    3.80      472  1028   39K   823 45.58   44.73  
c rst  luby svd  vmt  199   55  K 2951    18338  1637 3.96    3.80      478  1043   40K   823 45.91   45.06  
c rst  luby svd  vmt  200   56  K 2951    18338  1637 3.96    3.80      483  1060   40K   823 46.11   45.27  
c recursive minimization cost OK: 280Kcost/(% lits removed)
c [gauss] XOR-encoding clauses are not detached, so no need to reattach them.
c [g 0] truth-find prop checks  : 111K
c [g 0] -> of which prop        : 34.77 %
c [g 0] -> of which confl       :  3.30 %
c [g 0] elim called             : 21K
c [g 0] ---> which lead to prop :  4.22 %
c [g 0] ---> which lead to confl:  0.48 %
c [g 0] size: 50    x 760  
c --> Executing strategy token: scc-vrepl
c [scc] new: 2 BP 0M T: 0.00
c [vrep] vars 2 lits 11940 rem-bin-cls 8 rem-long-cls 34 BP 0M T: 0.02
c --> Executing strategy token: sub-impl
c [impl-sub] bin: 5 T: 0.00 T-out: N w-visit: 5920
c --> Executing strategy token: breakid
c --> Executing OCC strategy token(s): 'occ-backw-sub-str,occ-clean-implicit,occ-bve,occ-bva,occ-ternary-res,occ-xor,'
c [occ] mem usage for occur 1      MB
c [occ] Linked in IRRED BIN by default: 1634
c [occ] Linked in RED   BIN by default: 817
c [occ] mem usage for occur 0      MB
c Mem for watch alloc      : 3           MB (15.69     %)
c Mem for watch array      : 0           MB (0.79      %)
c --> Executing OCC strategy token: occ-backw-sub-str
c [occ-backw-sub-str-long-w-bins] subs: 0 str: 4 tried: 2452 0-depth ass: 0 T: 0.00 T-out: N T-r: 99.34%
c [occ-backw-sub-long-w-long] rem cl: 42 tried: 60621/60621 (100.0%) T: 0.01 T-out: N T-r: 96.55%
c [occ-backw-sub-str-long-w-long] sub: 0 str: 0 tried: 181863/60621 (300.0)  T: 0.06 T-out: N T-r: 88.51%
c --> Executing OCC strategy token: occ-clean-implicit
c --> Executing OCC strategy token: occ-bve
c [occ-empty-res] Empty resolvent elimed: 0 T: 0.00 T-out: N
c [occ-bve] iter v-elim 10
c cl_inc_rate=1.0, var_dec_rate=1.0 (grow=0)
c Reduced to 2939 vars, 19962 cls (grow=0)
c [occ-bve] iter v-elim 300
c cl_inc_rate=1.1, var_dec_rate=1.1 (grow=8)
c Reduced to 2639 vars, 21186 cls (grow=8)
c x n vars       : 2639
c #try to eliminate:  6260
c #var-elim        :   310
c #T-o: N
c #T-r: 99.99%
c #T  : 0.10
c [occur] 0.04 is overhead
c [occur] link-in T: 0.04 cleanup T: 0.00
c --> Executing OCC strategy token: occ-bva
c --> Executing OCC strategy token: occ-ternary-res
c [occ-ternary-res] Ternary res-tri: 43 res-bin: 0 sub: 5 str: 0 T: 0.00 T-out: N T-r: 99.40%
c --> Executing OCC strategy token: occ-xor
c [occ-xor] sort occur list T: 0.00
c [xor-clean-equiv] removed equivalent xors: 0 left with: 2035
c [occ-xor] found   2035 avg sz 4.0 min sz  4 max sz  5 T: 0.01 T-out: N T-r: 99.98%
c --> Executing strategy token: card-find
c --> Executing strategy token: cl-consolidate
c [mem] consolidate  old-sz: 11278K new-sz: 5204K new bits offs: 20 T: 0.00
c --> Executing strategy token: scc-vrepl
c [scc] new: 0 BP 0M T: 0.00
c --> Executing strategy token: renumber
c --> Executing strategy token: bosphorus
c --> Executing strategy token: louvain-comms
c [consolidate] mini T: 0.00
c global_timeout_multiplier: 3.3000
c [branch] rebuilding order heap for all branchings. Current branching: vmtf
c [find&init matx] performing matrix init
c [gauss] XOR-encoding clauses are not detached, so no need to reattach them.
c [xor-rem-unconnected] left with 2032 xors from 2035 non-empty xors T: 0.00
c [xor-together] xored together: 1985 orig xors: 2032 new xors: 47 T: 0.00
c [xor-rem-unconnected] left with 47 xors from 47 non-empty xors T: 0.00
c [xor-clean-equiv] removed equivalent xors: 0 left with: 47
c [matrix] unused xors from cleaning: 3
c [matrix] Good   matrix  0     47 x  458  density:0.1941  xorlen avg: 88.89
c [matrix] Using 1 matrices recovered from 0 xors T: 0.00 T-out: N
c rst  luby  svd  vmt   201   56K    2639   20K   930    4.11    4.02   111   186   26K   127   33.11   32.96
c rst  luby  svd  vmt   202   56K    2639   20K   930    4.11    4.02   111   186   26K   128   33.05   32.90
c rst  luby  svd  vmt   203   56K    2639   20K   930    4.11    4.02   111   189   26K   128   32.99   32.84
c rst  luby  svd  vmt   204   56K    2639   20K   930    4.11    4.02   112   191   27K   128   32.90   32.76
c rst  luby  svd  vmt   205   56K    2639   20K   930    4.11    4.02   113   193   27K   128   32.86   32.71
c rst  luby  svd  vmt   206   56K    2639   20K   930    4.11    4.02   113   193   27K   128   32.79   32.65
c [g  <0] Disabling GJ-elim in this round.  Usefulness was: 18.9180%  over 66043 calls
c rst  luby  svd  vmt   207   57K    2639   20K   930    4.11    4.02   114   199   27K   128   32.71   32.57
c rst  luby  svd  vmt   208   57K    2639   20K   930    4.11    4.02   116   218   27K   128   32.65   32.51
c rst  luby  svd  vmt   209   57K    2639   20K   930    4.11    4.02   116   222   28K   128   32.59   32.45
c rst  luby  svd  vmt   210   57K    2639   20K   930    4.11    4.02   116   222   28K   128   32.55   32.41
c rst  luby  svd  vmt   211   57K    2639   20K   930    4.11    4.02   116   223   28K   128   32.46   32.32
c rst  luby  svd  vmt   212   58K    2639   20K   930    4.11    4.02   116   227   28K   128   32.46   32.33
c rst  luby  svd  vmt   213   58K    2639   20K   930    4.11    4.02   116   231   28K   128   32.42   32.28
c rst  luby  svd  vmt   214   58K    2639   20K   930    4.11    4.02   116   232   28K   128   32.40   32.26
c rst  luby  svd  vmt   215   58K    2639   20K   930    4.11    4.02   117   243   29K   128   32.28   32.15
c rst  luby  svd  vmt   216   59K    2639   20K   930    4.11    4.02   117   251   29K   128   32.13   32.00
c rst  luby  svd  vmt   217   61K    2639   20K   930    4.11    4.02   206   369   25K   128   30.11   29.98
c [full-probe]  bin_only: 1 set: 0 repl: 0 T: 0.01 T-out: N T-r: 99.79%
c rst  geom best  vmt   218   61K    2639   20K   930    4.11    4.02   207   375   25K   128   30.10   29.96
c rst  geom best  vmt   219   61K    2639   20K   930    4.11    4.02   208   375   25K   128   30.04   29.90
c rst  geom best  vmt   220   61K    2639   20K   930    4.11    4.02   209   377   25K   128   30.03   29.90
c rst  geom best  vmt   221   61K    2639   20K   930    4.11    4.02   209   379   26K   128   30.05   29.92
c rst  geom best  vmt   222   61K    2639   20K   930    4.11    4.02   212   383   26K   128   30.01   29.88
c rst  geom best  vmt   223   61K    2639   20K   930    4.11    4.02   214   390   26K   128   29.96   29.82
c rst  geom best  vmt   224   62K    2639   20K   930    4.11    4.02   214   391   26K   128   29.97   29.84
c rst  geom best  vmt   225   62K    2639   20K   930    4.11    4.02   215   398   26K   128   29.91   29.78
c rst  geom best  vmt   226   62K    2639   20K   930    4.11    4.02   215   398   27K   128   29.89   29.76
c rst  geom best  vmt   227   62K    2639   20K   930    4.11    4.02   217   402   27K   128   29.82   29.69
c [branch] adjusting to: vsid (from: vmtf) var_decay:0.95 descr: VSIDS
c rst  geom best   vs   228   63K    2639   20K   930    4.11    4.02   217   402   27K   128   29.97   29.85
c rst  geom best   vs   229   63K    2639   20K   930    4.11    4.02   217   406   27K   128   30.06   29.93
c rst  geom best   vs   230   63K    2639   20K   930    4.11    4.02   217   407   27K   128   30.16   30.03
c rst  geom best   vs   231   63K    2639   20K   930    4.11    4.02   217   410   27K   128   30.20   30.07
c rst  geom best   vs   232   63K    2639   20K   930    4.11    4.02   218   412   28K   128   30.62   30.49
c rst  geom best   vs   233   63K    2639   20K   930    4.11    4.02   220   417   28K   128   30.76   30.64
c rst  geom best   vs   234   63K    2639   20K   930    4.11    4.02   220   417   28K   128   30.85   30.72
c rst  geom best   vs   235   64K    2639   20K   930    4.11    4.02   221   438   28K   128   31.00   30.87
c rst  geom best   vs   236   64K    2639   20K   930    4.11    4.02   222   451   28K   128   31.13   31.00
c rst  geom best   vs   237   64K    2639   20K   930    4.11    4.02   224   455   29K   128   31.44   31.31
c rst  geom best   vs   238   64K    2639   20K   930    4.11    4.02   227   475   29K   128   31.56   31.44
c rst  geom best   vs   239   65K    2639   20K   930    4.11    4.02   227   483   29K   128   31.67   31.54
c rst  geom best   vs   240   65K    2639   20K   930    4.11    4.02   228   492   29K   128   31.83   31.71
c rst  geom best   vs   241   65K    2639   20K   930    4.11    4.02   228   506   30K   128   31.99   31.86
c rst  geom best   vs   242   66K    2639   20K   930    4.11    4.02   228   510   30K   128   32.03   31.91
c [distill-long-red0] cls tried: 129/129 T: 0.01 T-out: N T-r: 99.84%
c [distill-long-red1] cls tried: 78/435 T: 0.01 T-out: Y T-r: -0.68%
c rst  geom best   vs   243   66K    2639   20K   930    4.11    4.02   230   514   31K   128   32.48   32.36
c rst  geom  stb   vs   244   67K    2639   20K   930    4.11    4.02   231   537   31K   129   32.59   32.47
c rst  geom  stb   vs   245   67K    2639   20K   930    4.11    4.02   234   559   32K   129   32.96   32.84
c rst  geom  stb   vs   246   68K    2639   20K   930    4.11    4.02   237   584   32K   129   32.99   32.87
c rst  geom  stb   vs   247   69K    2639   20K   930    4.11    4.02   238   608   33K   129   33.10   32.98
c rst  geom  stb   vs   248   69K    2639   20K   930    4.11    4.02   240   650   34K   129   33.27   33.16
c rst  geom  stb   vs   249   70K    2639   20K   930    4.11    4.02   433   484   34K   129   33.38   33.26
c rst  geom  stb   vs   250   71K    2639   20K   930    4.11    4.02   435   494   35K   129   33.42   33.31
c rst  geom  stb   vs   251   72K    2639   20K   930    4.11    4.02   436   540   36K   129   33.67   33.57
c rst  geom  stb   vs   252   73K    2639   20K   930    4.11    4.02   436   589   37K   129   33.79   33.69
c [distill-bin] useful: 3/930/930 lits-rem: 0 cl-rem: 3 0-depth-assigns: 0 T: 0.01 T-out: N
c rst  geom ibes   vs   253   74K    2639   20K   927    4.11    4.02   441   617   38K   129   34.47   34.37
c rst  geom ibes   vs   254   75K    2639   20K   927    4.11    4.02   506  1044   27K   129   34.32   34.17
c [branch] adjusting to: vmtf (from: vsid) var_decay:0.95 descr: VMTF
c rst  luby ibes  vmt   255   76K    2639   20K   927    4.11    4.02   506  1048   27K   130   34.30   34.16
c rst  luby ibes  vmt   256   76K    2639   20K   927    4.11    4.02   506  1049   27K   130   34.25   34.11
c rst  luby ibes  vmt   257   76K    2639   20K   927    4.11    4.02   506  1053   27K   130   34.25   34.11
c rst  luby ibes  vmt   258   76K    2639   20K   927    4.11    4.02   507  1058   28K   130   34.24   34.10
c rst  luby ibes  vmt   259   76K    2639   20K   927    4.11    4.02   507  1059   28K   130   34.23   34.09
c rst  luby ibes  vmt   260   76K    2639   20K   927    4.11    4.02   507  1063   28K   130   34.12   33.98
c rst  luby ibes  vmt   261   77K    2639   20K   927    4.11    4.02   507  1071   28K   130   34.02   33.88
c [distill] watch-based irred--  cl tried     7463 cl-sh   156 cl-rem  169 lit-rem    164 T: 0.01 T-out: N
c [distill] watch-based   red--  cl tried     1011 cl-sh    89 cl-rem    3 lit-rem    299 T: 0.00 T-out: N
c rst  luby ibes  vmt   262   77K    2639   20K   944    4.10    4.01   504  1072   28K   114   34.02   33.90
c rst  luby ibes  vmt   263   77K    2639   20K   944    4.10    4.01   504  1075   28K   114   33.97   33.86
c rst  luby ibes  vmt   264   77K    2639   20K   944    4.10    4.01   505  1085   29K   114   33.94   33.83
c rst  luby ibes  vmt   265   77K    2639   20K   944    4.10    4.01   505  1086   29K   114   33.91   33.79
c rst  luby ibes  vmt   266   77K    2639   20K   944    4.10    4.01   505  1087   29K   114   33.89   33.78
c ------- FINAL TOTAL SEARCH STATS ---------
c UIP search time          : 8.56        (96.83     % time)
c All times are for this thread only except if explicitly specified
c restarts                 : 266         (292.17    confls per restart)
c blocked restarts         : 0           (0.00      per normal restart)
c time                     : 8.56        
c decisions                : 89677       (0.00      % random)
c propagations             : 23M         (2766K     props/s)
c decisions/conflicts      : 1.15        
c conflicts                : 77718       
c LEARNT stats
c units learnt             : 0           (0.00      % of conflicts)
c bins learnt              : 62          (0.08      % of conflicts)
c long learnt              : 77906       (100.24    % of conflicts)
c red which0               : 308         (0.40      % of confl)
c SEAMLESS HYPERBIN&TRANS-RED stats
c advProp called           : 0           
c hyper-bin add bin        : 0           (0.00      bin/call)
c trans-red rem irred bin  : 0           (0.00      bin/call)
c trans-red rem red bin    : 0           (0.00      bin/call)
c CONFL LITS stats
c orig                     : 17100883    (220.04    lit/confl)
c recurs-min effective     : 73558       (94.65     % attempt successful)
c recurs-min lits          : 13668843    (79.93     % less overall)
c permDiff call%           : 1.94        (0.00      % attempt successful)
c permDiff lits-rem        : 0           (0.00      less lits/cl on attempts)
c further-min call%        : 0.04        (41.94     % attempt successful)
c bintri-min lits          : 44          (0.00      % less overall)
c final avg                : 44.16       
c all-threads sum CPU time : 8.56         s
c PROP stats
c Mbogo-props              : 32.50       (3.80      / sec)
c MHyper-props             : 0.05        (0.01      / sec)
c Mprops                   : 23.68       (2.77      / sec)
c -------- OccSimplifier STATS ----------
c time                     : 0.13        (0.00      % var-elim)
c called                   : 1           (0.13      s per call)
c 0-depth assigns          : 0           (0.00      % vars)
c -------- OccSimplifier STATS END ----------
c -------- SubsumeStrengthen STATS ----------
c cl-subs                  : 44           Clauses
c cl-str rem lit           : 24           Lits
c cl-sub T                 : 0.01         s
c cl-str T                 : 0.06         s
c -------- SubsumeStrengthen STATS END ----------
c ----- SCC STATS --------
c time                     : 0.00        (0.00      per call)
c called                   : 4           (2.00      new found per call)
c found                    : 8           (50.00     % of all found)
c bogoprops                : 130012      % of all found
c ----- SCC STATS END --------
c --------- VAR REPLACE STATS ----------
c time                     : 0.06        (0.02      per call)
c trees' crown             : 8           (0.27      % of vars)
c 0-depth assigns          : 0           (0.00      % vars)
c lits replaced            : 29981       
c bin cls removed          : 36          
c long cls removed         : 34          
c long lits removed        : 3069        
c bogoprops                : 848782      
c --------- VAR REPLACE STATS END ----------
c vrep replace time        : 0.06        (0.65      % time)
c vrep tree roots          : 4           
c vrep trees' crown        : 8           (2.00      leafs/tree)
c -------- DISTILL-BIN STATS --------
c time                     : 0.05        (0.01      per call)
c timed out                : 1           (25.00     % of calls)
c distill/checked/potential: 0          /5529/5872
c lits-rem                 : 0           
c 0-depth-assigns          : 0           (0.00      % of vars)
c -------- DISTILL STATS END --------
c -------- STRENGTHEN STATS --------
c --> watch-based on irred cls
c time                     : 0.01        (0.00      s/call)
c shrinked/tried/total     : 156        /10728/113784
c subsumed/tried/total     : 174        /10728/113784
c lits-rem                 : 164         (0.37      % of lits tried)
c called                   : 6           (0.00      % ran out of time)
c --> watch-based on red cls
c time                     : 0.00        (0.00      s/call)
c shrinked/tried/total     : 121        /2155/2155
c subsumed/tried/total     : 7          /2155/2155
c lits-rem                 : 356         (2.53      % of lits tried)
c called                   : 6           (0.00      % ran out of time)
c -------- STRENGTHEN STATS END --------
c -------- IMPLICIT SUB  STATS --------
c time                     : 0.00        (0.00      per call)
c timed out                : 0           (0.00      % of calls)
c rem bins                 : 35          
c -------- IMPLICIT SUB STATS END --------
c Mem used                 : 37          MB
c Mem for longclauses      : 8           MB (22.59     %)
c Mem for watch alloc      : 6           MB (17.37     %)
c Mem for watch array      : 0           MB (0.36      %)
c Mem for assings&vardata  : 0           MB (0.21      %)
c Mem for search&solve     : 0           MB (0.58      %)
c Mem for renumberer       : 0           MB (0.07      %)
c Mem for occsimplifier    : 0           MB (1.96      %)
c Mem for varReplacer&SCC  : 0           MB (0.17      %)
c Mem for impl subsume     : 0           MB (0.00      %)
c Mem for 3 distills       : 0           MB (0.00      %)
c Accounted for mem (rss)  : 43.32       %
c Accounted for mem (vm)   : 39.37       %
c restarts                 : 266         (292.17    confls per restart)
c blocked restarts         : 0           (0.00      per normal restart)
c time                     : 8.56        
c decisions                : 89677       (0.00      % random)
c propagations             : 23M         (2766K     props/s)
c decisions/conflicts      : 1.15        
c conflicts                : 77718       
c conf lits non-minim      : 17100883    (220.04    lit/confl)
c conf lits final          : 44.16       
c red which0               : 308         (0.40      % of confl)
c props/decision           : 0.00        
c props/conflict           : 0.00        
c 0-depth assigns          : 3           (0.10      % vars)
c 0-depth assigns by CNF   : 2           (0.07      % vars)
c reduceDB time            : 0.02        (0.22      % time)
c OccSimplifier time       : 0.13        (1.51      % time)
c [occur] 0.05 is overhead
c [occur] link-in T: 0.04 cleanup T: 0.01
c [occ-substr] long subBySub: 42 subByStr: 2 lits-rem-str: 24 T: 0.08
c SCC time                 : 0.00        (0.03      % time)
c [scc] new: 8 BP 0M  T: 0.00
c vrep replace time        : 0.06        (0.65      % time)
c vrep tree roots          : 4           
c vrep trees' crown        : 8           (2.00      leafs/tree)
c distill long time        : 0.08        (0.90      % time)
c distill bin time         : 0.05        (0.54      % time)
c strength cache-irred time: 0.01        (0.10      % time)
c strength cache-red time  : 0.00        (0.01      % time)
c avg cls in red 0         : 213.67      
c avg cls in red 1         : 373.82      
c avg cls in red 2         : 24927.67    
c Conflicts in UIP         : 77718       (8792.27   confl/time_this_thread)
c Max Memory (rss) used    : 38056 kB    
c Total time (this thread) : 8.84        
s SATISFIABLE
v 1 2 -3 -4 5 6 -7 8 -9 -10 -11 -12 -13 14 15 16 -17 -18 -19 20 -21 -22 -23 -24 
v -25 26 -27 -28 -29 -30 -31 -32 -33 -34 -35 -36 -37 -38 -39 -40 -41 -42 -43 44 
v -45 -46 -47 -48 -49 50 -51 -52 -53 -54 -55 56 57 58 -59 -60 -61 62 63 64 -65 
v -66 -67 -68 -69 -70 -71 -72 -73 -74 -75 -76 -77 -78 -79 80 81 82 -83 -84 -85 
v 86 87 88 -89 -90 -91 -92 -93 -94 -95 -96 -97 98 99 100 -101 -102 -103 -104 
v -105 -106 -107 -108 -109 -110 -111 -112 -113 -114 -115 -116 -117 -118 -119 
v -120 -121 -122 -123 -124 -125 -126 -127 -128 -129 -130 -131 -132 -133 134 135 
v 136 -137 -138 -139 -140 -141 -142 -143 -144 -145 -146 -147 -148 -149 -150 
v -151 -152 -153 -154 -155 -156 -157 -158 -159 -160 -161 -162 -163 -164 -165 
v -166 -167 -168 -169 170 171 172 -173 -174 -175 -176 -177 -178 -179 -180 -181 
v -182 -183 -184 -185 -186 -187 -188 -189 -190 -191 -192 -193 -194 -195 -196 
v -197 -198 -199 -200 -201 -202 -203 -204 -205 -206 -207 -208 -209 -210 -211 
v -212 -213 -214 -215 -216 -217 -218 -219 -220 -221 -222 -223 -224 -225 -226 
v -227 -228 -229 -230 -231 -232 -233 -234 -235 -236 -237 -238 -239 -240 -241 
v -242 -243 -244 -245 -246 -247 -248 -249 -250 -251 -252 -253 -254 -255 -256 
v -257 -258 -259 -260 -261 -262 -263 -264 -265 -266 -267 -268 -269 -270 -271 
v -272 -273 -274 -275 -276 -277 278 279 280 -281 -282 -283 -284 -285 -286 -287 
v -288 -289 -290 -291 -292 -293 -294 -295 -296 -297 -298 -299 -300 -301 -302 
v -303 -304 -305 -306 -307 -308 -309 -310 -311 -312 -313 314 315 316 -317 -318 
v -319 -320 -321 -322 -323 -324 -325 -326 -327 -328 -329 -330 -331 -332 -333 
v -334 -335 -336 -337 -338 -339 -340 -341 -342 343 344 345 346 347 348 -349 
v -350 -351 352 -353 -354 355 -356 357 -358 -359 -360 -361 362 -363 -364 365 
v 366 -367 -368 369 -370 -371 -372 -373 -374 -375 -376 -377 378 -379 -380 381 
v 382 -383 -384 385 -386 -387 -388 -389 -390 -391 -392 -393 394 -395 -396 397 
v 398 -399 -400 401 -402 -403 -404 -405 -406 -407 -408 -409 410 -411 -412 413 
v 414 -415 -416 417 -418 -419 -420 -421 -422 -423 -424 -425 426 -427 -428 429 
v 430 -431 -432 433 -434 -435 -436 -437 -438 -439 -440 -441 442 -443 -444 445 
v 446 -447 -448 449 -450 -451 -452 -453 -454 -455 -456 -457 458 -459 -460 461 
v 462 -463 -464 465 -466 -467 -468 -469 -470 -471 -472 -473 -474 -475 -476 -477 
v -478 -479 -480 -481 -482 -483 -484 -485 -486 -487 -488 -489 -490 -491 -492 
v -493 -494 -495 -496 -497 -498 -499 -500 -501 -502 -503 -504 -505 -506 -507 
v -508 -509 -510 -511 -512 -513 -514 -515 -516 -517 -518 -519 -520 -521 522 
v -523 -524 525 526 -527 -528 529 -530 -531 -532 -533 -534 -535 -536 -537 -538 
v -539 -540 -541 -542 -543 -544 -545 -546 -547 -548 -549 -550 -551 -552 -553 
v -554 -555 -556 -557 -558 -559 -560 -561 -562 -563 -564 -565 -566 -567 -568 
v -569 570 -571 -572 573 574 -575 -576 577 -578 -579 -580 -581 -582 -583 -584 
v -585 -586 -587 -588 -589 -590 -591 -592 -593 -594 -595 -596 -597 -598 -599 
v -600 -601 602 -603 -604 605 606 -607 -608 609 -610 -611 -612 -613 -614 -615 
v -616 -617 -618 -619 -620 -621 -622 -623 -624 -625 -626 -627 -628 -629 -630 
v -631 -632 -633 -634 -635 -636 -637 -638 -639 -640 -641 -642 -643 -644 -645 
v -646 -647 -648 -649 -650 -651 -652 -653 -654 -655 -656 -657 -658 -659 -660 
v -661 -662 -663 -664 -665 -666 -667 -668 -669 -670 -671 -672 -673 -674 -675 
v -676 -677 -678 679 680 -681 -682 683 -684 -685 -686 -687 -688 -689 -690 -691 
v -692 -693 -694 -695 -696 -697 -698 -699 -700 -701 -702 -703 -704 -705 -706 
v -707 -708 -709 -710 -711 -712 713 -714 -715 716 -717 -718 -719 -720 -721 -722 
v -723 -724 725 -726 -727 -728 -729 -730 -731 -732 -733 -734 -735 -736 -737 
v -738 -739 -740 -741 -742 -743 -744 -745 -746 -747 -748 -749 -750 -751 -752 
v -753 -754 -755 -756 -757 -758 -759 -760 -761 -762 -763 -764 -765 -766 -767 
v 768 769 770 771 772 773 774 775 776 777 778 779 780 781 782 783 784 785 786 
v 787 788 789 790 791 -792 -793 -794 -795 -796 -797 -798 -799 -800 -801 -802 
v -803 -804 -805 0
c [g 0] truth-find prop checks  : 47K
c [g 0] -> of which prop        : 19.99 %
c [g 0] -> of which confl       :  1.11 %
c [g 0] elim called             : 10925
c [g 0] ---> which lead to prop : 20.99 %
c [g 0] ---> which lead to confl:  1.50 %
c [g 0] size: 47    x 458  

real	0m9.016s
user	0m8.841s
sys	0m0.027s
