c BreakID not compiled in, disabling
c CryptoMiniSat version 5.11.19
c CMS Copyright (C) 2009-2020 Authors of CryptoMiniSat, see AUTHORS file
c CMS SHA revision b80e09ebd7703fc13b987401d693d7d406a50441
c Using VMTF code by Armin Biere from CaDiCaL
c Using Yalsat by Armin Biere, see Balint et al. Improving implementation of SLS solvers [...], SAT'14
c Using WalkSAT by Henry Kautz, see Kautz and Selman Pushing the envelope: planning, propositional logic, and stochastic search, AAAI'96,
c CMS is MIT licensed
c Using code from 'When Boolean Satisfiability Meets Gauss-E. in a Simplex Way'
c       by C.-S. Han and J.-H. Roland Jiang in CAV 2012. Fixes by M. Soos
c Using CCAnr from 'CCAnr: A Conf. Checking Based Local Search Solver [...]'
c       by Shaowei Cai, Chuan Luo, and Kaile Su, SAT 2015
c CMS compilation env CMAKE_CXX_COMPILER = /usr/bin/c++ | CMAKE_CXX_FLAGS =  -fvisibility=hidden -Wall -Wextra -Wunused -Wsign-compare -fno-omit-frame-pointer -Wtype-limits -Wuninitialized -Wno-deprecated -Wstrict-aliasing -Wpointer-arith -Wpointer-arith -Wformat-nonliteral -Winit-self -Wparentheses -Wunreachable-code -g -Wno-class-memaccess -mpopcnt -msse4.2 -ggdb3 -Wlogical-op -Wrestrict -Wnull-dereference -Wdouble-promotion -Wshadow -Wformat=2 -Wextra-semi -pedantic | COMPILE_DEFINES =  -DRDB0_ONLY_FEATURES -DUSE_ZLIB -DYALSAT_FPU | STATICCOMPILE = OFF | ONLY_SIMPLE =  | STATS = OFF | SQLITE3_FOUND =  | ZLIB_FOUND = TRUE | VALGRIND_FOUND =  | ENABLE_TESTING = OFF | SLOW_DEBUG = OFF | ENABLE_ASSERTIONS = ON | PYTHON_EXECUTABLE =  | PYTHON_LIBRARY =  | PYTHON_INCLUDE_DIRS =  | MY_TARGETS =  | LARGEMEM = OFF | LIMITMEM = OFF | BREAKID_LIBRARIES =  | BREAKID-VER = . | BOSPHORUS_LIBRARIES =  | BOSPH-VER = . | compilation date time = Jul 13 2026 14:05:03
c CMS compiled with gcc version 11.5.0 20240719 (Red Hat 11.5.0-5)
c Executed with command line: ./cryptominisat5 ./instancesBreak/IC_S4/Xn19l6-309-S.dimacs_break.cnf
c Reading file './instancesBreak/IC_S4/Xn19l6-309-S.dimacs_break.cnf'
c -- header says num vars:            808
c -- header says num clauses:        2538
c -- clauses added: 2486
c -- xor clauses added: 52
c -- vars added 808
c Parsing time: 0.00 s
c [find&init matx] performing matrix init
c [gauss] XOR-encoding clauses are not detached, so no need to reattach them.
c [xor-rem-unconnected] left with 50 xors from 50 non-empty xors T: 0.00
c [xor-together] xored together: 0 orig xors: 50 new xors: 50 T: 0.00
c [xor-rem-unconnected] left with 50 xors from 50 non-empty xors T: 0.00
c [xor-clean-equiv] removed equivalent xors: 0 left with: 50
c [matrix] unused xors from cleaning: 0
c [matrix] Good   matrix  0     50 x  765  density:0.1104  xorlen avg: 84.42
c [matrix] Using 1 matrices recovered from 0 xors T: 0.00 T-out: N
c [branch] adjusting to: vsid (from: vsid) var_decay:0.95 descr: VSIDS
c rst  geom  stb   vs     1   112    2827 17315  1657    3.96    3.79     2    22    84     4  190.09  183.38
c rst  geom  stb   vs     2   234    2827 17315  1657    3.96    3.79     3    34   193     4  151.56  149.00
c  res  pol bran  nres  conf freevar  IrrL  IrrB l/longC  l/allC RedL0 RedL1 RedL2  RedB l/longC  l/allC
c rst  geom  stb   vs     3   368    2827 17315  1657    3.96    3.79    11    55   298     4  126.97  125.61
c rst  geom  stb   vs     4   516    2827 17315  1657    3.96    3.79    12    55   445     4  106.85  106.03
c rst  geom  stb   vs     5   678    2827 17315  1657    3.96    3.79    12    55   605     6   97.70   96.86
c rst  geom  stb   vs     6   855    2827 17315  1657    3.96    3.79    12    55   782     6   89.88   89.26
c rst  geom  stb   vs     7  1049    2827 17315  1657    3.96    3.79    13    57   971     8   86.35   85.70
c rst  geom  stb   vs     8  1263    2827 17315  1657    3.96    3.79    13    58  1183     9   81.89   81.32
c rst  geom  stb   vs     9  1498    2827 17315  1657    3.96    3.79    13    58  1418     9   77.90   77.45
c rst  geom  stb   vs    10  1755    2827 17315  1657    3.96    3.79    18    63  1665     9   73.58   73.21
c rst  geom  stb   vs    11  2038    2827 17315  1657    3.96    3.79    18    64  1947     9   71.74   71.43
c rst  geom  stb   vs    12  2348    2827 17315  1657    3.96    3.79    18    65  2253    12   73.46   73.10
c rst  geom  stb   vs    13  2688    2827 17315  1657    3.96    3.79    18    65  2593    12   73.18   72.86
c rst  geom  stb   vs    14  3061    2827 17315  1657    3.96    3.79    18    65  2966    12   72.07   71.80
c rst  geom  stb   vs    15  3471    2827 17315  1657    3.96    3.79    18    65  3376    12   69.31   69.08
c rst  geom  stb   vs    16  3921    2827 17315  1657    3.96    3.79    19    66  3824    12   72.23   72.01
c rst  geom  stb   vs    17  4415    2827 17315  1657    3.96    3.79    19    67  4317    12   71.07   70.88
c rst  geom  stb   vs    18  4958    2827 17315  1657    3.96    3.79    23    68  4855    12   70.28   70.11
c rst  geom  stb   vs    19  5556    2827 17315  1657    3.96    3.79    23    70  5451    12   70.21   70.07
c [branch] adjusting to: vmtf (from: vsid) var_decay:0.95 descr: VMTF
c [distill-long-red0] cls tried: 23/23 T: 0.00 T-out: N T-r: 99.99%
c [distill-long-red1] cls tried: 70/70 T: 0.00 T-out: N T-r: 95.18%
c rst  luby ibes  vmt    20  5658    2827 17315  1657    3.96    3.79    31    97  5511    19   69.39   69.16
c rst  luby ibes  vmt    21  5759    2827 17315  1657    3.96    3.79    33   115  5591    20   68.80   68.57
c rst  luby ibes  vmt    22  5961    2827 17315  1657    3.96    3.79    33   121  5786    21   68.09   67.85
c rst  luby ibes  vmt    23  6063    2827 17315  1657    3.96    3.79    34   121  5886    22   67.69   67.45
c rst  luby ibes  vmt    24  6166    2827 17315  1657    3.96    3.79    35   122  5987    22   67.39   67.16
c rst  luby ibes  vmt    25  6367    2827 17315  1657    3.96    3.79    37   128  6205    22   66.53   66.31
c rst  luby ibes  vmt    26  6769    2827 17315  1657    3.96    3.79    42   148  6582    24   65.42   65.20
c rst  luby ibes  vmt    27  6870    2827 17315  1657    3.96    3.79    43   152  6676    26   65.29   65.05
c rst  luby ibes  vmt    28  6972    2827 17315  1657    3.96    3.79    43   160  6781    26   64.84   64.61
c rst  luby ibes  vmt    29  7173    2827 17315  1657    3.96    3.79    45   164  6979    26   64.41   64.18
c rst  luby ibes  vmt    30  7274    2827 17315  1657    3.96    3.79    45   166  7087    26   64.10   63.88
c rst  luby ibes  vmt    31  7375    2827 17315  1657    3.96    3.79    46   173  7180    26   63.79   63.57
c rst  luby ibes  vmt    32  7576    2827 17315  1657    3.96    3.79    46   176  7378    26   63.42   63.22
c rst  luby ibes  vmt    33  7978    2827 17315  1657    3.96    3.79    47   189  7790    26   63.56   63.36
c rst  luby ibes  vmt    34  8779    2827 17315  1657    3.96    3.79    50   202  8586    26   63.80   63.62
c rst  luby ibes  vmt    35  8881    2827 17315  1657    3.96    3.79    50   202  8697    26   63.60   63.42
c rst  luby ibes  vmt    36  8982    2827 17315  1657    3.96    3.79    51   234  8786    26   63.37   63.19
c rst  luby ibes  vmt    37  9184    2827 17315  1657    3.96    3.79    51   242  9010    27   63.15   62.97
c rst  luby ibes  vmt    38  9285    2827 17315  1657    3.96    3.79    52   243  9109    27   63.00   62.82
c rst  luby ibes  vmt    39  9387    2827 17315  1657    3.96    3.79    52   260  9205    27   62.68   62.51
c rst  luby ibes  vmt    40  9589    2827 17315  1657    3.96    3.79    53   284  9416    27   62.57   62.40
c rst  luby ibes  vmt    41  9991    2827 17315  1657    3.96    3.79    54   306  9805    28   61.43   61.27
c rst  luby ibes  vmt    42 10092    2827 17315  1657    3.96    3.79   156   207  9909    28   61.38   61.22
c rst  luby ibes  vmt    43 10195    2827 17315  1657    3.96    3.79   156   210 10010    28   61.08   60.92
c rst  luby ibes  vmt    44 10397    2827 17315  1657    3.96    3.79   156   223 10209    28   60.62   60.47
c rst  luby ibes  vmt    45 10498    2827 17315  1657    3.96    3.79   158   229 10302    28   60.39   60.24
c rst  luby ibes  vmt    46 10600    2827 17315  1657    3.96    3.79   158   231 10402    28   60.22   60.07
c rst  luby ibes  vmt    47 10801    2827 17315  1657    3.96    3.79   158   235 10600    28   59.99   59.84
c rst  luby  svd  vmt    48 11203    2827 17315  1657    3.96    3.79   166   237 10983    37   60.65   60.46
c rst  luby  svd  vmt    49 12005    2827 17315  1657    3.96    3.79   176   253 11759    37   60.17   59.99
c [branch] adjusting to: vsid (from: vmtf) var_decay:0.95 descr: VSIDS
c [distill-bin] useful: 13/1657/1657 lits-rem: 0 cl-rem: 13 0-depth-assigns: 0 T: 0.01 T-out: N
c rst  geom  svd   vs    50 12116    2827 17315  1644    3.96    3.79   176   253 11870    37   59.92   59.75
c rst  geom  svd   vs    51 12239    2827 17315  1644    3.96    3.79   176   253 11993    37   59.74   59.57
c rst  geom  svd   vs    52 12373    2827 17315  1644    3.96    3.79   176   253 12127    37   59.48   59.31
c rst  geom  svd   vs    53 12520    2827 17315  1644    3.96    3.79   176   253 12274    37   59.24   59.08
c rst  geom  svd   vs    54 12682    2827 17315  1644    3.96    3.79   176   253 12436    37   59.00   58.84
c rst  geom  svd   vs    55 12859    2827 17315  1644    3.96    3.79   176   253 12613    37   58.64   58.48
c rst  geom  svd   vs    56 13053    2827 17315  1644    3.96    3.79   176   253 12807    37   58.22   58.07
c rst  geom  svd   vs    57 13267    2827 17315  1644    3.96    3.79   176   253 13021    37   57.73   57.58
c rst  geom  svd   vs    58 13501    2827 17315  1644    3.96    3.79   176   253 13255    37   57.35   57.20
c rst  geom  svd   vs    59 13759    2827 17315  1644    3.96    3.79   176   253 13513    37   56.74   56.59
c rst  geom  svd   vs    60 14042    2827 17315  1644    3.96    3.79   176   253 13796    37   56.07   55.93
c rst  geom  svd   vs    61 14352    2827 17315  1644    3.96    3.79   176   253 14106    37   55.49   55.35
c rst  geom  svd   vs    62 14693    2827 17315  1644    3.96    3.79   176   253 14447    37   54.74   54.60
c rst  geom  svd   vs    63 15067    2827 17315  1644    3.96    3.79   193   809 14248    37   54.06   53.93
c rst  geom  svd   vs    64 15477    2827 17315  1644    3.96    3.79   193   809 14658    37   53.56   53.44
c rst  geom  svd   vs    65 15928    2827 17315  1644    3.96    3.79   193   809 15109    37   52.87   52.75
c rst  geom  svd   vs    66 16423    2827 17315  1644    3.96    3.79   193   809 15604    37   52.28   52.17
c rst  geom best   vs    67 16967    2827 17315  1644    3.96    3.79   193   809 16144    41   52.39   52.27
c rst  geom best   vs    68 17564    2827 17315  1644    3.96    3.79   193   809 16740    42   52.45   52.33
c rst  geom best   vs    69 18220    2827 17315  1644    3.96    3.79   193   809 17394    44   52.02   51.90
c [branch] adjusting to: vmtf (from: vsid) var_decay:0.95 descr: VMTF
c rst  luby best  vmt    70 18321    2827 17315  1644    3.96    3.79   193   811 17493    44   52.24   52.12
c rst  luby best  vmt    71 18424    2827 17315  1644    3.96    3.79   198   813 17588    45   52.38   52.26
c rst  luby best  vmt    72 18625    2827 17315  1644    3.96    3.79   205   822 17773    45   52.43   52.31
c rst  luby best  vmt    73 18729    2827 17315  1644    3.96    3.79   207   824 17873    45   52.82   52.70
c rst  luby best  vmt    74 18830    2827 17315  1644    3.96    3.79   208   826 17968    48   52.86   52.74
c rst  luby best  vmt    75 19032    2827 17315  1644    3.96    3.79   212   829 18163    48   53.04   52.91
c rst  luby best  vmt    76 19436    2827 17315  1644    3.96    3.79   230   895 18480    51   53.09   52.96
c rst  luby best  vmt    77 19538    2827 17315  1644    3.96    3.79   235   902 18569    52   53.15   53.02
c rst  luby best  vmt    78 19639    2827 17315  1644    3.96    3.79   236   908 18658    57   53.18   53.03
c rst  luby best  vmt    79 19840    2827 17315  1644    3.96    3.79   238   911 18845    66   53.37   53.20
c rst  luby best  vmt    80 19941    2827 17315  1644    3.96    3.79   244   914 18937    66   53.51   53.34
c rst  luby best  vmt    81   20K    2827 17315  1644    3.96    3.79   331   834 19028    69   53.58   53.41
c [full-probe]  bin_only: 1 set: 0 repl: 0 T: 0.01 T-out: N T-r: 99.76%
c rst  luby best  vmt    82   20K    2827 17315  1644    3.96    3.79   333   835 19227    69   53.79   53.61
c rst  luby best  vmt    83   20K    2827 17315  1644    3.96    3.79   342   840 19613    71   53.92   53.75
c [distill-long-red0] cls tried: 273/273 T: 0.01 T-out: N T-r: 99.66%
c [distill-long-red1] cls tried: 38/816 T: 0.01 T-out: Y T-r: -6.33%
c rst  luby best  vmt    84   21K    2827 17315  1644    3.96    3.79   343   843   20K    76   54.43   54.24
c rst  luby best  vmt    85   21K    2827 17315  1644    3.96    3.79   344   844   20K    84   54.46   54.26
c rst  luby best  vmt    86   21K    2827 17315  1644    3.96    3.79   347   849   20K    87   54.47   54.26
c rst  luby  stb  vmt    87   21K    2827 17315  1644    3.96    3.79   350   850   20K    87   54.60   54.40
c rst  luby  stb  vmt    88   21K    2827 17315  1644    3.96    3.79   350   851   20K    88   54.68   54.47
c rst  luby  stb  vmt    89   22K    2827 17315  1644    3.96    3.79   353   856   20K    88   54.76   54.55
c rst  luby  stb  vmt    90   22K    2827 17315  1644    3.96    3.79   354   861   21K    88   54.85   54.64
c rst  luby  stb  vmt    91   22K    2827 17315  1644    3.96    3.79   358   866   21K    89   54.92   54.71
c rst  luby  stb  vmt    92   22K    2827 17315  1644    3.96    3.79   360   868   21K    89   54.94   54.74
c rst  luby  stb  vmt    93   22K    2827 17315  1644    3.96    3.79   361   868   21K    89   54.91   54.70
c rst  luby  stb  vmt    94   23K    2827 17315  1644    3.96    3.79   367   872   21K    89   54.99   54.79
c rst  luby  stb  vmt    95   23K    2827 17315  1644    3.96    3.79   368   873   22K    89   55.11   54.91
c rst  luby  stb  vmt    96   23K    2827 17315  1644    3.96    3.79   369   878   22K    89   55.17   54.97
c rst  luby  stb  vmt    97   23K    2827 17315  1644    3.96    3.79   373   879   22K    91   55.30   55.10
c rst  luby  stb  vmt    98   23K    2827 17315  1644    3.96    3.79   378   883   22K    91   55.66   55.45
c rst  luby  stb  vmt    99   24K    2827 17315  1644    3.96    3.79   383   917   23K    91   55.89   55.70
c rst  luby  stb  vmt   100   26K    2827 17315  1644    3.96    3.79   391   928   25K    93   56.04   55.85
c [branch] adjusting to: vsid (from: vmtf) var_decay:0.95 descr: VSIDS
c [distill] watch-based irred--  cl tried     1655 cl-sh     0 cl-rem    3 lit-rem      0 T: 0.00 T-out: N
c [distill] watch-based   red--  cl tried      782 cl-sh    11 cl-rem    0 lit-rem     16 T: 0.00 T-out: N
c rst  geom  stb   vs   101   26K    2827 17310  1649    3.96    3.79   391   928   25K    90   56.02   55.84
c rst  geom  stb   vs   102   26K    2827 17310  1649    3.96    3.79   392   928   25K    90   56.01   55.82
c rst  geom  stb   vs   103   26K    2827 17310  1649    3.96    3.79   394   928   25K    90   56.01   55.83
c rst  geom  stb   vs   104   26K    2827 17310  1649    3.96    3.79   394   928   25K    90   55.87   55.69
c rst  geom  stb   vs   105   26K    2827 17310  1649    3.96    3.79   394   928   25K    90   55.79   55.61
c rst  geom ibes   vs   106   27K    2827 17310  1649    3.96    3.79   394   928   25K    90   55.56   55.38
c rst  geom ibes   vs   107   27K    2827 17310  1649    3.96    3.79   394   928   26K    90   55.30   55.12
c rst  geom ibes   vs   108   27K    2827 17310  1649    3.96    3.79   394   928   26K    90   55.02   54.85
c rst  geom ibes   vs   109   27K    2827 17310  1649    3.96    3.79   394   928   26K    90   54.71   54.54
c rst  geom ibes   vs   110   28K    2827 17310  1649    3.96    3.79   394   928   26K    90   54.41   54.24
c rst  geom ibes   vs   111   28K    2827 17310  1649    3.96    3.79   394   928   27K    90   54.07   53.91
c rst  geom ibes   vs   112   28K    2827 17310  1649    3.96    3.79   394   928   27K    90   53.73   53.57
c rst  geom ibes   vs   113   28K    2827 17310  1649    3.96    3.79   394   928   27K    90   53.33   53.17
c rst  geom ibes   vs   114   29K    2827 17310  1649    3.96    3.79   394   928   28K    90   52.90   52.74
c rst  geom ibes   vs   115   29K    2827 17310  1649    3.96    3.79   394   928   28K    90   52.40   52.25
c rst  geom ibes   vs   116   30K    2827 17310  1649    3.96    3.79   497  1236   24K    90   48.70   48.54
c rst  geom ibes   vs   117   30K    2827 17310  1649    3.96    3.79   497  1236   25K    90   48.17   48.02
c rst  geom ibes   vs   118   31K    2827 17310  1649    3.96    3.79   497  1236   25K    90   47.58   47.43
c rst  geom ibes   vs   119   31K    2827 17310  1649    3.96    3.79   497  1236   26K    90   46.97   46.83
c rst  geom ibes   vs   120   32K    2827 17310  1649    3.96    3.79   497  1236   26K    90   46.30   46.16
c [distill-bin] useful: 0/1649/1649 lits-rem: 0 cl-rem: 0 0-depth-assigns: 0 T: 0.01 T-out: N
c rst  geom  svd   vs   121   33K    2827 17310  1649    3.96    3.79   497  1236   27K    90   45.79   45.65
c rst  geom  svd   vs   122   34K    2827 17310  1649    3.96    3.79   497  1236   28K    90   45.57   45.44
c [branch] adjusting to: vmtf (from: vsid) var_decay:0.95 descr: VMTF
c rst  luby  svd  vmt   123   34K    2827 17310  1649    3.96    3.79   500  1239   28K    90   45.69   45.56
c rst  luby  svd  vmt   124   34K    2827 17310  1649    3.96    3.79   500  1239   28K    90   45.78   45.65
c rst  luby  svd  vmt   125   34K    2827 17310  1649    3.96    3.79   501  1240   28K    90   45.87   45.74
c rst  luby  svd  vmt   126   34K    2827 17310  1649    3.96    3.79   503  1246   28K    90   45.93   45.81
c rst  luby  svd  vmt   127   34K    2827 17310  1649    3.96    3.79   503  1246   28K    90   46.07   45.95
c rst  luby  svd  vmt   128   34K    2827 17310  1649    3.96    3.79   506  1259   29K    90   46.05   45.92
c rst  luby  svd  vmt   129   35K    2827 17310  1649    3.96    3.79   511  1274   29K    90   46.22   46.09
c rst  luby  svd  vmt   130   35K    2827 17310  1649    3.96    3.79   512  1276   29K    90   46.28   46.16
c rst  luby  svd  vmt   131   35K    2827 17310  1649    3.96    3.79   514  1282   29K    90   46.32   46.19
c rst  luby  svd  vmt   132   35K    2827 17310  1649    3.96    3.79   514  1286   29K    90   46.44   46.32
c rst  luby  svd  vmt   133   35K    2827 17310  1649    3.96    3.79   515  1289   30K    90   46.45   46.33
c [distill-long-red0] cls tried: 185/185 T: 0.01 T-out: N T-r: 99.61%
c [distill-long-red1] cls tried: 27/1228 T: 0.01 T-out: Y T-r: -6.75%
c rst  luby  svd  vmt   134   35K    2827 17310  1649    3.96    3.79   514  1293   30K    91   46.40   46.28
c rst  luby  svd  vmt   135   36K    2827 17310  1649    3.96    3.79   514  1313   30K    91   46.32   46.20
c rst  luby  svd  vmt   136   36K    2827 17310  1649    3.96    3.79   517  1317   30K    91   46.59   46.46
c rst  luby  svd  vmt   137   37K    2827 17310  1649    3.96    3.79   526  1351   31K    91   46.78   46.66
c rst  luby  svd  vmt   138   37K    2827 17310  1649    3.96    3.79   526  1353   31K    91   46.89   46.77
c rst  luby  svd  vmt   139   37K    2827 17310  1649    3.96    3.79   527  1357   31K    91   46.93   46.81
c rst  luby  svd  vmt   140   37K    2827 17310  1649    3.96    3.79   528  1358   31K    91   47.02   46.90
c rst  luby  svd  vmt   141   37K    2827 17310  1649    3.96    3.79   531  1367   31K    91   46.99   46.87
c rst  luby  svd  vmt   142   37K    2827 17310  1649    3.96    3.79   533  1371   32K    91   47.07   46.95
c rst  luby  svd  vmt   143   38K    2827 17310  1649    3.96    3.79   533  1374   32K    91   47.09   46.97
c rst  geom best  vmt   144   38K    2827 17310  1649    3.96    3.79   534  1378   32K    91   47.06   46.94
c rst  geom best  vmt   145   38K    2827 17310  1649    3.96    3.79   535  1384   32K    91   47.05   46.93
c rst  geom best  vmt   146   38K    2827 17310  1649    3.96    3.79   536  1385   32K    91   47.05   46.94
c rst  geom best  vmt   147   38K    2827 17310  1649    3.96    3.79   537  1388   32K    91   47.07   46.95
c rst  geom best  vmt   148   38K    2827 17310  1649    3.96    3.79   539  1399   32K    91   47.14   47.02
c rst  geom best  vmt   149   38K    2827 17310  1649    3.96    3.79   540  1410   33K    91   47.15   47.04
c rst  geom best  vmt   150   39K    2827 17310  1649    3.96    3.79   541  1419   33K    91   47.25   47.13
c rst  geom best  vmt   151   39K    2827 17310  1649    3.96    3.79   542  1420   33K    92   47.33   47.21
c rst  geom best  vmt   152   39K    2827 17310  1649    3.96    3.79   545  1433   33K    93   47.32   47.20
c rst  geom best  vmt   153   39K    2827 17310  1649    3.96    3.79   548  1455   33K    93   47.39   47.28
c rst  geom best  vmt   154   40K    2827 17310  1649    3.96    3.79   751  1261   34K    93   47.42   47.31
c [full-probe]  bin_only: 0 set: 0 repl: 0 T: 0.01 T-out: N T-r: 96.99%
c [impl-str] lit bin: 0 set-var: 0 T: 0.00 T-out: N T-r: 99.95% w-visit: 5658
c [impl-sub] bin: 9 T: 0.00 T-out: N w-visit: 5658
c rst  geom best  vmt   155   40K    2827 17310  1649    3.96    3.79   752  1269   34K    84   47.46   47.36
c rst  geom best  vmt   156   40K    2827 17310  1649    3.96    3.79   754  1272   34K    84   47.55   47.44
c rst  geom best  vmt   157   41K    2827 17310  1649    3.96    3.79   756  1283   35K    84   47.61   47.51
c rst  geom best  vmt   158   41K    2827 17310  1649    3.96    3.79   760  1291   35K    84   47.66   47.56
c rst  geom best  vmt   159   41K    2827 17310  1649    3.96    3.79   764  1317   36K    84   47.61   47.51
c rst  geom best  vmt   160   42K    2827 17310  1649    3.96    3.79   767  1321   36K    84   47.76   47.66
c [branch] adjusting to: vsid (from: vmtf) var_decay:0.95 descr: VSIDS
c rst  geom best   vs   161   42K    2827 17310  1649    3.96    3.79   767  1321   36K    84   47.68   47.58
c rst  geom best   vs   162   42K    2827 17310  1649    3.96    3.79   767  1321   36K    84   47.59   47.49
c rst  geom best   vs   163   42K    2827 17310  1649    3.96    3.79   767  1321   36K    84   47.49   47.39
c rst  geom best   vs   164   42K    2827 17310  1649    3.96    3.79   767  1321   37K    84   47.39   47.29
c rst  geom best   vs   165   43K    2827 17310  1649    3.96    3.79   767  1321   37K    84   47.26   47.17
c rst  geom best   vs   166   43K    2827 17310  1649    3.96    3.79   767  1321   37K    85   47.17   47.07
c rst  geom best   vs   167   43K    2827 17310  1649    3.96    3.79   768  1321   37K    85   47.07   46.98
c rst  geom  stb   vs   168   43K    2827 17310  1649    3.96    3.79   768  1321   37K    85   46.98   46.89
c rst  geom  stb   vs   169   43K    2827 17310  1649    3.96    3.79   768  1321   38K    85   46.84   46.74
c rst  geom  stb   vs   170   44K    2827 17310  1649    3.96    3.79   768  1321   38K    85   46.68   46.59
c [ccnr] tries: 0 steps: 262143 best found: 17
c [ccnr] tries: 0 steps: 524287 best found: 17
c [ccnr] tries: 0 steps: 786431 best found: 17
c [ccnr] saving best assignment phase to stable_polar
c [ccnr] bumping based on clause weights
c [ccnr] Bumped vars: 103 bump type: 6
c [ccnr] time: 0.61
c rst  geom  stb   vs   171   44K    2827 17310  1649    3.96    3.79   768  1321   38K    85   46.56   46.47
c rst  geom  stb   vs   172   44K    2827 17310  1649    3.96    3.79   768  1321   38K    85   46.45   46.36
c rst  geom  stb   vs   173   45K    2827 17310  1649    3.96    3.79   832  2029   31K    85   43.78   43.68
c rst  geom  stb   vs   174   45K    2827 17310  1649    3.96    3.79   832  2029   31K    85   43.67   43.57
c rst  geom  stb   vs   175   45K    2827 17310  1649    3.96    3.79   832  2029   32K    85   43.55   43.45
c rst  geom  stb   vs   176   46K    2827 17310  1649    3.96    3.79   832  2029   32K    85   43.47   43.37
c rst  geom  stb   vs   177   46K    2827 17310  1649    3.96    3.79   832  2029   33K    85   43.39   43.29
c rst  geom  stb   vs   178   47K    2827 17310  1649    3.96    3.79   832  2029   33K    85   43.23   43.13
c rst  geom  stb   vs   179   48K    2827 17310  1649    3.96    3.79   832  2029   34K    85   43.08   42.98
c rst  geom  stb   vs   180   48K    2827 17310  1649    3.96    3.79   832  2029   34K    85   42.88   42.79
c rst  geom  stb   vs   181   49K    2827 17310  1649    3.96    3.79   832  2029   35K    85   42.65   42.56
c rst  geom ibes   vs   182   50K    2827 17310  1649    3.96    3.79   871  1990   36K    85   42.34   42.25
c [gauss] XOR-encoding clauses are not detached, so no need to reattach them.
c [g 0] truth-find prop checks  : 913K
c [g 0] -> of which prop        : 36.90 %
c [g 0] -> of which confl       :  3.22 %
c [g 0] elim called             : 178K
c [g 0] ---> which lead to prop :  8.55 %
c [g 0] ---> which lead to confl:  0.63 %
c [g 0] size: 50    x 765  
c [scc] new: 5 BP 0M T: 0.00
c [vrep] vars 5 lits 10893 rem-bin-cls 20 rem-long-cls 0 BP 0M T: 0.02
c [scc] new: 0 BP 0M T: 0.00
c [vrep] vars 0 lits 0 rem-bin-cls 0 rem-long-cls 0 BP 0M T: 0.00
c [intree] Set 0 vars hyper-added: 724 trans-irred: 0 trans-red: 27 T: 0.01 T-out: N T-r: -1.35%
c [find&init matx] performing matrix init
c [gauss] XOR-encoding clauses are not detached, so no need to reattach them.
c [xor-rem-unconnected] left with 50 xors from 50 non-empty xors T: 0.00
c [xor-together] xored together: 0 orig xors: 50 new xors: 50 T: 0.00
c [xor-rem-unconnected] left with 50 xors from 50 non-empty xors T: 0.00
c [xor-clean-equiv] removed equivalent xors: 0 left with: 50
c [matrix] unused xors from cleaning: 0
c [matrix] Good   matrix 0 50      x762    density:0.1101  xorlen avg: 83.86
c [matrix] Using 1 matrices recovered from 0 xors T: 0.00 T-out: N
c rst  geom ibes vs   183   51  K 2822    17310  1639 3.96    3.79      872  1990   37K   782 42.05   41.28  
c [distill-long-red0] cls tried: 358/358 T: 0.04 T-out: N T-r: 98.77%
c [distill-long-red1] cls tried: 20/1902 T: 0.01 T-out: Y T-r: -10.26%
c rst  geom ibes vs   184   52  K 2822    17310  1639 3.96    3.79      871  1990   38K   783 41.52   40.78  
c [distill] watch-based irred--  cl tried 1651     cl-sh 0     cl-rem 1    lit-rem 0      T: 0.00 T-out: N
c [distill] watch-based red  --  cl tried 1741     cl-sh 57    cl-rem 1    lit-rem 88     T: 0.00 T-out: N
c rst  geom ibes vs   185   53  K 2822    17309  1640 3.96    3.79      871  1991   39K   782 40.94   40.23  
c [branch] adjusting to: vmtf (from: vsid) var_decay:0.95 descr: VMTF
c [distill-bin] useful: 0/1299/1640 lits-rem: 0 cl-rem: 0 0-depth-assigns: 0 T: 0.02 T-out: Y
c rst  luby ibes vmt  186   53  K 2822    17309  1640 3.96    3.79      871  1999   39K   782 40.94   40.23  
c rst  luby ibes vmt  187   53  K 2822    17309  1640 3.96    3.79      871  2003   39K   782 40.92   40.21  
c rst  luby ibes vmt  188   53  K 2822    17309  1640 3.96    3.79      871  2014   39K   782 40.88   40.18  
c rst  luby ibes vmt  189   53  K 2822    17309  1640 3.96    3.79      871  2015   39K   782 40.87   40.17  
c rst  luby ibes vmt  190   53  K 2822    17309  1640 3.96    3.79      871  2022   39K   782 40.87   40.17  
c rst  luby ibes vmt  191   53  K 2822    17309  1640 3.96    3.79      871  2029   40K   782 40.87   40.17  
c rst  luby ibes vmt  192   54  K 2822    17309  1640 3.96    3.79      874  2036   40K   782 40.90   40.21  
c rst  luby ibes vmt  193   54  K 2822    17309  1640 3.96    3.79      874  2037   40K   782 40.90   40.21  
c rst  luby ibes vmt  194   54  K 2822    17309  1640 3.96    3.79      874  2039   40K   782 40.93   40.24  
c rst  luby ibes vmt  195   54  K 2822    17309  1640 3.96    3.79      875  2045   40K   782 40.90   40.22  
c rst  luby ibes vmt  196   54  K 2822    17309  1640 3.96    3.79      875  2049   40K   782 40.88   40.20  
c rst  luby ibes vmt  197   54  K 2822    17309  1640 3.96    3.79      875  2056   41K   782 40.86   40.19  
c rst  luby ibes vmt  198   55  K 2822    17309  1640 3.96    3.79      875  2064   41K   782 40.79   40.11  
c rst  luby svd  vmt  199   55  K 2822    17309  1640 3.96    3.79      880  2081   41K   782 41.00   40.33  
c rst  luby svd  vmt  200   56  K 2822    17309  1640 3.96    3.79      882  2091   42K   782 41.10   40.43  
c recursive minimization cost OK: 302Kcost/(% lits removed)
c [gauss] XOR-encoding clauses are not detached, so no need to reattach them.
c [g 0] truth-find prop checks  : 118K
c [g 0] -> of which prop        : 38.25 %
c [g 0] -> of which confl       :  2.88 %
c [g 0] elim called             : 22K
c [g 0] ---> which lead to prop :  0.98 %
c [g 0] ---> which lead to confl:  0.10 %
c [g 0] size: 50    x 762  
c --> Executing strategy token: scc-vrepl
c [scc] new: 4 BP 0M T: 0.00
c [vrep] vars 4 lits 5086 rem-bin-cls 16 rem-long-cls 0 BP 0M T: 0.02
c --> Executing strategy token: sub-impl
c [impl-sub] bin: 5 T: 0.00 T-out: N w-visit: 5658
c --> Executing strategy token: breakid
c --> Executing OCC strategy token(s): 'occ-backw-sub-str,occ-clean-implicit,occ-bve,occ-bva,occ-ternary-res,occ-xor,'
c [occ] mem usage for occur 1      MB
c [occ] Linked in IRRED BIN by default: 1635
c [occ] Linked in RED   BIN by default: 774
c [occ] mem usage for occur 0      MB
c Mem for watch alloc      : 4           MB (19.59     %)
c Mem for watch array      : 0           MB (0.89      %)
c --> Executing OCC strategy token: occ-backw-sub-str
c [occ-backw-sub-str-long-w-bins] subs: 0 str: 0 tried: 2409 0-depth ass: 0 T: 0.00 T-out: N T-r: 99.35%
c [occ-backw-sub-long-w-long] rem cl: 77 tried: 62501/62501 (100.0%) T: 0.01 T-out: N T-r: 96.72%
c [occ-backw-sub-str-long-w-long] sub: 0 str: 3 tried: 187503/62501 (300.0)  T: 0.06 T-out: N T-r: 88.75%
c --> Executing OCC strategy token: occ-clean-implicit
c --> Executing OCC strategy token: occ-bve
c [occ-empty-res] Empty resolvent elimed: 0 T: 0.00 T-out: N
c [occ-bve] iter v-elim 10
c cl_inc_rate=1.0, var_dec_rate=1.0 (grow=0)
c Reduced to 2808 vars, 18935 cls (grow=0)
c [occ-bve] iter v-elim 297
c cl_inc_rate=1.1, var_dec_rate=1.1 (grow=8)
c Reduced to 2511 vars, 20158 cls (grow=8)
c x n vars       : 2511
c #try to eliminate:  5989
c #var-elim        :   307
c #T-o: N
c #T-r: 99.99%
c #T  : 0.10
c [occur] 0.04 is overhead
c [occur] link-in T: 0.04 cleanup T: 0.00
c --> Executing OCC strategy token: occ-bva
c --> Executing OCC strategy token: occ-ternary-res
c [occ-ternary-res] Ternary res-tri: 42 res-bin: 0 sub: 5 str: 0 T: 0.00 T-out: N T-r: 99.38%
c --> Executing OCC strategy token: occ-xor
c [occ-xor] sort occur list T: 0.00
c [xor-clean-equiv] removed equivalent xors: 0 left with: 1910
c [occ-xor] found   1910 avg sz 4.0 min sz  4 max sz  5 T: 0.01 T-out: N T-r: 99.98%
c --> Executing strategy token: card-find
c --> Executing strategy token: cl-consolidate
c [mem] consolidate  old-sz: 9767K new-sz: 4396K new bits offs: 20 T: 0.00
c --> Executing strategy token: scc-vrepl
c [scc] new: 0 BP 0M T: 0.00
c --> Executing strategy token: renumber
c --> Executing strategy token: bosphorus
c --> Executing strategy token: louvain-comms
c [consolidate] mini T: 0.00
c global_timeout_multiplier: 3.3000
c [branch] rebuilding order heap for all branchings. Current branching: vmtf
c [find&init matx] performing matrix init
c [gauss] XOR-encoding clauses are not detached, so no need to reattach them.
c [xor-rem-unconnected] left with 1906 xors from 1910 non-empty xors T: 0.00
c [xor-together] xored together: 1857 orig xors: 1906 new xors: 49 T: 0.00
c [xor-rem-unconnected] left with 49 xors from 49 non-empty xors T: 0.00
c [xor-clean-equiv] removed equivalent xors: 0 left with: 49
c [matrix] unused xors from cleaning: 4
c [matrix] Good   matrix  0     49 x  462  density:0.1732  xorlen avg: 80.04
c [matrix] Using 1 matrices recovered from 0 xors T: 0.00 T-out: N
c rst  luby  svd  vmt   201   56K    2511 19235   923    4.11    4.01   195   205   25K   102   28.26   28.16
c rst  luby  svd  vmt   202   56K    2511 19235   923    4.11    4.01   195   209   25K   102   28.23   28.13
c rst  luby  svd  vmt   203   56K    2511 19235   923    4.11    4.01   195   210   25K   102   28.24   28.14
c rst  luby  svd  vmt   204   56K    2511 19235   923    4.11    4.01   196   213   25K   102   28.22   28.12
c rst  luby  svd  vmt   205   56K    2511 19235   923    4.11    4.01   196   218   25K   102   28.18   28.07
c rst  luby  svd  vmt   206   56K    2511 19235   923    4.11    4.01   196   222   25K   102   28.14   28.04
c [g  <0] Disabling GJ-elim in this round.  Usefulness was: 17.1652%  over 61252 calls
c rst  luby  svd  vmt   207   57K    2511 19235   923    4.11    4.01   197   224   25K   102   28.11   28.01
c rst  luby  svd  vmt   208   57K    2511 19235   923    4.11    4.01   197   229   26K   102   28.04   27.94
c rst  luby  svd  vmt   209   57K    2511 19235   923    4.11    4.01   197   231   26K   102   28.04   27.94
c rst  luby  svd  vmt   210   57K    2511 19235   923    4.11    4.01   197   233   26K   102   28.03   27.93
c rst  luby  svd  vmt   211   57K    2511 19235   923    4.11    4.01   197   235   26K   102   28.01   27.92
c rst  luby  svd  vmt   212   58K    2511 19235   923    4.11    4.01   198   239   26K   102   28.06   27.96
c rst  luby  svd  vmt   213   58K    2511 19235   923    4.11    4.01   198   241   26K   102   28.03   27.94
c rst  luby  svd  vmt   214   58K    2511 19235   923    4.11    4.01   198   243   26K   102   27.97   27.87
c rst  luby  svd  vmt   215   58K    2511 19235   923    4.11    4.01   198   249   27K   102   27.95   27.86
c ------- FINAL TOTAL SEARCH STATS ---------
c UIP search time          : 5.79        (95.74     % time)
c All times are for this thread only except if explicitly specified
c restarts                 : 215         (272.32    confls per restart)
c blocked restarts         : 0           (0.00      per normal restart)
c time                     : 5.79        
c decisions                : 68503       (0.00      % random)
c propagations             : 3784K       (653K      props/s)
c decisions/conflicts      : 1.17        
c conflicts                : 58549       
c LEARNT stats
c units learnt             : 0           (0.00      % of conflicts)
c bins learnt              : 92          (0.16      % of conflicts)
c long learnt              : 58901       (100.60    % of conflicts)
c red which0               : 286         (0.49      % of confl)
c SEAMLESS HYPERBIN&TRANS-RED stats
c advProp called           : 0           
c hyper-bin add bin        : 0           (0.00      bin/call)
c trans-red rem irred bin  : 0           (0.00      bin/call)
c trans-red rem red bin    : 0           (0.00      bin/call)
c CONFL LITS stats
c orig                     : 12956533    (221.29    lit/confl)
c recurs-min effective     : 54648       (93.34     % attempt successful)
c recurs-min lits          : 10314678    (79.61     % less overall)
c permDiff call%           : 2.21        (0.00      % attempt successful)
c permDiff lits-rem        : 0           (0.00      less lits/cl on attempts)
c further-min call%        : 0.03        (37.50     % attempt successful)
c bintri-min lits          : 22          (0.00      % less overall)
c final avg                : 45.12       
c all-threads sum CPU time : 5.79         s
c PROP stats
c Mbogo-props              : 26.45       (4.57      / sec)
c MHyper-props             : 0.04        (0.01      / sec)
c Mprops                   : 3.78        (0.65      / sec)
c -------- OccSimplifier STATS ----------
c time                     : 0.13        (0.00      % var-elim)
c called                   : 1           (0.13      s per call)
c 0-depth assigns          : 0           (0.00      % vars)
c -------- OccSimplifier STATS END ----------
c -------- SubsumeStrengthen STATS ----------
c cl-subs                  : 77           Clauses
c cl-str rem lit           : 39           Lits
c cl-sub T                 : 0.01         s
c cl-str T                 : 0.06         s
c -------- SubsumeStrengthen STATS END ----------
c ----- SCC STATS --------
c time                     : 0.00        (0.00      per call)
c called                   : 4           (2.25      new found per call)
c found                    : 9           (50.00     % of all found)
c bogoprops                : 130838      % of all found
c ----- SCC STATS END --------
c --------- VAR REPLACE STATS ----------
c time                     : 0.04        (0.01      per call)
c trees' crown             : 9           (0.32      % of vars)
c 0-depth assigns          : 0           (0.00      % vars)
c lits replaced            : 15979       
c bin cls removed          : 36          
c long cls removed         : 0           
c long lits removed        : 1777        
c bogoprops                : 695483      
c --------- VAR REPLACE STATS END ----------
c vrep replace time        : 0.04        (0.74      % time)
c vrep tree roots          : 4           
c vrep trees' crown        : 9           (2.25      leafs/tree)
c -------- DISTILL-BIN STATS --------
c time                     : 0.04        (0.01      per call)
c timed out                : 1           (33.33     % of calls)
c distill/checked/potential: 0          /4605/4946
c lits-rem                 : 0           
c 0-depth-assigns          : 0           (0.00      % of vars)
c -------- DISTILL STATS END --------
c -------- STRENGTHEN STATS --------
c --> watch-based on irred cls
c time                     : 0.00        (0.00      s/call)
c shrinked/tried/total     : 0          /3306/69242
c subsumed/tried/total     : 4          /3306/69242
c lits-rem                 : 0           (0.00      % of lits tried)
c called                   : 4           (0.00      % ran out of time)
c --> watch-based on red cls
c time                     : 0.00        (0.00      s/call)
c shrinked/tried/total     : 68         /2523/2523
c subsumed/tried/total     : 1          /2523/2523
c lits-rem                 : 104         (0.69      % of lits tried)
c called                   : 4           (0.00      % ran out of time)
c -------- STRENGTHEN STATS END --------
c -------- IMPLICIT SUB  STATS --------
c time                     : 0.00        (0.00      per call)
c timed out                : 0           (0.00      % of calls)
c rem bins                 : 14          
c -------- IMPLICIT SUB STATS END --------
c Mem used                 : 23          MB
c Mem for longclauses      : 6           MB (29.08     %)
c Mem for watch alloc      : 5           MB (23.52     %)
c Mem for watch array      : 0           MB (0.56      %)
c Mem for assings&vardata  : 0           MB (0.33      %)
c Mem for search&solve     : 0           MB (0.94      %)
c Mem for renumberer       : 0           MB (0.12      %)
c Mem for occsimplifier    : 0           MB (3.14      %)
c Mem for varReplacer&SCC  : 0           MB (0.26      %)
c Mem for impl subsume     : 0           MB (0.00      %)
c Mem for 3 distills       : 0           MB (0.00      %)
c Accounted for mem (rss)  : 57.97       %
c Accounted for mem (vm)   : 49.52       %
c restarts                 : 215         (272.32    confls per restart)
c blocked restarts         : 0           (0.00      per normal restart)
c time                     : 5.79        
c decisions                : 68503       (0.00      % random)
c propagations             : 3784K       (653K      props/s)
c decisions/conflicts      : 1.17        
c conflicts                : 58549       
c conf lits non-minim      : 12956533    (221.29    lit/confl)
c conf lits final          : 45.12       
c red which0               : 286         (0.49      % of confl)
c props/decision           : 0.00        
c props/conflict           : 0.00        
c 0-depth assigns          : 2           (0.07      % vars)
c 0-depth assigns by CNF   : 2           (0.07      % vars)
c reduceDB time            : 0.01        (0.11      % time)
c OccSimplifier time       : 0.13        (2.07      % time)
c [occur] 0.05 is overhead
c [occur] link-in T: 0.04 cleanup T: 0.01
c [occ-substr] long subBySub: 77 subByStr: 0 lits-rem-str: 39 T: 0.07
c SCC time                 : 0.00        (0.03      % time)
c [scc] new: 9 BP 0M  T: 0.00
c vrep replace time        : 0.04        (0.74      % time)
c vrep tree roots          : 4           
c vrep trees' crown        : 9           (2.25      leafs/tree)
c distill long time        : 0.12        (1.93      % time)
c distill bin time         : 0.04        (0.64      % time)
c strength cache-irred time: 0.00        (0.02      % time)
c strength cache-red time  : 0.00        (0.05      % time)
c avg cls in red 0         : 422.90      
c avg cls in red 1         : 987.90      
c avg cls in red 2         : 23537.81    
c Conflicts in UIP         : 58549       (9683.18   confl/time_this_thread)
c Max Memory (rss) used    : 29772 kB    
c Total time (this thread) : 6.05        
s SATISFIABLE
v -1 -2 3 -4 5 6 -7 -8 9 -10 -11 -12 13 14 -15 -16 17 -18 -19 -20 -21 -22 -23 -24 
v -25 -26 -27 -28 -29 -30 -31 -32 33 -34 -35 -36 -37 -38 -39 -40 -41 -42 -43 
v -44 45 -46 -47 -48 -49 -50 51 -52 -53 -54 -55 -56 -57 -58 -59 -60 -61 -62 -63 
v -64 -65 -66 67 68 -69 -70 71 -72 -73 -74 -75 -76 -77 -78 79 80 -81 -82 83 -84 
v 85 86 -87 -88 89 -90 -91 -92 -93 -94 -95 -96 -97 -98 -99 -100 -101 -102 103 
v 104 -105 -106 107 -108 -109 -110 -111 -112 -113 -114 -115 -116 -117 -118 -119 
v -120 -121 -122 -123 -124 -125 -126 -127 -128 -129 -130 -131 -132 -133 -134 
v -135 -136 -137 -138 -139 -140 -141 -142 -143 -144 -145 -146 -147 -148 -149 
v -150 -151 -152 -153 -154 -155 -156 -157 -158 -159 -160 -161 -162 -163 -164 
v -165 -166 -167 -168 -169 -170 -171 -172 -173 -174 -175 -176 -177 -178 -179 
v -180 -181 -182 -183 -184 -185 -186 -187 -188 -189 -190 -191 -192 -193 -194 
v -195 -196 -197 -198 -199 -200 -201 -202 -203 -204 -205 -206 -207 -208 -209 
v -210 211 212 -213 -214 215 -216 -217 -218 -219 -220 -221 -222 -223 -224 -225 
v -226 -227 -228 -229 -230 -231 -232 -233 -234 -235 -236 -237 -238 -239 -240 
v -241 -242 -243 -244 -245 -246 -247 -248 -249 -250 -251 -252 -253 -254 -255 
v -256 -257 -258 -259 -260 -261 -262 -263 -264 -265 -266 -267 -268 -269 -270 
v -271 -272 -273 -274 -275 -276 -277 -278 -279 -280 -281 -282 283 284 -285 -286 
v 287 -288 -289 -290 -291 -292 -293 -294 -295 -296 -297 -298 -299 -300 -301 
v -302 -303 -304 -305 -306 -307 -308 -309 -310 -311 -312 -313 -314 -315 -316 
v -317 -318 319 320 -321 -322 323 -324 -325 -326 -327 -328 -329 -330 -331 -332 
v -333 -334 -335 -336 -337 -338 -339 -340 -341 -342 343 344 -345 -346 -347 348 
v -349 -350 -351 -352 -353 -354 -355 356 357 358 -359 -360 -361 -362 -363 364 
v 365 366 -367 -368 -369 370 371 -372 -373 -374 -375 -376 -377 -378 -379 380 
v 381 382 -383 -384 -385 386 387 -388 -389 -390 -391 -392 -393 -394 -395 396 
v 397 398 -399 -400 -401 402 403 -404 -405 -406 -407 -408 -409 -410 -411 -412 
v -413 -414 -415 -416 -417 -418 -419 -420 -421 -422 -423 -424 -425 -426 -427 
v -428 -429 -430 -431 -432 -433 -434 -435 -436 -437 -438 -439 -440 -441 -442 
v -443 -444 -445 -446 -447 -448 -449 -450 -451 -452 -453 -454 -455 -456 -457 
v -458 -459 460 461 462 -463 -464 -465 466 467 -468 -469 -470 -471 -472 -473 
v -474 -475 -476 -477 -478 -479 -480 -481 -482 -483 -484 -485 -486 -487 -488 
v -489 -490 -491 -492 -493 -494 -495 -496 -497 -498 -499 -500 -501 -502 -503 
v -504 -505 -506 -507 -508 -509 -510 -511 -512 -513 -514 -515 -516 -517 -518 
v -519 -520 -521 -522 -523 -524 -525 -526 -527 -528 -529 -530 -531 -532 -533 
v -534 -535 -536 -537 -538 -539 -540 -541 -542 -543 -544 -545 -546 -547 -548 
v -549 -550 -551 -552 -553 -554 -555 -556 -557 -558 -559 -560 -561 -562 -563 
v -564 -565 -566 -567 -568 -569 -570 -571 -572 -573 -574 -575 -576 -577 -578 
v -579 -580 -581 -582 -583 -584 -585 -586 -587 588 589 590 -591 -592 -593 594 
v 595 -596 -597 -598 -599 -600 -601 -602 -603 604 605 606 -607 -608 -609 610 
v 611 -612 -613 -614 -615 -616 -617 -618 -619 620 621 622 -623 -624 -625 626 
v 627 -628 -629 -630 -631 -632 -633 -634 -635 -636 -637 -638 -639 -640 -641 
v -642 -643 -644 -645 -646 -647 -648 -649 -650 -651 -652 -653 -654 -655 -656 
v -657 -658 -659 -660 -661 -662 -663 -664 -665 -666 -667 -668 -669 -670 -671 
v -672 -673 -674 -675 -676 -677 -678 -679 -680 -681 -682 -683 -684 -685 -686 
v -687 -688 -689 -690 -691 -692 -693 -694 -695 -696 -697 -698 -699 -700 -701 
v 702 703 -704 -705 -706 707 708 -709 -710 -711 -712 713 -714 -715 -716 717 718 
v -719 -720 -721 -722 -723 -724 -725 726 727 -728 -729 -730 -731 -732 -733 -734 
v -735 -736 -737 -738 -739 -740 -741 -742 -743 -744 -745 -746 -747 -748 -749 
v -750 -751 -752 753 -754 -755 -756 -757 -758 -759 -760 -761 -762 -763 -764 
v -765 -766 -767 768 769 770 771 772 773 774 775 776 -777 -778 -779 -780 -781 
v -782 -783 784 785 786 787 788 789 790 791 -792 -793 -794 -795 -796 -797 798 
v 799 800 801 802 803 804 805 806 807 808 0
c [g 0] truth-find prop checks  : 44K
c [g 0] -> of which prop        : 15.61 %
c [g 0] -> of which confl       :  0.99 %
c [g 0] elim called             : 10688
c [g 0] ---> which lead to prop : 28.30 %
c [g 0] ---> which lead to confl:  1.49 %
c [g 0] size: 49    x 462  

real	0m6.138s
user	0m6.047s
sys	0m0.027s
