c BreakID not compiled in, disabling
c CryptoMiniSat version 5.11.19
c CMS Copyright (C) 2009-2020 Authors of CryptoMiniSat, see AUTHORS file
c CMS SHA revision b80e09ebd7703fc13b987401d693d7d406a50441
c Using VMTF code by Armin Biere from CaDiCaL
c Using Yalsat by Armin Biere, see Balint et al. Improving implementation of SLS solvers [...], SAT'14
c Using WalkSAT by Henry Kautz, see Kautz and Selman Pushing the envelope: planning, propositional logic, and stochastic search, AAAI'96,
c CMS is MIT licensed
c Using code from 'When Boolean Satisfiability Meets Gauss-E. in a Simplex Way'
c       by C.-S. Han and J.-H. Roland Jiang in CAV 2012. Fixes by M. Soos
c Using CCAnr from 'CCAnr: A Conf. Checking Based Local Search Solver [...]'
c       by Shaowei Cai, Chuan Luo, and Kaile Su, SAT 2015
c CMS compilation env CMAKE_CXX_COMPILER = /usr/bin/c++ | CMAKE_CXX_FLAGS =  -fvisibility=hidden -Wall -Wextra -Wunused -Wsign-compare -fno-omit-frame-pointer -Wtype-limits -Wuninitialized -Wno-deprecated -Wstrict-aliasing -Wpointer-arith -Wpointer-arith -Wformat-nonliteral -Winit-self -Wparentheses -Wunreachable-code -g -Wno-class-memaccess -mpopcnt -msse4.2 -ggdb3 -Wlogical-op -Wrestrict -Wnull-dereference -Wdouble-promotion -Wshadow -Wformat=2 -Wextra-semi -pedantic | COMPILE_DEFINES =  -DRDB0_ONLY_FEATURES -DUSE_ZLIB -DYALSAT_FPU | STATICCOMPILE = OFF | ONLY_SIMPLE =  | STATS = OFF | SQLITE3_FOUND =  | ZLIB_FOUND = TRUE | VALGRIND_FOUND =  | ENABLE_TESTING = OFF | SLOW_DEBUG = OFF | ENABLE_ASSERTIONS = ON | PYTHON_EXECUTABLE =  | PYTHON_LIBRARY =  | PYTHON_INCLUDE_DIRS =  | MY_TARGETS =  | LARGEMEM = OFF | LIMITMEM = OFF | BREAKID_LIBRARIES =  | BREAKID-VER = . | BOSPHORUS_LIBRARIES =  | BOSPH-VER = . | compilation date time = Jul 13 2026 14:05:03
c CMS compiled with gcc version 11.5.0 20240719 (Red Hat 11.5.0-5)
c Executed with command line: ./cryptominisat5 ./instancesBreak/IC_S4/Xn19l6-304-S.dimacs_break.cnf
c Reading file './instancesBreak/IC_S4/Xn19l6-304-S.dimacs_break.cnf'
c -- header says num vars:            794
c -- header says num clauses:        2496
c -- clauses added: 2444
c -- xor clauses added: 52
c -- vars added 794
c Parsing time: 0.00 s
c [find&init matx] performing matrix init
c [gauss] XOR-encoding clauses are not detached, so no need to reattach them.
c [xor-rem-unconnected] left with 50 xors from 50 non-empty xors T: 0.00
c [xor-together] xored together: 0 orig xors: 50 new xors: 50 T: 0.00
c [xor-rem-unconnected] left with 50 xors from 50 non-empty xors T: 0.00
c [xor-clean-equiv] removed equivalent xors: 0 left with: 50
c [matrix] unused xors from cleaning: 0
c [matrix] Good   matrix  0     50 x  765  density:0.1208  xorlen avg: 92.44
c [matrix] Using 1 matrices recovered from 0 xors T: 0.00 T-out: N
c [branch] adjusting to: vsid (from: vsid) var_decay:0.95 descr: VSIDS
c rst  geom  stb   vs     1   113    3012 18877  1657    3.97    3.81     4    31    67    11  165.64  149.71
c rst  geom  stb   vs     2   236    3012 18877  1657    3.97    3.81     4    46   170    16  130.82  122.08
c  res  pol bran  nres  conf freevar  IrrL  IrrB l/longC  l/allC RedL0 RedL1 RedL2  RedB l/longC  l/allC
c rst  geom  stb   vs     3   371    3012 18877  1657    3.97    3.81     4    46   301    20  111.42  105.53
c rst  geom  stb   vs     4   519    3012 18877  1657    3.97    3.81     4    46   449    20   98.31   94.60
c rst  geom  stb   vs     5   680    3012 18877  1657    3.97    3.81     4    46   609    21   92.57   89.78
c rst  geom  stb   vs     6   857    3012 18877  1657    3.97    3.81     4    46   786    21   84.86   82.83
c rst  geom  stb   vs     7  1052    3012 18877  1657    3.97    3.81     4    47   974    27   82.52   80.45
c rst  geom  stb   vs     8  1266    3012 18877  1657    3.97    3.81     5    48  1186    27   76.29   74.71
c rst  geom  stb   vs     9  1500    3012 18877  1657    3.97    3.81     6    48  1419    27   71.41   70.17
c rst  geom  stb   vs    10  1757    3012 18877  1657    3.97    3.81     6    48  1676    27   70.86   69.80
c rst  geom  stb   vs    11  2039    3012 18877  1657    3.97    3.81     6    48  1958    27   74.19   73.23
c rst  geom  stb   vs    12  2350    3012 18877  1657    3.97    3.81     6    48  2269    27   74.10   73.28
c rst  geom  stb   vs    13  2691    3012 18877  1657    3.97    3.81     6    48  2609    28   73.02   72.28
c rst  geom  stb   vs    14  3066    3012 18877  1657    3.97    3.81     6    48  2984    28   72.03   71.39
c rst  geom  stb   vs    15  3476    3012 18877  1657    3.97    3.81     6    48  3394    28   69.08   68.54
c rst  geom  stb   vs    16  3926    3012 18877  1657    3.97    3.81     6    48  3844    28   67.27   66.81
c rst  geom  stb   vs    17  4420    3012 18877  1657    3.97    3.81     6    48  4337    29   65.55   65.13
c rst  geom  stb   vs    18  4963    3012 18877  1657    3.97    3.81     8    48  4878    29   64.06   63.70
c rst  geom  stb   vs    19  5561    3012 18877  1657    3.97    3.81     8    48  5476    29   62.77   62.45
c [branch] adjusting to: vmtf (from: vsid) var_decay:0.95 descr: VMTF
c [distill-long-red0] cls tried: 8/8 T: 0.00 T-out: N T-r: 100.00%
c [distill-long-red1] cls tried: 48/48 T: 0.00 T-out: N T-r: 97.49%
c rst  luby ibes  vmt    20  5662    3012 18877  1657    3.97    3.81    18    71  5534    39   62.05   61.64
c rst  luby ibes  vmt    21  5763    3012 18877  1657    3.97    3.81    20    94  5610    39   63.23   62.81
c rst  luby ibes  vmt    22  5965    3012 18877  1657    3.97    3.81    22    97  5817    39   62.99   62.59
c rst  luby ibes  vmt    23  6066    3012 18877  1657    3.97    3.81    22   112  5909    39   62.15   61.77
c rst  luby ibes  vmt    24  6168    3012 18877  1657    3.97    3.81    22   115  6034    39   61.86   61.48
c rst  luby ibes  vmt    25  6371    3012 18877  1657    3.97    3.81    24   218  6149    40   60.32   59.95
c rst  luby ibes  vmt    26  6772    3012 18877  1657    3.97    3.81    24   228  6564    40   60.47   60.13
c rst  luby ibes  vmt    27  6874    3012 18877  1657    3.97    3.81    25   231  6662    40   60.49   60.15
c rst  luby ibes  vmt    28  6976    3012 18877  1657    3.97    3.81    29   233  6758    40   60.56   60.23
c rst  luby ibes  vmt    29  7177    3012 18877  1657    3.97    3.81    32   240  6952    41   60.07   59.74
c rst  luby ibes  vmt    30  7279    3012 18877  1657    3.97    3.81    32   241  7053    41   59.62   59.30
c rst  luby ibes  vmt    31  7380    3012 18877  1657    3.97    3.81    33   253  7147    41   59.18   58.87
c rst  luby ibes  vmt    32  7581    3012 18877  1657    3.97    3.81    34   253  7347    41   59.17   58.87
c rst  luby ibes  vmt    33  7982    3012 18877  1657    3.97    3.81    35   265  7740    41   59.16   58.87
c rst  luby ibes  vmt    34  8784    3012 18877  1657    3.97    3.81    39   310  8497    41   58.63   58.37
c rst  luby ibes  vmt    35  8885    3012 18877  1657    3.97    3.81    39   313  8595    41   58.65   58.39
c rst  luby ibes  vmt    36  8987    3012 18877  1657    3.97    3.81    40   315  8694    41   58.45   58.20
c rst  luby ibes  vmt    37  9189    3012 18877  1657    3.97    3.81    41   330  8886    41   58.29   58.04
c rst  luby ibes  vmt    38  9291    3012 18877  1657    3.97    3.81    42   334  8991    41   58.13   57.88
c rst  luby ibes  vmt    39  9392    3012 18877  1657    3.97    3.81    44   335  9089    41   58.17   57.93
c rst  luby ibes  vmt    40  9593    3012 18877  1657    3.97    3.81    46   363  9322    41   58.32   58.08
c rst  luby ibes  vmt    41  9994    3012 18877  1657    3.97    3.81    48   390  9699    41   58.18   57.96
c rst  luby ibes  vmt    42 10096    3012 18877  1657    3.97    3.81   146   298  9798    41   58.25   58.03
c rst  luby ibes  vmt    43 10197    3012 18877  1657    3.97    3.81   148   298  9897    41   58.10   57.88
c rst  luby ibes  vmt    44 10399    3012 18877  1657    3.97    3.81   148   303 10141    41   58.10   57.88
c rst  luby ibes  vmt    45 10500    3012 18877  1657    3.97    3.81   148   311 10244    42   57.94   57.73
c rst  luby ibes  vmt    46 10601    3012 18877  1657    3.97    3.81   148   318 10338    42   57.77   57.55
c rst  luby ibes  vmt    47 10803    3012 18877  1657    3.97    3.81   149   323 10534    42   57.77   57.56
c rst  luby  svd  vmt    48 11204    3012 18877  1657    3.97    3.81   153   329 10920    48   58.49   58.25
c rst  luby  svd  vmt    49 12005    3012 18877  1657    3.97    3.81   161   350 11688    52   59.69   59.44
c [branch] adjusting to: vsid (from: vmtf) var_decay:0.95 descr: VSIDS
c [distill-bin] useful: 11/1657/1657 lits-rem: 0 cl-rem: 11 0-depth-assigns: 0 T: 0.01 T-out: N
c rst  geom  svd   vs    50 12117    3012 18877  1646    3.97    3.81   161   350 11800    52   59.49   59.25
c rst  geom  svd   vs    51 12240    3012 18877  1646    3.97    3.81   161   350 11923    52   59.48   59.24
c rst  geom  svd   vs    52 12374    3012 18877  1646    3.97    3.81   161   350 12057    52   59.20   58.96
c rst  geom  svd   vs    53 12523    3012 18877  1646    3.97    3.81   161   350 12206    52   58.95   58.72
c rst  geom  svd   vs    54 12685    3012 18877  1646    3.97    3.81   162   350 12367    52   58.73   58.51
c rst  geom  svd   vs    55 12862    3012 18877  1646    3.97    3.81   162   350 12543    53   58.54   58.31
c rst  geom  svd   vs    56 13056    3012 18877  1646    3.97    3.81   162   350 12737    53   58.40   58.18
c rst  geom  svd   vs    57 13269    3012 18877  1646    3.97    3.81   162   350 12950    53   58.12   57.90
c rst  geom  svd   vs    58 13503    3012 18877  1646    3.97    3.81   162   350 13184    53   57.68   57.46
c rst  geom  svd   vs    59 13761    3012 18877  1646    3.97    3.81   162   350 13442    53   57.17   56.97
c rst  geom  svd   vs    60 14044    3012 18877  1646    3.97    3.81   163   350 13724    53   56.84   56.64
c rst  geom  svd   vs    61 14355    3012 18877  1646    3.97    3.81   163   350 14035    53   56.55   56.35
c rst  geom  svd   vs    62 14696    3012 18877  1646    3.97    3.81   163   350 14375    54   56.08   55.89
c rst  geom  svd   vs    63 15070    3012 18877  1646    3.97    3.81   183   888 13605    54   53.52   53.33
c rst  geom  svd   vs    64 15481    3012 18877  1646    3.97    3.81   183   888 14015    55   52.90   52.71
c rst  geom  svd   vs    65 15931    3012 18877  1646    3.97    3.81   183   888 14465    55   52.10   51.92
c rst  geom  svd   vs    66 16425    3012 18877  1646    3.97    3.81   183   888 14958    56   51.34   51.17
c rst  geom best   vs    67 16969    3012 18877  1646    3.97    3.81   183   888 15502    56   51.54   51.37
c rst  geom best   vs    68 17567    3012 18877  1646    3.97    3.81   184   893 16093    57   51.58   51.41
c rst  geom best   vs    69 18224    3012 18877  1646    3.97    3.81   184   893 16749    58   51.36   51.20
c [branch] adjusting to: vmtf (from: vsid) var_decay:0.95 descr: VMTF
c rst  luby best  vmt    70 18326    3012 18877  1646    3.97    3.81   192   901 16831    62   51.37   51.20
c rst  luby best  vmt    71 18428    3012 18877  1646    3.97    3.81   194   903 16929    62   51.82   51.64
c rst  luby best  vmt    72 18632    3012 18877  1646    3.97    3.81   200   913 17113    66   52.02   51.84
c rst  luby best  vmt    73 18735    3012 18877  1646    3.97    3.81   205   915 17209    66   52.05   51.87
c rst  luby best  vmt    74 18838    3012 18877  1646    3.97    3.81   207   917 17308    66   52.18   52.00
c rst  luby best  vmt    75 19040    3012 18877  1646    3.97    3.81   211   919 17500    70   52.85   52.66
c rst  luby best  vmt    76 19441    3012 18877  1646    3.97    3.81   217   921 17892    71   53.20   53.01
c rst  luby best  vmt    77 19544    3012 18877  1646    3.97    3.81   221   922 17990    71   53.27   53.08
c rst  luby best  vmt    78 19645    3012 18877  1646    3.97    3.81   224   923 18086    72   53.22   53.03
c rst  luby best  vmt    79 19846    3012 18877  1646    3.97    3.81   226   931 18277    72   53.23   53.04
c rst  luby best  vmt    80 19947    3012 18877  1646    3.97    3.81   228   932 18374    73   53.30   53.11
c rst  luby best  vmt    81   20K    3012 18877  1646    3.97    3.81   284   882 18468    74   53.37   53.18
c [full-probe]  bin_only: 1 set: 0 repl: 0 T: 0.01 T-out: N T-r: 99.75%
c rst  luby best  vmt    82   20K    3012 18877  1646    3.97    3.81   288   889 18660    82   53.48   53.27
c rst  luby best  vmt    83   20K    3012 18877  1646    3.97    3.81   300   909 19028    84   53.79   53.57
c [distill-long-red0] cls tried: 266/266 T: 0.02 T-out: N T-r: 99.59%
c [distill-long-red1] cls tried: 30/889 T: 0.01 T-out: Y T-r: -3.81%
c rst  luby best  vmt    84   21K    3012 18877  1646    3.97    3.81   296   917 19814    95   53.62   53.39
c rst  luby best  vmt    85   21K    3012 18877  1646    3.97    3.81   298   920 19910    96   53.70   53.47
c rst  luby best  vmt    86   21K    3012 18877  1646    3.97    3.81   300   920   20K    97   53.88   53.65
c rst  luby  stb  vmt    87   21K    3012 18877  1646    3.97    3.81   305   927   20K    97   54.37   54.13
c rst  luby  stb  vmt    88   21K    3012 18877  1646    3.97    3.81   308   929   20K    97   54.54   54.30
c rst  luby  stb  vmt    89   22K    3012 18877  1646    3.97    3.81   309   932   20K    97   54.62   54.39
c rst  luby  stb  vmt    90   22K    3012 18877  1646    3.97    3.81   310   935   20K    97   54.84   54.61
c rst  luby  stb  vmt    91   22K    3012 18877  1646    3.97    3.81   316   944   20K    97   55.12   54.89
c rst  luby  stb  vmt    92   22K    3012 18877  1646    3.97    3.81   318   946   21K    97   55.12   54.89
c rst  luby  stb  vmt    93   22K    3012 18877  1646    3.97    3.81   318   946   21K    97   55.10   54.87
c rst  luby  stb  vmt    94   23K    3012 18877  1646    3.97    3.81   323   946   21K    97   55.15   54.93
c rst  luby  stb  vmt    95   23K    3012 18877  1646    3.97    3.81   325   946   21K    98   55.20   54.97
c rst  luby  stb  vmt    96   23K    3012 18877  1646    3.97    3.81   325   949   21K    98   55.26   55.03
c rst  luby  stb  vmt    97   23K    3012 18877  1646    3.97    3.81   329   961   21K    98   55.30   55.07
c rst  luby  stb  vmt    98   23K    3012 18877  1646    3.97    3.81   333   975   22K    98   55.21   54.99
c rst  luby  stb  vmt    99   24K    3012 18877  1646    3.97    3.81   342  1010   22K    98   56.04   55.82
c rst  luby  stb  vmt   100   26K    3012 18877  1646    3.97    3.81   350  1041   24K    98   56.67   56.46
c [branch] adjusting to: vsid (from: vmtf) var_decay:0.95 descr: VSIDS
c [distill] watch-based irred--  cl tried     1569 cl-sh     0 cl-rem    5 lit-rem      0 T: 0.00 T-out: N
c [distill] watch-based   red--  cl tried      699 cl-sh    15 cl-rem    1 lit-rem     17 T: 0.00 T-out: N
c rst  geom  stb   vs   101   26K    3012 18870  1653    3.97    3.81   348  1041   24K    94   56.65   56.46
c rst  geom  stb   vs   102   26K    3012 18870  1653    3.97    3.81   348  1041   24K    94   56.54   56.34
c rst  geom  stb   vs   103   26K    3012 18870  1653    3.97    3.81   348  1041   24K    94   56.39   56.19
c rst  geom  stb   vs   104   26K    3012 18870  1653    3.97    3.81   348  1041   24K    94   56.31   56.12
c rst  geom  stb   vs   105   26K    3012 18870  1653    3.97    3.81   349  1041   25K    94   56.24   56.05
c rst  geom ibes   vs   106   27K    3012 18870  1653    3.97    3.81   349  1041   25K    94   56.05   55.86
c rst  geom ibes   vs   107   27K    3012 18870  1653    3.97    3.81   349  1041   25K    94   55.85   55.66
c rst  geom ibes   vs   108   27K    3012 18870  1653    3.97    3.81   349  1041   25K    94   55.56   55.37
c rst  geom ibes   vs   109   27K    3012 18870  1653    3.97    3.81   349  1041   25K    94   55.23   55.05
c rst  geom ibes   vs   110   28K    3012 18870  1653    3.97    3.81   349  1041   26K    94   54.87   54.69
c rst  geom ibes   vs   111   28K    3012 18870  1653    3.97    3.81   349  1041   26K    94   54.49   54.31
c rst  geom ibes   vs   112   28K    3012 18870  1653    3.97    3.81   349  1041   26K    94   54.06   53.89
c rst  geom ibes   vs   113   28K    3012 18870  1653    3.97    3.81   349  1041   27K    94   53.62   53.45
c rst  geom ibes   vs   114   29K    3012 18870  1653    3.97    3.81   349  1041   27K    94   53.15   52.99
c rst  geom ibes   vs   115   29K    3012 18870  1653    3.97    3.81   349  1041   27K    94   52.64   52.47
c rst  geom ibes   vs   116   30K    3012 18870  1653    3.97    3.81   516  1298   24K    94   50.82   50.65
c rst  geom ibes   vs   117   30K    3012 18870  1653    3.97    3.81   516  1298   25K    94   50.21   50.04
c rst  geom ibes   vs   118   31K    3012 18870  1653    3.97    3.81   516  1298   25K    94   49.57   49.41
c rst  geom ibes   vs   119   31K    3012 18870  1653    3.97    3.81   516  1298   26K    94   48.89   48.74
c rst  geom ibes   vs   120   32K    3012 18870  1653    3.97    3.81   516  1298   26K    94   48.17   48.02
c [distill-bin] useful: 0/1653/1653 lits-rem: 0 cl-rem: 0 0-depth-assigns: 0 T: 0.02 T-out: N
c rst  geom  svd   vs   121   33K    3012 18870  1653    3.97    3.81   516  1298   27K    94   47.82   47.67
c rst  geom  svd   vs   122   34K    3012 18870  1653    3.97    3.81   516  1298   28K    94   47.49   47.35
c [branch] adjusting to: vmtf (from: vsid) var_decay:0.95 descr: VMTF
c rst  luby  svd  vmt   123   34K    3012 18870  1653    3.97    3.81   516  1300   28K    94   47.55   47.41
c rst  luby  svd  vmt   124   34K    3012 18870  1653    3.97    3.81   519  1300   28K    94   47.62   47.48
c rst  luby  svd  vmt   125   34K    3012 18870  1653    3.97    3.81   519  1302   28K    95   47.71   47.57
c rst  luby  svd  vmt   126   34K    3012 18870  1653    3.97    3.81   521  1305   28K    95   47.72   47.58
c rst  luby  svd  vmt   127   34K    3012 18870  1653    3.97    3.81   521  1307   29K    95   47.79   47.65
c rst  luby  svd  vmt   128   34K    3012 18870  1653    3.97    3.81   522  1317   29K    95   47.90   47.76
c rst  luby  svd  vmt   129   35K    3012 18870  1653    3.97    3.81   527  1329   29K    97   48.05   47.91
c rst  luby  svd  vmt   130   35K    3012 18870  1653    3.97    3.81   527  1331   29K    97   48.11   47.96
c rst  luby  svd  vmt   131   35K    3012 18870  1653    3.97    3.81   527  1334   29K    97   48.14   48.00
c rst  luby  svd  vmt   132   35K    3012 18870  1653    3.97    3.81   528  1339   30K    97   48.13   47.99
c rst  luby  svd  vmt   133   35K    3012 18870  1653    3.97    3.81   529  1342   30K    97   48.11   47.97
c [distill-long-red0] cls tried: 241/241 T: 0.02 T-out: N T-r: 99.43%
c [distill-long-red1] cls tried: 28/1293 T: 0.02 T-out: Y T-r: -4.45%
c rst  luby  svd  vmt   134   35K    3012 18870  1653    3.97    3.81   526  1344   30K   100   47.98   47.84
c rst  luby  svd  vmt   135   36K    3012 18870  1653    3.97    3.81   526  1347   30K   100   48.16   48.02
c rst  luby  svd  vmt   136   36K    3012 18870  1653    3.97    3.81   530  1354   30K   100   48.33   48.19
c rst  luby  svd  vmt   137   37K    3012 18870  1653    3.97    3.81   535  1365   31K   100   48.54   48.40
c rst  luby  svd  vmt   138   37K    3012 18870  1653    3.97    3.81   535  1365   31K   100   48.54   48.40
c ------- FINAL TOTAL SEARCH STATS ---------
c UIP search time          : 3.02        (99.79     % time)
c All times are for this thread only except if explicitly specified
c restarts                 : 138         (269.84    confls per restart)
c blocked restarts         : 0           (0.00      per normal restart)
c time                     : 3.02        
c decisions                : 45257       (0.00      % random)
c propagations             : 6740K       (2232K     props/s)
c decisions/conflicts      : 1.22        
c conflicts                : 37238       
c LEARNT stats
c units learnt             : 0           (0.00      % of conflicts)
c bins learnt              : 85          (0.23      % of conflicts)
c long learnt              : 37405       (100.45    % of conflicts)
c red which0               : 207         (0.56      % of confl)
c SEAMLESS HYPERBIN&TRANS-RED stats
c advProp called           : 0           
c hyper-bin add bin        : 0           (0.00      bin/call)
c trans-red rem irred bin  : 0           (0.00      bin/call)
c trans-red rem red bin    : 0           (0.00      bin/call)
c CONFL LITS stats
c orig                     : 9024035     (242.33    lit/confl)
c recurs-min effective     : 34913       (93.76     % attempt successful)
c recurs-min lits          : 7125425     (78.96     % less overall)
c permDiff call%           : 2.57        (0.00      % attempt successful)
c permDiff lits-rem        : 0           (0.00      less lits/cl on attempts)
c further-min call%        : 0.02        (75.00     % attempt successful)
c bintri-min lits          : 9           (0.00      % less overall)
c final avg                : 50.99       
c all-threads sum CPU time : 3.02         s
c PROP stats
c Mbogo-props              : 23.90       (7.91      / sec)
c MHyper-props             : 0.00        (0.00      / sec)
c Mprops                   : 6.74        (2.23      / sec)
c -------- OccSimplifier STATS ----------
c time                     : 0.00        (0.00      % var-elim)
c called                   : 0           (0.00      s per call)
c 0-depth assigns          : 0           (0.00      % vars)
c -------- OccSimplifier STATS END ----------
c -------- SubsumeStrengthen STATS ----------
c cl-subs                  : 0            Clauses
c cl-str rem lit           : 0            Lits
c cl-sub T                 : 0.00         s
c cl-str T                 : 0.00         s
c -------- SubsumeStrengthen STATS END ----------
c ----- SCC STATS --------
c time                     : 0.00        (0.00      per call)
c called                   : 0           (0.00      new found per call)
c found                    : 0           (0.00      % of all found)
c bogoprops                : 0           % of all found
c ----- SCC STATS END --------
c --------- VAR REPLACE STATS ----------
c time                     : 0.00        (0.00      per call)
c trees' crown             : 0           (0.00      % of vars)
c 0-depth assigns          : 0           (0.00      % vars)
c lits replaced            : 0           
c bin cls removed          : 0           
c long cls removed         : 0           
c long lits removed        : 0           
c bogoprops                : 0           
c --------- VAR REPLACE STATS END ----------
c vrep replace time        : 0.00        (0.00      % time)
c vrep tree roots          : 0           
c vrep trees' crown        : 0           (0.00      leafs/tree)
c -------- DISTILL-BIN STATS --------
c time                     : 0.02        (0.01      per call)
c timed out                : 0           (0.00      % of calls)
c distill/checked/potential: 0          /3310/3310
c lits-rem                 : 0           
c 0-depth-assigns          : 0           (0.00      % of vars)
c -------- DISTILL STATS END --------
c -------- STRENGTHEN STATS --------
c --> watch-based on irred cls
c time                     : 0.00        (0.00      s/call)
c shrinked/tried/total     : 0          /1569/37745
c subsumed/tried/total     : 5          /1569/37745
c lits-rem                 : 0           (0.00      % of lits tried)
c called                   : 2           (0.00      % ran out of time)
c --> watch-based on red cls
c time                     : 0.00        (0.00      s/call)
c shrinked/tried/total     : 15         /699/699
c subsumed/tried/total     : 1          /699/699
c lits-rem                 : 17          (0.53      % of lits tried)
c called                   : 2           (0.00      % ran out of time)
c -------- STRENGTHEN STATS END --------
c -------- IMPLICIT SUB  STATS --------
c time                     : 0.00        (0.00      per call)
c timed out                : 0           (0.00      % of calls)
c rem bins                 : 0           
c -------- IMPLICIT SUB STATS END --------
c Mem used                 : 19          MB
c Mem for longclauses      : 10          MB (56.25     %)
c Mem for watch alloc      : 3           MB (15.59     %)
c Mem for watch array      : 0           MB (0.97      %)
c Mem for assings&vardata  : 0           MB (0.39      %)
c Mem for search&solve     : 0           MB (0.99      %)
c Mem for renumberer       : 0           MB (0.14      %)
c Mem for occsimplifier    : 0           MB (0.00      %)
c Mem for varReplacer&SCC  : 0           MB (0.06      %)
c Mem for impl subsume     : 0           MB (0.00      %)
c Mem for 3 distills       : 0           MB (0.00      %)
c Accounted for mem (rss)  : 74.41       %
c Accounted for mem (vm)   : 63.57       %
c restarts                 : 138         (269.84    confls per restart)
c blocked restarts         : 0           (0.00      per normal restart)
c time                     : 3.02        
c decisions                : 45257       (0.00      % random)
c propagations             : 6740K       (2232K     props/s)
c decisions/conflicts      : 1.22        
c conflicts                : 37238       
c conf lits non-minim      : 9024035     (242.33    lit/confl)
c conf lits final          : 50.99       
c red which0               : 207         (0.56      % of confl)
c props/decision           : 0.00        
c props/conflict           : 0.00        
c 0-depth assigns          : 2           (0.07      % vars)
c 0-depth assigns by CNF   : 2           (0.07      % vars)
c reduceDB time            : 0.00        (0.10      % time)
c OccSimplifier time       : 0.00        (0.00      % time)
c [occur] 0.00 is overhead
c [occur] link-in T: 0.00 cleanup T: 0.00
c [occ-substr] long subBySub: 0 subByStr: 0 lits-rem-str: 0 T: 0.00
c SCC time                 : 0.00        (0.00      % time)
c [scc] new: 0 BP 0M  T: 0.00
c vrep replace time        : 0.00        (0.00      % time)
c vrep tree roots          : 0           
c vrep trees' crown        : 0           (0.00      leafs/tree)
c distill long time        : 0.07        (2.29      % time)
c distill bin time         : 0.02        (0.79      % time)
c strength cache-irred time: 0.00        (0.03      % time)
c strength cache-red time  : 0.00        (0.03      % time)
c avg cls in red 0         : 242.23      
c avg cls in red 1         : 725.18      
c avg cls in red 2         : 16788.37    
c Conflicts in UIP         : 37238       (12306.48  confl/time_this_thread)
c Max Memory (rss) used    : 19812 kB    
c Total time (this thread) : 3.03        
s SATISFIABLE
v -1 -2 3 -4 -5 -6 7 8 -9 10 11 -12 13 -14 -15 16 17 18 -19 -20 -21 -22 -23 -24 
v -25 -26 -27 -28 -29 -30 31 32 -33 34 35 -36 -37 -38 -39 -40 -41 -42 -43 -44 
v -45 -46 -47 -48 -49 -50 -51 -52 -53 -54 -55 -56 -57 -58 -59 -60 -61 -62 -63 
v -64 -65 -66 67 -68 -69 70 71 72 -73 -74 -75 -76 -77 -78 -79 -80 -81 -82 -83 
v -84 -85 -86 -87 -88 -89 -90 91 -92 -93 94 95 96 97 -98 -99 100 101 102 -103 
v -104 -105 -106 -107 -108 109 -110 -111 112 113 114 115 -116 -117 118 119 120 
v -121 -122 -123 -124 -125 -126 -127 -128 -129 -130 -131 -132 -133 -134 -135 
v -136 -137 -138 -139 -140 -141 -142 -143 -144 -145 -146 -147 -148 -149 -150 
v -151 -152 -153 -154 -155 -156 -157 -158 -159 -160 -161 -162 -163 -164 -165 
v -166 -167 -168 -169 -170 -171 -172 -173 -174 -175 -176 -177 -178 -179 -180 
v -181 -182 -183 -184 -185 -186 -187 -188 -189 -190 -191 -192 -193 -194 -195 
v -196 -197 -198 199 -200 -201 202 203 204 205 -206 -207 208 209 210 -211 -212 
v -213 -214 -215 -216 217 -218 -219 220 221 222 223 -224 -225 226 227 228 -229 
v -230 -231 -232 -233 -234 -235 -236 -237 -238 -239 -240 -241 -242 -243 -244 
v -245 -246 -247 -248 -249 -250 -251 -252 -253 -254 -255 -256 -257 -258 -259 
v -260 -261 -262 -263 -264 -265 -266 -267 -268 -269 -270 -271 -272 -273 -274 
v -275 -276 -277 -278 -279 -280 -281 -282 -283 -284 -285 -286 -287 -288 -289 
v -290 -291 -292 -293 -294 -295 -296 -297 -298 -299 -300 -301 -302 -303 -304 
v -305 -306 -307 -308 -309 -310 -311 -312 -313 -314 -315 -316 -317 -318 -319 
v -320 -321 -322 -323 -324 -325 -326 -327 -328 -329 -330 -331 -332 -333 -334 
v -335 -336 -337 -338 -339 -340 -341 -342 -343 344 345 -346 -347 348 349 350 
v -351 352 353 -354 -355 356 -357 358 -359 -360 -361 362 363 -364 -365 366 -367 
v -368 -369 -370 371 -372 -373 -374 -375 -376 -377 -378 -379 -380 -381 -382 
v -383 -384 -385 -386 -387 -388 -389 -390 -391 -392 -393 394 395 -396 -397 398 
v -399 -400 -401 -402 403 -404 -405 -406 -407 -408 -409 410 411 -412 -413 414 
v -415 -416 -417 -418 419 -420 -421 -422 -423 -424 -425 -426 -427 -428 -429 
v -430 -431 -432 -433 -434 -435 -436 -437 -438 -439 -440 -441 -442 -443 -444 
v -445 -446 -447 -448 -449 -450 -451 -452 -453 -454 -455 -456 -457 458 459 -460 
v -461 462 -463 -464 -465 -466 467 -468 -469 -470 -471 -472 -473 474 475 -476 
v -477 478 -479 -480 -481 -482 483 -484 -485 -486 -487 -488 -489 490 491 -492 
v -493 494 -495 -496 -497 -498 499 -500 -501 -502 -503 -504 -505 -506 -507 -508 
v -509 -510 -511 -512 -513 -514 -515 -516 -517 -518 -519 -520 -521 522 523 -524 
v -525 526 -527 -528 -529 -530 531 -532 -533 -534 -535 -536 -537 538 539 -540 
v -541 542 -543 -544 -545 -546 547 -548 -549 -550 -551 -552 -553 -554 -555 -556 
v -557 -558 -559 -560 -561 -562 -563 -564 -565 -566 -567 -568 -569 -570 -571 
v -572 -573 -574 -575 -576 -577 -578 -579 -580 -581 -582 -583 -584 -585 586 587 
v -588 -589 590 -591 -592 -593 -594 595 -596 -597 -598 -599 -600 -601 -602 -603 
v -604 -605 -606 -607 -608 -609 -610 -611 -612 -613 -614 -615 -616 -617 618 619 
v -620 -621 622 -623 -624 -625 -626 627 -628 -629 -630 -631 -632 -633 -634 -635 
v -636 -637 -638 -639 -640 -641 -642 -643 -644 -645 -646 -647 -648 -649 -650 
v -651 -652 -653 -654 -655 -656 -657 -658 -659 -660 -661 -662 -663 -664 -665 
v -666 -667 -668 -669 -670 -671 -672 -673 -674 -675 -676 677 -678 -679 680 -681 
v -682 -683 -684 685 -686 -687 -688 -689 -690 -691 692 -693 -694 -695 -696 697 
v -698 -699 -700 -701 -702 -703 -704 -705 -706 -707 -708 -709 -710 -711 -712 
v -713 -714 -715 -716 -717 -718 -719 -720 -721 -722 -723 -724 -725 -726 727 
v -728 -729 -730 -731 -732 -733 -734 -735 -736 -737 -738 -739 -740 -741 -742 
v -743 -744 -745 -746 -747 -748 -749 -750 -751 -752 -753 -754 -755 -756 -757 
v -758 -759 -760 -761 -762 -763 -764 -765 -766 -767 768 769 770 771 772 773 774 
v 775 776 777 778 779 780 781 782 783 784 785 786 787 788 789 790 791 792 793 
v 794 0
c [g 0] truth-find prop checks  : 703K
c [g 0] -> of which prop        : 38.18 %
c [g 0] -> of which confl       :  3.12 %
c [g 0] elim called             : 129K
c [g 0] ---> which lead to prop :  8.91 %
c [g 0] ---> which lead to confl:  0.69 %
c [g 0] size: 50    x 765  

real	0m3.072s
user	0m3.027s
sys	0m0.012s
