c BreakID not compiled in, disabling
c CryptoMiniSat version 5.11.19
c CMS Copyright (C) 2009-2020 Authors of CryptoMiniSat, see AUTHORS file
c CMS SHA revision b80e09ebd7703fc13b987401d693d7d406a50441
c Using VMTF code by Armin Biere from CaDiCaL
c Using Yalsat by Armin Biere, see Balint et al. Improving implementation of SLS solvers [...], SAT'14
c Using WalkSAT by Henry Kautz, see Kautz and Selman Pushing the envelope: planning, propositional logic, and stochastic search, AAAI'96,
c CMS is MIT licensed
c Using code from 'When Boolean Satisfiability Meets Gauss-E. in a Simplex Way'
c       by C.-S. Han and J.-H. Roland Jiang in CAV 2012. Fixes by M. Soos
c Using CCAnr from 'CCAnr: A Conf. Checking Based Local Search Solver [...]'
c       by Shaowei Cai, Chuan Luo, and Kaile Su, SAT 2015
c CMS compilation env CMAKE_CXX_COMPILER = /usr/bin/c++ | CMAKE_CXX_FLAGS =  -fvisibility=hidden -Wall -Wextra -Wunused -Wsign-compare -fno-omit-frame-pointer -Wtype-limits -Wuninitialized -Wno-deprecated -Wstrict-aliasing -Wpointer-arith -Wpointer-arith -Wformat-nonliteral -Winit-self -Wparentheses -Wunreachable-code -g -Wno-class-memaccess -mpopcnt -msse4.2 -ggdb3 -Wlogical-op -Wrestrict -Wnull-dereference -Wdouble-promotion -Wshadow -Wformat=2 -Wextra-semi -pedantic | COMPILE_DEFINES =  -DRDB0_ONLY_FEATURES -DUSE_ZLIB -DYALSAT_FPU | STATICCOMPILE = OFF | ONLY_SIMPLE =  | STATS = OFF | SQLITE3_FOUND =  | ZLIB_FOUND = TRUE | VALGRIND_FOUND =  | ENABLE_TESTING = OFF | SLOW_DEBUG = OFF | ENABLE_ASSERTIONS = ON | PYTHON_EXECUTABLE =  | PYTHON_LIBRARY =  | PYTHON_INCLUDE_DIRS =  | MY_TARGETS =  | LARGEMEM = OFF | LIMITMEM = OFF | BREAKID_LIBRARIES =  | BREAKID-VER = . | BOSPHORUS_LIBRARIES =  | BOSPH-VER = . | compilation date time = Jul 13 2026 14:05:03
c CMS compiled with gcc version 11.5.0 20240719 (Red Hat 11.5.0-5)
c Executed with command line: ./cryptominisat5 ./instancesBreak/IC_S4/Xn19l6-14-S.dimacs_break.cnf
c Reading file './instancesBreak/IC_S4/Xn19l6-14-S.dimacs_break.cnf'
c -- header says num vars:            794
c -- header says num clauses:        2496
c -- clauses added: 2444
c -- xor clauses added: 52
c -- vars added 794
c Parsing time: 0.00 s
c [find&init matx] performing matrix init
c [gauss] XOR-encoding clauses are not detached, so no need to reattach them.
c [xor-rem-unconnected] left with 50 xors from 50 non-empty xors T: 0.00
c [xor-together] xored together: 0 orig xors: 50 new xors: 50 T: 0.00
c [xor-rem-unconnected] left with 50 xors from 50 non-empty xors T: 0.00
c [xor-clean-equiv] removed equivalent xors: 0 left with: 50
c [matrix] unused xors from cleaning: 0
c [matrix] Good   matrix  0     50 x  765  density:0.1141  xorlen avg: 87.32
c [matrix] Using 1 matrices recovered from 0 xors T: 0.00 T-out: N
c [branch] adjusting to: vsid (from: vsid) var_decay:0.95 descr: VSIDS
c rst  geom  stb   vs     1   111    2884 17853  1657    3.96    3.80     0    27    73    11  166.53  150.23
c rst  geom  stb   vs     2   233    2884 17853  1657    3.96    3.80     4    50   168    11  120.35  114.76
c  res  pol bran  nres  conf freevar  IrrL  IrrB l/longC  l/allC RedL0 RedL1 RedL2  RedB l/longC  l/allC
c rst  geom  stb   vs     3   368    2884 17853  1657    3.96    3.80     4    52   300    12  105.83  102.44
c rst  geom  stb   vs     4   515    2884 17853  1657    3.96    3.80     4    52   447    12   92.82   90.70
c rst  geom  stb   vs     5   676    2884 17853  1657    3.96    3.80     4    52   606    14   82.21   80.55
c rst  geom  stb   vs     6   854    2884 17853  1657    3.96    3.80     4    52   784    14   78.30   77.04
c rst  geom  stb   vs     7  1049    2884 17853  1657    3.96    3.80     4    52   979    14   78.67   77.64
c rst  geom  stb   vs     8  1263    2884 17853  1657    3.96    3.80     4    52  1192    15   79.44   78.52
c rst  geom  stb   vs     9  1498    2884 17853  1657    3.96    3.80     4    52  1426    16   76.72   75.92
c rst  geom  stb   vs    10  1755    2884 17853  1657    3.96    3.80     4    52  1683    16   75.71   75.04
c rst  geom  stb   vs    11  2037    2884 17853  1657    3.96    3.80     4    52  1965    16   73.47   72.91
c rst  geom  stb   vs    12  2348    2884 17853  1657    3.96    3.80     4    52  2276    16   75.47   74.96
c rst  geom  stb   vs    13  2688    2884 17853  1657    3.96    3.80     4    52  2611    21   74.09   73.52
c rst  geom  stb   vs    14  3061    2884 17853  1657    3.96    3.80     4    52  2984    21   73.99   73.49
c rst  geom  stb   vs    15  3472    2884 17853  1657    3.96    3.80     4    52  3394    22   72.59   72.15
c rst  geom  stb   vs    16  3923    2884 17853  1657    3.96    3.80     4    52  3845    22   71.74   71.35
c rst  geom  stb   vs    17  4418    2884 17853  1657    3.96    3.80     5    55  4336    22   72.13   71.78
c rst  geom  stb   vs    18  4962    2884 17853  1657    3.96    3.80     5    55  4880    22   69.58   69.28
c rst  geom  stb   vs    19  5559    2884 17853  1657    3.96    3.80     5    55  5477    22   66.90   66.64
c [branch] adjusting to: vmtf (from: vsid) var_decay:0.95 descr: VMTF
c [distill-long-red0] cls tried: 5/5 T: 0.00 T-out: N T-r: 100.00%
c [distill-long-red1] cls tried: 55/55 T: 0.00 T-out: N T-r: 95.98%
c rst  luby ibes  vmt    20  5660    2884 17853  1657    3.96    3.80    15    76  5545    24   66.09   65.82
c rst  luby ibes  vmt    21  5762    2884 17853  1657    3.96    3.80    17   104  5619    25   65.76   65.48
c rst  luby ibes  vmt    22  5964    2884 17853  1657    3.96    3.80    18   115  5809    25   65.14   64.88
c rst  luby ibes  vmt    23  6066    2884 17853  1657    3.96    3.80    18   118  5908    25   64.63   64.37
c rst  luby ibes  vmt    24  6168    2884 17853  1657    3.96    3.80    18   121  6007    25   64.36   64.11
c rst  luby ibes  vmt    25  6370    2884 17853  1657    3.96    3.80    20   143  6203    25   63.16   62.92
c rst  luby ibes  vmt    26  6771    2884 17853  1657    3.96    3.80    25   167  6574    26   62.99   62.75
c rst  luby ibes  vmt    27  6873    2884 17853  1657    3.96    3.80    25   170  6673    26   62.83   62.60
c rst  luby ibes  vmt    28  6974    2884 17853  1657    3.96    3.80    25   173  6771    26   62.48   62.26
c rst  luby ibes  vmt    29  7175    2884 17853  1657    3.96    3.80    26   180  6994    26   61.74   61.52
c rst  luby ibes  vmt    30  7278    2884 17853  1657    3.96    3.80    27   184  7092    26   61.38   61.17
c rst  luby ibes  vmt    31  7380    2884 17853  1657    3.96    3.80    27   185  7193    26   61.12   60.92
c rst  luby ibes  vmt    32  7581    2884 17853  1657    3.96    3.80    28   205  7392    26   60.61   60.41
c rst  luby ibes  vmt    33  7982    2884 17853  1657    3.96    3.80    31   220  7788    26   59.21   59.02
c rst  luby ibes  vmt    34  8783    2884 17853  1657    3.96    3.80    34   323  8568    27   57.25   57.08
c rst  luby ibes  vmt    35  8884    2884 17853  1657    3.96    3.80    35   336  8655    27   57.05   56.89
c rst  luby ibes  vmt    36  8986    2884 17853  1657    3.96    3.80    36   338  8755    27   56.92   56.75
c rst  luby ibes  vmt    37  9187    2884 17853  1657    3.96    3.80    38   347  8949    27   56.64   56.48
c rst  luby ibes  vmt    38  9288    2884 17853  1657    3.96    3.80    39   350  9047    27   56.39   56.23
c rst  luby ibes  vmt    39  9389    2884 17853  1657    3.96    3.80    40   353  9145    27   56.12   55.96
c rst  luby ibes  vmt    40  9590    2884 17853  1657    3.96    3.80    41   365  9333    27   55.94   55.79
c rst  luby ibes  vmt    41  9992    2884 17853  1657    3.96    3.80    44   380  9748    27   55.86   55.72
c rst  luby ibes  vmt    42 10093    2884 17853  1657    3.96    3.80   149   280  9844    27   55.69   55.55
c rst  luby ibes  vmt    43 10194    2884 17853  1657    3.96    3.80   150   288  9936    27   55.53   55.39
c rst  luby ibes  vmt    44 10395    2884 17853  1657    3.96    3.80   150   303 10128    27   55.52   55.39
c rst  luby ibes  vmt    45 10496    2884 17853  1657    3.96    3.80   150   306 10227    27   55.69   55.55
c rst  luby ibes  vmt    46 10597    2884 17853  1657    3.96    3.80   151   312 10321    27   55.51   55.38
c rst  luby ibes  vmt    47 10798    2884 17853  1657    3.96    3.80   151   325 10509    27   55.54   55.40
c rst  luby  svd  vmt    48 11199    2884 17853  1657    3.96    3.80   160   334 10888    31   55.93   55.78
c rst  luby  svd  vmt    49 12001    2884 17853  1657    3.96    3.80   165   377 11642    31   55.80   55.66
c [branch] adjusting to: vsid (from: vmtf) var_decay:0.95 descr: VSIDS
c [distill-bin] useful: 11/1657/1657 lits-rem: 0 cl-rem: 11 0-depth-assigns: 0 T: 0.01 T-out: N
c rst  geom  svd   vs    50 12113    2884 17853  1646    3.96    3.80   165   377 11754    31   55.67   55.53
c rst  geom  svd   vs    51 12235    2884 17853  1646    3.96    3.80   165   377 11876    31   55.39   55.26
c rst  geom  svd   vs    52 12370    2884 17853  1646    3.96    3.80   166   377 12010    31   55.07   54.94
c rst  geom  svd   vs    53 12518    2884 17853  1646    3.96    3.80   166   377 12158    31   54.70   54.58
c rst  geom  svd   vs    54 12680    2884 17853  1646    3.96    3.80   166   377 12320    31   54.34   54.21
c rst  geom  svd   vs    55 12858    2884 17853  1646    3.96    3.80   166   377 12498    31   53.93   53.81
c rst  geom  svd   vs    56 13052    2884 17853  1646    3.96    3.80   166   377 12692    31   53.60   53.48
c rst  geom  svd   vs    57 13266    2884 17853  1646    3.96    3.80   166   377 12906    31   53.17   53.05
c rst  geom  svd   vs    58 13500    2884 17853  1646    3.96    3.80   166   377 13140    31   52.70   52.59
c rst  geom  svd   vs    59 13758    2884 17853  1646    3.96    3.80   166   377 13398    31   52.19   52.07
c rst  geom  svd   vs    60 14041    2884 17853  1646    3.96    3.80   166   377 13681    31   51.67   51.56
c rst  geom  svd   vs    61 14351    2884 17853  1646    3.96    3.80   166   377 13991    31   51.23   51.12
c rst  geom  svd   vs    62 14692    2884 17853  1646    3.96    3.80   169   378 14328    31   50.84   50.74
c rst  geom  svd   vs    63 15065    2884 17853  1646    3.96    3.80   180   946 14122    31   50.31   50.22
c rst  geom  svd   vs    64 15476    2884 17853  1646    3.96    3.80   180   946 14533    31   49.59   49.50
c rst  geom  svd   vs    65 15926    2884 17853  1646    3.96    3.80   180   946 14982    32   48.94   48.85
c rst  geom  svd   vs    66 16421    2884 17853  1646    3.96    3.80   180   946 15477    32   48.36   48.27
c rst  geom best   vs    67 16964    2884 17853  1646    3.96    3.80   180   946 16020    32   49.29   49.20
c rst  geom best   vs    68 17561    2884 17853  1646    3.96    3.80   180   946 16617    32   49.74   49.65
c rst  geom best   vs    69 18218    2884 17853  1646    3.96    3.80   180   946 17274    32   49.47   49.39
c [branch] adjusting to: vmtf (from: vsid) var_decay:0.95 descr: VMTF
c rst  luby best  vmt    70 18319    2884 17853  1646    3.96    3.80   182   947 17370    34   49.97   49.88
c rst  luby best  vmt    71 18422    2884 17853  1646    3.96    3.80   185   949 17462    40   50.27   50.17
c rst  luby best  vmt    72 18623    2884 17853  1646    3.96    3.80   202   954 17636    45   50.59   50.47
c rst  luby best  vmt    73 18725    2884 17853  1646    3.96    3.80   202   956 17736    45   50.72   50.60
c rst  luby best  vmt    74 18828    2884 17853  1646    3.96    3.80   202   958 17837    45   50.83   50.72
c rst  luby best  vmt    75 19029    2884 17853  1646    3.96    3.80   205   964 18028    46   50.83   50.71
c rst  luby best  vmt    76 19430    2884 17853  1646    3.96    3.80   210   973 18412    49   51.54   51.41
c rst  luby best  vmt    77 19531    2884 17853  1646    3.96    3.80   211   974 18509    51   51.64   51.51
c rst  luby best  vmt    78 19633    2884 17853  1646    3.96    3.80   213   975 18607    52   51.67   51.54
c rst  luby best  vmt    79 19835    2884 17853  1646    3.96    3.80   214   976 18807    52   51.75   51.62
c rst  luby best  vmt    80 19937    2884 17853  1646    3.96    3.80   220   978 18900    53   51.73   51.60
c rst  luby best  vmt    81   20K    2884 17853  1646    3.96    3.80   292   909 18999    53   51.81   51.68
c [full-probe]  bin_only: 1 set: 0 repl: 0 T: 0.01 T-out: N T-r: 99.78%
c rst  luby best  vmt    82   20K    2884 17853  1646    3.96    3.80   296   917 19188    66   51.84   51.68
c rst  luby best  vmt    83   20K    2884 17853  1646    3.96    3.80   299   920 19578    71   52.19   52.02
c [distill-long-red0] cls tried: 261/261 T: 0.01 T-out: N T-r: 99.61%
c [distill-long-red1] cls tried: 37/898 T: 0.01 T-out: Y T-r: -5.17%
c rst  luby best  vmt    84   21K    2884 17853  1646    3.96    3.80   311   930   20K    78   52.77   52.59
c rst  luby best  vmt    85   21K    2884 17853  1646    3.96    3.80   315   933   20K    78   52.79   52.61
c rst  luby best  vmt    86   21K    2884 17853  1646    3.96    3.80   321   937   20K    82   52.80   52.61
c rst  luby  stb  vmt    87   21K    2884 17853  1646    3.96    3.80   324   938   20K    84   52.90   52.71
c rst  luby  stb  vmt    88   21K    2884 17853  1646    3.96    3.80   327   940   20K    84   52.96   52.77
c rst  luby  stb  vmt    89   22K    2884 17853  1646    3.96    3.80   327   942   20K    85   52.95   52.76
c rst  luby  stb  vmt    90   22K    2884 17853  1646    3.96    3.80   335   945   21K    85   53.14   52.95
c rst  luby  stb  vmt    91   22K    2884 17853  1646    3.96    3.80   345   951   21K    88   53.52   53.32
c rst  luby  stb  vmt    92   22K    2884 17853  1646    3.96    3.80   346   951   21K    89   53.56   53.36
c rst  luby  stb  vmt    93   22K    2884 17853  1646    3.96    3.80   346   952   21K    89   53.60   53.41
c rst  luby  stb  vmt    94   23K    2884 17853  1646    3.96    3.80   347   952   21K    89   53.68   53.48
c rst  luby  stb  vmt    95   23K    2884 17853  1646    3.96    3.80   349   952   21K    90   53.78   53.58
c rst  luby  stb  vmt    96   23K    2884 17853  1646    3.96    3.80   350   954   22K    90   53.87   53.67
c rst  luby  stb  vmt    97   23K    2884 17853  1646    3.96    3.80   355   956   22K    91   53.98   53.78
c rst  luby  stb  vmt    98   23K    2884 17853  1646    3.96    3.80   357   957   22K    92   54.13   53.93
c rst  luby  stb  vmt    99   24K    2884 17853  1646    3.96    3.80   370   963   23K    95   54.54   54.34
c rst  luby  stb  vmt   100   26K    2884 17853  1646    3.96    3.80   386  1004   25K    96   54.56   54.37
c [branch] adjusting to: vsid (from: vmtf) var_decay:0.95 descr: VSIDS
c [distill] watch-based irred--  cl tried     1570 cl-sh     1 cl-rem    4 lit-rem      1 T: 0.00 T-out: N
c [distill] watch-based   red--  cl tried      770 cl-sh     9 cl-rem    2 lit-rem     46 T: 0.00 T-out: N
c rst  geom  stb   vs   101   26K    2884 17846  1653    3.96    3.80   383  1004   25K    93   54.62   54.44
c rst  geom  stb   vs   102   26K    2884 17846  1653    3.96    3.80   383  1004   25K    93   54.64   54.46
c rst  geom  stb   vs   103   26K    2884 17846  1653    3.96    3.80   383  1004   25K    93   54.67   54.49
c rst  geom  stb   vs   104   26K    2884 17846  1653    3.96    3.80   384  1004   25K    93   54.68   54.49
c rst  geom  stb   vs   105   26K    2884 17846  1653    3.96    3.80   384  1004   25K    93   54.65   54.47
c rst  geom ibes   vs   106   27K    2884 17846  1653    3.96    3.80   384  1004   25K    93   54.44   54.27
c rst  geom ibes   vs   107   27K    2884 17846  1653    3.96    3.80   384  1004   26K    93   54.21   54.04
c rst  geom ibes   vs   108   27K    2884 17846  1653    3.96    3.80   384  1004   26K    93   54.11   53.94
c rst  geom ibes   vs   109   27K    2884 17846  1653    3.96    3.80   384  1004   26K    93   53.84   53.66
c rst  geom ibes   vs   110   28K    2884 17846  1653    3.96    3.80   384  1004   26K    93   53.52   53.35
c rst  geom ibes   vs   111   28K    2884 17846  1653    3.96    3.80   384  1004   27K    93   53.17   53.00
c rst  geom ibes   vs   112   28K    2884 17846  1653    3.96    3.80   384  1004   27K    93   52.82   52.66
c rst  geom ibes   vs   113   28K    2884 17846  1653    3.96    3.80   384  1004   27K    93   52.50   52.34
c rst  geom ibes   vs   114   29K    2884 17846  1653    3.96    3.80   384  1004   28K    93   52.08   51.92
c rst  geom ibes   vs   115   29K    2884 17846  1653    3.96    3.80   384  1004   28K    93   51.75   51.60
c rst  geom ibes   vs   116   30K    2884 17846  1653    3.96    3.80   480  1157   24K    93   47.77   47.61
c rst  geom ibes   vs   117   30K    2884 17846  1653    3.96    3.80   480  1157   25K    93   47.20   47.05
c rst  geom ibes   vs   118   31K    2884 17846  1653    3.96    3.80   480  1157   25K    93   46.57   46.42
c rst  geom ibes   vs   119   31K    2884 17846  1653    3.96    3.80   480  1157   26K    93   45.95   45.80
c rst  geom ibes   vs   120   32K    2884 17846  1653    3.96    3.80   480  1157   26K    93   45.26   45.12
c [distill-bin] useful: 0/1628/1653 lits-rem: 0 cl-rem: 0 0-depth-assigns: 0 T: 0.01 T-out: Y
c rst  geom  svd   vs   121   33K    2884 17846  1653    3.96    3.80   480  1157   27K    93   45.06   44.93
c rst  geom  svd   vs   122   33K    2884 17846  1653    3.96    3.80   480  1157   28K    93   44.48   44.35
c [branch] adjusting to: vmtf (from: vsid) var_decay:0.95 descr: VMTF
c rst  luby  svd  vmt   123   34K    2884 17846  1653    3.96    3.80   481  1160   28K    93   44.53   44.40
c rst  luby  svd  vmt   124   34K    2884 17846  1653    3.96    3.80   481  1160   28K    93   44.53   44.40
c ------- FINAL TOTAL SEARCH STATS ---------
c UIP search time          : 2.49        (99.78     % time)
c All times are for this thread only except if explicitly specified
c restarts                 : 124         (275.06    confls per restart)
c blocked restarts         : 0           (0.00      per normal restart)
c time                     : 2.49        
c decisions                : 42069       (0.00      % random)
c propagations             : 5885K       (2367K     props/s)
c decisions/conflicts      : 1.23        
c conflicts                : 34107       
c LEARNT stats
c units learnt             : 0           (0.00      % of conflicts)
c bins learnt              : 80          (0.23      % of conflicts)
c long learnt              : 34241       (100.39    % of conflicts)
c red which0               : 210         (0.62      % of confl)
c SEAMLESS HYPERBIN&TRANS-RED stats
c advProp called           : 0           
c hyper-bin add bin        : 0           (0.00      bin/call)
c trans-red rem irred bin  : 0           (0.00      bin/call)
c trans-red rem red bin    : 0           (0.00      bin/call)
c CONFL LITS stats
c orig                     : 8357434     (245.04    lit/confl)
c recurs-min effective     : 32126       (94.19     % attempt successful)
c recurs-min lits          : 6711212     (80.30     % less overall)
c permDiff call%           : 2.57        (0.00      % attempt successful)
c permDiff lits-rem        : 0           (0.00      less lits/cl on attempts)
c further-min call%        : 0.01        (0.00      % attempt successful)
c bintri-min lits          : 0           (0.00      % less overall)
c final avg                : 48.27       
c all-threads sum CPU time : 2.49         s
c PROP stats
c Mbogo-props              : 19.85       (7.98      / sec)
c MHyper-props             : 0.00        (0.00      / sec)
c Mprops                   : 5.89        (2.37      / sec)
c -------- OccSimplifier STATS ----------
c time                     : 0.00        (0.00      % var-elim)
c called                   : 0           (0.00      s per call)
c 0-depth assigns          : 0           (0.00      % vars)
c -------- OccSimplifier STATS END ----------
c -------- SubsumeStrengthen STATS ----------
c cl-subs                  : 0            Clauses
c cl-str rem lit           : 0            Lits
c cl-sub T                 : 0.00         s
c cl-str T                 : 0.00         s
c -------- SubsumeStrengthen STATS END ----------
c ----- SCC STATS --------
c time                     : 0.00        (0.00      per call)
c called                   : 0           (0.00      new found per call)
c found                    : 0           (0.00      % of all found)
c bogoprops                : 0           % of all found
c ----- SCC STATS END --------
c --------- VAR REPLACE STATS ----------
c time                     : 0.00        (0.00      per call)
c trees' crown             : 0           (0.00      % of vars)
c 0-depth assigns          : 0           (0.00      % vars)
c lits replaced            : 0           
c bin cls removed          : 0           
c long cls removed         : 0           
c long lits removed        : 0           
c bogoprops                : 0           
c --------- VAR REPLACE STATS END ----------
c vrep replace time        : 0.00        (0.00      % time)
c vrep tree roots          : 0           
c vrep trees' crown        : 0           (0.00      leafs/tree)
c -------- DISTILL-BIN STATS --------
c time                     : 0.02        (0.01      per call)
c timed out                : 1           (50.00     % of calls)
c distill/checked/potential: 0          /3285/3310
c lits-rem                 : 0           
c 0-depth-assigns          : 0           (0.00      % of vars)
c -------- DISTILL STATS END --------
c -------- STRENGTHEN STATS --------
c --> watch-based on irred cls
c time                     : 0.00        (0.00      s/call)
c shrinked/tried/total     : 1          /1570/35698
c subsumed/tried/total     : 4          /1570/35698
c lits-rem                 : 1           (0.02      % of lits tried)
c called                   : 2           (0.00      % ran out of time)
c --> watch-based on red cls
c time                     : 0.00        (0.00      s/call)
c shrinked/tried/total     : 9          /770/770
c subsumed/tried/total     : 2          /770/770
c lits-rem                 : 46          (1.22      % of lits tried)
c called                   : 2           (0.00      % ran out of time)
c -------- STRENGTHEN STATS END --------
c -------- IMPLICIT SUB  STATS --------
c time                     : 0.00        (0.00      per call)
c timed out                : 0           (0.00      % of calls)
c rem bins                 : 0           
c -------- IMPLICIT SUB STATS END --------
c Mem used                 : 16          MB
c Mem for longclauses      : 10          MB (64.07     %)
c Mem for watch alloc      : 2           MB (16.76     %)
c Mem for watch array      : 0           MB (1.10      %)
c Mem for assings&vardata  : 0           MB (0.45      %)
c Mem for search&solve     : 0           MB (1.13      %)
c Mem for renumberer       : 0           MB (0.16      %)
c Mem for occsimplifier    : 0           MB (0.00      %)
c Mem for varReplacer&SCC  : 0           MB (0.07      %)
c Mem for impl subsume     : 0           MB (0.00      %)
c Mem for 3 distills       : 0           MB (0.01      %)
c Accounted for mem (rss)  : 83.75       %
c Accounted for mem (vm)   : 63.04       %
c restarts                 : 124         (275.06    confls per restart)
c blocked restarts         : 0           (0.00      per normal restart)
c time                     : 2.49        
c decisions                : 42069       (0.00      % random)
c propagations             : 5885K       (2367K     props/s)
c decisions/conflicts      : 1.23        
c conflicts                : 34107       
c conf lits non-minim      : 8357434     (245.04    lit/confl)
c conf lits final          : 48.27       
c red which0               : 210         (0.62      % of confl)
c props/decision           : 0.00        
c props/conflict           : 0.00        
c 0-depth assigns          : 2           (0.07      % vars)
c 0-depth assigns by CNF   : 2           (0.07      % vars)
c reduceDB time            : 0.00        (0.08      % time)
c OccSimplifier time       : 0.00        (0.00      % time)
c [occur] 0.00 is overhead
c [occur] link-in T: 0.00 cleanup T: 0.00
c [occ-substr] long subBySub: 0 subByStr: 0 lits-rem-str: 0 T: 0.00
c SCC time                 : 0.00        (0.00      % time)
c [scc] new: 0 BP 0M  T: 0.00
c vrep replace time        : 0.00        (0.00      % time)
c vrep tree roots          : 0           
c vrep trees' crown        : 0           (0.00      leafs/tree)
c distill long time        : 0.03        (1.12      % time)
c distill bin time         : 0.02        (0.88      % time)
c strength cache-irred time: 0.00        (0.04      % time)
c strength cache-red time  : 0.00        (0.04      % time)
c avg cls in red 0         : 218.91      
c avg cls in red 1         : 655.09      
c avg cls in red 2         : 15807.85    
c Conflicts in UIP         : 34107       (13687.45  confl/time_this_thread)
c Max Memory (rss) used    : 17392 kB    
c Total time (this thread) : 2.49        
s SATISFIABLE
v -1 -2 3 4 5 -6 7 -8 9 10 11 12 13 -14 15 16 -17 18 -19 -20 -21 -22 -23 -24 -25 
v -26 -27 -28 -29 -30 31 -32 33 34 35 36 37 -38 39 40 41 42 43 -44 45 46 47 48 
v -49 -50 -51 -52 -53 -54 -55 -56 -57 -58 -59 -60 -61 -62 -63 -64 -65 -66 67 
v -68 69 70 -71 72 73 -74 75 76 -77 78 79 -80 81 82 -83 84 -85 -86 -87 -88 -89 
v -90 91 -92 93 94 -95 96 -97 -98 -99 -100 -101 -102 103 -104 105 106 -107 108 
v 109 -110 111 112 -113 114 115 -116 117 118 -119 120 121 -122 123 124 -125 126 
v -127 -128 -129 -130 -131 -132 -133 -134 -135 -136 -137 -138 -139 -140 -141 
v -142 -143 -144 -145 -146 -147 -148 -149 -150 -151 -152 -153 -154 -155 -156 
v -157 -158 -159 -160 -161 -162 -163 -164 -165 -166 -167 -168 -169 -170 -171 
v -172 -173 -174 -175 -176 -177 -178 -179 -180 -181 -182 -183 -184 -185 -186 
v -187 -188 -189 -190 -191 -192 -193 -194 -195 -196 -197 -198 199 -200 201 202 
v -203 204 -205 -206 -207 -208 -209 -210 211 -212 213 214 -215 216 217 -218 219 
v 220 -221 222 223 -224 225 226 -227 228 229 -230 231 232 -233 234 235 -236 237 
v 238 -239 240 -241 -242 -243 -244 -245 -246 247 -248 249 250 -251 252 253 -254 
v 255 256 -257 258 259 -260 261 262 -263 264 265 -266 267 268 -269 270 271 -272 
v 273 274 -275 276 -277 -278 -279 -280 -281 -282 283 -284 285 286 -287 288 289 
v -290 291 292 -293 294 295 -296 297 298 -299 300 301 -302 303 304 -305 306 
v -307 -308 -309 -310 -311 -312 -313 -314 -315 -316 -317 -318 -319 -320 -321 
v -322 -323 -324 -325 -326 -327 -328 -329 -330 -331 -332 -333 -334 -335 -336 
v -337 -338 -339 -340 -341 -342 -343 -344 345 346 -347 -348 349 -350 -351 -352 
v -353 -354 355 -356 357 358 359 -360 -361 362 363 364 -365 -366 -367 -368 369 
v 370 -371 -372 -373 374 -375 -376 -377 -378 -379 -380 -381 -382 -383 -384 -385 
v -386 -387 -388 -389 -390 -391 -392 -393 -394 -395 -396 -397 -398 -399 -400 
v -401 -402 -403 -404 -405 -406 -407 -408 -409 410 411 412 -413 -414 -415 -416 
v 417 418 -419 -420 -421 422 -423 -424 -425 426 427 428 -429 -430 -431 -432 433 
v 434 -435 -436 -437 438 -439 -440 -441 -442 -443 -444 -445 -446 -447 -448 -449 
v -450 -451 -452 -453 -454 -455 -456 -457 -458 -459 -460 -461 -462 -463 -464 
v -465 -466 -467 -468 -469 -470 -471 -472 -473 474 475 476 -477 -478 -479 -480 
v 481 482 -483 -484 -485 486 -487 -488 -489 -490 -491 -492 -493 -494 -495 -496 
v -497 -498 -499 -500 -501 -502 -503 -504 -505 -506 -507 -508 -509 -510 -511 
v -512 -513 -514 -515 -516 -517 -518 -519 -520 -521 -522 -523 -524 -525 -526 
v -527 -528 -529 -530 -531 -532 -533 -534 -535 -536 -537 -538 -539 -540 -541 
v -542 -543 -544 -545 -546 -547 -548 -549 -550 -551 -552 -553 -554 -555 -556 
v -557 -558 -559 -560 -561 -562 -563 -564 -565 -566 -567 -568 -569 570 571 572 
v -573 -574 -575 -576 577 578 -579 -580 -581 582 -583 -584 -585 -586 -587 -588 
v -589 -590 -591 -592 -593 -594 -595 -596 -597 -598 -599 -600 -601 602 603 604 
v -605 -606 -607 -608 609 610 -611 -612 -613 614 -615 -616 -617 618 619 620 
v -621 -622 -623 -624 625 626 -627 -628 -629 630 -631 -632 -633 634 635 636 
v -637 -638 -639 -640 641 642 -643 -644 -645 646 -647 -648 -649 -650 -651 -652 
v -653 -654 -655 -656 -657 -658 -659 -660 -661 -662 -663 -664 -665 -666 -667 
v -668 -669 -670 -671 -672 -673 -674 -675 -676 677 678 -679 -680 -681 -682 683 
v 684 -685 -686 -687 688 -689 690 -691 -692 -693 -694 695 696 -697 -698 -699 
v 700 -701 -702 -703 -704 -705 706 707 -708 -709 -710 711 -712 -713 -714 -715 
v -716 -717 -718 -719 -720 -721 -722 -723 -724 -725 -726 -727 -728 -729 -730 
v -731 -732 -733 -734 -735 -736 -737 -738 -739 -740 -741 -742 -743 -744 -745 
v -746 747 -748 -749 -750 751 -752 -753 -754 -755 756 -757 -758 -759 -760 -761 
v -762 -763 -764 -765 -766 -767 768 -769 -770 -771 -772 -773 -774 775 -776 -777 
v -778 779 780 -781 -782 -783 -784 -785 -786 -787 -788 -789 790 791 792 793 794 0
c [g 0] truth-find prop checks  : 612K
c [g 0] -> of which prop        : 36.95 %
c [g 0] -> of which confl       :  3.20 %
c [g 0] elim called             : 119K
c [g 0] ---> which lead to prop : 10.25 %
c [g 0] ---> which lead to confl:  0.82 %
c [g 0] size: 50    x 765  

real	0m2.574s
user	0m2.492s
sys	0m0.018s
