c BreakID not compiled in, disabling
c CryptoMiniSat version 5.11.19
c CMS Copyright (C) 2009-2020 Authors of CryptoMiniSat, see AUTHORS file
c CMS SHA revision b80e09ebd7703fc13b987401d693d7d406a50441
c Using VMTF code by Armin Biere from CaDiCaL
c Using Yalsat by Armin Biere, see Balint et al. Improving implementation of SLS solvers [...], SAT'14
c Using WalkSAT by Henry Kautz, see Kautz and Selman Pushing the envelope: planning, propositional logic, and stochastic search, AAAI'96,
c CMS is MIT licensed
c Using code from 'When Boolean Satisfiability Meets Gauss-E. in a Simplex Way'
c       by C.-S. Han and J.-H. Roland Jiang in CAV 2012. Fixes by M. Soos
c Using CCAnr from 'CCAnr: A Conf. Checking Based Local Search Solver [...]'
c       by Shaowei Cai, Chuan Luo, and Kaile Su, SAT 2015
c CMS compilation env CMAKE_CXX_COMPILER = /usr/bin/c++ | CMAKE_CXX_FLAGS =  -fvisibility=hidden -Wall -Wextra -Wunused -Wsign-compare -fno-omit-frame-pointer -Wtype-limits -Wuninitialized -Wno-deprecated -Wstrict-aliasing -Wpointer-arith -Wpointer-arith -Wformat-nonliteral -Winit-self -Wparentheses -Wunreachable-code -g -Wno-class-memaccess -mpopcnt -msse4.2 -ggdb3 -Wlogical-op -Wrestrict -Wnull-dereference -Wdouble-promotion -Wshadow -Wformat=2 -Wextra-semi -pedantic | COMPILE_DEFINES =  -DRDB0_ONLY_FEATURES -DUSE_ZLIB -DYALSAT_FPU | STATICCOMPILE = OFF | ONLY_SIMPLE =  | STATS = OFF | SQLITE3_FOUND =  | ZLIB_FOUND = TRUE | VALGRIND_FOUND =  | ENABLE_TESTING = OFF | SLOW_DEBUG = OFF | ENABLE_ASSERTIONS = ON | PYTHON_EXECUTABLE =  | PYTHON_LIBRARY =  | PYTHON_INCLUDE_DIRS =  | MY_TARGETS =  | LARGEMEM = OFF | LIMITMEM = OFF | BREAKID_LIBRARIES =  | BREAKID-VER = . | BOSPHORUS_LIBRARIES =  | BOSPH-VER = . | compilation date time = Jul 13 2026 14:05:03
c CMS compiled with gcc version 11.5.0 20240719 (Red Hat 11.5.0-5)
c Executed with command line: ./cryptominisat5 ./instancesBreak/IC_S4/Xn19l6-22-U.dimacs_break.cnf
c Reading file './instancesBreak/IC_S4/Xn19l6-22-U.dimacs_break.cnf'
c -- header says num vars:            808
c -- header says num clauses:        2538
c -- clauses added: 2486
c -- xor clauses added: 52
c -- vars added 808
c Parsing time: 0.00 s
c [find&init matx] performing matrix init
c [gauss] XOR-encoding clauses are not detached, so no need to reattach them.
c [xor-rem-unconnected] left with 50 xors from 50 non-empty xors T: 0.00
c [xor-together] xored together: 0 orig xors: 50 new xors: 50 T: 0.00
c [xor-rem-unconnected] left with 50 xors from 50 non-empty xors T: 0.00
c [xor-clean-equiv] removed equivalent xors: 0 left with: 50
c [matrix] unused xors from cleaning: 0
c [matrix] Good   matrix  0     50 x  765  density:0.1164  xorlen avg: 89.08
c [matrix] Using 1 matrices recovered from 0 xors T: 0.00 T-out: N
c [branch] adjusting to: vsid (from: vsid) var_decay:0.95 descr: VSIDS
c rst  geom  stb   vs     1   113    2942 18247  1657    3.96    3.80     2    28    69    14  141.40  124.13
c rst  geom  stb   vs     2   238    2942 18247  1657    3.96    3.80     2    30   190    16  124.80  116.54
c  res  pol bran  nres  conf freevar  IrrL  IrrB l/longC  l/allC RedL0 RedL1 RedL2  RedB l/longC  l/allC
c rst  geom  stb   vs     3   372    2942 18247  1657    3.96    3.80     2    30   322    18   98.86   94.17
c rst  geom  stb   vs     4   520    2942 18247  1657    3.96    3.80     2    30   470    18   87.45   84.49
c rst  geom  stb   vs     5   681    2942 18247  1657    3.96    3.80     2    30   631    18   86.16   83.93
c rst  geom  stb   vs     6   858    2942 18247  1657    3.96    3.80     2    30   808    18   81.14   79.48
c rst  geom  stb   vs     7  1052    2942 18247  1657    3.96    3.80     2    30  1002    18   77.46   76.17
c rst  geom  stb   vs     8  1265    2942 18247  1657    3.96    3.80     2    30  1215    18   72.54   71.54
c rst  geom  stb   vs     9  1499    2942 18247  1657    3.96    3.80     2    30  1449    18   72.26   71.42
c rst  geom  stb   vs    10  1757    2942 18247  1657    3.96    3.80     2    30  1707    18   70.72   70.02
c rst  geom  stb   vs    11  2039    2942 18247  1657    3.96    3.80     2    30  1989    18   67.79   67.21
c rst  geom  stb   vs    12  2350    2942 18247  1657    3.96    3.80     2    30  2300    18   65.03   64.54
c rst  geom  stb   vs    13  2691    2942 18247  1657    3.96    3.80     2    30  2640    19   62.63   62.20
c rst  geom  stb   vs    14  3064    2942 18247  1657    3.96    3.80     3    30  3012    19   61.33   60.97
c rst  geom  stb   vs    15  3475    2942 18247  1657    3.96    3.80     5    30  3421    19   60.73   60.40
c rst  geom  stb   vs    16  3926    2942 18247  1657    3.96    3.80     7    30  3870    19   61.05   60.77
c rst  geom  stb   vs    17  4421    2942 18247  1657    3.96    3.80     7    30  4365    19   61.62   61.36
c rst  geom  stb   vs    18  4964    2942 18247  1657    3.96    3.80     8    30  4907    19   59.98   59.76
c rst  geom  stb   vs    19  5562    2942 18247  1657    3.96    3.80     8    30  5505    19   62.12   61.92
c [branch] adjusting to: vmtf (from: vsid) var_decay:0.95 descr: VMTF
c [distill-long-red0] cls tried: 8/8 T: 0.00 T-out: N T-r: 100.00%
c [distill-long-red1] cls tried: 30/30 T: 0.00 T-out: N T-r: 98.75%
c rst  luby ibes  vmt    20  5663    2942 18247  1657    3.96    3.80    20    54  5564    25   61.90   61.63
c rst  luby ibes  vmt    21  5764    2942 18247  1657    3.96    3.80    20    54  5665    25   61.62   61.37
c rst  luby ibes  vmt    22  5966    2942 18247  1657    3.96    3.80    20    54  5867    25   60.42   60.17
c rst  luby ibes  vmt    23  6068    2942 18247  1657    3.96    3.80    20    54  5969    25   59.76   59.52
c rst  luby ibes  vmt    24  6170    2942 18247  1657    3.96    3.80    20    54  6071    25   59.10   58.87
c rst  luby ibes  vmt    25  6372    2942 18247  1657    3.96    3.80    20    54  6273    25   57.92   57.70
c rst  luby ibes  vmt    26  6774    2942 18247  1657    3.96    3.80    20    54  6675    25   55.64   55.44
c rst  luby ibes  vmt    27  6875    2942 18247  1657    3.96    3.80    20    54  6776    25   55.11   54.92
c rst  luby ibes  vmt    28  6977    2942 18247  1657    3.96    3.80    20    54  6878    25   54.60   54.41
c rst  luby ibes  vmt    29  7179    2942 18247  1657    3.96    3.80    20    54  7080    25   53.61   53.43
c rst  luby ibes  vmt    30  7281    2942 18247  1657    3.96    3.80    20    54  7182    25   53.13   52.96
c rst  luby ibes  vmt    31  7383    2942 18247  1657    3.96    3.80    20    54  7284    25   52.67   52.50
c rst  luby ibes  vmt    32  7585    2942 18247  1657    3.96    3.80    20    54  7486    25   51.73   51.57
c rst  luby ibes  vmt    33  7987    2942 18247  1657    3.96    3.80    20    54  7888    25   49.95   49.80
c rst  luby ibes  vmt    34  8789    2942 18247  1657    3.96    3.80    20    54  8690    25   46.83   46.70
c rst  luby ibes  vmt    35  8891    2942 18247  1657    3.96    3.80    20    54  8792    25   46.48   46.36
c rst  luby ibes  vmt    36  8993    2942 18247  1657    3.96    3.80    20    54  8894    25   46.14   46.01
c rst  luby ibes  vmt    37  9195    2942 18247  1657    3.96    3.80    20    54  9096    25   45.47   45.35
c rst  luby ibes  vmt    38  9297    2942 18247  1657    3.96    3.80    20    54  9198    25   45.14   45.03
c rst  luby ibes  vmt    39  9399    2942 18247  1657    3.96    3.80    20    54  9300    25   44.81   44.70
c rst  luby ibes  vmt    40  9601    2942 18247  1657    3.96    3.80    20    54  9502    25   44.19   44.08
c rst  luby ibes  vmt    41 10003    2942 18247  1657    3.96    3.80    35    39  9904    25   43.02   42.91
c rst  luby ibes  vmt    42 10105    2942 18247  1657    3.96    3.80    35    39 10006    25   42.72   42.62
c rst  luby ibes  vmt    43 10207    2942 18247  1657    3.96    3.80    35    39 10108    25   42.45   42.35
c rst  luby ibes  vmt    44 10409    2942 18247  1657    3.96    3.80    35    39 10310    25   41.99   41.90
c rst  luby ibes  vmt    45 10511    2942 18247  1657    3.96    3.80    35    39 10412    25   41.82   41.72
c rst  luby ibes  vmt    46 10613    2942 18247  1657    3.96    3.80    35    39 10514    25   41.59   41.50
c rst  luby ibes  vmt    47 10815    2942 18247  1657    3.96    3.80    35    39 10716    25   41.27   41.18
c rst  luby  svd  vmt    48 11216    2942 18247  1657    3.96    3.80    41    43 11104    28   42.68   42.58
c rst  luby  svd  vmt    49 12017    2942 18247  1657    3.96    3.80    41    44 11903    29   44.15   44.05
c [branch] adjusting to: vsid (from: vmtf) var_decay:0.95 descr: VSIDS
c [distill-bin] useful: 13/1657/1657 lits-rem: 0 cl-rem: 13 0-depth-assigns: 0 T: 0.01 T-out: N
c rst  geom  svd   vs    50 12128    2942 18247  1644    3.96    3.80    41    44 12013    30   44.27   44.17
c rst  geom  svd   vs    51 12250    2942 18247  1644    3.96    3.80    41    44 12135    30   44.31   44.21
c rst  geom  svd   vs    52 12385    2942 18247  1644    3.96    3.80    41    44 12270    30   44.29   44.19
c rst  geom  svd   vs    53 12532    2942 18247  1644    3.96    3.80    42    44 12416    30   44.17   44.06
c rst  geom  svd   vs    54 12693    2942 18247  1644    3.96    3.80    42    44 12577    30   43.97   43.87
c rst  geom  svd   vs    55 12871    2942 18247  1644    3.96    3.80    42    44 12755    30   43.87   43.77
c rst  geom  svd   vs    56 13065    2942 18247  1644    3.96    3.80    42    45 12948    30   43.61   43.52
c rst  geom  svd   vs    57 13279    2942 18247  1644    3.96    3.80    42    45 13162    30   43.27   43.17
c rst  geom  svd   vs    58 13513    2942 18247  1644    3.96    3.80    42    45 13396    30   42.84   42.75
c rst  geom  svd   vs    59 13771    2942 18247  1644    3.96    3.80    42    45 13654    30   42.45   42.36
c rst  geom  svd   vs    60 14053    2942 18247  1644    3.96    3.80    42    45 13936    30   42.02   41.93
c rst  geom  svd   vs    61 14363    2942 18247  1644    3.96    3.80    42    45 14246    30   41.65   41.57
c rst  geom  svd   vs    62 14703    2942 18247  1644    3.96    3.80    42    45 14586    30   41.23   41.15
c rst  geom  svd   vs    63 15076    2942 18247  1644    3.96    3.80    44    68 14674    30   39.73   39.65
c rst  geom  svd   vs    64 15487    2942 18247  1644    3.96    3.80    44    68 15085    30   39.44   39.36
c rst  geom  svd   vs    65 15937    2942 18247  1644    3.96    3.80    44    68 15535    30   39.06   38.99
c rst  geom  svd   vs    66 16431    2942 18247  1644    3.96    3.80    44    68 16029    30   38.97   38.90
c rst  geom best   vs    67 16975    2942 18247  1644    3.96    3.80    46    70 16569    30   40.77   40.70
c rst  geom best   vs    68 17573    2942 18247  1644    3.96    3.80    46    70 17166    31   41.14   41.07
c rst  geom best   vs    69 18229    2942 18247  1644    3.96    3.80    47    70 17820    32   41.34   41.27
c [branch] adjusting to: vmtf (from: vsid) var_decay:0.95 descr: VMTF
c rst  luby best  vmt    70 18330    2942 18247  1644    3.96    3.80    47    70 17921    32   41.33   41.26
c rst  luby best  vmt    71 18431    2942 18247  1644    3.96    3.80    47    70 18022    32   41.39   41.32
c rst  luby best  vmt    72 18632    2942 18247  1644    3.96    3.80    47    70 18223    32   41.58   41.51
c rst  luby best  vmt    73 18734    2942 18247  1644    3.96    3.80    47    70 18325    32   41.67   41.60
c rst  luby best  vmt    74 18836    2942 18247  1644    3.96    3.80    47    70 18427    32   41.74   41.67
c rst  luby best  vmt    75 19037    2942 18247  1644    3.96    3.80    48    70 18626    33   41.89   41.82
c rst  luby best  vmt    76 19439    2942 18247  1644    3.96    3.80    48    70 19028    33   42.02   41.95
c rst  luby best  vmt    77 19540    2942 18247  1644    3.96    3.80    48    70 19129    33   42.06   42.00
c rst  luby best  vmt    78 19642    2942 18247  1644    3.96    3.80    52    83 19214    33   42.12   42.05
c rst  luby best  vmt    79 19843    2942 18247  1644    3.96    3.80    60   123 19367    33   42.41   42.34
c rst  luby best  vmt    80 19944    2942 18247  1644    3.96    3.80    62   126 19463    33   42.67   42.60
c rst  luby best  vmt    81   20K    2942 18247  1644    3.96    3.80   106   100 19545    34   42.85   42.78
c [full-probe]  bin_only: 1 set: 0 repl: 0 T: 0.00 T-out: N T-r: 99.87%
c rst  luby best  vmt    82   20K    2942 18247  1644    3.96    3.80   108   100 19745    46   43.31   43.21
c rst  luby best  vmt    83   20K    2942 18247  1644    3.96    3.80   117   118   20K    47   43.81   43.71
c [distill-long-red0] cls tried: 97/97 T: 0.00 T-out: N T-r: 99.91%
c [distill-long-red1] cls tried: 100/100 T: 0.01 T-out: N T-r: 34.47%
c rst  luby best  vmt    84   21K    2942 18247  1644    3.96    3.80   122   132   20K    52   44.47   44.37
c rst  luby best  vmt    85   21K    2942 18247  1644    3.96    3.80   124   136   20K    52   44.50   44.39
c rst  luby best  vmt    86   21K    2942 18247  1644    3.96    3.80   125   136   21K    52   44.54   44.44
c rst  luby  stb  vmt    87   21K    2942 18247  1644    3.96    3.80   129   138   21K    52   44.76   44.66
c rst  luby  stb  vmt    88   21K    2942 18247  1644    3.96    3.80   137   146   21K    54   44.91   44.81
c rst  luby  stb  vmt    89   22K    2942 18247  1644    3.96    3.80   138   150   21K    55   45.09   44.98
c rst  luby  stb  vmt    90   22K    2942 18247  1644    3.96    3.80   140   150   21K    56   45.17   45.06
c rst  luby  stb  vmt    91   22K    2942 18247  1644    3.96    3.80   140   150   22K    56   45.21   45.10
c rst  luby  stb  vmt    92   22K    2942 18247  1644    3.96    3.80   141   151   22K    56   45.32   45.22
c rst  luby  stb  vmt    93   22K    2942 18247  1644    3.96    3.80   141   152   22K    56   45.35   45.24
c rst  luby  stb  vmt    94   23K    2942 18247  1644    3.96    3.80   141   153   22K    56   45.34   45.24
c rst  luby  stb  vmt    95   23K    2942 18247  1644    3.96    3.80   141   153   22K    56   45.44   45.33
c rst  luby  stb  vmt    96   23K    2942 18247  1644    3.96    3.80   148   167   22K    56   45.43   45.33
c rst  luby  stb  vmt    97   23K    2942 18247  1644    3.96    3.80   154   191   22K    57   45.57   45.46
c rst  luby  stb  vmt    98   23K    2942 18247  1644    3.96    3.80   154   193   23K    57   46.35   46.24
c rst  luby  stb  vmt    99   24K    2942 18247  1644    3.96    3.80   170   217   23K    59   47.03   46.92
c rst  luby  stb  vmt   100   26K    2942 18247  1644    3.96    3.80   180   265   25K    59   48.08   47.98
c [branch] adjusting to: vsid (from: vmtf) var_decay:0.95 descr: VSIDS
c [distill] watch-based irred--  cl tried     1654 cl-sh     0 cl-rem    4 lit-rem      0 T: 0.00 T-out: N
c [distill] watch-based   red--  cl tried      359 cl-sh     9 cl-rem    1 lit-rem     15 T: 0.00 T-out: N
c rst  geom  stb   vs   101   26K    2942 18241  1650    3.96    3.80   178   266   25K    56   48.05   47.95
c rst  geom  stb   vs   102   26K    2942 18241  1650    3.96    3.80   181   266   25K    57   48.01   47.91
c rst  geom  stb   vs   103   26K    2942 18241  1650    3.96    3.80   184   266   25K    57   48.09   47.99
c rst  geom  stb   vs   104   26K    2942 18241  1650    3.96    3.80   184   266   26K    57   48.03   47.93
c rst  geom  stb   vs   105   26K    2942 18241  1650    3.96    3.80   184   266   26K    57   47.95   47.85
c rst  geom ibes   vs   106   27K    2942 18241  1650    3.96    3.80   184   266   26K    57   47.90   47.80
c rst  geom ibes   vs   107   27K    2942 18241  1650    3.96    3.80   184   266   26K    57   47.69   47.59
c rst  geom ibes   vs   108   27K    2942 18241  1650    3.96    3.80   184   266   26K    57   47.45   47.36
c rst  geom ibes   vs   109   27K    2942 18241  1650    3.96    3.80   184   266   27K    57   47.19   47.10
c rst  geom ibes   vs   110   28K    2942 18241  1650    3.96    3.80   184   266   27K    57   46.91   46.82
c rst  geom ibes   vs   111   28K    2942 18241  1650    3.96    3.80   184   266   27K    57   46.69   46.60
c rst  geom ibes   vs   112   28K    2942 18241  1650    3.96    3.80   184   266   27K    57   46.45   46.36
c rst  geom ibes   vs   113   28K    2942 18241  1650    3.96    3.80   184   266   28K    57   46.09   46.00
c rst  geom ibes   vs   114   29K    2942 18241  1650    3.96    3.80   184   266   28K    57   45.70   45.61
c rst  geom ibes   vs   115   29K    2942 18241  1650    3.96    3.80   184   266   29K    57   45.28   45.20
c rst  geom ibes   vs   116   30K    2942 18241  1650    3.96    3.80   293   425   22K    57   42.98   42.87
c rst  geom ibes   vs   117   30K    2942 18241  1650    3.96    3.80   293   425   22K    58   42.40   42.30
c rst  geom ibes   vs   118   31K    2942 18241  1650    3.96    3.80   293   425   23K    58   41.85   41.75
c rst  geom ibes   vs   119   31K    2942 18241  1650    3.96    3.80   293   425   24K    58   41.23   41.14
c rst  geom ibes   vs   120   32K    2942 18241  1650    3.96    3.80   293   425   24K    58   40.72   40.63
c [distill-bin] useful: 0/1609/1650 lits-rem: 0 cl-rem: 0 0-depth-assigns: 0 T: 0.02 T-out: Y
c rst  geom  svd   vs   121   33K    2942 18241  1650    3.96    3.80   293   425   25K    58   40.71   40.63
c rst  geom  svd   vs   122   34K    2942 18241  1650    3.96    3.80   294   425   26K    58   40.51   40.43
c [branch] adjusting to: vmtf (from: vsid) var_decay:0.95 descr: VMTF
c rst  luby  svd  vmt   123   34K    2942 18241  1650    3.96    3.80   297   425   26K    58   40.53   40.45
c rst  luby  svd  vmt   124   34K    2942 18241  1650    3.96    3.80   299   428   26K    58   40.60   40.52
c rst  luby  svd  vmt   125   34K    2942 18241  1650    3.96    3.80   300   433   26K    58   40.96   40.87
c rst  luby  svd  vmt   126   34K    2942 18241  1650    3.96    3.80   302   441   26K    58   41.04   40.95
c rst  luby  svd  vmt   127   34K    2942 18241  1650    3.96    3.80   303   443   26K    58   41.16   41.07
c rst  luby  svd  vmt   128   34K    2942 18241  1650    3.96    3.80   306   454   27K    58   41.38   41.30
c rst  luby  svd  vmt   129   35K    2942 18241  1650    3.96    3.80   310   464   27K    58   41.82   41.74
c rst  luby  svd  vmt   130   35K    2942 18241  1650    3.96    3.80   312   474   27K    59   41.82   41.74
c rst  luby  svd  vmt   131   35K    2942 18241  1650    3.96    3.80   313   475   27K    59   41.89   41.81
c rst  luby  svd  vmt   132   35K    2942 18241  1650    3.96    3.80   319   478   27K    61   41.93   41.84
c rst  luby  svd  vmt   133   35K    2942 18241  1650    3.96    3.80   320   481   27K    61   41.95   41.87
c [distill-long-red0] cls tried: 180/180 T: 0.01 T-out: N T-r: 99.78%
c [distill-long-red1] cls tried: 46/397 T: 0.01 T-out: Y T-r: -3.21%
c rst  luby  svd  vmt   134   35K    2942 18241  1650    3.96    3.80   320   482   27K    63   41.91   41.83
c rst  luby  svd  vmt   135   36K    2942 18241  1650    3.96    3.80   323   486   28K    63   42.16   42.08
c rst  luby  svd  vmt   136   36K    2942 18241  1650    3.96    3.80   330   519   28K    64   42.59   42.50
c rst  luby  svd  vmt   137   37K    2942 18241  1650    3.96    3.80   339   555   29K    64   43.46   43.38
c rst  luby  svd  vmt   138   37K    2942 18241  1650    3.96    3.80   341   559   29K    64   43.68   43.59
c rst  luby  svd  vmt   139   37K    2942 18241  1650    3.96    3.80   342   564   29K    64   43.84   43.75
c rst  luby  svd  vmt   140   37K    2942 18241  1650    3.96    3.80   344   564   29K    64   43.99   43.90
c rst  luby  svd  vmt   141   37K    2942 18241  1650    3.96    3.80   347   569   29K    64   44.06   43.98
c rst  luby  svd  vmt   142   37K    2942 18241  1650    3.96    3.80   347   570   29K    64   44.18   44.10
c rst  luby  svd  vmt   143   38K    2942 18241  1650    3.96    3.80   352   581   30K    64   44.37   44.28
c rst  geom best  vmt   144   38K    2942 18241  1650    3.96    3.80   354   583   30K    64   44.39   44.31
c rst  geom best  vmt   145   38K    2942 18241  1650    3.96    3.80   354   588   30K    64   44.67   44.58
c rst  geom best  vmt   146   38K    2942 18241  1650    3.96    3.80   355   593   30K    64   44.75   44.66
c rst  geom best  vmt   147   38K    2942 18241  1650    3.96    3.80   355   593   30K    64   45.09   45.01
c rst  geom best  vmt   148   38K    2942 18241  1650    3.96    3.80   357   600   30K    64   45.17   45.09
c rst  geom best  vmt   149   38K    2942 18241  1650    3.96    3.80   358   600   30K    64   45.50   45.42
c rst  geom best  vmt   150   39K    2942 18241  1650    3.96    3.80   362   603   31K    64   45.56   45.47
c rst  geom best  vmt   151   39K    2942 18241  1650    3.96    3.80   363   609   31K    64   45.68   45.60
c rst  geom best  vmt   152   39K    2942 18241  1650    3.96    3.80   367   611   31K    64   45.77   45.68
c rst  geom best  vmt   153   39K    2942 18241  1650    3.96    3.80   367   613   31K    64   45.80   45.72
c rst  geom best  vmt   154   40K    2942 18241  1650    3.96    3.80   497   494   32K    64   45.90   45.82
c [full-probe]  bin_only: 0 set: 0 repl: 0 T: 0.01 T-out: N T-r: 97.81%
c [impl-str] lit bin: 0 set-var: 0 T: 0.00 T-out: N T-r: 99.95% w-visit: 5888
c [impl-sub] bin: 35 T: 0.00 T-out: N w-visit: 5888
c rst  geom best  vmt   155   40K    2942 18241  1650    3.96    3.80   499   497   32K    37   46.24   46.19
c rst  geom best  vmt   156   40K    2942 18241  1650    3.96    3.80   499   521   32K    37   46.27   46.22
c rst  geom best  vmt   157   41K    2942 18241  1650    3.96    3.80   500   528   33K    37   46.45   46.40
c rst  geom best  vmt   158   41K    2942 18241  1650    3.96    3.80   504   539   33K    37   46.43   46.38
c rst  geom best  vmt   159   41K    2942 18241  1650    3.96    3.80   510   543   33K    38   46.64   46.59
c rst  geom best  vmt   160   42K    2942 18241  1650    3.96    3.80   514   546   34K    38   46.81   46.76
c [branch] adjusting to: vsid (from: vmtf) var_decay:0.95 descr: VSIDS
c rst  geom best   vs   161   42K    2942 18241  1650    3.96    3.80   515   546   34K    38   46.73   46.68
c rst  geom best   vs   162   42K    2942 18241  1650    3.96    3.80   515   546   34K    38   46.65   46.60
c rst  geom best   vs   163   42K    2942 18241  1650    3.96    3.80   515   546   34K    38   46.59   46.54
c rst  geom best   vs   164   42K    2942 18241  1650    3.96    3.80   515   546   34K    38   46.51   46.47
c rst  geom best   vs   165   43K    2942 18241  1650    3.96    3.80   515   546   35K    38   46.40   46.35
c rst  geom best   vs   166   43K    2942 18241  1650    3.96    3.80   515   546   35K    38   46.28   46.23
c rst  geom best   vs   167   43K    2942 18241  1650    3.96    3.80   516   546   35K    38   46.16   46.11
c rst  geom  stb   vs   168   43K    2942 18241  1650    3.96    3.80   516   546   35K    38   46.04   46.00
c rst  geom  stb   vs   169   43K    2942 18241  1650    3.96    3.80   516   546   35K    38   45.92   45.88
c rst  geom  stb   vs   170   44K    2942 18241  1650    3.96    3.80   516   546   36K    38   45.82   45.77
c [ccnr] tries: 0 steps: 262143 best found: 15
c [ccnr] tries: 0 steps: 524287 best found: 15
c [ccnr] tries: 0 steps: 786431 best found: 15
c [ccnr] saving best assignment phase to stable_polar
c [ccnr] bumping based on clause weights
c [ccnr] Bumped vars: 103 bump type: 6
c [ccnr] time: 0.62
c rst  geom  stb   vs   171   44K    2942 18241  1650    3.96    3.80   516   546   36K    38   45.68   45.64
c rst  geom  stb   vs   172   44K    2942 18241  1650    3.96    3.80   518   547   36K    38   45.52   45.47
c rst  geom  stb   vs   173   45K    2942 18241  1650    3.96    3.80   549  1008   30K    38   48.34   48.28
c rst  geom  stb   vs   174   45K    2942 18241  1650    3.96    3.80   549  1008   30K    38   48.23   48.17
c rst  geom  stb   vs   175   45K    2942 18241  1650    3.96    3.80   549  1009   31K    38   48.00   47.94
c rst  geom  stb   vs   176   46K    2942 18241  1650    3.96    3.80   551  1009   31K    38   47.70   47.65
c rst  geom  stb   vs   177   46K    2942 18241  1650    3.96    3.80   551  1009   32K    38   47.38   47.33
c rst  geom  stb   vs   178   47K    2942 18241  1650    3.96    3.80   551  1011   32K    38   47.06   47.01
c rst  geom  stb   vs   179   48K    2942 18241  1650    3.96    3.80   552  1014   33K    38   46.62   46.57
c rst  geom  stb   vs   180   48K    2942 18241  1650    3.96    3.80   552  1014   33K    38   46.23   46.18
c rst  geom  stb   vs   181   49K    2942 18241  1650    3.96    3.80   552  1014   34K    38   45.97   45.93
c rst  geom ibes   vs   182   50K    2942 18241  1650    3.96    3.80   592   974   35K    38   45.48   45.44
c [gauss] XOR-encoding clauses are not detached, so no need to reattach them.
c [g 0] truth-find prop checks  : 757K
c [g 0] -> of which prop        : 41.10 %
c [g 0] -> of which confl       :  3.57 %
c [g 0] elim called             : 127K
c [g 0] ---> which lead to prop : 11.89 %
c [g 0] ---> which lead to confl:  0.73 %
c [g 0] size: 50    x 765  
c [scc] new: 7 BP 0M T: 0.00
c [vrep] vars 7 lits 19017 rem-bin-cls 34 rem-long-cls 2 BP 0M T: 0.03
c [scc] new: 0 BP 0M T: 0.00
c [vrep] vars 0 lits 0 rem-bin-cls 0 rem-long-cls 0 BP 0M T: 0.01
c [intree] Set 0 vars hyper-added: 786 trans-irred: 0 trans-red: 20 T: 0.01 T-out: N T-r: -1.01%
c [find&init matx] performing matrix init
c [gauss] XOR-encoding clauses are not detached, so no need to reattach them.
c [xor-rem-unconnected] left with 50 xors from 50 non-empty xors T: 0.00
c [xor-together] xored together: 0 orig xors: 50 new xors: 50 T: 0.00
c [xor-rem-unconnected] left with 50 xors from 50 non-empty xors T: 0.00
c [xor-clean-equiv] removed equivalent xors: 0 left with: 50
c [matrix] unused xors from cleaning: 0
c [matrix] Good   matrix 0 50      x760    density:0.1162  xorlen avg: 88.28
c [matrix] Using 1 matrices recovered from 0 xors T: 0.00 T-out: N
c rst  geom ibes vs   183   51  K 2935    18240  1637 3.96    3.80      592   974   36K   797 45.25   44.35  
c [distill-long-red0] cls tried: 267/267 T: 0.03 T-out: N T-r: 99.24%
c [distill-long-red1] cls tried: 24/851 T: 0.01 T-out: Y T-r: -2.36%
c rst  geom ibes vs   184   52  K 2935    18240  1637 3.96    3.80      590   975   37K   799 44.55   43.69  
c [distill] watch-based irred--  cl tried 1648     cl-sh 0     cl-rem 0    lit-rem 0      T: 0.00 T-out: N
c [distill] watch-based red  --  cl tried 1177     cl-sh 35    cl-rem 3    lit-rem 59     T: 0.00 T-out: N
c rst  geom ibes vs   185   53  K 2935    18240  1637 3.96    3.80      587   976   38K   799 44.01   43.18  
c [branch] adjusting to: vmtf (from: vsid) var_decay:0.95 descr: VMTF
c [distill-bin] useful: 0/1261/1637 lits-rem: 0 cl-rem: 0 0-depth-assigns: 0 T: 0.02 T-out: Y
c rst  luby ibes vmt  186   53  K 2935    18240  1637 3.96    3.80      588   976   38K   799 43.96   43.13  
c rst  luby ibes vmt  187   53  K 2935    18240  1637 3.96    3.80      588   979   38K   799 43.92   43.10  
c rst  luby ibes vmt  188   53  K 2935    18240  1637 3.96    3.80      589   984   38K   799 43.95   43.13  
c rst  luby ibes vmt  189   53  K 2935    18240  1637 3.96    3.80      590   988   38K   799 43.91   43.10  
c rst  luby ibes vmt  190   53  K 2935    18240  1637 3.96    3.80      590   991   38K   799 43.89   43.08  
c rst  luby ibes vmt  191   53  K 2935    18240  1637 3.96    3.80      590  1003   39K   799 43.83   43.02  
c rst  luby ibes vmt  192   54  K 2935    18240  1637 3.96    3.80      595  1035   39K   799 43.78   42.98  
c rst  luby ibes vmt  193   54  K 2935    18240  1637 3.96    3.80      595  1044   39K   799 43.75   42.96  
c rst  luby ibes vmt  194   54  K 2935    18240  1637 3.96    3.80      595  1045   39K   799 43.76   42.96  
c rst  luby ibes vmt  195   54  K 2935    18240  1637 3.96    3.80      595  1085   39K   799 43.73   42.95  
c rst  luby ibes vmt  196   54  K 2935    18240  1637 3.96    3.80      595  1090   39K   799 43.73   42.95  
c rst  luby ibes vmt  197   54  K 2935    18240  1637 3.96    3.80      595  1094   40K   799 43.72   42.94  
c rst  luby ibes vmt  198   55  K 2935    18240  1637 3.96    3.80      596  1105   40K   799 43.66   42.88  
c rst  luby svd  vmt  199   55  K 2935    18240  1637 3.96    3.80      598  1119   40K   799 43.89   43.12  
c rst  luby svd  vmt  200   56  K 2935    18240  1637 3.96    3.80      600  1125   41K   799 43.97   43.20  
c recursive minimization cost OK: 286Kcost/(% lits removed)
c [gauss] XOR-encoding clauses are not detached, so no need to reattach them.
c [g 0] truth-find prop checks  : 105K
c [g 0] -> of which prop        : 39.82 %
c [g 0] -> of which confl       :  3.44 %
c [g 0] elim called             : 15733
c [g 0] ---> which lead to prop :  2.30 %
c [g 0] ---> which lead to confl:  0.18 %
c [g 0] size: 50    x 760  
c --> Executing strategy token: scc-vrepl
c [scc] new: 4 BP 0M T: 0.00
c [vrep] vars 4 lits 13709 rem-bin-cls 16 rem-long-cls 43 BP 0M T: 0.02
c --> Executing strategy token: sub-impl
c [impl-sub] bin: 6 T: 0.00 T-out: N w-visit: 5888
c --> Executing strategy token: breakid
c --> Executing OCC strategy token(s): 'occ-backw-sub-str,occ-clean-implicit,occ-bve,occ-bva,occ-ternary-res,occ-xor,'
c [occ] mem usage for occur 1      MB
c [occ] Linked in IRRED BIN by default: 1634
c [occ] Linked in RED   BIN by default: 788
c [occ] mem usage for occur 0      MB
c Mem for watch alloc      : 4           MB (17.86     %)
c Mem for watch array      : 0           MB (0.80      %)
c --> Executing OCC strategy token: occ-backw-sub-str
c [occ-backw-sub-str-long-w-bins] subs: 0 str: 4 tried: 2422 0-depth ass: 0 T: 0.00 T-out: N T-r: 99.37%
c [occ-backw-sub-long-w-long] rem cl: 52 tried: 61044/61044 (100.0%) T: 0.02 T-out: N T-r: 96.74%
c [occ-backw-sub-str-long-w-long] sub: 0 str: 3 tried: 183132/61044 (300.0)  T: 0.06 T-out: N T-r: 88.75%
c --> Executing OCC strategy token: occ-clean-implicit
c --> Executing OCC strategy token: occ-bve
c [occ-empty-res] Empty resolvent elimed: 0 T: 0.00 T-out: N
c [occ-bve] iter v-elim 10
c cl_inc_rate=1.0, var_dec_rate=1.0 (grow=0)
c Reduced to 2921 vars, 19866 cls (grow=0)
c [occ-bve] iter v-elim 295
c cl_inc_rate=1.1, var_dec_rate=1.1 (grow=8)
c Reduced to 2626 vars, 21072 cls (grow=8)
c x n vars       : 2626
c #try to eliminate:  6215
c #var-elim        :   305
c #T-o: N
c #T-r: 99.99%
c #T  : 0.10
c [occur] 0.04 is overhead
c [occur] link-in T: 0.04 cleanup T: 0.00
c --> Executing OCC strategy token: occ-bva
c --> Executing OCC strategy token: occ-ternary-res
c [occ-ternary-res] Ternary res-tri: 42 res-bin: 0 sub: 2 str: 0 T: 0.00 T-out: N T-r: 99.38%
c --> Executing OCC strategy token: occ-xor
c [occ-xor] sort occur list T: 0.00
c [xor-clean-equiv] removed equivalent xors: 0 left with: 2027
c [occ-xor] found   2027 avg sz 4.0 min sz  4 max sz  5 T: 0.01 T-out: N T-r: 99.98%
c --> Executing strategy token: card-find
c --> Executing strategy token: cl-consolidate
c [mem] consolidate  old-sz: 10820K new-sz: 4675K new bits offs: 20 T: 0.00
c --> Executing strategy token: scc-vrepl
c [scc] new: 0 BP 0M T: 0.00
c --> Executing strategy token: renumber
c --> Executing strategy token: bosphorus
c --> Executing strategy token: louvain-comms
c [consolidate] mini T: 0.00
c global_timeout_multiplier: 3.3000
c [branch] rebuilding order heap for all branchings. Current branching: vmtf
c [find&init matx] performing matrix init
c [gauss] XOR-encoding clauses are not detached, so no need to reattach them.
c [xor-rem-unconnected] left with 2023 xors from 2027 non-empty xors T: 0.00
c [xor-together] xored together: 1972 orig xors: 2023 new xors: 51 T: 0.00
c [xor-rem-unconnected] left with 51 xors from 51 non-empty xors T: 0.00
c [xor-clean-equiv] removed equivalent xors: 0 left with: 51
c [matrix] unused xors from cleaning: 4
c [matrix] Good   matrix  0     51 x  459  density:0.1776  xorlen avg: 81.51
c [matrix] Using 1 matrices recovered from 0 xors T: 0.01 T-out: N
c rst  luby  svd  vmt   201   56K    2626   20K   919    4.10    4.01   134   170   25K   112   30.38   30.26
c rst  luby  svd  vmt   202   56K    2626   20K   919    4.10    4.01   136   176   25K   112   30.32   30.20
c rst  luby  svd  vmt   203   56K    2626   20K   919    4.10    4.01   136   178   25K   112   30.29   30.17
c rst  luby  svd  vmt   204   56K    2626   20K   919    4.10    4.01   140   182   25K   112   30.18   30.06
c rst  luby  svd  vmt   205   56K    2626   20K   919    4.10    4.01   141   184   25K   112   30.14   30.02
c rst  luby  svd  vmt   206   56K    2626   20K   919    4.10    4.01   141   185   25K   112   30.13   30.01
c [g  <0] Disabling GJ-elim in this round.  Usefulness was: 19.7154%  over 56149 calls
c rst  luby  svd  vmt   207   57K    2626   20K   919    4.10    4.01   141   186   26K   112   30.03   29.91
c rst  luby  svd  vmt   208   57K    2626   20K   919    4.10    4.01   142   190   26K   112   29.84   29.73
c rst  luby  svd  vmt   209   57K    2626   20K   919    4.10    4.01   142   192   26K   112   29.84   29.73
c rst  luby  svd  vmt   210   57K    2626   20K   919    4.10    4.01   142   194   26K   112   29.83   29.72
c rst  luby  svd  vmt   211   57K    2626   20K   919    4.10    4.01   143   201   26K   112   29.83   29.71
c rst  luby  svd  vmt   212   58K    2626   20K   919    4.10    4.01   143   202   26K   112   29.81   29.69
c rst  luby  svd  vmt   213   58K    2626   20K   919    4.10    4.01   147   211   27K   112   29.80   29.69
c rst  luby  svd  vmt   214   58K    2626   20K   919    4.10    4.01   147   219   27K   112   29.78   29.67
c rst  luby  svd  vmt   215   58K    2626   20K   919    4.10    4.01   147   227   27K   112   29.69   29.58
c rst  luby  svd  vmt   216   59K    2626   20K   919    4.10    4.01   148   253   28K   112   29.42   29.31
c rst  luby  svd  vmt   217   61K    2626   20K   919    4.10    4.01   212   348   25K   112   26.70   26.60
c [full-probe]  bin_only: 1 set: 0 repl: 0 T: 0.01 T-out: N T-r: 99.81%
c rst  geom best  vmt   218   61K    2626   20K   919    4.10    4.01   212   349   25K   112   26.67   26.56
c rst  geom best  vmt   219   61K    2626   20K   919    4.10    4.01   212   350   25K   112   26.67   26.57
c rst  geom best  vmt   220   61K    2626   20K   919    4.10    4.01   214   350   25K   112   26.64   26.54
c rst  geom best  vmt   221   61K    2626   20K   919    4.10    4.01   214   353   25K   112   26.65   26.55
c rst  geom best  vmt   222   61K    2626   20K   919    4.10    4.01   214   354   25K   112   26.69   26.58
c rst  geom best  vmt   223   61K    2626   20K   919    4.10    4.01   214   359   26K   112   26.65   26.55
c rst  geom best  vmt   224   62K    2626   20K   919    4.10    4.01   214   364   26K   112   26.66   26.55
c rst  geom best  vmt   225   62K    2626   20K   919    4.10    4.01   214   374   26K   112   26.70   26.60
c rst  geom best  vmt   226   62K    2626   20K   919    4.10    4.01   214   383   26K   112   26.74   26.64
c rst  geom best  vmt   227   62K    2626   20K   919    4.10    4.01   215   384   26K   112   26.67   26.57
c rst  geom best  vmt   228   63K    2626   20K   919    4.10    4.01   215   386   27K   112   26.57   26.48
c [branch] adjusting to: vsid (from: vmtf) var_decay:0.95 descr: VSIDS
c rst  geom best   vs   229   63K    2626   20K   919    4.10    4.01   216   402   27K   112   26.60   26.51
c rst  geom best   vs   230   63K    2626   20K   919    4.10    4.01   219   422   27K   112   26.71   26.61
c rst  geom best   vs   231   63K    2626   20K   919    4.10    4.01   219   435   27K   112   26.78   26.68
c rst  geom best   vs   232   63K    2626   20K   919    4.10    4.01   221   450   27K   112   26.85   26.75
c rst  geom best   vs   233   63K    2626   20K   919    4.10    4.01   225   463   27K   112   26.96   26.86
c rst  geom best   vs   234   64K    2626   20K   919    4.10    4.01   226   470   27K   112   27.00   26.91
c rst  geom best   vs   235   64K    2626   20K   919    4.10    4.01   229   484   28K   112   27.08   26.99
c rst  geom best   vs   236   64K    2626   20K   919    4.10    4.01   232   488   28K   112   27.14   27.04
c rst  geom best   vs   237   64K    2626   20K   919    4.10    4.01   232   490   28K   112   27.17   27.07
c rst  geom best   vs   238   64K    2626   20K   919    4.10    4.01   234   499   28K   112   27.18   27.08
c rst  geom best   vs   239   65K    2626   20K   919    4.10    4.01   235   520   29K   112   27.23   27.14
c rst  geom best   vs   240   65K    2626   20K   919    4.10    4.01   235   531   29K   112   27.27   27.17
c rst  geom best   vs   241   65K    2626   20K   919    4.10    4.01   238   546   29K   112   27.34   27.25
c rst  geom best   vs   242   66K    2626   20K   919    4.10    4.01   244   565   30K   112   27.72   27.63
c [distill-long-red0] cls tried: 127/127 T: 0.01 T-out: N T-r: 99.84%
c [distill-long-red1] cls tried: 72/475 T: 0.01 T-out: Y T-r: -3.09%
c rst  geom best   vs   243   66K    2626   20K   919    4.10    4.01   245   580   30K   112   27.83   27.74
c rst  geom best   vs   244   67K    2626   20K   919    4.10    4.01   250   604   30K   112   27.95   27.86
c rst  geom  stb   vs   245   67K    2626   20K   919    4.10    4.01   261   650   31K   112   28.20   28.11
c rst  geom  stb   vs   246   68K    2626   20K   919    4.10    4.01   267   684   31K   112   28.33   28.24
c rst  geom  stb   vs   247   68K    2626   20K   919    4.10    4.01   271   705   32K   112   28.62   28.53
c rst  geom  stb   vs   248   69K    2626   20K   919    4.10    4.01   274   721   33K   112   28.95   28.86
c rst  geom  stb   vs   249   70K    2626   20K   919    4.10    4.01   550   472   33K   112   29.15   29.07
c rst  geom  stb   vs   250   70K    2626   20K   919    4.10    4.01   558   487   34K   112   29.29   29.21
c rst  geom  stb   vs   251   71K    2626   20K   919    4.10    4.01   563   500   35K   112   29.20   29.12
c rst  geom  stb   vs   252   72K    2626   20K   919    4.10    4.01   568   506   36K   112   29.13   29.05
c rst  geom  stb   vs   253   73K    2626   20K   919    4.10    4.01   573   528   37K   112   29.32   29.24
c [distill-bin] useful: 4/919/919 lits-rem: 0 cl-rem: 4 0-depth-assigns: 0 T: 0.01 T-out: N
c rst  geom ibes   vs   254   74K    2626   20K   915    4.10    4.01   581   567   38K   112   29.67   29.60
c [branch] adjusting to: vmtf (from: vsid) var_decay:0.95 descr: VMTF
c rst  luby ibes  vmt   255   75K    2626   20K   915    4.10    4.01   621   823   31K   112   29.71   29.62
c rst  luby ibes  vmt   256   75K    2626   20K   915    4.10    4.01   621   827   31K   112   29.68   29.59
c rst  luby ibes  vmt   257   75K    2626   20K   915    4.10    4.01   623   829   31K   112   29.65   29.56
c rst  luby ibes  vmt   258   75K    2626   20K   915    4.10    4.01   623   832   31K   112   29.63   29.54
c rst  luby ibes  vmt   259   75K    2626   20K   915    4.10    4.01   623   832   31K   112   29.58   29.49
c rst  luby ibes  vmt   260   75K    2626   20K   915    4.10    4.01   623   834   31K   112   29.49   29.40
c rst  luby ibes  vmt   261   76K    2626   20K   915    4.10    4.01   623   836   32K   112   29.34   29.25
c rst  luby ibes  vmt   262   76K    2626   20K   915    4.10    4.01   623   837   32K   112   29.31   29.22
c rst  luby ibes  vmt   263   76K    2626   20K   915    4.10    4.01   625   839   32K   112   29.26   29.17
c rst  luby ibes  vmt   264   76K    2626   20K   915    4.10    4.01   627   845   32K   112   29.21   29.12
c rst  luby ibes  vmt   265   76K    2626   20K   915    4.10    4.01   627   848   32K   112   29.16   29.07
c rst  luby ibes  vmt   266   76K    2626   20K   915    4.10    4.01   627   848   32K   112   29.13   29.05
c rst  luby ibes  vmt   267   76K    2626   20K   915    4.10    4.01   627   850   32K   112   29.08   28.99
c rst  luby ibes  vmt   268   77K    2626   20K   915    4.10    4.01   628   870   33K   112   29.04   28.95
c [distill] watch-based irred--  cl tried     7563 cl-sh   157 cl-rem  167 lit-rem    162 T: 0.01 T-out: N
c [distill] watch-based   red--  cl tried     1256 cl-sh   146 cl-rem    0 lit-rem    327 T: 0.00 T-out: N
c rst  luby ibes  vmt   269   78K    2626 19986   927    4.09    4.00   630   882   34K   100   28.83   28.75
c rst  luby ibes  vmt   270   78K    2626 19986   927    4.09    4.00   630   887   34K   100   28.79   28.71
c rst  luby ibes  vmt   271   78K    2626 19986   927    4.09    4.00   630   888   34K   100   28.79   28.71
c rst  luby ibes  vmt   272   78K    2626 19986   927    4.09    4.00   631   897   34K   100   28.79   28.71
c rst  luby ibes  vmt   273   78K    2626 19986   927    4.09    4.00   631   901   34K   100   28.77   28.70
c rst  luby ibes  vmt   274   78K    2626 19986   927    4.09    4.00   632   904   34K   100   28.76   28.69
c rst  luby ibes  vmt   275   78K    2626 19986   927    4.09    4.00   633   906   34K   100   28.71   28.63
c rst  luby ibes  vmt   276   79K    2626 19986   927    4.09    4.00   633   916   35K   100   28.65   28.58
c rst  luby ibes  vmt   277   79K    2626 19986   927    4.09    4.00   634   919   35K   100   28.63   28.56
c rst  luby ibes  vmt   278   79K    2626 19986   927    4.09    4.00   634   922   35K   100   28.60   28.53
c rst  luby  svd  vmt   279   79K    2626 19986   927    4.09    4.00   634   924   35K   100   28.56   28.49
c rst  luby  svd  vmt   280   79K    2626 19986   927    4.09    4.00   634   924   35K   100   28.52   28.45
c rst  luby  svd  vmt   281   79K    2626 19986   927    4.09    4.00   635   927   35K   100   28.48   28.41
c rst  luby  svd  vmt   282   80K    2626 19986   927    4.09    4.00   926   610   36K   100   28.46   28.39
c rst  luby  svd  vmt   283   80K    2626 19986   927    4.09    4.00   926   620   36K   100   28.41   28.34
c rst  luby  svd  vmt   284   81K    2626 19986   927    4.09    4.00   927   633   37K   100   28.23   28.16
c [distill-long-red0] cls tried: 687/687 T: 0.03 T-out: N T-r: 99.05%
c [distill-long-red1] cls tried: 61/506 T: 0.01 T-out: Y T-r: -4.20%
c [full-probe]  bin_only: 0 set: 1 repl: 0 T: 0.01 T-out: N T-r: 97.01%
c rst  luby  svd  vmt   285   82K    2625 19986   927    4.09    4.00   927   652   38K   100   27.82   27.75
c rst  luby  svd  vmt   286   83K    2625 19986   927    4.09    4.00   927   654   38K   100   27.79   27.73
c rst  luby  svd  vmt   287   83K    2625 19986   927    4.09    4.00   927   660   39K   100   27.78   27.71
c rst  luby  svd  vmt   288   83K    2625 19986   927    4.09    4.00   927   664   39K   100   27.73   27.67
c rst  luby  svd  vmt   289   83K    2625 19986   927    4.09    4.00   927   665   39K   100   27.72   27.66
c rst  luby  svd  vmt   290   83K    2625 19986   927    4.09    4.00   928   667   39K   100   27.69   27.63
c rst  luby  svd  vmt   291   83K    2625 19986   927    4.09    4.00   929   672   39K   100   27.66   27.60
c rst  luby  svd  vmt   292   84K    2625 19986   927    4.09    4.00   931   680   40K   100   27.63   27.57
c rst  luby  svd  vmt   293   84K    2625 19986   927    4.09    4.00   931   680   40K   100   27.60   27.54
c rst  luby  svd  vmt   294   84K    2625 19986   927    4.09    4.00   932   681   40K   100   27.58   27.52
c rst  luby  svd  vmt   295   84K    2625 19986   927    4.09    4.00   932   686   40K   100   27.52   27.46
c rst  luby  svd  vmt   296   84K    2625 19986   927    4.09    4.00   932   687   40K   100   27.51   27.45
c rst  luby  svd  vmt   297   84K    2625 19986   927    4.09    4.00   932   690   40K   100   27.51   27.45
c rst  luby  svd  vmt   298   84K    2625 19986   927    4.09    4.00   932   696   40K   100   27.46   27.40
c rst  luby  svd  vmt   299   85K    2625 19986   927    4.09    4.00   932   703   41K   100   27.38   27.32
c rst  luby  svd  vmt   300   86K    2625 19986   927    4.09    4.00   932   725   41K   100   27.24   27.18
c rst  geom best  vmt   301   86K    2625 19986   927    4.09    4.00   932   725   42K   100   27.22   27.16
c rst  geom best  vmt   302   86K    2625 19986   927    4.09    4.00   932   726   42K   100   27.19   27.13
c rst  geom best  vmt   303   86K    2625 19986   927    4.09    4.00   932   726   42K   100   27.15   27.10
c rst  geom best  vmt   304   86K    2625 19986   927    4.09    4.00   932   726   42K   100   27.11   27.05
c rst  geom best  vmt   305   86K    2625 19986   927    4.09    4.00   932   729   42K   100   27.07   27.01
c rst  geom best  vmt   306   87K    2625 19986   927    4.09    4.00   933   729   42K   100   27.05   26.99
c rst  geom best  vmt   307   87K    2625 19986   927    4.09    4.00   933   732   43K   100   27.01   26.96
c rst  geom best  vmt   308   87K    2625 19986   927    4.09    4.00   933   735   43K   100   27.00   26.94
c rst  geom best  vmt   309   87K    2625 19986   927    4.09    4.00   933   739   43K   100   26.94   26.88
c [branch] adjusting to: vsid (from: vmtf) var_decay:0.95 descr: VSIDS
c rst  geom best   vs   310   87K    2625 19986   927    4.09    4.00   933   741   43K   100   27.02   26.96
c rst  geom best   vs   311   87K    2625 19986   927    4.09    4.00   934   750   43K   100   27.04   26.99
c rst  geom best   vs   312   88K    2625 19986   927    4.09    4.00   934   758   43K   100   27.10   27.05
c rst  geom best   vs   313   88K    2625 19986   927    4.09    4.00   934   760   43K   100   27.12   27.06
c rst  geom best   vs   314   88K    2625 19986   927    4.09    4.00   934   763   44K   100   27.18   27.12
c [ccnr] tries: 0 steps: 262143 best found: 10
c [ccnr] tries: 0 steps: 524287 best found: 10
c [ccnr] tries: 0 steps: 786431 best found: 10
c [ccnr] saving best assignment phase to stable_polar
c [ccnr] bumping based on var unsat frequency: conflict_ct
c [ccnr] Bumped vars: 2944 bump type: 6
c [ccnr] time: 0.56
c rst  geom best   vs   315   88K    2625 19986   927    4.09    4.00   935   770   44K   100   27.26   27.21
c rst  geom best   vs   316   88K    2625 19986   927    4.09    4.00   936   776   44K   100   27.31   27.26
c rst  geom best   vs   317   88K    2625 19986   927    4.09    4.00   937   780   44K   100   27.30   27.24
c rst  geom best   vs   318   89K    2625 19986   927    4.09    4.00   938   782   44K   100   27.35   27.30
c rst  geom best   vs   319   89K    2625 19986   927    4.09    4.00   939   799   45K   100   27.39   27.33
c rst  geom best   vs   320   89K    2625 19986   927    4.09    4.00   939   805   45K   100   27.40   27.35
c rst  geom best   vs   321   90K    2625 19986   927    4.09    4.00  1258  1269   34K   100   27.12   27.05
c rst  geom best   vs   322   90K    2625 19986   927    4.09    4.00  1259  1277   34K   100   27.18   27.12
c rst  geom best   vs   323   90K    2625 19986   927    4.09    4.00  1262  1287   34K   100   27.20   27.13
c rst  geom best   vs   324   91K    2625 19986   927    4.09    4.00  1266  1302   35K   100   27.27   27.20
c rst  geom best   vs   325   91K    2625 19986   927    4.09    4.00  1269  1308   35K   100   27.32   27.25
c rst  geom best   vs   326   92K    2625 19986   927    4.09    4.00  1271  1320   36K   100   27.33   27.27
c rst  geom  stb   vs   327   92K    2625 19986   927    4.09    4.00  1274  1348   36K   100   27.58   27.51
c rst  geom  stb   vs   328   93K    2625 19986   927    4.09    4.00  1275  1354   37K   100   27.72   27.65
c rst  geom  stb   vs   329   93K    2625 19986   927    4.09    4.00  1279  1371   37K   100   27.86   27.79
c [distill-bin] useful: 1/927/927 lits-rem: 0 cl-rem: 1 0-depth-assigns: 0 T: 0.01 T-out: N
c rst  geom  stb   vs   330   94K    2625 19986   924    4.09    4.00  1282  1397   38K   100   27.87   27.81
c rst  geom  stb   vs   331   95K    2625 19986   924    4.09    4.00  1290  1409   39K   100   27.86   27.80
c rst  geom  stb   vs   332   96K    2625 19986   924    4.09    4.00  1294  1423   40K   100   28.09   28.03
c rst  geom  stb   vs   333   97K    2625 19986   924    4.09    4.00  1299  1438   41K   100   28.19   28.13
c [distill-long-red0] cls tried: 362/362 T: 0.04 T-out: N T-r: 98.88%
c [distill-long-red1] cls tried: 43/1259 T: 0.01 T-out: Y T-r: -4.62%
c rst  geom  stb   vs   334   98K    2625 19986   924    4.09    4.00  1300  1447   42K   100   28.43   28.37
c rst  geom ibes   vs   335   99K    2625 19986   924    4.09    4.00  1304  1458   43K   100   28.32   28.26
c rst  geom ibes   vs   336  100K    2625 19986   924    4.09    4.00  1455  1312   44K   100   28.12   28.06
c [impl-str] lit bin: 0 set-var: 0 T: 0.00 T-out: N T-r: 99.95% w-visit: 5888
c [impl-sub] bin: 1 T: 0.00 T-out: N w-visit: 5888
c rst  geom ibes   vs   337  102K    2625 19986   924    4.09    4.00  1456  1326   46K    99   27.90   27.85
c [branch] adjusting to: vmtf (from: vsid) var_decay:0.95 descr: VMTF
c [full-probe]  bin_only: 1 set: 0 repl: 0 T: 0.01 T-out: N T-r: 99.79%
c rst  luby ibes  vmt   338  102K    2625 19986   924    4.09    4.00  1471  1366   46K    99   27.91   27.86
c rst  luby ibes  vmt   339  102K    2625 19986   924    4.09    4.00  1471  1366   46K    99   27.92   27.87
c [distill] watch-based irred--  cl tried     7392 cl-sh     0 cl-rem    2 lit-rem      0 T: 0.01 T-out: N
c [distill] watch-based   red--  cl tried     2942 cl-sh   111 cl-rem    0 lit-rem    217 T: 0.00 T-out: N
c rst  luby ibes  vmt   340  102K    2625 19935   926    4.09    4.00  1472  1366   46K    98   27.90   27.85
c rst  luby ibes  vmt   341  102K    2625 19935   926    4.09    4.00  1473  1369   46K    98   27.90   27.85
c rst  luby ibes  vmt   342  102K    2625 19935   926    4.09    4.00  1474  1370   46K    98   27.90   27.85
c rst  luby ibes  vmt   343  102K    2625 19935   926    4.09    4.00  1475  1374   46K    98   27.89   27.84
c rst  luby ibes  vmt   344  103K    2625 19935   926    4.09    4.00  1475  1381   47K    98   27.93   27.88
c rst  luby ibes  vmt   345  103K    2625 19935   926    4.09    4.00  1475  1385   47K    98   27.92   27.87
c rst  luby ibes  vmt   346  103K    2625 19935   926    4.09    4.00  1475  1386   47K    98   27.91   27.86
c rst  luby ibes  vmt   347  103K    2625 19935   926    4.09    4.00  1476  1388   47K    98   27.89   27.84
c rst  luby ibes  vmt   348  103K    2625 19935   926    4.09    4.00  1477  1388   47K    98   27.89   27.84
c rst  luby ibes  vmt   349  103K    2625 19935   926    4.09    4.00  1478  1389   47K    98   27.89   27.84
c rst  luby ibes  vmt   350  104K    2625 19935   926    4.09    4.00  1479  1395   48K    98   27.89   27.84
c rst  luby ibes  vmt   351  104K    2625 19935   926    4.09    4.00  1480  1399   48K    98   27.89   27.85
c rst  luby  svd  vmt   352  105K    2625 19935   926    4.09    4.00  1514  1701   36K    98   27.49   27.43
c rst  luby  svd  vmt   353  105K    2625 19935   926    4.09    4.00  1514  1704   36K    98   27.50   27.44
c rst  luby  svd  vmt   354  105K    2625 19935   926    4.09    4.00  1514  1706   36K    98   27.52   27.46
c rst  luby  svd  vmt   355  105K    2625 19935   926    4.09    4.00  1514  1707   36K    98   27.56   27.50
c rst  luby  svd  vmt   356  105K    2625 19935   926    4.09    4.00  1514  1712   36K    98   27.57   27.51
c rst  luby  svd  vmt   357  105K    2625 19935   926    4.09    4.00  1514  1712   36K    98   27.59   27.53
c rst  luby  svd  vmt   358  106K    2625 19935   926    4.09    4.00  1514  1718   36K    98   27.59   27.53
c rst  luby  svd  vmt   359  106K    2625 19935   926    4.09    4.00  1516  1724   37K    98   27.62   27.56
c rst  luby  svd  vmt   360  106K    2625 19935   926    4.09    4.00  1517  1727   37K    98   27.64   27.58
c rst  luby  svd  vmt   361  106K    2625 19935   926    4.09    4.00  1517  1730   37K    98   27.64   27.58
c rst  luby  svd  vmt   362  106K    2625 19935   926    4.09    4.00  1518  1736   37K    98   27.64   27.58
c rst  luby  svd  vmt   363  107K    2625 19935   926    4.09    4.00  1518  1737   37K    98   27.64   27.58
c rst  luby  svd  vmt   364  107K    2625 19935   926    4.09    4.00  1520  1741   37K    98   27.63   27.57
c rst  luby  svd  vmt   365  107K    2625 19935   926    4.09    4.00  1521  1747   38K    98   27.66   27.60
c rst  luby  svd  vmt   366  107K    2625 19935   926    4.09    4.00  1522  1767   38K    98   27.68   27.62
c rst  luby  svd  vmt   367  108K    2625 19935   926    4.09    4.00  1525  1777   39K    98   27.77   27.71
c rst  luby  svd  vmt   368  110K    2625 19935   926    4.09    4.00  1707  1630   40K    98   27.89   27.83
c rst  luby  svd  vmt   369  110K    2625 19935   926    4.09    4.00  1707  1633   40K    98   27.90   27.84
c rst  luby  svd  vmt   370  110K    2625 19935   926    4.09    4.00  1707  1633   41K    98   27.89   27.84
c rst  luby  svd  vmt   371  110K    2625 19935   926    4.09    4.00  1708  1641   41K    98   27.87   27.82
c rst  luby  svd  vmt   372  110K    2625 19935   926    4.09    4.00  1709  1645   41K    98   27.88   27.82
c rst  geom best  vmt   373  110K    2625 19935   926    4.09    4.00  1711  1655   41K    98   27.90   27.84
c rst  geom best  vmt   374  110K    2625 19935   926    4.09    4.00  1713  1658   41K    98   27.93   27.88
c rst  geom best  vmt   375  111K    2625 19935   926    4.09    4.00  1713  1662   41K    98   27.94   27.88
c rst  geom best  vmt   376  111K    2625 19935   926    4.09    4.00  1714  1663   41K    98   27.96   27.91
c rst  geom best  vmt   377  111K    2625 19935   926    4.09    4.00  1718  1668   42K    98   28.00   27.94
c rst  geom best  vmt   378  111K    2625 19935   926    4.09    4.00  1720  1680   42K    98   28.02   27.97
c rst  geom best  vmt   379  111K    2625 19935   926    4.09    4.00  1720  1683   42K    98   28.04   27.99
c rst  geom best  vmt   380  111K    2625 19935   926    4.09    4.00  1721  1686   42K    98   28.05   28.00
c rst  geom best  vmt   381  112K    2625 19935   926    4.09    4.00  1722  1690   42K    98   28.08   28.03
c rst  geom best  vmt   382  112K    2625 19935   926    4.09    4.00  1724  1697   43K    98   28.10   28.04
c [distill-long-red0] cls tried: 478/478 T: 0.03 T-out: N T-r: 99.15%
c [distill-long-red1] cls tried: 51/1483 T: 0.01 T-out: Y T-r: -3.75%
c rst  geom best  vmt   383  112K    2625 19935   926    4.09    4.00  1723  1704   43K    99   28.15   28.09
c rst  geom best  vmt   384  113K    2625 19935   926    4.09    4.00  1723  1708   43K    99   28.17   28.12
c rst  geom best  vmt   385  113K    2625 19935   926    4.09    4.00  1725  1720   43K    99   28.18   28.13
c rst  geom best  vmt   386  113K    2625 19935   926    4.09    4.00  1734  1778   44K    99   28.12   28.07
c rst  geom best  vmt   387  114K    2625 19935   926    4.09    4.00  1735  1787   44K    99   28.02   27.97
c [distill-bin] useful: 1/926/926 lits-rem: 0 cl-rem: 1 0-depth-assigns: 0 T: 0.01 T-out: N
c rst  geom best  vmt   388  114K    2625 19935   925    4.09    4.00  1735  1790   45K    99   27.90   27.85
c rst  geom best  vmt   389  115K    2625 19935   925    4.09    4.00  1735  1804   45K    99   27.80   27.75
c rst  geom best  vmt   390  115K    2625 19935   925    4.09    4.00  1735  1812   46K    99   27.64   27.58
c [gauss] XOR-encoding clauses are not detached, so no need to reattach them.
c [g 0] truth-find prop checks  : 41K
c [g 0] -> of which prop        : 19.36 %
c [g 0] -> of which confl       :  1.16 %
c [g 0] elim called             : 8719
c [g 0] ---> which lead to prop : 28.09 %
c [g 0] ---> which lead to confl:  1.97 %
c [g 0] size: 51    x 459  
c [scc] new: 0 BP 0M T: 0.00
c [vrep] vars 0 lits 0 rem-bin-cls 0 rem-long-cls 0 BP 0M T: 0.01
c [intree] Set 0 vars hyper-added: 24 trans-irred: 0 trans-red: 1 T: 0.02 T-out: N T-r: -2.19%
c [find&init matx] performing matrix init
c [gauss] XOR-encoding clauses are not detached, so no need to reattach them.
c [xor-rem-unconnected] left with 2023 xors from 2027 non-empty xors T: 0.00
c [xor-together] xored together: 1972 orig xors: 2023 new xors: 51 T: 0.00
c [xor-rem-unconnected] left with 51 xors from 51 non-empty xors T: 0.00
c [xor-clean-equiv] removed equivalent xors: 0 left with: 51
c [matrix] unused xors from cleaning: 4
c [matrix] Good   matrix 0 51      x458    density:0.1775  xorlen avg: 81.27
c [matrix] Using 1 matrices recovered from 0 xors T: 0.00 T-out: N
c rst  geom best vmt  391   116 K 2625    19935   925 4.09    4.00     1735  1820   46K   122 27.53   27.47  
c [g  <0] Disabling GJ-elim in this round.  Usefulness was: 17.6739%  over 69147 calls
c rst  geom best vmt  392   116 K 2625    19935   925 4.09    4.00     1737  1838   47K   122 27.39   27.33  
c rst  geom stb  vmt  393   117 K 2625    19935   925 4.09    4.00     1737  1841   48K   122 27.22   27.17  
c [branch] adjusting to: vsid (from: vmtf) var_decay:0.95 descr: VSIDS
c rst  geom stb  vs   394   117 K 2625    19935   925 4.09    4.00     1738  1846   48K   122 27.25   27.19  
c rst  geom stb  vs   395   117 K 2625    19935   925 4.09    4.00     1738  1853   48K   122 27.27   27.21  
c rst  geom stb  vs   396   118 K 2625    19935   925 4.09    4.00     1738  1861   48K   122 27.29   27.23  
c rst  geom stb  vs   397   118 K 2625    19935   925 4.09    4.00     1738  1871   48K   122 27.32   27.26  
c rst  geom stb  vs   398   118 K 2625    19935   925 4.09    4.00     1738  1885   48K   122 27.33   27.27  
c rst  geom stb  vs   399   118 K 2625    19935   925 4.09    4.00     1740  1899   48K   122 27.34   27.28  
c rst  geom stb  vs   400   118 K 2625    19935   925 4.09    4.00     1742  1900   49K   122 27.38   27.32  
c rst  geom stb  vs   401   118 K 2625    19935   925 4.09    4.00     1743  1911   49K   122 27.42   27.36  
c rst  geom stb  vs   402   119 K 2625    19935   925 4.09    4.00     1745  1918   49K   122 27.46   27.40  
c rst  geom stb  vs   403   119 K 2625    19935   925 4.09    4.00     1747  1921   49K   122 27.49   27.43  
c rst  geom stb  vs   404   119 K 2625    19935   925 4.09    4.00     1749  1933   50K   122 27.60   27.54  
c rst  geom stb  vs   405   119 K 2625    19935   925 4.09    4.00     1752  1947   50K   122 27.70   27.64  
c rst  geom stb  vs   406   120 K 2625    19935   925 4.09    4.00     2357  2071   36K   122 27.20   27.12  
c rst  geom stb  vs   407   120 K 2625    19935   925 4.09    4.00     2359  2085   36K   122 27.29   27.22  
c rst  geom stb  vs   408   121 K 2625    19935   925 4.09    4.00     2361  2092   36K   122 27.41   27.33  
c rst  geom stb  vs   409   121 K 2625    19935   925 4.09    4.00     2363  2108   37K   122 27.55   27.48  
c rst  geom stb  vs   410   122 K 2625    19935   925 4.09    4.00     2363  2113   37K   122 27.68   27.60  
c rst  geom stb  vs   411   122 K 2625    19935   925 4.09    4.00     2364  2125   38K   122 27.92   27.85  
c [full-probe]  bin_only: 0 set: 0 repl: 0 T: 0.02 T-out: N T-r: 94.91%
c rst  geom stb  vs   412   123 K 2625    19935   925 4.09    4.00     2365  2135   38K   122 28.18   28.11  
c rst  geom ibes vs   413   123 K 2625    19935   925 4.09    4.00     2366  2141   39K   122 28.17   28.10  
c rst  geom ibes vs   414   124 K 2625    19935   925 4.09    4.00     2366  2145   40K   122 28.10   28.03  
c rst  geom ibes vs   415   125 K 2625    19935   925 4.09    4.00     2369  2150   41K   122 27.99   27.92  
c rst  geom ibes vs   416   126 K 2625    19935   925 4.09    4.00     2371  2152   41K   122 27.84   27.77  
c rst  geom ibes vs   417   127 K 2625    19935   925 4.09    4.00     2374  2156   42K   122 27.74   27.68  
c rst  geom ibes vs   418   128 K 2625    19935   925 4.09    4.00     2376  2168   43K   122 27.63   27.56  
c [distill-long-red0] cls tried: 648/648 T: 0.08 T-out: N T-r: 97.52%
c [distill-long-red1] cls tried: 28/1909 T: 0.01 T-out: Y T-r: -5.74%
c [distill] watch-based irred--  cl tried 7390     cl-sh 0     cl-rem 0    lit-rem 0      T: 0.01 T-out: N
c [distill] watch-based red  --  cl tried 4752     cl-sh 84    cl-rem 0    lit-rem 145    T: 0.01 T-out: N
c rst  geom ibes vs   419   129 K 2625    19935   925 4.09    4.00     2380  2180   45K   122 27.51   27.45  
c rst  geom ibes vs   420   130 K 2625    19935   925 4.09    4.00     2500  2036   46K   122 27.35   27.29  
c rst  geom svd  vs   421   132 K 2625    19935   925 4.09    4.00     2504  2044   47K   122 27.38   27.33  
c rst  geom svd  vs   422   133 K 2625    19935   925 4.09    4.00     2509  2051   49K   122 27.28   27.22  
c [ccnr] tries: 0 steps: 262143 best found: 15
c [ccnr] tries: 0 steps: 524287 best found: 15
c [ccnr] tries: 0 steps: 786431 best found: 15
c [ccnr] saving best assignment phase to stable_polar
c [ccnr] bumping based on var unsat frequency: conflict_ct
c [ccnr] Bumped vars: 2944 bump type: 6
c [ccnr] time: 0.56
c rst  geom svd  vs   423   134 K 2625    19935   925 4.09    4.00     2513  2056   50K   122 27.19   27.13  
c recursive minimization cost OK: 439Kcost/(% lits removed)
c [gauss] XOR-encoding clauses are not detached, so no need to reattach them.
c [g 0] truth-find prop checks  : 49K
c [g 0] -> of which prop        : 17.55 %
c [g 0] -> of which confl       :  0.87 %
c [g 0] elim called             : 12632
c [g 0] ---> which lead to prop : 23.66 %
c [g 0] ---> which lead to confl:  1.65 %
c [g 0] size: 51    x 458  
c --> Executing strategy token: scc-vrepl
c [scc] new: 0 BP 0M T: 0.00
c --> Executing strategy token: sub-impl
c [impl-sub] bin: 0 T: 0.00 T-out: N w-visit: 5888
c --> Executing strategy token: breakid
c --> Executing OCC strategy token(s): 'occ-backw-sub-str,occ-clean-implicit,occ-bve,occ-bva,occ-ternary-res,occ-xor,'
c [occ] mem usage for occur 1      MB
c [occ] Linked in IRRED BIN by default: 925
c [occ] Linked in RED   BIN by default: 122
c [occ] mem usage for occur 0      MB
c Mem for watch alloc      : 8           MB (22.16     %)
c Mem for watch array      : 0           MB (0.36      %)
c --> Executing OCC strategy token: occ-backw-sub-str
c [occ-backw-sub-str-long-w-bins] subs: 0 str: 106 tried: 5327 0-depth ass: 0 T: 0.00 T-out: N T-r: 99.59%
c [occ-backw-sub-long-w-long] rem cl: 757 tried: 74550/74550 (100.0%) T: 0.02 T-out: N T-r: 92.80%
c [occ-backw-sub-str-long-w-long] sub: 1 str: 125 tried: 223650/74550 (300.0)  T: 0.09 T-out: N T-r: 83.90%
c --> Executing OCC strategy token: occ-clean-implicit
c --> Executing OCC strategy token: occ-bve
c [occ-empty-res] Empty resolvent elimed: 0 T: 0.00 T-out: N
c [occ-bve] iter v-elim 0
c cl_inc_rate=1.0, var_dec_rate=1.0 (grow=0)
c Reduced to 2625 vars, 20391 cls (grow=0)
c [occ-bve] iter v-elim 19
c cl_inc_rate=1.0, var_dec_rate=1.0 (grow=8)
c Reduced to 2606 vars, 20434 cls (grow=8)
c x n vars       : 2606
c #try to eliminate:  5342
c #var-elim        :    19
c #T-o: N
c #T-r: 99.99%
c #T  : 0.10
c [occur] 0.04 is overhead
c [occur] link-in T: 0.04 cleanup T: 0.00
c --> Executing OCC strategy token: occ-bva
c --> Executing OCC strategy token: occ-ternary-res
c [occ-ternary-res] Ternary res-tri: 3 res-bin: 0 sub: 1 str: 0 T: 0.00 T-out: N T-r: 99.68%
c --> Executing OCC strategy token: occ-xor
c [occ-xor] sort occur list T: 0.00
c [xor-clean-equiv] removed equivalent xors: 0 left with: 2014
c [occ-xor] found   2014 avg sz 4.0 min sz  4 max sz  5 T: 0.01 T-out: N T-r: 99.98%
c --> Executing strategy token: card-find
c --> Executing strategy token: cl-consolidate
c Not consolidating memory.
c --> Executing strategy token: scc-vrepl
c [scc] new: 0 BP 0M T: 0.00
c --> Executing strategy token: renumber
c --> Executing strategy token: bosphorus
c --> Executing strategy token: louvain-comms
c [consolidate] mini T: 0.00
c global_timeout_multiplier: 3.6300
c [branch] rebuilding order heap for all branchings. Current branching: vsid
c [find&init matx] performing matrix init
c [gauss] XOR-encoding clauses are not detached, so no need to reattach them.
c [xor-rem-unconnected] left with 2011 xors from 2014 non-empty xors T: 0.00
c [xor-together] xored together: 1960 orig xors: 2011 new xors: 51 T: 0.00
c [xor-rem-unconnected] left with 51 xors from 51 non-empty xors T: 0.00
c [xor-clean-equiv] removed equivalent xors: 0 left with: 51
c [matrix] unused xors from cleaning: 3
c [matrix] Good   matrix  0     51 x  461  density:0.1763  xorlen avg: 81.27
c [matrix] Using 1 matrices recovered from 0 xors T: 0.00 T-out: N
c [distill-bin] useful: 3/908/908 lits-rem: 0 cl-rem: 3 0-depth-assigns: 0 T: 0.01 T-out: N
c rst  geom  svd   vs   424  135K    2606 19526   905    4.10    4.01  2214  2276   36K   121   26.08   26.01
c [branch] adjusting to: vmtf (from: vsid) var_decay:0.95 descr: VMTF
c rst  luby  svd  vmt   425  135K    2606 19526   905    4.10    4.01  2219  2294   36K   122   26.09   26.02
c rst  luby  svd  vmt   426  135K    2606 19526   905    4.10    4.01  2219  2294   36K   122   26.10   26.03
c rst  luby  svd  vmt   427  135K    2606 19526   905    4.10    4.01  2219  2294   37K   122   26.14   26.07
c rst  luby  svd  vmt   428  135K    2606 19526   905    4.10    4.01  2219  2294   37K   122   26.19   26.12
c rst  luby  svd  vmt   429  135K    2606 19526   905    4.10    4.01  2219  2295   37K   122   26.19   26.12
c rst  luby  svd  vmt   430  136K    2606 19526   905    4.10    4.01  2219  2295   37K   122   26.18   26.11
c rst  luby  svd  vmt   431  136K    2606 19526   905    4.10    4.01  2219  2295   37K   122   26.15   26.08
c rst  luby  svd  vmt   432  136K    2606 19526   905    4.10    4.01  2219  2295   38K   122   26.13   26.06
c rst  luby  svd  vmt   433  136K    2606 19526   905    4.10    4.01  2219  2295   38K   122   26.14   26.07
c rst  luby  svd  vmt   434  136K    2606 19526   905    4.10    4.01  2219  2295   38K   122   26.12   26.05
c rst  luby  svd  vmt   435  137K    2606 19526   905    4.10    4.01  2219  2295   38K   122   26.11   26.05
c rst  luby  svd  vmt   436  137K    2606 19526   905    4.10    4.01  2219  2295   38K   122   26.14   26.07
c rst  geom best  vmt   437  137K    2606 19526   905    4.10    4.01  2219  2295   38K   122   26.14   26.07
c rst  geom best  vmt   438  137K    2606 19526   905    4.10    4.01  2219  2295   38K   122   26.12   26.05
c rst  geom best  vmt   439  137K    2606 19526   905    4.10    4.01  2219  2295   38K   122   26.12   26.06
c rst  geom best  vmt   440  137K    2606 19526   905    4.10    4.01  2219  2295   39K   122   26.10   26.04
c rst  geom best  vmt   441  137K    2606 19526   905    4.10    4.01  2219  2295   39K   123   26.09   26.02
c rst  geom best  vmt   442  138K    2606 19526   905    4.10    4.01  2220  2295   39K   123   26.08   26.01
c rst  geom best  vmt   443  138K    2606 19526   905    4.10    4.01  2220  2295   39K   123   26.07   26.01
c rst  geom best  vmt   444  138K    2606 19526   905    4.10    4.01  2220  2295   39K   123   26.14   26.08
c rst  geom best  vmt   445  138K    2606 19526   905    4.10    4.01  2220  2295   40K   123   26.15   26.09
c rst  geom best  vmt   446  138K    2606 19526   905    4.10    4.01  2220  2295   40K   123   26.13   26.06
c rst  geom best  vmt   447  139K    2606 19526   905    4.10    4.01  2220  2295   40K   123   26.13   26.07
c rst  geom best  vmt   448  139K    2606 19526   905    4.10    4.01  2220  2295   40K   123   26.25   26.18
c rst  geom best  vmt   449  139K    2606 19526   905    4.10    4.01  2220  2295   41K   123   26.30   26.24
c rst  geom best  vmt   450  140K    2606 19526   905    4.10    4.01  2226  2218   41K   123   26.35   26.28
c rst  geom best  vmt   451  140K    2606 19526   905    4.10    4.01  2226  2218   42K   123   26.31   26.25
c rst  geom best  vmt   452  141K    2606 19526   905    4.10    4.01  2226  2219   42K   123   26.32   26.26
c rst  geom best  vmt   453  141K    2606 19526   905    4.10    4.01  2226  2219   43K   123   26.29   26.22
c rst  geom best  vmt   454  142K    2606 19526   905    4.10    4.01  2226  2219   43K   123   26.30   26.24
c rst  geom best  vmt   455  142K    2606 19526   905    4.10    4.01  2226  2222   44K   123   26.36   26.30
c [full-probe]  bin_only: 1 set: 0 repl: 0 T: 0.02 T-out: N T-r: 99.48%
c rst  geom best  vmt   456  143K    2606 19526   905    4.10    4.01  2226  2222   44K   123   26.38   26.32
c [distill-long-red0] cls tried: 250/250 T: 0.02 T-out: N T-r: 99.40%
c [distill-long-red1] cls tried: 29/1988 T: 0.01 T-out: Y T-r: -2.50%
c rst  geom best  vmt   457  144K    2606 19526   905    4.10    4.01  2226  2222   45K   123   26.34   26.29
c rst  geom  stb  vmt   458  144K    2606 19526   905    4.10    4.01  2226  2222   46K   123   26.40   26.35
c rst  geom  stb  vmt   459  145K    2606 19526   905    4.10    4.01  2226  2222   47K   123   26.48   26.42
c rst  geom  stb  vmt   460  146K    2606 19526   905    4.10    4.01  2228  2223   48K   123   26.52   26.47
c rst  geom  stb  vmt   461  147K    2606 19526   905    4.10    4.01  2228  2223   49K   123   26.65   26.59
c rst  geom  stb  vmt   462  148K    2606 19526   905    4.10    4.01  2229  2225   50K   123   26.85   26.79
c rst  geom  stb  vmt   463  150K    2606 19526   905    4.10    4.01  2236  2073   37K   123   25.64   25.57
c rst  geom  stb  vmt   464  151K    2606 19526   905    4.10    4.01  2237  2073   39K   123   25.95   25.88
c rst  geom ibes  vmt   465  153K    2606 19526   905    4.10    4.01  2252  2331   40K   123   25.62   25.56
c rst  geom ibes  vmt   466  154K    2606 19526   905    4.10    4.01  2253  2353   42K   123   25.15   25.09
c [branch] adjusting to: vsid (from: vmtf) var_decay:0.95 descr: VSIDS
c [distill-bin] useful: 0/905/905 lits-rem: 0 cl-rem: 0 0-depth-assigns: 0 T: 0.01 T-out: N
c [distill] watch-based irred--  cl tried     6490 cl-sh     1 cl-rem    2 lit-rem      1 T: 0.01 T-out: N
c [distill] watch-based   red--  cl tried     4505 cl-sh     9 cl-rem    1 lit-rem     16 T: 0.01 T-out: N
c rst  geom ibes   vs   467  154K    2606 19523   907    4.10    4.01  2252  2353   42K   122   25.15   25.09
c rst  geom ibes   vs   468  155K    2606 19523   907    4.10    4.01  2252  2353   42K   122   25.16   25.10
c rst  geom ibes   vs   469  155K    2606 19523   907    4.10    4.01  2252  2353   42K   122   25.14   25.08
c rst  geom ibes   vs   470  155K    2606 19523   907    4.10    4.01  2252  2353   42K   122   25.11   25.05
c rst  geom ibes   vs   471  155K    2606 19523   907    4.10    4.01  2252  2353   42K   122   25.10   25.05
c rst  geom ibes   vs   472  155K    2606 19523   907    4.10    4.01  2252  2353   43K   122   25.13   25.08
c rst  geom ibes   vs   473  155K    2606 19523   907    4.10    4.01  2252  2353   43K   122   25.11   25.05
c rst  geom ibes   vs   474  156K    2606 19523   907    4.10    4.01  2252  2353   43K   122   25.09   25.03
c rst  geom ibes   vs   475  156K    2606 19523   907    4.10    4.01  2252  2353   43K   122   25.03   24.98
c rst  geom ibes   vs   476  156K    2606 19523   907    4.10    4.01  2252  2353   43K   122   24.98   24.93
c rst  geom ibes   vs   477  156K    2606 19523   907    4.10    4.01  2252  2353   44K   122   24.97   24.92
c rst  geom ibes   vs   478  157K    2606 19523   907    4.10    4.01  2252  2353   44K   122   25.02   24.96
c rst  geom ibes   vs   479  157K    2606 19523   907    4.10    4.01  2252  2354   44K   122   25.00   24.94
c rst  geom ibes   vs   480  157K    2606 19523   907    4.10    4.01  2252  2354   45K   122   24.92   24.86
c rst  geom ibes   vs   481  158K    2606 19523   907    4.10    4.01  2252  2355   45K   122   24.88   24.82
c rst  geom  svd   vs   482  158K    2606 19523   907    4.10    4.01  2252  2355   46K   122   24.91   24.85
c [distill-long-red0] cls tried: 34/34 T: 0.01 T-out: N T-r: 99.88%
c [distill-long-red1] cls tried: 25/2136 T: 0.01 T-out: Y T-r: -7.89%
c rst  geom  svd   vs   483  159K    2606 19523   907    4.10    4.01  2252  2355   46K   122   24.98   24.93
c rst  geom  svd   vs   484  159K    2606 19523   907    4.10    4.01  2252  2355   47K   122   25.03   24.98
c rst  geom  svd   vs   485  160K    2606 19523   907    4.10    4.01  2436  1859   48K   122   25.10   25.04
c rst  geom  svd   vs   486  161K    2606 19523   907    4.10    4.01  2436  1859   48K   122   25.16   25.11
c [impl-str] lit bin: 0 set-var: 0 T: 0.00 T-out: N T-r: 99.95% w-visit: 5888
c [impl-sub] bin: 1 T: 0.00 T-out: N w-visit: 5888
c rst  geom  svd   vs   487  161K    2606 19523   907    4.10    4.01  2436  1859   49K   121   25.23   25.18
c rst  geom  svd   vs   488  162K    2606 19523   907    4.10    4.01  2436  1859   50K   121   25.33   25.28
c rst  geom  svd   vs   489  163K    2606 19523   907    4.10    4.01  2436  1859   51K   121   25.54   25.49
c [full-probe]  bin_only: 0 set: 0 repl: 0 T: 0.02 T-out: N T-r: 95.32%
c rst  geom  svd   vs   490  164K    2606 19523   907    4.10    4.01  2436  1859   52K   123   25.53   25.48
c rst  geom  svd   vs   491  165K    2606 19523   907    4.10    4.01  2469  2151   38K   123   24.56   24.50
c rst  geom best   vs   492  166K    2606 19523   907    4.10    4.01  2469  2151   39K   123   24.50   24.43
c rst  geom best   vs   493  167K    2606 19523   907    4.10    4.01  2471  2153   41K   123   24.61   24.55
c rst  geom best   vs   494  169K    2606 19523   907    4.10    4.01  2471  2157   42K   123   24.80   24.74
c rst  geom best   vs   495  170K    2606 19523   907    4.10    4.01  2480  2113   43K   123   24.81   24.76
c rst  geom best   vs   496  172K    2606 19523   907    4.10    4.01  2480  2113   45K   123   24.96   24.91
c rst  geom  stb   vs   497  174K    2606 19523   907    4.10    4.01  2482  2113   47K   123   25.21   25.16
c [distill-long-red0] cls tried: 222/222 T: 0.02 T-out: N T-r: 99.49%
c [distill-long-red1] cls tried: 27/1917 T: 0.01 T-out: Y T-r: -7.14%
c rst  geom  stb   vs   498  176K    2606 19523   907    4.10    4.01  2483  2113   49K   123   25.48   25.43
c [branch] adjusting to: vmtf (from: vsid) var_decay:0.95 descr: VMTF
c [distill-bin] useful: 1/907/907 lits-rem: 0 cl-rem: 1 0-depth-assigns: 0 T: 0.01 T-out: N
c rst  luby  stb  vmt   499  176K    2606 19523   906    4.10    4.01  2483  2113   49K   123   25.47   25.42
c rst  luby  stb  vmt   500  176K    2606 19523   906    4.10    4.01  2484  2114   49K   123   25.45   25.40
c rst  luby  stb  vmt   501  176K    2606 19523   906    4.10    4.01  2484  2114   49K   123   25.42   25.37
c rst  luby  stb  vmt   502  176K    2606 19523   906    4.10    4.01  2484  2114   50K   123   25.41   25.36
c rst  luby  stb  vmt   503  177K    2606 19523   906    4.10    4.01  2484  2115   50K   123   25.40   25.35
c rst  luby  stb  vmt   504  177K    2606 19523   906    4.10    4.01  2484  2117   50K   123   25.39   25.33
c rst  luby  stb  vmt   505  177K    2606 19523   906    4.10    4.01  2484  2122   50K   123   25.33   25.28
c [ccnr] tries: 0 steps: 262143 best found: 12
c [ccnr] tries: 0 steps: 524287 best found: 11
c [ccnr] tries: 0 steps: 786431 best found: 11
c [ccnr] saving best assignment phase to stable_polar
c [ccnr] bumping based on clause weights
c [ccnr] Bumped vars: 102 bump type: 6
c [ccnr] time: 0.55
c rst  luby  stb  vmt   506  177K    2606 19523   906    4.10    4.01  2484  2124   50K   123   25.34   25.28
c rst  luby  stb  vmt   507  177K    2606 19523   906    4.10    4.01  2484  2125   50K   123   25.32   25.27
c rst  luby  stb  vmt   508  178K    2606 19523   906    4.10    4.01  2484  2125   51K   123   25.29   25.24
c rst  luby  stb  vmt   509  178K    2606 19523   906    4.10    4.01  2484  2125   51K   123   25.27   25.22
c rst  luby  stb  vmt   510  178K    2606 19523   906    4.10    4.01  2484  2125   51K   123   25.25   25.20
c rst  luby  stb  vmt   511  178K    2606 19523   906    4.10    4.01  2484  2125   51K   123   25.23   25.18
c rst  luby  stb  vmt   512  178K    2606 19523   906    4.10    4.01  2484  2127   51K   123   25.17   25.12
c rst  luby  stb  vmt   513  179K    2606 19523   906    4.10    4.01  2485  2136   52K   123   25.04   24.99
c rst  luby ibes  vmt   514  179K    2606 19523   906    4.10    4.01  2485  2137   52K   123   25.02   24.97
c rst  luby ibes  vmt   515  179K    2606 19523   906    4.10    4.01  2485  2137   52K   123   25.01   24.96
c [distill] watch-based irred--  cl tried     6486 cl-sh     0 cl-rem    0 lit-rem      0 T: 0.01 T-out: N
c [distill] watch-based   red--  cl tried     4970 cl-sh    12 cl-rem    0 lit-rem     55 T: 0.01 T-out: N
c rst  luby ibes  vmt   516  180K    2606 19523   906    4.10    4.01  2552  2080   38K   123   24.65   24.58
c rst  luby ibes  vmt   517  180K    2606 19523   906    4.10    4.01  2552  2085   38K   123   24.63   24.56
c rst  luby ibes  vmt   518  180K    2606 19523   906    4.10    4.01  2552  2085   38K   123   24.60   24.54
c rst  luby ibes  vmt   519  180K    2606 19523   906    4.10    4.01  2552  2089   38K   123   24.55   24.49
c rst  luby ibes  vmt   520  180K    2606 19523   906    4.10    4.01  2552  2093   39K   123   24.45   24.38
c [gauss] XOR-encoding clauses are not detached, so no need to reattach them.
c [g 0] truth-find prop checks  : 1151K
c [g 0] -> of which prop        : 53.72 %
c [g 0] -> of which confl       :  1.92 %
c [g 0] elim called             : 111K
c [g 0] ---> which lead to prop : 47.39 %
c [g 0] ---> which lead to confl:  1.80 %
c [g 0] size: 51    x 461  
c [scc] new: 1 BP 0M T: 0.00
c [vrep] vars 1 lits 4869 rem-bin-cls 6 rem-long-cls 0 BP 0M T: 0.01
c [scc] new: 0 BP 0M T: 0.00
c [vrep] vars 0 lits 0 rem-bin-cls 0 rem-long-cls 0 BP 0M T: 0.00
c [intree] Set 0 vars hyper-added: 26 trans-irred: 0 trans-red: 2 T: 0.01 T-out: N T-r: -1.75%
c [find&init matx] performing matrix init
c [gauss] XOR-encoding clauses are not detached, so no need to reattach them.
c [xor-rem-unconnected] left with 2011 xors from 2014 non-empty xors T: 0.00
c [xor-together] xored together: 1960 orig xors: 2011 new xors: 51 T: 0.00
c [xor-rem-unconnected] left with 51 xors from 51 non-empty xors T: 0.00
c [xor-clean-equiv] removed equivalent xors: 0 left with: 51
c [matrix] unused xors from cleaning: 3
c [matrix] Good   matrix 0 51      x460    density:0.1767  xorlen avg: 81.27
c [matrix] Using 1 matrices recovered from 0 xors T: 0.00 T-out: N
c rst  luby ibes vmt  521   180 K 2605    19523   904 4.10    4.01     2552  2096   39K   145 24.42   24.34  
c rst  luby ibes vmt  522   181 K 2605    19523   904 4.10    4.01     2552  2098   39K   145 24.40   24.32  
c rst  luby ibes vmt  523   181 K 2605    19523   904 4.10    4.01     2554  2105   39K   145 24.35   24.28  
c rst  luby ibes vmt  524   181 K 2605    19523   904 4.10    4.01     2555  2105   39K   145 24.33   24.25  
c rst  luby ibes vmt  525   181 K 2605    19523   904 4.10    4.01     2555  2105   39K   145 24.30   24.22  
c rst  luby ibes vmt  526   181 K 2605    19523   904 4.10    4.01     2555  2108   39K   145 24.28   24.21  
c [g  <0] Disabling GJ-elim in this round.  Usefulness was: 19.0941%  over 64575 calls
c rst  luby ibes vmt  527   182 K 2605    19523   904 4.10    4.01     2556  2112   40K   145 24.18   24.11  
c rst  luby ibes vmt  528   182 K 2605    19523   904 4.10    4.01     2558  2132   41K   145 23.97   23.90  
c rst  luby ibes vmt  529   184 K 2605    19523   904 4.10    4.01     2558  2139   42K   145 23.72   23.65  
c [full-probe]  bin_only: 1 set: 0 repl: 0 T: 0.01 T-out: N T-r: 99.74%
c rst  luby ibes vmt  530   184 K 2605    19523   904 4.10    4.01     2558  2139   42K   145 23.69   23.63  
c rst  luby ibes vmt  531   184 K 2605    19523   904 4.10    4.01     2558  2140   42K   145 23.66   23.60  
c rst  luby ibes vmt  532   184 K 2605    19523   904 4.10    4.01     2558  2143   43K   145 23.61   23.54  
c rst  luby ibes vmt  533   185 K 2605    19523   904 4.10    4.01     2558  2147   43K   145 23.59   23.52  
c rst  luby ibes vmt  534   185 K 2605    19523   904 4.10    4.01     2558  2151   43K   145 23.58   23.52  
c rst  luby ibes vmt  535   185 K 2605    19523   904 4.10    4.01     2558  2182   43K   145 23.55   23.49  
c rst  luby ibes vmt  536   185 K 2605    19523   904 4.10    4.01     2559  2197   43K   145 23.53   23.46  
c rst  luby ibes vmt  537   185 K 2605    19523   904 4.10    4.01     2559  2201   44K   145 23.51   23.44  
c rst  luby ibes vmt  538   185 K 2605    19523   904 4.10    4.01     2559  2204   44K   145 23.49   23.43  
c rst  luby ibes vmt  539   186 K 2605    19523   904 4.10    4.01     2559  2214   44K   145 23.44   23.38  
c ------- FINAL TOTAL SEARCH STATS ---------
c UIP search time          : 27.75       (98.03     % time)
c All times are for this thread only except if explicitly specified
c restarts                 : 539         (345.24    confls per restart)
c blocked restarts         : 0           (0.00      per normal restart)
c time                     : 27.75       
c decisions                : 206597      (0.00      % random)
c propagations             : 20M         (750K      props/s)
c decisions/conflicts      : 1.11        
c conflicts                : 186083      
c LEARNT stats
c units learnt             : 0           (0.00      % of conflicts)
c bins learnt              : 53          (0.03      % of conflicts)
c long learnt              : 186300      (100.12    % of conflicts)
c red which0               : 614         (0.33      % of confl)
c SEAMLESS HYPERBIN&TRANS-RED stats
c advProp called           : 0           
c hyper-bin add bin        : 0           (0.00      bin/call)
c trans-red rem irred bin  : 0           (0.00      bin/call)
c trans-red rem red bin    : 0           (0.00      bin/call)
c CONFL LITS stats
c orig                     : 33676828    (180.98    lit/confl)
c recurs-min effective     : 174285      (93.66     % attempt successful)
c recurs-min lits          : 27681508    (82.20     % less overall)
c permDiff call%           : 1.90        (0.00      % attempt successful)
c permDiff lits-rem        : 0           (0.00      less lits/cl on attempts)
c further-min call%        : 0.02        (38.46     % attempt successful)
c bintri-min lits          : 49          (0.00      % less overall)
c final avg                : 32.22       
c all-threads sum CPU time : 27.75        s
c PROP stats
c Mbogo-props              : 61.09       (2.20      / sec)
c MHyper-props             : 0.05        (0.00      / sec)
c Mprops                   : 20.83       (0.75      / sec)
c -------- OccSimplifier STATS ----------
c time                     : 0.38        (0.00      % var-elim)
c called                   : 2           (0.19      s per call)
c 0-depth assigns          : 0           (0.00      % vars)
c -------- OccSimplifier STATS END ----------
c -------- SubsumeStrengthen STATS ----------
c cl-subs                  : 866          Clauses
c cl-str rem lit           : 324          Lits
c cl-sub T                 : 0.05         s
c cl-str T                 : 0.22         s
c -------- SubsumeStrengthen STATS END ----------
c ----- SCC STATS --------
c time                     : 0.00        (0.00      per call)
c called                   : 9           (1.33      new found per call)
c found                    : 12          (50.00     % of all found)
c bogoprops                : 323775      % of all found
c ----- SCC STATS END --------
c --------- VAR REPLACE STATS ----------
c time                     : 0.08        (0.01      per call)
c trees' crown             : 12          (0.41      % of vars)
c 0-depth assigns          : 0           (0.00      % vars)
c lits replaced            : 37595       
c bin cls removed          : 56          
c long cls removed         : 45          
c long lits removed        : 5075        
c bogoprops                : 1499725     
c --------- VAR REPLACE STATS END ----------
c vrep replace time        : 0.08        (0.29      % time)
c vrep tree roots          : 7           
c vrep trees' crown        : 12          (1.71      leafs/tree)
c -------- DISTILL-BIN STATS --------
c time                     : 0.10        (0.01      per call)
c timed out                : 2           (22.22     % of calls)
c distill/checked/potential: 0          /10019/10436
c lits-rem                 : 0           
c 0-depth-assigns          : 0           (0.00      % of vars)
c -------- DISTILL STATS END --------
c -------- STRENGTHEN STATS --------
c --> watch-based on irred cls
c time                     : 0.04        (0.00      s/call)
c shrinked/tried/total     : 158        /38623/270943
c subsumed/tried/total     : 175        /38623/270943
c lits-rem                 : 163         (0.10      % of lits tried)
c called                   : 14          (0.00      % ran out of time)
c --> watch-based on red cls
c time                     : 0.03        (0.00      s/call)
c shrinked/tried/total     : 406        /19961/19961
c subsumed/tried/total     : 5          /19961/19961
c lits-rem                 : 834         (0.65      % of lits tried)
c called                   : 14          (0.00      % ran out of time)
c -------- STRENGTHEN STATS END --------
c -------- IMPLICIT SUB  STATS --------
c time                     : 0.01        (0.00      per call)
c timed out                : 0           (0.00      % of calls)
c rem bins                 : 43          
c -------- IMPLICIT SUB STATS END --------
c Mem used                 : 39          MB
c Mem for longclauses      : 9           MB (23.85     %)
c Mem for watch alloc      : 10          MB (25.72     %)
c Mem for watch array      : 0           MB (0.34      %)
c Mem for assings&vardata  : 0           MB (0.19      %)
c Mem for search&solve     : 0           MB (0.55      %)
c Mem for renumberer       : 0           MB (0.07      %)
c Mem for occsimplifier    : 0           MB (1.84      %)
c Mem for varReplacer&SCC  : 0           MB (0.16      %)
c Mem for impl subsume     : 0           MB (0.00      %)
c Mem for 3 distills       : 0           MB (0.00      %)
c Accounted for mem (rss)  : 52.72       %
c Accounted for mem (vm)   : 45.81       %
c restarts                 : 539         (345.24    confls per restart)
c blocked restarts         : 0           (0.00      per normal restart)
c time                     : 27.75       
c decisions                : 206597      (0.00      % random)
c propagations             : 20M         (750K      props/s)
c decisions/conflicts      : 1.11        
c conflicts                : 186083      
c conf lits non-minim      : 33676828    (180.98    lit/confl)
c conf lits final          : 32.22       
c red which0               : 614         (0.33      % of confl)
c props/decision           : 0.00        
c props/conflict           : 0.00        
c 0-depth assigns          : 3           (0.10      % vars)
c 0-depth assigns by CNF   : 2           (0.07      % vars)
c reduceDB time            : 0.06        (0.21      % time)
c OccSimplifier time       : 0.38        (1.33      % time)
c [occur] 0.09 is overhead
c [occur] link-in T: 0.08 cleanup T: 0.02
c [occ-substr] long subBySub: 861 subByStr: 5 lits-rem-str: 324 T: 0.27
c SCC time                 : 0.00        (0.01      % time)
c [scc] new: 12 BP 0M  T: 0.00
c vrep replace time        : 0.08        (0.29      % time)
c vrep tree roots          : 7           
c vrep trees' crown        : 12          (1.71      leafs/tree)
c distill long time        : 0.43        (1.50      % time)
c distill bin time         : 0.10        (0.36      % time)
c strength cache-irred time: 0.04        (0.14      % time)
c strength cache-red time  : 0.03        (0.10      % time)
c avg cls in red 0         : 1259.10     
c avg cls in red 1         : 1243.48     
c avg cls in red 2         : 35548.43    
c Conflicts in UIP         : 186083      (6573.58   confl/time_this_thread)
c Max Memory (rss) used    : 40504 kB    
c Total time (this thread) : 28.31       
s SATISFIABLE
v 1 2 -3 4 -5 -6 -7 8 9 -10 -11 12 13 -14 15 -16 17 -18 -19 20 21 -22 -23 24 -25 
v 26 27 -28 -29 30 -31 -32 -33 -34 -35 -36 -37 38 39 -40 -41 42 -43 -44 -45 -46 
v -47 -48 -49 -50 -51 -52 -53 -54 55 -56 57 -58 59 -60 61 -62 63 -64 65 -66 -67 
v -68 -69 -70 -71 -72 73 -74 75 -76 77 -78 -79 -80 -81 -82 -83 -84 -85 -86 -87 
v -88 -89 -90 -91 -92 -93 -94 -95 -96 97 -98 99 -100 101 -102 103 -104 105 -106 
v 107 -108 -109 -110 -111 -112 -113 -114 -115 -116 -117 -118 -119 -120 121 -122 
v 123 -124 125 -126 -127 -128 -129 -130 -131 -132 133 -134 135 -136 137 -138 
v 139 -140 141 -142 143 -144 -145 -146 -147 -148 -149 -150 -151 -152 -153 -154 
v -155 -156 157 -158 159 -160 161 -162 -163 -164 -165 -166 -167 -168 169 -170 
v 171 -172 173 -174 175 -176 177 -178 179 -180 -181 -182 -183 -184 -185 -186 
v -187 -188 -189 -190 -191 -192 193 -194 195 -196 197 -198 -199 -200 -201 -202 
v -203 -204 -205 -206 -207 -208 -209 -210 -211 -212 -213 -214 -215 -216 -217 
v -218 -219 -220 -221 -222 -223 -224 -225 -226 -227 -228 -229 -230 -231 -232 
v -233 -234 -235 -236 -237 -238 -239 -240 241 -242 243 -244 245 -246 247 -248 
v 249 -250 251 -252 -253 -254 -255 -256 -257 -258 -259 -260 -261 -262 -263 -264 
v 265 -266 267 -268 269 -270 -271 -272 -273 -274 -275 -276 -277 -278 -279 -280 
v -281 -282 -283 -284 -285 -286 -287 -288 -289 -290 -291 -292 -293 -294 -295 
v -296 -297 -298 -299 -300 -301 -302 -303 -304 -305 -306 -307 -308 -309 -310 
v -311 -312 -313 -314 -315 -316 -317 -318 -319 -320 -321 -322 -323 -324 -325 
v -326 -327 -328 -329 -330 -331 -332 -333 -334 -335 -336 -337 -338 -339 -340 
v -341 -342 -343 -344 -345 346 347 348 349 350 -351 -352 353 -354 -355 -356 357 
v 358 -359 -360 361 -362 -363 364 -365 -366 367 368 -369 -370 -371 372 -373 
v -374 -375 -376 -377 -378 -379 -380 -381 -382 -383 -384 -385 -386 -387 -388 
v -389 -390 -391 -392 -393 -394 -395 -396 -397 -398 -399 -400 -401 -402 -403 
v -404 -405 -406 -407 -408 -409 -410 -411 -412 -413 -414 -415 -416 -417 -418 
v -419 -420 -421 -422 -423 -424 425 -426 -427 428 -429 -430 431 432 -433 -434 
v -435 436 -437 -438 -439 -440 441 -442 -443 444 -445 -446 447 448 -449 -450 
v -451 452 -453 -454 -455 -456 457 -458 -459 460 -461 -462 463 464 -465 -466 
v -467 468 -469 -470 -471 -472 473 -474 -475 476 -477 -478 479 480 -481 -482 
v -483 484 -485 -486 -487 -488 489 -490 -491 492 -493 -494 495 496 -497 -498 
v -499 500 -501 -502 -503 -504 -505 -506 -507 -508 -509 -510 -511 -512 -513 
v -514 -515 -516 -517 -518 -519 -520 -521 -522 -523 -524 -525 -526 -527 -528 
v -529 -530 -531 -532 -533 -534 -535 -536 537 -538 -539 540 -541 -542 543 544 
v -545 -546 -547 548 -549 -550 -551 -552 -553 -554 -555 -556 -557 -558 -559 
v -560 -561 -562 -563 -564 -565 -566 -567 -568 -569 -570 -571 -572 -573 -574 
v -575 -576 -577 -578 -579 -580 -581 -582 -583 -584 -585 -586 -587 -588 -589 
v -590 -591 -592 -593 -594 -595 -596 -597 -598 -599 -600 601 -602 -603 604 -605 
v -606 607 608 -609 -610 -611 612 -613 -614 -615 -616 617 -618 -619 620 -621 
v -622 623 624 -625 -626 -627 628 -629 -630 -631 -632 -633 -634 -635 -636 -637 
v -638 -639 -640 -641 -642 -643 -644 -645 -646 -647 -648 -649 -650 -651 -652 
v -653 -654 -655 -656 -657 -658 -659 -660 -661 -662 -663 -664 665 -666 -667 668 
v 669 -670 -671 -672 673 -674 -675 -676 -677 -678 -679 -680 -681 -682 -683 -684 
v -685 -686 -687 -688 -689 -690 -691 -692 -693 -694 -695 -696 -697 -698 -699 
v -700 -701 -702 -703 704 705 -706 -707 -708 709 -710 -711 -712 -713 -714 -715 
v -716 -717 -718 -719 -720 -721 -722 -723 -724 -725 -726 -727 -728 -729 -730 
v -731 732 -733 -734 -735 736 -737 -738 -739 -740 -741 -742 743 -744 -745 -746 
v -747 -748 -749 -750 -751 -752 -753 -754 -755 -756 -757 -758 -759 -760 -761 
v -762 -763 -764 -765 -766 -767 768 769 770 771 772 773 774 -775 -776 -777 -778 
v -779 -780 -781 -782 -783 -784 -785 -786 -787 -788 -789 -790 -791 -792 -793 
v -794 -795 -796 -797 798 799 800 801 802 803 -804 -805 -806 -807 -808 0
c [g 0] truth-find prop checks  : 47K
c [g 0] -> of which prop        : 16.91 %
c [g 0] -> of which confl       :  0.99 %
c [g 0] elim called             : 11057
c [g 0] ---> which lead to prop : 32.93 %
c [g 0] ---> which lead to confl:  2.19 %
c [g 0] size: 51    x 460  

real	0m28.656s
user	0m28.309s
sys	0m0.043s
