c BreakID not compiled in, disabling
c CryptoMiniSat version 5.11.19
c CMS Copyright (C) 2009-2020 Authors of CryptoMiniSat, see AUTHORS file
c CMS SHA revision b80e09ebd7703fc13b987401d693d7d406a50441
c Using VMTF code by Armin Biere from CaDiCaL
c Using Yalsat by Armin Biere, see Balint et al. Improving implementation of SLS solvers [...], SAT'14
c Using WalkSAT by Henry Kautz, see Kautz and Selman Pushing the envelope: planning, propositional logic, and stochastic search, AAAI'96,
c CMS is MIT licensed
c Using code from 'When Boolean Satisfiability Meets Gauss-E. in a Simplex Way'
c       by C.-S. Han and J.-H. Roland Jiang in CAV 2012. Fixes by M. Soos
c Using CCAnr from 'CCAnr: A Conf. Checking Based Local Search Solver [...]'
c       by Shaowei Cai, Chuan Luo, and Kaile Su, SAT 2015
c CMS compilation env CMAKE_CXX_COMPILER = /usr/bin/c++ | CMAKE_CXX_FLAGS =  -fvisibility=hidden -Wall -Wextra -Wunused -Wsign-compare -fno-omit-frame-pointer -Wtype-limits -Wuninitialized -Wno-deprecated -Wstrict-aliasing -Wpointer-arith -Wpointer-arith -Wformat-nonliteral -Winit-self -Wparentheses -Wunreachable-code -g -Wno-class-memaccess -mpopcnt -msse4.2 -ggdb3 -Wlogical-op -Wrestrict -Wnull-dereference -Wdouble-promotion -Wshadow -Wformat=2 -Wextra-semi -pedantic | COMPILE_DEFINES =  -DRDB0_ONLY_FEATURES -DUSE_ZLIB -DYALSAT_FPU | STATICCOMPILE = OFF | ONLY_SIMPLE =  | STATS = OFF | SQLITE3_FOUND =  | ZLIB_FOUND = TRUE | VALGRIND_FOUND =  | ENABLE_TESTING = OFF | SLOW_DEBUG = OFF | ENABLE_ASSERTIONS = ON | PYTHON_EXECUTABLE =  | PYTHON_LIBRARY =  | PYTHON_INCLUDE_DIRS =  | MY_TARGETS =  | LARGEMEM = OFF | LIMITMEM = OFF | BREAKID_LIBRARIES =  | BREAKID-VER = . | BOSPHORUS_LIBRARIES =  | BOSPH-VER = . | compilation date time = Jul 13 2026 14:05:03
c CMS compiled with gcc version 11.5.0 20240719 (Red Hat 11.5.0-5)
c Executed with command line: ./cryptominisat5 ./instances/IC_S4/Xn19l6-307-S.dimacs
c Reading file './instances/IC_S4/Xn19l6-307-S.dimacs'
c -- header says num vars:            767
c -- header says num clauses:        2416
c -- clauses added: 2364
c -- xor clauses added: 52
c -- vars added 767
c Parsing time: 0.00 s
c [find&init matx] performing matrix init
c [gauss] XOR-encoding clauses are not detached, so no need to reattach them.
c [xor-rem-unconnected] left with 50 xors from 50 non-empty xors T: 0.00
c [xor-together] xored together: 0 orig xors: 50 new xors: 50 T: 0.00
c [xor-rem-unconnected] left with 50 xors from 50 non-empty xors T: 0.00
c [xor-clean-equiv] removed equivalent xors: 0 left with: 50
c [matrix] unused xors from cleaning: 0
c [matrix] Good   matrix  0     50 x  765  density:0.1186  xorlen avg: 90.72
c [matrix] Using 1 matrices recovered from 0 xors T: 0.00 T-out: N
c [branch] adjusting to: vsid (from: vsid) var_decay:0.95 descr: VSIDS
c rst  geom  stb   vs     1   116    2944 18460  1652    3.97    3.81     3    19    88     6  159.13  151.00
c rst  geom  stb   vs     2   239    2944 18460  1652    3.97    3.81     3    19   211     6  109.48  106.78
c  res  pol bran  nres  conf freevar  IrrL  IrrB l/longC  l/allC RedL0 RedL1 RedL2  RedB l/longC  l/allC
c rst  geom  stb   vs     3   374    2944 18460  1652    3.97    3.81     3    19   346     6   89.03   87.64
c rst  geom  stb   vs     4   522    2944 18460  1652    3.97    3.81     3    19   494     6   75.82   74.98
c rst  geom  stb   vs     5   684    2944 18460  1652    3.97    3.81     3    19   652    10   74.20   73.14
c rst  geom  stb   vs     6   863    2944 18460  1652    3.97    3.81     3    19   831    10   72.31   71.50
c rst  geom  stb   vs     7  1058    2944 18460  1652    3.97    3.81     3    19  1026    10   66.84   66.23
c rst  geom  stb   vs     8  1272    2944 18460  1652    3.97    3.81     3    19  1239    11   60.81   60.30
c rst  geom  stb   vs     9  1506    2944 18460  1652    3.97    3.81     3    19  1473    11   59.02   58.60
c rst  geom  stb   vs    10  1763    2944 18460  1652    3.97    3.81     3    19  1730    11   57.58   57.24
c rst  geom  stb   vs    11  2045    2944 18460  1652    3.97    3.81     3    19  2011    12   56.07   55.75
c rst  geom  stb   vs    12  2355    2944 18460  1652    3.97    3.81     3    19  2321    12   53.88   53.62
c rst  geom  stb   vs    13  2697    2944 18460  1652    3.97    3.81     3    19  2662    13   53.13   52.88
c rst  geom  stb   vs    14  3070    2944 18460  1652    3.97    3.81     3    19  3035    13   53.12   52.91
c rst  geom  stb   vs    15  3480    2944 18460  1652    3.97    3.81     3    19  3445    13   53.10   52.91
c rst  geom  stb   vs    16  3930    2944 18460  1652    3.97    3.81     3    19  3895    13   51.75   51.58
c rst  geom  stb   vs    17  4425    2944 18460  1652    3.97    3.81     3    19  4390    13   51.07   50.93
c rst  geom  stb   vs    18  4968    2944 18460  1652    3.97    3.81     3    19  4933    13   51.05   50.92
c rst  geom  stb   vs    19  5565    2944 18460  1652    3.97    3.81     3    19  5530    13   49.77   49.66
c [branch] adjusting to: vmtf (from: vsid) var_decay:0.95 descr: VMTF
c [distill-long-red0] cls tried: 3/3 T: 0.00 T-out: N T-r: 100.00%
c [distill-long-red1] cls tried: 19/19 T: 0.00 T-out: N T-r: 99.21%
c rst  luby ibes  vmt    20  5667    2944 18460  1652    3.97    3.81    20    50  5582    15   49.44   49.31
c rst  luby ibes  vmt    21  5770    2944 18460  1652    3.97    3.81    22    68  5665    15   49.19   49.07
c rst  luby ibes  vmt    22  5972    2944 18460  1652    3.97    3.81    22    68  5867    15   48.53   48.42
c rst  luby ibes  vmt    23  6074    2944 18460  1652    3.97    3.81    22    68  5969    15   48.07   47.95
c rst  luby ibes  vmt    24  6176    2944 18460  1652    3.97    3.81    22    68  6071    15   47.60   47.49
c rst  luby ibes  vmt    25  6378    2944 18460  1652    3.97    3.81    22    68  6273    15   46.70   46.60
c rst  luby ibes  vmt    26  6780    2944 18460  1652    3.97    3.81    22    68  6675    15   45.05   44.95
c rst  luby ibes  vmt    27  6882    2944 18460  1652    3.97    3.81    22    68  6777    15   44.65   44.55
c rst  luby ibes  vmt    28  6984    2944 18460  1652    3.97    3.81    22    68  6879    15   44.25   44.16
c rst  luby ibes  vmt    29  7186    2944 18460  1652    3.97    3.81    22    68  7081    15   43.60   43.51
c rst  luby ibes  vmt    30  7288    2944 18460  1652    3.97    3.81    22    68  7183    15   43.27   43.19
c rst  luby ibes  vmt    31  7390    2944 18460  1652    3.97    3.81    22    68  7285    15   42.95   42.87
c rst  luby ibes  vmt    32  7592    2944 18460  1652    3.97    3.81    22    68  7487    15   42.34   42.26
c rst  luby ibes  vmt    33  7994    2944 18460  1652    3.97    3.81    22    68  7889    15   41.18   41.11
c rst  luby ibes  vmt    34  8796    2944 18460  1652    3.97    3.81    22    68  8691    15   39.27   39.21
c rst  luby ibes  vmt    35  8898    2944 18460  1652    3.97    3.81    22    68  8793    15   39.04   38.98
c rst  luby ibes  vmt    36  9000    2944 18460  1652    3.97    3.81    22    68  8895    15   38.81   38.75
c rst  luby ibes  vmt    37  9202    2944 18460  1652    3.97    3.81    22    68  9097    15   38.40   38.34
c rst  luby ibes  vmt    38  9304    2944 18460  1652    3.97    3.81    22    68  9199    15   38.19   38.13
c rst  luby ibes  vmt    39  9406    2944 18460  1652    3.97    3.81    22    68  9301    15   37.99   37.93
c rst  luby ibes  vmt    40  9608    2944 18460  1652    3.97    3.81    22    68  9503    15   37.59   37.53
c rst  luby ibes  vmt    41 10010    2944 18460  1652    3.97    3.81    43    47  9905    15   36.82   36.77
c rst  luby ibes  vmt    42 10112    2944 18460  1652    3.97    3.81    43    47 10007    15   36.64   36.59
c rst  luby ibes  vmt    43 10214    2944 18460  1652    3.97    3.81    43    47 10109    15   36.47   36.42
c rst  luby ibes  vmt    44 10416    2944 18460  1652    3.97    3.81    43    47 10311    15   36.14   36.09
c rst  luby ibes  vmt    45 10518    2944 18460  1652    3.97    3.81    43    47 10413    15   35.98   35.93
c rst  luby ibes  vmt    46 10620    2944 18460  1652    3.97    3.81    43    47 10515    15   35.81   35.76
c rst  luby ibes  vmt    47 10822    2944 18460  1652    3.97    3.81    43    47 10717    15   35.49   35.45
c rst  luby  svd  vmt    48 11223    2944 18460  1652    3.97    3.81    43    47 11118    15   36.77   36.72
c rst  luby  svd  vmt    49 12025    2944 18460  1652    3.97    3.81    43    47 11920    15   36.99   36.95
c [branch] adjusting to: vsid (from: vmtf) var_decay:0.95 descr: VSIDS
c [distill-bin] useful: 4/1652/1652 lits-rem: 0 cl-rem: 4 0-depth-assigns: 0 T: 0.01 T-out: N
c rst  geom  svd   vs    50 12137    2944 18460  1648    3.97    3.81    43    47 12032    15   36.94   36.90
c rst  geom  svd   vs    51 12260    2944 18460  1648    3.97    3.81    43    47 12154    16   36.82   36.78
c rst  geom  svd   vs    52 12394    2944 18460  1648    3.97    3.81    43    47 12288    16   36.68   36.63
c rst  geom  svd   vs    53 12542    2944 18460  1648    3.97    3.81    43    47 12436    16   36.52   36.48
c rst  geom  svd   vs    54 12704    2944 18460  1648    3.97    3.81    43    47 12598    16   36.34   36.30
c rst  geom  svd   vs    55 12882    2944 18460  1648    3.97    3.81    43    47 12776    16   36.14   36.09
c rst  geom  svd   vs    56 13077    2944 18460  1648    3.97    3.81    43    47 12971    16   35.92   35.88
c rst  geom  svd   vs    57 13290    2944 18460  1648    3.97    3.81    43    47 13184    16   35.75   35.71
c rst  geom  svd   vs    58 13524    2944 18460  1648    3.97    3.81    43    47 13418    16   35.57   35.53
c rst  geom  svd   vs    59 13782    2944 18460  1648    3.97    3.81    43    47 13676    16   35.35   35.31
c rst  geom  svd   vs    60 14064    2944 18460  1648    3.97    3.81    43    47 13958    16   35.49   35.45
c rst  geom  svd   vs    61 14374    2944 18460  1648    3.97    3.81    43    47 14268    16   35.20   35.17
c rst  geom  svd   vs    62 14715    2944 18460  1648    3.97    3.81    43    47 14609    16   35.06   35.03
c rst  geom  svd   vs    63 15089    2944 18460  1648    3.97    3.81    43    59 14971    16   34.85   34.81
c rst  geom  svd   vs    64 15499    2944 18460  1648    3.97    3.81    43    59 15381    16   34.75   34.71
c rst  geom  svd   vs    65 15949    2944 18460  1648    3.97    3.81    43    59 15831    16   34.61   34.58
c rst  geom  svd   vs    66 16443    2944 18460  1648    3.97    3.81    43    59 16325    16   34.49   34.45
c rst  geom best   vs    67 16986    2944 18460  1648    3.97    3.81    43    59 16868    16   36.06   36.03
c rst  geom best   vs    68 17583    2944 18460  1648    3.97    3.81    43    59 17465    16   36.65   36.62
c rst  geom best   vs    69 18241    2944 18460  1648    3.97    3.81    43    59 18123    16   36.62   36.59
c [branch] adjusting to: vmtf (from: vsid) var_decay:0.95 descr: VMTF
c rst  luby best  vmt    70 18342    2944 18460  1648    3.97    3.81    43    59 18224    16   36.70   36.67
c rst  luby best  vmt    71 18443    2944 18460  1648    3.97    3.81    43    59 18325    16   36.70   36.67
c rst  luby best  vmt    72 18645    2944 18460  1648    3.97    3.81    43    59 18527    16   36.61   36.58
c rst  luby best  vmt    73 18746    2944 18460  1648    3.97    3.81    43    59 18628    16   36.62   36.59
c rst  luby best  vmt    74 18847    2944 18460  1648    3.97    3.81    43    59 18729    16   36.64   36.61
c rst  luby best  vmt    75 19049    2944 18460  1648    3.97    3.81    43    59 18931    16   36.72   36.69
c rst  luby best  vmt    76 19452    2944 18460  1648    3.97    3.81    43    59 19334    16   36.65   36.62
c rst  luby best  vmt    77 19554    2944 18460  1648    3.97    3.81    43    59 19436    16   36.63   36.60
c rst  luby best  vmt    78 19655    2944 18460  1648    3.97    3.81    43    59 19537    16   36.63   36.60
c rst  luby best  vmt    79 19856    2944 18460  1648    3.97    3.81    43    59 19738    16   36.65   36.62
c rst  luby best  vmt    80 19957    2944 18460  1648    3.97    3.81    43    59 19839    16   36.62   36.59
c rst  luby best  vmt    81   20K    2944 18460  1648    3.97    3.81    43    59 19941    16   36.66   36.64
c [full-probe]  bin_only: 1 set: 0 repl: 0 T: 0.00 T-out: N T-r: 99.86%
c rst  luby best  vmt    82   20K    2944 18460  1648    3.97    3.81    43    59   20K    20   36.70   36.67
c rst  luby best  vmt    83   20K    2944 18460  1648    3.97    3.81    43    59   20K    20   36.54   36.51
c [distill-long-red0] cls tried: 28/28 T: 0.00 T-out: N T-r: 99.97%
c [distill-long-red1] cls tried: 52/52 T: 0.00 T-out: N T-r: 67.75%
c rst  luby best  vmt    84   21K    2944 18460  1648    3.97    3.81    43    59   21K    20   36.37   36.34
c rst  luby best  vmt    85   21K    2944 18460  1648    3.97    3.81    43    59   21K    20   36.35   36.32
c rst  luby best  vmt    86   21K    2944 18460  1648    3.97    3.81    43    59   21K    20   36.30   36.27
c rst  luby  stb  vmt    87   21K    2944 18460  1648    3.97    3.81    43    59   21K    20   36.30   36.27
c rst  luby  stb  vmt    88   21K    2944 18460  1648    3.97    3.81    43    59   21K    20   36.29   36.26
c rst  luby  stb  vmt    89   22K    2944 18460  1648    3.97    3.81    43    59   21K    20   36.30   36.27
c rst  luby  stb  vmt    90   22K    2944 18460  1648    3.97    3.81    43    59   22K    20   36.25   36.22
c rst  luby  stb  vmt    91   22K    2944 18460  1648    3.97    3.81    43    59   22K    20   36.16   36.13
c rst  luby  stb  vmt    92   22K    2944 18460  1648    3.97    3.81    43    59   22K    20   36.12   36.09
c rst  luby  stb  vmt    93   22K    2944 18460  1648    3.97    3.81    43    59   22K    20   36.10   36.07
c rst  luby  stb  vmt    94   23K    2944 18460  1648    3.97    3.81    43    59   22K    20   36.06   36.03
c rst  luby  stb  vmt    95   23K    2944 18460  1648    3.97    3.81    43    59   23K    20   36.06   36.03
c rst  luby  stb  vmt    96   23K    2944 18460  1648    3.97    3.81    43    59   23K    20   36.06   36.03
c rst  luby  stb  vmt    97   23K    2944 18460  1648    3.97    3.81    43    59   23K    20   36.05   36.02
c rst  luby  stb  vmt    98   23K    2944 18460  1648    3.97    3.81    43    59   23K    20   36.01   35.98
c rst  luby  stb  vmt    99   24K    2944 18460  1648    3.97    3.81    43    59   24K    20   36.07   36.04
c rst  luby  stb  vmt   100   26K    2944 18460  1648    3.97    3.81    43    59   26K    20   35.66   35.64
c [branch] adjusting to: vsid (from: vmtf) var_decay:0.95 descr: VSIDS
c [distill] watch-based irred--  cl tried     1429 cl-sh     0 cl-rem    3 lit-rem      0 T: 0.00 T-out: N
c [distill] watch-based   red--  cl tried       86 cl-sh     0 cl-rem    0 lit-rem      0 T: 0.00 T-out: N
c rst  geom  stb   vs   101   26K    2944 18457  1651    3.97    3.81    46    64   26K    17   35.67   35.65
c rst  geom  stb   vs   102   26K    2944 18457  1651    3.97    3.81    46    64   26K    17   35.67   35.64
c rst  geom  stb   vs   103   26K    2944 18457  1651    3.97    3.81    46    64   26K    17   35.65   35.63
c rst  geom  stb   vs   104   26K    2944 18457  1651    3.97    3.81    46    64   26K    17   35.63   35.61
c rst  geom  stb   vs   105   26K    2944 18457  1651    3.97    3.81    46    64   26K    17   35.58   35.56
c rst  geom ibes   vs   106   27K    2944 18457  1651    3.97    3.81    46    64   27K    17   35.46   35.43
c rst  geom ibes   vs   107   27K    2944 18457  1651    3.97    3.81    46    64   27K    17   35.33   35.31
c rst  geom ibes   vs   108   27K    2944 18457  1651    3.97    3.81    46    64   27K    17   35.18   35.16
c rst  geom ibes   vs   109   27K    2944 18457  1651    3.97    3.81    46    64   27K    17   35.02   35.00
c rst  geom ibes   vs   110   28K    2944 18457  1651    3.97    3.81    46    64   27K    17   34.85   34.83
c rst  geom ibes   vs   111   28K    2944 18457  1651    3.97    3.81    46    64   28K    17   34.69   34.67
c rst  geom ibes   vs   112   28K    2944 18457  1651    3.97    3.81    46    64   28K    17   34.51   34.49
c rst  geom ibes   vs   113   28K    2944 18457  1651    3.97    3.81    46    64   28K    17   34.36   34.34
c rst  geom ibes   vs   114   29K    2944 18457  1651    3.97    3.81    46    64   29K    17   34.13   34.12
c rst  geom ibes   vs   115   29K    2944 18457  1651    3.97    3.81    46    64   29K    17   33.91   33.89
c rst  geom ibes   vs   116   30K    2944 18457  1651    3.97    3.81    47    63   26K    17   30.95   30.93
c rst  geom ibes   vs   117   30K    2944 18457  1651    3.97    3.81    47    63   26K    17   30.76   30.74
c rst  geom ibes   vs   118   31K    2944 18457  1651    3.97    3.81    47    63   27K    17   30.65   30.64
c rst  geom ibes   vs   119   31K    2944 18457  1651    3.97    3.81    47    63   27K    17   30.41   30.39
c rst  geom ibes   vs   120   32K    2944 18457  1651    3.97    3.81    47    63   28K    17   30.56   30.54
c [distill-bin] useful: 0/1651/1651 lits-rem: 0 cl-rem: 0 0-depth-assigns: 0 T: 0.01 T-out: N
c rst  geom  svd   vs   121   33K    2944 18457  1651    3.97    3.81    47    63   29K    17   30.59   30.57
c rst  geom  svd   vs   122   34K    2944 18457  1651    3.97    3.81    47    63   30K    17   30.77   30.76
c [branch] adjusting to: vmtf (from: vsid) var_decay:0.95 descr: VMTF
c rst  luby  svd  vmt   123   34K    2944 18457  1651    3.97    3.81    47    63   30K    17   30.77   30.76
c rst  luby  svd  vmt   124   34K    2944 18457  1651    3.97    3.81    47    63   30K    17   30.78   30.76
c rst  luby  svd  vmt   125   34K    2944 18457  1651    3.97    3.81    47    63   30K    17   30.76   30.74
c rst  luby  svd  vmt   126   34K    2944 18457  1651    3.97    3.81    47    63   30K    17   30.74   30.73
c rst  luby  svd  vmt   127   34K    2944 18457  1651    3.97    3.81    47    63   30K    17   30.73   30.71
c rst  luby  svd  vmt   128   34K    2944 18457  1651    3.97    3.81    47    63   30K    17   30.76   30.74
c rst  luby  svd  vmt   129   35K    2944 18457  1651    3.97    3.81    47    63   31K    17   30.87   30.86
c rst  luby  svd  vmt   130   35K    2944 18457  1651    3.97    3.81    47    63   31K    17   30.88   30.86
c rst  luby  svd  vmt   131   35K    2944 18457  1651    3.97    3.81    47    63   31K    17   30.89   30.87
c rst  luby  svd  vmt   132   35K    2944 18457  1651    3.97    3.81    47    63   31K    17   30.92   30.90
c rst  luby  svd  vmt   133   35K    2944 18457  1651    3.97    3.81    47    63   31K    17   30.96   30.94
c [distill-long-red0] cls tried: 4/4 T: 0.00 T-out: N T-r: 99.99%
c [distill-long-red1] cls tried: 4/4 T: 0.00 T-out: N T-r: 99.05%
c rst  luby  svd  vmt   134   35K    2944 18457  1651    3.97    3.81    47    63   31K    17   30.99   30.98
c rst  luby  svd  vmt   135   36K    2944 18457  1651    3.97    3.81    49    66   32K    17   31.01   30.99
c rst  luby  svd  vmt   136   36K    2944 18457  1651    3.97    3.81    49    66   32K    17   31.05   31.04
c rst  luby  svd  vmt   137   37K    2944 18457  1651    3.97    3.81    49    66   33K    17   31.11   31.10
c rst  luby  svd  vmt   138   37K    2944 18457  1651    3.97    3.81    49    66   33K    17   31.12   31.11
c rst  luby  svd  vmt   139   37K    2944 18457  1651    3.97    3.81    49    66   33K    17   31.12   31.10
c rst  luby  svd  vmt   140   37K    2944 18457  1651    3.97    3.81    49    66   33K    17   31.05   31.04
c rst  luby  svd  vmt   141   37K    2944 18457  1651    3.97    3.81    49    66   33K    17   31.02   31.00
c rst  luby  svd  vmt   142   37K    2944 18457  1651    3.97    3.81    49    66   33K    17   31.00   30.98
c rst  luby  svd  vmt   143   38K    2944 18457  1651    3.97    3.81    53    93   34K    17   31.05   31.03
c rst  geom best  vmt   144   38K    2944 18457  1651    3.97    3.81    54    95   34K    17   31.19   31.18
c rst  geom best  vmt   145   38K    2944 18457  1651    3.97    3.81    54    96   34K    17   31.27   31.25
c rst  geom best  vmt   146   38K    2944 18457  1651    3.97    3.81    56   100   34K    18   31.44   31.42
c rst  geom best  vmt   147   38K    2944 18457  1651    3.97    3.81    57   100   34K    19   31.67   31.65
c rst  geom best  vmt   148   38K    2944 18457  1651    3.97    3.81    57   102   34K    19   31.85   31.84
c rst  geom best  vmt   149   38K    2944 18457  1651    3.97    3.81    58   106   34K    20   32.13   32.11
c rst  geom best  vmt   150   39K    2944 18457  1651    3.97    3.81    59   113   35K    20   32.53   32.51
c rst  geom best  vmt   151   39K    2944 18457  1651    3.97    3.81    62   117   35K    20   32.93   32.92
c rst  geom best  vmt   152   39K    2944 18457  1651    3.97    3.81    64   118   35K    20   33.17   33.16
c rst  geom best  vmt   153   39K    2944 18457  1651    3.97    3.81    68   124   35K    20   33.69   33.67
c rst  geom best  vmt   154   40K    2944 18457  1651    3.97    3.81    98   103   36K    20   34.02   34.00
c [full-probe]  bin_only: 0 set: 0 repl: 0 T: 0.01 T-out: N T-r: 98.23%
c [impl-str] lit bin: 0 set-var: 0 T: 0.00 T-out: N T-r: 99.95% w-visit: 5888
c [impl-sub] bin: 11 T: 0.00 T-out: N w-visit: 5888
c rst  geom best  vmt   155   40K    2944 18457  1651    3.97    3.81   103   114   36K    15   34.32   34.30
c rst  geom best  vmt   156   40K    2944 18457  1651    3.97    3.81   105   115   36K    15   34.81   34.79
c rst  geom best  vmt   157   41K    2944 18457  1651    3.97    3.81   108   129   37K    15   35.20   35.19
c rst  geom best  vmt   158   41K    2944 18457  1651    3.97    3.81   109   133   37K    15   35.61   35.60
c rst  geom best  vmt   159   41K    2944 18457  1651    3.97    3.81   110   138   37K    15   36.20   36.18
c rst  geom best  vmt   160   42K    2944 18457  1651    3.97    3.81   117   143   38K    15   36.45   36.44
c [branch] adjusting to: vsid (from: vmtf) var_decay:0.95 descr: VSIDS
c rst  geom best   vs   161   42K    2944 18457  1651    3.97    3.81   117   143   38K    15   36.45   36.43
c rst  geom best   vs   162   42K    2944 18457  1651    3.97    3.81   119   143   38K    15   36.44   36.43
c rst  geom best   vs   163   42K    2944 18457  1651    3.97    3.81   119   143   38K    15   36.39   36.38
c rst  geom best   vs   164   42K    2944 18457  1651    3.97    3.81   119   143   38K    15   36.36   36.34
c rst  geom best   vs   165   43K    2944 18457  1651    3.97    3.81   119   143   39K    15   36.30   36.29
c rst  geom best   vs   166   43K    2944 18457  1651    3.97    3.81   119   143   39K    15   36.23   36.22
c rst  geom best   vs   167   43K    2944 18457  1651    3.97    3.81   119   143   39K    15   36.16   36.14
c rst  geom  stb   vs   168   43K    2944 18457  1651    3.97    3.81   119   143   39K    15   36.15   36.13
c rst  geom  stb   vs   169   43K    2944 18457  1651    3.97    3.81   119   143   39K    15   36.09   36.07
c rst  geom  stb   vs   170   44K    2944 18457  1651    3.97    3.81   119   143   40K    15   36.02   36.01
c [ccnr] tries: 0 steps: 262143 best found: 15
c [ccnr] tries: 0 steps: 524287 best found: 15
c [ccnr] tries: 0 steps: 786431 best found: 15
c [ccnr] saving best assignment phase to stable_polar
c [ccnr] bumping based on clause weights
c [ccnr] Bumped vars: 103 bump type: 6
c [ccnr] time: 0.60
c rst  geom  stb   vs   171   44K    2944 18457  1651    3.97    3.81   119   143   40K    15   36.02   36.01
c rst  geom  stb   vs   172   44K    2944 18457  1651    3.97    3.81   119   143   40K    15   36.02   36.01
c rst  geom  stb   vs   173   45K    2944 18457  1651    3.97    3.81   126   307   31K    15   38.17   38.15
c rst  geom  stb   vs   174   45K    2944 18457  1651    3.97    3.81   126   307   31K    16   38.16   38.14
c rst  geom  stb   vs   175   45K    2944 18457  1651    3.97    3.81   127   307   32K    16   38.10   38.09
c rst  geom  stb   vs   176   46K    2944 18457  1651    3.97    3.81   127   307   32K    16   38.18   38.16
c rst  geom  stb   vs   177   46K    2944 18457  1651    3.97    3.81   127   307   32K    17   38.05   38.03
c rst  geom  stb   vs   178   47K    2944 18457  1651    3.97    3.81   127   307   33K    17   37.98   37.96
c rst  geom  stb   vs   179   48K    2944 18457  1651    3.97    3.81   127   308   34K    17   37.80   37.79
c rst  geom  stb   vs   180   48K    2944 18457  1651    3.97    3.81   127   308   34K    17   37.55   37.53
c rst  geom  stb   vs   181   49K    2944 18457  1651    3.97    3.81   130   308   35K    17   37.41   37.39
c rst  geom ibes   vs   182   50K    2944 18457  1651    3.97    3.81   147   291   36K    17   37.38   37.36
c [gauss] XOR-encoding clauses are not detached, so no need to reattach them.
c [g 0] truth-find prop checks  : 502K
c [g 0] -> of which prop        : 56.60 %
c [g 0] -> of which confl       :  4.57 %
c [g 0] elim called             : 53K
c [g 0] ---> which lead to prop : 16.40 %
c [g 0] ---> which lead to confl:  1.15 %
c [g 0] size: 50    x 765  
c [scc] new: 6 BP 0M T: 0.00
c [vrep] vars 6 lits 18425 rem-bin-cls 30 rem-long-cls 1 BP 0M T: 0.02
c [scc] new: 0 BP 0M T: 0.00
c [vrep] vars 0 lits 0 rem-bin-cls 0 rem-long-cls 0 BP 0M T: 0.00
c [intree] Set 0 vars hyper-added: 775 trans-irred: 0 trans-red: 12 T: 0.01 T-out: N T-r: -0.55%
c [find&init matx] performing matrix init
c [gauss] XOR-encoding clauses are not detached, so no need to reattach them.
c [xor-rem-unconnected] left with 50 xors from 50 non-empty xors T: 0.00
c [xor-together] xored together: 0 orig xors: 50 new xors: 50 T: 0.00
c [xor-rem-unconnected] left with 50 xors from 50 non-empty xors T: 0.00
c [xor-clean-equiv] removed equivalent xors: 0 left with: 50
c [matrix] unused xors from cleaning: 0
c [matrix] Good   matrix 0 50      x761    density:0.1180  xorlen avg: 89.80
c [matrix] Using 1 matrices recovered from 0 xors T: 0.00 T-out: N
c rst  geom ibes vs   183   51  K 2938    18456  1640 3.97    3.81      147   291   37K   773 36.89   36.19  
c [distill-long-red0] cls tried: 98/98 T: 0.00 T-out: N T-r: 99.86%
c [distill-long-red1] cls tried: 47/230 T: 0.01 T-out: Y T-r: -2.98%
c rst  geom ibes vs   184   52  K 2938    18456  1640 3.97    3.81      142   291   38K   778 36.38   35.70  
c [distill] watch-based irred--  cl tried 1423     cl-sh 0     cl-rem 1    lit-rem 0      T: 0.00 T-out: N
c [distill] watch-based red  --  cl tried 284      cl-sh 3     cl-rem 0    lit-rem 3      T: 0.00 T-out: N
c rst  geom ibes vs   185   53  K 2938    18455  1641 3.97    3.81      142   291   39K   777 35.79   35.14  
c [branch] adjusting to: vmtf (from: vsid) var_decay:0.95 descr: VMTF
c [distill-bin] useful: 0/1598/1641 lits-rem: 0 cl-rem: 0 0-depth-assigns: 0 T: 0.01 T-out: Y
c rst  luby ibes vmt  186   53  K 2938    18455  1641 3.97    3.81      143   309   39K   777 35.81   35.16  
c rst  luby ibes vmt  187   53  K 2938    18455  1641 3.97    3.81      143   316   39K   777 35.82   35.17  
c rst  luby ibes vmt  188   53  K 2938    18455  1641 3.97    3.81      143   332   39K   777 35.72   35.08  
c rst  luby ibes vmt  189   53  K 2938    18455  1641 3.97    3.81      144   335   39K   777 35.72   35.08  
c rst  luby ibes vmt  190   53  K 2938    18455  1641 3.97    3.81      144   335   39K   777 35.75   35.11  
c rst  luby ibes vmt  191   53  K 2938    18455  1641 3.97    3.81      144   339   39K   777 35.76   35.13  
c rst  luby ibes vmt  192   54  K 2938    18455  1641 3.97    3.81      145   347   40K   777 35.82   35.19  
c rst  luby ibes vmt  193   54  K 2938    18455  1641 3.97    3.81      145   352   40K   777 35.84   35.21  
c rst  luby ibes vmt  194   54  K 2938    18455  1641 3.97    3.81      145   354   40K   777 35.90   35.27  
c rst  luby ibes vmt  195   54  K 2938    18455  1641 3.97    3.81      146   358   40K   777 35.89   35.26  
c rst  luby ibes vmt  196   54  K 2938    18455  1641 3.97    3.81      146   360   40K   777 35.86   35.24  
c rst  luby ibes vmt  197   54  K 2938    18455  1641 3.97    3.81      146   364   40K   777 35.92   35.30  
c rst  luby ibes vmt  198   55  K 2938    18455  1641 3.97    3.81      148   364   41K   777 35.92   35.30  
c rst  luby svd  vmt  199   55  K 2938    18455  1641 3.97    3.81      150   372   41K   777 36.52   35.89  
c rst  luby svd  vmt  200   56  K 2938    18455  1641 3.97    3.81      152   373   42K   777 36.84   36.21  
c recursive minimization cost OK: 261Kcost/(% lits removed)
c [gauss] XOR-encoding clauses are not detached, so no need to reattach them.
c [g 0] truth-find prop checks  : 95K
c [g 0] -> of which prop        : 47.78 %
c [g 0] -> of which confl       :  3.50 %
c [g 0] elim called             : 14958
c [g 0] ---> which lead to prop :  0.13 %
c [g 0] ---> which lead to confl:  0.03 %
c [g 0] size: 50    x 761  
c --> Executing strategy token: scc-vrepl
c [scc] new: 3 BP 0M T: 0.00
c [vrep] vars 3 lits 14322 rem-bin-cls 13 rem-long-cls 75 BP 0M T: 0.02
c --> Executing strategy token: sub-impl
c [impl-sub] bin: 7 T: 0.00 T-out: N w-visit: 5888
c --> Executing strategy token: breakid
c --> Executing OCC strategy token(s): 'occ-backw-sub-str,occ-clean-implicit,occ-bve,occ-bva,occ-ternary-res,occ-xor,'
c [occ] mem usage for occur 1      MB
c [occ] Linked in IRRED BIN by default: 1637
c [occ] Linked in RED   BIN by default: 767
c [occ] mem usage for occur 0      MB
c Mem for watch alloc      : 4           MB (21.23     %)
c Mem for watch array      : 0           MB (0.94      %)
c --> Executing OCC strategy token: occ-backw-sub-str
c [occ-backw-sub-str-long-w-bins] subs: 0 str: 0 tried: 2404 0-depth ass: 0 T: 0.00 T-out: N T-r: 99.45%
c [occ-backw-sub-long-w-long] rem cl: 31 tried: 60952/60952 (100.0%) T: 0.01 T-out: N T-r: 96.48%
c [occ-backw-sub-str-long-w-long] sub: 0 str: 0 tried: 182856/60952 (300.0)  T: 0.05 T-out: N T-r: 88.70%
c --> Executing OCC strategy token: occ-clean-implicit
c --> Executing OCC strategy token: occ-bve
c [occ-empty-res] Empty resolvent elimed: 0 T: 0.00 T-out: N
c [occ-bve] iter v-elim 9
c cl_inc_rate=1.0, var_dec_rate=1.0 (grow=0)
c Reduced to 2926 vars, 20087 cls (grow=0)
c [occ-bve] iter v-elim 290
c cl_inc_rate=1.1, var_dec_rate=1.1 (grow=8)
c Reduced to 2636 vars, 21363 cls (grow=8)
c x n vars       : 2636
c #try to eliminate:  6103
c #var-elim        :   299
c #T-o: N
c #T-r: 99.99%
c #T  : 0.08
c [occur] 0.03 is overhead
c [occur] link-in T: 0.03 cleanup T: 0.00
c --> Executing OCC strategy token: occ-bva
c --> Executing OCC strategy token: occ-ternary-res
c [occ-ternary-res] Ternary res-tri: 56 res-bin: 0 sub: 1 str: 0 T: 0.00 T-out: N T-r: 99.36%
c --> Executing OCC strategy token: occ-xor
c [occ-xor] sort occur list T: 0.00
c [xor-clean-equiv] removed equivalent xors: 0 left with: 2065
c [occ-xor] found   2065 avg sz 4.0 min sz  4 max sz  5 T: 0.00 T-out: N T-r: 99.98%
c --> Executing strategy token: card-find
c --> Executing strategy token: cl-consolidate
c [mem] consolidate  old-sz: 8569K new-sz: 6142K new bits offs: 20 T: 0.00
c --> Executing strategy token: scc-vrepl
c [scc] new: 0 BP 0M T: 0.00
c --> Executing strategy token: renumber
c --> Executing strategy token: bosphorus
c --> Executing strategy token: louvain-comms
c [consolidate] mini T: 0.00
c global_timeout_multiplier: 3.3000
c [branch] rebuilding order heap for all branchings. Current branching: vmtf
c [find&init matx] performing matrix init
c [gauss] XOR-encoding clauses are not detached, so no need to reattach them.
c [xor-rem-unconnected] left with 2065 xors from 2065 non-empty xors T: 0.00
c [xor-together] xored together: 2013 orig xors: 2065 new xors: 52 T: 0.00
c [xor-rem-unconnected] left with 52 xors from 52 non-empty xors T: 0.00
c [xor-clean-equiv] removed equivalent xors: 0 left with: 52
c [matrix] unused xors from cleaning: 0
c [matrix] Good   matrix  0     52 x  463  density:0.1762  xorlen avg: 81.60
c [matrix] Using 1 matrices recovered from 0 xors T: 0.00 T-out: N
c rst  luby  svd  vmt   201   56K    2636   20K   875    4.10    4.02    51   130   35K    98   30.28   30.20
c rst  luby  svd  vmt   202   56K    2636   20K   875    4.10    4.02    51   130   35K    98   30.23   30.16
c rst  luby  svd  vmt   203   56K    2636   20K   875    4.10    4.02    51   130   35K    98   30.19   30.11
c rst  luby  svd  vmt   204   56K    2636   20K   875    4.10    4.02    52   130   35K    98   30.11   30.03
c rst  luby  svd  vmt   205   56K    2636   20K   875    4.10    4.02    52   130   35K    98   30.08   30.00
c rst  luby  svd  vmt   206   56K    2636   20K   875    4.10    4.02    52   140   35K    98   30.06   29.98
c rst  luby  svd  vmt   207   57K    2636   20K   875    4.10    4.02    55   145   35K    98   30.03   29.95
c rst  luby  svd  vmt   208   57K    2636   20K   875    4.10    4.02    60   153   36K    98   29.93   29.85
c rst  luby  svd  vmt   209   57K    2636   20K   875    4.10    4.02    60   153   36K    98   29.90   29.83
c rst  luby  svd  vmt   210   57K    2636   20K   875    4.10    4.02    60   154   36K    98   29.88   29.80
c rst  luby  svd  vmt   211   57K    2636   20K   875    4.10    4.02    60   156   36K    98   29.81   29.74
c rst  luby  svd  vmt   212   58K    2636   20K   875    4.10    4.02    61   159   36K    98   29.79   29.71
c rst  luby  svd  vmt   213   58K    2636   20K   875    4.10    4.02    61   161   36K    98   29.76   29.68
c rst  luby  svd  vmt   214   58K    2636   20K   875    4.10    4.02    61   163   37K    98   29.70   29.63
c rst  luby  svd  vmt   215   58K    2636   20K   875    4.10    4.02    62   170   37K    98   29.64   29.56
c rst  luby  svd  vmt   216   59K    2636   20K   875    4.10    4.02    65   198   38K    98   29.47   29.40
c rst  luby  svd  vmt   217   61K    2636   20K   875    4.10    4.02   119   279   29K    98   26.91   26.82
c [full-probe]  bin_only: 1 set: 0 repl: 0 T: 0.01 T-out: N T-r: 99.71%
c rst  geom best  vmt   218   61K    2636   20K   875    4.10    4.02   119   280   29K    98   26.86   26.78
c rst  geom best  vmt   219   61K    2636   20K   875    4.10    4.02   120   281   29K    98   26.85   26.77
c rst  geom best  vmt   220   61K    2636   20K   875    4.10    4.02   120   281   29K    98   26.82   26.74
c rst  geom best  vmt   221   61K    2636   20K   875    4.10    4.02   120   281   29K    98   26.77   26.69
c rst  geom best  vmt   222   61K    2636   20K   875    4.10    4.02   120   283   29K    98   26.74   26.66
c rst  geom best  vmt   223   62K    2636   20K   875    4.10    4.02   120   284   30K    98   26.76   26.68
c rst  geom best  vmt   224   62K    2636   20K   875    4.10    4.02   120   285   30K    98   26.76   26.68
c rst  geom best  vmt   225   62K    2636   20K   875    4.10    4.02   121   293   30K    98   26.72   26.64
c rst  geom best  vmt   226   62K    2636   20K   875    4.10    4.02   121   296   30K    98   26.64   26.56
c rst  geom best  vmt   227   62K    2636   20K   875    4.10    4.02   121   297   30K    98   26.61   26.53
c [branch] adjusting to: vsid (from: vmtf) var_decay:0.95 descr: VSIDS
c rst  geom best   vs   228   63K    2636   20K   875    4.10    4.02   122   298   31K    98   26.63   26.55
c rst  geom best   vs   229   63K    2636   20K   875    4.10    4.02   122   298   31K    98   26.61   26.54
c rst  geom best   vs   230   63K    2636   20K   875    4.10    4.02   122   298   31K    98   26.63   26.55
c rst  geom best   vs   231   63K    2635   20K   875    4.10    4.02   122   298   31K    98   26.65   26.57
c rst  geom best   vs   232   63K    2635   20K   875    4.10    4.02   122   298   31K    98   26.63   26.56
c rst  geom best   vs   233   63K    2635   20K   875    4.10    4.02   122   298   31K    98   26.63   26.55
c rst  geom best   vs   234   63K    2635   20K   875    4.10    4.02   122   298   32K    98   26.71   26.64
c rst  geom best   vs   235   64K    2635   20K   875    4.10    4.02   123   298   32K    98   26.69   26.62
c rst  geom best   vs   236   64K    2635   20K   875    4.10    4.02   124   298   32K    98   26.69   26.62
c rst  geom best   vs   237   64K    2635   20K   875    4.10    4.02   124   298   32K    98   26.61   26.54
c rst  geom best   vs   238   64K    2635   20K   875    4.10    4.02   124   298   32K    98   26.53   26.45
c rst  geom best   vs   239   65K    2635   20K   875    4.10    4.02   124   298   33K    98   26.47   26.40
c rst  geom best   vs   240   65K    2635   20K   875    4.10    4.02   124   298   33K    98   26.52   26.45
c rst  geom best   vs   241   65K    2635   20K   875    4.10    4.02   124   298   34K    98   26.56   26.50
c rst  geom best   vs   242   66K    2635   20K   875    4.10    4.02   124   298   34K    98   26.67   26.60
c [distill-long-red0] cls tried: 82/82 T: 0.00 T-out: N T-r: 99.91%
c [distill-long-red1] cls tried: 151/191 T: 0.01 T-out: Y T-r: -0.14%
c rst  geom best   vs   243   66K    2635   20K   875    4.10    4.02   125   298   34K    98   26.60   26.54
c rst  geom  stb   vs   244   67K    2635   20K   875    4.10    4.02   125   298   35K    98   26.78   26.71
c rst  geom  stb   vs   245   67K    2635   20K   875    4.10    4.02   125   301   35K    98   26.84   26.77
c rst  geom  stb   vs   246   68K    2635   20K   875    4.10    4.02   125   301   36K    98   26.91   26.84
c rst  geom  stb   vs   247   69K    2635   20K   875    4.10    4.02   128   301   37K    98   26.99   26.92
c rst  geom  stb   vs   248   69K    2635   20K   875    4.10    4.02   128   301   37K    98   27.02   26.96
c rst  geom  stb   vs   249   70K    2635   20K   875    4.10    4.02   179   250   38K    98   26.98   26.92
c rst  geom  stb   vs   250   71K    2635   20K   875    4.10    4.02   180   250   39K    98   26.99   26.92
c rst  geom  stb   vs   251   72K    2635   20K   875    4.10    4.02   180   250   40K    98   27.11   27.05
c rst  geom  stb   vs   252   73K    2635   20K   875    4.10    4.02   181   250   41K    98   27.24   27.18
c [distill-bin] useful: 2/875/875 lits-rem: 0 cl-rem: 2 0-depth-assigns: 0 T: 0.01 T-out: N
c rst  geom ibes   vs   253   74K    2635   20K   871    4.10    4.02   181   250   42K    98   27.00   26.95
c rst  geom ibes   vs   254   75K    2635   20K   871    4.10    4.02   184   328   34K    98   27.13   27.06
c [branch] adjusting to: vmtf (from: vsid) var_decay:0.95 descr: VMTF
c rst  luby ibes  vmt   255   76K    2635   20K   871    4.10    4.02   186   330   34K    98   27.10   27.03
c rst  luby ibes  vmt   256   76K    2635   20K   871    4.10    4.02   186   330   34K    98   27.08   27.01
c rst  luby ibes  vmt   257   76K    2635   20K   871    4.10    4.02   186   330   34K    98   27.00   26.94
c rst  luby ibes  vmt   258   76K    2635   20K   871    4.10    4.02   186   330   34K    98   26.97   26.90
c rst  luby ibes  vmt   259   76K    2635   20K   871    4.10    4.02   186   332   35K    98   26.93   26.86
c rst  luby ibes  vmt   260   76K    2635   20K   871    4.10    4.02   186   332   35K    98   26.89   26.82
c rst  luby ibes  vmt   261   77K    2635   20K   871    4.10    4.02   186   332   35K    98   26.73   26.67
c [distill] watch-based irred--  cl tried     7638 cl-sh   139 cl-rem  152 lit-rem    145 T: 0.01 T-out: N
c [distill] watch-based   red--  cl tried      371 cl-sh     5 cl-rem    1 lit-rem     15 T: 0.00 T-out: N
c rst  luby ibes  vmt   262   77K    2635   20K   882    4.09    4.01   185   332   35K    87   26.64   26.58
c rst  luby ibes  vmt   263   77K    2635   20K   882    4.09    4.01   185   332   35K    87   26.61   26.55
c rst  luby ibes  vmt   264   77K    2635   20K   882    4.09    4.01   185   332   36K    87   26.53   26.47
c rst  luby ibes  vmt   265   77K    2635   20K   882    4.09    4.01   185   333   36K    87   26.50   26.44
c rst  luby ibes  vmt   266   77K    2635   20K   882    4.09    4.01   185   333   36K    87   26.46   26.41
c rst  luby ibes  vmt   267   77K    2635   20K   882    4.09    4.01   185   333   36K    87   26.39   26.33
c rst  luby ibes  vmt   268   78K    2635   20K   882    4.09    4.01   185   333   36K    87   26.25   26.19
c rst  luby ibes  vmt   269   79K    2635   20K   882    4.09    4.01   185   334   37K    87   25.96   25.90
c rst  luby ibes  vmt   270   79K    2635   20K   882    4.09    4.01   185   335   37K    87   25.92   25.87
c rst  luby ibes  vmt   271   79K    2635   20K   882    4.09    4.01   185   335   37K    87   25.89   25.84
c rst  luby  svd  vmt   272   79K    2635   20K   882    4.09    4.01   185   336   38K    87   25.86   25.81
c rst  luby  svd  vmt   273   79K    2635   20K   882    4.09    4.01   185   337   38K    87   25.85   25.80
c rst  luby  svd  vmt   274   79K    2635   20K   882    4.09    4.01   185   338   38K    87   25.83   25.78
c rst  luby  svd  vmt   275   79K    2635   20K   882    4.09    4.01   185   338   38K    87   25.79   25.73
c rst  luby  svd  vmt   276   80K    2635   20K   882    4.09    4.01   212   266   38K    87   25.74   25.69
c rst  luby  svd  vmt   277   80K    2635   20K   882    4.09    4.01   213   272   38K    87   25.72   25.67
c rst  luby  svd  vmt   278   80K    2635   20K   882    4.09    4.01   213   273   39K    87   25.73   25.67
c rst  luby  svd  vmt   279   80K    2635   20K   882    4.09    4.01   214   284   39K    87   25.74   25.68
c rst  luby  svd  vmt   280   80K    2635   20K   882    4.09    4.01   214   290   39K    87   25.74   25.68
c rst  luby  svd  vmt   281   80K    2635   20K   882    4.09    4.01   214   292   39K    87   25.74   25.68
c rst  luby  svd  vmt   282   81K    2635   20K   882    4.09    4.01   216   292   39K    87   25.79   25.74
c [full-probe]  bin_only: 0 set: 0 repl: 0 T: 0.01 T-out: N T-r: 97.56%
c rst  luby  svd  vmt   283   81K    2635   20K   882    4.09    4.01   217   307   40K    87   25.76   25.71
c [distill-long-red0] cls tried: 62/62 T: 0.00 T-out: N T-r: 99.87%
c [distill-long-red1] cls tried: 80/133 T: 0.01 T-out: Y T-r: -0.98%
c rst  luby  svd  vmt   284   82K    2635   20K   882    4.09    4.01   220   357   40K    88   25.74   25.69
c rst  luby  svd  vmt   285   84K    2635   20K   882    4.09    4.01   221   389   42K    88   25.54   25.49
c rst  luby  svd  vmt   286   84K    2635   20K   882    4.09    4.01   221   391   42K    88   25.53   25.49
c rst  luby  svd  vmt   287   84K    2635   20K   882    4.09    4.01   221   391   42K    88   25.51   25.47
c rst  luby  svd  vmt   288   84K    2635   20K   882    4.09    4.01   221   392   42K    88   25.49   25.44
c rst  luby  svd  vmt   289   84K    2635   20K   882    4.09    4.01   221   394   42K    88   25.48   25.43
c rst  luby  svd  vmt   290   84K    2635   20K   882    4.09    4.01   221   396   42K    88   25.49   25.44
c rst  luby  svd  vmt   291   84K    2635   20K   882    4.09    4.01   221   399   43K    88   25.45   25.41
c rst  luby  svd  vmt   292   85K    2635   20K   882    4.09    4.01   221   399   43K    88   25.36   25.32
c rst  luby  svd  vmt   293   85K    2635   20K   882    4.09    4.01   221   399   43K    88   25.36   25.31
c rst  geom best  vmt   294   85K    2635   20K   882    4.09    4.01   221   405   43K    88   25.35   25.30
c rst  geom best  vmt   295   85K    2635   20K   882    4.09    4.01   221   405   43K    88   25.34   25.30
c rst  geom best  vmt   296   85K    2635   20K   882    4.09    4.01   221   406   44K    88   25.32   25.28
c rst  geom best  vmt   297   85K    2635   20K   882    4.09    4.01   221   413   44K    88   25.31   25.27
c rst  geom best  vmt   298   85K    2635   20K   882    4.09    4.01   221   413   44K    88   25.34   25.29
c rst  geom best  vmt   299   86K    2635   20K   882    4.09    4.01   221   413   44K    88   25.32   25.28
c rst  geom best  vmt   300   86K    2635   20K   882    4.09    4.01   222   415   44K    88   25.31   25.26
c rst  geom best  vmt   301   86K    2635   20K   882    4.09    4.01   222   415   44K    88   25.27   25.23
c rst  geom best  vmt   302   86K    2635   20K   882    4.09    4.01   222   416   45K    88   25.24   25.19
c rst  geom best  vmt   303   87K    2635   20K   882    4.09    4.01   222   422   45K    88   25.20   25.16
c rst  geom best  vmt   304   87K    2635   20K   882    4.09    4.01   222   423   45K    88   25.15   25.10
c rst  geom best  vmt   305   87K    2635   20K   882    4.09    4.01   222   428   45K    88   25.12   25.07
c [branch] adjusting to: vsid (from: vmtf) var_decay:0.95 descr: VSIDS
c rst  geom best   vs   306   87K    2635   20K   882    4.09    4.01   222   428   46K    88   25.11   25.07
c rst  geom best   vs   307   87K    2635   20K   882    4.09    4.01   222   428   46K    88   25.10   25.05
c rst  geom best   vs   308   88K    2635   20K   882    4.09    4.01   222   428   46K    88   25.08   25.04
c rst  geom best   vs   309   88K    2635   20K   882    4.09    4.01   222   428   46K    88   25.07   25.03
c rst  geom best   vs   310   88K    2635   20K   882    4.09    4.01   223   428   46K    88   25.11   25.07
c [ccnr] tries: 0 steps: 262143 best found: 15
c [ccnr] tries: 0 steps: 524287 best found: 15
c [ccnr] tries: 0 steps: 786431 best found: 15
c [ccnr] saving best assignment phase to stable_polar
c [ccnr] bumping based on var unsat frequency: conflict_ct
c [ccnr] Bumped vars: 2944 bump type: 6
c [ccnr] time: 0.55
c rst  geom best   vs   311   88K    2635   20K   882    4.09    4.01   223   428   46K    88   25.13   25.09
c rst  geom best   vs   312   88K    2635   20K   882    4.09    4.01   223   428   47K    88   25.14   25.09
c rst  geom best   vs   313   88K    2635   20K   882    4.09    4.01   223   428   47K    88   25.14   25.09
c rst  geom best   vs   314   89K    2635   20K   882    4.09    4.01   223   428   47K    88   25.12   25.07
c rst  geom best   vs   315   89K    2635   20K   882    4.09    4.01   223   428   47K    88   25.10   25.06
c rst  geom best   vs   316   89K    2635   20K   882    4.09    4.01   225   428   48K    88   25.09   25.05
c rst  geom best   vs   317   90K    2635   20K   882    4.09    4.01   393   565   35K    88   22.91   22.86
c rst  geom best   vs   318   90K    2635   20K   882    4.09    4.01   393   565   36K    88   22.95   22.90
c rst  geom best   vs   319   90K    2635   20K   882    4.09    4.01   393   565   36K    88   22.97   22.92
c rst  geom best   vs   320   91K    2635   20K   882    4.09    4.01   395   565   36K    88   22.99   22.94
c rst  geom best   vs   321   91K    2635   20K   882    4.09    4.01   396   565   37K    89   22.95   22.90
c rst  geom  stb   vs   322   92K    2635   20K   882    4.09    4.01   396   565   37K    89   23.07   23.03
c rst  geom  stb   vs   323   92K    2635   20K   882    4.09    4.01   396   565   38K    89   23.07   23.02
c rst  geom  stb   vs   324   93K    2635   20K   882    4.09    4.01   397   565   38K    89   23.31   23.26
c rst  geom  stb   vs   325   93K    2635   20K   882    4.09    4.01   397   565   39K    89   23.35   23.31
c [distill-bin] useful: 0/882/882 lits-rem: 0 cl-rem: 0 0-depth-assigns: 0 T: 0.01 T-out: N
c rst  geom  stb   vs   326   94K    2635   20K   882    4.09    4.01   397   565   40K    89   23.48   23.43
c rst  geom  stb   vs   327   95K    2635   20K   882    4.09    4.01   397   565   41K    89   23.73   23.69
c rst  geom  stb   vs   328   96K    2635   20K   882    4.09    4.01   397   565   41K    89   23.60   23.56
c rst  geom  stb   vs   329   97K    2635   20K   882    4.09    4.01   397   569   42K    89   23.79   23.74
c [distill-long-red0] cls tried: 141/141 T: 0.01 T-out: N T-r: 99.58%
c [distill-long-red1] cls tried: 39/354 T: 0.01 T-out: Y T-r: -5.17%
c rst  geom  stb   vs   330   98K    2635   20K   882    4.09    4.01   398   569   43K    90   23.86   23.82
c rst  geom ibes   vs   331   99K    2635   20K   882    4.09    4.01   399   569   45K    90   23.88   23.84
c rst  geom ibes   vs   332  100K    2635   20K   882    4.09    4.01   401   566   46K    90   24.01   23.97
c [impl-str] lit bin: 0 set-var: 0 T: 0.00 T-out: N T-r: 99.95% w-visit: 5888
c [impl-sub] bin: 0 T: 0.00 T-out: N w-visit: 5888
c rst  geom ibes   vs   333  102K    2635   20K   882    4.09    4.01   401   566   47K    90   24.08   24.03
c [branch] adjusting to: vmtf (from: vsid) var_decay:0.95 descr: VMTF
c [full-probe]  bin_only: 1 set: 0 repl: 0 T: 0.01 T-out: N T-r: 99.77%
c rst  luby ibes  vmt   334  102K    2635   20K   882    4.09    4.01   403   573   47K    95   24.51   24.46
c [distill] watch-based irred--  cl tried     7485 cl-sh     0 cl-rem    1 lit-rem      0 T: 0.01 T-out: N
c [distill] watch-based   red--  cl tried      805 cl-sh     2 cl-rem    1 lit-rem      2 T: 0.00 T-out: N
c rst  luby ibes  vmt   335  102K    2635   20K   883    4.09    4.01   403   576   48K    94   24.52   24.48
c rst  luby ibes  vmt   336  102K    2635   20K   883    4.09    4.01   403   576   48K    94   24.54   24.49
c rst  luby ibes  vmt   337  102K    2635   20K   883    4.09    4.01   403   576   48K    94   24.53   24.49
c rst  luby ibes  vmt   338  102K    2635   20K   883    4.09    4.01   403   576   48K    94   24.52   24.48
c rst  luby ibes  vmt   339  102K    2635   20K   883    4.09    4.01   403   577   48K    94   24.49   24.45
c rst  luby ibes  vmt   340  103K    2635   20K   883    4.09    4.01   403   577   49K    94   24.47   24.43
c rst  luby ibes  vmt   341  103K    2635   20K   883    4.09    4.01   403   577   49K    94   24.49   24.45
c rst  luby ibes  vmt   342  103K    2635   20K   883    4.09    4.01   403   577   49K    94   24.48   24.44
c rst  luby ibes  vmt   343  103K    2635   20K   883    4.09    4.01   403   577   49K    94   24.48   24.43
c rst  luby ibes  vmt   344  103K    2635   20K   883    4.09    4.01   403   577   49K    94   24.48   24.43
c rst  luby ibes  vmt   345  103K    2635   20K   883    4.09    4.01   403   577   49K    94   24.46   24.42
c rst  luby ibes  vmt   346  104K    2635   20K   883    4.09    4.01   403   577   49K    94   24.46   24.42
c rst  luby ibes  vmt   347  104K    2635   20K   883    4.09    4.01   403   577   50K    94   24.45   24.41
c rst  luby  svd  vmt   348  105K    2635   20K   883    4.09    4.01   404   583   37K    94   24.51   24.45
c rst  luby  svd  vmt   349  105K    2635   20K   883    4.09    4.01   404   583   37K    94   24.51   24.45
c rst  luby  svd  vmt   350  105K    2635   20K   883    4.09    4.01   404   583   37K    94   24.52   24.47
c rst  luby  svd  vmt   351  105K    2635   20K   883    4.09    4.01   404   583   37K    94   24.49   24.43
c rst  luby  svd  vmt   352  105K    2635   20K   883    4.09    4.01   404   583   37K    94   24.48   24.42
c rst  luby  svd  vmt   353  105K    2635   20K   883    4.09    4.01   404   583   38K    94   24.48   24.42
c rst  luby  svd  vmt   354  106K    2635   20K   883    4.09    4.01   404   583   38K    94   24.54   24.49
c rst  luby  svd  vmt   355  106K    2635   20K   883    4.09    4.01   404   583   38K    94   24.59   24.53
c rst  luby  svd  vmt   356  106K    2635   20K   883    4.09    4.01   404   583   38K    94   24.60   24.54
c rst  luby  svd  vmt   357  106K    2635   20K   883    4.09    4.01   404   583   38K    94   24.59   24.54
c rst  luby  svd  vmt   358  106K    2635   20K   883    4.09    4.01   404   583   39K    94   24.60   24.54
c rst  luby  svd  vmt   359  107K    2635   20K   883    4.09    4.01   404   583   39K    94   24.60   24.55
c rst  luby  svd  vmt   360  107K    2635   20K   883    4.09    4.01   404   583   39K    94   24.60   24.54
c rst  luby  svd  vmt   361  107K    2635   20K   883    4.09    4.01   406   584   39K    94   24.63   24.58
c rst  luby  svd  vmt   362  107K    2635   20K   883    4.09    4.01   406   584   39K    94   24.62   24.57
c rst  luby  svd  vmt   363  108K    2635   20K   883    4.09    4.01   406   584   40K    94   24.58   24.52
c rst  luby  svd  vmt   364  110K    2635   20K   883    4.09    4.01   412   578   42K    94   24.99   24.94
c rst  luby  svd  vmt   365  110K    2635   20K   883    4.09    4.01   412   578   42K    94   25.01   24.96
c rst  luby  svd  vmt   366  110K    2635   20K   883    4.09    4.01   412   578   42K    94   25.04   24.99
c rst  luby  svd  vmt   367  110K    2635   20K   883    4.09    4.01   412   579   42K    94   25.10   25.05
c rst  luby  svd  vmt   368  110K    2635   20K   883    4.09    4.01   412   579   42K    94   25.12   25.07
c rst  geom best  vmt   369  110K    2635   20K   883    4.09    4.01   412   579   42K    94   25.13   25.08
c rst  geom best  vmt   370  110K    2635   20K   883    4.09    4.01   414   580   42K    94   25.17   25.12
c rst  geom best  vmt   371  111K    2635   20K   883    4.09    4.01   414   580   43K    94   25.18   25.13
c rst  geom best  vmt   372  111K    2635   20K   883    4.09    4.01   414   580   43K    94   25.22   25.17
c rst  geom best  vmt   373  111K    2635   20K   883    4.09    4.01   414   580   43K    94   25.26   25.21
c rst  geom best  vmt   374  111K    2635   20K   883    4.09    4.01   418   584   43K    94   25.26   25.21
c rst  geom best  vmt   375  111K    2635   20K   883    4.09    4.01   418   585   43K    94   25.27   25.22
c rst  geom best  vmt   376  111K    2635   20K   883    4.09    4.01   418   585   43K    94   25.27   25.22
c rst  geom best  vmt   377  112K    2635   20K   883    4.09    4.01   418   585   44K    94   25.23   25.18
c rst  geom best  vmt   378  112K    2635   20K   883    4.09    4.01   418   585   44K    94   25.20   25.15
c [distill-long-red0] cls tried: 23/23 T: 0.00 T-out: N T-r: 99.94%
c [distill-long-red1] cls tried: 56/332 T: 0.01 T-out: Y T-r: -1.99%
c rst  geom best  vmt   379  112K    2635   20K   883    4.09    4.01   418   585   44K    94   25.20   25.15
c rst  geom best  vmt   380  113K    2635   20K   883    4.09    4.01   418   585   45K    94   25.37   25.32
c rst  geom best  vmt   381  113K    2635   20K   883    4.09    4.01   418   585   45K    95   25.36   25.32
c rst  geom best  vmt   382  113K    2635   20K   883    4.09    4.01   418   585   45K    95   25.37   25.32
c rst  geom best  vmt   383  114K    2635   20K   883    4.09    4.01   418   585   46K    95   25.34   25.29
c [distill-bin] useful: 0/883/883 lits-rem: 0 cl-rem: 0 0-depth-assigns: 0 T: 0.01 T-out: N
c rst  geom best  vmt   384  114K    2635   20K   883    4.09    4.01   418   585   46K    95   25.29   25.24
c rst  geom best  vmt   385  115K    2635   20K   883    4.09    4.01   418   585   47K    95   25.21   25.16
c rst  geom best  vmt   386  115K    2635   20K   883    4.09    4.01   418   585   47K    95   25.12   25.07
c [gauss] XOR-encoding clauses are not detached, so no need to reattach them.
c [g 0] truth-find prop checks  : 1678K
c [g 0] -> of which prop        : 46.98 %
c [g 0] -> of which confl       :  1.70 %
c [g 0] elim called             : 206K
c [g 0] ---> which lead to prop : 36.68 %
c [g 0] ---> which lead to confl:  1.66 %
c [g 0] size: 52    x 463  
c [scc] new: 1 BP 0M T: 0.00
c [vrep] vars 1 lits 2519 rem-bin-cls 6 rem-long-cls 0 BP 0M T: 0.01
c [scc] new: 0 BP 0M T: 0.00
c [vrep] vars 0 lits 0 rem-bin-cls 0 rem-long-cls 0 BP 0M T: 0.00
c [intree] Set 1 vars hyper-added: 36 trans-irred: 0 trans-red: 1 T: 0.01 T-out: N T-r: -1.36%
c [find&init matx] performing matrix init
c [gauss] XOR-encoding clauses are not detached, so no need to reattach them.
c [xor-rem-unconnected] left with 2065 xors from 2065 non-empty xors T: 0.00
c [xor-together] xored together: 2011 orig xors: 2065 new xors: 54 T: 0.00
c [xor-rem-unconnected] left with 54 xors from 54 non-empty xors T: 0.00
c [xor-clean-equiv] removed equivalent xors: 0 left with: 54
c [matrix] unused xors from cleaning: 0
c [matrix] Good   matrix 0 54      x462    density:0.1694  xorlen avg: 78.28
c [matrix] Using 1 matrices recovered from 0 xors T: 0.00 T-out: N
c rst  geom best vmt  387   116 K 2633      20K   881 4.09    4.01      418   585   48K   128 25.01   24.95  
c rst  geom best vmt  388   116 K 2633      20K   881 4.09    4.01      418   585   48K   128 24.89   24.83  
c rst  geom stb  vmt  389   117 K 2633      20K   881 4.09    4.01      419   585   49K   128 24.94   24.88  
c [branch] adjusting to: vsid (from: vmtf) var_decay:0.95 descr: VSIDS
c rst  geom stb  vs   390   117 K 2633      20K   881 4.09    4.01      419   585   49K   128 24.94   24.89  
c rst  geom stb  vs   391   117 K 2633      20K   881 4.09    4.01      419   585   49K   128 24.98   24.92  
c rst  geom stb  vs   392   117 K 2633      20K   881 4.09    4.01      419   585   50K   128 24.97   24.92  
c rst  geom stb  vs   393   118 K 2633      20K   881 4.09    4.01      419   585   50K   128 24.98   24.93  
c rst  geom stb  vs   394   118 K 2633      20K   881 4.09    4.01      419   585   50K   128 25.01   24.95  
c rst  geom stb  vs   395   118 K 2633      20K   881 4.09    4.01      419   585   50K   128 25.01   24.95  
c rst  geom stb  vs   396   118 K 2633      20K   881 4.09    4.01      419   585   50K   128 25.02   24.97  
c rst  geom stb  vs   397   118 K 2633      20K   881 4.09    4.01      419   585   50K   128 25.03   24.97  
c rst  geom stb  vs   398   119 K 2633      20K   881 4.09    4.01      419   585   51K   128 25.05   24.99  
c rst  geom stb  vs   399   119 K 2633      20K   881 4.09    4.01      419   585   51K   128 25.07   25.01  
c rst  geom stb  vs   400   119 K 2633      20K   881 4.09    4.01      419   585   51K   128 25.04   24.98  
c rst  geom stb  vs   401   119 K 2633      20K   881 4.09    4.01      419   585   51K   128 25.05   25.00  
c rst  geom stb  vs   402   120 K 2633      20K   881 4.09    4.01      425   580   37K   128 25.83   25.75  
c rst  geom stb  vs   403   120 K 2633      20K   881 4.09    4.01      425   580   37K   128 25.79   25.71  
c rst  geom stb  vs   404   121 K 2633      20K   881 4.09    4.01      425   580   38K   128 25.83   25.75  
c rst  geom stb  vs   405   121 K 2633      20K   881 4.09    4.01      425   580   38K   128 25.92   25.84  
c rst  geom stb  vs   406   122 K 2633      20K   881 4.09    4.01      425   580   39K   128 26.03   25.95  
c rst  geom stb  vs   407   122 K 2633      20K   881 4.09    4.01      425   580   39K   128 26.07   25.99  
c [full-probe]  bin_only: 0 set: 0 repl: 0 T: 0.01 T-out: N T-r: 97.93%
c rst  geom stb  vs   408   123 K 2633      20K   881 4.09    4.01      425   580   40K   128 26.06   25.99  
c rst  geom ibes vs   409   123 K 2633      20K   881 4.09    4.01      425   580   40K   128 26.10   26.03  
c rst  geom ibes vs   410   124 K 2633      20K   881 4.09    4.01      425   580   41K   128 26.08   26.01  
c rst  geom ibes vs   411   125 K 2633      20K   881 4.09    4.01      425   580   42K   128 26.24   26.17  
c rst  geom ibes vs   412   126 K 2633      20K   881 4.09    4.01      425   580   43K   128 26.03   25.96  
c rst  geom ibes vs   413   127 K 2633      20K   881 4.09    4.01      425   580   44K   128 25.91   25.84  
c rst  geom ibes vs   414   128 K 2633      20K   881 4.09    4.01      425   580   45K   128 26.04   25.97  
c [distill-long-red0] cls tried: 7/7 T: 0.00 T-out: N T-r: 99.97%
c [distill-long-red1] cls tried: 87/271 T: 0.01 T-out: Y T-r: -1.38%
c [distill] watch-based irred--  cl tried 7482     cl-sh 0     cl-rem 0    lit-rem 0      T: 0.00 T-out: N
c [distill] watch-based red  --  cl tried 849      cl-sh 2     cl-rem 1    lit-rem 27     T: 0.00 T-out: N
c rst  geom ibes vs   415   129 K 2633      20K   880 4.09    4.00      424   580   46K   128 25.74   25.68  
c rst  geom ibes vs   416   130 K 2633      20K   880 4.09    4.00      424   567   47K   128 25.65   25.58  
c rst  geom svd  vs   417   132 K 2633      20K   880 4.09    4.00      424   568   49K   128 25.77   25.71  
c rst  geom svd  vs   418   133 K 2633      20K   880 4.09    4.00      424   568   50K   128 25.98   25.93  
c [ccnr] tries: 0 steps: 262143 best found: 11
c [ccnr] tries: 0 steps: 524287 best found: 11
c [ccnr] tries: 0 steps: 786431 best found: 11
c [ccnr] saving best assignment phase to stable_polar
c [ccnr] bumping based on var unsat frequency: conflict_ct
c [ccnr] Bumped vars: 2944 bump type: 6
c [ccnr] time: 0.55
c rst  geom svd  vs   419   134 K 2633      20K   880 4.09    4.00      424   568   51K   128 26.05   25.99  
c recursive minimization cost OK: 309Kcost/(% lits removed)
c [gauss] XOR-encoding clauses are not detached, so no need to reattach them.
c [g 0] truth-find prop checks  : 391K
c [g 0] -> of which prop        : 75.90 %
c [g 0] -> of which confl       :  2.21 %
c [g 0] elim called             : 9792
c [g 0] ---> which lead to prop : 111.03 %
c [g 0] ---> which lead to confl:  1.35 %
c [g 0] size: 54    x 462  
c --> Executing strategy token: scc-vrepl
c [scc] new: 0 BP 0M T: 0.00
c --> Executing strategy token: sub-impl
c [impl-sub] bin: 5 T: 0.00 T-out: N w-visit: 5888
c --> Executing strategy token: breakid
c --> Executing OCC strategy token(s): 'occ-backw-sub-str,occ-clean-implicit,occ-bve,occ-bva,occ-ternary-res,occ-xor,'
c [occ] mem usage for occur 1      MB
c [occ] Linked in IRRED BIN by default: 880
c [occ] Linked in RED   BIN by default: 123
c [occ] mem usage for occur 0      MB
c Mem for watch alloc      : 8           MB (23.25     %)
c Mem for watch array      : 0           MB (0.38      %)
c --> Executing OCC strategy token: occ-backw-sub-str
c [occ-backw-sub-str-long-w-bins] subs: 0 str: 0 tried: 4797 0-depth ass: 0 T: 0.00 T-out: N T-r: 99.68%
c [occ-backw-sub-long-w-long] rem cl: 620 tried: 72635/72635 (100.0%) T: 0.01 T-out: N T-r: 94.91%
c [occ-backw-sub-str-long-w-long] sub: 10 str: 148 tried: 217905/72635 (300.0)  T: 0.06 T-out: N T-r: 86.90%
c --> Executing OCC strategy token: occ-clean-implicit
c --> Executing OCC strategy token: occ-bve
c [occ-empty-res] Empty resolvent elimed: 0 T: 0.00 T-out: N
c [occ-bve] iter v-elim 0
c cl_inc_rate=1.0, var_dec_rate=1.0 (grow=0)
c Reduced to 2633 vars, 20574 cls (grow=0)
c [occ-bve] iter v-elim 27
c cl_inc_rate=1.0, var_dec_rate=1.0 (grow=8)
c Reduced to 2606 vars, 20630 cls (grow=8)
c x n vars       : 2606
c #try to eliminate:  5351
c #var-elim        :    27
c #T-o: N
c #T-r: 99.99%
c #T  : 0.08
c [occur] 0.03 is overhead
c [occur] link-in T: 0.03 cleanup T: 0.00
c --> Executing OCC strategy token: occ-bva
c --> Executing OCC strategy token: occ-ternary-res
c [occ-ternary-res] Ternary res-tri: 0 res-bin: 0 sub: 0 str: 0 T: 0.00 T-out: N T-r: 99.68%
c --> Executing OCC strategy token: occ-xor
c [occ-xor] sort occur list T: 0.00
c [xor-clean-equiv] removed equivalent xors: 0 left with: 2045
c [occ-xor] found   2045 avg sz 4.0 min sz  4 max sz  5 T: 0.01 T-out: N T-r: 99.98%
c --> Executing strategy token: card-find
c --> Executing strategy token: cl-consolidate
c Not consolidating memory.
c --> Executing strategy token: scc-vrepl
c [scc] new: 0 BP 0M T: 0.00
c --> Executing strategy token: renumber
c --> Executing strategy token: bosphorus
c --> Executing strategy token: louvain-comms
c [consolidate] mini T: 0.00
c global_timeout_multiplier: 3.6300
c [branch] rebuilding order heap for all branchings. Current branching: vsid
c [find&init matx] performing matrix init
c [gauss] XOR-encoding clauses are not detached, so no need to reattach them.
c [xor-rem-unconnected] left with 2045 xors from 2045 non-empty xors T: 0.00
c [xor-together] xored together: 1991 orig xors: 2045 new xors: 54 T: 0.00
c [xor-rem-unconnected] left with 54 xors from 54 non-empty xors T: 0.00
c [xor-clean-equiv] removed equivalent xors: 0 left with: 54
c [matrix] unused xors from cleaning: 0
c [matrix] Good   matrix  0     54 x  462  density:0.1694  xorlen avg: 78.28
c [matrix] Using 1 matrices recovered from 0 xors T: 0.00 T-out: N
c [distill-bin] useful: 0/859/859 lits-rem: 0 cl-rem: 0 0-depth-assigns: 0 T: 0.01 T-out: N
c rst  geom  svd   vs   420  135K    2606 19771   859    4.11    4.02   343   545   38K   121   26.36   26.29
c [branch] adjusting to: vmtf (from: vsid) var_decay:0.95 descr: VMTF
c rst  luby  svd  vmt   421  135K    2606 19771   859    4.11    4.02   348   566   38K   123   26.37   26.29
c rst  luby  svd  vmt   422  135K    2606 19771   859    4.11    4.02   348   566   38K   123   26.41   26.33
c rst  luby  svd  vmt   423  135K    2606 19771   859    4.11    4.02   348   566   38K   123   26.47   26.39
c rst  luby  svd  vmt   424  135K    2606 19771   859    4.11    4.02   348   566   38K   123   26.47   26.40
c rst  luby  svd  vmt   425  135K    2606 19771   859    4.11    4.02   348   566   38K   123   26.48   26.41
c rst  luby  svd  vmt   426  136K    2606 19771   859    4.11    4.02   348   566   38K   123   26.56   26.48
c rst  luby  svd  vmt   427  136K    2606 19771   859    4.11    4.02   348   566   39K   123   26.63   26.56
c rst  luby  svd  vmt   428  136K    2606 19771   859    4.11    4.02   348   566   39K   123   26.65   26.57
c rst  luby  svd  vmt   429  136K    2606 19771   859    4.11    4.02   348   566   39K   123   26.66   26.59
c rst  luby  svd  vmt   430  136K    2606 19771   859    4.11    4.02   348   566   39K   123   26.67   26.59
c rst  luby  svd  vmt   431  137K    2606 19771   859    4.11    4.02   348   566   39K   123   26.68   26.61
c rst  geom best  vmt   432  137K    2606 19771   859    4.11    4.02   351   568   39K   123   26.69   26.61
c rst  geom best  vmt   433  137K    2606 19771   859    4.11    4.02   351   568   40K   123   26.69   26.62
c rst  geom best  vmt   434  137K    2606 19771   859    4.11    4.02   351   568   40K   123   26.68   26.61
c rst  geom best  vmt   435  137K    2606 19771   859    4.11    4.02   351   568   40K   123   26.75   26.68
c rst  geom best  vmt   436  137K    2606 19771   859    4.11    4.02   351   568   40K   123   26.75   26.68
c rst  geom best  vmt   437  137K    2606 19771   859    4.11    4.02   351   568   40K   123   26.74   26.67
c rst  geom best  vmt   438  138K    2606 19771   859    4.11    4.02   351   568   40K   123   26.69   26.62
c rst  geom best  vmt   439  138K    2606 19771   859    4.11    4.02   351   568   41K   123   26.73   26.66
c rst  geom best  vmt   440  138K    2606 19771   859    4.11    4.02   351   568   41K   123   26.79   26.71
c rst  geom best  vmt   441  138K    2606 19771   859    4.11    4.02   351   568   41K   123   26.81   26.74
c rst  geom best  vmt   442  139K    2606 19771   859    4.11    4.02   351   568   41K   123   26.80   26.73
c rst  geom best  vmt   443  139K    2606 19771   859    4.11    4.02   351   568   42K   123   26.73   26.66
c rst  geom best  vmt   444  139K    2606 19771   859    4.11    4.02   351   568   42K   123   26.65   26.58
c rst  geom best  vmt   445  140K    2606 19771   859    4.11    4.02   355   533   42K   123   26.55   26.48
c rst  geom best  vmt   446  140K    2606 19771   859    4.11    4.02   355   537   43K   123   26.46   26.39
c rst  geom best  vmt   447  140K    2606 19771   859    4.11    4.02   355   538   43K   123   26.62   26.55
c rst  geom best  vmt   448  141K    2606 19771   859    4.11    4.02   355   538   44K   123   26.59   26.53
c rst  geom best  vmt   449  141K    2606 19771   859    4.11    4.02   355   538   44K   123   26.55   26.48
c rst  geom best  vmt   450  142K    2606 19771   859    4.11    4.02   355   539   45K   123   26.50   26.44
c [full-probe]  bin_only: 1 set: 0 repl: 0 T: 0.01 T-out: N T-r: 99.74%
c rst  geom best  vmt   451  143K    2606 19771   859    4.11    4.02   355   539   46K   123   26.45   26.38
c [distill-long-red0] cls tried: 15/15 T: 0.00 T-out: N T-r: 99.96%
c [distill-long-red1] cls tried: 140/205 T: 0.01 T-out: Y T-r: -0.15%
c rst  geom best  vmt   452  143K    2606 19771   859    4.11    4.02   355   539   46K   123   26.45   26.38
c rst  geom  stb  vmt   453  144K    2606 19771   859    4.11    4.02   355   539   47K   123   26.49   26.42
c rst  geom  stb  vmt   454  145K    2606 19771   859    4.11    4.02   355   567   48K   123   26.58   26.52
c rst  geom  stb  vmt   455  146K    2606 19771   859    4.11    4.02   355   581   49K   123   26.41   26.35
c rst  geom  stb  vmt   456  147K    2606 19771   859    4.11    4.02   358   599   50K   123   26.27   26.21
c rst  geom  stb  vmt   457  148K    2606 19771   859    4.11    4.02   360   603   51K   123   26.03   25.97
c rst  geom  stb  vmt   458  150K    2606 19771   859    4.11    4.02   437   612   37K   123   25.25   25.18
c rst  geom  stb  vmt   459  151K    2606 19771   859    4.11    4.02   438   631   39K   123   24.96   24.89
c rst  geom ibes  vmt   460  153K    2606 19771   859    4.11    4.02   439   643   40K   123   24.53   24.47
c rst  geom ibes  vmt   461  154K    2606 19771   859    4.11    4.02   440   647   42K   123   24.07   24.01
c [branch] adjusting to: vsid (from: vmtf) var_decay:0.95 descr: VSIDS
c [distill-bin] useful: 0/859/859 lits-rem: 0 cl-rem: 0 0-depth-assigns: 0 T: 0.01 T-out: N
c [distill] watch-based irred--  cl tried     6358 cl-sh     0 cl-rem    0 lit-rem      0 T: 0.00 T-out: N
c [distill] watch-based   red--  cl tried      880 cl-sh     2 cl-rem    0 lit-rem      2 T: 0.00 T-out: N
c rst  geom ibes   vs   462  154K    2606 19771   859    4.11    4.02   440   647   42K   123   24.05   23.98
c rst  geom ibes   vs   463  154K    2606 19771   859    4.11    4.02   440   647   42K   123   24.06   24.00
c rst  geom ibes   vs   464  155K    2606 19771   859    4.11    4.02   440   647   42K   123   24.04   23.97
c rst  geom ibes   vs   465  155K    2606 19771   859    4.11    4.02   440   648   42K   123   24.01   23.95
c rst  geom ibes   vs   466  155K    2606 19771   859    4.11    4.02   440   648   43K   123   24.00   23.94
c rst  geom ibes   vs   467  155K    2606 19771   859    4.11    4.02   440   648   43K   123   23.97   23.91
c rst  geom ibes   vs   468  155K    2606 19771   859    4.11    4.02   440   648   43K   123   23.94   23.88
c rst  geom ibes   vs   469  155K    2606 19771   859    4.11    4.02   440   648   43K   123   23.97   23.91
c rst  geom ibes   vs   470  156K    2606 19771   859    4.11    4.02   440   648   43K   123   24.00   23.94
c rst  geom ibes   vs   471  156K    2606 19771   859    4.11    4.02   440   648   44K   123   23.97   23.91
c rst  geom ibes   vs   472  156K    2606 19771   859    4.11    4.02   440   648   44K   123   23.92   23.87
c rst  geom ibes   vs   473  157K    2606 19771   859    4.11    4.02   440   648   44K   123   23.89   23.83
c rst  geom ibes   vs   474  157K    2606 19771   859    4.11    4.02   440   648   45K   123   23.85   23.79
c rst  geom ibes   vs   475  157K    2606 19771   859    4.11    4.02   440   648   45K   123   23.78   23.73
c rst  geom ibes   vs   476  158K    2606 19771   859    4.11    4.02   440   648   45K   123   23.75   23.70
c rst  geom  svd   vs   477  158K    2606 19771   859    4.11    4.02   440   648   46K   123   23.77   23.71
c [distill-long-red0] cls tried: 55/55 T: 0.00 T-out: N T-r: 99.88%
c [distill-long-red1] cls tried: 47/238 T: 0.01 T-out: Y T-r: -1.15%
c rst  geom  svd   vs   478  159K    2606 19771   859    4.11    4.02   440   648   46K   123   23.86   23.80
c rst  geom  svd   vs   479  159K    2606 19771   859    4.11    4.02   440   650   47K   123   23.92   23.87
c rst  geom  svd   vs   480  160K    2606 19771   859    4.11    4.02   479   432   48K   123   24.00   23.94
c rst  geom  svd   vs   481  160K    2606 19771   859    4.11    4.02   479   432   48K   123   24.26   24.20
c [impl-str] lit bin: 0 set-var: 0 T: 0.00 T-out: N T-r: 99.96% w-visit: 5888
c [impl-sub] bin: 2 T: 0.00 T-out: N w-visit: 5888
c rst  geom  svd   vs   482  161K    2606 19771   859    4.11    4.02   479   432   49K   121   24.29   24.24
c rst  geom  svd   vs   483  162K    2606 19771   859    4.11    4.02   479   432   50K   121   24.32   24.27
c rst  geom  svd   vs   484  163K    2606 19771   859    4.11    4.02   479   433   51K   121   24.37   24.32
c [full-probe]  bin_only: 0 set: 0 repl: 0 T: 0.01 T-out: N T-r: 97.69%
c rst  geom  svd   vs   485  164K    2606 19771   859    4.11    4.02   479   433   52K   121   24.40   24.35
c rst  geom  svd   vs   486  165K    2606 19771   859    4.11    4.02   486   496   38K   121   24.14   24.07
c rst  geom best   vs   487  166K    2606 19771   859    4.11    4.02   486   496   39K   121   24.41   24.35
c rst  geom best   vs   488  167K    2606 19771   859    4.11    4.02   486   496   40K   121   24.61   24.55
c rst  geom best   vs   489  169K    2606 19771   859    4.11    4.02   486   496   42K   121   24.92   24.86
c rst  geom best   vs   490  170K    2606 19771   859    4.11    4.02   489   493   43K   121   25.17   25.11
c rst  geom best   vs   491  172K    2606 19771   859    4.11    4.02   489   493   45K   121   25.24   25.18
c rst  geom  stb   vs   492  174K    2606 19771   859    4.11    4.02   489   493   47K   121   25.47   25.41
c [distill-long-red0] cls tried: 36/36 T: 0.00 T-out: N T-r: 99.91%
c [distill-long-red1] cls tried: 44/203 T: 0.01 T-out: Y T-r: -0.94%
c rst  geom  stb   vs   493  176K    2606 19771   859    4.11    4.02   489   493   49K   121   25.44   25.38
c [branch] adjusting to: vmtf (from: vsid) var_decay:0.95 descr: VMTF
c [distill-bin] useful: 0/859/859 lits-rem: 0 cl-rem: 0 0-depth-assigns: 0 T: 0.01 T-out: N
c rst  luby  stb  vmt   494  176K    2606 19771   859    4.11    4.02   489   493   49K   121   25.43   25.37
c rst  luby  stb  vmt   495  176K    2606 19771   859    4.11    4.02   489   495   49K   121   25.45   25.39
c rst  luby  stb  vmt   496  176K    2606 19771   859    4.11    4.02   489   512   49K   121   25.44   25.38
c rst  luby  stb  vmt   497  176K    2606 19771   859    4.11    4.02   490   513   49K   121   25.43   25.37
c rst  luby  stb  vmt   498  176K    2606 19771   859    4.11    4.02   490   515   49K   121   25.42   25.36
c rst  luby  stb  vmt   499  177K    2606 19771   859    4.11    4.02   490   516   50K   121   25.41   25.36
c rst  luby  stb  vmt   500  177K    2606 19771   859    4.11    4.02   490   525   50K   121   25.34   25.28
c rst  luby  stb  vmt   501  177K    2606 19771   859    4.11    4.02   491   525   50K   121   25.33   25.27
c [ccnr] tries: 0 steps: 262143 best found: 11
c [ccnr] tries: 0 steps: 524287 best found: 11
c [ccnr] tries: 0 steps: 786431 best found: 11
c [ccnr] saving best assignment phase to stable_polar
c [ccnr] bumping based on clause weights
c [ccnr] Bumped vars: 102 bump type: 6
c [ccnr] time: 0.55
c rst  luby  stb  vmt   502  177K    2606 19771   859    4.11    4.02   491   525   50K   121   25.34   25.28
c rst  luby  stb  vmt   503  177K    2606 19771   859    4.11    4.02   491   526   50K   121   25.30   25.25
c rst  luby  stb  vmt   504  178K    2606 19771   859    4.11    4.02   491   531   50K   121   25.30   25.24
c rst  luby  stb  vmt   505  178K    2606 19771   859    4.11    4.02   491   531   51K   121   25.29   25.23
c rst  luby  stb  vmt   506  178K    2606 19771   859    4.11    4.02   492   533   51K   121   25.30   25.25
c rst  luby  stb  vmt   507  178K    2606 19771   859    4.11    4.02   492   536   51K   121   25.22   25.17
c rst  luby  stb  vmt   508  179K    2606 19771   859    4.11    4.02   492   541   52K   121   25.10   25.05
c rst  luby ibes  vmt   509  179K    2606 19771   859    4.11    4.02   492   542   52K   121   25.08   25.03
c rst  luby ibes  vmt   510  179K    2606 19771   859    4.11    4.02   492   542   52K   121   25.06   25.01
c [distill] watch-based irred--  cl tried     6358 cl-sh     0 cl-rem    0 lit-rem      0 T: 0.01 T-out: N
c [distill] watch-based   red--  cl tried      984 cl-sh     1 cl-rem    0 lit-rem      1 T: 0.00 T-out: N
c rst  luby ibes  vmt   511  179K    2606 19771   859    4.11    4.02   492   542   52K   121   25.02   24.96
c rst  luby ibes  vmt   512  180K    2606 19771   859    4.11    4.02   533   565   37K   121   24.16   24.09
c rst  luby ibes  vmt   513  180K    2606 19771   859    4.11    4.02   533   565   38K   121   24.13   24.06
c rst  luby ibes  vmt   514  180K    2606 19771   859    4.11    4.02   533   565   38K   121   24.07   24.00
c rst  luby ibes  vmt   515  180K    2606 19771   859    4.11    4.02   533   566   38K   121   23.94   23.87
c [gauss] XOR-encoding clauses are not detached, so no need to reattach them.
c [g 0] truth-find prop checks  : 1500K
c [g 0] -> of which prop        : 44.60 %
c [g 0] -> of which confl       :  1.53 %
c [g 0] elim called             : 191K
c [g 0] ---> which lead to prop : 36.29 %
c [g 0] ---> which lead to confl:  1.74 %
c [g 0] size: 54    x 462  
c [scc] new: 0 BP 0M T: 0.00
c [vrep] vars 0 lits 0 rem-bin-cls 0 rem-long-cls 0 BP 0M T: 0.00
c [intree] Set 0 vars hyper-added: 3 trans-irred: 0 trans-red: 1 T: 0.01 T-out: N T-r: -1.19%
c [find&init matx] performing matrix init
c [gauss] XOR-encoding clauses are not detached, so no need to reattach them.
c [xor-rem-unconnected] left with 2045 xors from 2045 non-empty xors T: 0.00
c [xor-together] xored together: 1991 orig xors: 2045 new xors: 54 T: 0.00
c [xor-rem-unconnected] left with 54 xors from 54 non-empty xors T: 0.00
c [xor-clean-equiv] removed equivalent xors: 0 left with: 54
c [matrix] unused xors from cleaning: 0
c [matrix] Good   matrix 0 54      x462    density:0.1694  xorlen avg: 78.28
c [matrix] Using 1 matrices recovered from 0 xors T: 0.00 T-out: N
c rst  luby ibes vmt  516   180 K 2606    19771   859 4.11    4.02      533   568   38K   123 23.91   23.84  
c rst  luby ibes vmt  517   180 K 2606    19771   859 4.11    4.02      533   568   38K   123 23.88   23.82  
c rst  luby ibes vmt  518   181 K 2606    19771   859 4.11    4.02      533   568   39K   123 23.83   23.77  
c rst  luby ibes vmt  519   181 K 2606    19771   859 4.11    4.02      533   568   39K   123 23.81   23.74  
c rst  luby ibes vmt  520   181 K 2606    19771   859 4.11    4.02      533   568   39K   123 23.78   23.71  
c rst  luby ibes vmt  521   181 K 2606    19771   859 4.11    4.02      533   572   39K   123 23.75   23.68  
c rst  luby ibes vmt  522   181 K 2606    19771   859 4.11    4.02      533   573   39K   123 23.65   23.58  
c rst  luby ibes vmt  523   182 K 2606    19771   859 4.11    4.02      534   577   40K   123 23.43   23.36  
c rst  luby ibes vmt  524   184 K 2606    19771   859 4.11    4.02      534   577   42K   123 23.01   22.95  
c [full-probe]  bin_only: 1 set: 0 repl: 0 T: 0.01 T-out: N T-r: 99.76%
c rst  luby ibes vmt  525   184 K 2606    19771   859 4.11    4.02      534   577   42K   125 22.99   22.93  
c rst  luby ibes vmt  526   184 K 2606    19771   859 4.11    4.02      534   577   42K   125 22.96   22.90  
c rst  luby ibes vmt  527   184 K 2606    19771   859 4.11    4.02      534   577   42K   125 22.91   22.85  
c rst  luby ibes vmt  528   184 K 2606    19771   859 4.11    4.02      534   577   42K   125 22.89   22.83  
c rst  luby ibes vmt  529   184 K 2606    19771   859 4.11    4.02      534   577   42K   125 22.86   22.80  
c rst  luby ibes vmt  530   185 K 2606    19771   859 4.11    4.02      534   577   43K   125 22.82   22.76  
c rst  luby ibes vmt  531   185 K 2606    19771   859 4.11    4.02      534   578   43K   125 22.72   22.67  
c rst  luby ibes vmt  532   185 K 2606    19771   859 4.11    4.02      534   578   43K   125 22.70   22.65  
c rst  luby ibes vmt  533   185 K 2606    19771   859 4.11    4.02      534   580   43K   125 22.69   22.63  
c rst  luby ibes vmt  534   185 K 2606    19771   859 4.11    4.02      534   584   43K   125 22.65   22.59  
c rst  luby ibes vmt  535   186 K 2606    19771   859 4.11    4.02      534   584   43K   125 22.64   22.58  
c rst  luby ibes vmt  536   186 K 2606    19771   859 4.11    4.02      534   585   44K   125 22.62   22.56  
c rst  luby ibes vmt  537   186 K 2606    19771   859 4.11    4.02      534   586   44K   125 22.57   22.52  
c rst  luby svd  vmt  538   186 K 2606    19771   859 4.11    4.02      534   589   44K   125 22.54   22.48  
c rst  luby svd  vmt  539   187 K 2606    19771   859 4.11    4.02      534   603   45K   125 22.61   22.55  
c rst  luby svd  vmt  540   187 K 2606    19771   859 4.11    4.02      534   603   45K   125 22.59   22.54  
c rst  luby svd  vmt  541   187 K 2606    19771   859 4.11    4.02      534   603   45K   125 22.58   22.52  
c rst  luby svd  vmt  542   187 K 2606    19771   859 4.11    4.02      534   604   45K   125 22.60   22.54  
c rst  luby svd  vmt  543   188 K 2606    19771   859 4.11    4.02      534   610   45K   125 22.66   22.61  
c rst  luby svd  vmt  544   188 K 2606    19771   859 4.11    4.02      535   612   46K   125 22.70   22.64  
c rst  luby svd  vmt  545   188 K 2606    19771   859 4.11    4.02      535   615   46K   125 22.69   22.64  
c rst  luby svd  vmt  546   188 K 2606    19771   859 4.11    4.02      535   619   46K   125 22.66   22.60  
c rst  luby svd  vmt  547   188 K 2606    19771   859 4.11    4.02      535   620   46K   125 22.64   22.59  
c rst  luby svd  vmt  548   188 K 2606    19771   859 4.11    4.02      535   620   46K   125 22.64   22.59  
c rst  luby svd  vmt  549   189 K 2606    19771   859 4.11    4.02      535   634   47K   125 22.66   22.61  
c rst  luby svd  vmt  550   189 K 2606    19771   859 4.11    4.02      535   634   47K   125 22.65   22.60  
c [distill-long-red0] cls tried: 37/37 T: 0.00 T-out: N T-r: 99.90%
c [distill-long-red1] cls tried: 40/298 T: 0.01 T-out: Y T-r: -3.71%
c rst  luby svd  vmt  551   189 K 2606    19771   859 4.11    4.02      535   634   47K   125 22.64   22.59  
c rst  luby svd  vmt  552   189 K 2606    19771   859 4.11    4.02      536   644   47K   125 22.66   22.61  
c rst  luby svd  vmt  553   190 K 2606    19771   859 4.11    4.02      621   569   47K   125 22.66   22.61  
c rst  luby svd  vmt  554   190 K 2606    19771   859 4.11    4.02      621   574   48K   125 22.58   22.53  
c rst  luby svd  vmt  555   192 K 2606    19771   859 4.11    4.02      622   615   50K   125 22.64   22.59  
c rst  luby svd  vmt  556   195 K 2606    19771   859 4.11    4.02      663   968   38K   125 23.24   23.17  
c rst  geom best vmt  557   195 K 2606    19771   859 4.11    4.02      663   969   38K   125 23.24   23.17  
c rst  geom best vmt  558   195 K 2606    19771   859 4.11    4.02      665   971   38K   125 23.26   23.20  
c rst  geom best vmt  559   195 K 2606    19771   859 4.11    4.02      665   973   38K   125 23.25   23.18  
c rst  geom best vmt  560   196 K 2606    19771   859 4.11    4.02      667   978   38K   125 23.25   23.19  
c rst  geom best vmt  561   196 K 2606    19771   859 4.11    4.02      672   988   38K   125 23.26   23.20  
c rst  geom best vmt  562   196 K 2606    19771   859 4.11    4.02      672   989   39K   125 23.29   23.23  
c [distill-bin] useful: 0/859/859 lits-rem: 0 cl-rem: 0 0-depth-assigns: 0 T: 0.01 T-out: N
c rst  geom best vmt  563   196 K 2606    19771   859 4.11    4.02      672   996   39K   125 23.28   23.22  
c rst  geom best vmt  564   196 K 2606    19771   859 4.11    4.02      672   997   39K   125 23.28   23.22  
c rst  geom best vmt  565   196 K 2606    19771   859 4.11    4.02      672   997   39K   125 23.29   23.22  
c ------- FINAL TOTAL SEARCH STATS ---------
c UIP search time          : 19.45       (97.77     % time)
c All times are for this thread only except if explicitly specified
c restarts                 : 565         (348.49    confls per restart)
c blocked restarts         : 0           (0.00      per normal restart)
c time                     : 19.45       
c decisions                : 213214      (0.00      % random)
c propagations             : 10312K      (530K      props/s)
c decisions/conflicts      : 1.08        
c conflicts                : 196898      
c LEARNT stats
c units learnt             : 1           (0.00      % of conflicts)
c bins learnt              : 29          (0.01      % of conflicts)
c long learnt              : 196989      (100.05    % of conflicts)
c red which0               : 182         (0.09      % of confl)
c SEAMLESS HYPERBIN&TRANS-RED stats
c advProp called           : 0           
c hyper-bin add bin        : 0           (0.00      bin/call)
c trans-red rem irred bin  : 0           (0.00      bin/call)
c trans-red rem red bin    : 0           (0.00      bin/call)
c CONFL LITS stats
c orig                     : 41250204    (209.50    lit/confl)
c recurs-min effective     : 193220      (98.13     % attempt successful)
c recurs-min lits          : 35731179    (86.62     % less overall)
c permDiff call%           : 0.63        (0.00      % attempt successful)
c permDiff lits-rem        : 0           (0.00      less lits/cl on attempts)
c further-min call%        : 0.00        (71.43     % attempt successful)
c bintri-min lits          : 11          (0.00      % less overall)
c final avg                : 28.03       
c all-threads sum CPU time : 19.45        s
c PROP stats
c Mbogo-props              : 39.73       (2.04      / sec)
c MHyper-props             : 0.06        (0.00      / sec)
c Mprops                   : 10.31       (0.53      / sec)
c -------- OccSimplifier STATS ----------
c time                     : 0.29        (0.00      % var-elim)
c called                   : 2           (0.14      s per call)
c 0-depth assigns          : 0           (0.00      % vars)
c -------- OccSimplifier STATS END ----------
c -------- SubsumeStrengthen STATS ----------
c cl-subs                  : 692          Clauses
c cl-str rem lit           : 148          Lits
c cl-sub T                 : 0.04         s
c cl-str T                 : 0.16         s
c -------- SubsumeStrengthen STATS END ----------
c ----- SCC STATS --------
c time                     : 0.00        (0.00      per call)
c called                   : 9           (1.11      new found per call)
c found                    : 10          (50.00     % of all found)
c bogoprops                : 328819      % of all found
c ----- SCC STATS END --------
c --------- VAR REPLACE STATS ----------
c time                     : 0.06        (0.01      per call)
c trees' crown             : 10          (0.34      % of vars)
c 0-depth assigns          : 0           (0.00      % vars)
c lits replaced            : 35266       
c bin cls removed          : 49          
c long cls removed         : 76          
c long lits removed        : 2367        
c bogoprops                : 1491803     
c --------- VAR REPLACE STATS END ----------
c vrep replace time        : 0.06        (0.32      % time)
c vrep tree roots          : 6           
c vrep trees' crown        : 10          (1.67      leafs/tree)
c -------- DISTILL-BIN STATS --------
c time                     : 0.10        (0.01      per call)
c timed out                : 1           (10.00     % of calls)
c distill/checked/potential: 0          /10977/11020
c lits-rem                 : 0           
c 0-depth-assigns          : 0           (0.00      % of vars)
c -------- DISTILL STATS END --------
c -------- STRENGTHEN STATS --------
c --> watch-based on irred cls
c time                     : 0.03        (0.00      s/call)
c shrinked/tried/total     : 139        /38173/274717
c subsumed/tried/total     : 157        /38173/274717
c lits-rem                 : 145         (0.09      % of lits tried)
c called                   : 14          (0.00      % ran out of time)
c --> watch-based on red cls
c time                     : 0.00        (0.00      s/call)
c shrinked/tried/total     : 15         /4259/4259
c subsumed/tried/total     : 3          /4259/4259
c lits-rem                 : 50          (0.20      % of lits tried)
c called                   : 14          (0.00      % ran out of time)
c -------- STRENGTHEN STATS END --------
c -------- IMPLICIT SUB  STATS --------
c time                     : 0.01        (0.00      per call)
c timed out                : 0           (0.00      % of calls)
c rem bins                 : 25          
c -------- IMPLICIT SUB STATS END --------
c Mem used                 : 36          MB
c Mem for longclauses      : 8           MB (23.46     %)
c Mem for watch alloc      : 10          MB (28.68     %)
c Mem for watch array      : 0           MB (0.37      %)
c Mem for assings&vardata  : 0           MB (0.20      %)
c Mem for search&solve     : 0           MB (0.59      %)
c Mem for renumberer       : 0           MB (0.07      %)
c Mem for occsimplifier    : 0           MB (2.02      %)
c Mem for varReplacer&SCC  : 0           MB (0.17      %)
c Mem for impl subsume     : 0           MB (0.00      %)
c Mem for 3 distills       : 0           MB (0.00      %)
c Accounted for mem (rss)  : 55.58       %
c Accounted for mem (vm)   : 49.64       %
c restarts                 : 565         (348.49    confls per restart)
c blocked restarts         : 0           (0.00      per normal restart)
c time                     : 19.45       
c decisions                : 213214      (0.00      % random)
c propagations             : 10312K      (530K      props/s)
c decisions/conflicts      : 1.08        
c conflicts                : 196898      
c conf lits non-minim      : 41250204    (209.50    lit/confl)
c conf lits final          : 28.03       
c red which0               : 182         (0.09      % of confl)
c props/decision           : 0.00        
c props/conflict           : 0.00        
c 0-depth assigns          : 2           (0.07      % vars)
c 0-depth assigns by CNF   : 0           (0.00      % vars)
c reduceDB time            : 0.07        (0.34      % time)
c OccSimplifier time       : 0.29        (1.44      % time)
c [occur] 0.07 is overhead
c [occur] link-in T: 0.06 cleanup T: 0.01
c [occ-substr] long subBySub: 682 subByStr: 10 lits-rem-str: 148 T: 0.20
c SCC time                 : 0.00        (0.02      % time)
c [scc] new: 10 BP 0M  T: 0.00
c vrep replace time        : 0.06        (0.32      % time)
c vrep tree roots          : 6           
c vrep trees' crown        : 10          (1.67      leafs/tree)
c distill long time        : 0.16        (0.80      % time)
c distill bin time         : 0.10        (0.48      % time)
c strength cache-irred time: 0.03        (0.17      % time)
c strength cache-red time  : 0.00        (0.02      % time)
c avg cls in red 0         : 287.93      
c avg cls in red 1         : 395.98      
c avg cls in red 2         : 37697.58    
c Conflicts in UIP         : 196898      (9898.14   confl/time_this_thread)
c Max Memory (rss) used    : 36892 kB    
c Total time (this thread) : 19.89       
s SATISFIABLE
v -1 -2 -3 4 5 -6 -7 8 -9 -10 11 -12 13 14 -15 -16 17 18 -19 -20 -21 -22 -23 -24 
v -25 -26 -27 -28 -29 -30 -31 -32 -33 -34 -35 -36 -37 38 -39 -40 41 -42 -43 44 
v -45 -46 47 -48 -49 -50 -51 -52 -53 -54 -55 -56 -57 -58 -59 -60 -61 -62 -63 
v -64 -65 -66 -67 -68 -69 -70 -71 -72 73 74 -75 -76 77 78 79 80 -81 -82 83 84 
v -85 -86 -87 -88 -89 -90 -91 -92 -93 -94 -95 -96 97 98 -99 -100 101 102 -103 
v -104 -105 -106 -107 -108 -109 -110 -111 -112 -113 -114 115 116 -117 -118 119 
v 120 -121 -122 -123 -124 -125 -126 -127 -128 -129 -130 -131 -132 -133 -134 
v -135 -136 -137 -138 -139 -140 -141 -142 -143 -144 -145 -146 -147 -148 -149 
v -150 -151 -152 -153 -154 -155 -156 -157 -158 -159 -160 -161 -162 -163 -164 
v -165 -166 -167 -168 -169 -170 -171 -172 -173 -174 -175 -176 -177 -178 -179 
v -180 -181 -182 -183 -184 -185 -186 -187 -188 -189 -190 -191 -192 -193 -194 
v -195 -196 -197 -198 -199 -200 -201 -202 -203 -204 -205 -206 -207 -208 -209 
v -210 -211 -212 -213 -214 -215 -216 -217 -218 -219 -220 -221 -222 -223 -224 
v -225 -226 -227 -228 -229 -230 -231 -232 -233 -234 -235 -236 -237 -238 -239 
v -240 241 242 -243 -244 245 246 -247 -248 -249 -250 -251 -252 -253 -254 -255 
v -256 -257 -258 259 260 -261 -262 263 264 -265 -266 -267 -268 -269 -270 -271 
v -272 -273 -274 -275 -276 277 278 -279 -280 281 282 -283 -284 -285 -286 -287 
v -288 -289 -290 -291 -292 -293 -294 295 296 -297 -298 299 300 -301 -302 -303 
v -304 -305 -306 -307 -308 -309 -310 -311 -312 -313 -314 -315 -316 -317 -318 
v -319 -320 -321 -322 -323 -324 -325 -326 -327 -328 -329 -330 -331 -332 -333 
v -334 -335 -336 -337 -338 -339 -340 -341 -342 343 -344 -345 346 347 348 -349 
v 350 351 352 -353 -354 355 -356 -357 -358 -359 -360 -361 -362 -363 364 -365 
v 366 367 368 369 370 371 -372 373 -374 -375 -376 -377 -378 -379 380 -381 382 
v 383 384 385 386 387 -388 389 -390 -391 -392 -393 -394 -395 -396 -397 -398 
v -399 -400 -401 -402 -403 -404 -405 -406 -407 -408 -409 -410 -411 -412 -413 
v -414 -415 -416 -417 -418 -419 -420 -421 -422 -423 -424 -425 -426 -427 428 
v -429 430 431 432 433 434 435 -436 437 -438 -439 -440 -441 -442 -443 444 -445 
v 446 447 448 449 450 451 -452 453 -454 -455 -456 -457 -458 -459 460 -461 462 
v 463 464 465 466 467 -468 469 -470 -471 -472 -473 -474 -475 -476 -477 -478 
v -479 -480 -481 -482 -483 -484 -485 -486 -487 -488 -489 -490 -491 492 -493 494 
v 495 496 497 498 499 -500 501 -502 -503 -504 -505 -506 -507 508 -509 510 511 
v 512 513 514 515 -516 517 -518 -519 -520 -521 -522 -523 524 -525 526 527 528 
v 529 530 531 -532 533 -534 -535 -536 -537 -538 -539 -540 -541 -542 -543 -544 
v -545 -546 -547 -548 -549 -550 -551 -552 -553 -554 -555 -556 -557 -558 -559 
v -560 -561 -562 -563 -564 -565 -566 -567 -568 -569 -570 -571 572 -573 574 575 
v 576 577 578 579 -580 581 -582 -583 -584 -585 -586 -587 -588 -589 -590 -591 
v -592 -593 -594 -595 -596 -597 -598 -599 -600 -601 -602 -603 -604 -605 -606 
v -607 -608 -609 -610 -611 -612 -613 -614 -615 -616 -617 -618 -619 -620 -621 
v -622 -623 -624 -625 -626 -627 -628 -629 -630 -631 -632 -633 -634 -635 -636 
v -637 -638 -639 -640 -641 -642 -643 -644 -645 -646 -647 -648 -649 -650 -651 
v -652 -653 -654 -655 -656 -657 -658 -659 -660 -661 -662 -663 -664 -665 -666 
v -667 -668 -669 -670 -671 -672 -673 -674 -675 -676 -677 -678 -679 -680 -681 
v -682 -683 -684 -685 -686 -687 -688 -689 -690 -691 -692 -693 -694 -695 -696 
v -697 -698 -699 -700 -701 -702 703 704 705 706 707 708 -709 710 -711 -712 -713 
v -714 -715 -716 -717 -718 -719 -720 -721 -722 723 724 725 726 727 -728 729 
v -730 -731 732 733 734 735 -736 737 -738 -739 740 741 742 -743 744 -745 -746 
v 747 748 -749 750 -751 -752 753 -754 755 -756 -757 -758 759 -760 -761 -762 
v -763 -764 -765 -766 -767 0
c [g 0] truth-find prop checks  : 888K
c [g 0] -> of which prop        : 21.99 %
c [g 0] -> of which confl       :  0.94 %
c [g 0] elim called             : 185K
c [g 0] ---> which lead to prop : 30.34 %
c [g 0] ---> which lead to confl:  1.73 %
c [g 0] size: 54    x 462  

real	0m20.152s
user	0m19.893s
sys	0m0.041s
