c BreakID not compiled in, disabling
c CryptoMiniSat version 5.11.19
c CMS Copyright (C) 2009-2020 Authors of CryptoMiniSat, see AUTHORS file
c CMS SHA revision b80e09ebd7703fc13b987401d693d7d406a50441
c Using VMTF code by Armin Biere from CaDiCaL
c Using Yalsat by Armin Biere, see Balint et al. Improving implementation of SLS solvers [...], SAT'14
c Using WalkSAT by Henry Kautz, see Kautz and Selman Pushing the envelope: planning, propositional logic, and stochastic search, AAAI'96,
c CMS is MIT licensed
c Using code from 'When Boolean Satisfiability Meets Gauss-E. in a Simplex Way'
c       by C.-S. Han and J.-H. Roland Jiang in CAV 2012. Fixes by M. Soos
c Using CCAnr from 'CCAnr: A Conf. Checking Based Local Search Solver [...]'
c       by Shaowei Cai, Chuan Luo, and Kaile Su, SAT 2015
c CMS compilation env CMAKE_CXX_COMPILER = /usr/bin/c++ | CMAKE_CXX_FLAGS =  -fvisibility=hidden -Wall -Wextra -Wunused -Wsign-compare -fno-omit-frame-pointer -Wtype-limits -Wuninitialized -Wno-deprecated -Wstrict-aliasing -Wpointer-arith -Wpointer-arith -Wformat-nonliteral -Winit-self -Wparentheses -Wunreachable-code -g -Wno-class-memaccess -mpopcnt -msse4.2 -ggdb3 -Wlogical-op -Wrestrict -Wnull-dereference -Wdouble-promotion -Wshadow -Wformat=2 -Wextra-semi -pedantic | COMPILE_DEFINES =  -DRDB0_ONLY_FEATURES -DUSE_ZLIB -DYALSAT_FPU | STATICCOMPILE = OFF | ONLY_SIMPLE =  | STATS = OFF | SQLITE3_FOUND =  | ZLIB_FOUND = TRUE | VALGRIND_FOUND =  | ENABLE_TESTING = OFF | SLOW_DEBUG = OFF | ENABLE_ASSERTIONS = ON | PYTHON_EXECUTABLE =  | PYTHON_LIBRARY =  | PYTHON_INCLUDE_DIRS =  | MY_TARGETS =  | LARGEMEM = OFF | LIMITMEM = OFF | BREAKID_LIBRARIES =  | BREAKID-VER = . | BOSPHORUS_LIBRARIES =  | BOSPH-VER = . | compilation date time = Jul 13 2026 14:05:03
c CMS compiled with gcc version 11.5.0 20240719 (Red Hat 11.5.0-5)
c Executed with command line: ./cryptominisat5 ./instances/IC_S4/Xn19l6-303-S.dimacs
c Reading file './instances/IC_S4/Xn19l6-303-S.dimacs'
c -- header says num vars:            767
c -- header says num clauses:        2416
c -- clauses added: 2364
c -- xor clauses added: 52
c -- vars added 767
c Parsing time: 0.00 s
c [find&init matx] performing matrix init
c [gauss] XOR-encoding clauses are not detached, so no need to reattach them.
c [xor-rem-unconnected] left with 50 xors from 50 non-empty xors T: 0.00
c [xor-together] xored together: 0 orig xors: 50 new xors: 50 T: 0.00
c [xor-rem-unconnected] left with 50 xors from 50 non-empty xors T: 0.00
c [xor-clean-equiv] removed equivalent xors: 0 left with: 50
c [matrix] unused xors from cleaning: 0
c [matrix] Good   matrix  0     50 x  765  density:0.1117  xorlen avg: 85.48
c [matrix] Using 1 matrices recovered from 0 xors T: 0.00 T-out: N
c [branch] adjusting to: vsid (from: vsid) var_decay:0.95 descr: VSIDS
c rst  geom  stb   vs     1   118    2811 17412  1652    3.97    3.80     1    18    90     9  144.87  133.97
c rst  geom  stb   vs     2   240    2811 17412  1652    3.97    3.80     3    26   202     9  103.75   99.93
c  res  pol bran  nres  conf freevar  IrrL  IrrB l/longC  l/allC RedL0 RedL1 RedL2  RedB l/longC  l/allC
c rst  geom  stb   vs     3   375    2811 17412  1652    3.97    3.80     3    26   337     9   92.04   89.88
c rst  geom  stb   vs     4   522    2811 17412  1652    3.97    3.80     3    26   483    10   90.75   89.05
c rst  geom  stb   vs     5   684    2811 17412  1652    3.97    3.80     3    26   645    10   82.95   81.77
c rst  geom  stb   vs     6   861    2811 17412  1652    3.97    3.80     3    26   822    10   79.04   78.15
c rst  geom  stb   vs     7  1056    2811 17412  1652    3.97    3.80     3    26  1017    10   76.11   75.41
c rst  geom  stb   vs     8  1269    2811 17412  1652    3.97    3.80     3    26  1226    14   73.22   72.44
c rst  geom  stb   vs     9  1503    2811 17412  1652    3.97    3.80     3    26  1458    16   69.33   68.61
c rst  geom  stb   vs    10  1760    2811 17412  1652    3.97    3.80     4    26  1714    16   71.91   71.28
c rst  geom  stb   vs    11  2042    2811 17412  1652    3.97    3.80     4    26  1996    16   68.66   68.14
c rst  geom  stb   vs    12  2353    2811 17412  1652    3.97    3.80     4    26  2307    16   66.79   66.35
c rst  geom  stb   vs    13  2693    2811 17412  1652    3.97    3.80     4    26  2647    16   65.50   65.12
c rst  geom  stb   vs    14  3067    2811 17412  1652    3.97    3.80     4    26  3021    16   66.90   66.57
c rst  geom  stb   vs    15  3477    2811 17412  1652    3.97    3.80     4    26  3431    16   66.63   66.33
c rst  geom  stb   vs    16  3928    2811 17412  1652    3.97    3.80     4    26  3882    16   63.84   63.59
c rst  geom  stb   vs    17  4422    2811 17412  1652    3.97    3.80     4    27  4375    16   62.90   62.68
c rst  geom  stb   vs    18  4965    2811 17412  1652    3.97    3.80     4    27  4918    16   62.15   61.96
c rst  geom  stb   vs    19  5563    2811 17412  1652    3.97    3.80     4    27  5516    16   61.90   61.73
c [branch] adjusting to: vmtf (from: vsid) var_decay:0.95 descr: VMTF
c [distill-long-red0] cls tried: 4/4 T: 0.00 T-out: N T-r: 100.00%
c [distill-long-red1] cls tried: 27/27 T: 0.00 T-out: N T-r: 98.49%
c rst  luby ibes  vmt    20  5666    2811 17412  1652    3.97    3.80    22    44  5580    20   62.02   61.81
c rst  luby ibes  vmt    21  5767    2811 17412  1652    3.97    3.80    28    56  5662    21   62.09   61.87
c rst  luby ibes  vmt    22  5968    2811 17412  1652    3.97    3.80    29    62  5856    21   61.85   61.64
c rst  luby ibes  vmt    23  6070    2811 17412  1652    3.97    3.80    29    62  5957    22   61.53   61.32
c rst  luby ibes  vmt    24  6171    2811 17412  1652    3.97    3.80    29    62  6058    22   61.29   61.08
c rst  luby ibes  vmt    25  6372    2811 17412  1652    3.97    3.80    29    62  6258    23   60.79   60.58
c rst  luby ibes  vmt    26  6773    2811 17412  1652    3.97    3.80    29    62  6659    23   59.51   59.31
c rst  luby ibes  vmt    27  6875    2811 17412  1652    3.97    3.80    29    62  6761    23   59.34   59.15
c rst  luby ibes  vmt    28  6977    2811 17412  1652    3.97    3.80    29    62  6863    23   59.08   58.89
c rst  luby ibes  vmt    29  7178    2811 17412  1652    3.97    3.80    29    62  7064    23   58.59   58.40
c rst  luby ibes  vmt    30  7280    2811 17412  1652    3.97    3.80    29    62  7166    23   58.40   58.22
c rst  luby ibes  vmt    31  7382    2811 17412  1652    3.97    3.80    29    62  7268    23   58.28   58.10
c rst  luby ibes  vmt    32  7586    2811 17412  1652    3.97    3.80    29    62  7472    23   57.99   57.82
c rst  luby ibes  vmt    33  7988    2811 17412  1652    3.97    3.80    29    62  7874    23   56.61   56.45
c rst  luby ibes  vmt    34  8789    2811 17412  1652    3.97    3.80    29    62  8675    23   55.81   55.67
c rst  luby ibes  vmt    35  8890    2811 17412  1652    3.97    3.80    29    62  8776    23   55.79   55.65
c rst  luby ibes  vmt    36  8992    2811 17412  1652    3.97    3.80    29    62  8878    23   55.81   55.67
c rst  luby ibes  vmt    37  9194    2811 17412  1652    3.97    3.80    29    62  9080    23   55.65   55.52
c rst  luby ibes  vmt    38  9296    2811 17412  1652    3.97    3.80    29    62  9182    23   55.56   55.43
c rst  luby ibes  vmt    39  9398    2811 17412  1652    3.97    3.80    29    62  9284    23   55.49   55.36
c rst  luby ibes  vmt    40  9599    2811 17412  1652    3.97    3.80    29    62  9485    23   55.65   55.52
c rst  luby ibes  vmt    41 10001    2811 17412  1652    3.97    3.80    63    36  9878    24   55.03   54.91
c rst  luby ibes  vmt    42 10103    2811 17412  1652    3.97    3.80    63    36  9980    24   54.72   54.60
c rst  luby ibes  vmt    43 10204    2811 17412  1652    3.97    3.80    63    41 10076    24   54.59   54.46
c rst  luby ibes  vmt    44 10406    2811 17412  1652    3.97    3.80    63    41 10278    24   53.95   53.83
c rst  luby ibes  vmt    45 10508    2811 17412  1652    3.97    3.80    63    41 10380    24   53.60   53.48
c rst  luby ibes  vmt    46 10610    2811 17412  1652    3.97    3.80    63    41 10482    24   53.24   53.13
c rst  luby ibes  vmt    47 10812    2811 17412  1652    3.97    3.80    63    41 10684    24   52.57   52.46
c rst  luby  svd  vmt    48 11214    2811 17412  1652    3.97    3.80    63    41 11086    24   53.16   53.05
c rst  luby  svd  vmt    49 12016    2811 17412  1652    3.97    3.80    63    41 11888    24   52.26   52.16
c [branch] adjusting to: vsid (from: vmtf) var_decay:0.95 descr: VSIDS
c [distill-bin] useful: 4/1652/1652 lits-rem: 0 cl-rem: 4 0-depth-assigns: 0 T: 0.01 T-out: N
c rst  geom  svd   vs    50 12128    2811 17412  1648    3.97    3.80    63    41 12000    24   52.21   52.11
c rst  geom  svd   vs    51 12250    2811 17412  1648    3.97    3.80    63    41 12122    24   51.97   51.88
c rst  geom  svd   vs    52 12384    2811 17412  1648    3.97    3.80    63    41 12256    24   51.74   51.65
c rst  geom  svd   vs    53 12532    2811 17412  1648    3.97    3.80    63    41 12404    24   51.63   51.53
c rst  geom  svd   vs    54 12694    2811 17412  1648    3.97    3.80    63    41 12566    24   51.34   51.25
c rst  geom  svd   vs    55 12872    2811 17412  1648    3.97    3.80    63    41 12744    24   50.97   50.88
c rst  geom  svd   vs    56 13066    2811 17412  1648    3.97    3.80    63    41 12938    24   50.65   50.57
c rst  geom  svd   vs    57 13279    2811 17412  1648    3.97    3.80    63    41 13151    24   50.39   50.31
c rst  geom  svd   vs    58 13514    2811 17412  1648    3.97    3.80    63    41 13386    24   50.13   50.05
c rst  geom  svd   vs    59 13772    2811 17412  1648    3.97    3.80    63    41 13644    24   49.97   49.89
c rst  geom  svd   vs    60 14054    2811 17412  1648    3.97    3.80    63    41 13925    25   49.77   49.69
c rst  geom  svd   vs    61 14365    2811 17412  1648    3.97    3.80    63    41 14236    25   49.24   49.16
c rst  geom  svd   vs    62 14706    2811 17412  1648    3.97    3.80    63    41 14577    25   48.89   48.81
c rst  geom  svd   vs    63 15080    2811 17412  1648    3.97    3.80    65    61 11363    25   43.33   43.24
c rst  geom  svd   vs    64 15490    2811 17412  1648    3.97    3.80    65    61 11773    25   42.87   42.79
c rst  geom  svd   vs    65 15941    2811 17412  1648    3.97    3.80    65    61 12224    25   42.37   42.28
c rst  geom  svd   vs    66 16435    2811 17412  1648    3.97    3.80    65    61 12718    25   41.83   41.75
c rst  geom best   vs    67 16979    2811 17412  1648    3.97    3.80    67    65 13256    25   42.84   42.77
c rst  geom best   vs    68 17577    2811 17412  1648    3.97    3.80    67    65 13853    26   43.08   43.00
c rst  geom best   vs    69 18233    2811 17412  1648    3.97    3.80    68    66 14507    26   43.33   43.25
c [branch] adjusting to: vmtf (from: vsid) var_decay:0.95 descr: VMTF
c rst  luby best  vmt    70 18334    2811 17412  1648    3.97    3.80    71    67 14602    28   43.53   43.45
c rst  luby best  vmt    71 18435    2811 17412  1648    3.97    3.80    71    67 14703    28   43.62   43.54
c rst  luby best  vmt    72 18639    2811 17412  1648    3.97    3.80    71    67 14907    28   43.83   43.75
c rst  luby best  vmt    73 18740    2811 17412  1648    3.97    3.80    71    67 15008    28   43.86   43.78
c rst  luby best  vmt    74 18843    2811 17412  1648    3.97    3.80    71    68 15110    28   44.04   43.96
c rst  luby best  vmt    75 19045    2811 17412  1648    3.97    3.80    73    69 15309    28   44.33   44.26
c rst  luby best  vmt    76 19447    2811 17412  1648    3.97    3.80    74    69 15710    28   44.50   44.42
c rst  luby best  vmt    77 19549    2811 17412  1648    3.97    3.80    78    74 15802    29   44.59   44.51
c rst  luby best  vmt    78 19651    2811 17412  1648    3.97    3.80    79    76 15901    29   44.69   44.62
c rst  luby best  vmt    79 19852    2811 17412  1648    3.97    3.80    79    76 16102    29   44.84   44.77
c rst  luby best  vmt    80 19953    2811 17412  1648    3.97    3.80    79    76 16203    29   44.99   44.91
c rst  luby best  vmt    81   20K    2811 17412  1648    3.97    3.80    87    69 16304    29   45.05   44.98
c [full-probe]  bin_only: 1 set: 0 repl: 0 T: 0.00 T-out: N T-r: 99.86%
c rst  luby best  vmt    82   20K    2811 17412  1648    3.97    3.80    87    69 16508    35   45.12   45.03
c rst  luby best  vmt    83   20K    2811 17412  1648    3.97    3.80    87    69 16910    35   45.25   45.16
c [distill-long-red0] cls tried: 66/66 T: 0.00 T-out: N T-r: 99.96%
c [distill-long-red1] cls tried: 59/59 T: 0.00 T-out: N T-r: 63.36%
c rst  luby best  vmt    84   21K    2811 17412  1648    3.97    3.80    85    71 17710    37   45.50   45.41
c rst  luby best  vmt    85   21K    2811 17412  1648    3.97    3.80    85    71 17811    37   45.53   45.44
c rst  luby best  vmt    86   21K    2811 17412  1648    3.97    3.80    85    71 17912    37   45.58   45.49
c rst  luby  stb  vmt    87   21K    2811 17412  1648    3.97    3.80    85    71 18113    37   45.69   45.60
c rst  luby  stb  vmt    88   21K    2811 17412  1648    3.97    3.80    85    71 18214    37   45.61   45.52
c rst  luby  stb  vmt    89   22K    2811 17412  1648    3.97    3.80    85    71 18316    37   45.53   45.44
c rst  luby  stb  vmt    90   22K    2811 17412  1648    3.97    3.80    85    71 18518    37   45.38   45.29
c rst  luby  stb  vmt    91   22K    2811 17412  1648    3.97    3.80    85    71 18920    37   45.33   45.25
c rst  luby  stb  vmt    92   22K    2811 17412  1648    3.97    3.80    85    71 19022    37   45.28   45.20
c rst  luby  stb  vmt    93   22K    2811 17412  1648    3.97    3.80    85    71 19124    37   45.25   45.17
c rst  luby  stb  vmt    94   23K    2811 17412  1648    3.97    3.80    85    71 19326    37   45.21   45.13
c rst  luby  stb  vmt    95   23K    2811 17412  1648    3.97    3.80    85    71 19428    37   45.16   45.08
c rst  luby  stb  vmt    96   23K    2811 17412  1648    3.97    3.80    85    71 19529    37   45.13   45.05
c rst  luby  stb  vmt    97   23K    2811 17412  1648    3.97    3.80    85    71 19731    37   45.13   45.05
c rst  luby  stb  vmt    98   23K    2811 17412  1648    3.97    3.80    85    71   20K    37   45.16   45.08
c rst  luby  stb  vmt    99   24K    2811 17412  1648    3.97    3.80    85    71   20K    37   45.05   44.97
c rst  luby  stb  vmt   100   26K    2811 17412  1648    3.97    3.80    85    71   22K    37   44.37   44.30
c [branch] adjusting to: vsid (from: vmtf) var_decay:0.95 descr: VSIDS
c [distill] watch-based irred--  cl tried     1427 cl-sh     0 cl-rem    5 lit-rem      0 T: 0.00 T-out: N
c [distill] watch-based   red--  cl tried      170 cl-sh     1 cl-rem    0 lit-rem      1 T: 0.00 T-out: N
c rst  geom  stb   vs   101   26K    2811 17407  1653    3.97    3.80    85    71   22K    32   44.37   44.32
c rst  geom  stb   vs   102   26K    2811 17407  1653    3.97    3.80    85    71   22K    32   44.34   44.29
c rst  geom  stb   vs   103   26K    2811 17407  1653    3.97    3.80    85    71   22K    32   44.35   44.30
c rst  geom  stb   vs   104   26K    2811 17407  1653    3.97    3.80    85    71   23K    32   44.45   44.39
c rst  geom  stb   vs   105   26K    2811 17407  1653    3.97    3.80    85    71   23K    32   44.38   44.33
c rst  geom ibes   vs   106   27K    2811 17407  1653    3.97    3.80    85    71   23K    32   44.24   44.18
c rst  geom ibes   vs   107   27K    2811 17407  1653    3.97    3.80    85    71   23K    32   44.03   43.98
c rst  geom ibes   vs   108   27K    2811 17407  1653    3.97    3.80    85    71   23K    32   43.80   43.74
c rst  geom ibes   vs   109   27K    2811 17407  1653    3.97    3.80    85    71   24K    32   43.55   43.50
c rst  geom ibes   vs   110   28K    2811 17407  1653    3.97    3.80    85    71   24K    32   43.28   43.23
c rst  geom ibes   vs   111   28K    2811 17407  1653    3.97    3.80    85    71   24K    32   43.00   42.94
c rst  geom ibes   vs   112   28K    2811 17407  1653    3.97    3.80    85    71   24K    32   42.77   42.72
c rst  geom ibes   vs   113   28K    2811 17407  1653    3.97    3.80    85    71   25K    32   42.49   42.44
c rst  geom ibes   vs   114   29K    2811 17407  1653    3.97    3.80    85    71   25K    32   42.15   42.10
c rst  geom ibes   vs   115   29K    2811 17407  1653    3.97    3.80    85    71   26K    32   41.82   41.77
c rst  geom ibes   vs   116   30K    2811 17407  1653    3.97    3.80    88    81 18999    32   38.74   38.68
c rst  geom ibes   vs   117   30K    2811 17407  1653    3.97    3.80    88    81 19493    32   38.25   38.19
c rst  geom ibes   vs   118   31K    2811 17407  1653    3.97    3.80    88    81   20K    32   37.79   37.73
c rst  geom ibes   vs   119   31K    2811 17407  1653    3.97    3.80    88    81   20K    32   37.31   37.25
c rst  geom ibes   vs   120   32K    2811 17407  1653    3.97    3.80    88    81   21K    32   37.05   37.00
c [distill-bin] useful: 0/1653/1653 lits-rem: 0 cl-rem: 0 0-depth-assigns: 0 T: 0.01 T-out: N
c rst  geom  svd   vs   121   33K    2811 17407  1653    3.97    3.80    88    81   22K    32   37.10   37.05
c rst  geom  svd   vs   122   34K    2811 17407  1653    3.97    3.80    88    81   22K    32   36.89   36.84
c [branch] adjusting to: vmtf (from: vsid) var_decay:0.95 descr: VMTF
c rst  luby  svd  vmt   123   34K    2811 17407  1653    3.97    3.80    88    81   22K    32   36.84   36.79
c rst  luby  svd  vmt   124   34K    2811 17407  1653    3.97    3.80    88    81   23K    32   36.79   36.74
c rst  luby  svd  vmt   125   34K    2811 17407  1653    3.97    3.80    88    81   23K    32   36.66   36.61
c rst  luby  svd  vmt   126   34K    2811 17407  1653    3.97    3.80    88    81   23K    32   36.59   36.54
c rst  luby  svd  vmt   127   34K    2811 17407  1653    3.97    3.80    88    81   23K    32   36.52   36.47
c rst  luby  svd  vmt   128   34K    2811 17407  1653    3.97    3.80    88    81   23K    32   36.39   36.34
c rst  luby  svd  vmt   129   35K    2811 17407  1653    3.97    3.80    88    81   24K    32   36.13   36.08
c rst  luby  svd  vmt   130   35K    2811 17407  1653    3.97    3.80    88    81   24K    32   36.07   36.02
c rst  luby  svd  vmt   131   35K    2811 17407  1653    3.97    3.80    88    81   24K    32   36.01   35.96
c rst  luby  svd  vmt   132   35K    2811 17407  1653    3.97    3.80    88    81   24K    32   35.88   35.84
c rst  luby  svd  vmt   133   35K    2811 17407  1653    3.97    3.80    88    81   24K    32   35.82   35.78
c [distill-long-red0] cls tried: 4/4 T: 0.00 T-out: N T-r: 99.98%
c [distill-long-red1] cls tried: 12/12 T: 0.00 T-out: N T-r: 85.50%
c rst  luby  svd  vmt   134   35K    2811 17407  1653    3.97    3.80    88    81   24K    32   35.76   35.72
c rst  luby  svd  vmt   135   36K    2811 17407  1653    3.97    3.80    88    81   24K    32   35.64   35.59
c rst  luby  svd  vmt   136   36K    2811 17407  1653    3.97    3.80    88    81   25K    32   35.46   35.42
c rst  luby  svd  vmt   137   37K    2811 17407  1653    3.97    3.80    88    81   26K    32   35.31   35.27
c rst  luby  svd  vmt   138   37K    2811 17407  1653    3.97    3.80    88    81   26K    32   35.26   35.22
c rst  luby  svd  vmt   139   37K    2811 17407  1653    3.97    3.80    88    81   26K    32   35.21   35.17
c rst  luby  svd  vmt   140   37K    2811 17407  1653    3.97    3.80    88    81   26K    32   35.10   35.06
c rst  luby  svd  vmt   141   37K    2811 17407  1653    3.97    3.80    88    81   26K    32   35.05   35.01
c rst  luby  svd  vmt   142   37K    2811 17407  1653    3.97    3.80    88    81   26K    32   35.00   34.96
c rst  luby  svd  vmt   143   38K    2811 17407  1653    3.97    3.80    88    81   26K    32   34.89   34.85
c rst  geom best  vmt   144   38K    2811 17407  1653    3.97    3.80    88    81   26K    32   34.83   34.79
c rst  geom best  vmt   145   38K    2811 17407  1653    3.97    3.80    88    81   27K    32   34.77   34.73
c rst  geom best  vmt   146   38K    2811 17407  1653    3.97    3.80    88    81   27K    32   34.69   34.66
c rst  geom best  vmt   147   38K    2811 17407  1653    3.97    3.80    88    81   27K    32   34.61   34.57
c rst  geom best  vmt   148   38K    2811 17407  1653    3.97    3.80    88    81   27K    32   34.52   34.48
c rst  geom best  vmt   149   38K    2811 17407  1653    3.97    3.80    88    81   27K    32   34.42   34.38
c rst  geom best  vmt   150   39K    2811 17407  1653    3.97    3.80    88    81   27K    32   34.32   34.28
c rst  geom best  vmt   151   39K    2811 17407  1653    3.97    3.80    88    81   28K    32   34.28   34.25
c rst  geom best  vmt   152   39K    2811 17407  1653    3.97    3.80    88    81   28K    32   34.16   34.12
c rst  geom best  vmt   153   39K    2811 17407  1653    3.97    3.80    88    81   28K    32   34.02   33.99
c rst  geom best  vmt   154   40K    2811 17407  1653    3.97    3.80    89    80   28K    32   33.87   33.83
c [full-probe]  bin_only: 0 set: 0 repl: 0 T: 0.01 T-out: N T-r: 98.29%
c [impl-str] lit bin: 0 set-var: 0 T: 0.00 T-out: N T-r: 99.96% w-visit: 5622
c [impl-sub] bin: 25 T: 0.00 T-out: N w-visit: 5622
c rst  geom best  vmt   155   40K    2811 17407  1653    3.97    3.80    89    80   29K     9   33.70   33.69
c rst  geom best  vmt   156   40K    2811 17407  1653    3.97    3.80    89    80   29K     9   33.52   33.51
c rst  geom best  vmt   157   41K    2811 17407  1653    3.97    3.80    89    80   29K     9   33.32   33.31
c rst  geom best  vmt   158   41K    2811 17407  1653    3.97    3.80    89    80   30K     9   33.11   33.10
c rst  geom best  vmt   159   41K    2811 17407  1653    3.97    3.80    89    80   30K     9   32.87   32.87
c rst  geom best  vmt   160   42K    2811 17407  1653    3.97    3.80    89    80   31K     9   32.63   32.62
c [branch] adjusting to: vsid (from: vmtf) var_decay:0.95 descr: VSIDS
c rst  geom best   vs   161   42K    2811 17407  1653    3.97    3.80    89    80   31K     9   32.60   32.59
c rst  geom best   vs   162   42K    2811 17407  1653    3.97    3.80    89    80   31K     9   32.56   32.56
c rst  geom best   vs   163   42K    2811 17407  1653    3.97    3.80    89    80   31K     9   32.51   32.50
c rst  geom best   vs   164   42K    2811 17407  1653    3.97    3.80    89    80   31K     9   32.48   32.47
c rst  geom best   vs   165   43K    2811 17407  1653    3.97    3.80    89    80   31K     9   32.42   32.41
c rst  geom best   vs   166   43K    2811 17407  1653    3.97    3.80    89    80   32K     9   32.38   32.37
c rst  geom best   vs   167   43K    2811 17407  1653    3.97    3.80    89    80   32K     9   32.38   32.37
c rst  geom  stb   vs   168   43K    2811 17407  1653    3.97    3.80    89    80   32K     9   32.30   32.29
c rst  geom  stb   vs   169   43K    2811 17407  1653    3.97    3.80    89    80   32K     9   32.22   32.21
c rst  geom  stb   vs   170   44K    2811 17407  1653    3.97    3.80    89    80   33K     9   32.13   32.12
c [ccnr] tries: 0 steps: 262143 best found: 13
c [ccnr] tries: 0 steps: 524287 best found: 13
c [ccnr] tries: 0 steps: 786431 best found: 13
c [ccnr] saving best assignment phase to stable_polar
c [ccnr] bumping based on clause weights
c [ccnr] Bumped vars: 103 bump type: 6
c [ccnr] time: 0.59
c rst  geom  stb   vs   171   44K    2811 17407  1653    3.97    3.80    89    80   33K     9   32.24   32.23
c rst  geom  stb   vs   172   44K    2811 17407  1653    3.97    3.80    89    80   33K     9   32.22   32.21
c rst  geom  stb   vs   173   45K    2811 17407  1653    3.97    3.80    89    80   29K     9   31.96   31.95
c rst  geom  stb   vs   174   45K    2811 17407  1653    3.97    3.80    89    80   30K     9   31.86   31.85
c rst  geom  stb   vs   175   45K    2811 17407  1653    3.97    3.80    89    80   30K     9   31.77   31.77
c rst  geom  stb   vs   176   46K    2811 17407  1653    3.97    3.80    89    80   31K     9   31.68   31.67
c rst  geom  stb   vs   177   46K    2811 17407  1653    3.97    3.80    89    80   31K     9   31.60   31.59
c rst  geom  stb   vs   178   47K    2811 17407  1653    3.97    3.80    89    80   32K     9   31.55   31.54
c rst  geom  stb   vs   179   48K    2811 17407  1653    3.97    3.80    89    80   32K     9   31.59   31.58
c rst  geom  stb   vs   180   48K    2811 17407  1653    3.97    3.80    89    80   33K     9   31.62   31.61
c rst  geom  stb   vs   181   49K    2811 17407  1653    3.97    3.80    89    80   34K     9   31.68   31.67
c rst  geom ibes   vs   182   50K    2811 17407  1653    3.97    3.80    89    80   34K     9   31.46   31.45
c [gauss] XOR-encoding clauses are not detached, so no need to reattach them.
c [g 0] truth-find prop checks  : 481K
c [g 0] -> of which prop        : 54.09 %
c [g 0] -> of which confl       :  4.83 %
c [g 0] elim called             : 60K
c [g 0] ---> which lead to prop : 32.61 %
c [g 0] ---> which lead to confl:  1.85 %
c [g 0] size: 50    x 765  
c [scc] new: 7 BP 0M T: 0.00
c [vrep] vars 7 lits 23134 rem-bin-cls 28 rem-long-cls 0 BP 0M T: 0.02
c [scc] new: 0 BP 0M T: 0.00
c [vrep] vars 0 lits 0 rem-bin-cls 0 rem-long-cls 0 BP 0M T: 0.00
c [intree] Set 0 vars hyper-added: 754 trans-irred: 0 trans-red: 5 T: 0.01 T-out: N T-r: -0.57%
c [find&init matx] performing matrix init
c [gauss] XOR-encoding clauses are not detached, so no need to reattach them.
c [xor-rem-unconnected] left with 50 xors from 50 non-empty xors T: 0.00
c [xor-together] xored together: 0 orig xors: 50 new xors: 50 T: 0.00
c [xor-rem-unconnected] left with 50 xors from 50 non-empty xors T: 0.00
c [xor-clean-equiv] removed equivalent xors: 0 left with: 50
c [matrix] unused xors from cleaning: 0
c [matrix] Good   matrix 0 50      x760    density:0.1115  xorlen avg: 84.72
c [matrix] Using 1 matrices recovered from 0 xors T: 0.00 T-out: N
c rst  geom ibes vs   183   51  K 2804    17407  1639 3.97    3.80       89    80   35K   758 31.28   30.67  
c [distill-long-red0] cls tried: 0/0 T: 0.00 T-out: N T-r: 100.00%
c [distill-long-red1] cls tried: 0/0 T: 0.00 T-out: N T-r: 100.00%
c rst  geom ibes vs   184   52  K 2804    17407  1639 3.97    3.80       89    80   36K   758 31.07   30.48  
c [distill] watch-based irred--  cl tried 1422     cl-sh 0     cl-rem 0    lit-rem 0      T: 0.00 T-out: N
c [distill] watch-based red  --  cl tried 178      cl-sh 3     cl-rem 0    lit-rem 6      T: 0.00 T-out: N
c rst  geom ibes vs   185   53  K 2804    17407  1639 3.97    3.80       88    80   37K   759 30.83   30.27  
c [branch] adjusting to: vmtf (from: vsid) var_decay:0.95 descr: VMTF
c [distill-bin] useful: 0/1560/1639 lits-rem: 0 cl-rem: 0 0-depth-assigns: 0 T: 0.02 T-out: Y
c rst  luby ibes vmt  186   53  K 2804    17407  1639 3.97    3.80       88   105   37K   759 30.98   30.41  
c rst  luby ibes vmt  187   53  K 2804    17407  1639 3.97    3.80       88   105   37K   759 30.94   30.38  
c rst  luby ibes vmt  188   53  K 2804    17407  1639 3.97    3.80       89   113   38K   759 31.05   30.49  
c rst  luby ibes vmt  189   53  K 2804    17407  1639 3.97    3.80       89   113   38K   759 31.14   30.58  
c rst  luby ibes vmt  190   53  K 2804    17407  1639 3.97    3.80       89   115   38K   759 31.13   30.57  
c rst  luby ibes vmt  191   53  K 2804    17407  1639 3.97    3.80       89   125   38K   759 31.08   30.52  
c rst  luby ibes vmt  192   54  K 2804    17407  1639 3.97    3.80       89   126   38K   759 31.49   30.93  
c rst  luby ibes vmt  193   54  K 2804    17407  1639 3.97    3.80       89   129   39K   759 31.51   30.95  
c rst  luby ibes vmt  194   54  K 2804    17407  1639 3.97    3.80       90   130   39K   759 31.50   30.94  
c rst  luby ibes vmt  195   54  K 2804    17407  1639 3.97    3.80       90   139   39K   759 31.46   30.91  
c rst  luby ibes vmt  196   54  K 2804    17407  1639 3.97    3.80       90   140   39K   759 31.56   31.00  
c rst  luby ibes vmt  197   54  K 2804    17407  1639 3.97    3.80       90   143   39K   759 31.55   31.00  
c rst  luby ibes vmt  198   55  K 2804    17407  1639 3.97    3.80       90   149   39K   759 31.66   31.10  
c rst  luby svd  vmt  199   55  K 2804    17407  1639 3.97    3.80       97   153   40K   759 32.46   31.90  
c rst  luby svd  vmt  200   56  K 2804    17407  1639 3.97    3.80       99   159   40K   759 33.16   32.59  
c recursive minimization cost OK: 252Kcost/(% lits removed)
c [gauss] XOR-encoding clauses are not detached, so no need to reattach them.
c [g 0] truth-find prop checks  : 102K
c [g 0] -> of which prop        : 46.05 %
c [g 0] -> of which confl       :  3.96 %
c [g 0] elim called             : 16960
c [g 0] ---> which lead to prop :  1.71 %
c [g 0] ---> which lead to confl:  0.18 %
c [g 0] size: 50    x 760  
c --> Executing strategy token: scc-vrepl
c [scc] new: 0 BP 0M T: 0.00
c --> Executing strategy token: sub-impl
c [impl-sub] bin: 2 T: 0.00 T-out: N w-visit: 5622
c --> Executing strategy token: breakid
c --> Executing OCC strategy token(s): 'occ-backw-sub-str,occ-clean-implicit,occ-bve,occ-bva,occ-ternary-res,occ-xor,'
c [occ] mem usage for occur 1      MB
c [occ] Linked in IRRED BIN by default: 1639
c [occ] Linked in RED   BIN by default: 757
c [occ] mem usage for occur 0      MB
c Mem for watch alloc      : 3           MB (14.34     %)
c Mem for watch array      : 0           MB (0.69      %)
c --> Executing OCC strategy token: occ-backw-sub-str
c [occ-backw-sub-str-long-w-bins] subs: 0 str: 0 tried: 2396 0-depth ass: 0 T: 0.00 T-out: N T-r: 99.47%
c [occ-backw-sub-long-w-long] rem cl: 21 tried: 58295/58295 (100.0%) T: 0.01 T-out: N T-r: 96.11%
c [occ-backw-sub-str-long-w-long] sub: 0 str: 0 tried: 174885/58295 (300.0)  T: 0.06 T-out: N T-r: 88.61%
c --> Executing OCC strategy token: occ-clean-implicit
c --> Executing OCC strategy token: occ-bve
c [occ-empty-res] Empty resolvent elimed: 0 T: 0.00 T-out: N
c [occ-bve] iter v-elim 9
c cl_inc_rate=1.0, var_dec_rate=1.0 (grow=0)
c Reduced to 2795 vars, 19041 cls (grow=0)
c [occ-bve] iter v-elim 286
c cl_inc_rate=1.1, var_dec_rate=1.1 (grow=8)
c Reduced to 2509 vars, 20301 cls (grow=8)
c x n vars       : 2509
c #try to eliminate:  5838
c #var-elim        :   295
c #T-o: N
c #T-r: 99.99%
c #T  : 0.09
c [occur] 0.03 is overhead
c [occur] link-in T: 0.03 cleanup T: 0.00
c --> Executing OCC strategy token: occ-bva
c --> Executing OCC strategy token: occ-ternary-res
c [occ-ternary-res] Ternary res-tri: 56 res-bin: 0 sub: 0 str: 0 T: 0.00 T-out: N T-r: 99.38%
c --> Executing OCC strategy token: occ-xor
c [occ-xor] sort occur list T: 0.00
c [xor-clean-equiv] removed equivalent xors: 0 left with: 1935
c [occ-xor] found   1935 avg sz 4.0 min sz  4 max sz  5 T: 0.01 T-out: N T-r: 99.98%
c --> Executing strategy token: card-find
c --> Executing strategy token: cl-consolidate
c [mem] consolidate  old-sz: 8276K new-sz: 6582K new bits offs: 20 T: 0.00
c --> Executing strategy token: scc-vrepl
c [scc] new: 0 BP 0M T: 0.00
c --> Executing strategy token: renumber
c --> Executing strategy token: bosphorus
c --> Executing strategy token: louvain-comms
c [consolidate] mini T: 0.00
c global_timeout_multiplier: 3.3000
c [branch] rebuilding order heap for all branchings. Current branching: vmtf
c [find&init matx] performing matrix init
c [gauss] XOR-encoding clauses are not detached, so no need to reattach them.
c [xor-rem-unconnected] left with 1935 xors from 1935 non-empty xors T: 0.00
c [xor-together] xored together: 1893 orig xors: 1935 new xors: 42 T: 0.00
c [xor-rem-unconnected] left with 42 xors from 42 non-empty xors T: 0.00
c [xor-clean-equiv] removed equivalent xors: 0 left with: 42
c [matrix] unused xors from cleaning: 0
c [matrix] Good   matrix  0     42 x  453  density:0.2081  xorlen avg: 94.26
c [matrix] Using 1 matrices recovered from 0 xors T: 0.00 T-out: N
c rst  luby  svd  vmt   201   56K    2509 19424   877    4.10    4.01    62   129   37K    91   30.70   30.63
c rst  luby  svd  vmt   202   56K    2509 19424   877    4.10    4.01    63   131   38K    91   30.68   30.62
c rst  luby  svd  vmt   203   56K    2509 19424   877    4.10    4.01    64   136   38K    91   30.67   30.60
c rst  luby  svd  vmt   204   56K    2509 19424   877    4.10    4.01    65   137   38K    91   30.62   30.55
c ------- FINAL TOTAL SEARCH STATS ---------
c UIP search time          : 3.82        (94.52     % time)
c All times are for this thread only except if explicitly specified
c restarts                 : 204         (277.86    confls per restart)
c blocked restarts         : 0           (0.00      per normal restart)
c time                     : 3.82        
c decisions                : 65459       (0.00      % random)
c propagations             : 1219K       (319K      props/s)
c decisions/conflicts      : 1.15        
c conflicts                : 56683       
c LEARNT stats
c units learnt             : 0           (0.00      % of conflicts)
c bins learnt              : 29          (0.05      % of conflicts)
c long learnt              : 56730       (100.08    % of conflicts)
c red which0               : 64          (0.11      % of confl)
c SEAMLESS HYPERBIN&TRANS-RED stats
c advProp called           : 0           
c hyper-bin add bin        : 0           (0.00      bin/call)
c trans-red rem irred bin  : 0           (0.00      bin/call)
c trans-red rem red bin    : 0           (0.00      bin/call)
c CONFL LITS stats
c orig                     : 14411850    (254.25    lit/confl)
c recurs-min effective     : 55918       (98.65     % attempt successful)
c recurs-min lits          : 12309757    (85.41     % less overall)
c permDiff call%           : 0.49        (0.00      % attempt successful)
c permDiff lits-rem        : 0           (0.00      less lits/cl on attempts)
c further-min call%        : 0.00        (50.00     % attempt successful)
c bintri-min lits          : 2           (0.00      % less overall)
c final avg                : 37.09       
c all-threads sum CPU time : 3.82         s
c PROP stats
c Mbogo-props              : 15.95       (4.18      / sec)
c MHyper-props             : 0.03        (0.01      / sec)
c Mprops                   : 1.22        (0.32      / sec)
c -------- OccSimplifier STATS ----------
c time                     : 0.11        (0.00      % var-elim)
c called                   : 1           (0.11      s per call)
c 0-depth assigns          : 0           (0.00      % vars)
c -------- OccSimplifier STATS END ----------
c -------- SubsumeStrengthen STATS ----------
c cl-subs                  : 21           Clauses
c cl-str rem lit           : 0            Lits
c cl-sub T                 : 0.01         s
c cl-str T                 : 0.06         s
c -------- SubsumeStrengthen STATS END ----------
c ----- SCC STATS --------
c time                     : 0.00        (0.00      per call)
c called                   : 4           (1.75      new found per call)
c found                    : 7           (50.00     % of all found)
c bogoprops                : 130715      % of all found
c ----- SCC STATS END --------
c --------- VAR REPLACE STATS ----------
c time                     : 0.03        (0.01      per call)
c trees' crown             : 7           (0.25      % of vars)
c 0-depth assigns          : 0           (0.00      % vars)
c lits replaced            : 23134       
c bin cls removed          : 28          
c long cls removed         : 0           
c long lits removed        : 795         
c bogoprops                : 566329      
c --------- VAR REPLACE STATS END ----------
c vrep replace time        : 0.03        (0.64      % time)
c vrep tree roots          : 3           
c vrep trees' crown        : 7           (2.33      leafs/tree)
c -------- DISTILL-BIN STATS --------
c time                     : 0.03        (0.01      per call)
c timed out                : 1           (33.33     % of calls)
c distill/checked/potential: 0          /4865/4944
c lits-rem                 : 0           
c 0-depth-assigns          : 0           (0.00      % of vars)
c -------- DISTILL STATS END --------
c -------- STRENGTHEN STATS --------
c --> watch-based on irred cls
c time                     : 0.00        (0.00      s/call)
c shrinked/tried/total     : 0          /2849/69633
c subsumed/tried/total     : 5          /2849/69633
c lits-rem                 : 0           (0.00      % of lits tried)
c called                   : 4           (0.00      % ran out of time)
c --> watch-based on red cls
c time                     : 0.00        (0.00      s/call)
c shrinked/tried/total     : 4          /348/348
c subsumed/tried/total     : 0          /348/348
c lits-rem                 : 7           (0.44      % of lits tried)
c called                   : 4           (0.00      % ran out of time)
c -------- STRENGTHEN STATS END --------
c -------- IMPLICIT SUB  STATS --------
c time                     : 0.00        (0.00      per call)
c timed out                : 0           (0.00      % of calls)
c rem bins                 : 27          
c -------- IMPLICIT SUB STATS END --------
c Mem used                 : 31          MB
c Mem for longclauses      : 9           MB (30.96     %)
c Mem for watch alloc      : 5           MB (18.90     %)
c Mem for watch array      : 0           MB (0.41      %)
c Mem for assings&vardata  : 0           MB (0.23      %)
c Mem for search&solve     : 0           MB (0.64      %)
c Mem for renumberer       : 0           MB (0.08      %)
c Mem for occsimplifier    : 0           MB (1.50      %)
c Mem for varReplacer&SCC  : 0           MB (0.19      %)
c Mem for impl subsume     : 0           MB (0.00      %)
c Mem for 3 distills       : 0           MB (0.00      %)
c Accounted for mem (rss)  : 52.91       %
c Accounted for mem (vm)   : 46.03       %
c restarts                 : 204         (277.86    confls per restart)
c blocked restarts         : 0           (0.00      per normal restart)
c time                     : 3.82        
c decisions                : 65459       (0.00      % random)
c propagations             : 1219K       (319K      props/s)
c decisions/conflicts      : 1.15        
c conflicts                : 56683       
c conf lits non-minim      : 14411850    (254.25    lit/confl)
c conf lits final          : 37.09       
c red which0               : 64          (0.11      % of confl)
c props/decision           : 0.00        
c props/conflict           : 0.00        
c 0-depth assigns          : 0           (0.00      % vars)
c 0-depth assigns by CNF   : 0           (0.00      % vars)
c reduceDB time            : 0.01        (0.22      % time)
c OccSimplifier time       : 0.11        (2.82      % time)
c [occur] 0.04 is overhead
c [occur] link-in T: 0.03 cleanup T: 0.01
c [occ-substr] long subBySub: 21 subByStr: 0 lits-rem-str: 0 T: 0.07
c SCC time                 : 0.00        (0.05      % time)
c [scc] new: 7 BP 0M  T: 0.00
c vrep replace time        : 0.03        (0.64      % time)
c vrep tree roots          : 3           
c vrep trees' crown        : 7           (2.33      leafs/tree)
c distill long time        : 0.01        (0.22      % time)
c distill bin time         : 0.03        (0.86      % time)
c strength cache-irred time: 0.00        (0.02      % time)
c strength cache-red time  : 0.00        (0.02      % time)
c avg cls in red 0         : 70.74       
c avg cls in red 1         : 70.40       
c avg cls in red 2         : 21157.80    
c Conflicts in UIP         : 56683       (14042.01  confl/time_this_thread)
c Max Memory (rss) used    : 33720 kB    
c Total time (this thread) : 4.04        
s SATISFIABLE
v -1 2 -3 -4 5 -6 -7 8 -9 -10 11 12 -13 -14 -15 -16 17 -18 -19 -20 -21 -22 -23 
v -24 -25 26 -27 -28 29 30 -31 -32 -33 -34 -35 -36 -37 -38 -39 -40 -41 -42 -43 
v 44 -45 -46 47 48 -49 -50 -51 -52 -53 -54 -55 -56 -57 -58 -59 -60 -61 -62 -63 
v -64 65 -66 -67 -68 -69 -70 -71 -72 -73 -74 -75 -76 -77 -78 -79 -80 -81 -82 83 
v -84 -85 -86 -87 -88 -89 -90 -91 -92 -93 -94 -95 -96 -97 -98 -99 -100 101 -102 
v -103 -104 -105 -106 -107 -108 -109 -110 -111 -112 -113 -114 -115 -116 -117 
v -118 119 -120 -121 -122 -123 -124 125 -126 -127 -128 -129 -130 -131 -132 -133 
v -134 -135 -136 -137 -138 -139 -140 -141 -142 -143 -144 -145 -146 -147 -148 
v -149 -150 -151 -152 -153 -154 -155 -156 -157 -158 -159 -160 -161 -162 -163 
v -164 -165 -166 -167 -168 -169 -170 -171 -172 173 -174 -175 -176 -177 -178 
v -179 -180 -181 -182 -183 -184 -185 -186 -187 -188 -189 -190 191 -192 -193 
v -194 -195 -196 197 -198 -199 -200 -201 -202 -203 -204 -205 -206 -207 -208 
v -209 -210 -211 -212 -213 -214 -215 -216 -217 -218 -219 -220 -221 -222 -223 
v -224 -225 -226 -227 -228 -229 -230 -231 -232 -233 -234 -235 -236 -237 -238 
v -239 -240 -241 -242 -243 -244 -245 -246 -247 -248 -249 -250 -251 -252 -253 
v -254 -255 -256 -257 -258 -259 -260 -261 -262 -263 -264 -265 -266 -267 -268 
v -269 -270 -271 -272 -273 -274 -275 -276 -277 -278 -279 -280 281 -282 -283 
v -284 -285 -286 -287 -288 -289 -290 -291 -292 -293 -294 -295 -296 -297 -298 
v 299 -300 -301 -302 -303 -304 305 -306 -307 -308 -309 -310 -311 -312 -313 -314 
v -315 -316 -317 -318 -319 -320 -321 -322 -323 -324 -325 -326 -327 -328 -329 
v -330 -331 -332 -333 -334 -335 -336 -337 -338 -339 -340 -341 -342 -343 -344 
v -345 -346 347 348 -349 -350 351 -352 -353 -354 355 -356 357 -358 -359 -360 
v -361 -362 -363 -364 -365 366 -367 -368 -369 370 -371 372 373 -374 -375 -376 
v -377 -378 -379 -380 -381 -382 -383 -384 -385 -386 -387 -388 -389 -390 -391 
v -392 -393 -394 -395 -396 -397 -398 -399 -400 -401 -402 -403 -404 -405 -406 
v -407 -408 -409 -410 -411 -412 -413 -414 -415 -416 -417 -418 -419 -420 -421 
v -422 -423 -424 -425 -426 -427 -428 -429 -430 -431 -432 -433 -434 -435 -436 
v -437 -438 -439 -440 -441 -442 -443 -444 -445 446 -447 -448 -449 450 -451 452 
v 453 -454 -455 -456 -457 -458 -459 -460 -461 462 -463 -464 -465 466 -467 468 
v 469 -470 -471 -472 -473 -474 -475 -476 -477 -478 -479 -480 -481 -482 -483 
v -484 -485 -486 -487 -488 -489 -490 -491 -492 -493 -494 -495 -496 -497 -498 
v -499 -500 -501 -502 -503 -504 -505 -506 -507 -508 -509 510 -511 -512 -513 514 
v -515 516 517 -518 -519 -520 -521 -522 -523 -524 -525 -526 -527 -528 -529 -530 
v -531 -532 -533 -534 -535 -536 -537 -538 -539 -540 -541 -542 -543 -544 -545 
v -546 -547 -548 -549 -550 -551 -552 -553 -554 -555 -556 -557 -558 -559 -560 
v -561 -562 -563 -564 -565 -566 -567 -568 -569 -570 -571 -572 -573 574 -575 
v -576 -577 578 -579 580 581 -582 -583 -584 -585 -586 -587 -588 -589 -590 -591 
v -592 -593 -594 -595 -596 -597 -598 -599 -600 -601 -602 -603 -604 -605 606 
v -607 -608 -609 610 -611 612 613 -614 -615 -616 -617 -618 -619 -620 -621 -622 
v -623 -624 -625 -626 -627 -628 -629 -630 -631 -632 -633 -634 -635 -636 -637 
v -638 -639 -640 -641 -642 -643 -644 -645 -646 -647 -648 -649 -650 -651 -652 
v -653 -654 -655 -656 -657 -658 -659 -660 -661 -662 -663 -664 -665 -666 -667 
v -668 -669 -670 -671 -672 -673 -674 -675 -676 -677 -678 -679 -680 -681 -682 
v -683 -684 -685 -686 -687 -688 -689 -690 -691 -692 -693 -694 -695 -696 -697 
v -698 -699 -700 -701 -702 -703 -704 -705 -706 -707 -708 -709 -710 -711 -712 
v -713 -714 -715 -716 -717 -718 -719 -720 -721 -722 -723 -724 -725 726 -727 728 
v 729 -730 -731 -732 -733 -734 -735 -736 -737 -738 -739 -740 -741 -742 -743 
v -744 -745 -746 -747 -748 -749 -750 -751 -752 -753 754 755 -756 -757 -758 -759 
v -760 -761 762 -763 -764 -765 -766 -767 0
c [g 0] truth-find prop checks  : 20K
c [g 0] -> of which prop        : 16.70 %
c [g 0] -> of which confl       :  1.21 %
c [g 0] elim called             : 5055
c [g 0] ---> which lead to prop : 30.05 %
c [g 0] ---> which lead to confl:  2.00 %
c [g 0] size: 42    x 453  

real	0m4.182s
user	0m4.038s
sys	0m0.028s
