c BreakID not compiled in, disabling
c CryptoMiniSat version 5.11.19
c CMS Copyright (C) 2009-2020 Authors of CryptoMiniSat, see AUTHORS file
c CMS SHA revision b80e09ebd7703fc13b987401d693d7d406a50441
c Using VMTF code by Armin Biere from CaDiCaL
c Using Yalsat by Armin Biere, see Balint et al. Improving implementation of SLS solvers [...], SAT'14
c Using WalkSAT by Henry Kautz, see Kautz and Selman Pushing the envelope: planning, propositional logic, and stochastic search, AAAI'96,
c CMS is MIT licensed
c Using code from 'When Boolean Satisfiability Meets Gauss-E. in a Simplex Way'
c       by C.-S. Han and J.-H. Roland Jiang in CAV 2012. Fixes by M. Soos
c Using CCAnr from 'CCAnr: A Conf. Checking Based Local Search Solver [...]'
c       by Shaowei Cai, Chuan Luo, and Kaile Su, SAT 2015
c CMS compilation env CMAKE_CXX_COMPILER = /usr/bin/c++ | CMAKE_CXX_FLAGS =  -fvisibility=hidden -Wall -Wextra -Wunused -Wsign-compare -fno-omit-frame-pointer -Wtype-limits -Wuninitialized -Wno-deprecated -Wstrict-aliasing -Wpointer-arith -Wpointer-arith -Wformat-nonliteral -Winit-self -Wparentheses -Wunreachable-code -g -Wno-class-memaccess -mpopcnt -msse4.2 -ggdb3 -Wlogical-op -Wrestrict -Wnull-dereference -Wdouble-promotion -Wshadow -Wformat=2 -Wextra-semi -pedantic | COMPILE_DEFINES =  -DRDB0_ONLY_FEATURES -DUSE_ZLIB -DYALSAT_FPU | STATICCOMPILE = OFF | ONLY_SIMPLE =  | STATS = OFF | SQLITE3_FOUND =  | ZLIB_FOUND = TRUE | VALGRIND_FOUND =  | ENABLE_TESTING = OFF | SLOW_DEBUG = OFF | ENABLE_ASSERTIONS = ON | PYTHON_EXECUTABLE =  | PYTHON_LIBRARY =  | PYTHON_INCLUDE_DIRS =  | MY_TARGETS =  | LARGEMEM = OFF | LIMITMEM = OFF | BREAKID_LIBRARIES =  | BREAKID-VER = . | BOSPHORUS_LIBRARIES =  | BOSPH-VER = . | compilation date time = Jul 13 2026 14:05:03
c CMS compiled with gcc version 11.5.0 20240719 (Red Hat 11.5.0-5)
c Executed with command line: ./cryptominisat5 ./instances/IC_S4/Xn19l6-13-S.dimacs
c Reading file './instances/IC_S4/Xn19l6-13-S.dimacs'
c -- header says num vars:            767
c -- header says num clauses:        2416
c -- clauses added: 2364
c -- xor clauses added: 52
c -- vars added 767
c Parsing time: 0.00 s
c [find&init matx] performing matrix init
c [gauss] XOR-encoding clauses are not detached, so no need to reattach them.
c [xor-rem-unconnected] left with 50 xors from 50 non-empty xors T: 0.00
c [xor-together] xored together: 0 orig xors: 50 new xors: 50 T: 0.00
c [xor-rem-unconnected] left with 50 xors from 50 non-empty xors T: 0.00
c [xor-clean-equiv] removed equivalent xors: 0 left with: 50
c [matrix] unused xors from cleaning: 0
c [matrix] Good   matrix  0     50 x  765  density:0.1093  xorlen avg: 83.60
c [matrix] Using 1 matrices recovered from 0 xors T: 0.00 T-out: N
c [branch] adjusting to: vsid (from: vsid) var_decay:0.95 descr: VSIDS
c rst  geom  stb   vs     1   116    2769 17036  1652    3.97    3.79     1    30    75    10  187.44  171.46
c rst  geom  stb   vs     2   239    2769 17036  1652    3.97    3.79     2    50   171    16  147.65  137.90
c  res  pol bran  nres  conf freevar  IrrL  IrrB l/longC  l/allC RedL0 RedL1 RedL2  RedB l/longC  l/allC
c rst  geom  stb   vs     3   373    2769 17036  1652    3.97    3.79     3    60   294    16  118.93  113.92
c rst  geom  stb   vs     4   520    2769 17036  1652    3.97    3.79     3    60   439    18   97.49   94.19
c rst  geom  stb   vs     5   682    2769 17036  1652    3.97    3.79     3    60   600    19   85.70   83.37
c rst  geom  stb   vs     6   859    2769 17036  1652    3.97    3.79     3    60   774    22   90.18   87.93
c rst  geom  stb   vs     7  1053    2769 17036  1652    3.97    3.79     7    62   961    23   86.01   84.18
c rst  geom  stb   vs     8  1266    2769 17036  1652    3.97    3.79     7    62  1174    23   80.86   79.43
c rst  geom  stb   vs     9  1502    2769 17036  1652    3.97    3.79     7    62  1409    24   81.52   80.25
c rst  geom  stb   vs    10  1759    2769 17036  1652    3.97    3.79     8    64  1662    25   78.09   77.00
c rst  geom  stb   vs    11  2041    2769 17036  1652    3.97    3.79     8    64  1944    25   75.55   74.65
c rst  geom  stb   vs    12  2352    2769 17036  1652    3.97    3.79     8    64  2255    25   74.34   73.58
c rst  geom  stb   vs    13  2694    2769 17036  1652    3.97    3.79     8    64  2597    25   73.77   73.10
c rst  geom  stb   vs    14  3067    2769 17036  1652    3.97    3.79     8    64  2970    25   75.48   74.89
c rst  geom  stb   vs    15  3477    2769 17036  1652    3.97    3.79     8    64  3380    25   74.71   74.18
c rst  geom  stb   vs    16  3927    2769 17036  1652    3.97    3.79     8    64  3828    27   74.75   74.25
c rst  geom  stb   vs    17  4421    2769 17036  1652    3.97    3.79     8    64  4322    27   73.68   73.24
c rst  geom  stb   vs    18  4964    2769 17036  1652    3.97    3.79     8    64  4865    27   71.84   71.46
c rst  geom  stb   vs    19  5562    2769 17036  1652    3.97    3.79     8    64  5463    27   69.57   69.25
c [branch] adjusting to: vmtf (from: vsid) var_decay:0.95 descr: VMTF
c [distill-long-red0] cls tried: 8/8 T: 0.00 T-out: N T-r: 100.00%
c [distill-long-red1] cls tried: 64/64 T: 0.00 T-out: N T-r: 94.37%
c rst  luby ibes  vmt    20  5664    2769 17036  1652    3.97    3.79    26   109  5500    29   69.32   68.97
c rst  luby ibes  vmt    21  5766    2769 17036  1652    3.97    3.79    26   109  5602    29   68.44   68.11
c rst  luby ibes  vmt    22  5968    2769 17036  1652    3.97    3.79    26   109  5804    29   66.68   66.36
c rst  luby ibes  vmt    23  6069    2769 17036  1652    3.97    3.79    26   109  5905    29   65.91   65.60
c rst  luby ibes  vmt    24  6171    2769 17036  1652    3.97    3.79    26   109  6007    29   65.18   64.88
c rst  luby ibes  vmt    25  6373    2769 17036  1652    3.97    3.79    26   109  6209    29   63.64   63.36
c rst  luby ibes  vmt    26  6775    2769 17036  1652    3.97    3.79    26   109  6611    29   60.78   60.53
c rst  luby ibes  vmt    27  6877    2769 17036  1652    3.97    3.79    26   109  6713    29   60.11   59.86
c rst  luby ibes  vmt    28  6979    2769 17036  1652    3.97    3.79    26   109  6815    29   59.44   59.21
c rst  luby ibes  vmt    29  7181    2769 17036  1652    3.97    3.79    26   109  7017    29   58.22   57.99
c rst  luby ibes  vmt    30  7283    2769 17036  1652    3.97    3.79    26   109  7119    29   57.70   57.47
c rst  luby ibes  vmt    31  7385    2769 17036  1652    3.97    3.79    26   109  7221    29   57.23   57.01
c rst  luby ibes  vmt    32  7587    2769 17036  1652    3.97    3.79    26   109  7423    29   56.38   56.18
c rst  luby ibes  vmt    33  7989    2769 17036  1652    3.97    3.79    26   109  7825    29   54.83   54.64
c rst  luby ibes  vmt    34  8791    2769 17036  1652    3.97    3.79    26   109  8627    29   51.48   51.32
c rst  luby ibes  vmt    35  8893    2769 17036  1652    3.97    3.79    26   109  8729    29   51.11   50.95
c rst  luby ibes  vmt    36  8995    2769 17036  1652    3.97    3.79    26   109  8831    29   50.73   50.58
c rst  luby ibes  vmt    37  9197    2769 17036  1652    3.97    3.79    26   109  9033    29   50.01   49.86
c rst  luby ibes  vmt    38  9298    2769 17036  1652    3.97    3.79    26   109  9134    29   49.65   49.51
c rst  luby ibes  vmt    39  9400    2769 17036  1652    3.97    3.79    26   109  9236    29   49.35   49.20
c rst  luby ibes  vmt    40  9602    2769 17036  1652    3.97    3.79    26   109  9438    29   48.88   48.74
c rst  luby ibes  vmt    41 10004    2769 17036  1652    3.97    3.79    83    52  9840    29   47.60   47.47
c rst  luby ibes  vmt    42 10106    2769 17036  1652    3.97    3.79    83    52  9942    29   47.29   47.16
c rst  luby ibes  vmt    43 10208    2769 17036  1652    3.97    3.79    83    52 10044    29   46.97   46.85
c rst  luby ibes  vmt    44 10410    2769 17036  1652    3.97    3.79    83    52 10246    29   46.38   46.26
c rst  luby ibes  vmt    45 10512    2769 17036  1652    3.97    3.79    83    52 10348    29   46.12   46.00
c rst  luby ibes  vmt    46 10614    2769 17036  1652    3.97    3.79    83    52 10450    29   45.85   45.73
c rst  luby ibes  vmt    47 10816    2769 17036  1652    3.97    3.79    83    52 10652    29   45.33   45.21
c rst  luby  svd  vmt    48 11217    2769 17036  1652    3.97    3.79    83    52 11052    30   46.71   46.59
c rst  luby  svd  vmt    49 12018    2769 17036  1652    3.97    3.79    83    52 11853    30   46.71   46.60
c [branch] adjusting to: vsid (from: vmtf) var_decay:0.95 descr: VSIDS
c [distill-bin] useful: 4/1652/1652 lits-rem: 0 cl-rem: 4 0-depth-assigns: 0 T: 0.01 T-out: N
c rst  geom  svd   vs    50 12129    2769 17036  1648    3.97    3.79    83    52 11964    30   46.67   46.56
c rst  geom  svd   vs    51 12253    2769 17036  1648    3.97    3.79    83    52 12088    30   46.55   46.44
c rst  geom  svd   vs    52 12388    2769 17036  1648    3.97    3.79    83    52 12223    30   46.50   46.39
c rst  geom  svd   vs    53 12536    2769 17036  1648    3.97    3.79    83    52 12371    30   46.27   46.16
c rst  geom  svd   vs    54 12698    2769 17036  1648    3.97    3.79    83    52 12533    30   46.02   45.92
c rst  geom  svd   vs    55 12876    2769 17036  1648    3.97    3.79    83    52 12711    30   45.73   45.63
c rst  geom  svd   vs    56 13070    2769 17036  1648    3.97    3.79    83    52 12905    30   45.42   45.32
c rst  geom  svd   vs    57 13284    2769 17036  1648    3.97    3.79    83    52 13119    30   45.25   45.15
c rst  geom  svd   vs    58 13518    2769 17036  1648    3.97    3.79    83    52 13353    30   45.34   45.24
c rst  geom  svd   vs    59 13776    2769 17036  1648    3.97    3.79    83    52 13611    30   45.26   45.17
c rst  geom  svd   vs    60 14059    2769 17036  1648    3.97    3.79    83    52 13894    30   45.21   45.12
c rst  geom  svd   vs    61 14370    2769 17036  1648    3.97    3.79    83    52 14204    31   45.01   44.92
c rst  geom  svd   vs    62 14710    2769 17036  1648    3.97    3.79    83    52 14544    31   44.72   44.63
c rst  geom  svd   vs    63 15084    2769 17036  1648    3.97    3.79    85    72 13996    32   41.16   41.07
c rst  geom  svd   vs    64 15494    2769 17036  1648    3.97    3.79    85    72 14406    32   40.87   40.78
c rst  geom  svd   vs    65 15944    2769 17036  1648    3.97    3.79    85    72 14856    32   40.66   40.58
c rst  geom  svd   vs    66 16439    2769 17036  1648    3.97    3.79    86    73 15349    32   40.34   40.26
c rst  geom best   vs    67 16983    2769 17036  1648    3.97    3.79    87    73 15892    32   40.93   40.85
c rst  geom best   vs    68 17581    2769 17036  1648    3.97    3.79    88    73 16489    32   40.76   40.68
c rst  geom best   vs    69 18238    2769 17036  1648    3.97    3.79    88    76 17143    32   41.38   41.31
c [branch] adjusting to: vmtf (from: vsid) var_decay:0.95 descr: VMTF
c rst  luby best  vmt    70 18339    2769 17036  1648    3.97    3.79    88    76 17244    32   41.43   41.36
c rst  luby best  vmt    71 18441    2769 17036  1648    3.97    3.79    88    76 17346    32   41.42   41.35
c rst  luby best  vmt    72 18643    2769 17036  1648    3.97    3.79    88    76 17548    32   41.38   41.31
c rst  luby best  vmt    73 18744    2769 17036  1648    3.97    3.79    88    76 17649    32   41.34   41.27
c rst  luby best  vmt    74 18846    2769 17036  1648    3.97    3.79    88    76 17751    32   41.31   41.24
c rst  luby best  vmt    75 19048    2769 17036  1648    3.97    3.79    88    76 17953    32   41.39   41.32
c rst  luby best  vmt    76 19450    2769 17036  1648    3.97    3.79    88    76 18354    33   41.61   41.54
c rst  luby best  vmt    77 19551    2769 17036  1648    3.97    3.79    88    76 18455    33   41.72   41.65
c rst  luby best  vmt    78 19653    2769 17036  1648    3.97    3.79    88    76 18557    33   41.83   41.76
c rst  luby best  vmt    79 19854    2769 17036  1648    3.97    3.79    88    76 18758    33   41.98   41.91
c rst  luby best  vmt    80 19955    2769 17036  1648    3.97    3.79    88    76 18859    33   42.01   41.94
c rst  luby best  vmt    81   20K    2769 17036  1648    3.97    3.79    92    72 18960    34   42.05   41.98
c [full-probe]  bin_only: 1 set: 0 repl: 0 T: 0.00 T-out: N T-r: 99.85%
c rst  luby best  vmt    82   20K    2769 17036  1648    3.97    3.79    92    72 19162    40   42.10   42.02
c rst  luby best  vmt    83   20K    2769 17036  1648    3.97    3.79    92    72 19563    40   42.09   42.00
c [distill-long-red0] cls tried: 48/48 T: 0.01 T-out: N T-r: 99.83%
c [distill-long-red1] cls tried: 44/44 T: 0.00 T-out: N T-r: 63.67%
c rst  luby best  vmt    84   21K    2769 17036  1648    3.97    3.79    92    72   20K    40   41.87   41.80
c rst  luby best  vmt    85   21K    2769 17036  1648    3.97    3.79    92    72   20K    40   41.82   41.74
c rst  luby best  vmt    86   21K    2769 17036  1648    3.97    3.79    92    72   20K    40   41.82   41.74
c rst  luby  stb  vmt    87   21K    2769 17036  1648    3.97    3.79    93    72   20K    40   42.06   41.99
c rst  luby  stb  vmt    88   21K    2769 17036  1648    3.97    3.79    93    72   20K    40   42.10   42.02
c rst  luby  stb  vmt    89   22K    2769 17036  1648    3.97    3.79    93    72   20K    40   42.06   41.99
c rst  luby  stb  vmt    90   22K    2769 17036  1648    3.97    3.79    93    72   21K    41   42.10   42.03
c rst  luby  stb  vmt    91   22K    2769 17036  1648    3.97    3.79    93    72   21K    41   42.18   42.10
c rst  luby  stb  vmt    92   22K    2769 17036  1648    3.97    3.79    93    72   21K    41   42.19   42.11
c rst  luby  stb  vmt    93   22K    2769 17036  1648    3.97    3.79    95    95   21K    41   42.16   42.09
c rst  luby  stb  vmt    94   23K    2769 17036  1648    3.97    3.79    97    98   21K    41   43.16   43.09
c rst  luby  stb  vmt    95   23K    2769 17036  1648    3.97    3.79   101   108   22K    46   43.42   43.33
c rst  luby  stb  vmt    96   23K    2769 17036  1648    3.97    3.79   103   113   22K    46   43.58   43.49
c rst  luby  stb  vmt    97   23K    2769 17036  1648    3.97    3.79   109   115   22K    48   43.73   43.64
c rst  luby  stb  vmt    98   23K    2769 17036  1648    3.97    3.79   114   117   22K    58   44.11   44.00
c rst  luby  stb  vmt    99   24K    2769 17036  1648    3.97    3.79   123   120   23K    59   45.19   45.08
c rst  luby  stb  vmt   100   26K    2769 17036  1648    3.97    3.79   135   136   25K    59   46.23   46.13
c [branch] adjusting to: vsid (from: vmtf) var_decay:0.95 descr: VSIDS
c [distill] watch-based irred--  cl tried     1428 cl-sh     0 cl-rem    4 lit-rem      0 T: 0.00 T-out: N
c [distill] watch-based   red--  cl tried      270 cl-sh    23 cl-rem    0 lit-rem    124 T: 0.00 T-out: N
c rst  geom  stb   vs   101   26K    2769 17032  1652    3.97    3.79   134   136   25K    56   46.27   46.18
c rst  geom  stb   vs   102   26K    2769 17032  1652    3.97    3.79   134   136   25K    56   46.31   46.21
c rst  geom  stb   vs   103   26K    2769 17032  1652    3.97    3.79   134   136   25K    56   46.37   46.27
c rst  geom  stb   vs   104   26K    2769 17032  1652    3.97    3.79   134   136   25K    56   46.31   46.21
c rst  geom  stb   vs   105   26K    2769 17032  1652    3.97    3.79   134   136   25K    56   46.26   46.16
c rst  geom ibes   vs   106   27K    2769 17032  1652    3.97    3.79   134   136   25K    56   46.08   45.98
c rst  geom ibes   vs   107   27K    2769 17032  1652    3.97    3.79   134   136   26K    56   45.88   45.78
c rst  geom ibes   vs   108   27K    2769 17032  1652    3.97    3.79   134   136   26K    56   45.65   45.56
c rst  geom ibes   vs   109   27K    2769 17032  1652    3.97    3.79   134   136   26K    56   45.41   45.32
c rst  geom ibes   vs   110   28K    2769 17032  1652    3.97    3.79   134   136   26K    56   45.18   45.09
c rst  geom ibes   vs   111   28K    2769 17032  1652    3.97    3.79   134   136   27K    56   44.95   44.87
c rst  geom ibes   vs   112   28K    2769 17032  1652    3.97    3.79   134   136   27K    56   44.70   44.62
c rst  geom ibes   vs   113   28K    2769 17032  1652    3.97    3.79   134   136   27K    56   44.43   44.34
c rst  geom ibes   vs   114   29K    2769 17032  1652    3.97    3.79   134   136   28K    56   44.06   43.98
c rst  geom ibes   vs   115   29K    2769 17032  1652    3.97    3.79   134   136   28K    56   43.70   43.61
c rst  geom ibes   vs   116   30K    2769 17032  1652    3.97    3.79   177   182   21K    56   42.09   41.99
c rst  geom ibes   vs   117   30K    2769 17032  1652    3.97    3.79   177   182   21K    56   41.58   41.48
c rst  geom ibes   vs   118   31K    2769 17032  1652    3.97    3.79   177   182   22K    56   41.31   41.21
c rst  geom ibes   vs   119   31K    2769 17032  1652    3.97    3.79   177   182   23K    56   40.73   40.64
c rst  geom ibes   vs   120   32K    2769 17032  1652    3.97    3.79   177   182   23K    56   40.09   40.00
c [distill-bin] useful: 0/1652/1652 lits-rem: 0 cl-rem: 0 0-depth-assigns: 0 T: 0.01 T-out: N
c rst  geom  svd   vs   121   33K    2769 17032  1652    3.97    3.79   179   192   24K    56   39.89   39.81
c rst  geom  svd   vs   122   34K    2769 17032  1652    3.97    3.79   180   247   25K    56   42.54   42.45
c [branch] adjusting to: vmtf (from: vsid) var_decay:0.95 descr: VMTF
c rst  luby  svd  vmt   123   34K    2769 17032  1652    3.97    3.79   181   252   25K    57   42.61   42.52
c rst  luby  svd  vmt   124   34K    2769 17032  1652    3.97    3.79   184   258   25K    57   42.74   42.65
c rst  luby  svd  vmt   125   34K    2769 17032  1652    3.97    3.79   186   261   25K    57   42.98   42.89
c rst  luby  svd  vmt   126   34K    2769 17032  1652    3.97    3.79   186   262   25K    57   43.17   43.08
c rst  luby  svd  vmt   127   34K    2769 17032  1652    3.97    3.79   187   267   25K    58   43.17   43.08
c rst  luby  svd  vmt   128   34K    2769 17032  1652    3.97    3.79   194   275   25K    58   43.38   43.28
c rst  luby  svd  vmt   129   35K    2769 17032  1652    3.97    3.79   196   279   26K    58   43.83   43.74
c rst  luby  svd  vmt   130   35K    2769 17032  1652    3.97    3.79   198   279   26K    58   43.87   43.78
c rst  luby  svd  vmt   131   35K    2769 17032  1652    3.97    3.79   198   279   26K    58   43.93   43.84
c rst  luby  svd  vmt   132   35K    2769 17032  1652    3.97    3.79   199   283   26K    58   43.92   43.83
c rst  luby  svd  vmt   133   35K    2769 17032  1652    3.97    3.79   200   286   26K    58   43.97   43.89
c [distill-long-red0] cls tried: 126/126 T: 0.01 T-out: N T-r: 99.82%
c [distill-long-red1] cls tried: 90/218 T: 0.01 T-out: Y T-r: -0.84%
c rst  luby  svd  vmt   134   35K    2769 17032  1652    3.97    3.79   202   290   26K    59   43.95   43.86
c rst  luby  svd  vmt   135   36K    2769 17032  1652    3.97    3.79   202   292   27K    59   43.86   43.77
c rst  luby  svd  vmt   136   36K    2769 17032  1652    3.97    3.79   205   300   27K    59   44.04   43.95
c rst  luby  svd  vmt   137   37K    2769 17032  1652    3.97    3.79   207   350   28K    59   44.08   43.99
c rst  luby  svd  vmt   138   37K    2769 17032  1652    3.97    3.79   208   353   28K    59   44.14   44.05
c rst  luby  svd  vmt   139   37K    2769 17032  1652    3.97    3.79   208   353   28K    59   44.19   44.10
c rst  luby  svd  vmt   140   37K    2769 17032  1652    3.97    3.79   210   358   28K    59   44.39   44.31
c rst  luby  svd  vmt   141   37K    2769 17032  1652    3.97    3.79   211   358   28K    60   44.48   44.39
c rst  luby  svd  vmt   142   37K    2769 17032  1652    3.97    3.79   216   358   28K    61   44.52   44.43
c rst  luby  svd  vmt   143   38K    2769 17032  1652    3.97    3.79   217   365   28K    61   44.48   44.39
c rst  geom best  vmt   144   38K    2769 17032  1652    3.97    3.79   217   370   29K    61   44.58   44.49
c rst  geom best  vmt   145   38K    2769 17032  1652    3.97    3.79   217   371   29K    61   44.61   44.52
c rst  geom best  vmt   146   38K    2769 17032  1652    3.97    3.79   217   375   29K    61   44.68   44.59
c rst  geom best  vmt   147   38K    2769 17032  1652    3.97    3.79   218   377   29K    61   44.68   44.59
c rst  geom best  vmt   148   38K    2769 17032  1652    3.97    3.79   219   377   29K    62   44.68   44.59
c rst  geom best  vmt   149   38K    2769 17032  1652    3.97    3.79   219   380   29K    62   44.70   44.61
c rst  geom best  vmt   150   39K    2769 17032  1652    3.97    3.79   222   384   30K    63   44.78   44.69
c rst  geom best  vmt   151   39K    2769 17032  1652    3.97    3.79   222   390   30K    63   44.90   44.82
c rst  geom best  vmt   152   39K    2769 17032  1652    3.97    3.79   224   395   30K    63   44.84   44.76
c rst  geom best  vmt   153   39K    2769 17032  1652    3.97    3.79   226   401   30K    63   44.90   44.81
c rst  geom best  vmt   154   40K    2769 17032  1652    3.97    3.79   308   321   30K    63   45.09   45.01
c [full-probe]  bin_only: 0 set: 0 repl: 0 T: 0.01 T-out: N T-r: 98.00%
c [impl-str] lit bin: 0 set-var: 0 T: 0.00 T-out: N T-r: 99.95% w-visit: 5538
c [impl-sub] bin: 28 T: 0.00 T-out: N w-visit: 5538
c rst  geom best  vmt   155   40K    2769 17032  1652    3.97    3.79   308   327   31K    36   45.32   45.27
c rst  geom best  vmt   156   40K    2769 17032  1652    3.97    3.79   311   327   31K    36   45.61   45.56
c rst  geom best  vmt   157   41K    2769 17032  1652    3.97    3.79   313   330   31K    37   45.95   45.90
c rst  geom best  vmt   158   41K    2769 17032  1652    3.97    3.79   313   334   32K    37   46.34   46.29
c rst  geom best  vmt   159   41K    2769 17032  1652    3.97    3.79   316   342   32K    37   46.46   46.41
c rst  geom best  vmt   160   42K    2769 17032  1652    3.97    3.79   318   349   33K    37   46.73   46.68
c [branch] adjusting to: vsid (from: vmtf) var_decay:0.95 descr: VSIDS
c rst  geom best   vs   161   42K    2769 17032  1652    3.97    3.79   318   355   33K    37   46.76   46.71
c rst  geom best   vs   162   42K    2769 17032  1652    3.97    3.79   318   358   33K    37   46.76   46.71
c rst  geom best   vs   163   42K    2769 17032  1652    3.97    3.79   318   359   33K    37   46.82   46.77
c rst  geom best   vs   164   42K    2769 17032  1652    3.97    3.79   318   359   33K    37   46.88   46.84
c rst  geom best   vs   165   43K    2769 17032  1652    3.97    3.79   319   361   33K    37   46.91   46.86
c rst  geom best   vs   166   43K    2769 17032  1652    3.97    3.79   319   361   34K    37   46.94   46.89
c rst  geom best   vs   167   43K    2769 17032  1652    3.97    3.79   319   362   34K    37   46.92   46.87
c rst  geom  stb   vs   168   43K    2769 17032  1652    3.97    3.79   319   362   34K    37   47.01   46.96
c rst  geom  stb   vs   169   43K    2769 17032  1652    3.97    3.79   323   366   34K    37   47.01   46.96
c rst  geom  stb   vs   170   44K    2769 17032  1652    3.97    3.79   325   367   35K    37   47.12   47.08
c [ccnr] tries: 0 steps: 262143 best found: 16
c [ccnr] tries: 0 steps: 524287 best found: 11
c [ccnr] tries: 0 steps: 786431 best found: 11
c [ccnr] saving best assignment phase to stable_polar
c [ccnr] bumping based on clause weights
c [ccnr] Bumped vars: 102 bump type: 6
c [ccnr] time: 0.59
c rst  geom  stb   vs   171   44K    2769 17032  1652    3.97    3.79   327   375   35K    37   47.07   47.02
c rst  geom  stb   vs   172   44K    2769 17032  1652    3.97    3.79   329   390   35K    37   47.02   46.97
c rst  geom  stb   vs   173   45K    2769 17032  1652    3.97    3.79   365   870   29K    37   49.83   49.78
c rst  geom  stb   vs   174   45K    2769 17032  1652    3.97    3.79   365   870   29K    37   50.03   49.97
c rst  geom  stb   vs   175   45K    2769 17032  1652    3.97    3.79   369   874   30K    37   50.07   50.01
c rst  geom  stb   vs   176   46K    2769 17032  1652    3.97    3.79   372   885   30K    37   49.97   49.91
c rst  geom  stb   vs   177   46K    2769 17032  1652    3.97    3.79   374   893   31K    37   49.77   49.71
c rst  geom  stb   vs   178   47K    2769 17032  1652    3.97    3.79   374   900   31K    38   49.93   49.87
c rst  geom  stb   vs   179   48K    2769 17032  1652    3.97    3.79   376   901   32K    38   49.77   49.72
c rst  geom  stb   vs   180   48K    2769 17032  1652    3.97    3.79   377   903   33K    38   49.68   49.63
c rst  geom  stb   vs   181   49K    2769 17032  1652    3.97    3.79   377   903   33K    38   49.65   49.60
c rst  geom ibes   vs   182   50K    2769 17032  1652    3.97    3.79   455   834   34K    38   49.41   49.36
c [gauss] XOR-encoding clauses are not detached, so no need to reattach them.
c [g 0] truth-find prop checks  : 868K
c [g 0] -> of which prop        : 40.03 %
c [g 0] -> of which confl       :  3.41 %
c [g 0] elim called             : 154K
c [g 0] ---> which lead to prop :  9.40 %
c [g 0] ---> which lead to confl:  0.60 %
c [g 0] size: 50    x 765  
c [scc] new: 6 BP 0M T: 0.00
c [vrep] vars 6 lits 14513 rem-bin-cls 24 rem-long-cls 0 BP 0M T: 0.03
c [scc] new: 0 BP 0M T: 0.00
c [vrep] vars 0 lits 0 rem-bin-cls 0 rem-long-cls 0 BP 0M T: 0.01
c [intree] Set 0 vars hyper-added: 723 trans-irred: 0 trans-red: 4 T: 0.01 T-out: N T-r: -0.80%
c [find&init matx] performing matrix init
c [gauss] XOR-encoding clauses are not detached, so no need to reattach them.
c [xor-rem-unconnected] left with 50 xors from 50 non-empty xors T: 0.00
c [xor-together] xored together: 0 orig xors: 50 new xors: 50 T: 0.00
c [xor-rem-unconnected] left with 50 xors from 50 non-empty xors T: 0.00
c [xor-clean-equiv] removed equivalent xors: 0 left with: 50
c [matrix] unused xors from cleaning: 0
c [matrix] Good   matrix 0 50      x761    density:0.1090  xorlen avg: 82.92
c [matrix] Using 1 matrices recovered from 0 xors T: 0.00 T-out: N
c rst  geom ibes vs   183   51  K 2763    17032  1640 3.97    3.79      458   838   35K   757 49.38   48.42  
c [distill-long-red0] cls tried: 242/242 T: 0.03 T-out: N T-r: 99.27%
c [distill-long-red1] cls tried: 20/697 T: 0.01 T-out: Y T-r: -11.29%
c rst  geom ibes vs   184   52  K 2763    17032  1640 3.97    3.79      456   849   36K   761 49.37   48.43  
c [distill] watch-based irred--  cl tried 1424     cl-sh 0     cl-rem 0    lit-rem 0      T: 0.00 T-out: N
c [distill] watch-based red  --  cl tried 912      cl-sh 28    cl-rem 0    lit-rem 36     T: 0.00 T-out: N
c rst  geom ibes vs   185   53  K 2763    17032  1640 3.97    3.79      456   861   37K   761 49.37   48.46  
c [branch] adjusting to: vmtf (from: vsid) var_decay:0.95 descr: VMTF
c [distill-bin] useful: 0/1507/1640 lits-rem: 0 cl-rem: 0 0-depth-assigns: 0 T: 0.01 T-out: Y
c rst  luby ibes vmt  186   53  K 2763    17032  1640 3.97    3.79      459   866   37K   761 49.35   48.44  
c rst  luby ibes vmt  187   53  K 2763    17032  1640 3.97    3.79      459   866   37K   761 49.28   48.37  
c rst  luby ibes vmt  188   53  K 2763    17032  1640 3.97    3.79      459   866   37K   761 49.12   48.22  
c rst  luby ibes vmt  189   53  K 2763    17032  1640 3.97    3.79      459   866   37K   761 49.04   48.14  
c rst  luby ibes vmt  190   53  K 2763    17032  1640 3.97    3.79      459   866   38K   761 48.95   48.06  
c rst  luby ibes vmt  191   53  K 2763    17032  1640 3.97    3.79      459   866   38K   761 48.81   47.92  
c rst  luby ibes vmt  192   54  K 2763    17032  1640 3.97    3.79      465   899   38K   761 48.68   47.80  
c rst  luby ibes vmt  193   54  K 2763    17032  1640 3.97    3.79      465   902   38K   761 48.69   47.82  
c rst  luby ibes vmt  194   54  K 2763    17032  1640 3.97    3.79      465   902   38K   761 48.66   47.79  
c rst  luby ibes vmt  195   54  K 2763    17032  1640 3.97    3.79      466   907   38K   761 48.63   47.77  
c rst  luby ibes vmt  196   54  K 2763    17032  1640 3.97    3.79      466   908   39K   761 48.60   47.74  
c rst  luby ibes vmt  197   54  K 2763    17032  1640 3.97    3.79      466   909   39K   761 48.64   47.78  
c rst  luby ibes vmt  198   55  K 2763    17032  1640 3.97    3.79      466   911   39K   761 48.52   47.67  
c rst  luby svd  vmt  199   55  K 2763    17032  1640 3.97    3.79      468   916   39K   761 48.83   47.98  
c rst  luby svd  vmt  200   56  K 2763    17032  1640 3.97    3.79      477   931   40K   761 49.26   48.41  
c recursive minimization cost OK: 289Kcost/(% lits removed)
c [gauss] XOR-encoding clauses are not detached, so no need to reattach them.
c [g 0] truth-find prop checks  : 153K
c [g 0] -> of which prop        : 35.26 %
c [g 0] -> of which confl       :  2.73 %
c [g 0] elim called             : 30K
c [g 0] ---> which lead to prop :  0.46 %
c [g 0] ---> which lead to confl:  0.04 %
c [g 0] size: 50    x 761  
c --> Executing strategy token: scc-vrepl
c [scc] new: 0 BP 0M T: 0.00
c --> Executing strategy token: sub-impl
c [impl-sub] bin: 4 T: 0.00 T-out: N w-visit: 5538
c --> Executing strategy token: breakid
c --> Executing OCC strategy token(s): 'occ-backw-sub-str,occ-clean-implicit,occ-bve,occ-bva,occ-ternary-res,occ-xor,'
c [occ] mem usage for occur 1      MB
c [occ] Linked in IRRED BIN by default: 1640
c [occ] Linked in RED   BIN by default: 757
c [occ] mem usage for occur 0      MB
c Mem for watch alloc      : 4           MB (18.85     %)
c Mem for watch array      : 0           MB (0.83      %)
c --> Executing OCC strategy token: occ-backw-sub-str
c [occ-backw-sub-str-long-w-bins] subs: 0 str: 2 tried: 2397 0-depth ass: 0 T: 0.00 T-out: N T-r: 99.35%
c [occ-backw-sub-long-w-long] rem cl: 30 tried: 58671/58671 (100.0%) T: 0.01 T-out: N T-r: 97.04%
c [occ-backw-sub-str-long-w-long] sub: 0 str: 2 tried: 176013/58671 (300.0)  T: 0.05 T-out: N T-r: 89.20%
c --> Executing OCC strategy token: occ-clean-implicit
c --> Executing OCC strategy token: occ-bve
c [occ-empty-res] Empty resolvent elimed: 0 T: 0.00 T-out: N
c [occ-bve] iter v-elim 9
c cl_inc_rate=1.0, var_dec_rate=1.0 (grow=0)
c Reduced to 2754 vars, 18667 cls (grow=0)
c [occ-bve] iter v-elim 296
c cl_inc_rate=1.1, var_dec_rate=1.1 (grow=8)
c Reduced to 2458 vars, 19967 cls (grow=8)
c x n vars       : 2458
c #try to eliminate:  5768
c #var-elim        :   305
c #T-o: N
c #T-r: 99.99%
c #T  : 0.08
c [occur] 0.05 is overhead
c [occur] link-in T: 0.05 cleanup T: 0.00
c --> Executing OCC strategy token: occ-bva
c --> Executing OCC strategy token: occ-ternary-res
c [occ-ternary-res] Ternary res-tri: 56 res-bin: 0 sub: 4 str: 0 T: 0.00 T-out: N T-r: 99.38%
c --> Executing OCC strategy token: occ-xor
c [occ-xor] sort occur list T: 0.00
c [xor-clean-equiv] removed equivalent xors: 0 left with: 1883
c [occ-xor] found   1883 avg sz 4.0 min sz  4 max sz  5 T: 0.00 T-out: N T-r: 99.98%
c --> Executing strategy token: card-find
c --> Executing strategy token: cl-consolidate
c [mem] consolidate  old-sz: 11422K new-sz: 3481K new bits offs: 19 T: 0.00
c --> Executing strategy token: scc-vrepl
c [scc] new: 0 BP 0M T: 0.00
c --> Executing strategy token: renumber
c --> Executing strategy token: bosphorus
c --> Executing strategy token: louvain-comms
c [consolidate] mini T: 0.00
c global_timeout_multiplier: 3.3000
c [branch] rebuilding order heap for all branchings. Current branching: vmtf
c [find&init matx] performing matrix init
c [gauss] XOR-encoding clauses are not detached, so no need to reattach them.
c [xor-rem-unconnected] left with 1883 xors from 1883 non-empty xors T: 0.00
c [xor-together] xored together: 1842 orig xors: 1883 new xors: 41 T: 0.00
c [xor-rem-unconnected] left with 41 xors from 41 non-empty xors T: 0.00
c [xor-clean-equiv] removed equivalent xors: 0 left with: 41
c [matrix] unused xors from cleaning: 0
c [matrix] Good   matrix  0     41 x  453  density:0.2080  xorlen avg: 94.22
c [matrix] Using 1 matrices recovered from 0 xors T: 0.00 T-out: N
c rst  luby  svd  vmt   201   56K    2458 19089   878    4.11    4.02   121   166 16981    78   31.74   31.61
c rst  luby  svd  vmt   202   56K    2458 19089   878    4.11    4.02   121   167 17081    78   31.80   31.67
c rst  luby  svd  vmt   203   56K    2458 19089   878    4.11    4.02   121   167 17183    78   31.84   31.71
c rst  luby  svd  vmt   204   56K    2458 19089   878    4.11    4.02   121   167 17385    78   31.85   31.72
c rst  luby  svd  vmt   205   56K    2458 19089   878    4.11    4.02   121   168 17485    78   31.84   31.71
c rst  luby  svd  vmt   206   56K    2458 19089   878    4.11    4.02   121   168 17587    78   31.82   31.69
c rst  luby  svd  vmt   207   57K    2458 19089   878    4.11    4.02   121   168 17789    78   31.81   31.68
c rst  luby  svd  vmt   208   57K    2458 19089   878    4.11    4.02   121   168 18191    78   31.73   31.61
c rst  luby  svd  vmt   209   57K    2458 19089   878    4.11    4.02   121   168 18293    78   31.70   31.58
c rst  luby  svd  vmt   210   57K    2458 19089   878    4.11    4.02   121   168 18395    78   31.70   31.58
c rst  luby  svd  vmt   211   57K    2458 19089   878    4.11    4.02   121   168 18597    78   31.72   31.59
c rst  luby  svd  vmt   212   58K    2458 19089   878    4.11    4.02   121   168 18699    78   31.74   31.62
c rst  luby  svd  vmt   213   58K    2458 19089   878    4.11    4.02   121   168 18802    78   31.74   31.62
c rst  luby  svd  vmt   214   58K    2458 19089   878    4.11    4.02   121   168 19003    78   31.73   31.61
c rst  luby  svd  vmt   215   58K    2458 19089   878    4.11    4.02   121   168 19404    78   32.02   31.90
c rst  luby  svd  vmt   216   59K    2458 19089   878    4.11    4.02   121   168   20K    78   31.89   31.78
c rst  luby  svd  vmt   217   61K    2458 19089   878    4.11    4.02   127   179 15430    78   27.50   27.38
c [full-probe]  bin_only: 1 set: 0 repl: 0 T: 0.00 T-out: N T-r: 99.88%
c rst  geom best  vmt   218   61K    2458 19089   878    4.11    4.02   127   179 15542    78   27.46   27.34
c rst  geom best  vmt   219   61K    2458 19089   878    4.11    4.02   127   179 15664    78   27.44   27.32
c rst  geom best  vmt   220   61K    2458 19089   878    4.11    4.02   127   179 15798    78   27.43   27.30
c rst  geom best  vmt   221   61K    2458 19089   878    4.11    4.02   128   179 15945    78   27.39   27.27
c rst  geom best  vmt   222   61K    2458 19089   878    4.11    4.02   128   179 16107    78   27.31   27.19
c rst  geom best  vmt   223   62K    2458 19089   878    4.11    4.02   128   179 16285    78   27.38   27.26
c rst  geom best  vmt   224   62K    2458 19089   878    4.11    4.02   128   179 16479    78   27.44   27.32
c rst  geom best  vmt   225   62K    2458 19089   878    4.11    4.02   131   187 16681    78   27.37   27.26
c rst  geom best  vmt   226   62K    2458 19089   878    4.11    4.02   131   187 16915    78   27.38   27.27
c rst  geom best  vmt   227   62K    2458 19089   878    4.11    4.02   132   187 17172    78   27.49   27.38
c [branch] adjusting to: vsid (from: vmtf) var_decay:0.95 descr: VSIDS
c rst  geom best   vs   228   63K    2458 19089   878    4.11    4.02   132   187 17284    78   27.47   27.36
c rst  geom best   vs   229   63K    2458 19089   878    4.11    4.02   132   188 17405    78   27.41   27.30
c rst  geom best   vs   230   63K    2458 19089   878    4.11    4.02   132   189 17538    78   27.35   27.24
c rst  geom best   vs   231   63K    2458 19089   878    4.11    4.02   132   189 17685    78   27.29   27.18
c rst  geom best   vs   232   63K    2458 19089   878    4.11    4.02   132   189 17846    78   27.20   27.09
c rst  geom best   vs   233   63K    2458 19089   878    4.11    4.02   132   191 18022    78   27.08   26.98
c rst  geom best   vs   234   63K    2458 19089   878    4.11    4.02   132   193 18214    78   27.02   26.91
c rst  geom best   vs   235   64K    2458 19089   878    4.11    4.02   133   201 18418    78   26.92   26.81
c rst  geom best   vs   236   64K    2458 19089   878    4.11    4.02   133   203 18650    78   26.82   26.72
c rst  geom best   vs   237   64K    2458 19089   878    4.11    4.02   136   204 18903    78   26.70   26.60
c rst  geom best   vs   238   64K    2458 19089   878    4.11    4.02   137   205 19183    78   26.64   26.55
c rst  geom best   vs   239   65K    2458 19089   878    4.11    4.02   138   205 19493    78   26.49   26.40
c rst  geom best   vs   240   65K    2458 19089   878    4.11    4.02   138   208 19830    78   26.35   26.26
c rst  geom best   vs   241   65K    2458 19089   878    4.11    4.02   140   211   20K    78   26.19   26.09
c rst  geom best   vs   242   66K    2458 19089   878    4.11    4.02   140   218   20K    78   26.03   25.94
c [distill-long-red0] cls tried: 43/43 T: 0.00 T-out: N T-r: 99.94%
c [distill-long-red1] cls tried: 107/107 T: 0.00 T-out: N T-r: 44.06%
c rst  geom best   vs   243   66K    2458 19089   878    4.11    4.02   139   222   21K    80   25.83   25.75
c rst  geom  stb   vs   244   67K    2458 19089   878    4.11    4.02   140   229   21K    80   25.62   25.54
c rst  geom  stb   vs   245   67K    2458 19089   878    4.11    4.02   140   235   22K    80   25.37   25.28
c rst  geom  stb   vs   246   68K    2458 19089   878    4.11    4.02   141   248   22K    80   25.27   25.19
c rst  geom  stb   vs   247   69K    2458 19089   878    4.11    4.02   147   258   23K    80   25.25   25.17
c rst  geom  stb   vs   248   69K    2458 19089   878    4.11    4.02   148   267   24K    80   25.28   25.20
c rst  geom  stb   vs   249   70K    2458 19089   878    4.11    4.02   204   217   24K    80   25.27   25.19
c rst  geom  stb   vs   250   71K    2458 19089   878    4.11    4.02   204   236   25K    80   25.17   25.10
c rst  geom  stb   vs   251   72K    2458 19089   878    4.11    4.02   204   250   26K    81   25.14   25.07
c rst  geom  stb   vs   252   73K    2458 19089   878    4.11    4.02   204   261   27K    81   25.09   25.03
c [distill-bin] useful: 0/878/878 lits-rem: 0 cl-rem: 0 0-depth-assigns: 0 T: 0.01 T-out: N
c rst  geom ibes   vs   253   74K    2458 19089   878    4.11    4.02   204   266   28K    81   24.62   24.56
c rst  geom ibes   vs   254   75K    2458 19089   878    4.11    4.02   219   509   28K    81   23.02   22.97
c [branch] adjusting to: vmtf (from: vsid) var_decay:0.95 descr: VMTF
c rst  luby ibes  vmt   255   76K    2458 19089   878    4.11    4.02   219   509   28K    81   23.00   22.95
c rst  luby ibes  vmt   256   76K    2458 19089   878    4.11    4.02   219   509   28K    81   22.99   22.93
c rst  luby ibes  vmt   257   76K    2458 19089   878    4.11    4.02   219   509   28K    81   23.03   22.97
c rst  luby ibes  vmt   258   76K    2458 19089   878    4.11    4.02   219   509   28K    81   23.01   22.96
c rst  luby ibes  vmt   259   76K    2458 19089   878    4.11    4.02   219   509   28K    81   23.00   22.94
c rst  luby ibes  vmt   260   76K    2458 19089   878    4.11    4.02   219   509   29K    81   22.97   22.92
c rst  luby ibes  vmt   261   77K    2458 19089   878    4.11    4.02   219   509   29K    81   22.98   22.92
c [distill] watch-based irred--  cl tried     7658 cl-sh   140 cl-rem  152 lit-rem    146 T: 0.01 T-out: N
c [distill] watch-based   red--  cl tried      438 cl-sh    17 cl-rem    0 lit-rem    185 T: 0.00 T-out: N
c rst  luby ibes  vmt   262   77K    2458 18936   889    4.11    4.01   219   509   29K    71   22.98   22.93
c rst  luby ibes  vmt   263   77K    2458 18936   889    4.11    4.01   219   509   29K    71   22.96   22.91
c rst  luby ibes  vmt   264   77K    2458 18936   889    4.11    4.01   219   509   29K    71   22.90   22.85
c rst  luby ibes  vmt   265   77K    2458 18936   889    4.11    4.01   219   509   30K    71   22.88   22.83
c rst  luby ibes  vmt   266   77K    2458 18936   889    4.11    4.01   219   509   30K    71   22.85   22.80
c rst  luby ibes  vmt   267   77K    2458 18936   889    4.11    4.01   219   509   30K    71   22.79   22.75
c rst  luby ibes  vmt   268   78K    2458 18936   889    4.11    4.01   219   509   30K    71   22.69   22.64
c rst  luby ibes  vmt   269   79K    2458 18936   889    4.11    4.01   219   509   31K    71   22.56   22.51
c rst  luby ibes  vmt   270   79K    2458 18936   889    4.11    4.01   219   509   31K    71   22.54   22.50
c rst  luby ibes  vmt   271   79K    2458 18936   889    4.11    4.01   219   509   31K    71   22.52   22.48
c rst  luby  svd  vmt   272   79K    2458 18936   889    4.11    4.01   219   509   31K    71   22.52   22.48
c rst  luby  svd  vmt   273   79K    2458 18936   889    4.11    4.01   219   509   32K    71   22.54   22.50
c rst  luby  svd  vmt   274   79K    2458 18936   889    4.11    4.01   219   509   32K    71   22.54   22.50
c rst  luby  svd  vmt   275   79K    2458 18936   889    4.11    4.01   219   509   32K    71   22.55   22.50
c rst  luby  svd  vmt   276   80K    2458 18936   889    4.11    4.01   251   431   32K    71   22.56   22.52
c rst  luby  svd  vmt   277   80K    2458 18936   889    4.11    4.01   251   431   32K    71   22.59   22.55
c rst  luby  svd  vmt   278   80K    2458 18936   889    4.11    4.01   251   431   32K    71   22.61   22.57
c rst  luby  svd  vmt   279   80K    2458 18936   889    4.11    4.01   251   431   33K    71   22.62   22.58
c rst  luby  svd  vmt   280   80K    2458 18936   889    4.11    4.01   251   431   33K    71   22.62   22.58
c rst  luby  svd  vmt   281   81K    2458 18936   889    4.11    4.01   251   431   33K    71   22.64   22.60
c rst  luby  svd  vmt   282   81K    2458 18936   889    4.11    4.01   251   431   33K    71   22.81   22.77
c [full-probe]  bin_only: 0 set: 0 repl: 0 T: 0.01 T-out: N T-r: 98.05%
c rst  luby  svd  vmt   283   81K    2458 18936   889    4.11    4.01   251   431   33K    73   22.93   22.89
c [distill-long-red0] cls tried: 74/74 T: 0.00 T-out: N T-r: 99.84%
c [distill-long-red1] cls tried: 48/301 T: 0.01 T-out: Y T-r: -3.08%
c rst  luby  svd  vmt   284   82K    2458 18936   889    4.11    4.01   251   431   34K    73   22.96   22.92
c rst  luby  svd  vmt   285   84K    2458 18936   889    4.11    4.01   251   431   36K    73   23.47   23.43
c rst  luby  svd  vmt   286   84K    2458 18936   889    4.11    4.01   251   431   36K    73   23.48   23.43
c rst  luby  svd  vmt   287   84K    2458 18936   889    4.11    4.01   251   431   36K    73   23.48   23.43
c rst  luby  svd  vmt   288   84K    2458 18936   889    4.11    4.01   251   431   36K    73   23.49   23.45
c rst  luby  svd  vmt   289   84K    2458 18936   889    4.11    4.01   251   431   36K    73   23.50   23.45
c rst  luby  svd  vmt   290   84K    2458 18936   889    4.11    4.01   251   431   37K    73   23.50   23.46
c rst  luby  svd  vmt   291   84K    2458 18936   889    4.11    4.01   251   431   37K    73   23.54   23.50
c rst  luby  svd  vmt   292   85K    2458 18936   889    4.11    4.01   251   431   37K    73   23.54   23.50
c rst  luby  svd  vmt   293   85K    2458 18936   889    4.11    4.01   251   431   37K    73   23.54   23.50
c rst  geom best  vmt   294   85K    2458 18936   889    4.11    4.01   251   431   37K    73   23.55   23.51
c rst  geom best  vmt   295   85K    2458 18936   889    4.11    4.01   251   431   37K    73   23.54   23.50
c rst  geom best  vmt   296   85K    2458 18936   889    4.11    4.01   251   431   38K    73   23.53   23.49
c rst  geom best  vmt   297   85K    2458 18936   889    4.11    4.01   251   431   38K    73   23.51   23.47
c rst  geom best  vmt   298   85K    2458 18936   889    4.11    4.01   251   431   38K    73   23.49   23.45
c rst  geom best  vmt   299   86K    2458 18936   889    4.11    4.01   251   431   38K    73   23.50   23.46
c rst  geom best  vmt   300   86K    2458 18936   889    4.11    4.01   251   431   38K    73   23.52   23.48
c rst  geom best  vmt   301   86K    2458 18936   889    4.11    4.01   251   431   38K    73   23.54   23.50
c rst  geom best  vmt   302   86K    2458 18936   889    4.11    4.01   251   431   39K    73   23.50   23.46
c rst  geom best  vmt   303   87K    2458 18936   889    4.11    4.01   251   431   39K    73   23.46   23.42
c rst  geom best  vmt   304   87K    2458 18936   889    4.11    4.01   251   431   39K    73   23.41   23.37
c rst  geom best  vmt   305   87K    2458 18936   889    4.11    4.01   251   431   40K    73   23.35   23.31
c [branch] adjusting to: vsid (from: vmtf) var_decay:0.95 descr: VSIDS
c rst  geom best   vs   306   87K    2458 18936   889    4.11    4.01   251   431   40K    73   23.34   23.31
c rst  geom best   vs   307   87K    2458 18936   889    4.11    4.01   251   437   40K    73   23.33   23.29
c rst  geom best   vs   308   88K    2458 18936   889    4.11    4.01   251   438   40K    73   23.30   23.27
c rst  geom best   vs   309   88K    2458 18936   889    4.11    4.01   251   439   40K    73   23.27   23.24
c rst  geom best   vs   310   88K    2458 18936   889    4.11    4.01   251   440   40K    73   23.25   23.22
c [ccnr] tries: 0 steps: 262143 best found: 14
c [ccnr] tries: 0 steps: 524287 best found: 11
c [ccnr] saving best assignment phase to stable_polar
c [ccnr] bumping based on var unsat frequency: conflict_ct
c [ccnr] Bumped vars: 2769 bump type: 6
c [ccnr] time: 0.50
c rst  geom best   vs   311   88K    2458 18936   889    4.11    4.01   251   441   40K    73   23.22   23.18
c rst  geom best   vs   312   88K    2458 18936   889    4.11    4.01   251   441   41K    73   23.18   23.14
c rst  geom best   vs   313   88K    2458 18936   889    4.11    4.01   251   442   41K    73   23.14   23.10
c rst  geom best   vs   314   89K    2458 18936   889    4.11    4.01   251   443   41K    73   23.10   23.07
c rst  geom best   vs   315   89K    2458 18936   889    4.11    4.01   251   443   41K    73   23.06   23.02
c rst  geom best   vs   316   89K    2458 18936   889    4.11    4.01   251   446   42K    73   23.02   22.98
c rst  geom best   vs   317   90K    2458 18936   889    4.11    4.01   273   471   33K    73   22.90   22.86
c rst  geom best   vs   318   90K    2458 18936   889    4.11    4.01   273   471   33K    73   22.82   22.78
c rst  geom best   vs   319   90K    2458 18936   889    4.11    4.01   273   474   34K    73   22.74   22.70
c rst  geom best   vs   320   91K    2458 18936   889    4.11    4.01   273   482   34K    73   22.72   22.68
c rst  geom best   vs   321   91K    2458 18936   889    4.11    4.01   273   484   35K    73   22.61   22.57
c rst  geom  stb   vs   322   92K    2458 18936   889    4.11    4.01   273   485   35K    73   22.49   22.45
c rst  geom  stb   vs   323   92K    2458 18936   889    4.11    4.01   273   491   36K    73   22.45   22.41
c rst  geom  stb   vs   324   93K    2458 18936   889    4.11    4.01   273   494   36K    73   22.36   22.32
c rst  geom  stb   vs   325   93K    2458 18936   889    4.11    4.01   273   500   37K    73   22.41   22.37
c [distill-bin] useful: 0/889/889 lits-rem: 0 cl-rem: 0 0-depth-assigns: 0 T: 0.01 T-out: N
c rst  geom  stb   vs   326   94K    2458 18936   889    4.11    4.01   273   502   38K    73   22.34   22.30
c rst  geom  stb   vs   327   95K    2458 18936   889    4.11    4.01   273   503   38K    73   22.23   22.19
c rst  geom  stb   vs   328   96K    2458 18936   889    4.11    4.01   273   511   39K    73   22.17   22.13
c rst  geom  stb   vs   329   97K    2458 18936   889    4.11    4.01   276   537   40K    73   22.22   22.19
c [distill-long-red0] cls tried: 20/20 T: 0.00 T-out: N T-r: 99.89%
c [distill-long-red1] cls tried: 39/364 T: 0.01 T-out: Y T-r: -3.71%
c rst  geom  stb   vs   330   98K    2458 18936   889    4.11    4.01   276   548   41K    73   22.21   22.18
c rst  geom ibes   vs   331   99K    2458 18936   889    4.11    4.01   276   557   42K    73   21.96   21.93
c rst  geom ibes   vs   332  100K    2458 18936   889    4.11    4.01   375   456   44K    73   21.70   21.67
c [impl-str] lit bin: 0 set-var: 0 T: 0.00 T-out: N T-r: 99.95% w-visit: 5538
c [impl-sub] bin: 2 T: 0.00 T-out: N w-visit: 5538
c rst  geom ibes   vs   333  102K    2458 18936   889    4.11    4.01   376   467   45K    71   21.42   21.39
c [branch] adjusting to: vmtf (from: vsid) var_decay:0.95 descr: VMTF
c [full-probe]  bin_only: 1 set: 0 repl: 0 T: 0.01 T-out: N T-r: 99.70%
c rst  luby ibes  vmt   334  102K    2458 18936   889    4.11    4.01   388   491   45K    86   21.59   21.55
c [distill] watch-based irred--  cl tried     7504 cl-sh     0 cl-rem    0 lit-rem      0 T: 0.02 T-out: N
c [distill] watch-based   red--  cl tried      776 cl-sh    14 cl-rem    0 lit-rem     41 T: 0.00 T-out: N
c rst  luby ibes  vmt   335  102K    2458 18936   889    4.11    4.01   388   493   45K    86   21.62   21.59
c rst  luby ibes  vmt   336  102K    2458 18936   889    4.11    4.01   388   493   45K    86   21.67   21.64
c rst  luby ibes  vmt   337  102K    2458 18936   889    4.11    4.01   388   493   45K    86   21.66   21.63
c rst  luby ibes  vmt   338  102K    2458 18936   889    4.11    4.01   388   493   46K    86   21.65   21.62
c rst  luby ibes  vmt   339  102K    2458 18936   889    4.11    4.01   388   493   46K    86   21.63   21.60
c rst  luby ibes  vmt   340  103K    2458 18936   889    4.11    4.01   388   493   46K    86   21.59   21.55
c rst  luby ibes  vmt   341  103K    2458 18936   889    4.11    4.01   388   493   46K    86   21.58   21.54
c rst  luby ibes  vmt   342  103K    2458 18936   889    4.11    4.01   388   493   46K    86   21.57   21.54
c rst  luby ibes  vmt   343  103K    2458 18936   889    4.11    4.01   388   493   47K    86   21.58   21.54
c rst  luby ibes  vmt   344  103K    2458 18936   889    4.11    4.01   388   493   47K    86   21.57   21.53
c rst  luby ibes  vmt   345  103K    2458 18936   889    4.11    4.01   388   493   47K    86   21.55   21.52
c rst  luby ibes  vmt   346  104K    2458 18936   889    4.11    4.01   388   493   47K    86   21.53   21.49
c rst  luby ibes  vmt   347  104K    2458 18936   889    4.11    4.01   388   493   47K    86   21.51   21.47
c rst  luby  svd  vmt   348  105K    2458 18936   889    4.11    4.01   404   687   36K    87   20.55   20.50
c rst  luby  svd  vmt   349  105K    2458 18936   889    4.11    4.01   404   687   36K    87   20.58   20.53
c rst  luby  svd  vmt   350  105K    2458 18936   889    4.11    4.01   404   687   36K    87   20.59   20.55
c rst  luby  svd  vmt   351  105K    2458 18936   889    4.11    4.01   404   687   36K    87   20.63   20.59
c rst  luby  svd  vmt   352  105K    2458 18936   889    4.11    4.01   404   687   36K    87   20.66   20.62
c rst  luby  svd  vmt   353  105K    2458 18936   889    4.11    4.01   404   687   37K    87   20.67   20.62
c rst  luby  svd  vmt   354  106K    2458 18936   889    4.11    4.01   404   687   37K    87   20.68   20.64
c rst  luby  svd  vmt   355  106K    2458 18936   889    4.11    4.01   404   687   37K    87   20.89   20.85
c rst  luby  svd  vmt   356  106K    2458 18936   889    4.11    4.01   404   687   37K    87   20.92   20.87
c rst  luby  svd  vmt   357  106K    2458 18936   889    4.11    4.01   404   687   37K    87   20.93   20.88
c rst  luby  svd  vmt   358  106K    2458 18936   889    4.11    4.01   404   687   38K    87   20.95   20.91
c rst  luby  svd  vmt   359  107K    2458 18936   889    4.11    4.01   404   687   38K    87   20.97   20.93
c rst  luby  svd  vmt   360  107K    2458 18936   889    4.11    4.01   404   687   38K    87   20.99   20.95
c rst  luby  svd  vmt   361  107K    2458 18936   889    4.11    4.01   404   687   38K    87   21.01   20.97
c rst  luby  svd  vmt   362  107K    2458 18936   889    4.11    4.01   404   687   38K    87   21.16   21.12
c rst  luby  svd  vmt   363  108K    2458 18936   889    4.11    4.01   404   687   39K    87   21.37   21.33
c rst  luby  svd  vmt   364  110K    2458 18936   889    4.11    4.01   430   661   41K    87   21.48   21.44
c rst  luby  svd  vmt   365  110K    2458 18936   889    4.11    4.01   433   662   41K    87   21.49   21.45
c rst  luby  svd  vmt   366  110K    2458 18936   889    4.11    4.01   433   662   41K    87   21.53   21.49
c rst  luby  svd  vmt   367  110K    2458 18936   889    4.11    4.01   434   662   41K    88   21.56   21.52
c rst  luby  svd  vmt   368  110K    2458 18936   889    4.11    4.01   434   662   41K    88   21.58   21.54
c rst  geom best  vmt   369  110K    2458 18936   889    4.11    4.01   434   662   41K    88   21.59   21.55
c rst  geom best  vmt   370  110K    2458 18936   889    4.11    4.01   434   662   42K    88   21.59   21.55
c rst  geom best  vmt   371  111K    2458 18936   889    4.11    4.01   434   662   42K    88   21.58   21.54
c rst  geom best  vmt   372  111K    2458 18936   889    4.11    4.01   434   662   42K    88   21.57   21.53
c rst  geom best  vmt   373  111K    2458 18936   889    4.11    4.01   434   662   42K    88   21.56   21.52
c rst  geom best  vmt   374  111K    2458 18936   889    4.11    4.01   434   662   42K    88   21.54   21.50
c rst  geom best  vmt   375  111K    2458 18936   889    4.11    4.01   434   662   42K    88   21.53   21.49
c rst  geom best  vmt   376  111K    2458 18936   889    4.11    4.01   434   662   43K    88   21.51   21.48
c rst  geom best  vmt   377  112K    2458 18936   889    4.11    4.01   434   662   43K    88   21.51   21.47
c rst  geom best  vmt   378  112K    2458 18936   889    4.11    4.01   434   662   43K    88   21.50   21.46
c [distill-long-red0] cls tried: 155/155 T: 0.02 T-out: N T-r: 99.49%
c [distill-long-red1] cls tried: 31/464 T: 0.01 T-out: Y T-r: -4.10%
c rst  geom best  vmt   379  112K    2458 18936   889    4.11    4.01   433   662   43K    89   21.49   21.45
c rst  geom best  vmt   380  113K    2458 18936   889    4.11    4.01   433   662   44K    89   21.51   21.47
c rst  geom best  vmt   381  113K    2458 18936   889    4.11    4.01   433   662   44K    89   21.52   21.49
c rst  geom best  vmt   382  113K    2458 18936   889    4.11    4.01   433   662   44K    89   21.50   21.47
c rst  geom best  vmt   383  114K    2458 18936   889    4.11    4.01   433   662   45K    89   21.53   21.49
c [distill-bin] useful: 0/889/889 lits-rem: 0 cl-rem: 0 0-depth-assigns: 0 T: 0.01 T-out: N
c rst  geom best  vmt   384  114K    2458 18936   889    4.11    4.01   433   662   45K    89   21.55   21.51
c rst  geom best  vmt   385  115K    2458 18936   889    4.11    4.01   433   662   46K    89   21.57   21.54
c rst  geom best  vmt   386  115K    2458 18936   889    4.11    4.01   433   662   46K    89   21.65   21.61
c [gauss] XOR-encoding clauses are not detached, so no need to reattach them.
c [g 0] truth-find prop checks  : 1766K
c [g 0] -> of which prop        : 29.05 %
c [g 0] -> of which confl       :  1.59 %
c [g 0] elim called             : 379K
c [g 0] ---> which lead to prop : 28.03 %
c [g 0] ---> which lead to confl:  1.59 %
c [g 0] size: 41    x 453  
c [scc] new: 2 BP 0M T: 0.00
c [vrep] vars 2 lits 5179 rem-bin-cls 12 rem-long-cls 0 BP 0M T: 0.01
c [scc] new: 0 BP 0M T: 0.00
c [vrep] vars 0 lits 0 rem-bin-cls 0 rem-long-cls 0 BP 0M T: 0.00
c [intree] Set 0 vars hyper-added: 58 trans-irred: 0 trans-red: 0 T: 0.01 T-out: N T-r: -1.20%
c [find&init matx] performing matrix init
c [gauss] XOR-encoding clauses are not detached, so no need to reattach them.
c [xor-rem-unconnected] left with 1883 xors from 1883 non-empty xors T: 0.00
c [xor-together] xored together: 1838 orig xors: 1883 new xors: 45 T: 0.00
c [xor-rem-unconnected] left with 45 xors from 45 non-empty xors T: 0.00
c [xor-clean-equiv] removed equivalent xors: 0 left with: 45
c [matrix] unused xors from cleaning: 0
c [matrix] Good   matrix 0 45      x455    density:0.1891  xorlen avg: 86.02
c [matrix] Using 1 matrices recovered from 0 xors T: 0.00 T-out: N
c rst  geom best vmt  387   116 K 2456    18936   887 4.11    4.01      433   662   47K   141 21.72   21.66  
c rst  geom best vmt  388   116 K 2456    18936   887 4.11    4.01      433   662   48K   141 21.68   21.63  
c rst  geom stb  vmt  389   117 K 2456    18936   887 4.11    4.01      435   677   48K   141 21.86   21.80  
c [branch] adjusting to: vsid (from: vmtf) var_decay:0.95 descr: VSIDS
c rst  geom stb  vs   390   117 K 2456    18936   887 4.11    4.01      436   677   48K   141 21.86   21.81  
c rst  geom stb  vs   391   117 K 2456    18936   887 4.11    4.01      436   684   48K   141 21.88   21.83  
c rst  geom stb  vs   392   117 K 2456    18936   887 4.11    4.01      437   687   49K   141 21.88   21.82  
c rst  geom stb  vs   393   118 K 2456    18936   887 4.11    4.01      437   692   49K   141 21.89   21.84  
c rst  geom stb  vs   394   118 K 2456    18936   887 4.11    4.01      438   693   49K   141 21.91   21.85  
c rst  geom stb  vs   395   118 K 2456    18936   887 4.11    4.01      439   697   49K   141 21.89   21.83  
c rst  geom stb  vs   396   118 K 2456    18936   887 4.11    4.01      439   701   49K   141 21.89   21.84  
c rst  geom stb  vs   397   118 K 2456    18936   887 4.11    4.01      439   702   49K   141 21.87   21.82  
c rst  geom stb  vs   398   119 K 2456    18936   887 4.11    4.01      439   704   50K   141 21.85   21.79  
c rst  geom stb  vs   399   119 K 2456    18936   887 4.11    4.01      439   707   50K   141 21.84   21.78  
c rst  geom stb  vs   400   119 K 2456    18936   887 4.11    4.01      439   708   50K   141 21.84   21.78  
c rst  geom stb  vs   401   119 K 2456    18936   887 4.11    4.01      439   709   51K   141 21.82   21.76  
c rst  geom stb  vs   402   120 K 2456    18936   887 4.11    4.01      481   748   37K   141 21.68   21.61  
c rst  geom stb  vs   403   120 K 2456    18936   887 4.11    4.01      482   748   37K   141 21.65   21.58  
c rst  geom stb  vs   404   121 K 2456    18936   887 4.11    4.01      483   760   38K   141 21.64   21.57  
c rst  geom stb  vs   405   121 K 2456    18936   887 4.11    4.01      483   767   38K   141 21.64   21.57  
c rst  geom stb  vs   406   122 K 2456    18936   887 4.11    4.01      483   771   39K   141 21.59   21.52  
c rst  geom stb  vs   407   122 K 2456    18936   887 4.11    4.01      484   786   39K   141 21.58   21.51  
c [full-probe]  bin_only: 0 set: 0 repl: 0 T: 0.01 T-out: N T-r: 97.75%
c rst  geom stb  vs   408   123 K 2456    18936   887 4.11    4.01      484   794   40K   143 21.50   21.44  
c rst  geom ibes vs   409   123 K 2456    18936   887 4.11    4.01      484   796   41K   143 21.38   21.32  
c rst  geom ibes vs   410   124 K 2456    18936   887 4.11    4.01      485   809   41K   143 21.26   21.19  
c rst  geom ibes vs   411   125 K 2456    18936   887 4.11    4.01      486   809   42K   143 21.11   21.05  
c rst  geom ibes vs   412   126 K 2456    18936   887 4.11    4.01      487   814   43K   143 20.96   20.90  
c [g  <0] Disabling GJ-elim in this round.  Usefulness was: 19.6807%  over 653665 calls
c rst  geom ibes vs   413   127 K 2456    18936   887 4.11    4.01      487   821   44K   143 20.81   20.75  
c rst  geom ibes vs   414   128 K 2456    18936   887 4.11    4.01      487   823   45K   143 20.83   20.77  
c [distill-long-red0] cls tried: 52/52 T: 0.01 T-out: N T-r: 99.79%
c [distill-long-red1] cls tried: 29/598 T: 0.01 T-out: Y T-r: -5.96%
c [distill] watch-based irred--  cl tried 7503     cl-sh 0     cl-rem 1    lit-rem 0      T: 0.01 T-out: N
c [distill] watch-based red  --  cl tried 970      cl-sh 21    cl-rem 4    lit-rem 69     T: 0.00 T-out: N
c rst  geom ibes vs   415   129 K 2456    18935   888 4.11    4.01      485   825   46K   142 20.69   20.64  
c rst  geom ibes vs   416   130 K 2456    18935   888 4.11    4.01      567   742   47K   142 20.66   20.61  
c rst  geom svd  vs   417   132 K 2456    18935   888 4.11    4.01      567   751   49K   142 20.54   20.49  
c rst  geom svd  vs   418   133 K 2456    18935   888 4.11    4.01      567   769   50K   142 20.38   20.33  
c [ccnr] tries: 0 steps: 262143 best found: 15
c [ccnr] tries: 0 steps: 524287 best found: 11
c [ccnr] saving best assignment phase to stable_polar
c [ccnr] bumping based on var unsat frequency: conflict_ct
c [ccnr] Bumped vars: 2769 bump type: 6
c [ccnr] time: 0.53
c rst  geom svd  vs   419   134 K 2456    18935   888 4.11    4.01      567   773   51K   142 20.35   20.31  
c recursive minimization cost OK: 324Kcost/(% lits removed)
c [gauss] XOR-encoding clauses are not detached, so no need to reattach them.
c [g 0] truth-find prop checks  : 468K
c [g 0] -> of which prop        : 18.84 %
c [g 0] -> of which confl       :  1.19 %
c [g 0] elim called             : 113K
c [g 0] ---> which lead to prop : 28.91 %
c [g 0] ---> which lead to confl:  1.67 %
c [g 0] size: 45    x 455  
c --> Executing strategy token: scc-vrepl
c [scc] new: 2 BP 0M T: 0.00
c [vrep] vars 2 lits 9427 rem-bin-cls 10 rem-long-cls 0 BP 0M T: 0.01
c --> Executing strategy token: sub-impl
c [impl-sub] bin: 19 T: 0.00 T-out: N w-visit: 5538
c --> Executing strategy token: breakid
c --> Executing OCC strategy token(s): 'occ-backw-sub-str,occ-clean-implicit,occ-bve,occ-bva,occ-ternary-res,occ-xor,'
c [occ] mem usage for occur 1      MB
c [occ] Linked in IRRED BIN by default: 884
c [occ] Linked in RED   BIN by default: 121
c [occ] mem usage for occur 0      MB
c Mem for watch alloc      : 7           MB (24.36     %)
c Mem for watch array      : 0           MB (0.41      %)
c --> Executing OCC strategy token: occ-backw-sub-str
c [occ-backw-sub-str-long-w-bins] subs: 0 str: 21 tried: 4811 0-depth ass: 0 T: 0.00 T-out: N T-r: 99.58%
c [occ-backw-sub-long-w-long] rem cl: 675 tried: 71822/71822 (100.0%) T: 0.02 T-out: N T-r: 86.00%
c [occ-backw-sub-str-long-w-long] sub: 2 str: 116 tried: 215466/71822 (300.0)  T: 0.10 T-out: N T-r: 76.53%
c --> Executing OCC strategy token: occ-clean-implicit
c --> Executing OCC strategy token: occ-bve
c [occ-empty-res] Empty resolvent elimed: 0 T: 0.00 T-out: N
c [occ-bve] iter v-elim 0
c cl_inc_rate=1.0, var_dec_rate=1.0 (grow=0)
c Reduced to 2454 vars, 19259 cls (grow=0)
c [occ-bve] iter v-elim 7
c cl_inc_rate=1.0, var_dec_rate=1.0 (grow=8)
c Reduced to 2447 vars, 19236 cls (grow=8)
c [occ-bve] iter v-elim 949
c cl_inc_rate=1.8, var_dec_rate=1.6 (grow=16)
c Reduced to 1498 vars, 34265 cls (grow=16)
c x n vars       : 1498
c #try to eliminate:  8783
c #var-elim        :   956
c #T-o: N
c #T-r: 99.82%
c #T  : 0.33
c [occur] 0.02 is overhead
c [occur] link-in T: 0.02 cleanup T: 0.00
c --> Executing OCC strategy token: occ-bva
c --> Executing OCC strategy token: occ-ternary-res
c [occ-ternary-res] Ternary res-tri: 0 res-bin: 0 sub: 0 str: 0 T: 0.00 T-out: N T-r: 99.54%
c --> Executing OCC strategy token: occ-xor
c [occ-xor] sort occur list T: 0.00
c [xor-clean-equiv] removed equivalent xors: 0 left with: 957
c [occ-xor] found    957 avg sz 5.9 min sz  4 max sz  6 T: 0.01 T-out: N T-r: 99.97%
c --> Executing strategy token: card-find
c --> Executing strategy token: cl-consolidate
c Not consolidating memory.
c --> Executing strategy token: scc-vrepl
c [scc] new: 0 BP 0M T: 0.00
c --> Executing strategy token: renumber
c [gauss] XOR-encoding clauses are not detached, so no need to reattach them.
c [renumber] T: 0.01
c --> Executing strategy token: bosphorus
c --> Executing strategy token: louvain-comms
c [consolidate] mini T: 0.00
c global_timeout_multiplier: 3.6300
c [branch] rebuilding order heap for all branchings. Current branching: vsid
c [find&init matx] performing matrix init
c [gauss] XOR-encoding clauses are not detached, so no need to reattach them.
c [xor-rem-unconnected] left with 957 xors from 957 non-empty xors T: 0.00
c [xor-together] xored together: 910 orig xors: 957 new xors: 47 T: 0.00
c [xor-rem-unconnected] left with 47 xors from 47 non-empty xors T: 0.00
c [xor-clean-equiv] removed equivalent xors: 0 left with: 47
c [matrix] unused xors from cleaning: 0
c [matrix] Good   matrix  0     47 x  454  density:0.1813  xorlen avg: 82.32
c [matrix] Using 1 matrices recovered from 0 xors T: 0.00 T-out: N
c [distill-bin] useful: 2/788/788 lits-rem: 0 cl-rem: 2 0-depth-assigns: 0 T: 0.01 T-out: N
c rst  geom  svd   vs   420  135K    1498   33K   786    5.84    5.75   382   753   36K   107   19.59   19.54
c [branch] adjusting to: vmtf (from: vsid) var_decay:0.95 descr: VMTF
c rst  luby  svd  vmt   421  135K    1498   33K   786    5.84    5.75   389   786   36K   107   19.57   19.52
c rst  luby  svd  vmt   422  135K    1498   33K   786    5.84    5.75   389   796   36K   107   19.62   19.57
c rst  luby  svd  vmt   423  135K    1498   33K   786    5.84    5.75   389   797   37K   107   19.81   19.76
c rst  luby  svd  vmt   424  135K    1498   33K   786    5.84    5.75   389   797   37K   107   19.86   19.81
c rst  luby  svd  vmt   425  135K    1498   33K   786    5.84    5.75   389   797   37K   107   19.91   19.86
c rst  luby  svd  vmt   426  136K    1498   33K   786    5.84    5.75   389   797   37K   107   19.97   19.93
c rst  luby  svd  vmt   427  136K    1498   33K   786    5.84    5.75   390   798   37K   107   20.10   20.05
c rst  luby  svd  vmt   428  136K    1498   33K   786    5.84    5.75   390   798   37K   107   20.12   20.07
c rst  luby  svd  vmt   429  136K    1498   33K   786    5.84    5.75   390   798   38K   107   20.14   20.09
c rst  luby  svd  vmt   430  136K    1498   33K   786    5.84    5.75   391   798   38K   107   20.17   20.12
c rst  luby  svd  vmt   431  137K    1498   33K   786    5.84    5.75   391   798   38K   107   20.21   20.16
c rst  geom best  vmt   432  137K    1498   33K   786    5.84    5.75   391   798   38K   107   20.21   20.16
c rst  geom best  vmt   433  137K    1498   33K   786    5.84    5.75   391   798   38K   107   20.22   20.17
c rst  geom best  vmt   434  137K    1498   33K   786    5.84    5.75   391   798   38K   107   20.23   20.18
c rst  geom best  vmt   435  137K    1498   33K   786    5.84    5.75   391   798   38K   107   20.26   20.21
c rst  geom best  vmt   436  137K    1498   33K   786    5.84    5.75   391   800   39K   107   20.27   20.22
c rst  geom best  vmt   437  137K    1498   33K   786    5.84    5.75   392   801   39K   107   20.32   20.27
c rst  geom best  vmt   438  138K    1498   33K   786    5.84    5.75   392   801   39K   107   20.39   20.34
c rst  geom best  vmt   439  138K    1498   33K   786    5.84    5.75   392   801   39K   107   20.46   20.41
c rst  geom best  vmt   440  138K    1498   33K   786    5.84    5.75   392   801   39K   107   20.47   20.42
c rst  geom best  vmt   441  138K    1498   33K   786    5.84    5.75   392   801   40K   107   20.50   20.45
c rst  geom best  vmt   442  139K    1498   33K   786    5.84    5.75   392   801   40K   107   20.51   20.46
c rst  geom best  vmt   443  139K    1498   33K   786    5.84    5.75   392   801   40K   107   20.59   20.54
c rst  geom best  vmt   444  139K    1498   33K   786    5.84    5.75   392   801   41K   107   20.69   20.65
c rst  geom best  vmt   445  140K    1498   33K   786    5.84    5.75   410   767   41K   107   20.74   20.69
c rst  geom best  vmt   446  140K    1498   33K   786    5.84    5.75   410   767   41K   107   20.70   20.65
c rst  geom best  vmt   447  140K    1498   33K   786    5.84    5.75   410   767   42K   107   20.70   20.65
c rst  geom best  vmt   448  141K    1498   33K   786    5.84    5.75   411   767   42K   107   20.79   20.74
c rst  geom best  vmt   449  141K    1498   33K   786    5.84    5.75   411   767   43K   107   20.94   20.89
c rst  geom best  vmt   450  142K    1498   33K   786    5.84    5.75   411   767   43K   107   21.05   21.00
c [full-probe]  bin_only: 1 set: 0 repl: 0 T: 0.01 T-out: N T-r: 99.82%
c rst  geom best  vmt   451  143K    1498   33K   786    5.84    5.75   411   767   44K   107   21.12   21.07
c [distill-long-red0] cls tried: 129/129 T: 0.02 T-out: N T-r: 99.50%
c [distill-long-red1] cls tried: 28/592 T: 0.01 T-out: Y T-r: -3.50%
c rst  geom best  vmt   452  143K    1498   33K   786    5.84    5.75   410   767   45K   108   21.17   21.13
c rst  geom  stb  vmt   453  144K    1498   33K   786    5.84    5.75   410   767   46K   108   21.51   21.47
c rst  geom  stb  vmt   454  145K    1498   33K   786    5.84    5.75   411   767   47K   108   21.78   21.73
c rst  geom  stb  vmt   455  146K    1498   33K   786    5.84    5.75   411   774   47K   108   22.06   22.01
c rst  geom  stb  vmt   456  147K    1498   33K   786    5.84    5.75   411   775   49K   108   22.30   22.26
c rst  geom  stb  vmt   457  148K    1498   33K   786    5.84    5.75   411   775   50K   108   22.68   22.63
c rst  geom  stb  vmt   458  150K    1498   33K   786    5.84    5.75   412   778   37K   108   23.39   23.34
c rst  geom  stb  vmt   459  151K    1498   33K   786    5.84    5.75   415   790   38K   108   23.78   23.72
c rst  geom ibes  vmt   460  153K    1498   33K   786    5.84    5.75   415   791   40K   108   24.03   23.97
c rst  geom ibes  vmt   461  154K    1498   33K   786    5.84    5.75   416   792   42K   108   24.23   24.17
c [branch] adjusting to: vsid (from: vmtf) var_decay:0.95 descr: VSIDS
c [distill-bin] useful: 0/786/786 lits-rem: 0 cl-rem: 0 0-depth-assigns: 0 T: 0.01 T-out: N
c [distill] watch-based irred--  cl tried     7098 cl-sh     0 cl-rem    0 lit-rem      0 T: 0.01 T-out: N
c [distill] watch-based   red--  cl tried      832 cl-sh     7 cl-rem    0 lit-rem     36 T: 0.00 T-out: N
c rst  geom ibes   vs   462  154K    1498   33K   786    5.84    5.75   416   794   42K   108   24.21   24.16
c rst  geom ibes   vs   463  154K    1498   33K   786    5.84    5.75   417   794   42K   108   24.19   24.14
c rst  geom ibes   vs   464  155K    1498   33K   786    5.84    5.75   417   794   42K   108   24.16   24.11
c rst  geom ibes   vs   465  155K    1498   33K   786    5.84    5.75   418   794   42K   108   24.14   24.09
c rst  geom ibes   vs   466  155K    1498   33K   786    5.84    5.75   418   794   42K   108   24.14   24.08
c rst  geom ibes   vs   467  155K    1498   33K   786    5.84    5.75   418   794   42K   108   24.10   24.05
c rst  geom ibes   vs   468  155K    1498   33K   786    5.84    5.75   418   795   43K   108   24.07   24.02
c rst  geom ibes   vs   469  155K    1498   33K   786    5.84    5.75   418   799   43K   108   24.03   23.98
c rst  geom ibes   vs   470  156K    1498   33K   786    5.84    5.75   418   801   43K   108   23.98   23.92
c rst  geom ibes   vs   471  156K    1498   33K   786    5.84    5.75   418   801   43K   108   23.93   23.87
c rst  geom ibes   vs   472  156K    1498   33K   786    5.84    5.75   418   802   44K   108   23.87   23.82
c rst  geom ibes   vs   473  157K    1498   33K   786    5.84    5.75   418   804   44K   108   23.83   23.78
c rst  geom ibes   vs   474  157K    1498   33K   786    5.84    5.75   418   807   44K   108   23.77   23.71
c rst  geom ibes   vs   475  157K    1498   33K   786    5.84    5.75   418   809   45K   108   23.69   23.64
c rst  geom ibes   vs   476  158K    1498   33K   786    5.84    5.75   418   810   45K   108   23.60   23.55
c rst  geom  svd   vs   477  158K    1498   33K   786    5.84    5.75   418   811   45K   108   23.51   23.46
c [distill-long-red0] cls tried: 15/15 T: 0.00 T-out: N T-r: 99.96%
c [distill-long-red1] cls tried: 47/624 T: 0.01 T-out: Y T-r: -2.73%
c rst  geom  svd   vs   478  159K    1498   33K   786    5.84    5.75   419   818   46K   108   23.47   23.42
c rst  geom  svd   vs   479  159K    1498   33K   786    5.84    5.75   419   828   46K   108   23.44   23.40
c rst  geom  svd   vs   480  160K    1498   33K   786    5.84    5.75   469   777   47K   108   23.38   23.34
c rst  geom  svd   vs   481  160K    1498   33K   786    5.84    5.75   470   779   48K   108   23.31   23.27
c [impl-str] lit bin: 0 set-var: 0 T: 0.00 T-out: N T-r: 99.95% w-visit: 2996
c [impl-sub] bin: 0 T: 0.00 T-out: N w-visit: 2996
c rst  geom  svd   vs   482  161K    1498   33K   786    5.84    5.75   470   781   48K   108   23.20   23.15
c rst  geom  svd   vs   483  162K    1498   33K   786    5.84    5.75   471   787   49K   108   23.09   23.05
c rst  geom  svd   vs   484  163K    1498   33K   786    5.84    5.75   472   801   50K   108   23.02   22.97
c [full-probe]  bin_only: 0 set: 0 repl: 0 T: 0.01 T-out: N T-r: 97.73%
c rst  geom  svd   vs   485  164K    1498   33K   786    5.84    5.75   472   804   51K   108   22.94   22.89
c rst  geom  svd   vs   486  165K    1498   33K   786    5.84    5.75   483  1012   38K   108   24.10   24.04
c rst  geom best   vs   487  166K    1498   33K   786    5.84    5.75   483  1021   39K   108   23.90   23.84
c rst  geom best   vs   488  167K    1498   33K   786    5.84    5.75   485  1025   40K   108   23.72   23.66
c rst  geom best   vs   489  169K    1498   33K   786    5.84    5.75   487  1042   41K   108   23.58   23.53
c rst  geom best   vs   490  170K    1498   33K   786    5.84    5.75   566   956   43K   108   23.40   23.35
c rst  geom best   vs   491  172K    1498   33K   786    5.84    5.75   567   978   45K   108   23.17   23.13
c rst  geom  stb   vs   492  174K    1498   33K   786    5.84    5.75   568   985   46K   108   22.85   22.81
c [distill-long-red0] cls tried: 141/141 T: 0.02 T-out: N T-r: 99.36%
c [distill-long-red1] cls tried: 35/779 T: 0.02 T-out: Y T-r: -4.59%
c rst  geom  stb   vs   493  176K    1498   33K   786    5.84    5.75   571   997   48K   108   22.67   22.63
c [branch] adjusting to: vmtf (from: vsid) var_decay:0.95 descr: VMTF
c [distill-bin] useful: 0/786/786 lits-rem: 0 cl-rem: 0 0-depth-assigns: 0 T: 0.01 T-out: N
c rst  luby  stb  vmt   494  176K    1498   33K   786    5.84    5.75   571   997   49K   108   22.76   22.72
c rst  luby  stb  vmt   495  176K    1498   33K   786    5.84    5.75   577  1013   49K   108   22.78   22.74
c rst  luby  stb  vmt   496  176K    1498   33K   786    5.84    5.75   577  1020   49K   108   22.79   22.75
c rst  luby  stb  vmt   497  176K    1498   33K   786    5.84    5.75   577  1022   49K   108   22.79   22.75
c rst  luby  stb  vmt   498  176K    1498   33K   786    5.84    5.75   577  1023   49K   108   22.78   22.74
c rst  luby  stb  vmt   499  177K    1498   33K   786    5.84    5.75   578  1025   49K   108   22.79   22.75
c rst  luby  stb  vmt   500  177K    1498   33K   786    5.84    5.75   579  1032   50K   108   22.81   22.77
c rst  luby  stb  vmt   501  177K    1498   33K   786    5.84    5.75   579  1034   50K   108   22.81   22.77
c [ccnr] saving best assignment phase to stable_polar
c [ccnr] bumping based on clause weights
c [ccnr] Bumped vars: 102 bump type: 6
c [ccnr] time: 0.38
c rst  luby  stb  vmt   502  177K    1498   33K   786    5.84    5.75   579  1036   50K   108   22.82   22.78
c rst  luby  stb  vmt   503  177K    1498   33K   786    5.84    5.75   579  1037   50K   108   22.79   22.75
c rst  luby  stb  vmt   504  178K    1498   33K   786    5.84    5.75   579  1037   50K   108   22.79   22.75
c rst  luby  stb  vmt   505  178K    1498   33K   786    5.84    5.75   579  1037   50K   108   22.77   22.73
c rst  luby  stb  vmt   506  178K    1498   33K   786    5.84    5.75   580  1038   50K   108   22.74   22.70
c rst  luby  stb  vmt   507  178K    1498   33K   786    5.84    5.75   580  1041   51K   108   22.69   22.65
c rst  luby  stb  vmt   508  179K    1498   33K   786    5.84    5.75   580  1050   52K   108   22.61   22.57
c rst  luby ibes  vmt   509  179K    1498   33K   786    5.84    5.75   580  1052   52K   108   22.60   22.55
c rst  luby ibes  vmt   510  179K    1498   33K   786    5.84    5.75   580  1054   52K   108   22.59   22.55
c [distill] watch-based irred--  cl tried     7098 cl-sh     0 cl-rem    0 lit-rem      0 T: 0.02 T-out: N
c [distill] watch-based   red--  cl tried     1160 cl-sh     2 cl-rem    0 lit-rem      3 T: 0.00 T-out: N
c rst  luby ibes  vmt   511  179K    1498   33K   786    5.84    5.75   581  1057   52K   108   22.58   22.54
c rst  luby ibes  vmt   512  180K    1498   33K   786    5.84    5.75   710  1279   37K   108   22.81   22.76
c rst  luby ibes  vmt   513  180K    1498   33K   786    5.84    5.75   710  1281   37K   108   22.80   22.75
c rst  luby ibes  vmt   514  180K    1498   33K   786    5.84    5.75   710  1286   37K   108   22.79   22.73
c rst  luby ibes  vmt   515  180K    1498   33K   786    5.84    5.75   711  1290   38K   108   22.79   22.73
c [gauss] XOR-encoding clauses are not detached, so no need to reattach them.
c [g 0] truth-find prop checks  : 1666K
c [g 0] -> of which prop        : 27.27 %
c [g 0] -> of which confl       :  1.35 %
c [g 0] elim called             : 329K
c [g 0] ---> which lead to prop : 34.05 %
c [g 0] ---> which lead to confl:  1.76 %
c [g 0] size: 47    x 454  
c [scc] new: 0 BP 0M T: 0.00
c [vrep] vars 0 lits 0 rem-bin-cls 0 rem-long-cls 0 BP 0M T: 0.01
c [intree] Set 0 vars hyper-added: 7 trans-irred: 0 trans-red: 0 T: 0.01 T-out: N T-r: -1.27%
c [find&init matx] performing matrix init
c [gauss] XOR-encoding clauses are not detached, so no need to reattach them.
c [xor-rem-unconnected] left with 957 xors from 957 non-empty xors T: 0.00
c [xor-together] xored together: 910 orig xors: 957 new xors: 47 T: 0.00
c [xor-rem-unconnected] left with 47 xors from 47 non-empty xors T: 0.00
c [xor-clean-equiv] removed equivalent xors: 0 left with: 47
c [matrix] unused xors from cleaning: 0
c [matrix] Good   matrix 0 47      x454    density:0.1813  xorlen avg: 82.32
c [matrix] Using 1 matrices recovered from 0 xors T: 0.00 T-out: N
c rst  luby ibes vmt  516   180 K 1498      33K   786 5.84    5.75      711  1290   38K   115 22.76   22.70  
c rst  luby ibes vmt  517   180 K 1498      33K   786 5.84    5.75      712  1293   38K   115 22.75   22.69  
c rst  luby ibes vmt  518   181 K 1498      33K   786 5.84    5.75      712  1298   38K   115 22.73   22.67  
c rst  luby ibes vmt  519   181 K 1498      33K   786 5.84    5.75      712  1299   38K   115 22.72   22.66  
c rst  luby ibes vmt  520   181 K 1498      33K   786 5.84    5.75      712  1300   38K   115 22.70   22.65  
c rst  luby ibes vmt  521   181 K 1498      33K   786 5.84    5.75      712  1302   39K   115 22.67   22.61  
c [g  <0] Disabling GJ-elim in this round.  Usefulness was: 16.6703%  over 73928 calls
c rst  luby ibes vmt  522   181 K 1498      33K   786 5.84    5.75      712  1307   39K   115 22.64   22.58  
c rst  luby ibes vmt  523   182 K 1498      33K   786 5.84    5.75      714  1312   40K   115 22.58   22.53  
c rst  luby ibes vmt  524   184 K 1498      33K   786 5.84    5.75      715  1322   41K   115 22.38   22.32  
c [full-probe]  bin_only: 1 set: 0 repl: 0 T: 0.01 T-out: N T-r: 99.71%
c rst  luby ibes vmt  525   184 K 1498      33K   786 5.84    5.75      715  1324   42K   115 22.36   22.31  
c rst  luby ibes vmt  526   184 K 1498      33K   786 5.84    5.75      715  1329   42K   115 22.36   22.31  
c rst  luby ibes vmt  527   184 K 1498      33K   786 5.84    5.75      715  1330   42K   115 22.34   22.28  
c rst  luby ibes vmt  528   184 K 1498      33K   786 5.84    5.75      715  1330   42K   115 22.32   22.27  
c rst  luby ibes vmt  529   184 K 1498      33K   786 5.84    5.75      715  1330   42K   115 22.32   22.27  
c rst  luby ibes vmt  530   185 K 1498      33K   786 5.84    5.75      715  1332   42K   115 22.29   22.24  
c rst  luby ibes vmt  531   185 K 1498      33K   786 5.84    5.75      715  1336   43K   115 22.29   22.24  
c rst  luby ibes vmt  532   185 K 1498      33K   786 5.84    5.75      715  1338   43K   115 22.28   22.23  
c rst  luby ibes vmt  533   185 K 1498      33K   786 5.84    5.75      715  1338   43K   115 22.26   22.21  
c rst  luby ibes vmt  534   185 K 1498      33K   786 5.84    5.75      715  1340   43K   115 22.22   22.17  
c rst  luby ibes vmt  535   186 K 1498      33K   786 5.84    5.75      715  1340   43K   115 22.24   22.19  
c rst  luby ibes vmt  536   186 K 1498      33K   786 5.84    5.75      715  1340   43K   115 22.23   22.18  
c rst  luby ibes vmt  537   186 K 1498      33K   786 5.84    5.75      715  1340   43K   115 22.26   22.21  
c rst  luby ibes vmt  538   186 K 1498      33K   786 5.84    5.75      715  1345   44K   115 22.22   22.17  
c rst  luby svd  vmt  539   187 K 1498      33K   786 5.84    5.75      715  1351   45K   115 22.14   22.09  
c rst  luby svd  vmt  540   187 K 1498      33K   786 5.84    5.75      715  1352   45K   115 22.16   22.11  
c rst  luby svd  vmt  541   187 K 1498      33K   786 5.84    5.75      715  1360   45K   115 22.18   22.13  
c rst  luby svd  vmt  542   187 K 1498      33K   786 5.84    5.75      715  1361   45K   115 22.17   22.12  
c rst  luby svd  vmt  543   188 K 1498      33K   786 5.84    5.75      715  1365   45K   115 22.18   22.13  
c rst  luby svd  vmt  544   188 K 1498      33K   786 5.84    5.75      716  1385   45K   115 22.18   22.13  
c rst  luby svd  vmt  545   188 K 1498      33K   786 5.84    5.75      716  1389   45K   115 22.18   22.14  
c rst  luby svd  vmt  546   188 K 1498      33K   786 5.84    5.75      716  1392   46K   115 22.22   22.17  
c rst  luby svd  vmt  547   188 K 1498      33K   786 5.84    5.75      716  1394   46K   115 22.21   22.16  
c rst  luby svd  vmt  548   189 K 1498      33K   786 5.84    5.75      716  1394   46K   115 22.20   22.15  
c rst  luby svd  vmt  549   189 K 1498      33K   786 5.84    5.75      716  1396   46K   115 22.18   22.14  
c rst  luby svd  vmt  550   189 K 1498      33K   786 5.84    5.75      716  1396   46K   115 22.18   22.13  
c [distill-long-red0] cls tried: 148/148 T: 0.03 T-out: N T-r: 99.16%
c [distill-long-red1] cls tried: 30/1164 T: 0.01 T-out: Y T-r: -4.90%
c rst  luby svd  vmt  551   189 K 1498      33K   786 5.84    5.75      715  1397   46K   116 22.18   22.13  
c rst  luby svd  vmt  552   189 K 1498      33K   786 5.84    5.75      715  1399   47K   116 22.18   22.14  
c rst  luby svd  vmt  553   190 K 1498      33K   786 5.84    5.75      715  1403   47K   116 22.15   22.10  
c rst  luby svd  vmt  554   190 K 1498      33K   786 5.84    5.75      867  1224   48K   116 22.12   22.07  
c rst  luby svd  vmt  555   192 K 1498      33K   786 5.84    5.75      868  1247   49K   116 22.07   22.02  
c rst  luby svd  vmt  556   195 K 1498      33K   786 5.84    5.75      907  1708   38K   116 18.33   18.28  
c rst  geom best vmt  557   195 K 1498      33K   786 5.84    5.75      907  1709   38K   116 18.36   18.31  
c rst  geom best vmt  558   195 K 1498      33K   786 5.84    5.75      907  1709   38K   116 18.37   18.33  
c ------- FINAL TOTAL SEARCH STATS ---------
c UIP search time          : 26.82       (97.28     % time)
c All times are for this thread only except if explicitly specified
c restarts                 : 558         (350.91    confls per restart)
c blocked restarts         : 0           (0.00      per normal restart)
c time                     : 26.82       
c decisions                : 215223      (0.00      % random)
c propagations             : 30M         (1144K     props/s)
c decisions/conflicts      : 1.10        
c conflicts                : 195810      
c LEARNT stats
c units learnt             : 0           (0.00      % of conflicts)
c bins learnt              : 76          (0.04      % of conflicts)
c long learnt              : 195769      (99.98     % of conflicts)
c red which0               : 294         (0.15      % of confl)
c SEAMLESS HYPERBIN&TRANS-RED stats
c advProp called           : 0           
c hyper-bin add bin        : 0           (0.00      bin/call)
c trans-red rem irred bin  : 0           (0.00      bin/call)
c trans-red rem red bin    : 0           (0.00      bin/call)
c CONFL LITS stats
c orig                     : 37312670    (190.56    lit/confl)
c recurs-min effective     : 187570      (95.79     % attempt successful)
c recurs-min lits          : 31524774    (84.49     % less overall)
c permDiff call%           : 0.96        (0.00      % attempt successful)
c permDiff lits-rem        : 0           (0.00      less lits/cl on attempts)
c further-min call%        : 0.02        (17.78     % attempt successful)
c bintri-min lits          : 38          (0.00      % less overall)
c final avg                : 29.56       
c all-threads sum CPU time : 26.82        s
c PROP stats
c Mbogo-props              : 46.09       (1.72      / sec)
c MHyper-props             : 0.04        (0.00      / sec)
c Mprops                   : 30.69       (1.14      / sec)
c -------- OccSimplifier STATS ----------
c time                     : 0.36        (0.00      % var-elim)
c called                   : 2           (0.18      s per call)
c 0-depth assigns          : 0           (0.00      % vars)
c -------- OccSimplifier STATS END ----------
c -------- SubsumeStrengthen STATS ----------
c cl-subs                  : 772          Clauses
c cl-str rem lit           : 173          Lits
c cl-sub T                 : 0.05         s
c cl-str T                 : 0.21         s
c -------- SubsumeStrengthen STATS END ----------
c ----- SCC STATS --------
c time                     : 0.00        (0.00      per call)
c called                   : 9           (1.11      new found per call)
c found                    : 10          (50.00     % of all found)
c bogoprops                : 320971      % of all found
c ----- SCC STATS END --------
c --------- VAR REPLACE STATS ----------
c time                     : 0.07        (0.01      per call)
c trees' crown             : 10          (0.36      % of vars)
c 0-depth assigns          : 0           (0.00      % vars)
c lits replaced            : 29119       
c bin cls removed          : 46          
c long cls removed         : 0           
c long lits removed        : 1283        
c bogoprops                : 1492376     
c --------- VAR REPLACE STATS END ----------
c vrep replace time        : 0.07        (0.25      % time)
c vrep tree roots          : 6           
c vrep trees' crown        : 10          (1.67      leafs/tree)
c -------- DISTILL-BIN STATS --------
c time                     : 0.08        (0.01      per call)
c timed out                : 1           (11.11     % of calls)
c distill/checked/potential: 0          /9827/9960
c lits-rem                 : 0           
c 0-depth-assigns          : 0           (0.00      % of vars)
c -------- DISTILL STATS END --------
c -------- STRENGTHEN STATS --------
c --> watch-based on irred cls
c time                     : 0.07        (0.00      s/call)
c shrinked/tried/total     : 140        /39713/315809
c subsumed/tried/total     : 157        /39713/315809
c lits-rem                 : 146         (0.08      % of lits tried)
c called                   : 14          (0.00      % ran out of time)
c --> watch-based on red cls
c time                     : 0.01        (0.00      s/call)
c shrinked/tried/total     : 112        /5358/5358
c subsumed/tried/total     : 4          /5358/5358
c lits-rem                 : 494         (1.01      % of lits tried)
c called                   : 14          (0.00      % ran out of time)
c -------- STRENGTHEN STATS END --------
c -------- IMPLICIT SUB  STATS --------
c time                     : 0.01        (0.00      per call)
c timed out                : 0           (0.00      % of calls)
c rem bins                 : 53          
c -------- IMPLICIT SUB STATS END --------
c Mem used                 : 46          MB
c Mem for longclauses      : 8           MB (19.20     %)
c Mem for watch alloc      : 9           MB (21.11     %)
c Mem for watch array      : 0           MB (0.15      %)
c Mem for assings&vardata  : 0           MB (0.16      %)
c Mem for search&solve     : 0           MB (0.40      %)
c Mem for renumberer       : 0           MB (0.06      %)
c Mem for occsimplifier    : 0           MB (1.55      %)
c Mem for varReplacer&SCC  : 0           MB (0.13      %)
c Mem for impl subsume     : 0           MB (0.00      %)
c Mem for 3 distills       : 0           MB (0.00      %)
c Accounted for mem (rss)  : 42.75       %
c Accounted for mem (vm)   : 40.25       %
c restarts                 : 558         (350.91    confls per restart)
c blocked restarts         : 0           (0.00      per normal restart)
c time                     : 26.82       
c decisions                : 215223      (0.00      % random)
c propagations             : 30M         (1144K     props/s)
c decisions/conflicts      : 1.10        
c conflicts                : 195810      
c conf lits non-minim      : 37312670    (190.56    lit/confl)
c conf lits final          : 29.56       
c red which0               : 294         (0.15      % of confl)
c props/decision           : 0.00        
c props/conflict           : 0.00        
c 0-depth assigns          : 0           (0.00      % vars)
c 0-depth assigns by CNF   : 0           (0.00      % vars)
c reduceDB time            : 0.06        (0.21      % time)
c OccSimplifier time       : 0.36        (1.30      % time)
c [occur] 0.09 is overhead
c [occur] link-in T: 0.07 cleanup T: 0.02
c [occ-substr] long subBySub: 735 subByStr: 37 lits-rem-str: 173 T: 0.25
c SCC time                 : 0.00        (0.01      % time)
c [scc] new: 10 BP 0M  T: 0.00
c vrep replace time        : 0.07        (0.25      % time)
c vrep tree roots          : 6           
c vrep trees' crown        : 10          (1.67      leafs/tree)
c distill long time        : 0.28        (1.01      % time)
c distill bin time         : 0.08        (0.30      % time)
c strength cache-irred time: 0.07        (0.24      % time)
c strength cache-red time  : 0.01        (0.05      % time)
c avg cls in red 0         : 348.90      
c avg cls in red 1         : 596.08      
c avg cls in red 2         : 34810.90    
c Conflicts in UIP         : 195810      (7102.92   confl/time_this_thread)
c Max Memory (rss) used    : 47232 kB    
c Total time (this thread) : 27.57       
s SATISFIABLE
v 1 -2 3 4 5 6 7 -8 -9 -10 -11 12 -13 14 -15 -16 -17 -18 19 -20 -21 -22 -23 24 
v -25 -26 -27 -28 -29 -30 31 -32 -33 -34 -35 36 37 -38 -39 -40 -41 42 43 -44 
v -45 -46 -47 48 49 -50 -51 -52 -53 54 -55 56 -57 -58 -59 -60 -61 -62 -63 -64 
v -65 -66 -67 68 -69 -70 -71 -72 -73 74 -75 -76 -77 -78 -79 80 -81 -82 -83 -84 
v -85 86 -87 -88 -89 -90 -91 92 -93 -94 -95 -96 -97 -98 -99 -100 -101 -102 -103 
v -104 -105 -106 -107 -108 -109 -110 -111 -112 -113 -114 -115 -116 -117 -118 
v -119 -120 -121 122 -123 -124 -125 -126 -127 128 -129 -130 -131 -132 -133 -134 
v -135 -136 -137 -138 -139 -140 -141 -142 -143 -144 -145 -146 -147 -148 -149 
v -150 -151 -152 -153 -154 -155 -156 -157 158 -159 -160 -161 -162 -163 -164 
v -165 -166 -167 -168 -169 -170 -171 -172 -173 -174 -175 -176 -177 -178 -179 
v -180 -181 -182 -183 -184 -185 -186 -187 -188 -189 -190 -191 -192 -193 -194 
v -195 -196 -197 -198 -199 200 -201 -202 -203 -204 -205 -206 -207 -208 -209 
v -210 -211 -212 -213 -214 -215 -216 -217 -218 -219 -220 -221 -222 -223 -224 
v -225 -226 -227 -228 -229 230 -231 -232 -233 -234 -235 236 -237 -238 -239 -240 
v -241 -242 -243 -244 -245 -246 -247 -248 -249 -250 -251 -252 -253 -254 -255 
v -256 -257 -258 -259 -260 -261 -262 -263 -264 -265 266 -267 -268 -269 -270 
v -271 272 -273 -274 -275 -276 -277 -278 -279 -280 -281 -282 -283 -284 -285 
v -286 -287 -288 -289 -290 -291 -292 -293 -294 -295 -296 -297 -298 -299 -300 
v -301 302 -303 -304 -305 -306 -307 308 -309 -310 -311 -312 -313 -314 -315 -316 
v -317 -318 -319 -320 -321 -322 -323 -324 -325 -326 -327 -328 -329 -330 -331 
v -332 -333 -334 -335 -336 -337 338 -339 -340 -341 -342 -343 344 345 346 347 
v -348 349 -350 351 -352 -353 354 -355 356 357 358 359 -360 361 -362 363 364 
v 365 -366 -367 368 369 370 371 -372 -373 -374 -375 -376 -377 -378 -379 -380 
v -381 -382 -383 -384 -385 -386 -387 -388 -389 -390 -391 -392 393 -394 395 396 
v 397 -398 -399 400 401 402 403 -404 -405 -406 -407 -408 409 -410 411 412 413 
v -414 -415 416 417 418 419 -420 -421 -422 -423 -424 425 -426 427 428 429 -430 
v -431 432 433 434 435 -436 -437 -438 -439 -440 441 -442 443 444 445 -446 -447 
v 448 449 450 451 -452 -453 -454 -455 -456 -457 -458 -459 -460 -461 -462 -463 
v -464 -465 -466 -467 -468 -469 -470 -471 -472 473 -474 475 476 477 -478 -479 
v 480 481 482 483 -484 -485 -486 -487 -488 -489 -490 -491 -492 -493 -494 -495 
v -496 -497 -498 -499 -500 -501 -502 -503 -504 505 -506 507 508 509 -510 -511 
v 512 513 514 515 -516 -517 -518 -519 -520 -521 -522 -523 -524 -525 -526 -527 
v -528 -529 -530 -531 -532 -533 -534 -535 -536 -537 -538 -539 -540 -541 -542 
v -543 -544 -545 -546 -547 -548 -549 -550 -551 -552 553 -554 555 556 557 -558 
v -559 560 561 562 563 -564 -565 -566 -567 -568 -569 -570 -571 -572 -573 -574 
v -575 -576 -577 -578 -579 -580 -581 -582 -583 -584 585 -586 587 588 589 -590 
v -591 592 593 594 595 -596 -597 -598 -599 -600 601 -602 603 604 605 -606 -607 
v 608 609 610 611 -612 -613 -614 -615 -616 617 -618 619 620 621 -622 -623 624 
v 625 626 627 -628 -629 -630 -631 -632 633 -634 635 636 637 -638 -639 640 641 
v 642 643 -644 -645 -646 -647 -648 -649 -650 -651 -652 -653 -654 -655 -656 -657 
v -658 -659 -660 -661 -662 -663 664 665 666 -667 -668 669 670 671 672 -673 -674 
v -675 -676 -677 -678 -679 -680 -681 -682 -683 -684 -685 -686 -687 -688 -689 
v 690 691 -692 -693 694 695 696 697 -698 -699 -700 -701 702 -703 -704 705 706 
v 707 708 -709 -710 -711 -712 -713 -714 715 716 717 718 -719 -720 -721 -722 
v -723 -724 -725 -726 -727 -728 -729 -730 -731 -732 -733 -734 -735 -736 -737 
v -738 -739 740 741 742 -743 -744 -745 -746 747 748 -749 -750 -751 -752 753 
v -754 -755 -756 -757 -758 -759 -760 -761 -762 -763 -764 -765 -766 -767 0
c [g 0] truth-find prop checks  : 53K
c [g 0] -> of which prop        : 13.86 %
c [g 0] -> of which confl       :  0.82 %
c [g 0] elim called             : 13132
c [g 0] ---> which lead to prop : 32.26 %
c [g 0] ---> which lead to confl:  1.72 %
c [g 0] size: 47    x 454  

real	0m27.978s
user	0m27.568s
sys	0m0.050s
