c BreakID not compiled in, disabling
c CryptoMiniSat version 5.11.19
c CMS Copyright (C) 2009-2020 Authors of CryptoMiniSat, see AUTHORS file
c CMS SHA revision b80e09ebd7703fc13b987401d693d7d406a50441
c Using VMTF code by Armin Biere from CaDiCaL
c Using Yalsat by Armin Biere, see Balint et al. Improving implementation of SLS solvers [...], SAT'14
c Using WalkSAT by Henry Kautz, see Kautz and Selman Pushing the envelope: planning, propositional logic, and stochastic search, AAAI'96,
c CMS is MIT licensed
c Using code from 'When Boolean Satisfiability Meets Gauss-E. in a Simplex Way'
c       by C.-S. Han and J.-H. Roland Jiang in CAV 2012. Fixes by M. Soos
c Using CCAnr from 'CCAnr: A Conf. Checking Based Local Search Solver [...]'
c       by Shaowei Cai, Chuan Luo, and Kaile Su, SAT 2015
c CMS compilation env CMAKE_CXX_COMPILER = /usr/bin/c++ | CMAKE_CXX_FLAGS =  -fvisibility=hidden -Wall -Wextra -Wunused -Wsign-compare -fno-omit-frame-pointer -Wtype-limits -Wuninitialized -Wno-deprecated -Wstrict-aliasing -Wpointer-arith -Wpointer-arith -Wformat-nonliteral -Winit-self -Wparentheses -Wunreachable-code -g -Wno-class-memaccess -mpopcnt -msse4.2 -ggdb3 -Wlogical-op -Wrestrict -Wnull-dereference -Wdouble-promotion -Wshadow -Wformat=2 -Wextra-semi -pedantic | COMPILE_DEFINES =  -DRDB0_ONLY_FEATURES -DUSE_ZLIB -DYALSAT_FPU | STATICCOMPILE = OFF | ONLY_SIMPLE =  | STATS = OFF | SQLITE3_FOUND =  | ZLIB_FOUND = TRUE | VALGRIND_FOUND =  | ENABLE_TESTING = OFF | SLOW_DEBUG = OFF | ENABLE_ASSERTIONS = ON | PYTHON_EXECUTABLE =  | PYTHON_LIBRARY =  | PYTHON_INCLUDE_DIRS =  | MY_TARGETS =  | LARGEMEM = OFF | LIMITMEM = OFF | BREAKID_LIBRARIES =  | BREAKID-VER = . | BOSPHORUS_LIBRARIES =  | BOSPH-VER = . | compilation date time = Jul 13 2026 14:05:03
c CMS compiled with gcc version 11.5.0 20240719 (Red Hat 11.5.0-5)
c Executed with command line: ./cryptominisat5 ./instances/IC_S4/Xn19l6-321-S.dimacs
c Reading file './instances/IC_S4/Xn19l6-321-S.dimacs'
c -- header says num vars:            767
c -- header says num clauses:        2416
c -- clauses added: 2364
c -- xor clauses added: 52
c -- vars added 767
c Parsing time: 0.00 s
c [find&init matx] performing matrix init
c [gauss] XOR-encoding clauses are not detached, so no need to reattach them.
c [xor-rem-unconnected] left with 50 xors from 50 non-empty xors T: 0.00
c [xor-together] xored together: 0 orig xors: 50 new xors: 50 T: 0.00
c [xor-rem-unconnected] left with 50 xors from 50 non-empty xors T: 0.00
c [xor-clean-equiv] removed equivalent xors: 0 left with: 50
c [matrix] unused xors from cleaning: 0
c [matrix] Good   matrix  0     50 x  765  density:0.1165  xorlen avg: 89.10
c [matrix] Using 1 matrices recovered from 0 xors T: 0.00 T-out: N
c [branch] adjusting to: vsid (from: vsid) var_decay:0.95 descr: VSIDS
c rst  geom  stb   vs     1   112    2903 18136  1652    3.97    3.80     0    34    71     7  122.36  114.84
c rst  geom  stb   vs     2   235    2903 18136  1652    3.97    3.80     3    39   186     7  100.22   97.29
c  res  pol bran  nres  conf freevar  IrrL  IrrB l/longC  l/allC RedL0 RedL1 RedL2  RedB l/longC  l/allC
c rst  geom  stb   vs     3   370    2903 18136  1652    3.97    3.80     3    39   321     7   89.97   88.31
c rst  geom  stb   vs     4   517    2903 18136  1652    3.97    3.80     3    39   467     8   80.00   78.79
c rst  geom  stb   vs     5   678    2903 18136  1652    3.97    3.80     3    39   628     8   76.99   76.11
c rst  geom  stb   vs     6   855    2903 18136  1652    3.97    3.80     3    39   805     8   71.11   70.47
c rst  geom  stb   vs     7  1050    2903 18136  1652    3.97    3.80     3    39   999     9   67.45   66.89
c rst  geom  stb   vs     8  1264    2903 18136  1652    3.97    3.80     3    39  1212    10   65.01   64.51
c rst  geom  stb   vs     9  1498    2903 18136  1652    3.97    3.80     3    39  1446    10   61.75   61.35
c rst  geom  stb   vs    10  1755    2903 18136  1652    3.97    3.80     3    39  1703    10   57.39   57.07
c rst  geom  stb   vs    11  2038    2903 18136  1652    3.97    3.80     3    39  1986    10   54.03   53.78
c rst  geom  stb   vs    12  2348    2903 18136  1652    3.97    3.80     3    39  2296    10   51.21   51.00
c rst  geom  stb   vs    13  2688    2903 18136  1652    3.97    3.80     3    39  2636    10   49.41   49.23
c rst  geom  stb   vs    14  3062    2903 18136  1652    3.97    3.80     3    39  3010    10   48.35   48.20
c rst  geom  stb   vs    15  3472    2903 18136  1652    3.97    3.80     3    39  3419    11   47.46   47.31
c rst  geom  stb   vs    16  3922    2903 18136  1652    3.97    3.80     3    39  3869    11   47.51   47.38
c rst  geom  stb   vs    17  4416    2903 18136  1652    3.97    3.80     3    39  4363    11   46.90   46.79
c rst  geom  stb   vs    18  4959    2903 18136  1652    3.97    3.80     3    39  4906    11   44.98   44.89
c rst  geom  stb   vs    19  5557    2903 18136  1652    3.97    3.80     3    39  5504    11   43.59   43.51
c [branch] adjusting to: vmtf (from: vsid) var_decay:0.95 descr: VMTF
c [distill-long-red0] cls tried: 3/3 T: 0.00 T-out: N T-r: 100.00%
c [distill-long-red1] cls tried: 39/39 T: 0.00 T-out: N T-r: 98.02%
c rst  luby ibes  vmt    20  5658    2903 18136  1652    3.97    3.80    15    54  5578    11   43.76   43.68
c rst  luby ibes  vmt    21  5759    2903 18136  1652    3.97    3.80    16    56  5676    11   43.98   43.90
c rst  luby ibes  vmt    22  5961    2903 18136  1652    3.97    3.80    16    56  5878    11   43.78   43.70
c rst  luby ibes  vmt    23  6062    2903 18136  1652    3.97    3.80    16    56  5979    11   43.35   43.27
c rst  luby ibes  vmt    24  6164    2903 18136  1652    3.97    3.80    16    56  6081    11   42.93   42.86
c rst  luby ibes  vmt    25  6366    2903 18136  1652    3.97    3.80    16    56  6283    11   42.21   42.14
c rst  luby ibes  vmt    26  6768    2903 18136  1652    3.97    3.80    16    56  6685    11   40.80   40.73
c rst  luby ibes  vmt    27  6870    2903 18136  1652    3.97    3.80    16    56  6787    11   40.47   40.41
c rst  luby ibes  vmt    28  6972    2903 18136  1652    3.97    3.80    16    56  6889    11   40.15   40.09
c rst  luby ibes  vmt    29  7174    2903 18136  1652    3.97    3.80    16    56  7091    11   39.52   39.46
c rst  luby ibes  vmt    30  7276    2903 18136  1652    3.97    3.80    16    56  7193    11   39.26   39.20
c rst  luby ibes  vmt    31  7378    2903 18136  1652    3.97    3.80    16    56  7295    11   39.17   39.11
c rst  luby ibes  vmt    32  7580    2903 18136  1652    3.97    3.80    16    56  7497    11   38.63   38.58
c rst  luby ibes  vmt    33  7982    2903 18136  1652    3.97    3.80    16    56  7899    11   37.90   37.85
c rst  luby ibes  vmt    34  8784    2903 18136  1652    3.97    3.80    16    56  8701    11   36.12   36.07
c rst  luby ibes  vmt    35  8886    2903 18136  1652    3.97    3.80    16    56  8803    11   35.91   35.86
c rst  luby ibes  vmt    36  8988    2903 18136  1652    3.97    3.80    16    56  8905    11   35.71   35.66
c rst  luby ibes  vmt    37  9190    2903 18136  1652    3.97    3.80    16    56  9107    11   35.31   35.27
c rst  luby ibes  vmt    38  9292    2903 18136  1652    3.97    3.80    16    56  9209    11   35.11   35.07
c rst  luby ibes  vmt    39  9394    2903 18136  1652    3.97    3.80    16    56  9311    11   34.91   34.87
c rst  luby ibes  vmt    40  9596    2903 18136  1652    3.97    3.80    16    56  9513    11   34.55   34.52
c rst  luby ibes  vmt    41  9998    2903 18136  1652    3.97    3.80    16    56  9915    11   33.85   33.82
c rst  luby ibes  vmt    42 10100    2903 18136  1652    3.97    3.80    45    27 10017    11   33.68   33.64
c rst  luby ibes  vmt    43 10202    2903 18136  1652    3.97    3.80    45    27 10119    11   33.51   33.47
c rst  luby ibes  vmt    44 10404    2903 18136  1652    3.97    3.80    45    27 10321    11   33.17   33.13
c rst  luby ibes  vmt    45 10506    2903 18136  1652    3.97    3.80    45    27 10423    11   33.02   32.99
c rst  luby ibes  vmt    46 10608    2903 18136  1652    3.97    3.80    45    27 10525    11   32.88   32.84
c rst  luby ibes  vmt    47 10810    2903 18136  1652    3.97    3.80    45    27 10727    11   32.69   32.66
c rst  luby  svd  vmt    48 11211    2903 18136  1652    3.97    3.80    45    27 11128    11   34.48   34.45
c rst  luby  svd  vmt    49 12012    2903 18136  1652    3.97    3.80    45    27 11929    11   36.04   36.01
c [branch] adjusting to: vsid (from: vmtf) var_decay:0.95 descr: VSIDS
c [distill-bin] useful: 4/1652/1652 lits-rem: 0 cl-rem: 4 0-depth-assigns: 0 T: 0.01 T-out: N
c rst  geom  svd   vs    50 12123    2903 18136  1648    3.97    3.80    45    27 12039    12   36.14   36.11
c rst  geom  svd   vs    51 12245    2903 18136  1648    3.97    3.80    45    27 12161    12   36.25   36.21
c rst  geom  svd   vs    52 12379    2903 18136  1648    3.97    3.80    45    27 12295    12   36.14   36.11
c rst  geom  svd   vs    53 12527    2903 18136  1648    3.97    3.80    45    27 12443    12   36.02   35.99
c rst  geom  svd   vs    54 12689    2903 18136  1648    3.97    3.80    45    27 12605    12   35.88   35.85
c rst  geom  svd   vs    55 12867    2903 18136  1648    3.97    3.80    45    27 12783    12   35.73   35.70
c rst  geom  svd   vs    56 13061    2903 18136  1648    3.97    3.80    45    27 12977    12   35.56   35.53
c rst  geom  svd   vs    57 13274    2903 18136  1648    3.97    3.80    45    27 13190    12   35.52   35.49
c rst  geom  svd   vs    58 13509    2903 18136  1648    3.97    3.80    45    27 13424    13   35.47   35.43
c rst  geom  svd   vs    59 13767    2903 18136  1648    3.97    3.80    45    27 13682    13   35.37   35.34
c rst  geom  svd   vs    60 14049    2903 18136  1648    3.97    3.80    45    27 13964    13   35.24   35.21
c rst  geom  svd   vs    61 14359    2903 18136  1648    3.97    3.80    45    27 14274    13   35.17   35.14
c rst  geom  svd   vs    62 14700    2903 18136  1648    3.97    3.80    45    27 14615    13   35.39   35.36
c rst  geom  svd   vs    63 15073    2903 18136  1648    3.97    3.80    45    40 14975    13   35.46   35.43
c rst  geom  svd   vs    64 15483    2903 18136  1648    3.97    3.80    45    40 15385    13   35.35   35.32
c rst  geom  svd   vs    65 15933    2903 18136  1648    3.97    3.80    45    40 15835    13   35.37   35.34
c rst  geom  svd   vs    66 16427    2903 18136  1648    3.97    3.80    45    40 16329    13   35.56   35.53
c rst  geom best   vs    67 16971    2903 18136  1648    3.97    3.80    47    44 16867    13   36.62   36.59
c rst  geom best   vs    68 17569    2903 18136  1648    3.97    3.80    52    45 17459    13   37.37   37.34
c rst  geom best   vs    69 18226    2903 18136  1648    3.97    3.80    52    46 18114    14   37.61   37.58
c [branch] adjusting to: vmtf (from: vsid) var_decay:0.95 descr: VMTF
c rst  luby best  vmt    70 18327    2903 18136  1648    3.97    3.80    53    46 18214    14   37.72   37.69
c rst  luby best  vmt    71 18429    2903 18136  1648    3.97    3.80    53    46 18316    14   37.79   37.77
c rst  luby best  vmt    72 18631    2903 18136  1648    3.97    3.80    55    46 18516    14   37.83   37.80
c rst  luby best  vmt    73 18733    2903 18136  1648    3.97    3.80    55    46 18618    14   37.84   37.81
c rst  luby best  vmt    74 18835    2903 18136  1648    3.97    3.80    56    46 18719    14   37.91   37.88
c rst  luby best  vmt    75 19036    2903 18136  1648    3.97    3.80    57    46 18919    14   38.06   38.04
c rst  luby best  vmt    76 19437    2903 18136  1648    3.97    3.80    57    49 19317    14   38.09   38.07
c rst  luby best  vmt    77 19540    2903 18136  1648    3.97    3.80    61    50 19414    15   38.63   38.60
c rst  luby best  vmt    78 19641    2903 18136  1648    3.97    3.80    61    51 19513    16   38.81   38.78
c rst  luby best  vmt    79 19844    2903 18136  1648    3.97    3.80    70    93 19665    16   38.72   38.70
c rst  luby best  vmt    80 19946    2903 18136  1648    3.97    3.80    73    93 19764    16   39.23   39.20
c rst  luby best  vmt    81   20K    2903 18136  1648    3.97    3.80   102    71 19859    16   39.38   39.35
c [full-probe]  bin_only: 1 set: 0 repl: 0 T: 0.00 T-out: N T-r: 99.85%
c rst  luby best  vmt    82   20K    2903 18136  1648    3.97    3.80   107    84   20K    26   39.58   39.53
c rst  luby best  vmt    83   20K    2903 18136  1648    3.97    3.80   113    86   20K    29   40.89   40.84
c [distill-long-red0] cls tried: 84/84 T: 0.00 T-out: N T-r: 99.97%
c [distill-long-red1] cls tried: 73/73 T: 0.00 T-out: N T-r: 60.97%
c rst  luby best  vmt    84   21K    2903 18136  1648    3.97    3.80   119    98   21K    43   42.52   42.44
c rst  luby best  vmt    85   21K    2903 18136  1648    3.97    3.80   120    98   21K    44   42.64   42.56
c rst  luby best  vmt    86   21K    2903 18136  1648    3.97    3.80   122    98   21K    44   42.78   42.69
c rst  luby  stb  vmt    87   21K    2903 18136  1648    3.97    3.80   124   102   21K    46   43.15   43.06
c rst  luby  stb  vmt    88   21K    2903 18136  1648    3.97    3.80   125   102   21K    47   43.29   43.20
c rst  luby  stb  vmt    89   22K    2903 18136  1648    3.97    3.80   127   104   21K    48   43.37   43.28
c rst  luby  stb  vmt    90   22K    2903 18136  1648    3.97    3.80   132   104   21K    48   43.67   43.58
c rst  luby  stb  vmt    91   22K    2903 18136  1648    3.97    3.80   138   109   22K    53   43.98   43.88
c ------- FINAL TOTAL SEARCH STATS ---------
c UIP search time          : 1.15        (99.51     % time)
c All times are for this thread only except if explicitly specified
c restarts                 : 91          (246.85    confls per restart)
c blocked restarts         : 0           (0.00      per normal restart)
c time                     : 1.15        
c decisions                : 28320       (0.00      % random)
c propagations             : 4030K       (3519K     props/s)
c decisions/conflicts      : 1.26        
c conflicts                : 22463       
c LEARNT stats
c units learnt             : 0           (0.00      % of conflicts)
c bins learnt              : 42          (0.19      % of conflicts)
c long learnt              : 22421       (99.81     % of conflicts)
c red which0               : 86          (0.38      % of confl)
c SEAMLESS HYPERBIN&TRANS-RED stats
c advProp called           : 0           
c hyper-bin add bin        : 0           (0.00      bin/call)
c trans-red rem irred bin  : 0           (0.00      bin/call)
c trans-red rem red bin    : 0           (0.00      bin/call)
c CONFL LITS stats
c orig                     : 5702683     (253.87    lit/confl)
c recurs-min effective     : 21868       (97.35     % attempt successful)
c recurs-min lits          : 4716465     (82.71     % less overall)
c permDiff call%           : 1.22        (0.00      % attempt successful)
c permDiff lits-rem        : 0           (0.00      less lits/cl on attempts)
c further-min call%        : 0.01        (100.00    % attempt successful)
c bintri-min lits          : 9           (0.00      % less overall)
c final avg                : 43.90       
c all-threads sum CPU time : 1.15         s
c PROP stats
c Mbogo-props              : 2.84        (2.48      / sec)
c MHyper-props             : 0.00        (0.00      / sec)
c Mprops                   : 4.03        (3.52      / sec)
c -------- OccSimplifier STATS ----------
c time                     : 0.00        (0.00      % var-elim)
c called                   : 0           (0.00      s per call)
c 0-depth assigns          : 0           (0.00      % vars)
c -------- OccSimplifier STATS END ----------
c -------- SubsumeStrengthen STATS ----------
c cl-subs                  : 0            Clauses
c cl-str rem lit           : 0            Lits
c cl-sub T                 : 0.00         s
c cl-str T                 : 0.00         s
c -------- SubsumeStrengthen STATS END ----------
c ----- SCC STATS --------
c time                     : 0.00        (0.00      per call)
c called                   : 0           (0.00      new found per call)
c found                    : 0           (0.00      % of all found)
c bogoprops                : 0           % of all found
c ----- SCC STATS END --------
c --------- VAR REPLACE STATS ----------
c time                     : 0.00        (0.00      per call)
c trees' crown             : 0           (0.00      % of vars)
c 0-depth assigns          : 0           (0.00      % vars)
c lits replaced            : 0           
c bin cls removed          : 0           
c long cls removed         : 0           
c long lits removed        : 0           
c bogoprops                : 0           
c --------- VAR REPLACE STATS END ----------
c vrep replace time        : 0.00        (0.00      % time)
c vrep tree roots          : 0           
c vrep trees' crown        : 0           (0.00      leafs/tree)
c -------- DISTILL-BIN STATS --------
c time                     : 0.01        (0.01      per call)
c timed out                : 0           (0.00      % of calls)
c distill/checked/potential: 0          /1652/1652
c lits-rem                 : 0           
c 0-depth-assigns          : 0           (0.00      % of vars)
c -------- DISTILL STATS END --------
c -------- STRENGTHEN STATS --------
c --> watch-based on irred cls
c time                     : 0.00        (0.00      s/call)
c shrinked/tried/total     : 0          /0/0
c subsumed/tried/total     : 0          /0/0
c lits-rem                 : 0           (0.00      % of lits tried)
c called                   : 0           (0.00      % ran out of time)
c --> watch-based on red cls
c time                     : 0.00        (0.00      s/call)
c shrinked/tried/total     : 0          /0/0
c subsumed/tried/total     : 0          /0/0
c lits-rem                 : 0           (0.00      % of lits tried)
c called                   : 0           (0.00      % ran out of time)
c -------- STRENGTHEN STATS END --------
c -------- IMPLICIT SUB  STATS --------
c time                     : 0.00        (0.00      per call)
c timed out                : 0           (0.00      % of calls)
c rem bins                 : 0           
c -------- IMPLICIT SUB STATS END --------
c Mem used                 : 12          MB
c Mem for longclauses      : 7           MB (56.54     %)
c Mem for watch alloc      : 2           MB (15.74     %)
c Mem for watch array      : 0           MB (1.45      %)
c Mem for assings&vardata  : 0           MB (0.56      %)
c Mem for search&solve     : 0           MB (1.46      %)
c Mem for renumberer       : 0           MB (0.20      %)
c Mem for occsimplifier    : 0           MB (0.00      %)
c Mem for varReplacer&SCC  : 0           MB (0.09      %)
c Mem for impl subsume     : 0           MB (0.00      %)
c Mem for 3 distills       : 0           MB (0.01      %)
c Accounted for mem (rss)  : 76.05       %
c Accounted for mem (vm)   : 54.89       %
c restarts                 : 91          (246.85    confls per restart)
c blocked restarts         : 0           (0.00      per normal restart)
c time                     : 1.15        
c decisions                : 28320       (0.00      % random)
c propagations             : 4030K       (3519K     props/s)
c decisions/conflicts      : 1.26        
c conflicts                : 22463       
c conf lits non-minim      : 5702683     (253.87    lit/confl)
c conf lits final          : 43.90       
c red which0               : 86          (0.38      % of confl)
c props/decision           : 0.00        
c props/conflict           : 0.00        
c 0-depth assigns          : 0           (0.00      % vars)
c 0-depth assigns by CNF   : 0           (0.00      % vars)
c reduceDB time            : 0.00        (0.09      % time)
c OccSimplifier time       : 0.00        (0.00      % time)
c [occur] 0.00 is overhead
c [occur] link-in T: 0.00 cleanup T: 0.00
c [occ-substr] long subBySub: 0 subByStr: 0 lits-rem-str: 0 T: 0.00
c SCC time                 : 0.00        (0.00      % time)
c [scc] new: 0 BP 0M  T: 0.00
c vrep replace time        : 0.00        (0.00      % time)
c vrep tree roots          : 0           
c vrep trees' crown        : 0           (0.00      leafs/tree)
c distill long time        : 0.01        (0.60      % time)
c distill bin time         : 0.01        (0.52      % time)
c strength cache-irred time: 0.00        (0.00      % time)
c strength cache-red time  : 0.00        (0.00      % time)
c avg cls in red 0         : 38.33       
c avg cls in red 1         : 47.28       
c avg cls in red 2         : 11131.89    
c Conflicts in UIP         : 22463       (19515.90  confl/time_this_thread)
c Max Memory (rss) used    : 13280 kB    
c Total time (this thread) : 1.15        
s SATISFIABLE
v 1 -2 -3 4 5 -6 7 -8 9 10 11 -12 -13 -14 -15 -16 -17 -18 19 -20 21 22 23 -24 -25 
v -26 -27 -28 -29 -30 -31 -32 -33 -34 -35 -36 37 -38 39 40 41 -42 43 -44 45 46 
v 47 -48 -49 -50 -51 -52 -53 -54 -55 -56 -57 -58 -59 -60 -61 -62 -63 -64 -65 
v -66 -67 -68 -69 -70 -71 -72 -73 -74 -75 -76 -77 -78 -79 -80 -81 -82 -83 -84 
v -85 -86 -87 -88 -89 -90 -91 -92 -93 -94 -95 -96 -97 -98 -99 -100 -101 -102 
v -103 -104 -105 -106 -107 -108 -109 -110 -111 -112 -113 -114 -115 -116 -117 
v -118 -119 -120 -121 -122 -123 -124 -125 -126 -127 -128 -129 -130 -131 -132 
v -133 -134 -135 -136 -137 -138 -139 -140 -141 -142 -143 -144 -145 -146 -147 
v -148 -149 -150 -151 -152 -153 -154 -155 -156 -157 -158 -159 -160 -161 -162 
v -163 -164 -165 -166 -167 -168 -169 -170 -171 -172 -173 -174 -175 -176 -177 
v -178 -179 -180 -181 -182 -183 -184 -185 -186 -187 -188 -189 -190 -191 -192 
v -193 -194 -195 -196 -197 -198 -199 -200 -201 -202 -203 -204 -205 -206 -207 
v -208 -209 -210 -211 -212 -213 -214 -215 -216 -217 -218 -219 -220 -221 -222 
v -223 -224 -225 -226 -227 -228 -229 -230 -231 -232 -233 -234 -235 -236 -237 
v -238 -239 -240 -241 -242 -243 -244 -245 -246 -247 -248 -249 -250 -251 -252 
v -253 -254 -255 -256 -257 -258 -259 -260 -261 -262 -263 -264 -265 -266 -267 
v -268 -269 -270 -271 -272 -273 -274 -275 -276 -277 -278 -279 -280 -281 -282 
v -283 -284 -285 -286 -287 -288 -289 -290 -291 -292 -293 -294 -295 -296 -297 
v -298 -299 -300 -301 -302 -303 -304 -305 -306 -307 -308 -309 -310 -311 -312 
v -313 -314 -315 -316 -317 -318 -319 -320 -321 -322 -323 -324 -325 -326 -327 
v -328 -329 -330 -331 -332 -333 -334 -335 -336 -337 -338 -339 -340 -341 -342 
v -343 -344 345 -346 -347 -348 349 -350 351 -352 -353 354 -355 -356 357 -358 
v -359 -360 -361 -362 -363 -364 -365 -366 -367 -368 -369 -370 -371 -372 -373 
v -374 -375 -376 -377 -378 -379 -380 -381 -382 -383 -384 -385 -386 -387 -388 
v -389 -390 -391 -392 -393 -394 -395 -396 -397 -398 -399 -400 -401 -402 -403 
v -404 -405 -406 -407 -408 -409 -410 -411 -412 -413 -414 -415 -416 -417 -418 
v -419 -420 -421 -422 -423 -424 -425 -426 -427 -428 -429 -430 -431 -432 -433 
v -434 -435 -436 -437 -438 -439 -440 -441 -442 -443 -444 -445 -446 -447 -448 
v -449 -450 -451 -452 -453 -454 -455 -456 -457 -458 -459 -460 -461 -462 -463 
v -464 -465 -466 -467 -468 -469 -470 -471 -472 -473 -474 -475 -476 -477 -478 
v -479 -480 -481 -482 -483 -484 -485 -486 -487 -488 -489 -490 -491 -492 -493 
v -494 -495 -496 -497 -498 -499 -500 -501 -502 -503 -504 -505 -506 -507 -508 
v -509 -510 -511 -512 -513 -514 -515 -516 -517 -518 -519 -520 -521 -522 -523 
v -524 -525 -526 -527 -528 -529 -530 -531 -532 -533 -534 -535 -536 -537 -538 
v -539 -540 -541 -542 -543 -544 -545 -546 -547 -548 -549 -550 -551 -552 -553 
v -554 -555 -556 -557 -558 -559 -560 -561 -562 -563 -564 -565 -566 -567 -568 
v -569 -570 -571 -572 -573 -574 -575 -576 -577 -578 -579 -580 -581 -582 -583 
v -584 -585 -586 -587 -588 -589 -590 -591 -592 -593 -594 -595 -596 -597 -598 
v -599 -600 -601 -602 -603 -604 -605 -606 -607 -608 -609 -610 -611 -612 -613 
v -614 -615 -616 -617 -618 -619 -620 -621 -622 -623 -624 -625 -626 -627 -628 
v -629 -630 -631 -632 -633 -634 -635 -636 -637 -638 -639 -640 -641 -642 -643 
v -644 -645 -646 -647 -648 -649 -650 -651 -652 -653 -654 -655 -656 -657 -658 
v -659 -660 -661 -662 -663 -664 -665 -666 -667 -668 -669 -670 -671 -672 -673 
v -674 -675 -676 -677 -678 -679 -680 -681 -682 -683 -684 -685 -686 -687 -688 
v -689 -690 -691 -692 -693 -694 -695 -696 -697 -698 -699 -700 -701 -702 -703 
v -704 -705 -706 -707 -708 -709 -710 -711 -712 -713 -714 -715 -716 -717 -718 
v -719 -720 -721 -722 -723 -724 -725 -726 -727 -728 -729 -730 -731 -732 -733 
v -734 -735 -736 -737 -738 -739 -740 -741 -742 -743 -744 -745 -746 -747 -748 
v -749 -750 -751 -752 -753 -754 -755 -756 -757 -758 -759 -760 -761 -762 -763 
v -764 -765 -766 -767 0
c [g 0] truth-find prop checks  : 268K
c [g 0] -> of which prop        : 45.24 %
c [g 0] -> of which confl       :  3.62 %
c [g 0] elim called             : 43K
c [g 0] ---> which lead to prop : 22.05 %
c [g 0] ---> which lead to confl:  1.59 %
c [g 0] size: 50    x 765  

real	0m1.174s
user	0m1.152s
sys	0m0.008s
