c BreakID not compiled in, disabling
c CryptoMiniSat version 5.11.19
c CMS Copyright (C) 2009-2020 Authors of CryptoMiniSat, see AUTHORS file
c CMS SHA revision b80e09ebd7703fc13b987401d693d7d406a50441
c Using VMTF code by Armin Biere from CaDiCaL
c Using Yalsat by Armin Biere, see Balint et al. Improving implementation of SLS solvers [...], SAT'14
c Using WalkSAT by Henry Kautz, see Kautz and Selman Pushing the envelope: planning, propositional logic, and stochastic search, AAAI'96,
c CMS is MIT licensed
c Using code from 'When Boolean Satisfiability Meets Gauss-E. in a Simplex Way'
c       by C.-S. Han and J.-H. Roland Jiang in CAV 2012. Fixes by M. Soos
c Using CCAnr from 'CCAnr: A Conf. Checking Based Local Search Solver [...]'
c       by Shaowei Cai, Chuan Luo, and Kaile Su, SAT 2015
c CMS compilation env CMAKE_CXX_COMPILER = /usr/bin/c++ | CMAKE_CXX_FLAGS =  -fvisibility=hidden -Wall -Wextra -Wunused -Wsign-compare -fno-omit-frame-pointer -Wtype-limits -Wuninitialized -Wno-deprecated -Wstrict-aliasing -Wpointer-arith -Wpointer-arith -Wformat-nonliteral -Winit-self -Wparentheses -Wunreachable-code -g -Wno-class-memaccess -mpopcnt -msse4.2 -ggdb3 -Wlogical-op -Wrestrict -Wnull-dereference -Wdouble-promotion -Wshadow -Wformat=2 -Wextra-semi -pedantic | COMPILE_DEFINES =  -DRDB0_ONLY_FEATURES -DUSE_ZLIB -DYALSAT_FPU | STATICCOMPILE = OFF | ONLY_SIMPLE =  | STATS = OFF | SQLITE3_FOUND =  | ZLIB_FOUND = TRUE | VALGRIND_FOUND =  | ENABLE_TESTING = OFF | SLOW_DEBUG = OFF | ENABLE_ASSERTIONS = ON | PYTHON_EXECUTABLE =  | PYTHON_LIBRARY =  | PYTHON_INCLUDE_DIRS =  | MY_TARGETS =  | LARGEMEM = OFF | LIMITMEM = OFF | BREAKID_LIBRARIES =  | BREAKID-VER = . | BOSPHORUS_LIBRARIES =  | BOSPH-VER = . | compilation date time = Jul 13 2026 14:05:03
c CMS compiled with gcc version 11.5.0 20240719 (Red Hat 11.5.0-5)
c Executed with command line: ./cryptominisat5 ./instances/IC_S4/Xn19l6-301-S.dimacs
c Reading file './instances/IC_S4/Xn19l6-301-S.dimacs'
c -- header says num vars:            767
c -- header says num clauses:        2416
c -- clauses added: 2364
c -- xor clauses added: 52
c -- vars added 767
c Parsing time: 0.00 s
c [find&init matx] performing matrix init
c [gauss] XOR-encoding clauses are not detached, so no need to reattach them.
c [xor-rem-unconnected] left with 50 xors from 50 non-empty xors T: 0.00
c [xor-together] xored together: 0 orig xors: 50 new xors: 50 T: 0.00
c [xor-rem-unconnected] left with 50 xors from 50 non-empty xors T: 0.00
c [xor-clean-equiv] removed equivalent xors: 0 left with: 50
c [matrix] unused xors from cleaning: 0
c [matrix] Good   matrix  0     50 x  765  density:0.0980  xorlen avg: 74.98
c [matrix] Using 1 matrices recovered from 0 xors T: 0.00 T-out: N
c [branch] adjusting to: vsid (from: vsid) var_decay:0.95 descr: VSIDS
c rst  geom  stb   vs     1   111    2551 15312  1652    3.96    3.77     3    25    80     3  137.08  133.43
c rst  geom  stb   vs     2   233    2551 15312  1652    3.96    3.77     3    26   201     3  108.01  106.65
c  res  pol bran  nres  conf freevar  IrrL  IrrB l/longC  l/allC RedL0 RedL1 RedL2  RedB l/longC  l/allC
c rst  geom  stb   vs     3   367    2551 15312  1652    3.96    3.77     3    26   335     3   85.84   85.16
c rst  geom  stb   vs     4   515    2551 15312  1652    3.96    3.77     3    26   482     4   79.60   79.00
c rst  geom  stb   vs     5   676    2551 15312  1652    3.96    3.77     3    26   643     4   75.92   75.48
c rst  geom  stb   vs     6   854    2551 15312  1652    3.96    3.77     3    26   821     4   76.55   76.20
c rst  geom  stb   vs     7  1049    2551 15312  1652    3.96    3.77     3    26  1016     4   71.54   71.27
c rst  geom  stb   vs     8  1263    2551 15312  1652    3.96    3.77     3    26  1230     4   71.30   71.08
c rst  geom  stb   vs     9  1498    2551 15312  1652    3.96    3.77     3    26  1464     5   71.09   70.86
c rst  geom  stb   vs    10  1755    2551 15312  1652    3.96    3.77     3    26  1721     5   74.82   74.62
c rst  geom  stb   vs    11  2037    2551 15312  1652    3.96    3.77     3    26  2000     8   74.66   74.38
c rst  geom  stb   vs    12  2347    2551 15312  1652    3.96    3.77     3    26  2310     8   74.31   74.06
c rst  geom  stb   vs    13  2687    2551 15312  1652    3.96    3.77     3    26  2650     8   73.71   73.49
c rst  geom  stb   vs    14  3061    2551 15312  1652    3.96    3.77     3    26  3024     8   72.03   71.85
c rst  geom  stb   vs    15  3471    2551 15312  1652    3.96    3.77     3    26  3434     8   69.18   69.02
c rst  geom  stb   vs    16  3921    2551 15312  1652    3.96    3.77     3    26  3883     9   70.70   70.55
c rst  geom  stb   vs    17  4415    2551 15312  1652    3.96    3.77     3    26  4375    11   73.12   72.95
c rst  geom  stb   vs    18  4958    2551 15312  1652    3.96    3.77     3    26  4917    12   71.50   71.33
c rst  geom  stb   vs    19  5556    2551 15312  1652    3.96    3.77     3    26  5514    13   70.06   69.90
c [branch] adjusting to: vmtf (from: vsid) var_decay:0.95 descr: VMTF
c [distill-long-red0] cls tried: 3/3 T: 0.00 T-out: N T-r: 100.00%
c [distill-long-red1] cls tried: 26/26 T: 0.00 T-out: N T-r: 99.32%
c rst  luby ibes  vmt    20  5657    2551 15312  1652    3.96    3.77    18    40  5585    14   69.81   69.64
c rst  luby ibes  vmt    21  5758    2551 15312  1652    3.96    3.77    18    46  5680    14   69.48   69.31
c rst  luby ibes  vmt    22  5959    2551 15312  1652    3.96    3.77    18    46  5881    14   68.47   68.31
c rst  luby ibes  vmt    23  6060    2551 15312  1652    3.96    3.77    23    65  5958    14   67.78   67.63
c rst  luby ibes  vmt    24  6161    2551 15312  1652    3.96    3.77    24    70  6053    14   67.24   67.09
c rst  luby ibes  vmt    25  6362    2551 15312  1652    3.96    3.77    24    70  6254    14   65.98   65.84
c rst  luby ibes  vmt    26  6764    2551 15312  1652    3.96    3.77    24    70  6656    14   63.47   63.35
c rst  luby ibes  vmt    27  6866    2551 15312  1652    3.96    3.77    24    70  6758    14   63.08   62.96
c rst  luby ibes  vmt    28  6967    2551 15312  1652    3.96    3.77    24    70  6859    14   62.56   62.44
c rst  luby ibes  vmt    29  7169    2551 15312  1652    3.96    3.77    24    70  7061    14   61.60   61.48
c rst  luby ibes  vmt    30  7271    2551 15312  1652    3.96    3.77    24    70  7163    14   61.02   60.91
c rst  luby ibes  vmt    31  7373    2551 15312  1652    3.96    3.77    24    70  7265    14   60.44   60.33
c rst  luby ibes  vmt    32  7575    2551 15312  1652    3.96    3.77    24    70  7467    14   59.33   59.22
c rst  luby ibes  vmt    33  7977    2551 15312  1652    3.96    3.77    24    70  7869    14   57.90   57.80
c rst  luby ibes  vmt    34  8779    2551 15312  1652    3.96    3.77    25    70  8670    14   54.48   54.39
c rst  luby ibes  vmt    35  8881    2551 15312  1652    3.96    3.77    25    70  8772    14   54.08   54.00
c rst  luby ibes  vmt    36  8982    2551 15312  1652    3.96    3.77    25    70  8873    14   53.69   53.61
c rst  luby ibes  vmt    37  9184    2551 15312  1652    3.96    3.77    25    70  9075    14   52.91   52.83
c rst  luby ibes  vmt    38  9286    2551 15312  1652    3.96    3.77    25    70  9177    14   52.52   52.44
c rst  luby ibes  vmt    39  9388    2551 15312  1652    3.96    3.77    25    70  9279    14   52.15   52.08
c rst  luby ibes  vmt    40  9589    2551 15312  1652    3.96    3.77    25    70  9480    14   51.43   51.36
c rst  luby ibes  vmt    41  9991    2551 15312  1652    3.96    3.77    25    70  9882    14   50.08   50.01
c rst  luby ibes  vmt    42 10092    2551 15312  1652    3.96    3.77    58    37  9983    14   49.75   49.68
c rst  luby ibes  vmt    43 10194    2551 15312  1652    3.96    3.77    58    37 10085    14   49.43   49.36
c rst  luby ibes  vmt    44 10396    2551 15312  1652    3.96    3.77    58    37 10287    14   48.79   48.73
c rst  luby ibes  vmt    45 10498    2551 15312  1652    3.96    3.77    58    37 10389    14   48.50   48.44
c rst  luby ibes  vmt    46 10600    2551 15312  1652    3.96    3.77    58    37 10491    14   48.20   48.14
c rst  luby ibes  vmt    47 10801    2551 15312  1652    3.96    3.77    58    37 10692    14   47.62   47.56
c rst  luby  svd  vmt    48 11202    2551 15312  1652    3.96    3.77    58    37 11093    14   47.74   47.68
c rst  luby  svd  vmt    49 12004    2551 15312  1652    3.96    3.77    59    37 11894    14   48.23   48.18
c [branch] adjusting to: vsid (from: vmtf) var_decay:0.95 descr: VSIDS
c [distill-bin] useful: 4/1652/1652 lits-rem: 0 cl-rem: 4 0-depth-assigns: 0 T: 0.01 T-out: N
c rst  geom  svd   vs    50 12116    2551 15312  1648    3.96    3.77    59    37 12006    14   48.29   48.23
c rst  geom  svd   vs    51 12239    2551 15312  1648    3.96    3.77    59    37 12129    14   48.13   48.08
c rst  geom  svd   vs    52 12374    2551 15312  1648    3.96    3.77    60    37 12263    14   47.97   47.92
c rst  geom  svd   vs    53 12522    2551 15312  1648    3.96    3.77    60    37 12411    14   47.86   47.81
c rst  geom  svd   vs    54 12684    2551 15312  1648    3.96    3.77    60    37 12573    14   47.66   47.61
c rst  geom  svd   vs    55 12861    2551 15312  1648    3.96    3.77    60    37 12750    14   47.39   47.34
c rst  geom  svd   vs    56 13056    2551 15312  1648    3.96    3.77    60    37 12945    14   47.27   47.22
c rst  geom  svd   vs    57 13270    2551 15312  1648    3.96    3.77    60    37 13159    14   47.06   47.01
c rst  geom  svd   vs    58 13504    2551 15312  1648    3.96    3.77    61    37 13392    14   46.87   46.82
c rst  geom  svd   vs    59 13762    2551 15312  1648    3.96    3.77    61    37 13650    14   46.47   46.42
c rst  geom  svd   vs    60 14044    2551 15312  1648    3.96    3.77    61    37 13932    14   46.13   46.08
c rst  geom  svd   vs    61 14354    2551 15312  1648    3.96    3.77    61    37 14242    14   45.77   45.73
c rst  geom  svd   vs    62 14695    2551 15312  1648    3.96    3.77    61    37 14583    14   45.55   45.50
c rst  geom  svd   vs    63 15069    2551 15312  1648    3.96    3.77    61    51 13923    14   43.15   43.11
c rst  geom  svd   vs    64 15480    2551 15312  1648    3.96    3.77    61    51 14334    14   42.73   42.69
c rst  geom  svd   vs    65 15931    2551 15312  1648    3.96    3.77    61    51 14785    14   42.19   42.15
c rst  geom  svd   vs    66 16425    2551 15312  1648    3.96    3.77    61    51 15279    14   41.66   41.62
c rst  geom best   vs    67 16968    2551 15312  1648    3.96    3.77    62    51 15821    14   41.99   41.96
c rst  geom best   vs    68 17567    2551 15312  1648    3.96    3.77    63    51 16418    15   42.15   42.11
c rst  geom best   vs    69 18223    2551 15312  1648    3.96    3.77    64    51 17073    15   42.28   42.25
c [branch] adjusting to: vmtf (from: vsid) var_decay:0.95 descr: VMTF
c rst  luby best  vmt    70 18324    2551 15312  1648    3.96    3.77    64    51 17174    15   42.40   42.36
c rst  luby best  vmt    71 18425    2551 15312  1648    3.96    3.77    64    51 17275    15   42.45   42.42
c rst  luby best  vmt    72 18627    2551 15312  1648    3.96    3.77    64    51 17477    15   42.46   42.43
c rst  luby best  vmt    73 18728    2551 15312  1648    3.96    3.77    64    51 17578    15   42.47   42.44
c rst  luby best  vmt    74 18830    2551 15312  1648    3.96    3.77    64    51 17680    15   42.56   42.53
c rst  luby best  vmt    75 19031    2551 15312  1648    3.96    3.77    64    51 17881    15   42.59   42.55
c rst  luby best  vmt    76 19433    2551 15312  1648    3.96    3.77    69    69 18260    15   42.82   42.78
c rst  luby best  vmt    77 19534    2551 15312  1648    3.96    3.77    70    70 18359    15   43.03   43.00
c rst  luby best  vmt    78 19635    2551 15312  1648    3.96    3.77    73    73 18452    17   43.33   43.30
c rst  luby best  vmt    79 19836    2551 15312  1648    3.96    3.77    77    74 18648    17   43.88   43.84
c rst  luby best  vmt    80 19937    2551 15312  1648    3.96    3.77    80    79 18741    17   44.04   44.00
c rst  luby best  vmt    81   20K    2551 15312  1648    3.96    3.77    95    73 18833    17   44.20   44.16
c [full-probe]  bin_only: 1 set: 0 repl: 0 T: 0.00 T-out: N T-r: 99.84%
c rst  luby best  vmt    82   20K    2551 15312  1648    3.96    3.77   102    86 19014    23   44.56   44.51
c rst  luby best  vmt    83   20K    2551 15312  1648    3.96    3.77   113   112 19378    23   45.11   45.05
c [distill-long-red0] cls tried: 95/95 T: 0.00 T-out: N T-r: 99.88%
c [distill-long-red1] cls tried: 101/101 T: 0.01 T-out: N T-r: 45.93%
c rst  luby best  vmt    84   21K    2551 15312  1648    3.96    3.77   121   122   20K    23   48.00   47.95
c rst  luby best  vmt    85   21K    2551 15312  1648    3.96    3.77   122   125   20K    23   48.08   48.03
c rst  luby best  vmt    86   21K    2551 15312  1648    3.96    3.77   123   126   20K    23   48.18   48.13
c rst  luby  stb  vmt    87   21K    2551 15312  1648    3.96    3.77   128   129   20K    23   48.50   48.45
c rst  luby  stb  vmt    88   21K    2551 15312  1648    3.96    3.77   132   129   20K    25   48.78   48.73
c rst  luby  stb  vmt    89   22K    2551 15312  1648    3.96    3.77   132   130   20K    26   48.87   48.82
c rst  luby  stb  vmt    90   22K    2551 15312  1648    3.96    3.77   133   130   20K    26   49.09   49.03
c rst  luby  stb  vmt    91   22K    2551 15312  1648    3.96    3.77   135   135   21K    29   49.52   49.46
c rst  luby  stb  vmt    92   22K    2551 15312  1648    3.96    3.77   137   137   21K    30   49.59   49.52
c rst  luby  stb  vmt    93   22K    2551 15312  1648    3.96    3.77   140   139   21K    31   49.66   49.59
c rst  luby  stb  vmt    94   23K    2551 15312  1648    3.96    3.77   146   140   21K    34   49.81   49.73
c rst  luby  stb  vmt    95   23K    2551 15312  1648    3.96    3.77   146   145   21K    35   49.90   49.82
c rst  luby  stb  vmt    96   23K    2551 15312  1648    3.96    3.77   147   148   21K    35   50.11   50.03
c rst  luby  stb  vmt    97   23K    2551 15312  1648    3.96    3.77   149   154   22K    37   50.44   50.36
c rst  luby  stb  vmt    98   23K    2551 15312  1648    3.96    3.77   155   160   22K    37   50.66   50.58
c rst  luby  stb  vmt    99   24K    2551 15312  1648    3.96    3.77   167   180   23K    39   52.32   52.24
c rst  luby  stb  vmt   100   26K    2551 15312  1648    3.96    3.77   180   204   24K    41   52.95   52.87
c [branch] adjusting to: vsid (from: vmtf) var_decay:0.95 descr: VSIDS
c [distill] watch-based irred--  cl tried     1429 cl-sh     0 cl-rem    3 lit-rem      0 T: 0.00 T-out: N
c [distill] watch-based   red--  cl tried      360 cl-sh     6 cl-rem    0 lit-rem      8 T: 0.00 T-out: N
c rst  geom  stb   vs   101   26K    2551 15309  1651    3.96    3.77   178   204   24K    41   52.96   52.88
c rst  geom  stb   vs   102   26K    2551 15309  1651    3.96    3.77   178   204   25K    41   52.93   52.85
c rst  geom  stb   vs   103   26K    2551 15309  1651    3.96    3.77   179   205   25K    41   52.99   52.91
c rst  geom  stb   vs   104   26K    2551 15309  1651    3.96    3.77   180   205   25K    41   53.08   53.00
c rst  geom  stb   vs   105   26K    2551 15309  1651    3.96    3.77   180   205   25K    41   53.05   52.97
c rst  geom ibes   vs   106   27K    2551 15309  1651    3.96    3.77   181   205   25K    41   52.87   52.79
c rst  geom ibes   vs   107   27K    2551 15309  1651    3.96    3.77   181   205   25K    41   52.64   52.56
c rst  geom ibes   vs   108   27K    2551 15309  1651    3.96    3.77   181   205   26K    41   52.38   52.30
c rst  geom ibes   vs   109   27K    2551 15309  1651    3.96    3.77   181   205   26K    41   52.10   52.03
c rst  geom ibes   vs   110   28K    2551 15309  1651    3.96    3.77   182   205   26K    43   51.93   51.85
c rst  geom ibes   vs   111   28K    2551 15309  1651    3.96    3.77   182   205   26K    43   51.64   51.56
c rst  geom ibes   vs   112   28K    2551 15309  1651    3.96    3.77   182   205   27K    43   51.27   51.20
c rst  geom ibes   vs   113   28K    2551 15309  1651    3.96    3.77   182   205   27K    43   50.87   50.80
c rst  geom ibes   vs   114   29K    2551 15309  1651    3.96    3.77   182   205   27K    43   50.47   50.40
c rst  geom ibes   vs   115   29K    2551 15309  1651    3.96    3.77   182   205   28K    43   50.17   50.10
c rst  geom ibes   vs   116   30K    2551 15309  1651    3.96    3.77   277   308   23K    43   46.09   46.01
c rst  geom ibes   vs   117   30K    2551 15309  1651    3.96    3.77   277   308   24K    43   45.51   45.44
c rst  geom ibes   vs   118   31K    2551 15309  1651    3.96    3.77   277   308   24K    43   44.99   44.92
c rst  geom ibes   vs   119   31K    2551 15309  1651    3.96    3.77   277   308   25K    43   44.51   44.44
c rst  geom ibes   vs   120   32K    2551 15309  1651    3.96    3.77   277   308   26K    43   44.06   43.99
c [distill-bin] useful: 0/1651/1651 lits-rem: 0 cl-rem: 0 0-depth-assigns: 0 T: 0.01 T-out: N
c rst  geom  svd   vs   121   33K    2551 15309  1651    3.96    3.77   277   308   26K    43   43.62   43.56
c rst  geom  svd   vs   122   33K    2551 15309  1651    3.96    3.77   277   308   27K    43   43.18   43.12
c [branch] adjusting to: vmtf (from: vsid) var_decay:0.95 descr: VMTF
c rst  luby  svd  vmt   123   34K    2551 15309  1651    3.96    3.77   278   309   27K    43   43.45   43.39
c rst  luby  svd  vmt   124   34K    2551 15309  1651    3.96    3.77   285   310   27K    43   43.52   43.46
c rst  luby  svd  vmt   125   34K    2551 15309  1651    3.96    3.77   290   312   28K    43   43.85   43.79
c rst  luby  svd  vmt   126   34K    2551 15309  1651    3.96    3.77   290   316   28K    43   43.91   43.85
c rst  luby  svd  vmt   127   34K    2551 15309  1651    3.96    3.77   292   322   28K    43   44.01   43.95
c rst  luby  svd  vmt   128   34K    2551 15309  1651    3.96    3.77   295   324   28K    44   44.17   44.10
c rst  luby  svd  vmt   129   35K    2551 15309  1651    3.96    3.77   297   336   28K    44   44.36   44.29
c rst  luby  svd  vmt   130   35K    2551 15309  1651    3.96    3.77   297   340   28K    44   44.37   44.30
c rst  luby  svd  vmt   131   35K    2551 15309  1651    3.96    3.77   297   341   29K    44   44.46   44.40
c rst  luby  svd  vmt   132   35K    2551 15309  1651    3.96    3.77   297   343   29K    44   44.60   44.54
c rst  luby  svd  vmt   133   35K    2551 15309  1651    3.96    3.77   297   343   29K    44   44.73   44.67
c [distill-long-red0] cls tried: 152/152 T: 0.00 T-out: N T-r: 99.84%
c [distill-long-red1] cls tried: 88/266 T: 0.01 T-out: Y T-r: -4.77%
c rst  luby  svd  vmt   134   35K    2551 15309  1651    3.96    3.77   297   361   29K    46   44.87   44.81
c rst  luby  svd  vmt   135   36K    2551 15309  1651    3.96    3.77   298   365   29K    46   44.91   44.84
c rst  luby  svd  vmt   136   36K    2551 15309  1651    3.96    3.77   298   378   30K    47   45.05   44.99
c rst  luby  svd  vmt   137   37K    2551 15309  1651    3.96    3.77   306   399   30K    48   45.42   45.36
c rst  luby  svd  vmt   138   37K    2551 15309  1651    3.96    3.77   307   399   30K    48   45.52   45.46
c rst  luby  svd  vmt   139   37K    2551 15309  1651    3.96    3.77   308   399   31K    48   45.60   45.53
c rst  luby  svd  vmt   140   37K    2551 15309  1651    3.96    3.77   308   402   31K    48   45.85   45.78
c rst  luby  svd  vmt   141   37K    2551 15309  1651    3.96    3.77   309   409   31K    50   45.95   45.88
c rst  luby  svd  vmt   142   37K    2551 15309  1651    3.96    3.77   310   410   31K    51   46.02   45.96
c rst  luby  svd  vmt   143   38K    2551 15309  1651    3.96    3.77   311   414   31K    52   46.06   45.99
c rst  geom best  vmt   144   38K    2551 15309  1651    3.96    3.77   314   417   31K    52   46.09   46.02
c rst  geom best  vmt   145   38K    2551 15309  1651    3.96    3.77   315   422   31K    52   46.13   46.06
c rst  geom best  vmt   146   38K    2551 15309  1651    3.96    3.77   315   422   31K    52   46.23   46.16
c rst  geom best  vmt   147   38K    2551 15309  1651    3.96    3.77   315   422   32K    52   46.22   46.15
c rst  geom best  vmt   148   38K    2551 15309  1651    3.96    3.77   316   423   32K    52   46.26   46.19
c rst  geom best  vmt   149   38K    2551 15309  1651    3.96    3.77   319   425   32K    52   46.25   46.19
c rst  geom best  vmt   150   39K    2551 15309  1651    3.96    3.77   319   427   32K    52   46.36   46.29
c rst  geom best  vmt   151   39K    2551 15309  1651    3.96    3.77   319   428   32K    53   46.58   46.51
c rst  geom best  vmt   152   39K    2551 15309  1651    3.96    3.77   320   430   33K    54   46.61   46.54
c rst  geom best  vmt   153   39K    2551 15309  1651    3.96    3.77   320   432   33K    54   46.63   46.56
c rst  geom best  vmt   154   40K    2551 15309  1651    3.96    3.77   411   341   33K    54   46.79   46.72
c [full-probe]  bin_only: 0 set: 0 repl: 0 T: 0.01 T-out: N T-r: 97.75%
c [impl-str] lit bin: 0 set-var: 0 T: 0.00 T-out: N T-r: 99.95% w-visit: 5102
c [impl-sub] bin: 7 T: 0.00 T-out: N w-visit: 5102
c rst  geom best  vmt   155   40K    2551 15309  1651    3.96    3.77   412   341   33K    48   46.86   46.80
c rst  geom best  vmt   156   40K    2551 15309  1651    3.96    3.77   413   354   34K    48   47.01   46.95
c rst  geom best  vmt   157   41K    2551 15309  1651    3.96    3.77   418   371   34K    48   47.07   47.01
c rst  geom best  vmt   158   41K    2551 15309  1651    3.96    3.77   421   372   34K    48   47.18   47.12
c rst  geom best  vmt   159   41K    2551 15309  1651    3.96    3.77   425   377   35K    48   47.32   47.26
c rst  geom best  vmt   160   42K    2551 15309  1651    3.96    3.77   426   381   35K    48   47.56   47.50
c [branch] adjusting to: vsid (from: vmtf) var_decay:0.95 descr: VSIDS
c rst  geom best   vs   161   42K    2551 15309  1651    3.96    3.77   426   381   36K    48   47.48   47.42
c rst  geom best   vs   162   42K    2551 15309  1651    3.96    3.77   426   381   36K    48   47.39   47.33
c rst  geom best   vs   163   42K    2551 15309  1651    3.96    3.77   426   381   36K    48   47.29   47.23
c rst  geom best   vs   164   42K    2551 15309  1651    3.96    3.77   426   381   36K    48   47.18   47.12
c rst  geom best   vs   165   43K    2551 15309  1651    3.96    3.77   426   381   36K    48   47.06   47.00
c rst  geom best   vs   166   43K    2551 15309  1651    3.96    3.77   426   381   36K    48   46.93   46.88
c rst  geom best   vs   167   43K    2551 15309  1651    3.96    3.77   426   381   36K    48   46.80   46.74
c rst  geom  stb   vs   168   43K    2551 15309  1651    3.96    3.77   426   381   37K    48   46.67   46.61
c rst  geom  stb   vs   169   43K    2551 15309  1651    3.96    3.77   426   381   37K    48   46.55   46.50
c rst  geom  stb   vs   170   44K    2551 15309  1651    3.96    3.77   426   381   37K    48   46.44   46.38
c [ccnr] tries: 0 steps: 262143 best found: 14
c [ccnr] tries: 0 steps: 524287 best found: 14
c [ccnr] tries: 0 steps: 786431 best found: 14
c [ccnr] saving best assignment phase to stable_polar
c [ccnr] bumping based on clause weights
c [ccnr] Bumped vars: 101 bump type: 6
c [ccnr] time: 0.60
c rst  geom  stb   vs   171   44K    2551 15309  1651    3.96    3.77   426   381   37K    48   46.41   46.35
c rst  geom  stb   vs   172   44K    2551 15309  1651    3.96    3.77   426   381   38K    48   46.21   46.16
c rst  geom  stb   vs   173   45K    2551 15309  1651    3.96    3.77   440   635   31K    48   49.56   49.49
c rst  geom  stb   vs   174   45K    2551 15309  1651    3.96    3.77   440   635   31K    48   49.25   49.18
c rst  geom  stb   vs   175   45K    2551 15309  1651    3.96    3.77   440   635   32K    48   48.91   48.84
c rst  geom  stb   vs   176   46K    2551 15309  1651    3.96    3.77   441   635   32K    48   48.63   48.56
c rst  geom  stb   vs   177   46K    2551 15309  1651    3.96    3.77   441   635   33K    48   48.31   48.24
c rst  geom  stb   vs   178   47K    2551 15309  1651    3.96    3.77   441   635   33K    48   47.94   47.88
c rst  geom  stb   vs   179   48K    2551 15309  1651    3.96    3.77   441   635   34K    48   47.52   47.46
c rst  geom  stb   vs   180   48K    2551 15309  1651    3.96    3.77   441   635   34K    48   47.12   47.05
c rst  geom  stb   vs   181   49K    2551 15309  1651    3.96    3.77   441   635   35K    48   46.70   46.65
c rst  geom ibes   vs   182   50K    2551 15309  1651    3.96    3.77   469   607   36K    48   46.15   46.10
c [gauss] XOR-encoding clauses are not detached, so no need to reattach them.
c [g 0] truth-find prop checks  : 773K
c [g 0] -> of which prop        : 39.54 %
c [g 0] -> of which confl       :  3.65 %
c [g 0] elim called             : 136K
c [g 0] ---> which lead to prop : 10.88 %
c [g 0] ---> which lead to confl:  0.80 %
c [g 0] size: 50    x 765  
c [scc] new: 6 BP 0M T: 0.00
c [vrep] vars 6 lits 15147 rem-bin-cls 28 rem-long-cls 1 BP 0M T: 0.03
c [scc] new: 0 BP 0M T: 0.00
c [vrep] vars 0 lits 0 rem-bin-cls 0 rem-long-cls 0 BP 0M T: 0.01
c [intree] Set 0 vars hyper-added: 735 trans-irred: 0 trans-red: 2 T: 0.01 T-out: N T-r: -0.71%
c [find&init matx] performing matrix init
c [gauss] XOR-encoding clauses are not detached, so no need to reattach them.
c [xor-rem-unconnected] left with 50 xors from 50 non-empty xors T: 0.00
c [xor-together] xored together: 0 orig xors: 50 new xors: 50 T: 0.00
c [xor-rem-unconnected] left with 50 xors from 50 non-empty xors T: 0.00
c [xor-clean-equiv] removed equivalent xors: 0 left with: 50
c [matrix] unused xors from cleaning: 0
c [matrix] Good   matrix 0 50      x761    density:0.0976  xorlen avg: 74.30
c [matrix] Using 1 matrices recovered from 0 xors T: 0.00 T-out: N
c rst  geom ibes vs   183   51  K 2545    15308  1640 3.96    3.77      469   607   37K   776 45.77   44.90  
c [distill-long-red0] cls tried: 165/165 T: 0.01 T-out: N T-r: 99.56%
c [distill-long-red1] cls tried: 28/451 T: 0.01 T-out: Y T-r: -1.99%
c rst  geom ibes vs   184   52  K 2545    15308  1640 3.96    3.77      465   607   38K   781 45.09   44.25  
c [distill] watch-based irred--  cl tried 1424     cl-sh 1     cl-rem 0    lit-rem 1      T: 0.00 T-out: N
c [distill] watch-based red  --  cl tried 929      cl-sh 18    cl-rem 1    lit-rem 30     T: 0.00 T-out: N
c rst  geom ibes vs   185   53  K 2545    15307  1641 3.96    3.77      464   607   39K   781 44.30   43.49  
c [branch] adjusting to: vmtf (from: vsid) var_decay:0.95 descr: VMTF
c [distill-bin] useful: 0/1229/1641 lits-rem: 0 cl-rem: 0 0-depth-assigns: 0 T: 0.01 T-out: Y
c rst  luby ibes vmt  186   53  K 2545    15307  1641 3.96    3.77      472   629   39K   781 44.24   43.44  
c rst  luby ibes vmt  187   53  K 2545    15307  1641 3.96    3.77      473   630   39K   781 44.40   43.59  
c rst  luby ibes vmt  188   53  K 2545    15307  1641 3.96    3.77      474   633   39K   781 44.58   43.78  
c rst  luby ibes vmt  189   53  K 2545    15307  1641 3.96    3.77      475   635   39K   781 44.62   43.82  
c rst  luby ibes vmt  190   53  K 2545    15307  1641 3.96    3.77      475   638   39K   781 44.63   43.83  
c rst  luby ibes vmt  191   53  K 2545    15307  1641 3.96    3.77      475   641   40K   781 44.65   43.86  
c rst  luby ibes vmt  192   54  K 2545    15307  1641 3.96    3.77      476   650   40K   781 45.05   44.26  
c rst  luby ibes vmt  193   54  K 2545    15307  1641 3.96    3.77      476   657   40K   781 45.17   44.38  
c rst  luby ibes vmt  194   54  K 2545    15307  1641 3.96    3.77      477   659   40K   781 45.22   44.43  
c rst  luby ibes vmt  195   54  K 2545    15307  1641 3.96    3.77      477   660   40K   781 45.21   44.42  
c rst  luby ibes vmt  196   54  K 2545    15307  1641 3.96    3.77      477   664   40K   781 45.19   44.41  
c rst  luby ibes vmt  197   54  K 2545    15307  1641 3.96    3.77      478   665   41K   781 45.33   44.55  
c rst  luby ibes vmt  198   55  K 2545    15307  1641 3.96    3.77      479   669   41K   781 45.43   44.64  
c rst  luby svd  vmt  199   55  K 2545    15307  1641 3.96    3.77      480   681   41K   781 45.73   44.95  
c rst  luby svd  vmt  200   56  K 2545    15307  1641 3.96    3.77      480   691   42K   781 45.91   45.13  
c recursive minimization cost OK: 288Kcost/(% lits removed)
c [gauss] XOR-encoding clauses are not detached, so no need to reattach them.
c [g 0] truth-find prop checks  : 97K
c [g 0] -> of which prop        : 42.96 %
c [g 0] -> of which confl       :  4.04 %
c [g 0] elim called             : 14612
c [g 0] ---> which lead to prop :  1.20 %
c [g 0] ---> which lead to confl:  0.08 %
c [g 0] size: 50    x 761  
c --> Executing strategy token: scc-vrepl
c [scc] new: 2 BP 0M T: 0.00
c [vrep] vars 2 lits 11193 rem-bin-cls 8 rem-long-cls 883 BP 0M T: 0.02
c --> Executing strategy token: sub-impl
c [impl-sub] bin: 7 T: 0.00 T-out: N w-visit: 5102
c --> Executing strategy token: breakid
c --> Executing OCC strategy token(s): 'occ-backw-sub-str,occ-clean-implicit,occ-bve,occ-bva,occ-ternary-res,occ-xor,'
c [occ] mem usage for occur 1      MB
c [occ] Linked in IRRED BIN by default: 1638
c [occ] Linked in RED   BIN by default: 773
c [occ] mem usage for occur 0      MB
c Mem for watch alloc      : 3           MB (16.18     %)
c Mem for watch array      : 0           MB (0.79      %)
c --> Executing OCC strategy token: occ-backw-sub-str
c [occ-backw-sub-str-long-w-bins] subs: 0 str: 4 tried: 2411 0-depth ass: 0 T: 0.00 T-out: N T-r: 99.44%
c [occ-backw-sub-long-w-long] rem cl: 22 tried: 57775/57775 (100.0%) T: 0.01 T-out: N T-r: 96.86%
c [occ-backw-sub-str-long-w-long] sub: 1 str: 1 tried: 173325/57775 (300.0)  T: 0.05 T-out: N T-r: 89.33%
c --> Executing OCC strategy token: occ-clean-implicit
c --> Executing OCC strategy token: occ-bve
c [occ-empty-res] Empty resolvent elimed: 0 T: 0.00 T-out: N
c [occ-bve] iter v-elim 9
c cl_inc_rate=1.0, var_dec_rate=1.0 (grow=0)
c Reduced to 2534 vars, 16940 cls (grow=0)
c [occ-bve] iter v-elim 291
c cl_inc_rate=1.1, var_dec_rate=1.1 (grow=8)
c Reduced to 2243 vars, 18220 cls (grow=8)
c x n vars       : 2243
c #try to eliminate:  5320
c #var-elim        :   300
c #T-o: N
c #T-r: 99.99%
c #T  : 0.08
c [occur] 0.04 is overhead
c [occur] link-in T: 0.04 cleanup T: 0.00
c --> Executing OCC strategy token: occ-bva
c --> Executing OCC strategy token: occ-ternary-res
c [occ-ternary-res] Ternary res-tri: 56 res-bin: 0 sub: 2 str: 0 T: 0.00 T-out: N T-r: 99.39%
c --> Executing OCC strategy token: occ-xor
c [occ-xor] sort occur list T: 0.00
c [xor-clean-equiv] removed equivalent xors: 0 left with: 1670
c [occ-xor] found   1670 avg sz 4.0 min sz  4 max sz  5 T: 0.01 T-out: N T-r: 99.98%
c --> Executing strategy token: card-find
c --> Executing strategy token: cl-consolidate
c [mem] consolidate  old-sz: 11186K new-sz: 4133K new bits offs: 19 T: 0.00
c --> Executing strategy token: scc-vrepl
c [scc] new: 0 BP 0M T: 0.00
c --> Executing strategy token: renumber
c --> Executing strategy token: bosphorus
c --> Executing strategy token: louvain-comms
c [consolidate] mini T: 0.00
c global_timeout_multiplier: 3.3000
c [branch] rebuilding order heap for all branchings. Current branching: vmtf
c [find&init matx] performing matrix init
c [gauss] XOR-encoding clauses are not detached, so no need to reattach them.
c [xor-rem-unconnected] left with 1670 xors from 1670 non-empty xors T: 0.00
c [xor-together] xored together: 1622 orig xors: 1670 new xors: 48 T: 0.00
c [xor-rem-unconnected] left with 48 xors from 48 non-empty xors T: 0.00
c [xor-clean-equiv] removed equivalent xors: 0 left with: 48
c [matrix] unused xors from cleaning: 0
c [matrix] Good   matrix  0     48 x  461  density:0.1557  xorlen avg: 71.79
c [matrix] Using 1 matrices recovered from 0 xors T: 0.00 T-out: N
c rst  luby  svd  vmt   201   56K    2243 17344   876    4.12    4.02   105   118   24K    92   27.75   27.66
c rst  luby  svd  vmt   202   56K    2243 17344   876    4.12    4.02   105   120   24K    92   27.72   27.62
c rst  luby  svd  vmt   203   56K    2243 17344   876    4.12    4.02   105   120   24K    92   27.69   27.59
c rst  luby  svd  vmt   204   56K    2243 17344   876    4.12    4.02   107   132   24K    92   27.64   27.54
c rst  luby  svd  vmt   205   56K    2243 17344   876    4.12    4.02   107   134   24K    92   27.63   27.53
c rst  luby  svd  vmt   206   56K    2243 17344   876    4.12    4.02   107   137   24K    92   27.60   27.50
c rst  luby  svd  vmt   207   57K    2243 17344   876    4.12    4.02   108   149   24K    92   27.54   27.45
c rst  luby  svd  vmt   208   57K    2243 17344   876    4.12    4.02   108   152   25K    92   27.39   27.30
c rst  luby  svd  vmt   209   57K    2243 17344   876    4.12    4.02   109   154   25K    92   27.38   27.29
c rst  luby  svd  vmt   210   57K    2243 17344   876    4.12    4.02   111   168   25K    92   27.33   27.24
c rst  luby  svd  vmt   211   57K    2243 17344   876    4.12    4.02   111   170   25K    92   27.29   27.20
c rst  luby  svd  vmt   212   58K    2243 17344   876    4.12    4.02   111   173   25K    92   27.26   27.17
c rst  luby  svd  vmt   213   58K    2243 17344   876    4.12    4.02   112   175   25K    92   27.23   27.14
c rst  luby  svd  vmt   214   58K    2243 17344   876    4.12    4.02   112   181   26K    92   27.19   27.10
c rst  luby  svd  vmt   215   58K    2243 17344   876    4.12    4.02   113   191   26K    92   27.10   27.02
c rst  luby  svd  vmt   216   59K    2243 17344   876    4.12    4.02   113   201   27K    92   26.76   26.67
c rst  luby  svd  vmt   217   61K    2243 17344   876    4.12    4.02   181   258   25K    92   25.52   25.44
c [full-probe]  bin_only: 1 set: 0 repl: 0 T: 0.01 T-out: N T-r: 99.79%
c rst  geom best  vmt   218   61K    2243 17344   876    4.12    4.02   182   258   25K    92   25.49   25.40
c rst  geom best  vmt   219   61K    2243 17344   876    4.12    4.02   183   260   25K    92   25.51   25.42
c rst  geom best  vmt   220   61K    2243 17344   876    4.12    4.02   183   261   25K    92   25.49   25.40
c rst  geom best  vmt   221   61K    2243 17344   876    4.12    4.02   185   263   25K    92   25.45   25.37
c rst  geom best  vmt   222   61K    2243 17344   876    4.12    4.02   185   267   25K    92   25.43   25.35
c rst  geom best  vmt   223   61K    2243 17344   876    4.12    4.02   185   269   25K    92   25.38   25.30
c rst  geom best  vmt   224   62K    2243 17344   876    4.12    4.02   185   272   26K    92   25.35   25.27
c rst  geom best  vmt   225   62K    2243 17344   876    4.12    4.02   186   279   26K    92   25.30   25.22
c rst  geom best  vmt   226   62K    2243 17344   876    4.12    4.02   186   281   26K    92   25.24   25.16
c rst  geom best  vmt   227   62K    2243 17344   876    4.12    4.02   188   287   26K    92   25.21   25.13
c rst  geom best  vmt   228   63K    2243 17344   876    4.12    4.02   188   289   27K    92   25.16   25.08
c [branch] adjusting to: vsid (from: vmtf) var_decay:0.95 descr: VSIDS
c rst  geom best   vs   229   63K    2243 17344   876    4.12    4.02   188   289   27K    92   25.22   25.14
c rst  geom best   vs   230   63K    2243 17344   876    4.12    4.02   188   289   27K    92   25.23   25.15
c rst  geom best   vs   231   63K    2243 17344   876    4.12    4.02   189   289   27K    92   25.26   25.18
c rst  geom best   vs   232   63K    2243 17344   876    4.12    4.02   190   289   27K    92   25.27   25.20
c rst  geom best   vs   233   63K    2243 17344   876    4.12    4.02   190   289   27K    92   25.29   25.21
c rst  geom best   vs   234   64K    2243 17344   876    4.12    4.02   190   289   27K    92   25.38   25.31
c rst  geom best   vs   235   64K    2243 17344   876    4.12    4.02   190   289   28K    92   25.41   25.33
c rst  geom best   vs   236   64K    2243 17344   876    4.12    4.02   190   289   28K    92   25.38   25.31
c rst  geom best   vs   237   64K    2243 17344   876    4.12    4.02   190   289   28K    92   25.40   25.33
c rst  geom best   vs   238   64K    2243 17344   876    4.12    4.02   190   289   28K    92   25.40   25.33
c rst  geom best   vs   239   65K    2243 17344   876    4.12    4.02   190   289   29K    92   25.37   25.30
c rst  geom best   vs   240   65K    2243 17344   876    4.12    4.02   191   289   29K    92   25.49   25.42
c rst  geom best   vs   241   65K    2243 17344   876    4.12    4.02   191   289   29K    92   25.48   25.41
c rst  geom best   vs   242   66K    2243 17344   876    4.12    4.02   191   289   30K    92   25.47   25.40
c [distill-long-red0] cls tried: 98/98 T: 0.01 T-out: N T-r: 99.85%
c [distill-long-red1] cls tried: 85/206 T: 0.01 T-out: Y T-r: -1.46%
c rst  geom best   vs   243   66K    2243 17344   876    4.12    4.02   191   289   30K    92   25.47   25.40
c rst  geom best   vs   244   67K    2243 17344   876    4.12    4.02   191   289   30K    92   25.39   25.32
c rst  geom  stb   vs   245   67K    2243 17344   876    4.12    4.02   191   289   31K    92   25.41   25.35
c rst  geom  stb   vs   246   68K    2243 17344   876    4.12    4.02   191   289   32K    92   25.47   25.41
c rst  geom  stb   vs   247   68K    2243 17344   876    4.12    4.02   191   289   32K    92   25.51   25.45
c rst  geom  stb   vs   248   69K    2243 17344   876    4.12    4.02   191   289   33K    92   25.58   25.52
c rst  geom  stb   vs   249   70K    2243 17344   876    4.12    4.02   230   250   34K    92   25.62   25.55
c rst  geom  stb   vs   250   70K    2243 17344   876    4.12    4.02   230   250   34K    92   25.55   25.48
c rst  geom  stb   vs   251   71K    2243 17344   876    4.12    4.02   230   250   35K    92   25.69   25.63
c rst  geom  stb   vs   252   72K    2243 17344   876    4.12    4.02   230   250   36K    92   25.70   25.65
c rst  geom  stb   vs   253   73K    2243 17344   876    4.12    4.02   230   250   37K    92   25.80   25.75
c [distill-bin] useful: 1/876/876 lits-rem: 0 cl-rem: 1 0-depth-assigns: 0 T: 0.01 T-out: N
c rst  geom ibes   vs   254   74K    2243 17344   875    4.12    4.02   230   250   38K    92   25.57   25.52
c [branch] adjusting to: vmtf (from: vsid) var_decay:0.95 descr: VMTF
c rst  luby ibes  vmt   255   75K    2243 17344   875    4.12    4.02   235   326   31K    92   23.76   23.70
c rst  luby ibes  vmt   256   75K    2243 17344   875    4.12    4.02   235   326   32K    92   23.73   23.67
c rst  luby ibes  vmt   257   75K    2243 17344   875    4.12    4.02   235   327   32K    92   23.69   23.63
c rst  luby ibes  vmt   258   75K    2243 17344   875    4.12    4.02   236   327   32K    92   23.66   23.60
c rst  luby ibes  vmt   259   75K    2243 17344   875    4.12    4.02   236   328   32K    92   23.65   23.59
c rst  luby ibes  vmt   260   75K    2243 17344   875    4.12    4.02   236   328   32K    92   23.76   23.70
c rst  luby ibes  vmt   261   76K    2243 17344   875    4.12    4.02   239   328   33K    92   23.74   23.68
c rst  luby ibes  vmt   262   76K    2243 17344   875    4.12    4.02   239   328   33K    92   23.72   23.66
c rst  luby ibes  vmt   263   76K    2243 17344   875    4.12    4.02   239   328   33K    92   23.70   23.65
c rst  luby ibes  vmt   264   76K    2243 17344   875    4.12    4.02   239   328   33K    92   23.67   23.61
c rst  luby ibes  vmt   265   76K    2243 17344   875    4.12    4.02   239   328   33K    92   23.65   23.59
c rst  luby ibes  vmt   266   76K    2243 17344   875    4.12    4.02   239   328   33K    92   23.63   23.57
c rst  luby ibes  vmt   267   76K    2243 17344   875    4.12    4.02   239   328   33K    92   23.60   23.55
c rst  luby ibes  vmt   268   77K    2243 17344   875    4.12    4.02   239   328   34K    92   23.54   23.48
c [distill] watch-based irred--  cl tried     7656 cl-sh   139 cl-rem  152 lit-rem    145 T: 0.01 T-out: N
c [distill] watch-based   red--  cl tried      478 cl-sh    10 cl-rem    0 lit-rem     32 T: 0.00 T-out: N
c rst  luby ibes  vmt   269   78K    2243 17192   885    4.11    4.01   239   328   35K    82   23.37   23.32
c rst  luby ibes  vmt   270   78K    2243 17192   885    4.11    4.01   239   328   35K    82   23.35   23.30
c rst  luby ibes  vmt   271   78K    2243 17192   885    4.11    4.01   239   328   35K    82   23.35   23.30
c rst  luby ibes  vmt   272   78K    2243 17192   885    4.11    4.01   239   328   35K    82   23.32   23.27
c rst  luby ibes  vmt   273   78K    2243 17192   885    4.11    4.01   239   328   35K    82   23.30   23.25
c rst  luby ibes  vmt   274   78K    2243 17192   885    4.11    4.01   239   328   35K    82   23.28   23.24
c rst  luby ibes  vmt   275   78K    2243 17192   885    4.11    4.01   239   328   35K    82   23.25   23.20
c rst  luby ibes  vmt   276   79K    2243 17192   885    4.11    4.01   239   328   36K    82   23.17   23.12
c rst  luby ibes  vmt   277   79K    2243 17192   885    4.11    4.01   239   328   36K    82   23.15   23.10
c rst  luby ibes  vmt   278   79K    2243 17192   885    4.11    4.01   239   328   36K    82   23.13   23.08
c rst  luby  svd  vmt   279   79K    2243 17192   885    4.11    4.01   239   328   36K    82   23.22   23.17
c rst  luby  svd  vmt   280   79K    2243 17192   885    4.11    4.01   239   328   36K    82   23.28   23.24
c rst  luby  svd  vmt   281   79K    2243 17192   885    4.11    4.01   239   328   36K    82   23.32   23.27
c rst  luby  svd  vmt   282   80K    2243 17192   885    4.11    4.01   245   307   37K    82   23.38   23.34
c rst  luby  svd  vmt   283   80K    2243 17192   885    4.11    4.01   245   307   37K    82   23.50   23.46
c rst  luby  svd  vmt   284   81K    2243 17192   885    4.11    4.01   245   307   38K    82   23.61   23.56
c [distill-long-red0] cls tried: 56/56 T: 0.00 T-out: N T-r: 99.90%
c [distill-long-red1] cls tried: 133/159 T: 0.01 T-out: Y T-r: -1.19%
c [full-probe]  bin_only: 0 set: 0 repl: 0 T: 0.01 T-out: N T-r: 98.00%
c rst  luby  svd  vmt   285   82K    2243 17192   885    4.11    4.01   245   307   39K    84   23.63   23.58
c rst  luby  svd  vmt   286   83K    2243 17192   885    4.11    4.01   245   307   40K    84   23.62   23.58
c rst  luby  svd  vmt   287   83K    2243 17192   885    4.11    4.01   245   307   40K    84   23.62   23.58
c rst  luby  svd  vmt   288   83K    2243 17192   885    4.11    4.01   245   307   40K    84   23.61   23.57
c rst  luby  svd  vmt   289   83K    2243 17192   885    4.11    4.01   245   307   40K    84   23.61   23.57
c rst  luby  svd  vmt   290   83K    2243 17192   885    4.11    4.01   245   307   40K    84   23.61   23.57
c rst  luby  svd  vmt   291   83K    2243 17192   885    4.11    4.01   245   307   40K    84   23.61   23.56
c rst  luby  svd  vmt   292   84K    2243 17192   885    4.11    4.01   245   307   41K    84   23.67   23.62
c rst  luby  svd  vmt   293   84K    2243 17192   885    4.11    4.01   245   307   41K    84   23.73   23.68
c rst  luby  svd  vmt   294   84K    2243 17192   885    4.11    4.01   245   307   41K    84   23.74   23.69
c rst  luby  svd  vmt   295   84K    2243 17192   885    4.11    4.01   245   307   41K    84   23.75   23.71
c rst  luby  svd  vmt   296   84K    2243 17192   885    4.11    4.01   245   307   41K    84   23.77   23.73
c rst  luby  svd  vmt   297   84K    2243 17192   885    4.11    4.01   245   307   41K    84   23.79   23.75
c rst  luby  svd  vmt   298   85K    2243 17192   885    4.11    4.01   245   307   41K    84   23.82   23.78
c rst  luby  svd  vmt   299   85K    2243 17192   885    4.11    4.01   245   307   42K    84   23.89   23.85
c rst  luby  svd  vmt   300   86K    2243 17192   885    4.11    4.01   245   307   43K    84   23.92   23.87
c rst  geom best  vmt   301   86K    2243 17192   885    4.11    4.01   245   307   43K    84   23.93   23.89
c rst  geom best  vmt   302   86K    2243 17192   885    4.11    4.01   245   307   43K    84   23.94   23.90
c rst  geom best  vmt   303   86K    2243 17192   885    4.11    4.01   245   307   43K    84   23.95   23.90
c rst  geom best  vmt   304   86K    2243 17192   885    4.11    4.01   245   307   43K    84   23.94   23.90
c rst  geom best  vmt   305   86K    2243 17192   885    4.11    4.01   245   308   43K    84   23.98   23.94
c rst  geom best  vmt   306   87K    2243 17192   885    4.11    4.01   245   308   43K    84   23.98   23.94
c rst  geom best  vmt   307   87K    2243 17192   885    4.11    4.01   245   308   44K    84   23.98   23.94
c rst  geom best  vmt   308   87K    2243 17192   885    4.11    4.01   245   308   44K    84   24.01   23.97
c rst  geom best  vmt   309   87K    2243 17192   885    4.11    4.01   245   308   44K    84   24.02   23.98
c [branch] adjusting to: vsid (from: vmtf) var_decay:0.95 descr: VSIDS
c rst  geom best   vs   310   87K    2243 17192   885    4.11    4.01   245   308   44K    84   24.04   23.99
c rst  geom best   vs   311   87K    2243 17192   885    4.11    4.01   245   308   44K    84   24.02   23.98
c rst  geom best   vs   312   88K    2243 17192   885    4.11    4.01   245   308   44K    84   24.02   23.97
c rst  geom best   vs   313   88K    2243 17192   885    4.11    4.01   245   308   45K    84   24.00   23.96
c [ccnr] tries: 0 steps: 262143 best found: 15
c [ccnr] tries: 0 steps: 524287 best found: 12
c [ccnr] saving best assignment phase to stable_polar
c [ccnr] bumping based on var unsat frequency: conflict_ct
c [ccnr] Bumped vars: 2551 bump type: 6
c [ccnr] time: 0.52
c rst  geom best   vs   314   88K    2243 17192   885    4.11    4.01   245   308   45K    84   23.98   23.94
c rst  geom best   vs   315   88K    2243 17192   885    4.11    4.01   245   308   45K    84   23.96   23.92
c rst  geom best   vs   316   88K    2243 17192   885    4.11    4.01   245   308   45K    84   23.93   23.89
c rst  geom best   vs   317   88K    2243 17192   885    4.11    4.01   245   308   45K    84   23.90   23.86
c rst  geom best   vs   318   89K    2243 17192   885    4.11    4.01   245   308   46K    84   23.93   23.89
c rst  geom best   vs   319   89K    2243 17192   885    4.11    4.01   245   308   46K    84   23.94   23.90
c rst  geom best   vs   320   89K    2243 17192   885    4.11    4.01   245   308   46K    84   24.04   24.00
c rst  geom best   vs   321   90K    2243 17192   885    4.11    4.01   245   319   35K    84   23.80   23.75
c rst  geom best   vs   322   90K    2243 17192   885    4.11    4.01   245   319   35K    84   23.87   23.82
c rst  geom best   vs   323   90K    2243 17192   885    4.11    4.01   245   319   35K    84   23.84   23.79
c rst  geom best   vs   324   91K    2243 17192   885    4.11    4.01   245   319   36K    84   23.87   23.82
c rst  geom best   vs   325   91K    2243 17192   885    4.11    4.01   245   319   36K    84   23.88   23.83
c rst  geom best   vs   326   92K    2243 17192   885    4.11    4.01   245   319   37K    84   23.83   23.78
c rst  geom  stb   vs   327   92K    2243 17192   885    4.11    4.01   245   319   37K    84   23.94   23.89
c rst  geom  stb   vs   328   93K    2243 17192   885    4.11    4.01   245   319   38K    84   24.09   24.04
c rst  geom  stb   vs   329   93K    2243 17192   885    4.11    4.01   245   319   38K    84   24.17   24.12
c [distill-bin] useful: 0/885/885 lits-rem: 0 cl-rem: 0 0-depth-assigns: 0 T: 0.01 T-out: N
c rst  geom  stb   vs   330   94K    2243 17192   885    4.11    4.01   245   319   39K    84   24.12   24.07
c rst  geom  stb   vs   331   95K    2243 17192   885    4.11    4.01   245   319   40K    84   24.22   24.17
c rst  geom  stb   vs   332   96K    2243 17192   885    4.11    4.01   245   319   41K    84   24.48   24.43
c rst  geom  stb   vs   333   97K    2243 17192   885    4.11    4.01   245   319   42K    84   24.88   24.84
c [distill-long-red0] cls tried: 0/0 T: 0.00 T-out: N T-r: 100.00%
c [distill-long-red1] cls tried: 38/38 T: 0.00 T-out: N T-r: 62.77%
c rst  geom  stb   vs   334   98K    2243 17192   885    4.11    4.01   245   319   43K    84   25.06   25.02
c rst  geom ibes   vs   335   99K    2243 17192   885    4.11    4.01   245   319   44K    84   25.06   25.02
c rst  geom ibes   vs   336  100K    2243 17192   885    4.11    4.01   245   313   45K    84   25.01   24.97
c [impl-str] lit bin: 0 set-var: 0 T: 0.00 T-out: N T-r: 99.95% w-visit: 5102
c [impl-sub] bin: 1 T: 0.00 T-out: N w-visit: 5102
c rst  geom ibes   vs   337  102K    2243 17192   885    4.11    4.01   245   313   47K    83   25.09   25.05
c [branch] adjusting to: vmtf (from: vsid) var_decay:0.95 descr: VMTF
c [full-probe]  bin_only: 1 set: 0 repl: 0 T: 0.01 T-out: N T-r: 99.80%
c rst  luby ibes  vmt   338  102K    2243 17192   885    4.11    4.01   251   327   47K    86   25.16   25.12
c rst  luby ibes  vmt   339  102K    2243 17192   885    4.11    4.01   251   327   47K    86   25.19   25.15
c [distill] watch-based irred--  cl tried     7504 cl-sh     0 cl-rem    0 lit-rem      0 T: 0.01 T-out: N
c [distill] watch-based   red--  cl tried      502 cl-sh     0 cl-rem    0 lit-rem      0 T: 0.00 T-out: N
c rst  luby ibes  vmt   340  102K    2243 17192   885    4.11    4.01   251   327   47K    86   25.21   25.17
c rst  luby ibes  vmt   341  102K    2243 17192   885    4.11    4.01   251   327   47K    86   25.24   25.19
c rst  luby ibes  vmt   342  102K    2243 17192   885    4.11    4.01   251   327   47K    86   25.23   25.19
c rst  luby ibes  vmt   343  102K    2243 17192   885    4.11    4.01   251   327   47K    86   25.25   25.20
c rst  luby ibes  vmt   344  103K    2243 17192   885    4.11    4.01   251   327   48K    86   25.20   25.16
c rst  luby ibes  vmt   345  103K    2243 17192   885    4.11    4.01   251   327   48K    86   25.19   25.15
c rst  luby ibes  vmt   346  103K    2243 17192   885    4.11    4.01   251   327   48K    86   25.17   25.13
c rst  luby ibes  vmt   347  103K    2243 17192   885    4.11    4.01   251   327   48K    86   25.15   25.11
c rst  luby ibes  vmt   348  103K    2243 17192   885    4.11    4.01   251   327   48K    86   25.14   25.10
c rst  luby ibes  vmt   349  103K    2243 17192   885    4.11    4.01   251   327   48K    86   25.12   25.08
c rst  luby ibes  vmt   350  104K    2243 17192   885    4.11    4.01   251   327   49K    86   25.09   25.05
c rst  luby ibes  vmt   351  104K    2243 17192   885    4.11    4.01   251   327   49K    86   25.04   25.00
c rst  luby  svd  vmt   352  105K    2243 17192   885    4.11    4.01   251   328   35K    86   25.71   25.65
c rst  luby  svd  vmt   353  105K    2243 17192   885    4.11    4.01   251   328   35K    86   25.70   25.64
c rst  luby  svd  vmt   354  105K    2243 17192   885    4.11    4.01   251   328   35K    86   25.68   25.63
c rst  luby  svd  vmt   355  105K    2243 17192   885    4.11    4.01   251   328   35K    86   25.68   25.62
c rst  luby  svd  vmt   356  105K    2243 17192   885    4.11    4.01   251   328   36K    86   25.67   25.62
c rst  luby  svd  vmt   357  106K    2243 17192   885    4.11    4.01   251   328   36K    86   25.67   25.62
c rst  luby  svd  vmt   358  106K    2243 17192   885    4.11    4.01   251   328   36K    86   25.66   25.61
c rst  luby  svd  vmt   359  106K    2243 17192   885    4.11    4.01   251   328   36K    86   25.64   25.59
c rst  luby  svd  vmt   360  106K    2243 17192   885    4.11    4.01   251   328   36K    86   25.64   25.58
c rst  luby  svd  vmt   361  106K    2243 17192   885    4.11    4.01   251   328   36K    86   25.63   25.58
c rst  luby  svd  vmt   362  107K    2243 17192   885    4.11    4.01   251   328   37K    86   25.64   25.59
c rst  luby  svd  vmt   363  107K    2243 17192   885    4.11    4.01   251   328   37K    86   25.64   25.59
c rst  luby  svd  vmt   364  107K    2243 17192   885    4.11    4.01   251   328   37K    86   25.64   25.59
c rst  luby  svd  vmt   365  107K    2243 17192   885    4.11    4.01   251   328   37K    86   25.64   25.59
c rst  luby  svd  vmt   366  107K    2243 17192   885    4.11    4.01   251   328   37K    86   25.62   25.56
c rst  luby  svd  vmt   367  108K    2243 17192   885    4.11    4.01   251   328   38K    86   25.74   25.69
c rst  luby  svd  vmt   368  110K    2243 17192   885    4.11    4.01   253   324   40K    86   26.17   26.12
c rst  luby  svd  vmt   369  110K    2243 17192   885    4.11    4.01   253   324   40K    86   26.20   26.15
c rst  luby  svd  vmt   370  110K    2243 17192   885    4.11    4.01   253   324   40K    86   26.24   26.19
c rst  luby  svd  vmt   371  110K    2243 17192   885    4.11    4.01   253   324   40K    86   26.26   26.21
c rst  luby  svd  vmt   372  110K    2243 17192   885    4.11    4.01   253   324   40K    86   26.28   26.23
c rst  geom best  vmt   373  110K    2243 17192   885    4.11    4.01   253   324   41K    86   26.31   26.26
c rst  geom best  vmt   374  110K    2243 17192   885    4.11    4.01   253   324   41K    86   26.31   26.26
c rst  geom best  vmt   375  111K    2243 17192   885    4.11    4.01   253   324   41K    86   26.31   26.26
c rst  geom best  vmt   376  111K    2243 17192   885    4.11    4.01   253   324   41K    86   26.31   26.26
c rst  geom best  vmt   377  111K    2243 17192   885    4.11    4.01   253   324   41K    86   26.33   26.28
c rst  geom best  vmt   378  111K    2243 17192   885    4.11    4.01   253   324   41K    86   26.37   26.32
c rst  geom best  vmt   379  111K    2243 17192   885    4.11    4.01   253   324   41K    86   26.41   26.36
c rst  geom best  vmt   380  111K    2243 17192   885    4.11    4.01   253   324   42K    86   26.50   26.45
c rst  geom best  vmt   381  112K    2243 17192   885    4.11    4.01   253   324   42K    86   26.49   26.44
c rst  geom best  vmt   382  112K    2243 17192   885    4.11    4.01   253   324   42K    86   26.49   26.44
c [distill-long-red0] cls tried: 7/7 T: 0.00 T-out: N T-r: 99.99%
c [distill-long-red1] cls tried: 14/14 T: 0.00 T-out: N T-r: 92.98%
c rst  geom best  vmt   383  112K    2243 17192   885    4.11    4.01   253   324   42K    86   26.47   26.42
c rst  geom best  vmt   384  113K    2243 17192   885    4.11    4.01   253   324   43K    86   26.48   26.43
c rst  geom best  vmt   385  113K    2243 17192   885    4.11    4.01   253   324   43K    86   26.46   26.41
c rst  geom best  vmt   386  113K    2243 17192   885    4.11    4.01   253   324   43K    86   26.44   26.39
c rst  geom best  vmt   387  114K    2243 17192   885    4.11    4.01   253   324   44K    86   26.47   26.43
c [distill-bin] useful: 0/885/885 lits-rem: 0 cl-rem: 0 0-depth-assigns: 0 T: 0.01 T-out: N
c rst  geom best  vmt   388  114K    2243 17192   885    4.11    4.01   253   324   44K    86   26.52   26.48
c rst  geom best  vmt   389  115K    2243 17192   885    4.11    4.01   253   324   45K    86   26.54   26.49
c rst  geom best  vmt   390  115K    2243 17192   885    4.11    4.01   253   324   45K    86   26.52   26.47
c [gauss] XOR-encoding clauses are not detached, so no need to reattach them.
c [g 0] truth-find prop checks  : 1267K
c [g 0] -> of which prop        : 61.72 %
c [g 0] -> of which confl       :  2.41 %
c [g 0] elim called             : 101K
c [g 0] ---> which lead to prop : 40.14 %
c [g 0] ---> which lead to confl:  1.64 %
c [g 0] size: 48    x 461  
c [scc] new: 1 BP 0M T: 0.00
c [vrep] vars 1 lits 6676 rem-bin-cls 6 rem-long-cls 53 BP 0M T: 0.01
c [scc] new: 0 BP 0M T: 0.00
c [vrep] vars 0 lits 0 rem-bin-cls 0 rem-long-cls 0 BP 0M T: 0.00
c [intree] Set 0 vars hyper-added: 23 trans-irred: 0 trans-red: 1 T: 0.01 T-out: N T-r: -1.04%
c [find&init matx] performing matrix init
c [gauss] XOR-encoding clauses are not detached, so no need to reattach them.
c [xor-rem-unconnected] left with 1670 xors from 1670 non-empty xors T: 0.00
c [xor-together] xored together: 1622 orig xors: 1670 new xors: 48 T: 0.00
c [xor-rem-unconnected] left with 48 xors from 48 non-empty xors T: 0.00
c [xor-clean-equiv] removed equivalent xors: 0 left with: 48
c [matrix] unused xors from cleaning: 0
c [matrix] Good   matrix 0 48      x460    density:0.1561  xorlen avg: 71.79
c [matrix] Using 1 matrices recovered from 0 xors T: 0.00 T-out: N
c rst  geom best vmt  391   116 K 2242    17192   885 4.11    4.01      253   324   46K   104 26.44   26.39  
c rst  geom best vmt  392   116 K 2242    17192   885 4.11    4.01      253   324   47K   104 26.54   26.49  
c rst  geom stb  vmt  393   117 K 2242    17192   885 4.11    4.01      253   324   47K   104 26.58   26.52  
c [branch] adjusting to: vsid (from: vmtf) var_decay:0.95 descr: VSIDS
c rst  geom stb  vs   394   117 K 2242    17192   885 4.11    4.01      253   324   47K   104 26.62   26.57  
c rst  geom stb  vs   395   117 K 2242    17192   885 4.11    4.01      253   324   48K   104 26.67   26.62  
c rst  geom stb  vs   396   118 K 2242    17192   885 4.11    4.01      253   324   48K   104 26.70   26.65  
c rst  geom stb  vs   397   118 K 2242    17192   885 4.11    4.01      253   324   48K   104 26.73   26.68  
c rst  geom stb  vs   398   118 K 2242    17192   885 4.11    4.01      253   324   48K   104 26.73   26.68  
c rst  geom stb  vs   399   118 K 2242    17192   885 4.11    4.01      253   324   48K   104 26.76   26.71  
c rst  geom stb  vs   400   118 K 2242    17192   885 4.11    4.01      253   324   48K   104 26.78   26.73  
c rst  geom stb  vs   401   118 K 2242    17192   885 4.11    4.01      253   324   49K   104 26.80   26.75  
c rst  geom stb  vs   402   119 K 2242    17192   885 4.11    4.01      253   324   49K   104 26.87   26.81  
c rst  geom stb  vs   403   119 K 2242    17192   885 4.11    4.01      253   324   49K   104 26.95   26.89  
c rst  geom stb  vs   404   119 K 2242    17192   885 4.11    4.01      253   324   49K   104 27.04   26.99  
c rst  geom stb  vs   405   120 K 2242    17192   885 4.11    4.01      253   324   35K   104 28.33   28.25  
c rst  geom stb  vs   406   120 K 2242    17192   885 4.11    4.01      254   324   35K   104 28.45   28.38  
c rst  geom stb  vs   407   120 K 2242    17192   885 4.11    4.01      254   324   35K   104 28.48   28.41  
c rst  geom stb  vs   408   121 K 2242    17192   885 4.11    4.01      254   324   36K   104 28.48   28.41  
c rst  geom stb  vs   409   121 K 2242    17192   885 4.11    4.01      254   324   36K   104 28.45   28.37  
c rst  geom stb  vs   410   122 K 2242    17192   885 4.11    4.01      254   324   37K   104 28.46   28.39  
c rst  geom stb  vs   411   122 K 2242    17192   885 4.11    4.01      254   324   37K   104 28.61   28.54  
c [full-probe]  bin_only: 0 set: 0 repl: 0 T: 0.01 T-out: N T-r: 98.17%
c rst  geom stb  vs   412   123 K 2242    17192   885 4.11    4.01      254   324   38K   104 28.71   28.64  
c rst  geom ibes vs   413   123 K 2242    17192   885 4.11    4.01      254   324   39K   104 28.84   28.77  
c rst  geom ibes vs   414   124 K 2242    17192   885 4.11    4.01      254   324   39K   104 28.73   28.66  
c rst  geom ibes vs   415   125 K 2242    17192   885 4.11    4.01      254   324   40K   104 28.78   28.72  
c rst  geom ibes vs   416   126 K 2242    17192   885 4.11    4.01      254   324   41K   104 28.64   28.57  
c rst  geom ibes vs   417   127 K 2242    17192   885 4.11    4.01      254   324   42K   104 28.58   28.51  
c rst  geom ibes vs   418   128 K 2242    17192   885 4.11    4.01      254   324   43K   104 28.27   28.21  
c [distill-long-red0] cls tried: 1/1 T: 0.00 T-out: N T-r: 99.99%
c [distill-long-red1] cls tried: 0/0 T: 0.00 T-out: N T-r: 100.00%
c [distill] watch-based irred--  cl tried 7504     cl-sh 0     cl-rem 0    lit-rem 0      T: 0.00 T-out: N
c [distill] watch-based red  --  cl tried 508      cl-sh 0     cl-rem 0    lit-rem 0      T: 0.00 T-out: N
c rst  geom ibes vs   419   129 K 2242    17192   885 4.11    4.01      254   324   44K   104 28.13   28.07  
c rst  geom ibes vs   420   130 K 2242    17192   885 4.11    4.01      254   238   46K   104 28.00   27.94  
c rst  geom svd  vs   421   132 K 2242    17192   885 4.11    4.01      254   238   47K   104 28.20   28.15  
c rst  geom svd  vs   422   133 K 2242    17192   885 4.11    4.01      254   238   48K   104 28.81   28.75  
c [ccnr] tries: 0 steps: 262143 best found: 12
c [ccnr] tries: 0 steps: 524287 best found: 12
c [ccnr] saving best assignment phase to stable_polar
c [ccnr] bumping based on var unsat frequency: conflict_ct
c [ccnr] Bumped vars: 2551 bump type: 6
c [ccnr] time: 0.53
c rst  geom svd  vs   423   134 K 2242    17192   885 4.11    4.01      254   238   49K   104 28.86   28.81  
c recursive minimization cost OK: 323Kcost/(% lits removed)
c [gauss] XOR-encoding clauses are not detached, so no need to reattach them.
c [g 0] truth-find prop checks  : 333K
c [g 0] -> of which prop        : 63.22 %
c [g 0] -> of which confl       :  2.94 %
c [g 0] elim called             : 13037
c [g 0] ---> which lead to prop : 81.33 %
c [g 0] ---> which lead to confl:  2.12 %
c [g 0] size: 48    x 460  
c --> Executing strategy token: scc-vrepl
c [scc] new: 0 BP 0M T: 0.00
c --> Executing strategy token: sub-impl
c [impl-sub] bin: 2 T: 0.00 T-out: N w-visit: 5102
c --> Executing strategy token: breakid
c --> Executing OCC strategy token(s): 'occ-backw-sub-str,occ-clean-implicit,occ-bve,occ-bva,occ-ternary-res,occ-xor,'
c [occ] mem usage for occur 1      MB
c [occ] Linked in IRRED BIN by default: 884
c [occ] Linked in RED   BIN by default: 103
c [occ] mem usage for occur 0      MB
c Mem for watch alloc      : 6           MB (21.41     %)
c Mem for watch array      : 0           MB (0.37      %)
c --> Executing OCC strategy token: occ-backw-sub-str
c [occ-backw-sub-str-long-w-bins] subs: 0 str: 0 tried: 4795 0-depth ass: 0 T: 0.00 T-out: N T-r: 99.71%
c [occ-backw-sub-long-w-long] rem cl: 612 tried: 67386/67386 (100.0%) T: 0.01 T-out: N T-r: 95.89%
c [occ-backw-sub-str-long-w-long] sub: 0 str: 140 tried: 202158/67386 (300.0)  T: 0.06 T-out: N T-r: 88.53%
c --> Executing OCC strategy token: occ-clean-implicit
c --> Executing OCC strategy token: occ-bve
c [occ-empty-res] Empty resolvent elimed: 0 T: 0.00 T-out: N
c [occ-bve] iter v-elim 0
c cl_inc_rate=1.0, var_dec_rate=1.0 (grow=0)
c Reduced to 2242 vars, 17515 cls (grow=0)
c [occ-bve] iter v-elim 7
c cl_inc_rate=1.0, var_dec_rate=1.0 (grow=8)
c Reduced to 2235 vars, 17493 cls (grow=8)
c [occ-bve] iter v-elim 847
c cl_inc_rate=1.8, var_dec_rate=1.6 (grow=16)
c Reduced to 1388 vars, 30890 cls (grow=16)
c x n vars       : 1388
c #try to eliminate:  8039
c #var-elim        :   854
c #T-o: N
c #T-r: 99.84%
c #T  : 0.29
c [occur] 0.04 is overhead
c [occur] link-in T: 0.04 cleanup T: 0.00
c --> Executing OCC strategy token: occ-bva
c --> Executing OCC strategy token: occ-ternary-res
c [occ-ternary-res] Ternary res-tri: 0 res-bin: 0 sub: 0 str: 0 T: 0.00 T-out: N T-r: 99.58%
c --> Executing OCC strategy token: occ-xor
c [occ-xor] sort occur list T: 0.00
c [xor-clean-equiv] removed equivalent xors: 0 left with: 848
c [occ-xor] found    848 avg sz 5.9 min sz  4 max sz  6 T: 0.01 T-out: N T-r: 99.97%
c --> Executing strategy token: card-find
c --> Executing strategy token: cl-consolidate
c Not consolidating memory.
c --> Executing strategy token: scc-vrepl
c [scc] new: 0 BP 0M T: 0.00
c --> Executing strategy token: renumber
c [gauss] XOR-encoding clauses are not detached, so no need to reattach them.
c [renumber] T: 0.01
c --> Executing strategy token: bosphorus
c --> Executing strategy token: louvain-comms
c [consolidate] mini T: 0.00
c global_timeout_multiplier: 3.6300
c [branch] rebuilding order heap for all branchings. Current branching: vsid
c [find&init matx] performing matrix init
c [gauss] XOR-encoding clauses are not detached, so no need to reattach them.
c [xor-rem-unconnected] left with 848 xors from 848 non-empty xors T: 0.00
c [xor-together] xored together: 800 orig xors: 848 new xors: 48 T: 0.00
c [xor-rem-unconnected] left with 48 xors from 48 non-empty xors T: 0.00
c [xor-clean-equiv] removed equivalent xors: 0 left with: 48
c [matrix] unused xors from cleaning: 0
c [matrix] Good   matrix  0     48 x  460  density:0.1560  xorlen avg: 71.75
c [matrix] Using 1 matrices recovered from 0 xors T: 0.00 T-out: N
c [distill-bin] useful: 1/788/788 lits-rem: 0 cl-rem: 1 0-depth-assigns: 0 T: 0.01 T-out: N
c rst  geom  svd   vs   424  135K    1388   30K   787    5.83    5.73   135   180   36K    93   28.94   28.88
c [branch] adjusting to: vmtf (from: vsid) var_decay:0.95 descr: VMTF
c rst  luby  svd  vmt   425  135K    1388   30K   787    5.83    5.73   149   202   36K    96   28.89   28.82
c rst  luby  svd  vmt   426  135K    1388   30K   787    5.83    5.73   150   207   36K    97   28.95   28.88
c rst  luby  svd  vmt   427  135K    1387   30K   787    5.83    5.73   150   207   37K    97   29.05   28.98
c rst  luby  svd  vmt   428  135K    1387   30K   787    5.83    5.73   150   207   37K    97   29.07   29.00
c rst  luby  svd  vmt   429  135K    1387   30K   787    5.83    5.73   150   207   37K    97   29.06   28.99
c rst  luby  svd  vmt   430  136K    1387   30K   787    5.83    5.73   150   207   37K    97   29.06   28.99
c rst  luby  svd  vmt   431  136K    1387   30K   787    5.83    5.73   150   207   37K    97   29.20   29.14
c rst  luby  svd  vmt   432  136K    1387   30K   787    5.83    5.73   150   207   38K    97   29.25   29.18
c rst  luby  svd  vmt   433  136K    1387   30K   787    5.83    5.73   150   207   38K    97   29.31   29.24
c rst  luby  svd  vmt   434  136K    1387   30K   787    5.83    5.73   150   207   38K    97   29.29   29.22
c rst  luby  svd  vmt   435  137K    1387   30K   787    5.83    5.73   150   207   38K    97   29.29   29.22
c rst  geom best  vmt   436  137K    1387   30K   787    5.83    5.73   150   207   38K    97   29.25   29.18
c rst  geom best  vmt   437  137K    1387   30K   787    5.83    5.73   150   207   38K    97   29.23   29.17
c rst  geom best  vmt   438  137K    1387   30K   787    5.83    5.73   150   207   38K    97   29.20   29.14
c rst  geom best  vmt   439  137K    1387   30K   787    5.83    5.73   150   207   38K    97   29.20   29.14
c rst  geom best  vmt   440  137K    1387   30K   787    5.83    5.73   150   208   39K    97   29.21   29.15
c rst  geom best  vmt   441  137K    1387   30K   787    5.83    5.73   150   208   39K    97   29.24   29.17
c rst  geom best  vmt   442  138K    1387   30K   787    5.83    5.73   151   208   39K    97   29.25   29.18
c rst  geom best  vmt   443  138K    1387   30K   787    5.83    5.73   151   208   39K    97   29.26   29.19
c rst  geom best  vmt   444  138K    1387   30K   787    5.83    5.73   151   208   39K    97   29.25   29.18
c rst  geom best  vmt   445  138K    1387   30K   787    5.83    5.73   151   208   40K    97   29.20   29.14
c rst  geom best  vmt   446  139K    1387   30K   787    5.83    5.73   151   208   40K    97   29.20   29.13
c rst  geom best  vmt   447  139K    1387   30K   787    5.83    5.73   151   208   40K    97   29.13   29.07
c rst  geom best  vmt   448  139K    1387   30K   787    5.83    5.73   151   208   41K    97   29.10   29.04
c rst  geom best  vmt   449  140K    1387   30K   787    5.83    5.73   162   102   41K    97   29.15   29.08
c rst  geom best  vmt   450  140K    1387   30K   787    5.83    5.73   162   102   41K    97   29.07   29.01
c rst  geom best  vmt   451  141K    1387   30K   787    5.83    5.73   162   102   42K    97   29.02   28.96
c rst  geom best  vmt   452  141K    1387   30K   787    5.83    5.73   162   102   42K    97   28.93   28.87
c rst  geom best  vmt   453  142K    1387   30K   787    5.83    5.73   162   102   43K    97   28.92   28.86
c rst  geom best  vmt   454  142K    1387   30K   787    5.83    5.73   162   102   44K    97   28.89   28.83
c [full-probe]  bin_only: 1 set: 0 repl: 0 T: 0.01 T-out: N T-r: 99.72%
c rst  geom best  vmt   455  143K    1387   30K   787    5.83    5.73   162   102   44K    97   28.81   28.75
c [distill-long-red0] cls tried: 26/26 T: 0.00 T-out: N T-r: 99.97%
c [distill-long-red1] cls tried: 19/19 T: 0.00 T-out: N T-r: 92.44%
c rst  geom best  vmt   456  144K    1387   30K   787    5.83    5.73   163   105   45K    97   28.71   28.65
c rst  geom  stb  vmt   457  144K    1387   30K   787    5.83    5.73   163   105   46K    97   28.73   28.67
c rst  geom  stb  vmt   458  145K    1387   30K   787    5.83    5.73   163   105   47K    97   28.77   28.71
c rst  geom  stb  vmt   459  146K    1387   30K   787    5.83    5.73   163   105   48K    97   28.58   28.52
c rst  geom  stb  vmt   460  147K    1387   30K   787    5.83    5.73   163   105   49K    97   28.37   28.32
c rst  geom  stb  vmt   461  148K    1387   30K   787    5.83    5.73   163   105   50K    97   28.34   28.29
c rst  geom  stb  vmt   462  150K    1387   30K   787    5.83    5.73   165    85   36K    97   28.85   28.78
c rst  geom  stb  vmt   463  151K    1387   30K   787    5.83    5.73   165    85   38K    97   28.59   28.53
c rst  geom ibes  vmt   464  153K    1387   30K   787    5.83    5.73   165    85   39K    97   28.59   28.53
c rst  geom ibes  vmt   465  154K    1387   30K   787    5.83    5.73   165    85   41K    97   28.57   28.51
c [branch] adjusting to: vsid (from: vmtf) var_decay:0.95 descr: VSIDS
c [distill-bin] useful: 0/787/787 lits-rem: 0 cl-rem: 0 0-depth-assigns: 0 T: 0.01 T-out: N
c [distill] watch-based irred--  cl tried     7066 cl-sh     0 cl-rem    0 lit-rem      0 T: 0.00 T-out: N
c [distill] watch-based   red--  cl tried      329 cl-sh     1 cl-rem    1 lit-rem      1 T: 0.00 T-out: N
c rst  geom ibes   vs   466  154K    1387   30K   786    5.83    5.73   164    85   41K    94   28.49   28.43
c rst  geom ibes   vs   467  155K    1387   30K   786    5.83    5.73   164    85   41K    94   28.47   28.41
c rst  geom ibes   vs   468  155K    1387   30K   786    5.83    5.73   164    85   41K    94   28.44   28.38
c rst  geom ibes   vs   469  155K    1387   30K   786    5.83    5.73   164    85   42K    94   28.44   28.38
c rst  geom ibes   vs   470  155K    1387   30K   786    5.83    5.73   164    85   42K    94   28.41   28.35
c rst  geom ibes   vs   471  155K    1387   30K   786    5.83    5.73   164    85   42K    94   28.38   28.32
c rst  geom ibes   vs   472  155K    1387   30K   786    5.83    5.73   164    85   42K    94   28.33   28.27
c rst  geom ibes   vs   473  156K    1387   30K   786    5.83    5.73   164    85   42K    94   28.26   28.20
c rst  geom ibes   vs   474  156K    1387   30K   786    5.83    5.73   164    85   43K    94   28.19   28.13
c rst  geom ibes   vs   475  156K    1387   30K   786    5.83    5.73   164    85   43K    94   28.12   28.06
c rst  geom ibes   vs   476  156K    1387   30K   786    5.83    5.73   164    85   43K    94   28.05   28.00
c rst  geom ibes   vs   477  157K    1387   30K   786    5.83    5.73   164    85   43K    94   27.98   27.92
c rst  geom ibes   vs   478  157K    1387   30K   786    5.83    5.73   164    85   44K    94   27.90   27.84
c rst  geom ibes   vs   479  157K    1387   30K   786    5.83    5.73   164    85   44K    94   27.81   27.75
c rst  geom ibes   vs   480  158K    1387   30K   786    5.83    5.73   164    85   44K    94   27.75   27.70
c rst  geom  svd   vs   481  158K    1387   30K   786    5.83    5.73   164    85   45K    94   27.67   27.62
c [distill-long-red0] cls tried: 4/4 T: 0.00 T-out: N T-r: 100.00%
c [distill-long-red1] cls tried: 13/13 T: 0.00 T-out: N T-r: 76.08%
c rst  geom  svd   vs   482  159K    1387   30K   786    5.83    5.73   164    85   45K    94   27.61   27.56
c rst  geom  svd   vs   483  159K    1387   30K   786    5.83    5.73   164    85   46K    94   27.57   27.51
c rst  geom  svd   vs   484  160K    1387   30K   786    5.83    5.73   164    85   47K    94   27.71   27.66
c rst  geom  svd   vs   485  160K    1387   30K   786    5.83    5.73   164    85   47K    94   27.73   27.68
c [impl-str] lit bin: 0 set-var: 0 T: 0.00 T-out: N T-r: 99.95% w-visit: 2776
c [impl-sub] bin: 4 T: 0.00 T-out: N w-visit: 2776
c rst  geom  svd   vs   486  161K    1387   30K   786    5.83    5.73   164    85   48K    90   27.78   27.74
c rst  geom  svd   vs   487  162K    1387   30K   786    5.83    5.73   164    85   49K    90   27.89   27.85
c rst  geom  svd   vs   488  163K    1387   30K   786    5.83    5.73   164    85   50K    90   27.94   27.89
c [full-probe]  bin_only: 0 set: 0 repl: 0 T: 0.01 T-out: N T-r: 97.37%
c rst  geom  svd   vs   489  164K    1387   30K   786    5.83    5.73   164    87   51K    90   27.98   27.93
c rst  geom  svd   vs   490  165K    1387   30K   786    5.83    5.73   164    88   38K    90   27.23   27.17
c rst  geom best   vs   491  166K    1387   30K   786    5.83    5.73   164    88   39K    90   27.15   27.09
c rst  geom best   vs   492  167K    1387   30K   786    5.83    5.73   164    88   40K    90   27.33   27.27
c rst  geom best   vs   493  169K    1387   30K   786    5.83    5.73   164    88   41K    90   27.52   27.46
c rst  geom best   vs   494  170K    1387   30K   786    5.83    5.73   164    88   43K    90   27.38   27.33
c rst  geom best   vs   495  172K    1387   30K   786    5.83    5.73   164    88   45K    90   27.17   27.12
c rst  geom  stb   vs   496  174K    1387   30K   786    5.83    5.73   164    89   47K    90   27.20   27.15
c [distill-long-red0] cls tried: 0/0 T: 0.00 T-out: N T-r: 100.00%
c [distill-long-red1] cls tried: 4/4 T: 0.00 T-out: N T-r: 86.77%
c rst  geom  stb   vs   497  176K    1387   30K   786    5.83    5.73   164    89   49K    90   27.35   27.30
c [branch] adjusting to: vmtf (from: vsid) var_decay:0.95 descr: VMTF
c [distill-bin] useful: 0/786/786 lits-rem: 0 cl-rem: 0 0-depth-assigns: 0 T: 0.01 T-out: N
c rst  luby  stb  vmt   498  176K    1387   30K   786    5.83    5.73   164    89   49K    90   27.36   27.31
c rst  luby  stb  vmt   499  176K    1387   30K   786    5.83    5.73   164    89   49K    90   27.36   27.31
c rst  luby  stb  vmt   500  176K    1387   30K   786    5.83    5.73   164    89   49K    90   27.35   27.30
c rst  luby  stb  vmt   501  176K    1387   30K   786    5.83    5.73   164    89   49K    90   27.34   27.30
c rst  luby  stb  vmt   502  176K    1387   30K   786    5.83    5.73   164    89   49K    90   27.33   27.29
c rst  luby  stb  vmt   503  177K    1387   30K   786    5.83    5.73   164    89   49K    90   27.32   27.27
c rst  luby  stb  vmt   504  177K    1387   30K   786    5.83    5.73   164    89   50K    90   27.28   27.24
c rst  luby  stb  vmt   505  177K    1387   30K   786    5.83    5.73   164    89   50K    90   27.28   27.23
c [ccnr] saving best assignment phase to stable_polar
c [ccnr] bumping based on clause weights
c [ccnr] Bumped vars: 104 bump type: 6
c [ccnr] time: 0.38
c rst  luby  stb  vmt   506  177K    1387   30K   786    5.83    5.73   164    90   50K    90   27.26   27.22
c rst  luby  stb  vmt   507  177K    1387   30K   786    5.83    5.73   164    93   50K    90   27.23   27.19
c rst  luby  stb  vmt   508  178K    1387   30K   786    5.83    5.73   164    93   50K    90   27.21   27.16
c rst  luby  stb  vmt   509  178K    1387   30K   786    5.83    5.73   164    94   50K    90   27.23   27.19
c rst  luby  stb  vmt   510  178K    1387   30K   786    5.83    5.73   164   101   51K    90   27.19   27.14
c rst  luby  stb  vmt   511  178K    1387   30K   786    5.83    5.73   164   101   51K    90   27.09   27.05
c rst  luby  stb  vmt   512  179K    1387   30K   786    5.83    5.73   165   108   52K    90   26.95   26.91
c rst  luby ibes  vmt   513  179K    1387   30K   786    5.83    5.73   165   108   52K    90   26.94   26.90
c rst  luby ibes  vmt   514  179K    1387   30K   786    5.83    5.73   165   109   52K    90   26.94   26.90
c [distill] watch-based irred--  cl tried     7066 cl-sh     0 cl-rem    0 lit-rem      0 T: 0.00 T-out: N
c [distill] watch-based   red--  cl tried      330 cl-sh     0 cl-rem    0 lit-rem      0 T: 0.00 T-out: N
c rst  luby ibes  vmt   515  179K    1387   30K   786    5.83    5.73   165   109   52K    90   26.90   26.85
c rst  luby ibes  vmt   516  180K    1387   30K   786    5.83    5.73   183   147   38K    90   25.76   25.71
c rst  luby ibes  vmt   517  180K    1387   30K   786    5.83    5.73   183   151   38K    90   25.75   25.69
c rst  luby ibes  vmt   518  180K    1387   30K   786    5.83    5.73   183   151   38K    90   25.68   25.63
c rst  luby ibes  vmt   519  180K    1387   30K   786    5.83    5.73   184   159   38K    90   25.63   25.58
c [gauss] XOR-encoding clauses are not detached, so no need to reattach them.
c [g 0] truth-find prop checks  : 870K
c [g 0] -> of which prop        : 63.95 %
c [g 0] -> of which confl       :  2.53 %
c [g 0] elim called             : 48K
c [g 0] ---> which lead to prop : 36.64 %
c [g 0] ---> which lead to confl:  1.51 %
c [g 0] size: 48    x 460  
c [scc] new: 0 BP 0M T: 0.00
c [vrep] vars 0 lits 0 rem-bin-cls 0 rem-long-cls 0 BP 0M T: 0.01
c [intree] Set 0 vars hyper-added: 3 trans-irred: 0 trans-red: 0 T: 0.01 T-out: N T-r: -1.07%
c [find&init matx] performing matrix init
c [gauss] XOR-encoding clauses are not detached, so no need to reattach them.
c [xor-rem-unconnected] left with 848 xors from 848 non-empty xors T: 0.00
c [xor-together] xored together: 800 orig xors: 848 new xors: 48 T: 0.00
c [xor-rem-unconnected] left with 48 xors from 48 non-empty xors T: 0.00
c [xor-clean-equiv] removed equivalent xors: 0 left with: 48
c [matrix] unused xors from cleaning: 0
c [matrix] Good   matrix 0 48      x459    density:0.1560  xorlen avg: 71.62
c [matrix] Using 1 matrices recovered from 0 xors T: 0.00 T-out: N
c rst  luby ibes vmt  520   180 K 1387      30K   786 5.83    5.73      184   159   38K    93 25.60   25.55  
c rst  luby ibes vmt  521   181 K 1387      30K   786 5.83    5.73      184   160   39K    93 25.58   25.53  
c rst  luby ibes vmt  522   181 K 1387      30K   786 5.83    5.73      184   161   39K    93 25.55   25.50  
c rst  luby ibes vmt  523   181 K 1387      30K   786 5.83    5.73      184   161   39K    93 25.53   25.48  
c rst  luby ibes vmt  524   181 K 1387      30K   786 5.83    5.73      184   161   39K    93 25.51   25.46  
c rst  luby ibes vmt  525   181 K 1387      30K   786 5.83    5.73      189   176   39K    93 25.47   25.42  
c [g  <0] Disabling GJ-elim in this round.  Usefulness was: 17.6078%  over 62711 calls
c rst  luby ibes vmt  526   182 K 1387      30K   786 5.83    5.73      189   180   40K    93 25.45   25.40  
c rst  luby ibes vmt  527   182 K 1387      30K   786 5.83    5.73      190   184   40K    93 25.27   25.22  
c rst  luby ibes vmt  528   184 K 1387      30K   786 5.83    5.73      195   260   42K    93 25.67   25.62  
c [full-probe]  bin_only: 1 set: 0 repl: 0 T: 0.01 T-out: N T-r: 99.83%
c rst  luby ibes vmt  529   184 K 1387      30K   786 5.83    5.73      195   262   42K    95 25.67   25.61  
c rst  luby ibes vmt  530   184 K 1387      30K   786 5.83    5.73      195   262   42K    95 25.64   25.59  
c rst  luby ibes vmt  531   184 K 1387      30K   786 5.83    5.73      195   262   42K    95 25.58   25.53  
c rst  luby ibes vmt  532   184 K 1387      30K   786 5.83    5.73      195   263   42K    95 25.56   25.50  
c rst  luby ibes vmt  533   185 K 1387      30K   786 5.83    5.73      195   263   42K    95 25.53   25.48  
c rst  luby ibes vmt  534   185 K 1387      30K   786 5.83    5.73      195   263   43K    95 25.47   25.42  
c rst  luby ibes vmt  535   185 K 1387      30K   786 5.83    5.73      195   264   43K    95 25.40   25.35  
c rst  luby ibes vmt  536   185 K 1387      30K   786 5.83    5.73      196   266   43K    95 25.38   25.33  
c rst  luby ibes vmt  537   185 K 1387      30K   786 5.83    5.73      196   266   43K    95 25.36   25.31  
c rst  luby ibes vmt  538   186 K 1387      30K   786 5.83    5.73      196   268   43K    95 25.36   25.31  
c rst  luby ibes vmt  539   186 K 1387      30K   786 5.83    5.73      196   268   44K    95 25.35   25.30  
c rst  luby ibes vmt  540   186 K 1387      30K   786 5.83    5.73      196   269   44K    95 25.33   25.28  
c rst  luby ibes vmt  541   186 K 1387      30K   786 5.83    5.73      197   271   44K    95 25.30   25.25  
c rst  luby ibes vmt  542   186 K 1387      30K   786 5.83    5.73      197   272   44K    95 25.19   25.15  
c rst  luby svd  vmt  543   187 K 1387      30K   786 5.83    5.73      199   285   45K    95 25.06   25.01  
c rst  luby svd  vmt  544   187 K 1387      30K   786 5.83    5.73      199   285   45K    95 25.03   24.99  
c rst  luby svd  vmt  545   187 K 1387      30K   786 5.83    5.73      199   289   45K    95 25.04   24.99  
c rst  luby svd  vmt  546   188 K 1387      30K   786 5.83    5.73      199   290   45K    95 25.03   24.98  
c rst  luby svd  vmt  547   188 K 1387      30K   786 5.83    5.73      199   290   46K    95 25.02   24.98  
c rst  luby svd  vmt  548   188 K 1387      30K   786 5.83    5.73      199   291   46K    95 25.04   24.99  
c rst  luby svd  vmt  549   188 K 1387      30K   786 5.83    5.73      199   308   46K    95 25.02   24.97  
c rst  luby svd  vmt  550   188 K 1387      30K   786 5.83    5.73      200   311   46K    95 25.13   25.08  
c rst  luby svd  vmt  551   188 K 1387      30K   786 5.83    5.73      200   313   46K    95 25.11   25.07  
c rst  luby svd  vmt  552   189 K 1387      30K   786 5.83    5.73      201   313   46K    95 25.10   25.05  
c rst  luby svd  vmt  553   189 K 1387      30K   786 5.83    5.73      201   314   47K    95 25.07   25.03  
c rst  luby svd  vmt  554   189 K 1387      30K   786 5.83    5.73      201   316   47K    95 25.07   25.02  
c [distill-long-red0] cls tried: 26/26 T: 0.00 T-out: N T-r: 99.97%
c [distill-long-red1] cls tried: 73/217 T: 0.01 T-out: Y T-r: -1.10%
c rst  luby svd  vmt  555   189 K 1387      30K   786 5.83    5.73      201   316   47K    95 25.06   25.01  
c rst  luby svd  vmt  556   189 K 1387      30K   786 5.83    5.73      203   317   47K    95 25.03   24.98  
c rst  luby svd  vmt  557   190 K 1387      30K   786 5.83    5.73      340   184   47K    95 25.04   24.99  
c rst  luby svd  vmt  558   190 K 1387      30K   786 5.83    5.73      340   185   48K    95 24.87   24.83  
c rst  luby svd  vmt  559   191 K 1387      30K   786 5.83    5.73      340   190   49K    95 24.78   24.73  
c ------- FINAL TOTAL SEARCH STATS ---------
c UIP search time          : 18.38       (96.49     % time)
c All times are for this thread only except if explicitly specified
c restarts                 : 559         (343.14    confls per restart)
c blocked restarts         : 0           (0.00      per normal restart)
c time                     : 18.38       
c decisions                : 210072      (0.00      % random)
c propagations             : 12790K      (695K      props/s)
c decisions/conflicts      : 1.10        
c conflicts                : 191815      
c LEARNT stats
c units learnt             : 1           (0.00      % of conflicts)
c bins learnt              : 53          (0.03      % of conflicts)
c long learnt              : 191834      (100.01    % of conflicts)
c red which0               : 290         (0.15      % of confl)
c SEAMLESS HYPERBIN&TRANS-RED stats
c advProp called           : 0           
c hyper-bin add bin        : 0           (0.00      bin/call)
c trans-red rem irred bin  : 0           (0.00      bin/call)
c trans-red rem red bin    : 0           (0.00      bin/call)
c CONFL LITS stats
c orig                     : 43031111    (224.34    lit/confl)
c recurs-min effective     : 187341      (97.67     % attempt successful)
c recurs-min lits          : 36836253    (85.60     % less overall)
c permDiff call%           : 0.61        (0.00      % attempt successful)
c permDiff lits-rem        : 0           (0.00      less lits/cl on attempts)
c further-min call%        : 0.01        (10.00     % attempt successful)
c bintri-min lits          : 6           (0.00      % less overall)
c final avg                : 32.30       
c all-threads sum CPU time : 18.38        s
c PROP stats
c Mbogo-props              : 33.49       (1.82      / sec)
c MHyper-props             : 0.05        (0.00      / sec)
c Mprops                   : 12.79       (0.70      / sec)
c -------- OccSimplifier STATS ----------
c time                     : 0.31        (0.00      % var-elim)
c called                   : 2           (0.15      s per call)
c 0-depth assigns          : 0           (0.00      % vars)
c -------- OccSimplifier STATS END ----------
c -------- SubsumeStrengthen STATS ----------
c cl-subs                  : 693          Clauses
c cl-str rem lit           : 178          Lits
c cl-sub T                 : 0.04         s
c cl-str T                 : 0.16         s
c -------- SubsumeStrengthen STATS END ----------
c ----- SCC STATS --------
c time                     : 0.00        (0.00      per call)
c called                   : 9           (1.00      new found per call)
c found                    : 9           (50.00     % of all found)
c bogoprops                : 309482      % of all found
c ----- SCC STATS END --------
c --------- VAR REPLACE STATS ----------
c time                     : 0.08        (0.01      per call)
c trees' crown             : 9           (0.35      % of vars)
c 0-depth assigns          : 0           (0.00      % vars)
c lits replaced            : 33016       
c bin cls removed          : 42          
c long cls removed         : 937         
c long lits removed        : 3063        
c bogoprops                : 1471908     
c --------- VAR REPLACE STATS END ----------
c vrep replace time        : 0.08        (0.41      % time)
c vrep tree roots          : 5           
c vrep trees' crown        : 9           (1.80      leafs/tree)
c -------- DISTILL-BIN STATS --------
c time                     : 0.10        (0.01      per call)
c timed out                : 1           (11.11     % of calls)
c distill/checked/potential: 0          /9539/9951
c lits-rem                 : 0           
c 0-depth-assigns          : 0           (0.00      % of vars)
c -------- DISTILL STATS END --------
c -------- STRENGTHEN STATS --------
c --> watch-based on irred cls
c time                     : 0.02        (0.00      s/call)
c shrinked/tried/total     : 140        /39649/284561
c subsumed/tried/total     : 155        /39649/284561
c lits-rem                 : 146         (0.08      % of lits tried)
c called                   : 14          (0.00      % ran out of time)
c --> watch-based on red cls
c time                     : 0.00        (0.00      s/call)
c shrinked/tried/total     : 35         /3436/3436
c subsumed/tried/total     : 2          /3436/3436
c lits-rem                 : 71          (0.36      % of lits tried)
c called                   : 14          (0.00      % ran out of time)
c -------- STRENGTHEN STATS END --------
c -------- IMPLICIT SUB  STATS --------
c time                     : 0.01        (0.00      per call)
c timed out                : 0           (0.00      % of calls)
c rem bins                 : 21          
c -------- IMPLICIT SUB STATS END --------
c Mem used                 : 37          MB
c Mem for longclauses      : 9           MB (26.17     %)
c Mem for watch alloc      : 9           MB (25.25     %)
c Mem for watch array      : 0           MB (0.17      %)
c Mem for assings&vardata  : 0           MB (0.19      %)
c Mem for search&solve     : 0           MB (0.48      %)
c Mem for renumberer       : 0           MB (0.07      %)
c Mem for occsimplifier    : 0           MB (1.46      %)
c Mem for varReplacer&SCC  : 0           MB (0.15      %)
c Mem for impl subsume     : 0           MB (0.00      %)
c Mem for 3 distills       : 0           MB (0.00      %)
c Accounted for mem (rss)  : 53.94       %
c Accounted for mem (vm)   : 49.40       %
c restarts                 : 559         (343.14    confls per restart)
c blocked restarts         : 0           (0.00      per normal restart)
c time                     : 18.38       
c decisions                : 210072      (0.00      % random)
c propagations             : 12790K      (695K      props/s)
c decisions/conflicts      : 1.10        
c conflicts                : 191815      
c conf lits non-minim      : 43031111    (224.34    lit/confl)
c conf lits final          : 32.30       
c red which0               : 290         (0.15      % of confl)
c props/decision           : 0.00        
c props/conflict           : 0.00        
c 0-depth assigns          : 1           (0.07      % vars)
c 0-depth assigns by CNF   : 0           (0.00      % vars)
c reduceDB time            : 0.06        (0.33      % time)
c OccSimplifier time       : 0.31        (1.62      % time)
c [occur] 0.09 is overhead
c [occur] link-in T: 0.08 cleanup T: 0.02
c [occ-substr] long subBySub: 656 subByStr: 37 lits-rem-str: 178 T: 0.20
c SCC time                 : 0.00        (0.02      % time)
c [scc] new: 9 BP 0M  T: 0.00
c vrep replace time        : 0.08        (0.41      % time)
c vrep tree roots          : 5           
c vrep trees' crown        : 9           (1.80      leafs/tree)
c distill long time        : 0.12        (0.63      % time)
c distill bin time         : 0.10        (0.51      % time)
c strength cache-irred time: 0.02        (0.13      % time)
c strength cache-red time  : 0.00        (0.03      % time)
c avg cls in red 0         : 211.59      
c avg cls in red 1         : 239.48      
c avg cls in red 2         : 35981.89    
c Conflicts in UIP         : 191815      (10069.32  confl/time_this_thread)
c Max Memory (rss) used    : 38728 kB    
c Total time (this thread) : 19.05       
s SATISFIABLE
v -1 2 3 4 5 -6 -7 8 -9 10 11 12 13 14 15 16 -17 -18 -19 -20 -21 -22 -23 -24 -25 
v 26 -27 28 29 30 -31 32 -33 34 35 36 -37 38 -39 40 41 42 -43 44 -45 46 47 48 
v -49 -50 -51 -52 -53 -54 -55 -56 -57 -58 -59 -60 61 62 63 64 -65 -66 67 68 69 
v 70 -71 -72 73 74 75 76 -77 -78 79 80 81 82 -83 -84 -85 -86 -87 -88 -89 -90 
v -91 -92 -93 -94 -95 -96 97 98 99 100 -101 -102 -103 -104 -105 -106 -107 -108 
v 109 110 111 112 -113 -114 115 116 117 118 -119 -120 121 122 123 124 -125 -126 
v -127 -128 -129 -130 -131 -132 -133 -134 -135 -136 -137 -138 -139 -140 -141 
v -142 -143 -144 -145 -146 -147 -148 -149 -150 -151 -152 -153 -154 -155 -156 
v -157 -158 -159 -160 -161 -162 -163 -164 -165 -166 -167 -168 169 170 171 172 
v -173 -174 -175 -176 -177 -178 -179 -180 181 182 183 184 -185 -186 187 188 189 
v 190 -191 -192 193 194 195 196 -197 -198 -199 -200 -201 -202 -203 -204 205 206 
v 207 208 -209 -210 -211 -212 -213 -214 -215 -216 217 218 219 220 -221 -222 223 
v 224 225 226 -227 -228 229 230 231 232 -233 -234 -235 -236 -237 -238 -239 -240 
v 241 242 243 244 -245 -246 -247 -248 -249 -250 -251 -252 253 254 255 256 -257 
v -258 259 260 261 262 -263 -264 265 266 267 268 -269 -270 -271 -272 -273 -274 
v -275 -276 277 278 279 280 -281 -282 -283 -284 -285 -286 -287 -288 289 290 291 
v 292 -293 -294 295 296 297 298 -299 -300 301 302 303 304 -305 -306 -307 -308 
v -309 -310 -311 -312 -313 -314 -315 -316 -317 -318 -319 -320 -321 -322 -323 
v -324 -325 -326 -327 -328 -329 -330 -331 -332 -333 -334 -335 -336 -337 -338 
v -339 -340 -341 -342 343 344 -345 346 -347 348 -349 -350 -351 -352 353 354 
v -355 -356 357 358 -359 -360 -361 362 -363 -364 365 366 367 368 369 -370 371 
v 372 -373 -374 -375 -376 -377 378 -379 -380 381 382 383 384 385 -386 387 388 
v -389 -390 -391 -392 -393 394 -395 -396 397 398 399 400 401 -402 403 404 -405 
v -406 -407 -408 -409 -410 -411 -412 -413 -414 -415 -416 -417 -418 -419 -420 
v -421 -422 -423 -424 -425 426 -427 -428 429 430 431 432 433 -434 435 436 -437 
v -438 -439 -440 -441 -442 -443 -444 -445 -446 -447 -448 -449 -450 -451 -452 
v -453 -454 -455 -456 -457 458 -459 -460 461 462 463 464 465 -466 467 468 -469 
v -470 -471 -472 -473 -474 -475 -476 -477 -478 -479 -480 -481 -482 -483 -484 
v -485 -486 -487 -488 -489 -490 -491 -492 -493 -494 -495 -496 -497 -498 -499 
v -500 -501 -502 -503 -504 -505 -506 -507 -508 -509 -510 -511 -512 -513 -514 
v -515 -516 -517 -518 -519 -520 -521 -522 -523 -524 -525 -526 -527 -528 -529 
v -530 -531 -532 -533 -534 -535 -536 -537 538 -539 -540 541 542 543 544 545 
v -546 547 548 -549 -550 -551 -552 -553 554 -555 -556 557 558 559 560 561 -562 
v 563 564 -565 -566 -567 -568 -569 -570 -571 -572 -573 -574 -575 -576 -577 -578 
v -579 -580 -581 -582 -583 -584 -585 -586 -587 -588 -589 -590 -591 -592 -593 
v -594 -595 -596 -597 -598 -599 -600 -601 602 -603 -604 605 606 607 608 609 
v -610 611 612 -613 -614 -615 -616 -617 618 -619 -620 621 622 623 624 625 -626 
v 627 628 -629 -630 -631 -632 -633 -634 -635 -636 -637 -638 -639 -640 -641 -642 
v -643 -644 -645 -646 -647 -648 -649 -650 -651 -652 -653 -654 -655 -656 -657 
v -658 -659 -660 -661 -662 -663 -664 -665 -666 -667 -668 -669 -670 -671 -672 
v -673 -674 -675 -676 -677 -678 679 680 681 682 683 -684 685 686 -687 -688 -689 
v -690 -691 -692 -693 -694 -695 -696 -697 -698 -699 -700 -701 -702 -703 -704 
v -705 -706 -707 -708 -709 -710 -711 -712 713 714 715 716 -717 718 719 -720 
v -721 -722 723 724 725 -726 727 728 -729 -730 -731 732 733 -734 735 736 -737 
v -738 -739 740 -741 742 743 -744 -745 -746 -747 748 749 -750 -751 -752 -753 
v -754 -755 -756 -757 758 -759 -760 -761 -762 -763 -764 -765 -766 -767 0
c [g 0] truth-find prop checks  : 44K
c [g 0] -> of which prop        : 17.39 %
c [g 0] -> of which confl       :  1.03 %
c [g 0] elim called             : 10149
c [g 0] ---> which lead to prop : 25.77 %
c [g 0] ---> which lead to confl:  1.92 %
c [g 0] size: 48    x 459  

real	0m19.378s
user	0m19.051s
sys	0m0.051s
