c BreakID not compiled in, disabling
c CryptoMiniSat version 5.11.19
c CMS Copyright (C) 2009-2020 Authors of CryptoMiniSat, see AUTHORS file
c CMS SHA revision b80e09ebd7703fc13b987401d693d7d406a50441
c Using VMTF code by Armin Biere from CaDiCaL
c Using Yalsat by Armin Biere, see Balint et al. Improving implementation of SLS solvers [...], SAT'14
c Using WalkSAT by Henry Kautz, see Kautz and Selman Pushing the envelope: planning, propositional logic, and stochastic search, AAAI'96,
c CMS is MIT licensed
c Using code from 'When Boolean Satisfiability Meets Gauss-E. in a Simplex Way'
c       by C.-S. Han and J.-H. Roland Jiang in CAV 2012. Fixes by M. Soos
c Using CCAnr from 'CCAnr: A Conf. Checking Based Local Search Solver [...]'
c       by Shaowei Cai, Chuan Luo, and Kaile Su, SAT 2015
c CMS compilation env CMAKE_CXX_COMPILER = /usr/bin/c++ | CMAKE_CXX_FLAGS =  -fvisibility=hidden -Wall -Wextra -Wunused -Wsign-compare -fno-omit-frame-pointer -Wtype-limits -Wuninitialized -Wno-deprecated -Wstrict-aliasing -Wpointer-arith -Wpointer-arith -Wformat-nonliteral -Winit-self -Wparentheses -Wunreachable-code -g -Wno-class-memaccess -mpopcnt -msse4.2 -ggdb3 -Wlogical-op -Wrestrict -Wnull-dereference -Wdouble-promotion -Wshadow -Wformat=2 -Wextra-semi -pedantic | COMPILE_DEFINES =  -DRDB0_ONLY_FEATURES -DUSE_ZLIB -DYALSAT_FPU | STATICCOMPILE = OFF | ONLY_SIMPLE =  | STATS = OFF | SQLITE3_FOUND =  | ZLIB_FOUND = TRUE | VALGRIND_FOUND =  | ENABLE_TESTING = OFF | SLOW_DEBUG = OFF | ENABLE_ASSERTIONS = ON | PYTHON_EXECUTABLE =  | PYTHON_LIBRARY =  | PYTHON_INCLUDE_DIRS =  | MY_TARGETS =  | LARGEMEM = OFF | LIMITMEM = OFF | BREAKID_LIBRARIES =  | BREAKID-VER = . | BOSPHORUS_LIBRARIES =  | BOSPH-VER = . | compilation date time = Jul 13 2026 14:05:03
c CMS compiled with gcc version 11.5.0 20240719 (Red Hat 11.5.0-5)
c Executed with command line: ./cryptominisat5 ./instances/IC_S4/Xn19l6-12-S.dimacs
c Reading file './instances/IC_S4/Xn19l6-12-S.dimacs'
c -- header says num vars:            767
c -- header says num clauses:        2416
c -- clauses added: 2364
c -- xor clauses added: 52
c -- vars added 767
c Parsing time: 0.00 s
c [find&init matx] performing matrix init
c [gauss] XOR-encoding clauses are not detached, so no need to reattach them.
c [xor-rem-unconnected] left with 50 xors from 50 non-empty xors T: 0.00
c [xor-together] xored together: 0 orig xors: 50 new xors: 50 T: 0.00
c [xor-rem-unconnected] left with 50 xors from 50 non-empty xors T: 0.00
c [xor-clean-equiv] removed equivalent xors: 0 left with: 50
c [matrix] unused xors from cleaning: 0
c [matrix] Good   matrix  0     50 x  765  density:0.1141  xorlen avg: 87.28
c [matrix] Using 1 matrices recovered from 0 xors T: 0.00 T-out: N
c [branch] adjusting to: vsid (from: vsid) var_decay:0.95 descr: VSIDS
c rst  geom  stb   vs     1   111    2860 17772  1652    3.97    3.80     2    22    77    10  174.40  158.86
c rst  geom  stb   vs     2   233    2860 17772  1652    3.97    3.80     8    35   180    10  122.84  117.66
c  res  pol bran  nres  conf freevar  IrrL  IrrB l/longC  l/allC RedL0 RedL1 RedL2  RedB l/longC  l/allC
c rst  geom  stb   vs     3   368    2860 17772  1652    3.97    3.80     8    41   309    10   97.89   95.29
c rst  geom  stb   vs     4   516    2860 17772  1652    3.97    3.80     9    42   455    10   81.66   80.11
c rst  geom  stb   vs     5   678    2860 17772  1652    3.97    3.80     9    42   617    10   74.00   72.94
c rst  geom  stb   vs     6   856    2860 17772  1652    3.97    3.80     9    42   795    10   69.00   68.21
c rst  geom  stb   vs     7  1050    2860 17772  1652    3.97    3.80     9    43   987    11   70.60   69.88
c rst  geom  stb   vs     8  1263    2860 17772  1652    3.97    3.80     9    43  1200    11   68.80   68.22
c rst  geom  stb   vs     9  1497    2860 17772  1652    3.97    3.80     9    45  1431    12   67.74   67.22
c rst  geom  stb   vs    10  1754    2860 17772  1652    3.97    3.80     9    45  1688    12   64.39   63.97
c rst  geom  stb   vs    11  2036    2860 17772  1652    3.97    3.80     9    45  1970    12   63.23   62.87
c rst  geom  stb   vs    12  2347    2860 17772  1652    3.97    3.80     9    45  2281    12   61.08   60.77
c rst  geom  stb   vs    13  2687    2860 17772  1652    3.97    3.80     9    47  2619    12   62.27   62.00
c rst  geom  stb   vs    14  3061    2860 17772  1652    3.97    3.80     9    47  2992    13   61.40   61.15
c rst  geom  stb   vs    15  3471    2860 17772  1652    3.97    3.80     9    47  3402    13   60.22   60.01
c rst  geom  stb   vs    16  3921    2860 17772  1652    3.97    3.80    11    50  3847    13   60.86   60.66
c rst  geom  stb   vs    17  4415    2860 17772  1652    3.97    3.80    11    50  4340    14   59.31   59.13
c rst  geom  stb   vs    18  4959    2860 17772  1652    3.97    3.80    11    50  4883    15   58.34   58.17
c rst  geom  stb   vs    19  5557    2860 17772  1652    3.97    3.80    11    50  5481    15   57.19   57.04
c [branch] adjusting to: vmtf (from: vsid) var_decay:0.95 descr: VMTF
c [distill-long-red0] cls tried: 11/11 T: 0.00 T-out: N T-r: 100.00%
c [distill-long-red1] cls tried: 50/50 T: 0.00 T-out: N T-r: 96.70%
c rst  luby ibes  vmt    20  5658    2860 17772  1652    3.97    3.80    27    92  5521    18   56.97   56.80
c rst  luby ibes  vmt    21  5759    2860 17772  1652    3.97    3.80    27   115  5599    18   56.46   56.29
c rst  luby ibes  vmt    22  5960    2860 17772  1652    3.97    3.80    27   119  5795    19   57.18   57.00
c rst  luby ibes  vmt    23  6061    2860 17772  1652    3.97    3.80    27   120  5895    19   57.13   56.96
c rst  luby ibes  vmt    24  6162    2860 17772  1652    3.97    3.80    27   120  5996    19   57.02   56.85
c rst  luby ibes  vmt    25  6363    2860 17772  1652    3.97    3.80    27   124  6193    19   56.21   56.05
c rst  luby ibes  vmt    26  6764    2860 17772  1652    3.97    3.80    30   136  6579    19   56.15   56.00
c rst  luby ibes  vmt    27  6865    2860 17772  1652    3.97    3.80    31   136  6679    19   56.07   55.92
c rst  luby ibes  vmt    28  6967    2860 17772  1652    3.97    3.80    31   136  6782    19   55.70   55.55
c rst  luby ibes  vmt    29  7168    2860 17772  1652    3.97    3.80    33   144  6984    19   54.81   54.67
c rst  luby ibes  vmt    30  7270    2860 17772  1652    3.97    3.80    33   144  7086    19   54.61   54.47
c rst  luby ibes  vmt    31  7371    2860 17772  1652    3.97    3.80    33   147  7200    19   54.31   54.17
c rst  luby ibes  vmt    32  7572    2860 17772  1652    3.97    3.80    33   151  7397    19   54.03   53.90
c rst  luby ibes  vmt    33  7975    2860 17772  1652    3.97    3.80    34   171  7796    19   53.82   53.70
c rst  luby ibes  vmt    34  8776    2860 17772  1652    3.97    3.80    40   194  8603    19   53.78   53.67
c rst  luby ibes  vmt    35  8879    2860 17772  1652    3.97    3.80    40   195  8705    19   53.56   53.45
c rst  luby ibes  vmt    36  8980    2860 17772  1652    3.97    3.80    40   198  8803    19   53.44   53.33
c rst  luby ibes  vmt    37  9181    2860 17772  1652    3.97    3.80    40   202  9000    19   53.44   53.33
c rst  luby ibes  vmt    38  9283    2860 17772  1652    3.97    3.80    40   209  9095    19   53.21   53.10
c rst  luby ibes  vmt    39  9385    2860 17772  1652    3.97    3.80    40   209  9197    19   53.12   53.02
c rst  luby ibes  vmt    40  9587    2860 17772  1652    3.97    3.80    40   213  9395    19   53.00   52.90
c rst  luby ibes  vmt    41  9989    2860 17772  1652    3.97    3.80    42   235  9781    19   52.57   52.47
c rst  luby ibes  vmt    42 10090    2860 17772  1652    3.97    3.80   105   177  9877    19   52.79   52.69
c rst  luby ibes  vmt    43 10192    2860 17772  1652    3.97    3.80   105   179  9984    19   52.74   52.64
c rst  luby ibes  vmt    44 10394    2860 17772  1652    3.97    3.80   105   180 10185    19   52.79   52.70
c rst  luby ibes  vmt    45 10496    2860 17772  1652    3.97    3.80   105   181 10286    19   52.81   52.72
c rst  luby ibes  vmt    46 10597    2860 17772  1652    3.97    3.80   105   185 10383    19   52.84   52.75
c rst  luby ibes  vmt    47 10799    2860 17772  1652    3.97    3.80   106   189 10592    19   52.61   52.52
c rst  luby  svd  vmt    48 11200    2860 17772  1652    3.97    3.80   118   192 10975    22   53.27   53.17
c rst  luby  svd  vmt    49 12002    2860 17772  1652    3.97    3.80   131   210 11744    24   55.95   55.85
c [branch] adjusting to: vsid (from: vmtf) var_decay:0.95 descr: VSIDS
c [distill-bin] useful: 4/1652/1652 lits-rem: 0 cl-rem: 4 0-depth-assigns: 0 T: 0.01 T-out: N
c rst  geom  svd   vs    50 12114    2860 17772  1648    3.97    3.80   131   210 11856    24   55.98   55.87
c rst  geom  svd   vs    51 12236    2860 17772  1648    3.97    3.80   131   210 11978    24   55.81   55.70
c rst  geom  svd   vs    52 12370    2860 17772  1648    3.97    3.80   131   210 12112    24   55.73   55.63
c rst  geom  svd   vs    53 12518    2860 17772  1648    3.97    3.80   131   210 12260    24   55.77   55.67
c rst  geom  svd   vs    54 12680    2860 17772  1648    3.97    3.80   131   210 12422    24   55.63   55.53
c rst  geom  svd   vs    55 12858    2860 17772  1648    3.97    3.80   131   210 12600    24   55.23   55.13
c rst  geom  svd   vs    56 13053    2860 17772  1648    3.97    3.80   131   210 12795    24   54.82   54.72
c rst  geom  svd   vs    57 13266    2860 17772  1648    3.97    3.80   131   210 13008    24   54.39   54.29
c rst  geom  svd   vs    58 13500    2860 17772  1648    3.97    3.80   131   210 13242    24   53.98   53.89
c rst  geom  svd   vs    59 13757    2860 17772  1648    3.97    3.80   131   211 13498    24   53.71   53.62
c rst  geom  svd   vs    60 14039    2860 17772  1648    3.97    3.80   131   211 13780    24   53.10   53.02
c rst  geom  svd   vs    61 14349    2860 17772  1648    3.97    3.80   131   211 14090    24   52.46   52.38
c rst  geom  svd   vs    62 14689    2860 17772  1648    3.97    3.80   131   211 14430    24   51.76   51.68
c rst  geom  svd   vs    63 15063    2860 17772  1648    3.97    3.80   141   507 14498    24   51.06   50.98
c rst  geom  svd   vs    64 15473    2860 17772  1648    3.97    3.80   141   507 14908    24   50.47   50.39
c rst  geom  svd   vs    65 15924    2860 17772  1648    3.97    3.80   141   507 15359    24   50.20   50.13
c rst  geom  svd   vs    66 16418    2860 17772  1648    3.97    3.80   141   507 15852    25   49.85   49.78
c rst  geom best   vs    67 16962    2860 17772  1648    3.97    3.80   141   507 16396    25   50.95   50.87
c rst  geom best   vs    68 17561    2860 17772  1648    3.97    3.80   141   507 16995    25   51.08   51.01
c rst  geom best   vs    69 18218    2860 17772  1648    3.97    3.80   141   507 17652    25   50.85   50.78
c [branch] adjusting to: vmtf (from: vsid) var_decay:0.95 descr: VMTF
c rst  luby best  vmt    70 18319    2860 17772  1648    3.97    3.80   147   511 17738    30   51.02   50.94
c rst  luby best  vmt    71 18420    2860 17772  1648    3.97    3.80   152   517 17828    30   50.99   50.91
c rst  luby best  vmt    72 18622    2860 17772  1648    3.97    3.80   156   518 18022    33   51.24   51.15
c rst  luby best  vmt    73 18724    2860 17772  1648    3.97    3.80   160   522 18115    34   51.44   51.35
c rst  luby best  vmt    74 18826    2860 17772  1648    3.97    3.80   164   523 18211    35   51.59   51.50
c rst  luby best  vmt    75 19027    2860 17772  1648    3.97    3.80   167   523 18407    37   51.82   51.72
c rst  luby best  vmt    76 19428    2860 17772  1648    3.97    3.80   173   526 18798    38   52.13   52.03
c rst  luby best  vmt    77 19529    2860 17772  1648    3.97    3.80   175   527 18896    38   52.26   52.16
c rst  luby best  vmt    78 19630    2860 17772  1648    3.97    3.80   177   527 18991    42   52.34   52.23
c rst  luby best  vmt    79 19831    2860 17772  1648    3.97    3.80   179   527 19186    46   52.46   52.35
c rst  luby best  vmt    80 19932    2860 17772  1648    3.97    3.80   181   527 19285    46   52.51   52.39
c rst  luby best  vmt    81   20K    2860 17772  1648    3.97    3.80   210   500 19384    46   52.52   52.41
c [full-probe]  bin_only: 1 set: 0 repl: 0 T: 0.01 T-out: N T-r: 99.75%
c rst  luby best  vmt    82   20K    2860 17772  1648    3.97    3.80   214   502 19581    56   52.68   52.54
c rst  luby best  vmt    83   20K    2860 17772  1648    3.97    3.80   221   510 19965    58   52.96   52.82
c [distill-long-red0] cls tried: 185/185 T: 0.01 T-out: N T-r: 99.83%
c [distill-long-red1] cls tried: 50/485 T: 0.01 T-out: Y T-r: -1.08%
c rst  luby best  vmt    84   20K    2860 17772  1648    3.97    3.80   220   512   20K    60   53.15   53.01
c ------- FINAL TOTAL SEARCH STATS ---------
c UIP search time          : 1.29        (99.64     % time)
c All times are for this thread only except if explicitly specified
c restarts                 : 84          (248.50    confls per restart)
c blocked restarts         : 0           (0.00      per normal restart)
c time                     : 1.29        
c decisions                : 26497       (0.00      % random)
c propagations             : 3555K       (2764K     props/s)
c decisions/conflicts      : 1.27        
c conflicts                : 20874       
c LEARNT stats
c units learnt             : 0           (0.00      % of conflicts)
c bins learnt              : 48          (0.23      % of conflicts)
c long learnt              : 20933       (100.28    % of conflicts)
c red which0               : 122         (0.58      % of confl)
c SEAMLESS HYPERBIN&TRANS-RED stats
c advProp called           : 0           
c hyper-bin add bin        : 0           (0.00      bin/call)
c trans-red rem irred bin  : 0           (0.00      bin/call)
c trans-red rem red bin    : 0           (0.00      bin/call)
c CONFL LITS stats
c orig                     : 4990248     (239.07    lit/confl)
c recurs-min effective     : 19627       (94.03     % attempt successful)
c recurs-min lits          : 3876675     (77.69     % less overall)
c permDiff call%           : 2.18        (0.00      % attempt successful)
c permDiff lits-rem        : 0           (0.00      less lits/cl on attempts)
c further-min call%        : 0.05        (20.00     % attempt successful)
c bintri-min lits          : 6           (0.00      % less overall)
c final avg                : 53.35       
c all-threads sum CPU time : 1.29         s
c PROP stats
c Mbogo-props              : 6.20        (4.82      / sec)
c MHyper-props             : 0.00        (0.00      / sec)
c Mprops                   : 3.56        (2.76      / sec)
c -------- OccSimplifier STATS ----------
c time                     : 0.00        (0.00      % var-elim)
c called                   : 0           (0.00      s per call)
c 0-depth assigns          : 0           (0.00      % vars)
c -------- OccSimplifier STATS END ----------
c -------- SubsumeStrengthen STATS ----------
c cl-subs                  : 0            Clauses
c cl-str rem lit           : 0            Lits
c cl-sub T                 : 0.00         s
c cl-str T                 : 0.00         s
c -------- SubsumeStrengthen STATS END ----------
c ----- SCC STATS --------
c time                     : 0.00        (0.00      per call)
c called                   : 0           (0.00      new found per call)
c found                    : 0           (0.00      % of all found)
c bogoprops                : 0           % of all found
c ----- SCC STATS END --------
c --------- VAR REPLACE STATS ----------
c time                     : 0.00        (0.00      per call)
c trees' crown             : 0           (0.00      % of vars)
c 0-depth assigns          : 0           (0.00      % vars)
c lits replaced            : 0           
c bin cls removed          : 0           
c long cls removed         : 0           
c long lits removed        : 0           
c bogoprops                : 0           
c --------- VAR REPLACE STATS END ----------
c vrep replace time        : 0.00        (0.00      % time)
c vrep tree roots          : 0           
c vrep trees' crown        : 0           (0.00      leafs/tree)
c -------- DISTILL-BIN STATS --------
c time                     : 0.01        (0.01      per call)
c timed out                : 0           (0.00      % of calls)
c distill/checked/potential: 0          /1652/1652
c lits-rem                 : 0           
c 0-depth-assigns          : 0           (0.00      % of vars)
c -------- DISTILL STATS END --------
c -------- STRENGTHEN STATS --------
c --> watch-based on irred cls
c time                     : 0.00        (0.00      s/call)
c shrinked/tried/total     : 0          /0/0
c subsumed/tried/total     : 0          /0/0
c lits-rem                 : 0           (0.00      % of lits tried)
c called                   : 0           (0.00      % ran out of time)
c --> watch-based on red cls
c time                     : 0.00        (0.00      s/call)
c shrinked/tried/total     : 0          /0/0
c subsumed/tried/total     : 0          /0/0
c lits-rem                 : 0           (0.00      % of lits tried)
c called                   : 0           (0.00      % ran out of time)
c -------- STRENGTHEN STATS END --------
c -------- IMPLICIT SUB  STATS --------
c time                     : 0.00        (0.00      per call)
c timed out                : 0           (0.00      % of calls)
c rem bins                 : 0           
c -------- IMPLICIT SUB STATS END --------
c Mem used                 : 13          MB
c Mem for longclauses      : 7           MB (54.43     %)
c Mem for watch alloc      : 1           MB (14.25     %)
c Mem for watch array      : 0           MB (1.39      %)
c Mem for assings&vardata  : 0           MB (0.54      %)
c Mem for search&solve     : 0           MB (1.40      %)
c Mem for renumberer       : 0           MB (0.20      %)
c Mem for occsimplifier    : 0           MB (0.00      %)
c Mem for varReplacer&SCC  : 0           MB (0.09      %)
c Mem for impl subsume     : 0           MB (0.00      %)
c Mem for 3 distills       : 0           MB (0.01      %)
c Accounted for mem (rss)  : 72.31       %
c Accounted for mem (vm)   : 54.16       %
c restarts                 : 84          (248.50    confls per restart)
c blocked restarts         : 0           (0.00      per normal restart)
c time                     : 1.29        
c decisions                : 26497       (0.00      % random)
c propagations             : 3555K       (2764K     props/s)
c decisions/conflicts      : 1.27        
c conflicts                : 20874       
c conf lits non-minim      : 4990248     (239.07    lit/confl)
c conf lits final          : 53.35       
c red which0               : 122         (0.58      % of confl)
c props/decision           : 0.00        
c props/conflict           : 0.00        
c 0-depth assigns          : 0           (0.00      % vars)
c 0-depth assigns by CNF   : 0           (0.00      % vars)
c reduceDB time            : 0.00        (0.15      % time)
c OccSimplifier time       : 0.00        (0.00      % time)
c [occur] 0.00 is overhead
c [occur] link-in T: 0.00 cleanup T: 0.00
c [occ-substr] long subBySub: 0 subByStr: 0 lits-rem-str: 0 T: 0.00
c SCC time                 : 0.00        (0.00      % time)
c [scc] new: 0 BP 0M  T: 0.00
c vrep replace time        : 0.00        (0.00      % time)
c vrep tree roots          : 0           
c vrep trees' crown        : 0           (0.00      leafs/tree)
c distill long time        : 0.02        (1.61      % time)
c distill bin time         : 0.01        (0.54      % time)
c strength cache-irred time: 0.00        (0.00      % time)
c strength cache-red time  : 0.00        (0.00      % time)
c avg cls in red 0         : 84.58       
c avg cls in red 1         : 239.25      
c avg cls in red 2         : 10154.28    
c Conflicts in UIP         : 20874       (16171.32  confl/time_this_thread)
c Max Memory (rss) used    : 13800 kB    
c Total time (this thread) : 1.29        
s SATISFIABLE
v -1 -2 -3 4 -5 6 -7 -8 9 -10 -11 -12 -13 14 -15 16 -17 -18 -19 -20 -21 -22 -23 
v -24 -25 -26 -27 -28 -29 -30 -31 -32 -33 -34 -35 -36 -37 -38 39 -40 -41 -42 
v -43 -44 -45 -46 -47 -48 -49 -50 51 -52 -53 -54 -55 -56 -57 -58 -59 -60 -61 
v -62 -63 -64 -65 -66 -67 -68 -69 -70 -71 -72 -73 74 -75 76 -77 -78 -79 -80 -81 
v -82 -83 -84 -85 86 -87 88 -89 -90 -91 -92 -93 -94 -95 -96 -97 -98 -99 -100 
v -101 -102 -103 104 -105 106 -107 -108 -109 -110 -111 -112 -113 -114 -115 -116 
v -117 -118 -119 -120 -121 -122 -123 -124 -125 -126 -127 -128 -129 -130 -131 
v -132 -133 -134 -135 -136 -137 -138 -139 -140 -141 -142 -143 -144 -145 -146 
v -147 -148 -149 -150 -151 -152 -153 -154 -155 -156 -157 -158 -159 -160 -161 
v -162 -163 -164 -165 -166 -167 -168 -169 -170 -171 -172 -173 -174 -175 -176 
v -177 -178 -179 -180 -181 -182 -183 -184 -185 -186 -187 -188 -189 -190 -191 
v -192 -193 -194 -195 -196 -197 -198 -199 -200 -201 -202 -203 -204 -205 -206 
v -207 -208 -209 -210 -211 -212 -213 -214 -215 -216 -217 -218 -219 -220 -221 
v -222 -223 -224 -225 -226 -227 -228 -229 -230 -231 -232 -233 -234 -235 -236 
v -237 -238 -239 -240 -241 -242 -243 -244 -245 -246 -247 248 -249 250 -251 -252 
v -253 -254 -255 -256 -257 -258 -259 -260 -261 -262 -263 -264 -265 -266 -267 
v -268 -269 -270 -271 -272 -273 -274 -275 -276 -277 -278 -279 -280 -281 -282 
v -283 -284 -285 -286 -287 -288 -289 -290 -291 -292 -293 -294 -295 -296 -297 
v -298 -299 -300 -301 -302 -303 -304 -305 -306 -307 -308 -309 -310 -311 -312 
v -313 -314 -315 -316 -317 -318 -319 320 -321 322 -323 -324 -325 -326 -327 -328 
v -329 -330 -331 -332 -333 -334 -335 -336 -337 -338 -339 -340 -341 -342 -343 
v 344 345 -346 -347 348 -349 -350 -351 352 353 -354 -355 356 357 -358 -359 -360 
v -361 -362 -363 -364 -365 366 -367 -368 -369 370 -371 -372 -373 -374 -375 -376 
v -377 -378 -379 -380 -381 -382 -383 -384 -385 -386 -387 -388 -389 -390 -391 
v -392 -393 -394 -395 -396 -397 398 -399 -400 -401 402 -403 -404 -405 -406 -407 
v -408 -409 -410 -411 -412 -413 414 -415 -416 -417 418 -419 -420 -421 -422 -423 
v -424 -425 -426 -427 -428 -429 -430 -431 -432 -433 -434 -435 -436 -437 -438 
v -439 -440 -441 -442 -443 -444 -445 -446 -447 -448 -449 -450 -451 -452 -453 
v -454 -455 -456 -457 -458 -459 -460 -461 462 -463 -464 -465 466 -467 -468 -469 
v -470 -471 -472 -473 -474 -475 -476 -477 -478 -479 -480 -481 -482 -483 -484 
v -485 -486 -487 -488 -489 -490 -491 -492 -493 -494 -495 -496 -497 -498 -499 
v -500 -501 -502 -503 -504 -505 -506 -507 -508 -509 -510 -511 -512 -513 -514 
v -515 -516 -517 -518 -519 -520 -521 -522 -523 -524 -525 526 -527 -528 -529 530 
v -531 -532 -533 -534 -535 -536 -537 -538 -539 -540 -541 542 -543 -544 -545 546 
v -547 -548 -549 -550 -551 -552 -553 -554 -555 -556 -557 -558 -559 -560 -561 
v -562 -563 -564 -565 -566 -567 -568 -569 -570 -571 -572 -573 -574 -575 -576 
v -577 -578 -579 -580 -581 -582 -583 -584 -585 -586 -587 -588 -589 590 -591 
v -592 -593 594 -595 -596 -597 -598 -599 -600 -601 -602 -603 -604 -605 606 -607 
v -608 -609 610 -611 -612 -613 -614 -615 -616 -617 -618 -619 -620 -621 -622 
v -623 -624 -625 -626 -627 -628 -629 -630 -631 -632 -633 -634 -635 -636 -637 
v -638 -639 -640 -641 -642 -643 -644 -645 -646 -647 -648 -649 -650 -651 -652 
v -653 -654 -655 -656 -657 -658 -659 -660 -661 -662 -663 -664 -665 -666 -667 
v -668 -669 -670 -671 -672 -673 -674 -675 -676 -677 -678 -679 -680 -681 -682 
v -683 -684 -685 -686 -687 -688 -689 -690 -691 -692 -693 -694 -695 -696 -697 
v -698 -699 -700 -701 -702 -703 -704 -705 -706 -707 -708 -709 -710 -711 -712 
v -713 -714 -715 -716 -717 -718 -719 -720 -721 -722 -723 -724 -725 726 -727 
v -728 -729 -730 -731 -732 -733 -734 -735 -736 -737 -738 -739 -740 -741 -742 
v -743 -744 -745 -746 -747 -748 -749 -750 -751 -752 -753 -754 -755 -756 -757 
v -758 -759 -760 -761 -762 -763 -764 -765 -766 -767 0
c [g 0] truth-find prop checks  : 380K
c [g 0] -> of which prop        : 37.77 %
c [g 0] -> of which confl       :  3.34 %
c [g 0] elim called             : 70K
c [g 0] ---> which lead to prop : 14.61 %
c [g 0] ---> which lead to confl:  0.90 %
c [g 0] size: 50    x 765  

real	0m1.454s
user	0m1.291s
sys	0m0.017s
