c BreakID not compiled in, disabling
c CryptoMiniSat version 5.11.19
c CMS Copyright (C) 2009-2020 Authors of CryptoMiniSat, see AUTHORS file
c CMS SHA revision b80e09ebd7703fc13b987401d693d7d406a50441
c Using VMTF code by Armin Biere from CaDiCaL
c Using Yalsat by Armin Biere, see Balint et al. Improving implementation of SLS solvers [...], SAT'14
c Using WalkSAT by Henry Kautz, see Kautz and Selman Pushing the envelope: planning, propositional logic, and stochastic search, AAAI'96,
c CMS is MIT licensed
c Using code from 'When Boolean Satisfiability Meets Gauss-E. in a Simplex Way'
c       by C.-S. Han and J.-H. Roland Jiang in CAV 2012. Fixes by M. Soos
c Using CCAnr from 'CCAnr: A Conf. Checking Based Local Search Solver [...]'
c       by Shaowei Cai, Chuan Luo, and Kaile Su, SAT 2015
c CMS compilation env CMAKE_CXX_COMPILER = /usr/bin/c++ | CMAKE_CXX_FLAGS =  -fvisibility=hidden -Wall -Wextra -Wunused -Wsign-compare -fno-omit-frame-pointer -Wtype-limits -Wuninitialized -Wno-deprecated -Wstrict-aliasing -Wpointer-arith -Wpointer-arith -Wformat-nonliteral -Winit-self -Wparentheses -Wunreachable-code -g -Wno-class-memaccess -mpopcnt -msse4.2 -ggdb3 -Wlogical-op -Wrestrict -Wnull-dereference -Wdouble-promotion -Wshadow -Wformat=2 -Wextra-semi -pedantic | COMPILE_DEFINES =  -DRDB0_ONLY_FEATURES -DUSE_ZLIB -DYALSAT_FPU | STATICCOMPILE = OFF | ONLY_SIMPLE =  | STATS = OFF | SQLITE3_FOUND =  | ZLIB_FOUND = TRUE | VALGRIND_FOUND =  | ENABLE_TESTING = OFF | SLOW_DEBUG = OFF | ENABLE_ASSERTIONS = ON | PYTHON_EXECUTABLE =  | PYTHON_LIBRARY =  | PYTHON_INCLUDE_DIRS =  | MY_TARGETS =  | LARGEMEM = OFF | LIMITMEM = OFF | BREAKID_LIBRARIES =  | BREAKID-VER = . | BOSPHORUS_LIBRARIES =  | BOSPH-VER = . | compilation date time = Jul 13 2026 14:05:03
c CMS compiled with gcc version 11.5.0 20240719 (Red Hat 11.5.0-5)
c Executed with command line: ./cryptominisat5 ./instances/IC_S4/Xn19l6-313-S.dimacs
c Reading file './instances/IC_S4/Xn19l6-313-S.dimacs'
c -- header says num vars:            767
c -- header says num clauses:        2416
c -- clauses added: 2364
c -- xor clauses added: 52
c -- vars added 767
c Parsing time: 0.00 s
c [find&init matx] performing matrix init
c [gauss] XOR-encoding clauses are not detached, so no need to reattach them.
c [xor-rem-unconnected] left with 50 xors from 50 non-empty xors T: 0.00
c [xor-together] xored together: 0 orig xors: 50 new xors: 50 T: 0.00
c [xor-rem-unconnected] left with 50 xors from 50 non-empty xors T: 0.00
c [xor-clean-equiv] removed equivalent xors: 0 left with: 50
c [matrix] unused xors from cleaning: 0
c [matrix] Good   matrix  0     50 x  765  density:0.1077  xorlen avg: 82.40
c [matrix] Using 1 matrices recovered from 0 xors T: 0.00 T-out: N
c [branch] adjusting to: vsid (from: vsid) var_decay:0.95 descr: VSIDS
c rst  geom  stb   vs     1   115    2736 16796  1652    3.97    3.79     1    26    79     9  140.48  129.64
c rst  geom  stb   vs     2   237    2736 16796  1652    3.97    3.79     1    32   195     9   97.89   94.25
c  res  pol bran  nres  conf freevar  IrrL  IrrB l/longC  l/allC RedL0 RedL1 RedL2  RedB l/longC  l/allC
c rst  geom  stb   vs     3   371    2736 16796  1652    3.97    3.79     4    33   325     9   82.42   80.47
c rst  geom  stb   vs     4   519    2736 16796  1652    3.97    3.79     4    33   473     9   87.93   86.44
c rst  geom  stb   vs     5   680    2736 16796  1652    3.97    3.79     4    33   634     9   85.90   84.79
c rst  geom  stb   vs     6   857    2736 16796  1652    3.97    3.79     4    33   811     9   81.52   80.68
c rst  geom  stb   vs     7  1052    2736 16796  1652    3.97    3.79     4    33  1005    10   79.88   79.14
c rst  geom  stb   vs     8  1266    2736 16796  1652    3.97    3.79     4    33  1219    10   78.09   77.49
c rst  geom  stb   vs     9  1500    2736 16796  1652    3.97    3.79     4    33  1452    11   76.80   76.25
c rst  geom  stb   vs    10  1758    2736 16796  1652    3.97    3.79     4    33  1710    11   74.21   73.75
c rst  geom  stb   vs    11  2040    2736 16796  1652    3.97    3.79     4    33  1992    11   73.07   72.69
c rst  geom  stb   vs    12  2350    2736 16796  1652    3.97    3.79     4    33  2302    11   72.80   72.47
c rst  geom  stb   vs    13  2691    2736 16796  1652    3.97    3.79     4    33  2643    11   72.10   71.82
c rst  geom  stb   vs    14  3065    2736 16796  1652    3.97    3.79     4    33  3017    11   72.46   72.21
c rst  geom  stb   vs    15  3475    2736 16796  1652    3.97    3.79     4    33  3427    11   73.91   73.69
c rst  geom  stb   vs    16  3927    2736 16796  1652    3.97    3.79     4    33  3879    11   75.30   75.10
c rst  geom  stb   vs    17  4421    2736 16796  1652    3.97    3.79     4    33  4373    11   75.67   75.48
c rst  geom  stb   vs    18  4965    2736 16796  1652    3.97    3.79     4    33  4917    11   75.07   74.90
c rst  geom  stb   vs    19  5564    2736 16796  1652    3.97    3.79     4    33  5515    12   74.46   74.31
c [branch] adjusting to: vmtf (from: vsid) var_decay:0.95 descr: VMTF
c [distill-long-red0] cls tried: 4/4 T: 0.00 T-out: N T-r: 100.00%
c [distill-long-red1] cls tried: 33/33 T: 0.00 T-out: N T-r: 98.28%
c rst  luby ibes  vmt    20  5665    2736 16796  1652    3.97    3.79    16    91  5543    15   74.07   73.88
c rst  luby ibes  vmt    21  5766    2736 16796  1652    3.97    3.79    17    92  5642    15   73.36   73.18
c rst  luby ibes  vmt    22  5968    2736 16796  1652    3.97    3.79    17    92  5844    15   72.65   72.48
c rst  luby ibes  vmt    23  6070    2736 16796  1652    3.97    3.79    17    92  5946    15   72.55   72.38
c rst  luby ibes  vmt    24  6172    2736 16796  1652    3.97    3.79    17    92  6048    15   71.75   71.58
c rst  luby ibes  vmt    25  6373    2736 16796  1652    3.97    3.79    17    92  6249    15   70.41   70.24
c rst  luby ibes  vmt    26  6775    2736 16796  1652    3.97    3.79    17    92  6651    15   67.98   67.84
c rst  luby ibes  vmt    27  6877    2736 16796  1652    3.97    3.79    17    92  6753    15   67.26   67.12
c rst  luby ibes  vmt    28  6979    2736 16796  1652    3.97    3.79    17    92  6855    15   66.82   66.68
c rst  luby ibes  vmt    29  7181    2736 16796  1652    3.97    3.79    17    92  7057    15   65.56   65.43
c rst  luby ibes  vmt    30  7283    2736 16796  1652    3.97    3.79    17    92  7159    15   65.03   64.90
c rst  luby ibes  vmt    31  7385    2736 16796  1652    3.97    3.79    17    92  7261    15   64.59   64.46
c rst  luby ibes  vmt    32  7587    2736 16796  1652    3.97    3.79    17    92  7463    15   63.95   63.82
c rst  luby ibes  vmt    33  7988    2736 16796  1652    3.97    3.79    17    92  7864    15   62.32   62.20
c rst  luby ibes  vmt    34  8790    2736 16796  1652    3.97    3.79    17    92  8666    15   59.06   58.96
c rst  luby ibes  vmt    35  8892    2736 16796  1652    3.97    3.79    17    92  8768    15   58.78   58.68
c rst  luby ibes  vmt    36  8993    2736 16796  1652    3.97    3.79    17    92  8869    15   58.37   58.28
c rst  luby ibes  vmt    37  9195    2736 16796  1652    3.97    3.79    17    92  9071    15   57.66   57.57
c rst  luby ibes  vmt    38  9297    2736 16796  1652    3.97    3.79    17    92  9173    15   57.29   57.20
c rst  luby ibes  vmt    39  9399    2736 16796  1652    3.97    3.79    17    92  9275    15   57.06   56.98
c rst  luby ibes  vmt    40  9601    2736 16796  1652    3.97    3.79    17    92  9476    16   56.68   56.59
c rst  luby ibes  vmt    41 10002    2736 16796  1652    3.97    3.79    54    55  9876    17   56.28   56.19
c rst  luby ibes  vmt    42 10104    2736 16796  1652    3.97    3.79    54    55  9978    17   56.07   55.98
c rst  luby ibes  vmt    43 10206    2736 16796  1652    3.97    3.79    54    55 10080    17   55.74   55.65
c rst  luby ibes  vmt    44 10407    2736 16796  1652    3.97    3.79    54    55 10281    17   55.28   55.19
c rst  luby ibes  vmt    45 10509    2736 16796  1652    3.97    3.79    54    55 10383    17   54.94   54.85
c rst  luby ibes  vmt    46 10611    2736 16796  1652    3.97    3.79    54    55 10485    17   54.60   54.52
c rst  luby ibes  vmt    47 10813    2736 16796  1652    3.97    3.79    54    55 10687    17   54.07   53.99
c rst  luby  svd  vmt    48 11214    2736 16796  1652    3.97    3.79    55    63 11079    17   55.18   55.10
c rst  luby  svd  vmt    49 12015    2736 16796  1652    3.97    3.79    77   162 11751    25   54.99   54.88
c [branch] adjusting to: vsid (from: vmtf) var_decay:0.95 descr: VSIDS
c [distill-bin] useful: 4/1652/1652 lits-rem: 0 cl-rem: 4 0-depth-assigns: 0 T: 0.01 T-out: N
c rst  geom  svd   vs    50 12127    2736 16796  1648    3.97    3.79    77   162 11863    25   54.89   54.78
c rst  geom  svd   vs    51 12249    2736 16796  1648    3.97    3.79    77   162 11985    25   54.70   54.59
c rst  geom  svd   vs    52 12383    2736 16796  1648    3.97    3.79    77   162 12119    25   54.54   54.43
c rst  geom  svd   vs    53 12531    2736 16796  1648    3.97    3.79    77   162 12267    25   54.27   54.16
c rst  geom  svd   vs    54 12693    2736 16796  1648    3.97    3.79    77   162 12429    25   53.99   53.89
c rst  geom  svd   vs    55 12871    2736 16796  1648    3.97    3.79    77   162 12607    25   53.78   53.68
c rst  geom  svd   vs    56 13065    2736 16796  1648    3.97    3.79    77   162 12801    25   53.38   53.28
c rst  geom  svd   vs    57 13279    2736 16796  1648    3.97    3.79    77   162 13015    25   52.97   52.88
c rst  geom  svd   vs    58 13513    2736 16796  1648    3.97    3.79    77   162 13249    25   52.67   52.57
c rst  geom  svd   vs    59 13771    2736 16796  1648    3.97    3.79    77   162 13507    25   52.29   52.20
c rst  geom  svd   vs    60 14054    2736 16796  1648    3.97    3.79    77   162 13790    25   51.93   51.85
c rst  geom  svd   vs    61 14365    2736 16796  1648    3.97    3.79    77   162 14101    25   51.77   51.69
c rst  geom  svd   vs    62 14705    2736 16796  1648    3.97    3.79    77   162 14441    25   51.35   51.27
c rst  geom  svd   vs    63 15079    2736 16796  1648    3.97    3.79    80   243 14059    25   49.22   49.14
c rst  geom  svd   vs    64 15489    2736 16796  1648    3.97    3.79    80   243 14469    25   48.95   48.87
c rst  geom  svd   vs    65 15939    2736 16796  1648    3.97    3.79    80   243 14919    25   48.24   48.16
c rst  geom  svd   vs    66 16433    2736 16796  1648    3.97    3.79    80   243 15413    25   48.05   47.97
c rst  geom best   vs    67 16977    2736 16796  1648    3.97    3.79    80   243 15957    25   48.84   48.76
c rst  geom best   vs    68 17575    2736 16796  1648    3.97    3.79    80   243 16555    25   49.48   49.41
c rst  geom best   vs    69 18231    2736 16796  1648    3.97    3.79    80   243 17211    25   49.55   49.49
c [branch] adjusting to: vmtf (from: vsid) var_decay:0.95 descr: VMTF
c rst  luby best  vmt    70 18332    2736 16796  1648    3.97    3.79    82   244 17309    25   49.96   49.89
c rst  luby best  vmt    71 18437    2736 16796  1648    3.97    3.79    82   249 17409    25   50.24   50.17
c rst  luby best  vmt    72 18638    2736 16796  1648    3.97    3.79    85   253 17601    27   50.43   50.36
c rst  luby best  vmt    73 18739    2736 16796  1648    3.97    3.79    85   253 17702    27   50.55   50.48
c rst  luby best  vmt    74 18841    2736 16796  1648    3.97    3.79    85   254 17803    27   50.70   50.63
c rst  luby best  vmt    75 19043    2736 16796  1648    3.97    3.79    85   255 18004    27   50.91   50.83
c rst  luby best  vmt    76 19444    2736 16796  1648    3.97    3.79    93   256 18396    27   51.33   51.25
c rst  luby best  vmt    77 19545    2736 16796  1648    3.97    3.79    95   258 18493    27   51.40   51.33
c rst  luby best  vmt    78 19646    2736 16796  1648    3.97    3.79    96   258 18593    27   51.36   51.29
c rst  luby best  vmt    79 19848    2736 16796  1648    3.97    3.79    97   259 18793    27   51.38   51.31
c rst  luby best  vmt    80 19949    2736 16796  1648    3.97    3.79    97   259 18894    27   51.46   51.39
c rst  luby best  vmt    81   20K    2736 16796  1648    3.97    3.79   169   190 18993    27   51.48   51.41
c [full-probe]  bin_only: 1 set: 0 repl: 0 T: 0.00 T-out: N T-r: 99.82%
c rst  luby best  vmt    82   20K    2736 16796  1648    3.97    3.79   170   190 19193    31   51.58   51.50
c rst  luby best  vmt    83   20K    2736 16796  1648    3.97    3.79   171   195 19589    31   51.54   51.46
c [distill-long-red0] cls tried: 147/147 T: 0.01 T-out: N T-r: 99.79%
c [distill-long-red1] cls tried: 75/182 T: 0.01 T-out: Y T-r: -1.53%
c rst  luby best  vmt    84   21K    2736 16796  1648    3.97    3.79   181   202   20K    32   52.08   52.00
c rst  luby best  vmt    85   21K    2736 16796  1648    3.97    3.79   184   202   20K    32   52.07   51.99
c rst  luby best  vmt    86   21K    2736 16796  1648    3.97    3.79   184   202   20K    32   52.12   52.04
c rst  luby  stb  vmt    87   21K    2736 16796  1648    3.97    3.79   192   206   20K    33   52.40   52.32
c rst  luby  stb  vmt    88   21K    2736 16796  1648    3.97    3.79   193   207   20K    35   52.45   52.36
c rst  luby  stb  vmt    89   22K    2736 16796  1648    3.97    3.79   195   211   20K    35   52.56   52.48
c rst  luby  stb  vmt    90   22K    2736 16796  1648    3.97    3.79   199   218   21K    46   52.67   52.56
c rst  luby  stb  vmt    91   22K    2736 16796  1648    3.97    3.79   206   222   21K    46   52.89   52.79
c rst  luby  stb  vmt    92   22K    2736 16796  1648    3.97    3.79   206   226   21K    46   53.01   52.90
c rst  luby  stb  vmt    93   22K    2736 16796  1648    3.97    3.79   208   226   21K    47   53.04   52.93
c rst  luby  stb  vmt    94   23K    2736 16796  1648    3.97    3.79   209   228   21K    47   53.07   52.96
c rst  luby  stb  vmt    95   23K    2736 16796  1648    3.97    3.79   210   231   22K    47   53.16   53.05
c rst  luby  stb  vmt    96   23K    2736 16796  1648    3.97    3.79   210   231   22K    47   53.31   53.20
c rst  luby  stb  vmt    97   23K    2736 16796  1648    3.97    3.79   212   235   22K    47   53.56   53.46
c rst  luby  stb  vmt    98   23K    2736 16796  1648    3.97    3.79   221   239   22K    53   53.99   53.87
c rst  luby  stb  vmt    99   24K    2736 16796  1648    3.97    3.79   229   247   23K    53   54.32   54.21
c rst  luby  stb  vmt   100   26K    2736 16796  1648    3.97    3.79   249   257   25K    57   54.97   54.85
c [branch] adjusting to: vsid (from: vmtf) var_decay:0.95 descr: VSIDS
c [distill] watch-based irred--  cl tried     1430 cl-sh     0 cl-rem    2 lit-rem      0 T: 0.00 T-out: N
c [distill] watch-based   red--  cl tried      497 cl-sh    22 cl-rem    1 lit-rem     39 T: 0.00 T-out: N
c rst  geom  stb   vs   101   26K    2736 16794  1650    3.97    3.79   245   257   25K    58   54.88   54.76
c rst  geom  stb   vs   102   26K    2736 16794  1650    3.97    3.79   245   257   25K    58   54.82   54.70
c rst  geom  stb   vs   103   26K    2736 16794  1650    3.97    3.79   245   257   25K    58   54.81   54.69
c rst  geom  stb   vs   104   26K    2736 16794  1650    3.97    3.79   245   257   25K    58   54.85   54.73
c rst  geom  stb   vs   105   26K    2736 16794  1650    3.97    3.79   245   257   25K    58   54.88   54.77
c rst  geom ibes   vs   106   27K    2736 16794  1650    3.97    3.79   245   257   25K    58   54.73   54.61
c rst  geom ibes   vs   107   27K    2736 16794  1650    3.97    3.79   246   257   26K    58   54.60   54.49
c rst  geom ibes   vs   108   27K    2736 16794  1650    3.97    3.79   246   257   26K    58   54.31   54.20
c rst  geom ibes   vs   109   27K    2736 16794  1650    3.97    3.79   246   257   26K    58   53.99   53.88
c rst  geom ibes   vs   110   28K    2736 16794  1650    3.97    3.79   246   257   26K    58   53.67   53.56
c rst  geom ibes   vs   111   28K    2736 16794  1650    3.97    3.79   247   257   27K    58   53.40   53.29
c rst  geom ibes   vs   112   28K    2736 16794  1650    3.97    3.79   247   257   27K    58   53.15   53.05
c rst  geom ibes   vs   113   28K    2736 16794  1650    3.97    3.79   247   257   27K    58   52.72   52.62
c rst  geom ibes   vs   114   29K    2736 16794  1650    3.97    3.79   247   257   28K    58   52.28   52.18
c rst  geom ibes   vs   115   29K    2736 16794  1650    3.97    3.79   247   257   28K    58   51.81   51.71
c rst  geom ibes   vs   116   30K    2736 16794  1650    3.97    3.79   309   408   23K    59   47.10   46.99
c rst  geom ibes   vs   117   30K    2736 16794  1650    3.97    3.79   309   408   24K    60   46.64   46.53
c rst  geom ibes   vs   118   31K    2736 16794  1650    3.97    3.79   309   408   24K    60   46.23   46.13
c rst  geom ibes   vs   119   31K    2736 16794  1650    3.97    3.79   309   409   25K    60   45.84   45.74
c rst  geom ibes   vs   120   32K    2736 16794  1650    3.97    3.79   309   409   25K    60   45.50   45.40
c [distill-bin] useful: 0/1650/1650 lits-rem: 0 cl-rem: 0 0-depth-assigns: 0 T: 0.01 T-out: N
c rst  geom  svd   vs   121   33K    2736 16794  1650    3.97    3.79   310   410   26K    60   45.25   45.15
c rst  geom  svd   vs   122   34K    2736 16794  1650    3.97    3.79   310   410   27K    60   44.80   44.71
c [branch] adjusting to: vmtf (from: vsid) var_decay:0.95 descr: VMTF
c rst  luby  svd  vmt   123   34K    2736 16794  1650    3.97    3.79   312   414   27K    60   44.83   44.74
c rst  luby  svd  vmt   124   34K    2736 16794  1650    3.97    3.79   313   422   27K    60   45.00   44.91
c rst  luby  svd  vmt   125   34K    2736 16794  1650    3.97    3.79   316   429   27K    60   45.07   44.98
c rst  luby  svd  vmt   126   34K    2736 16794  1650    3.97    3.79   317   429   27K    60   45.10   45.01
c rst  luby  svd  vmt   127   34K    2736 16794  1650    3.97    3.79   318   430   28K    60   45.17   45.08
c rst  luby  svd  vmt   128   34K    2736 16794  1650    3.97    3.79   320   433   28K    60   45.15   45.06
c rst  luby  svd  vmt   129   35K    2736 16794  1650    3.97    3.79   321   437   28K    61   45.31   45.22
c rst  luby  svd  vmt   130   35K    2736 16794  1650    3.97    3.79   323   445   28K    61   45.33   45.24
c rst  luby  svd  vmt   131   35K    2736 16794  1650    3.97    3.79   324   450   28K    61   45.49   45.40
c rst  luby  svd  vmt   132   35K    2736 16794  1650    3.97    3.79   324   451   29K    61   45.29   45.21
c rst  luby  svd  vmt   133   35K    2736 16794  1650    3.97    3.79   324   453   29K    61   45.19   45.10
c [distill-long-red0] cls tried: 171/171 T: 0.01 T-out: N T-r: 99.77%
c [distill-long-red1] cls tried: 51/366 T: 0.01 T-out: Y T-r: -3.38%
c rst  luby  svd  vmt   134   35K    2736 16794  1650    3.97    3.79   322   460   29K    63   45.11   45.02
c rst  luby  svd  vmt   135   36K    2736 16794  1650    3.97    3.79   325   463   29K    63   45.22   45.13
c rst  luby  svd  vmt   136   36K    2736 16794  1650    3.97    3.79   329   479   29K    63   45.53   45.44
c rst  luby  svd  vmt   137   37K    2736 16794  1650    3.97    3.79   333   502   30K    64   46.06   45.97
c rst  luby  svd  vmt   138   37K    2736 16794  1650    3.97    3.79   333   509   30K    64   46.09   46.00
c rst  luby  svd  vmt   139   37K    2736 16794  1650    3.97    3.79   333   509   30K    64   46.00   45.91
c rst  luby  svd  vmt   140   37K    2736 16794  1650    3.97    3.79   335   516   30K    64   45.88   45.79
c rst  luby  svd  vmt   141   37K    2736 16794  1650    3.97    3.79   336   521   31K    64   45.95   45.86
c rst  luby  svd  vmt   142   37K    2736 16794  1650    3.97    3.79   336   523   31K    65   46.04   45.95
c rst  luby  svd  vmt   143   38K    2736 16794  1650    3.97    3.79   336   526   31K    66   46.00   45.91
c rst  geom best  vmt   144   38K    2736 16794  1650    3.97    3.79   337   527   31K    66   46.01   45.92
c rst  geom best  vmt   145   38K    2736 16794  1650    3.97    3.79   337   528   31K    66   46.19   46.10
c rst  geom best  vmt   146   38K    2736 16794  1650    3.97    3.79   338   531   31K    66   46.20   46.11
c rst  geom best  vmt   147   38K    2736 16794  1650    3.97    3.79   339   539   31K    66   46.26   46.18
c rst  geom best  vmt   148   38K    2736 16794  1650    3.97    3.79   339   542   32K    66   46.33   46.24
c rst  geom best  vmt   149   38K    2736 16794  1650    3.97    3.79   340   544   32K    66   46.49   46.40
c rst  geom best  vmt   150   39K    2736 16794  1650    3.97    3.79   345   545   32K    66   46.51   46.42
c rst  geom best  vmt   151   39K    2736 16794  1650    3.97    3.79   345   550   32K    66   46.59   46.50
c rst  geom best  vmt   152   39K    2736 16794  1650    3.97    3.79   345   571   32K    66   46.79   46.70
c rst  geom best  vmt   153   39K    2736 16794  1650    3.97    3.79   345   577   33K    66   46.89   46.81
c rst  geom best  vmt   154   40K    2736 16794  1650    3.97    3.79   427   506   33K    66   47.02   46.93
c [full-probe]  bin_only: 0 set: 0 repl: 0 T: 0.01 T-out: N T-r: 97.76%
c [impl-str] lit bin: 0 set-var: 0 T: 0.00 T-out: N T-r: 99.95% w-visit: 5472
c [impl-sub] bin: 16 T: 0.00 T-out: N w-visit: 5472
c rst  geom best  vmt   155   40K    2736 16794  1650    3.97    3.79   430   517   33K    50   47.15   47.09
c rst  geom best  vmt   156   40K    2736 16794  1650    3.97    3.79   433   521   33K    50   47.14   47.07
c rst  geom best  vmt   157   41K    2736 16794  1650    3.97    3.79   436   530   34K    50   47.20   47.13
c rst  geom best  vmt   158   41K    2736 16794  1650    3.97    3.79   438   535   34K    50   47.49   47.42
c rst  geom best  vmt   159   41K    2736 16794  1650    3.97    3.79   438   541   35K    50   47.53   47.47
c rst  geom best  vmt   160   42K    2736 16794  1650    3.97    3.79   440   552   35K    50   47.51   47.45
c [branch] adjusting to: vsid (from: vmtf) var_decay:0.95 descr: VSIDS
c rst  geom best   vs   161   42K    2736 16794  1650    3.97    3.79   440   552   35K    50   47.45   47.39
c rst  geom best   vs   162   42K    2736 16794  1650    3.97    3.79   440   552   35K    50   47.39   47.33
c rst  geom best   vs   163   42K    2736 16794  1650    3.97    3.79   440   552   36K    50   47.29   47.23
c rst  geom best   vs   164   42K    2736 16794  1650    3.97    3.79   440   552   36K    50   47.18   47.12
c rst  geom best   vs   165   43K    2736 16794  1650    3.97    3.79   440   552   36K    50   47.06   47.00
c rst  geom best   vs   166   43K    2736 16794  1650    3.97    3.79   440   552   36K    50   46.92   46.86
c rst  geom best   vs   167   43K    2736 16794  1650    3.97    3.79   440   552   36K    50   46.78   46.72
c rst  geom  stb   vs   168   43K    2736 16794  1650    3.97    3.79   440   552   36K    50   46.64   46.58
c rst  geom  stb   vs   169   43K    2736 16794  1650    3.97    3.79   440   552   37K    50   46.52   46.46
c rst  geom  stb   vs   170   44K    2736 16794  1650    3.97    3.79   440   552   37K    50   46.39   46.34
c [ccnr] tries: 0 steps: 262143 best found: 15
c [ccnr] tries: 0 steps: 524287 best found: 15
c [ccnr] tries: 0 steps: 786431 best found: 15
c [ccnr] saving best assignment phase to stable_polar
c [ccnr] bumping based on clause weights
c [ccnr] Bumped vars: 101 bump type: 6
c [ccnr] time: 0.61
c rst  geom  stb   vs   171   44K    2736 16794  1650    3.97    3.79   440   552   37K    50   46.30   46.24
c rst  geom  stb   vs   172   44K    2736 16794  1650    3.97    3.79   440   552   38K    50   46.15   46.09
c rst  geom  stb   vs   173   45K    2736 16794  1650    3.97    3.79   465   920   31K    50   47.74   47.67
c rst  geom  stb   vs   174   45K    2736 16794  1650    3.97    3.79   465   920   31K    50   47.49   47.42
c rst  geom  stb   vs   175   45K    2736 16794  1650    3.97    3.79   465   920   31K    50   47.27   47.20
c rst  geom  stb   vs   176   46K    2736 16794  1650    3.97    3.79   465   920   32K    50   47.05   46.98
c rst  geom  stb   vs   177   46K    2736 16794  1650    3.97    3.79   465   920   32K    51   46.87   46.80
c rst  geom  stb   vs   178   47K    2736 16794  1650    3.97    3.79   465   920   33K    51   46.54   46.47
c rst  geom  stb   vs   179   48K    2736 16794  1650    3.97    3.79   465   920   33K    51   46.20   46.13
c rst  geom  stb   vs   180   48K    2736 16794  1650    3.97    3.79   465   920   34K    51   45.80   45.74
c rst  geom  stb   vs   181   49K    2736 16794  1650    3.97    3.79   465   920   35K    51   45.34   45.28
c rst  geom ibes   vs   182   50K    2736 16794  1650    3.97    3.79   491   894   36K    52   44.93   44.88
c [gauss] XOR-encoding clauses are not detached, so no need to reattach them.
c [g 0] truth-find prop checks  : 802K
c [g 0] -> of which prop        : 39.19 %
c [g 0] -> of which confl       :  3.56 %
c [g 0] elim called             : 143K
c [g 0] ---> which lead to prop : 11.28 %
c [g 0] ---> which lead to confl:  0.84 %
c [g 0] size: 50    x 765  
c [scc] new: 6 BP 0M T: 0.00
c [vrep] vars 6 lits 15353 rem-bin-cls 26 rem-long-cls 2 BP 0M T: 0.03
c [scc] new: 0 BP 0M T: 0.00
c [vrep] vars 0 lits 0 rem-bin-cls 0 rem-long-cls 0 BP 0M T: 0.00
c [intree] Set 0 vars hyper-added: 710 trans-irred: 0 trans-red: 10 T: 0.01 T-out: N T-r: -0.90%
c [find&init matx] performing matrix init
c [gauss] XOR-encoding clauses are not detached, so no need to reattach them.
c [xor-rem-unconnected] left with 50 xors from 50 non-empty xors T: 0.00
c [xor-together] xored together: 0 orig xors: 50 new xors: 50 T: 0.00
c [xor-rem-unconnected] left with 50 xors from 50 non-empty xors T: 0.00
c [xor-clean-equiv] removed equivalent xors: 0 left with: 50
c [matrix] unused xors from cleaning: 0
c [matrix] Good   matrix 0 50      x761    density:0.1075  xorlen avg: 81.80
c [matrix] Using 1 matrices recovered from 0 xors T: 0.00 T-out: N
c rst  geom ibes vs   183   51  K 2730    16792  1640 3.97    3.79      491   894   37K   748 44.60   43.79  
c [distill-long-red0] cls tried: 169/169 T: 0.01 T-out: N T-r: 99.59%
c [distill-long-red1] cls tried: 24/756 T: 0.01 T-out: Y T-r: -3.55%
c rst  geom ibes vs   184   52  K 2730    16792  1640 3.97    3.79      491   894   37K   748 44.10   43.31  
c [distill] watch-based irred--  cl tried 1424     cl-sh 0     cl-rem 0    lit-rem 0      T: 0.00 T-out: N
c [distill] watch-based red  --  cl tried 982      cl-sh 23    cl-rem 0    lit-rem 39     T: 0.00 T-out: N
c rst  geom ibes vs   185   53  K 2730    16792  1640 3.97    3.79      491   894   39K   749 43.56   42.81  
c [branch] adjusting to: vmtf (from: vsid) var_decay:0.95 descr: VMTF
c [distill-bin] useful: 0/1594/1640 lits-rem: 0 cl-rem: 0 0-depth-assigns: 0 T: 0.01 T-out: Y
c rst  luby ibes vmt  186   53  K 2730    16792  1640 3.97    3.79      491   894   39K   749 43.72   42.96  
c rst  luby ibes vmt  187   53  K 2730    16792  1640 3.97    3.79      493   895   39K   749 43.75   42.99  
c rst  luby ibes vmt  188   53  K 2730    16792  1640 3.97    3.79      494   898   39K   749 44.01   43.26  
c rst  luby ibes vmt  189   53  K 2730    16792  1640 3.97    3.79      495   901   39K   749 44.01   43.25  
c rst  luby ibes vmt  190   53  K 2730    16792  1640 3.97    3.79      495   901   39K   749 44.08   43.32  
c rst  luby ibes vmt  191   53  K 2730    16792  1640 3.97    3.79      497   904   39K   749 44.65   43.89  
c rst  luby ibes vmt  192   54  K 2730    16792  1640 3.97    3.79      499   924   40K   749 44.78   44.03  
c rst  luby ibes vmt  193   54  K 2730    16792  1640 3.97    3.79      500   924   40K   749 44.93   44.18  
c rst  luby ibes vmt  194   54  K 2730    16792  1640 3.97    3.79      500   926   40K   749 44.93   44.18  
c rst  luby ibes vmt  195   54  K 2730    16792  1640 3.97    3.79      502   930   40K   749 45.06   44.30  
c rst  luby ibes vmt  196   54  K 2730    16792  1640 3.97    3.79      502   930   40K   749 45.03   44.28  
c rst  luby ibes vmt  197   54  K 2730    16792  1640 3.97    3.79      503   930   40K   749 45.17   44.42  
c rst  luby ibes vmt  198   55  K 2730    16792  1640 3.97    3.79      504   935   41K   749 45.31   44.56  
c rst  luby svd  vmt  199   55  K 2730    16792  1640 3.97    3.79      505   948   41K   749 45.84   45.09  
c rst  luby svd  vmt  200   56  K 2730    16792  1640 3.97    3.79      508   957   41K   749 46.03   45.28  
c recursive minimization cost OK: 288Kcost/(% lits removed)
c [gauss] XOR-encoding clauses are not detached, so no need to reattach them.
c [g 0] truth-find prop checks  : 111K
c [g 0] -> of which prop        : 41.42 %
c [g 0] -> of which confl       :  3.49 %
c [g 0] elim called             : 18018
c [g 0] ---> which lead to prop :  3.73 %
c [g 0] ---> which lead to confl:  0.18 %
c [g 0] size: 50    x 761  
c --> Executing strategy token: scc-vrepl
c [scc] new: 2 BP 0M T: 0.00
c [vrep] vars 2 lits 8772 rem-bin-cls 8 rem-long-cls 6 BP 0M T: 0.02
c --> Executing strategy token: sub-impl
c [impl-sub] bin: 2 T: 0.00 T-out: N w-visit: 5472
c --> Executing strategy token: breakid
c --> Executing OCC strategy token(s): 'occ-backw-sub-str,occ-clean-implicit,occ-bve,occ-bva,occ-ternary-res,occ-xor,'
c [occ] mem usage for occur 1      MB
c [occ] Linked in IRRED BIN by default: 1638
c [occ] Linked in RED   BIN by default: 745
c [occ] mem usage for occur 0      MB
c Mem for watch alloc      : 3           MB (16.23     %)
c Mem for watch array      : 0           MB (0.78      %)
c --> Executing OCC strategy token: occ-backw-sub-str
c [occ-backw-sub-str-long-w-bins] subs: 2 str: 5 tried: 2384 0-depth ass: 0 T: 0.00 T-out: N T-r: 99.37%
c [occ-backw-sub-long-w-long] rem cl: 23 tried: 60166/60166 (100.0%) T: 0.01 T-out: N T-r: 96.77%
c [occ-backw-sub-str-long-w-long] sub: 0 str: 2 tried: 180498/60166 (300.0)  T: 0.06 T-out: N T-r: 88.84%
c [occ-backw-sub-str-w-added-long]  sub: 0 str: 0 0-depth ass: 0 T: 0.00 T-out: N T-r: 100.00%
c --> Executing OCC strategy token: occ-clean-implicit
c --> Executing OCC strategy token: occ-bve
c [occ-empty-res] Empty resolvent elimed: 0 T: 0.00 T-out: N
c [occ-bve] iter v-elim 10
c cl_inc_rate=1.0, var_dec_rate=1.0 (grow=0)
c Reduced to 2718 vars, 18423 cls (grow=0)
c [occ-bve] iter v-elim 290
c cl_inc_rate=1.1, var_dec_rate=1.1 (grow=8)
c Reduced to 2428 vars, 19699 cls (grow=8)
c x n vars       : 2428
c #try to eliminate:  5705
c #var-elim        :   300
c #T-o: N
c #T-r: 99.99%
c #T  : 0.09
c [occur] 0.04 is overhead
c [occur] link-in T: 0.04 cleanup T: 0.00
c --> Executing OCC strategy token: occ-bva
c --> Executing OCC strategy token: occ-ternary-res
c [occ-ternary-res] Ternary res-tri: 56 res-bin: 0 sub: 3 str: 0 T: 0.00 T-out: N T-r: 99.37%
c --> Executing OCC strategy token: occ-xor
c [occ-xor] sort occur list T: 0.00
c [xor-clean-equiv] removed equivalent xors: 0 left with: 1856
c [occ-xor] found   1856 avg sz 4.0 min sz  4 max sz  5 T: 0.00 T-out: N T-r: 99.98%
c --> Executing strategy token: card-find
c --> Executing strategy token: cl-consolidate
c [mem] consolidate  old-sz: 11475K new-sz: 3928K new bits offs: 19 T: 0.00
c --> Executing strategy token: scc-vrepl
c [scc] new: 0 BP 0M T: 0.00
c --> Executing strategy token: renumber
c --> Executing strategy token: bosphorus
c --> Executing strategy token: louvain-comms
c [consolidate] mini T: 0.00
c global_timeout_multiplier: 3.3000
c [branch] rebuilding order heap for all branchings. Current branching: vmtf
c [find&init matx] performing matrix init
c [gauss] XOR-encoding clauses are not detached, so no need to reattach them.
c [xor-rem-unconnected] left with 1856 xors from 1856 non-empty xors T: 0.00
c [xor-together] xored together: 1811 orig xors: 1856 new xors: 45 T: 0.00
c [xor-rem-unconnected] left with 45 xors from 45 non-empty xors T: 0.00
c [xor-clean-equiv] removed equivalent xors: 0 left with: 45
c [matrix] unused xors from cleaning: 0
c [matrix] Good   matrix  0     45 x  454  density:0.1865  xorlen avg: 84.69
c [matrix] Using 1 matrices recovered from 0 xors T: 0.00 T-out: N
c rst  luby  svd  vmt   201   56K    2428 18824   875    4.11    4.02   101   152   20K    73   30.55   30.45
c rst  luby  svd  vmt   202   56K    2428 18824   875    4.11    4.02   101   154   20K    73   30.49   30.39
c rst  luby  svd  vmt   203   56K    2428 18824   875    4.11    4.02   101   158   20K    73   30.44   30.35
c rst  luby  svd  vmt   204   56K    2428 18824   875    4.11    4.02   101   159   20K    73   30.30   30.21
c rst  luby  svd  vmt   205   56K    2428 18824   875    4.11    4.02   101   159   21K    73   30.25   30.15
c rst  luby  svd  vmt   206   56K    2428 18824   875    4.11    4.02   101   159   21K    73   30.18   30.08
c [g  <0] Disabling GJ-elim in this round.  Usefulness was: 18.9515%  over 56803 calls
c rst  luby  svd  vmt   207   57K    2428 18824   875    4.11    4.02   101   169   21K    73   30.12   30.03
c rst  luby  svd  vmt   208   57K    2428 18824   875    4.11    4.02   102   173   21K    73   30.08   29.99
c rst  luby  svd  vmt   209   57K    2428 18824   875    4.11    4.02   104   177   21K    73   30.18   30.08
c rst  luby  svd  vmt   210   57K    2428 18824   875    4.11    4.02   104   185   21K    73   30.28   30.19
c rst  luby  svd  vmt   211   57K    2428 18824   875    4.11    4.02   104   197   22K    73   30.44   30.35
c rst  luby  svd  vmt   212   58K    2428 18824   875    4.11    4.02   106   205   22K    73   30.48   30.39
c rst  luby  svd  vmt   213   58K    2428 18824   875    4.11    4.02   106   211   22K    73   30.53   30.44
c rst  luby  svd  vmt   214   58K    2428 18824   875    4.11    4.02   115   278   22K    73   30.46   30.37
c rst  luby  svd  vmt   215   58K    2428 18824   875    4.11    4.02   117   292   22K    73   30.46   30.37
c rst  luby  svd  vmt   216   59K    2428 18824   875    4.11    4.02   121   311   23K    73   30.14   30.06
c rst  luby  svd  vmt   217   61K    2428 18824   875    4.11    4.02   223   363   21K    73   27.38   27.30
c [full-probe]  bin_only: 1 set: 0 repl: 0 T: 0.00 T-out: N T-r: 99.84%
c rst  geom best  vmt   218   61K    2428 18824   875    4.11    4.02   223   364   21K    73   27.32   27.24
c rst  geom best  vmt   219   61K    2428 18824   875    4.11    4.02   223   365   21K    73   27.26   27.18
c rst  geom best  vmt   220   61K    2428 18824   875    4.11    4.02   223   367   21K    73   27.21   27.13
c rst  geom best  vmt   221   61K    2428 18824   875    4.11    4.02   223   367   21K    73   27.20   27.12
c rst  geom best  vmt   222   61K    2428 18824   875    4.11    4.02   223   371   21K    73   27.24   27.16
c rst  geom best  vmt   223   61K    2428 18824   875    4.11    4.02   223   376   22K    73   27.23   27.14
c rst  geom best  vmt   224   62K    2428 18824   875    4.11    4.02   223   381   22K    73   27.23   27.15
c rst  geom best  vmt   225   62K    2428 18824   875    4.11    4.02   223   384   22K    73   27.18   27.10
c rst  geom best  vmt   226   62K    2428 18824   875    4.11    4.02   223   386   22K    73   27.12   27.04
c rst  geom best  vmt   227   62K    2428 18824   875    4.11    4.02   225   396   23K    73   27.10   27.02
c rst  geom best  vmt   228   63K    2428 18824   875    4.11    4.02   236   445   23K    73   26.99   26.91
c [branch] adjusting to: vsid (from: vmtf) var_decay:0.95 descr: VSIDS
c rst  geom best   vs   229   63K    2428 18824   875    4.11    4.02   237   446   23K    73   27.19   27.11
c rst  geom best   vs   230   63K    2428 18824   875    4.11    4.02   237   451   23K    73   27.38   27.30
c rst  geom best   vs   231   63K    2428 18824   875    4.11    4.02   238   453   23K    73   27.72   27.64
c rst  geom best   vs   232   63K    2428 18824   875    4.11    4.02   238   453   23K    73   27.94   27.86
c rst  geom best   vs   233   63K    2428 18824   875    4.11    4.02   238   455   23K    73   28.14   28.06
c rst  geom best   vs   234   64K    2428 18824   875    4.11    4.02   238   458   24K    73   28.53   28.45
c rst  geom best   vs   235   64K    2428 18824   875    4.11    4.02   238   459   24K    73   28.85   28.77
c rst  geom best   vs   236   64K    2428 18824   875    4.11    4.02   239   459   24K    74   29.17   29.09
c rst  geom best   vs   237   64K    2428 18824   875    4.11    4.02   240   461   24K    74   29.54   29.46
c rst  geom best   vs   238   64K    2428 18824   875    4.11    4.02   240   466   25K    74   29.96   29.88
c rst  geom best   vs   239   65K    2428 18824   875    4.11    4.02   240   466   25K    74   30.14   30.06
c rst  geom best   vs   240   65K    2428 18824   875    4.11    4.02   240   466   25K    74   30.37   30.29
c rst  geom best   vs   241   65K    2428 18824   875    4.11    4.02   240   468   25K    74   30.64   30.56
c rst  geom best   vs   242   66K    2428 18824   875    4.11    4.02   240   470   26K    74   30.95   30.87
c [distill-long-red0] cls tried: 146/146 T: 0.01 T-out: N T-r: 99.79%
c [distill-long-red1] cls tried: 79/352 T: 0.01 T-out: Y T-r: -1.51%
c rst  geom best   vs   243   66K    2428 18824   875    4.11    4.02   240   483   26K    75   31.74   31.65
c rst  geom best   vs   244   67K    2428 18824   875    4.11    4.02   245   487   27K    75   32.15   32.07
c rst  geom  stb   vs   245   67K    2428 18824   875    4.11    4.02   266   506   27K    75   32.50   32.42
c rst  geom  stb   vs   246   68K    2428 18824   875    4.11    4.02   284   548   28K    75   32.54   32.46
c rst  geom  stb   vs   247   68K    2428 18824   875    4.11    4.02   291   573   28K    75   32.86   32.78
c rst  geom  stb   vs   248   69K    2428 18824   875    4.11    4.02   295   614   29K    75   32.94   32.86
c rst  geom  stb   vs   249   70K    2428 18824   875    4.11    4.02   489   452   29K    75   32.89   32.81
c rst  geom  stb   vs   250   70K    2428 18824   875    4.11    4.02   495   474   30K    75   32.91   32.84
c rst  geom  stb   vs   251   71K    2428 18824   875    4.11    4.02   508   497   31K    75   32.87   32.80
c rst  geom  stb   vs   252   72K    2428 18824   875    4.11    4.02   519   530   32K    75   32.65   32.59
c rst  geom  stb   vs   253   73K    2428 18824   875    4.11    4.02   519   543   33K    75   32.79   32.72
c [distill-bin] useful: 2/875/875 lits-rem: 0 cl-rem: 2 0-depth-assigns: 0 T: 0.01 T-out: N
c rst  geom ibes   vs   254   74K    2428 18824   873    4.11    4.02   528   584   34K    75   33.08   33.01
c [branch] adjusting to: vmtf (from: vsid) var_decay:0.95 descr: VMTF
c rst  luby ibes  vmt   255   75K    2428 18824   873    4.11    4.02   561   851   26K    75   33.45   33.36
c rst  luby ibes  vmt   256   75K    2428 18824   873    4.11    4.02   561   851   26K    75   33.45   33.36
c rst  luby ibes  vmt   257   75K    2428 18824   873    4.11    4.02   561   854   26K    75   33.34   33.26
c rst  luby ibes  vmt   258   75K    2428 18824   873    4.11    4.02   561   855   26K    75   33.33   33.24
c rst  luby ibes  vmt   259   75K    2428 18824   873    4.11    4.02   561   855   26K    75   33.26   33.18
c rst  luby ibes  vmt   260   75K    2428 18824   873    4.11    4.02   561   858   27K    75   33.18   33.10
c rst  luby ibes  vmt   261   76K    2428 18824   873    4.11    4.02   561   863   27K    75   32.96   32.88
c rst  luby ibes  vmt   262   76K    2428 18824   873    4.11    4.02   561   863   27K    75   32.93   32.85
c rst  luby ibes  vmt   263   76K    2428 18824   873    4.11    4.02   561   864   27K    75   32.89   32.82
c rst  luby ibes  vmt   264   76K    2428 18824   873    4.11    4.02   561   867   27K    75   32.88   32.80
c rst  luby ibes  vmt   265   76K    2428 18824   873    4.11    4.02   561   867   27K    75   32.82   32.74
c rst  luby ibes  vmt   266   76K    2428 18824   873    4.11    4.02   561   867   28K    75   32.77   32.69
c rst  luby ibes  vmt   267   76K    2428 18824   873    4.11    4.02   561   870   28K    75   32.68   32.60
c rst  luby ibes  vmt   268   77K    2428 18824   873    4.11    4.02   561   871   28K    75   32.52   32.45
c [distill] watch-based irred--  cl tried     7655 cl-sh   139 cl-rem  153 lit-rem    145 T: 0.01 T-out: N
c [distill] watch-based   red--  cl tried     1122 cl-sh    95 cl-rem    0 lit-rem    490 T: 0.00 T-out: N
c rst  luby ibes  vmt   269   78K    2428 18671   884    4.10    4.01   564   881   29K    64   32.27   32.20
c rst  luby ibes  vmt   270   78K    2428 18671   884    4.10    4.01   564   881   29K    64   32.24   32.18
c rst  luby ibes  vmt   271   78K    2428 18671   884    4.10    4.01   564   883   29K    64   32.20   32.14
c rst  luby ibes  vmt   272   78K    2428 18671   884    4.10    4.01   564   883   29K    64   32.17   32.10
c rst  luby ibes  vmt   273   78K    2428 18671   884    4.10    4.01   564   884   29K    64   32.17   32.11
c rst  luby ibes  vmt   274   78K    2428 18671   884    4.10    4.01   565   885   30K    64   32.14   32.08
c rst  luby ibes  vmt   275   78K    2428 18671   884    4.10    4.01   565   888   30K    64   32.04   31.98
c rst  luby ibes  vmt   276   79K    2428 18671   884    4.10    4.01   565   891   30K    64   31.86   31.80
c rst  luby ibes  vmt   277   79K    2428 18671   884    4.10    4.01   565   895   30K    64   31.81   31.75
c rst  luby ibes  vmt   278   79K    2428 18671   884    4.10    4.01   565   897   30K    64   31.77   31.71
c rst  luby  svd  vmt   279   79K    2428 18671   884    4.10    4.01   565   899   31K    64   31.72   31.66
c rst  luby  svd  vmt   280   79K    2428 18671   884    4.10    4.01   565   899   31K    64   31.71   31.65
c rst  luby  svd  vmt   281   79K    2428 18671   884    4.10    4.01   566   902   31K    64   31.74   31.68
c rst  luby  svd  vmt   282   80K    2428 18671   884    4.10    4.01   841   581   31K    64   31.68   31.62
c rst  luby  svd  vmt   283   80K    2428 18671   884    4.10    4.01   842   591   31K    64   31.61   31.55
c rst  luby  svd  vmt   284   81K    2428 18671   884    4.10    4.01   843   597   32K    64   31.39   31.33
c [distill-long-red0] cls tried: 600/600 T: 0.03 T-out: N T-r: 99.18%
c [distill-long-red1] cls tried: 64/465 T: 0.01 T-out: Y T-r: -3.48%
c [full-probe]  bin_only: 0 set: 1 repl: 0 T: 0.01 T-out: N T-r: 98.00%
c rst  luby  svd  vmt   285   83K    2427 18671   884    4.10    4.01   847   636   34K    64   31.33   31.28
c rst  luby  svd  vmt   286   83K    2427 18671   884    4.10    4.01   847   639   34K    64   31.30   31.25
c rst  luby  svd  vmt   287   83K    2427 18671   884    4.10    4.01   847   639   34K    64   31.29   31.24
c rst  luby  svd  vmt   288   83K    2427 18671   884    4.10    4.01   847   642   34K    64   31.30   31.25
c rst  luby  svd  vmt   289   83K    2427 18671   884    4.10    4.01   848   648   34K    64   31.27   31.22
c rst  luby  svd  vmt   290   83K    2427 18671   884    4.10    4.01   848   655   34K    64   31.26   31.21
c rst  luby  svd  vmt   291   83K    2427 18671   884    4.10    4.01   848   658   35K    64   31.22   31.17
c rst  luby  svd  vmt   292   84K    2427 18671   884    4.10    4.01   848   663   35K    64   31.10   31.05
c rst  luby  svd  vmt   293   84K    2427 18671   884    4.10    4.01   848   663   35K    64   31.08   31.03
c rst  luby  svd  vmt   294   84K    2427 18671   884    4.10    4.01   848   665   35K    64   31.09   31.04
c rst  luby  svd  vmt   295   84K    2427 18671   884    4.10    4.01   850   674   35K    64   31.17   31.12
c rst  luby  svd  vmt   296   84K    2427 18671   884    4.10    4.01   850   679   35K    64   31.22   31.17
c rst  luby  svd  vmt   297   84K    2427 18671   884    4.10    4.01   851   682   36K    64   31.30   31.25
c rst  luby  svd  vmt   298   85K    2427 18671   884    4.10    4.01   853   697   36K    64   31.37   31.32
c rst  luby  svd  vmt   299   85K    2427 18671   884    4.10    4.01   856   709   36K    64   31.47   31.42
c rst  luby  svd  vmt   300   86K    2427 18671   884    4.10    4.01   860   745   37K    64   31.68   31.63
c rst  geom best  vmt   301   86K    2427 18671   884    4.10    4.01   860   753   37K    64   31.71   31.66
c rst  geom best  vmt   302   86K    2427 18671   884    4.10    4.01   860   761   37K    64   31.71   31.66
c rst  geom best  vmt   303   86K    2427 18671   884    4.10    4.01   860   773   37K    64   31.68   31.64
c rst  geom best  vmt   304   86K    2427 18671   884    4.10    4.01   861   787   37K    64   31.67   31.63
c rst  geom best  vmt   305   86K    2427 18671   884    4.10    4.01   861   802   37K    64   31.69   31.64
c rst  geom best  vmt   306   87K    2427 18671   884    4.10    4.01   862   811   38K    64   31.69   31.64
c rst  geom best  vmt   307   87K    2427 18671   884    4.10    4.01   862   827   38K    64   31.68   31.64
c rst  geom best  vmt   308   87K    2427 18671   884    4.10    4.01   865   854   38K    64   31.70   31.66
c rst  geom best  vmt   309   87K    2427 18671   884    4.10    4.01   866   866   38K    64   31.73   31.68
c [branch] adjusting to: vsid (from: vmtf) var_decay:0.95 descr: VSIDS
c rst  geom best   vs   310   87K    2427 18671   884    4.10    4.01   867   873   38K    64   31.73   31.68
c rst  geom best   vs   311   87K    2427 18671   884    4.10    4.01   867   884   38K    64   31.75   31.71
c rst  geom best   vs   312   88K    2427 18671   884    4.10    4.01   867   887   39K    64   31.78   31.73
c rst  geom best   vs   313   88K    2427 18671   884    4.10    4.01   868   893   39K    64   31.79   31.74
c [ccnr] tries: 0 steps: 262143 best found: 8
c [ccnr] tries: 0 steps: 524287 best found: 8
c [ccnr] tries: 0 steps: 786431 best found: 8
c [ccnr] saving best assignment phase to stable_polar
c [ccnr] bumping based on var unsat frequency: conflict_ct
c [ccnr] Bumped vars: 2736 bump type: 6
c [ccnr] time: 0.54
c rst  geom best   vs   314   88K    2427 18671   884    4.10    4.01   870   899   39K    64   31.78   31.73
c rst  geom best   vs   315   88K    2427 18671   884    4.10    4.01   870   916   39K    64   31.77   31.73
c rst  geom best   vs   316   88K    2427 18671   884    4.10    4.01   870   923   39K    64   31.78   31.73
c rst  geom best   vs   317   88K    2427 18671   884    4.10    4.01   871   929   39K    64   31.77   31.72
c rst  geom best   vs   318   89K    2427 18671   884    4.10    4.01   872   941   40K    64   31.78   31.73
c rst  geom best   vs   319   89K    2427 18671   884    4.10    4.01   872   952   40K    64   31.82   31.77
c rst  geom best   vs   320   89K    2427 18671   884    4.10    4.01   874   960   40K    64   31.81   31.77
c rst  geom best   vs   321   90K    2427 18671   884    4.10    4.01  1200  1271   31K    64   33.40   33.34
c rst  geom best   vs   322   90K    2427 18671   884    4.10    4.01  1200  1271   32K    64   33.35   33.29
c rst  geom best   vs   323   90K    2427 18671   884    4.10    4.01  1200  1281   32K    64   33.31   33.25
c rst  geom best   vs   324   91K    2427 18671   884    4.10    4.01  1202  1295   33K    64   33.25   33.19
c rst  geom best   vs   325   91K    2427 18671   884    4.10    4.01  1203  1308   33K    64   33.23   33.17
c rst  geom best   vs   326   92K    2427 18671   884    4.10    4.01  1206  1321   33K    64   33.37   33.31
c rst  geom  stb   vs   327   92K    2427 18671   884    4.10    4.01  1215  1357   34K    64   33.61   33.55
c rst  geom  stb   vs   328   93K    2427 18671   884    4.10    4.01  1215  1379   35K    64   33.62   33.57
c rst  geom  stb   vs   329   93K    2427 18671   884    4.10    4.01  1215  1397   35K    64   33.70   33.65
c [distill-bin] useful: 0/884/884 lits-rem: 0 cl-rem: 0 0-depth-assigns: 0 T: 0.01 T-out: N
c rst  geom  stb   vs   330   94K    2427 18671   882    4.10    4.01  1215  1420   36K    64   33.73   33.68
c rst  geom  stb   vs   331   95K    2427 18671   882    4.10    4.01  1220  1435   37K    64   33.80   33.74
c rst  geom  stb   vs   332   96K    2427 18671   882    4.10    4.01  1224  1452   37K    64   33.97   33.92
c rst  geom  stb   vs   333   97K    2427 18671   882    4.10    4.01  1224  1458   38K    64   33.87   33.82
c [distill-long-red0] cls tried: 378/378 T: 0.03 T-out: N T-r: 99.27%
c [distill-long-red1] cls tried: 57/1264 T: 0.02 T-out: Y T-r: -0.89%
c rst  geom  stb   vs   334   98K    2427 18671   882    4.10    4.01  1226  1464   39K    64   33.81   33.76
c rst  geom ibes   vs   335   99K    2427 18671   882    4.10    4.01  1236  1511   41K    64   33.87   33.82
c rst  geom ibes   vs   336  100K    2427 18671   882    4.10    4.01  1401  1361   42K    64   33.80   33.76
c [impl-str] lit bin: 0 set-var: 0 T: 0.00 T-out: N T-r: 99.95% w-visit: 5472
c [impl-sub] bin: 1 T: 0.00 T-out: N w-visit: 5472
c rst  geom ibes   vs   337  102K    2427 18671   882    4.10    4.01  1403  1391   43K    63   33.94   33.90
c [branch] adjusting to: vmtf (from: vsid) var_decay:0.95 descr: VMTF
c [full-probe]  bin_only: 1 set: 0 repl: 0 T: 0.01 T-out: N T-r: 99.67%
c rst  luby ibes  vmt   338  102K    2427 18671   882    4.10    4.01  1414  1415   43K    63   33.91   33.87
c rst  luby ibes  vmt   339  102K    2427 18671   882    4.10    4.01  1414  1415   43K    63   33.93   33.88
c rst  luby ibes  vmt   340  102K    2427 18671   882    4.10    4.01  1416  1422   44K    63   33.93   33.89
c [distill] watch-based irred--  cl tried     7502 cl-sh     0 cl-rem    0 lit-rem      0 T: 0.01 T-out: N
c [distill] watch-based   red--  cl tried     2832 cl-sh   104 cl-rem    0 lit-rem    187 T: 0.00 T-out: N
c rst  luby ibes  vmt   341  102K    2427 18627   882    4.10    4.01  1418  1424   44K    62   33.94   33.90
c rst  luby ibes  vmt   342  102K    2427 18627   882    4.10    4.01  1418  1426   44K    62   33.99   33.94
c rst  luby ibes  vmt   343  102K    2427 18627   882    4.10    4.01  1420  1437   44K    62   34.00   33.95
c rst  luby ibes  vmt   344  103K    2427 18627   882    4.10    4.01  1420  1440   44K    62   34.02   33.98
c rst  luby ibes  vmt   345  103K    2427 18627   882    4.10    4.01  1420  1444   44K    62   34.02   33.98
c rst  luby ibes  vmt   346  103K    2427 18627   882    4.10    4.01  1420  1449   45K    62   34.01   33.97
c rst  luby ibes  vmt   347  103K    2427 18627   882    4.10    4.01  1420  1454   45K    62   34.04   34.00
c rst  luby ibes  vmt   348  103K    2427 18627   882    4.10    4.01  1421  1456   45K    62   34.03   33.99
c rst  luby ibes  vmt   349  103K    2427 18627   882    4.10    4.01  1422  1458   45K    62   34.08   34.04
c rst  luby ibes  vmt   350  104K    2427 18627   882    4.10    4.01  1424  1465   45K    62   34.09   34.05
c rst  luby ibes  vmt   351  104K    2427 18627   882    4.10    4.01  1426  1490   46K    62   34.16   34.12
c rst  luby  svd  vmt   352  105K    2427 18627   882    4.10    4.01  1454  1916   34K    62   32.12   32.07
c rst  luby  svd  vmt   353  105K    2427 18627   882    4.10    4.01  1454  1920   34K    62   32.11   32.06
c rst  luby  svd  vmt   354  105K    2427 18627   882    4.10    4.01  1454  1922   34K    62   32.11   32.06
c rst  luby  svd  vmt   355  105K    2427 18627   882    4.10    4.01  1455  1924   35K    62   32.11   32.06
c rst  luby  svd  vmt   356  105K    2427 18627   882    4.10    4.01  1455  1932   35K    62   32.11   32.06
c rst  luby  svd  vmt   357  106K    2427 18627   882    4.10    4.01  1455  1933   35K    62   32.12   32.07
c rst  luby  svd  vmt   358  106K    2427 18627   882    4.10    4.01  1455  1940   35K    62   32.08   32.03
c rst  luby  svd  vmt   359  106K    2427 18627   882    4.10    4.01  1456  1948   35K    62   32.04   32.00
c rst  luby  svd  vmt   360  106K    2427 18627   882    4.10    4.01  1456  1951   36K    62   32.03   31.98
c rst  luby  svd  vmt   361  106K    2427 18627   882    4.10    4.01  1457  1954   36K    62   32.02   31.97
c rst  luby  svd  vmt   362  107K    2427 18627   882    4.10    4.01  1457  1955   36K    62   32.01   31.96
c rst  luby  svd  vmt   363  107K    2427 18627   882    4.10    4.01  1457  1956   36K    62   32.00   31.95
c rst  luby  svd  vmt   364  107K    2427 18627   882    4.10    4.01  1458  1958   36K    62   31.98   31.94
c rst  luby  svd  vmt   365  107K    2427 18627   882    4.10    4.01  1461  1965   36K    62   31.98   31.93
c rst  luby  svd  vmt   366  107K    2427 18627   882    4.10    4.01  1464  1974   37K    62   31.97   31.92
c rst  luby  svd  vmt   367  108K    2427 18627   882    4.10    4.01  1471  1999   37K    62   31.91   31.87
c rst  luby  svd  vmt   368  110K    2427 18627   882    4.10    4.01  1736  1785   39K    62   31.85   31.81
c rst  luby  svd  vmt   369  110K    2427 18627   882    4.10    4.01  1736  1790   39K    62   31.84   31.79
c rst  luby  svd  vmt   370  110K    2427 18627   882    4.10    4.01  1737  1791   39K    62   31.84   31.79
c rst  luby  svd  vmt   371  110K    2427 18627   882    4.10    4.01  1738  1796   39K    62   31.83   31.79
c rst  luby  svd  vmt   372  110K    2427 18627   882    4.10    4.01  1738  1802   39K    62   31.82   31.78
c rst  geom best  vmt   373  110K    2427 18627   882    4.10    4.01  1738  1805   40K    62   31.83   31.79
c rst  geom best  vmt   374  110K    2427 18627   882    4.10    4.01  1738  1806   40K    62   31.81   31.77
c rst  geom best  vmt   375  111K    2427 18627   882    4.10    4.01  1738  1808   40K    62   31.81   31.77
c rst  geom best  vmt   376  111K    2427 18627   882    4.10    4.01  1739  1812   40K    62   31.79   31.75
c rst  geom best  vmt   377  111K    2427 18627   882    4.10    4.01  1740  1814   40K    62   31.80   31.76
c rst  geom best  vmt   378  111K    2427 18627   882    4.10    4.01  1743  1826   40K    62   31.83   31.79
c rst  geom best  vmt   379  111K    2427 18627   882    4.10    4.01  1743  1827   40K    62   31.90   31.86
c rst  geom best  vmt   380  111K    2427 18627   882    4.10    4.01  1743  1837   41K    62   31.89   31.85
c rst  geom best  vmt   381  112K    2427 18627   882    4.10    4.01  1744  1849   41K    62   31.92   31.88
c rst  geom best  vmt   382  112K    2427 18627   882    4.10    4.01  1745  1874   41K    62   31.88   31.84
c [distill-long-red0] cls tried: 577/577 T: 0.03 T-out: N T-r: 99.10%
c [distill-long-red1] cls tried: 57/1627 T: 0.01 T-out: Y T-r: -3.47%
c rst  geom best  vmt   383  112K    2427 18627   882    4.10    4.01  1745  1886   41K    62   31.86   31.82
c rst  geom best  vmt   384  113K    2427 18627   882    4.10    4.01  1746  1894   42K    62   31.86   31.82
c rst  geom best  vmt   385  113K    2427 18627   882    4.10    4.01  1747  1923   42K    62   31.90   31.86
c rst  geom best  vmt   386  113K    2427 18627   882    4.10    4.01  1751  1946   42K    62   31.94   31.90
c rst  geom best  vmt   387  114K    2427 18627   882    4.10    4.01  1755  1963   43K    62   32.00   31.96
c [distill-bin] useful: 0/882/882 lits-rem: 0 cl-rem: 0 0-depth-assigns: 0 T: 0.01 T-out: N
c rst  geom best  vmt   388  114K    2427 18627   882    4.10    4.01  1760  1993   43K    62   32.02   31.98
c rst  geom best  vmt   389  115K    2427 18627   882    4.10    4.01  1762  2025   44K    62   32.04   32.00
c rst  geom best  vmt   390  115K    2427 18627   882    4.10    4.01  1767  2043   44K    62   32.05   32.01
c [gauss] XOR-encoding clauses are not detached, so no need to reattach them.
c [g 0] truth-find prop checks  : 41K
c [g 0] -> of which prop        : 18.49 %
c [g 0] -> of which confl       :  1.12 %
c [g 0] elim called             : 9157
c [g 0] ---> which lead to prop : 26.74 %
c [g 0] ---> which lead to confl:  2.00 %
c [g 0] size: 45    x 454  
c [scc] new: 0 BP 0M T: 0.00
c [vrep] vars 0 lits 0 rem-bin-cls 0 rem-long-cls 0 BP 0M T: 0.01
c [intree] Set 0 vars hyper-added: 53 trans-irred: 0 trans-red: 2 T: 0.01 T-out: N T-r: -2.13%
c [find&init matx] performing matrix init
c [gauss] XOR-encoding clauses are not detached, so no need to reattach them.
c [xor-rem-unconnected] left with 1856 xors from 1856 non-empty xors T: 0.00
c [xor-together] xored together: 1811 orig xors: 1856 new xors: 45 T: 0.00
c [xor-rem-unconnected] left with 45 xors from 45 non-empty xors T: 0.00
c [xor-clean-equiv] removed equivalent xors: 0 left with: 45
c [matrix] unused xors from cleaning: 0
c [matrix] Good   matrix 0 45      x453    density:0.1864  xorlen avg: 84.44
c [matrix] Using 1 matrices recovered from 0 xors T: 0.00 T-out: N
c rst  geom best vmt  391   116 K 2427    18627   882 4.10    4.01     1767  2043   45K   113 32.14   32.08  
c rst  geom best vmt  392   116 K 2427    18627   882 4.10    4.01     1768  2045   45K   113 32.05   31.98  
c rst  geom stb  vmt  393   117 K 2427    18627   882 4.10    4.01     1768  2045   46K   113 32.01   31.94  
c [branch] adjusting to: vsid (from: vmtf) var_decay:0.95 descr: VSIDS
c rst  geom stb  vs   394   117 K 2427    18627   882 4.10    4.01     1768  2045   46K   113 32.04   31.97  
c rst  geom stb  vs   395   117 K 2427    18627   882 4.10    4.01     1768  2045   46K   113 32.03   31.97  
c rst  geom stb  vs   396   118 K 2427    18627   882 4.10    4.01     1768  2045   46K   113 32.03   31.96  
c rst  geom stb  vs   397   118 K 2427    18627   882 4.10    4.01     1768  2045   47K   113 32.01   31.94  
c rst  geom stb  vs   398   118 K 2427    18627   882 4.10    4.01     1768  2045   47K   113 31.99   31.92  
c rst  geom stb  vs   399   118 K 2427    18627   882 4.10    4.01     1768  2045   47K   113 31.96   31.89  
c rst  geom stb  vs   400   118 K 2427    18627   882 4.10    4.01     1768  2045   47K   113 31.95   31.88  
c rst  geom stb  vs   401   118 K 2427    18627   882 4.10    4.01     1768  2045   47K   113 31.93   31.86  
c rst  geom stb  vs   402   119 K 2427    18627   882 4.10    4.01     1768  2047   48K   113 31.93   31.87  
c rst  geom stb  vs   403   119 K 2427    18627   882 4.10    4.01     1768  2047   48K   113 31.93   31.87  
c rst  geom stb  vs   404   119 K 2427    18627   882 4.10    4.01     1768  2047   48K   113 31.99   31.92  
c rst  geom stb  vs   405   120 K 2427    18627   882 4.10    4.01     1967  2317   35K   114 32.80   32.71  
c rst  geom stb  vs   406   120 K 2427    18627   882 4.10    4.01     1967  2317   35K   114 32.77   32.69  
c rst  geom stb  vs   407   120 K 2427    18627   882 4.10    4.01     1967  2317   36K   114 32.70   32.61  
c rst  geom stb  vs   408   121 K 2427    18627   882 4.10    4.01     1967  2317   36K   114 32.59   32.51  
c rst  geom stb  vs   409   121 K 2427    18627   882 4.10    4.01     1967  2317   37K   114 32.47   32.38  
c rst  geom stb  vs   410   122 K 2427    18627   882 4.10    4.01     1967  2318   37K   114 32.49   32.41  
c rst  geom stb  vs   411   122 K 2427    18627   882 4.10    4.01     1967  2318   38K   114 32.33   32.24  
c [full-probe]  bin_only: 0 set: 0 repl: 0 T: 0.01 T-out: N T-r: 96.16%
c rst  geom stb  vs   412   123 K 2427    18627   882 4.10    4.01     1967  2318   38K   116 32.28   32.20  
c rst  geom ibes vs   413   123 K 2427    18627   882 4.10    4.01     1967  2318   39K   116 32.12   32.04  
c rst  geom ibes vs   414   124 K 2427    18627   882 4.10    4.01     1967  2318   40K   116 31.90   31.82  
c rst  geom ibes vs   415   125 K 2427    18627   882 4.10    4.01     1967  2318   40K   116 31.79   31.71  
c rst  geom ibes vs   416   126 K 2427    18627   882 4.10    4.01     1967  2318   41K   116 31.65   31.58  
c rst  geom ibes vs   417   127 K 2427    18627   882 4.10    4.01     1967  2318   42K   116 31.48   31.40  
c rst  geom ibes vs   418   128 K 2427    18627   882 4.10    4.01     1967  2318   43K   116 31.43   31.36  
c [distill-long-red0] cls tried: 222/222 T: 0.01 T-out: N T-r: 99.60%
c [distill-long-red1] cls tried: 56/2015 T: 0.01 T-out: Y T-r: -4.63%
c [distill] watch-based irred--  cl tried 7501     cl-sh 0     cl-rem 1    lit-rem 0      T: 0.00 T-out: N
c [distill] watch-based red  --  cl tried 3932     cl-sh 73    cl-rem 2    lit-rem 118    T: 0.00 T-out: N
c rst  geom ibes vs   419   129 K 2427    18626   883 4.10    4.01     1965  2318   44K   115 31.29   31.22  
c rst  geom ibes vs   420   130 K 2427    18626   883 4.10    4.01     1971  2237   46K   115 31.36   31.29  
c rst  geom svd  vs   421   132 K 2427    18626   883 4.10    4.01     1972  2239   47K   115 31.04   30.98  
c rst  geom svd  vs   422   133 K 2427    18626   883 4.10    4.01     1972  2239   49K   115 30.90   30.84  
c [ccnr] tries: 0 steps: 262143 best found: 11
c [ccnr] tries: 0 steps: 524287 best found: 11
c [ccnr] tries: 0 steps: 786431 best found: 11
c [ccnr] saving best assignment phase to stable_polar
c [ccnr] bumping based on var unsat frequency: conflict_ct
c [ccnr] Bumped vars: 2736 bump type: 6
c [ccnr] time: 0.55
c rst  geom svd  vs   423   134 K 2427    18626   883 4.10    4.01     1972  2239   49K   115 30.94   30.88  
c recursive minimization cost OK: 374Kcost/(% lits removed)
c [gauss] XOR-encoding clauses are not detached, so no need to reattach them.
c [g 0] truth-find prop checks  : 352K
c [g 0] -> of which prop        : 68.02 %
c [g 0] -> of which confl       :  2.58 %
c [g 0] elim called             : 14757
c [g 0] ---> which lead to prop : 96.44 %
c [g 0] ---> which lead to confl:  2.33 %
c [g 0] size: 45    x 453  
c --> Executing strategy token: scc-vrepl
c [scc] new: 1 BP 0M T: 0.00
c --> Executing strategy token: sub-impl
c [impl-sub] bin: 2 T: 0.00 T-out: N w-visit: 5472
c --> Executing strategy token: breakid
c --> Executing OCC strategy token(s): 'occ-backw-sub-str,occ-clean-implicit,occ-bve,occ-bva,occ-ternary-res,occ-xor,'
c [occ] mem usage for occur 1      MB
c [occ] Linked in IRRED BIN by default: 883
c [occ] Linked in RED   BIN by default: 113
c [occ] mem usage for occur 0      MB
c Mem for watch alloc      : 6           MB (18.83     %)
c Mem for watch array      : 0           MB (0.34      %)
c --> Executing OCC strategy token: occ-backw-sub-str
c [occ-backw-sub-str-long-w-bins] subs: 0 str: 5 tried: 4828 0-depth ass: 0 T: 0.00 T-out: N T-r: 99.60%
c [occ-backw-sub-long-w-long] rem cl: 766 tried: 72755/72755 (100.0%) T: 0.02 T-out: N T-r: 95.38%
c [occ-backw-sub-str-long-w-long] sub: 0 str: 144 tried: 218265/72755 (300.0)  T: 0.07 T-out: N T-r: 87.29%
c --> Executing OCC strategy token: occ-clean-implicit
c --> Executing OCC strategy token: occ-bve
c [occ-empty-res] Empty resolvent elimed: 0 T: 0.00 T-out: N
c [occ-bve] iter v-elim 0
c cl_inc_rate=1.0, var_dec_rate=1.0 (grow=0)
c Reduced to 2427 vars, 18948 cls (grow=0)
c [occ-bve] iter v-elim 18
c cl_inc_rate=1.0, var_dec_rate=1.0 (grow=8)
c Reduced to 2409 vars, 18969 cls (grow=8)
c x n vars       : 2409
c #try to eliminate:  4911
c #var-elim        :    18
c #T-o: N
c #T-r: 99.99%
c #T  : 0.09
c [occur] 0.04 is overhead
c [occur] link-in T: 0.04 cleanup T: 0.00
c --> Executing OCC strategy token: occ-bva
c --> Executing OCC strategy token: occ-ternary-res
c [occ-ternary-res] Ternary res-tri: 0 res-bin: 0 sub: 0 str: 0 T: 0.00 T-out: N T-r: 99.68%
c --> Executing OCC strategy token: occ-xor
c [occ-xor] sort occur list T: 0.00
c [xor-clean-equiv] removed equivalent xors: 0 left with: 1835
c [occ-xor] found   1835 avg sz 4.0 min sz  4 max sz  5 T: 0.01 T-out: N T-r: 99.98%
c --> Executing strategy token: card-find
c --> Executing strategy token: cl-consolidate
c Not consolidating memory.
c --> Executing strategy token: scc-vrepl
c [scc] new: 1 BP 0M T: 0.00
c --> Executing strategy token: renumber
c --> Executing strategy token: bosphorus
c --> Executing strategy token: louvain-comms
c [consolidate] mini T: 0.00
c global_timeout_multiplier: 3.6300
c [branch] rebuilding order heap for all branchings. Current branching: vsid
c [find&init matx] performing matrix init
c [gauss] XOR-encoding clauses are not detached, so no need to reattach them.
c [xor-rem-unconnected] left with 1835 xors from 1835 non-empty xors T: 0.00
c [xor-together] xored together: 1787 orig xors: 1835 new xors: 48 T: 0.00
c [xor-rem-unconnected] left with 48 xors from 48 non-empty xors T: 0.00
c [xor-clean-equiv] removed equivalent xors: 0 left with: 48
c [matrix] unused xors from cleaning: 0
c [matrix] Good   matrix  0     48 x  460  density:0.1715  xorlen avg: 78.88
c [matrix] Using 1 matrices recovered from 0 xors T: 0.00 T-out: N
c [distill-bin] useful: 0/862/862 lits-rem: 0 cl-rem: 0 0-depth-assigns: 0 T: 0.01 T-out: N
c rst  geom  svd   vs   424  135K    2409 18107   862    4.11    4.02  1761  2231   37K   111   28.86   28.79
c [branch] adjusting to: vmtf (from: vsid) var_decay:0.95 descr: VMTF
c rst  luby  svd  vmt   425  135K    2409 18107   862    4.11    4.02  1769  2260   37K   112   28.89   28.82
c rst  luby  svd  vmt   426  135K    2409 18107   862    4.11    4.02  1769  2260   37K   112   28.94   28.86
c rst  luby  svd  vmt   427  135K    2409 18107   862    4.11    4.02  1769  2260   37K   112   28.95   28.87
c rst  luby  svd  vmt   428  135K    2409 18107   862    4.11    4.02  1769  2260   37K   112   28.97   28.90
c rst  luby  svd  vmt   429  135K    2409 18107   862    4.11    4.02  1769  2260   38K   112   29.00   28.93
c rst  luby  svd  vmt   430  136K    2409 18107   862    4.11    4.02  1769  2261   38K   112   29.04   28.97
c rst  luby  svd  vmt   431  136K    2409 18107   862    4.11    4.02  1769  2261   38K   112   29.04   28.97
c rst  luby  svd  vmt   432  136K    2409 18107   862    4.11    4.02  1769  2261   38K   112   29.06   28.99
c rst  luby  svd  vmt   433  136K    2409 18107   862    4.11    4.02  1769  2261   38K   112   29.07   29.00
c rst  luby  svd  vmt   434  136K    2409 18107   862    4.11    4.02  1769  2261   39K   112   29.05   28.98
c rst  luby  svd  vmt   435  137K    2409 18107   862    4.11    4.02  1769  2261   39K   112   29.05   28.98
c rst  geom best  vmt   436  137K    2409 18107   862    4.11    4.02  1769  2261   39K   112   29.06   28.99
c rst  geom best  vmt   437  137K    2409 18107   862    4.11    4.02  1769  2261   39K   112   29.08   29.01
c rst  geom best  vmt   438  137K    2409 18107   862    4.11    4.02  1769  2262   39K   112   29.08   29.01
c rst  geom best  vmt   439  137K    2409 18107   862    4.11    4.02  1769  2262   39K   112   29.08   29.01
c rst  geom best  vmt   440  137K    2409 18107   862    4.11    4.02  1769  2263   39K   112   29.10   29.03
c rst  geom best  vmt   441  137K    2409 18107   862    4.11    4.02  1769  2264   40K   112   29.11   29.04
c rst  geom best  vmt   442  138K    2409 18107   862    4.11    4.02  1769  2264   40K   112   29.14   29.07
c rst  geom best  vmt   443  138K    2409 18107   862    4.11    4.02  1769  2264   40K   112   29.16   29.09
c rst  geom best  vmt   444  138K    2409 18107   862    4.11    4.02  1771  2266   40K   112   29.18   29.11
c rst  geom best  vmt   445  138K    2409 18107   862    4.11    4.02  1771  2266   40K   112   29.14   29.07
c rst  geom best  vmt   446  139K    2409 18107   862    4.11    4.02  1771  2266   41K   112   29.15   29.08
c rst  geom best  vmt   447  139K    2409 18107   862    4.11    4.02  1771  2268   41K   112   29.14   29.07
c rst  geom best  vmt   448  139K    2409 18107   862    4.11    4.02  1771  2268   41K   112   29.15   29.08
c rst  geom best  vmt   449  140K    2409 18107   862    4.11    4.02  1816  2129   42K   112   29.20   29.14
c rst  geom best  vmt   450  140K    2409 18107   862    4.11    4.02  1817  2131   42K   112   29.22   29.16
c rst  geom best  vmt   451  140K    2409 18107   862    4.11    4.02  1817  2131   43K   112   29.29   29.22
c rst  geom best  vmt   452  141K    2409 18107   862    4.11    4.02  1817  2132   43K   112   29.34   29.27
c rst  geom best  vmt   453  142K    2409 18107   862    4.11    4.02  1817  2132   44K   112   29.27   29.20
c rst  geom best  vmt   454  142K    2409 18107   862    4.11    4.02  1817  2132   44K   112   29.15   29.09
c [full-probe]  bin_only: 1 set: 0 repl: 0 T: 0.01 T-out: N T-r: 99.72%
c rst  geom best  vmt   455  143K    2409 18107   862    4.11    4.02  1817  2132   45K   114   29.08   29.02
c [distill-long-red0] cls tried: 137/137 T: 0.01 T-out: N T-r: 99.61%
c [distill-long-red1] cls tried: 47/1856 T: 0.01 T-out: Y T-r: -3.07%
c rst  geom best  vmt   456  144K    2409 18107   862    4.11    4.02  1817  2135   46K   114   29.16   29.10
c rst  geom  stb  vmt   457  144K    2409 18107   862    4.11    4.02  1817  2135   46K   114   29.18   29.12
c rst  geom  stb  vmt   458  145K    2409 18107   862    4.11    4.02  1819  2137   47K   114   29.28   29.22
c rst  geom  stb  vmt   459  146K    2409 18107   862    4.11    4.02  1820  2137   48K   114   29.26   29.21
c rst  geom  stb  vmt   460  147K    2409 18107   862    4.11    4.02  1820  2137   49K   114   29.25   29.20
c rst  geom  stb  vmt   461  148K    2409 18107   862    4.11    4.02  1820  2137   51K   114   29.26   29.20
c rst  geom  stb  vmt   462  150K    2409 18107   862    4.11    4.02  1870  1945   38K   114   27.37   27.30
c rst  geom  stb  vmt   463  151K    2409 18107   862    4.11    4.02  1870  1945   39K   114   27.23   27.16
c rst  geom ibes  vmt   464  153K    2409 18107   862    4.11    4.02  1871  1945   41K   114   27.31   27.24
c rst  geom ibes  vmt   465  154K    2409 18107   862    4.11    4.02  1871  1945   42K   114   27.18   27.12
c [branch] adjusting to: vsid (from: vmtf) var_decay:0.95 descr: VSIDS
c [distill-bin] useful: 0/862/862 lits-rem: 0 cl-rem: 0 0-depth-assigns: 0 T: 0.01 T-out: N
c [distill] watch-based irred--  cl tried     6536 cl-sh     0 cl-rem    0 lit-rem      0 T: 0.00 T-out: N
c [distill] watch-based   red--  cl tried     3742 cl-sh    19 cl-rem    0 lit-rem     39 T: 0.00 T-out: N
c rst  geom ibes   vs   466  154K    2409 18107   862    4.11    4.02  1871  1946   42K   114   27.17   27.11
c rst  geom ibes   vs   467  154K    2409 18107   862    4.11    4.02  1871  1946   43K   114   27.20   27.14
c rst  geom ibes   vs   468  155K    2409 18107   862    4.11    4.02  1871  1946   43K   114   27.20   27.14
c rst  geom ibes   vs   469  155K    2409 18107   862    4.11    4.02  1871  1946   43K   114   27.22   27.15
c rst  geom ibes   vs   470  155K    2409 18107   862    4.11    4.02  1871  1946   43K   114   27.19   27.13
c rst  geom ibes   vs   471  155K    2409 18107   862    4.11    4.02  1871  1946   43K   114   27.21   27.15
c rst  geom ibes   vs   472  155K    2409 18107   862    4.11    4.02  1871  1946   43K   114   27.23   27.17
c rst  geom ibes   vs   473  156K    2409 18107   862    4.11    4.02  1871  1946   44K   114   27.26   27.20
c rst  geom ibes   vs   474  156K    2409 18107   862    4.11    4.02  1871  1948   44K   114   27.29   27.23
c rst  geom ibes   vs   475  156K    2409 18107   862    4.11    4.02  1871  1948   44K   114   27.27   27.21
c rst  geom ibes   vs   476  156K    2409 18107   862    4.11    4.02  1871  1949   44K   114   27.31   27.25
c rst  geom ibes   vs   477  157K    2409 18107   862    4.11    4.02  1871  1949   45K   114   27.30   27.24
c rst  geom ibes   vs   478  157K    2409 18107   862    4.11    4.02  1871  1949   45K   114   27.24   27.18
c rst  geom ibes   vs   479  157K    2409 18107   862    4.11    4.02  1871  1950   45K   114   27.18   27.12
c rst  geom ibes   vs   480  158K    2409 18107   862    4.11    4.02  1872  1953   46K   114   27.26   27.20
c rst  geom  svd   vs   481  158K    2409 18107   862    4.11    4.02  1872  1953   46K   114   27.31   27.25
c [distill-long-red0] cls tried: 65/65 T: 0.01 T-out: N T-r: 99.83%
c [distill-long-red1] cls tried: 51/1681 T: 0.01 T-out: Y T-r: -2.53%
c rst  geom  svd   vs   482  159K    2409 18107   862    4.11    4.02  1872  1953   47K   114   27.28   27.23
c rst  geom  svd   vs   483  159K    2409 18107   862    4.11    4.02  1872  1953   47K   114   27.38   27.32
c rst  geom  svd   vs   484  160K    2409 18107   862    4.11    4.02  1882  1570   48K   114   27.50   27.44
c rst  geom  svd   vs   485  160K    2409 18107   862    4.11    4.02  1882  1571   49K   114   27.59   27.53
c [impl-str] lit bin: 0 set-var: 0 T: 0.00 T-out: N T-r: 99.95% w-visit: 5472
c [impl-sub] bin: 3 T: 0.00 T-out: N w-visit: 5472
c rst  geom  svd   vs   486  161K    2409 18107   862    4.11    4.02  1882  1571   50K   111   27.71   27.66
c rst  geom  svd   vs   487  162K    2409 18107   862    4.11    4.02  1882  1571   50K   111   27.76   27.71
c rst  geom  svd   vs   488  163K    2409 18107   862    4.11    4.02  1882  1571   51K   111   27.64   27.58
c [full-probe]  bin_only: 0 set: 0 repl: 0 T: 0.01 T-out: N T-r: 97.20%
c rst  geom  svd   vs   489  164K    2409 18107   862    4.11    4.02  1885  1574   52K   113   27.62   27.56
c rst  geom  svd   vs   490  165K    2409 18107   862    4.11    4.02  1885  1576   39K   113   27.11   27.04
c rst  geom best   vs   491  166K    2409 18107   862    4.11    4.02  1885  1579   40K   113   27.09   27.03
c rst  geom best   vs   492  167K    2409 18107   862    4.11    4.02  1885  1584   41K   113   27.34   27.27
c rst  geom best   vs   493  169K    2409 18107   862    4.11    4.02  1893  1705   42K   113   27.30   27.24
c rst  geom best   vs   494  170K    2409 18107   862    4.11    4.02  1946  1569   44K   113   27.23   27.17
c rst  geom best   vs   495  171K    2409 18107   862    4.11    4.02  1948  1574   45K   113   27.12   27.06
c ------- FINAL TOTAL SEARCH STATS ---------
c UIP search time          : 18.41       (97.38     % time)
c All times are for this thread only except if explicitly specified
c restarts                 : 495         (346.81    confls per restart)
c blocked restarts         : 0           (0.00      per normal restart)
c time                     : 18.41       
c decisions                : 191507      (0.00      % random)
c propagations             : 11049K      (600K      props/s)
c decisions/conflicts      : 1.12        
c conflicts                : 171671      
c LEARNT stats
c units learnt             : 0           (0.00      % of conflicts)
c bins learnt              : 64          (0.04      % of conflicts)
c long learnt              : 171701      (100.02    % of conflicts)
c red which0               : 548         (0.32      % of confl)
c SEAMLESS HYPERBIN&TRANS-RED stats
c advProp called           : 0           
c hyper-bin add bin        : 0           (0.00      bin/call)
c trans-red rem irred bin  : 0           (0.00      bin/call)
c trans-red rem red bin    : 0           (0.00      bin/call)
c CONFL LITS stats
c orig                     : 35033427    (204.07    lit/confl)
c recurs-min effective     : 162015      (94.38     % attempt successful)
c recurs-min lits          : 28728255    (82.00     % less overall)
c permDiff call%           : 1.83        (0.00      % attempt successful)
c permDiff lits-rem        : 0           (0.00      less lits/cl on attempts)
c further-min call%        : 0.04        (23.81     % attempt successful)
c bintri-min lits          : 39          (0.00      % less overall)
c final avg                : 36.73       
c all-threads sum CPU time : 18.41        s
c PROP stats
c Mbogo-props              : 62.84       (3.41      / sec)
c MHyper-props             : 0.03        (0.00      / sec)
c Mprops                   : 11.05       (0.60      / sec)
c -------- OccSimplifier STATS ----------
c time                     : 0.34        (0.00      % var-elim)
c called                   : 2           (0.17      s per call)
c 0-depth assigns          : 0           (0.00      % vars)
c -------- OccSimplifier STATS END ----------
c -------- SubsumeStrengthen STATS ----------
c cl-subs                  : 816          Clauses
c cl-str rem lit           : 163          Lits
c cl-sub T                 : 0.04         s
c cl-str T                 : 0.18         s
c -------- SubsumeStrengthen STATS END ----------
c ----- SCC STATS --------
c time                     : 0.00        (0.00      per call)
c called                   : 7           (1.43      new found per call)
c found                    : 10          (50.00     % of all found)
c bogoprops                : 242519      % of all found
c ----- SCC STATS END --------
c --------- VAR REPLACE STATS ----------
c time                     : 0.06        (0.01      per call)
c trees' crown             : 8           (0.29      % of vars)
c 0-depth assigns          : 0           (0.00      % vars)
c lits replaced            : 24125       
c bin cls removed          : 34          
c long cls removed         : 8           
c long lits removed        : 2444        
c bogoprops                : 989402      
c --------- VAR REPLACE STATS END ----------
c vrep replace time        : 0.06        (0.30      % time)
c vrep tree roots          : 4           
c vrep trees' crown        : 8           (2.00      leafs/tree)
c -------- DISTILL-BIN STATS --------
c time                     : 0.08        (0.01      per call)
c timed out                : 1           (12.50     % of calls)
c distill/checked/potential: 0          /9261/9307
c lits-rem                 : 0           
c 0-depth-assigns          : 0           (0.00      % of vars)
c -------- DISTILL STATS END --------
c -------- STRENGTHEN STATS --------
c --> watch-based on irred cls
c time                     : 0.03        (0.00      s/call)
c shrinked/tried/total     : 139        /32048/215390
c subsumed/tried/total     : 156        /32048/215390
c lits-rem                 : 145         (0.10      % of lits tried)
c called                   : 12          (0.00      % ran out of time)
c --> watch-based on red cls
c time                     : 0.01        (0.00      s/call)
c shrinked/tried/total     : 336        /13107/13107
c subsumed/tried/total     : 3          /13107/13107
c lits-rem                 : 912         (0.99      % of lits tried)
c called                   : 12          (0.00      % ran out of time)
c -------- STRENGTHEN STATS END --------
c -------- IMPLICIT SUB  STATS --------
c time                     : 0.01        (0.00      per call)
c timed out                : 0           (0.00      % of calls)
c rem bins                 : 24          
c -------- IMPLICIT SUB STATS END --------
c Mem used                 : 37          MB
c Mem for longclauses      : 9           MB (26.47     %)
c Mem for watch alloc      : 8           MB (23.37     %)
c Mem for watch array      : 0           MB (0.34      %)
c Mem for assings&vardata  : 0           MB (0.20      %)
c Mem for search&solve     : 0           MB (0.55      %)
c Mem for renumberer       : 0           MB (0.07      %)
c Mem for occsimplifier    : 0           MB (2.05      %)
c Mem for varReplacer&SCC  : 0           MB (0.16      %)
c Mem for impl subsume     : 0           MB (0.00      %)
c Mem for 3 distills       : 0           MB (0.00      %)
c Accounted for mem (rss)  : 53.21       %
c Accounted for mem (vm)   : 42.63       %
c restarts                 : 495         (346.81    confls per restart)
c blocked restarts         : 0           (0.00      per normal restart)
c time                     : 18.41       
c decisions                : 191507      (0.00      % random)
c propagations             : 11049K      (600K      props/s)
c decisions/conflicts      : 1.12        
c conflicts                : 171671      
c conf lits non-minim      : 35033427    (204.07    lit/confl)
c conf lits final          : 36.73       
c red which0               : 548         (0.32      % of confl)
c props/decision           : 0.00        
c props/conflict           : 0.00        
c 0-depth assigns          : 1           (0.04      % vars)
c 0-depth assigns by CNF   : 0           (0.00      % vars)
c reduceDB time            : 0.05        (0.25      % time)
c OccSimplifier time       : 0.34        (1.80      % time)
c [occur] 0.10 is overhead
c [occur] link-in T: 0.08 cleanup T: 0.02
c [occ-substr] long subBySub: 812 subByStr: 4 lits-rem-str: 163 T: 0.22
c SCC time                 : 0.00        (0.02      % time)
c [scc] new: 10 BP 0M  T: 0.00
c vrep replace time        : 0.06        (0.30      % time)
c vrep tree roots          : 4           
c vrep trees' crown        : 8           (2.00      leafs/tree)
c distill long time        : 0.28        (1.50      % time)
c distill bin time         : 0.08        (0.44      % time)
c strength cache-irred time: 0.03        (0.14      % time)
c strength cache-red time  : 0.01        (0.08      % time)
c avg cls in red 0         : 1001.73     
c avg cls in red 1         : 1151.47     
c avg cls in red 2         : 33737.67    
c Conflicts in UIP         : 171671      (9082.50   confl/time_this_thread)
c Max Memory (rss) used    : 37896 kB    
c Total time (this thread) : 18.90       
s SATISFIABLE
v 1 -2 3 4 5 -6 -7 8 -9 10 -11 12 -13 14 -15 16 -17 -18 -19 20 -21 22 -23 24 -25 
v -26 -27 -28 -29 -30 -31 32 -33 34 -35 36 -37 38 -39 40 -41 42 -43 44 -45 46 
v -47 48 -49 -50 -51 -52 -53 -54 -55 56 -57 58 -59 -60 -61 -62 -63 -64 -65 -66 
v -67 68 -69 70 -71 -72 -73 74 -75 76 -77 -78 -79 80 -81 82 -83 -84 -85 -86 -87 
v -88 -89 -90 -91 -92 -93 -94 -95 -96 -97 98 -99 100 -101 -102 -103 -104 -105 
v -106 -107 -108 -109 110 -111 112 -113 -114 -115 -116 -117 -118 -119 -120 -121 
v 122 -123 124 -125 -126 -127 -128 -129 -130 -131 -132 -133 134 -135 136 -137 
v -138 -139 -140 -141 -142 -143 -144 -145 146 -147 148 -149 -150 -151 -152 -153 
v -154 -155 -156 -157 158 -159 160 -161 -162 -163 -164 -165 -166 -167 -168 -169 
v -170 -171 -172 -173 -174 -175 -176 -177 -178 -179 -180 -181 -182 -183 -184 
v -185 -186 -187 -188 -189 -190 -191 -192 -193 -194 -195 -196 -197 -198 -199 
v -200 -201 -202 -203 -204 -205 206 -207 208 -209 -210 -211 -212 -213 -214 -215 
v -216 -217 218 -219 220 -221 -222 -223 -224 -225 -226 -227 -228 -229 230 -231 
v 232 -233 -234 -235 -236 -237 -238 -239 -240 -241 242 -243 244 -245 -246 -247 
v -248 -249 -250 -251 -252 -253 254 -255 256 -257 -258 -259 -260 -261 -262 -263 
v -264 -265 266 -267 268 -269 -270 -271 -272 -273 -274 -275 -276 -277 278 -279 
v 280 -281 -282 -283 -284 -285 -286 -287 -288 -289 290 -291 292 -293 -294 -295 
v -296 -297 -298 -299 -300 -301 302 -303 304 -305 -306 -307 -308 -309 -310 -311 
v -312 -313 -314 -315 -316 -317 -318 -319 -320 -321 -322 -323 -324 -325 -326 
v -327 -328 -329 -330 -331 -332 -333 -334 -335 -336 -337 -338 -339 -340 -341 
v -342 343 -344 345 346 347 348 -349 -350 351 -352 -353 354 -355 356 -357 358 
v -359 -360 -361 362 -363 364 365 366 -367 368 -369 370 371 372 -373 -374 -375 
v -376 -377 378 -379 380 381 382 -383 384 -385 386 387 388 -389 -390 -391 -392 
v -393 -394 -395 -396 -397 -398 -399 -400 -401 -402 -403 -404 -405 -406 -407 
v -408 -409 410 -411 412 413 414 -415 416 -417 418 419 420 -421 -422 -423 -424 
v -425 426 -427 428 429 430 -431 432 -433 434 435 436 -437 -438 -439 -440 -441 
v 442 -443 444 445 446 -447 448 -449 450 451 452 -453 -454 -455 -456 -457 458 
v -459 460 461 462 -463 464 -465 466 467 468 -469 -470 -471 -472 -473 -474 -475 
v -476 -477 -478 -479 -480 -481 -482 -483 -484 -485 -486 -487 -488 -489 -490 
v -491 -492 -493 -494 -495 -496 -497 -498 -499 -500 -501 -502 -503 -504 -505 
v 506 -507 508 509 510 -511 512 -513 514 515 516 -517 -518 -519 -520 -521 -522 
v -523 -524 -525 -526 -527 -528 -529 -530 -531 -532 -533 -534 -535 -536 -537 
v -538 -539 -540 -541 -542 -543 -544 -545 -546 -547 -548 -549 -550 -551 -552 
v -553 554 -555 556 557 558 -559 560 -561 562 563 564 -565 -566 -567 -568 -569 
v -570 -571 -572 -573 -574 -575 -576 -577 -578 -579 -580 -581 -582 -583 -584 
v -585 586 -587 588 589 590 -591 592 -593 594 595 596 -597 -598 -599 -600 -601 
v -602 -603 -604 -605 -606 -607 -608 -609 -610 -611 -612 -613 -614 -615 -616 
v -617 618 -619 620 621 622 -623 624 -625 626 627 628 -629 -630 -631 -632 -633 
v -634 -635 -636 -637 -638 -639 -640 -641 -642 -643 -644 -645 -646 -647 -648 
v -649 -650 -651 -652 -653 -654 -655 -656 -657 -658 -659 -660 -661 -662 -663 
v -664 -665 -666 -667 -668 -669 -670 -671 -672 -673 -674 -675 -676 -677 678 679 
v 680 -681 682 -683 684 685 686 -687 -688 -689 -690 -691 -692 -693 -694 -695 
v -696 -697 -698 -699 -700 -701 702 703 -704 705 -706 707 708 709 -710 -711 
v -712 713 -714 715 -716 717 718 719 -720 -721 -722 -723 724 -725 726 727 728 
v -729 -730 -731 -732 -733 -734 -735 -736 -737 -738 -739 -740 741 742 743 -744 
v -745 -746 -747 -748 -749 -750 -751 -752 753 754 -755 -756 -757 758 -759 -760 
v -761 -762 -763 -764 -765 -766 -767 0
c [g 0] truth-find prop checks  : 718K
c [g 0] -> of which prop        : 67.45 %
c [g 0] -> of which confl       :  2.27 %
c [g 0] elim called             : 36K
c [g 0] ---> which lead to prop : 54.48 %
c [g 0] ---> which lead to confl:  1.57 %
c [g 0] size: 48    x 460  

real	0m19.105s
user	0m18.903s
sys	0m0.027s
