c BreakID not compiled in, disabling
c CryptoMiniSat version 5.11.19
c CMS Copyright (C) 2009-2020 Authors of CryptoMiniSat, see AUTHORS file
c CMS SHA revision b80e09ebd7703fc13b987401d693d7d406a50441
c Using VMTF code by Armin Biere from CaDiCaL
c Using Yalsat by Armin Biere, see Balint et al. Improving implementation of SLS solvers [...], SAT'14
c Using WalkSAT by Henry Kautz, see Kautz and Selman Pushing the envelope: planning, propositional logic, and stochastic search, AAAI'96,
c CMS is MIT licensed
c Using code from 'When Boolean Satisfiability Meets Gauss-E. in a Simplex Way'
c       by C.-S. Han and J.-H. Roland Jiang in CAV 2012. Fixes by M. Soos
c Using CCAnr from 'CCAnr: A Conf. Checking Based Local Search Solver [...]'
c       by Shaowei Cai, Chuan Luo, and Kaile Su, SAT 2015
c CMS compilation env CMAKE_CXX_COMPILER = /usr/bin/c++ | CMAKE_CXX_FLAGS =  -fvisibility=hidden -Wall -Wextra -Wunused -Wsign-compare -fno-omit-frame-pointer -Wtype-limits -Wuninitialized -Wno-deprecated -Wstrict-aliasing -Wpointer-arith -Wpointer-arith -Wformat-nonliteral -Winit-self -Wparentheses -Wunreachable-code -g -Wno-class-memaccess -mpopcnt -msse4.2 -ggdb3 -Wlogical-op -Wrestrict -Wnull-dereference -Wdouble-promotion -Wshadow -Wformat=2 -Wextra-semi -pedantic | COMPILE_DEFINES =  -DRDB0_ONLY_FEATURES -DUSE_ZLIB -DYALSAT_FPU | STATICCOMPILE = OFF | ONLY_SIMPLE =  | STATS = OFF | SQLITE3_FOUND =  | ZLIB_FOUND = TRUE | VALGRIND_FOUND =  | ENABLE_TESTING = OFF | SLOW_DEBUG = OFF | ENABLE_ASSERTIONS = ON | PYTHON_EXECUTABLE =  | PYTHON_LIBRARY =  | PYTHON_INCLUDE_DIRS =  | MY_TARGETS =  | LARGEMEM = OFF | LIMITMEM = OFF | BREAKID_LIBRARIES =  | BREAKID-VER = . | BOSPHORUS_LIBRARIES =  | BOSPH-VER = . | compilation date time = Jul 13 2026 14:05:03
c CMS compiled with gcc version 11.5.0 20240719 (Red Hat 11.5.0-5)
c Executed with command line: ./cryptominisat5 ./instances/IC_S4/Xn19l6-308-S.dimacs
c Reading file './instances/IC_S4/Xn19l6-308-S.dimacs'
c -- header says num vars:            767
c -- header says num clauses:        2416
c -- clauses added: 2364
c -- xor clauses added: 52
c -- vars added 767
c Parsing time: 0.00 s
c [find&init matx] performing matrix init
c [gauss] XOR-encoding clauses are not detached, so no need to reattach them.
c [xor-rem-unconnected] left with 50 xors from 50 non-empty xors T: 0.00
c [xor-together] xored together: 0 orig xors: 50 new xors: 50 T: 0.00
c [xor-rem-unconnected] left with 50 xors from 50 non-empty xors T: 0.00
c [xor-clean-equiv] removed equivalent xors: 0 left with: 50
c [matrix] unused xors from cleaning: 0
c [matrix] Good   matrix  0     50 x  765  density:0.1146  xorlen avg: 87.64
c [matrix] Using 1 matrices recovered from 0 xors T: 0.00 T-out: N
c [branch] adjusting to: vsid (from: vsid) var_decay:0.95 descr: VSIDS
c rst  geom  stb   vs     1   111    2868 17844  1652    3.97    3.80     5    25    72     9  117.02  107.69
c rst  geom  stb   vs     2   235    2868 17844  1652    3.97    3.80     7    42   176    10   96.06   92.06
c  res  pol bran  nres  conf freevar  IrrL  IrrB l/longC  l/allC RedL0 RedL1 RedL2  RedB l/longC  l/allC
c rst  geom  stb   vs     3   370    2868 17844  1652    3.97    3.80     7    44   309    10   85.15   82.90
c rst  geom  stb   vs     4   518    2868 17844  1652    3.97    3.80     7    44   457    10   79.62   78.12
c rst  geom  stb   vs     5   679    2868 17844  1652    3.97    3.80     7    44   618    10   73.47   72.42
c rst  geom  stb   vs     6   857    2868 17844  1652    3.97    3.80     7    44   796    10   66.43   65.68
c rst  geom  stb   vs     7  1052    2868 17844  1652    3.97    3.80     7    44   991    10   65.03   64.43
c rst  geom  stb   vs     8  1266    2868 17844  1652    3.97    3.80     7    44  1205    10   63.02   62.53
c rst  geom  stb   vs     9  1501    2868 17844  1652    3.97    3.80     7    44  1440    10   64.19   63.78
c rst  geom  stb   vs    10  1758    2868 17844  1652    3.97    3.80     7    44  1697    10   61.55   61.21
c rst  geom  stb   vs    11  2040    2868 17844  1652    3.97    3.80     7    44  1979    10   60.83   60.54
c rst  geom  stb   vs    12  2350    2868 17844  1652    3.97    3.80     7    44  2288    11   60.61   60.34
c rst  geom  stb   vs    13  2690    2868 17844  1652    3.97    3.80     7    44  2627    12   59.42   59.16
c rst  geom  stb   vs    14  3063    2868 17844  1652    3.97    3.80     7    44  3000    12   60.17   59.94
c rst  geom  stb   vs    15  3474    2868 17844  1652    3.97    3.80     7    44  3411    12   59.66   59.46
c rst  geom  stb   vs    16  3924    2868 17844  1652    3.97    3.80     7    44  3861    12   58.50   58.33
c rst  geom  stb   vs    17  4418    2868 17844  1652    3.97    3.80     7    44  4355    12   55.04   54.89
c rst  geom  stb   vs    18  4961    2868 17844  1652    3.97    3.80     7    44  4897    13   53.35   53.22
c rst  geom  stb   vs    19  5559    2868 17844  1652    3.97    3.80     7    44  5495    13   52.96   52.84
c [branch] adjusting to: vmtf (from: vsid) var_decay:0.95 descr: VMTF
c [distill-long-red0] cls tried: 7/7 T: 0.00 T-out: N T-r: 100.00%
c [distill-long-red1] cls tried: 44/44 T: 0.00 T-out: N T-r: 97.15%
c rst  luby ibes  vmt    20  5660    2868 17844  1652    3.97    3.80    16    76  5547    21   53.05   52.86
c rst  luby ibes  vmt    21  5763    2868 17844  1652    3.97    3.80    18    86  5637    22   53.17   52.98
c rst  luby ibes  vmt    22  5964    2868 17844  1652    3.97    3.80    19    95  5828    22   52.90   52.71
c rst  luby ibes  vmt    23  6066    2868 17844  1652    3.97    3.80    19    95  5930    22   52.56   52.38
c rst  luby ibes  vmt    24  6168    2868 17844  1652    3.97    3.80    19    95  6032    22   52.44   52.26
c rst  luby ibes  vmt    25  6370    2868 17844  1652    3.97    3.80    19    95  6234    22   51.73   51.56
c rst  luby ibes  vmt    26  6772    2868 17844  1652    3.97    3.80    19    95  6636    22   50.85   50.69
c rst  luby ibes  vmt    27  6874    2868 17844  1652    3.97    3.80    19    95  6738    22   50.54   50.39
c rst  luby ibes  vmt    28  6976    2868 17844  1652    3.97    3.80    19    95  6840    22   50.20   50.05
c rst  luby ibes  vmt    29  7179    2868 17844  1652    3.97    3.80    19    95  7043    22   49.95   49.80
c rst  luby ibes  vmt    30  7281    2868 17844  1652    3.97    3.80    19    95  7145    22   49.71   49.57
c rst  luby ibes  vmt    31  7383    2868 17844  1652    3.97    3.80    19    95  7247    22   49.76   49.62
c rst  luby ibes  vmt    32  7584    2868 17844  1652    3.97    3.80    19    95  7448    22   49.52   49.38
c rst  luby ibes  vmt    33  7986    2868 17844  1652    3.97    3.80    19    95  7850    22   48.95   48.83
c rst  luby ibes  vmt    34  8788    2868 17844  1652    3.97    3.80    19    95  8652    22   47.05   46.94
c rst  luby ibes  vmt    35  8890    2868 17844  1652    3.97    3.80    19    95  8754    22   47.02   46.91
c rst  luby ibes  vmt    36  8992    2868 17844  1652    3.97    3.80    19    95  8856    22   46.95   46.84
c rst  luby ibes  vmt    37  9194    2868 17844  1652    3.97    3.80    19    95  9058    22   46.62   46.52
c rst  luby ibes  vmt    38  9296    2868 17844  1652    3.97    3.80    19    95  9160    22   46.58   46.48
c rst  luby ibes  vmt    39  9398    2868 17844  1652    3.97    3.80    19    95  9262    22   46.59   46.48
c rst  luby ibes  vmt    40  9600    2868 17844  1652    3.97    3.80    19    95  9464    22   46.46   46.35
c rst  luby ibes  vmt    41 10002    2868 17844  1652    3.97    3.80    52    62  9866    22   46.25   46.15
c rst  luby ibes  vmt    42 10104    2868 17844  1652    3.97    3.80    52    62  9968    22   46.17   46.08
c rst  luby ibes  vmt    43 10206    2868 17844  1652    3.97    3.80    52    62 10070    22   46.12   46.02
c rst  luby ibes  vmt    44 10407    2868 17844  1652    3.97    3.80    52    62 10271    22   45.96   45.87
c rst  luby ibes  vmt    45 10509    2868 17844  1652    3.97    3.80    52    62 10373    22   45.92   45.83
c rst  luby ibes  vmt    46 10610    2868 17844  1652    3.97    3.80    52    62 10474    22   45.80   45.71
c rst  luby ibes  vmt    47 10811    2868 17844  1652    3.97    3.80    52    62 10675    22   45.73   45.65
c rst  luby  svd  vmt    48 11213    2868 17844  1652    3.97    3.80    52    62 11077    22   46.98   46.89
c rst  luby  svd  vmt    49 12015    2868 17844  1652    3.97    3.80    52    62 11879    22   47.08   46.99
c [branch] adjusting to: vsid (from: vmtf) var_decay:0.95 descr: VSIDS
c [distill-bin] useful: 4/1652/1652 lits-rem: 0 cl-rem: 4 0-depth-assigns: 0 T: 0.01 T-out: N
c rst  geom  svd   vs    50 12127    2868 17844  1648    3.97    3.80    52    62 11991    22   47.05   46.97
c rst  geom  svd   vs    51 12249    2868 17844  1648    3.97    3.80    52    62 12113    22   47.01   46.93
c rst  geom  svd   vs    52 12383    2868 17844  1648    3.97    3.80    52    62 12247    22   46.97   46.89
c rst  geom  svd   vs    53 12531    2868 17844  1648    3.97    3.80    52    62 12395    22   46.91   46.83
c rst  geom  svd   vs    54 12693    2868 17844  1648    3.97    3.80    52    62 12557    22   46.96   46.88
c rst  geom  svd   vs    55 12871    2868 17844  1648    3.97    3.80    52    62 12735    22   46.82   46.74
c rst  geom  svd   vs    56 13065    2868 17844  1648    3.97    3.80    52    62 12929    22   46.47   46.39
c rst  geom  svd   vs    57 13279    2868 17844  1648    3.97    3.80    52    62 13143    22   46.08   46.01
c rst  geom  svd   vs    58 13513    2868 17844  1648    3.97    3.80    52    62 13377    22   45.66   45.59
c rst  geom  svd   vs    59 13771    2868 17844  1648    3.97    3.80    52    62 13635    22   45.22   45.15
c rst  geom  svd   vs    60 14053    2868 17844  1648    3.97    3.80    52    62 13917    22   44.94   44.87
c rst  geom  svd   vs    61 14363    2868 17844  1648    3.97    3.80    52    62 14227    22   44.52   44.45
c rst  geom  svd   vs    62 14703    2868 17844  1648    3.97    3.80    52    62 14567    22   44.08   44.02
c rst  geom  svd   vs    63 15077    2868 17844  1648    3.97    3.80    53    78 13007    22   40.87   40.80
c rst  geom  svd   vs    64 15487    2868 17844  1648    3.97    3.80    53    78 13417    22   40.40   40.34
c rst  geom  svd   vs    65 15938    2868 17844  1648    3.97    3.80    53    78 13868    22   39.85   39.80
c rst  geom  svd   vs    66 16432    2868 17844  1648    3.97    3.80    53    78 14362    22   39.66   39.60
c rst  geom best   vs    67 16976    2868 17844  1648    3.97    3.80    53    78 14906    22   41.06   41.00
c rst  geom best   vs    68 17573    2868 17844  1648    3.97    3.80    53    78 15503    22   42.20   42.15
c rst  geom best   vs    69 18230    2868 17844  1648    3.97    3.80    53    78 16160    22   42.56   42.51
c [branch] adjusting to: vmtf (from: vsid) var_decay:0.95 descr: VMTF
c rst  luby best  vmt    70 18331    2868 17844  1648    3.97    3.80    53    78 16261    22   42.58   42.52
c rst  luby best  vmt    71 18432    2868 17844  1648    3.97    3.80    53    78 16362    22   42.58   42.52
c rst  luby best  vmt    72 18634    2868 17844  1648    3.97    3.80    53    78 16564    22   42.57   42.52
c rst  luby best  vmt    73 18736    2868 17844  1648    3.97    3.80    53    78 16666    22   42.62   42.57
c rst  luby best  vmt    74 18837    2868 17844  1648    3.97    3.80    53    78 16767    22   42.59   42.54
c rst  luby best  vmt    75 19038    2868 17844  1648    3.97    3.80    53    78 16968    22   42.64   42.59
c rst  luby best  vmt    76 19439    2868 17844  1648    3.97    3.80    53    78 17369    22   42.93   42.88
c rst  luby best  vmt    77 19541    2868 17844  1648    3.97    3.80    53    78 17471    22   42.99   42.94
c rst  luby best  vmt    78 19642    2868 17844  1648    3.97    3.80    53    78 17572    22   42.99   42.94
c rst  luby best  vmt    79 19844    2868 17844  1648    3.97    3.80    53    78 17774    22   42.98   42.93
c rst  luby best  vmt    80 19945    2868 17844  1648    3.97    3.80    53    78 17875    22   42.99   42.94
c rst  luby best  vmt    81   20K    2868 17844  1648    3.97    3.80    53    78 17976    22   42.96   42.91
c [full-probe]  bin_only: 1 set: 0 repl: 0 T: 0.00 T-out: N T-r: 99.86%
c rst  luby best  vmt    82   20K    2868 17844  1648    3.97    3.80    53    78 18177    28   42.99   42.92
c rst  luby best  vmt    83   20K    2868 17844  1648    3.97    3.80    53    78 18579    28   43.11   43.05
c [distill-long-red0] cls tried: 24/24 T: 0.00 T-out: N T-r: 99.91%
c [distill-long-red1] cls tried: 56/56 T: 0.01 T-out: N T-r: 42.81%
c rst  luby best  vmt    84   21K    2868 17844  1648    3.97    3.80    53    78 19381    28   43.18   43.13
c rst  luby best  vmt    85   21K    2868 17844  1648    3.97    3.80    53    78 19482    28   43.18   43.12
c rst  luby best  vmt    86   21K    2868 17844  1648    3.97    3.80    53    78 19584    28   43.18   43.12
c rst  luby  stb  vmt    87   21K    2868 17844  1648    3.97    3.80    53    78 19786    28   43.15   43.09
c rst  luby  stb  vmt    88   21K    2868 17844  1648    3.97    3.80    53    78 19887    28   43.16   43.10
c rst  luby  stb  vmt    89   22K    2868 17844  1648    3.97    3.80    53    78 19989    28   43.14   43.08
c rst  luby  stb  vmt    90   22K    2868 17844  1648    3.97    3.80    53    78   20K    28   43.08   43.02
c rst  luby  stb  vmt    91   22K    2868 17844  1648    3.97    3.80    54    78   20K    31   43.22   43.16
c rst  luby  stb  vmt    92   22K    2868 17844  1648    3.97    3.80    54    78   20K    31   43.15   43.09
c rst  luby  stb  vmt    93   22K    2868 17844  1648    3.97    3.80    54    79   20K    32   43.08   43.01
c rst  luby  stb  vmt    94   23K    2868 17844  1648    3.97    3.80    55   105   20K    32   42.93   42.86
c rst  luby  stb  vmt    95   23K    2868 17844  1648    3.97    3.80    59   110   21K    32   43.26   43.19
c rst  luby  stb  vmt    96   23K    2868 17844  1648    3.97    3.80    59   113   21K    33   43.42   43.36
c rst  luby  stb  vmt    97   23K    2868 17844  1648    3.97    3.80    62   114   21K    33   43.54   43.48
c rst  luby  stb  vmt    98   23K    2868 17844  1648    3.97    3.80    66   127   21K    33   44.02   43.95
c rst  luby  stb  vmt    99   24K    2868 17844  1648    3.97    3.80    74   135   22K    34   44.88   44.81
c rst  luby  stb  vmt   100   26K    2868 17844  1648    3.97    3.80    88   156   24K    35   45.79   45.73
c [branch] adjusting to: vsid (from: vmtf) var_decay:0.95 descr: VSIDS
c [distill] watch-based irred--  cl tried     1428 cl-sh     0 cl-rem    4 lit-rem      0 T: 0.00 T-out: N
c [distill] watch-based   red--  cl tried      176 cl-sh     3 cl-rem    0 lit-rem     12 T: 0.00 T-out: N
c rst  geom  stb   vs   101   26K    2868 17840  1652    3.97    3.80    87   156   24K    32   45.74   45.69
c rst  geom  stb   vs   102   26K    2868 17840  1652    3.97    3.80    87   156   24K    32   45.66   45.60
c rst  geom  stb   vs   103   26K    2868 17840  1652    3.97    3.80    87   156   24K    32   45.58   45.52
c rst  geom  stb   vs   104   26K    2868 17840  1652    3.97    3.80    87   156   24K    32   45.49   45.44
c rst  geom  stb   vs   105   26K    2868 17840  1652    3.97    3.80    87   156   24K    32   45.42   45.37
c rst  geom ibes   vs   106   27K    2868 17840  1652    3.97    3.80    88   161   24K    32   45.29   45.23
c rst  geom ibes   vs   107   27K    2868 17840  1652    3.97    3.80    88   161   25K    32   45.12   45.07
c rst  geom ibes   vs   108   27K    2868 17840  1652    3.97    3.80    89   161   25K    32   44.93   44.87
c rst  geom ibes   vs   109   27K    2868 17840  1652    3.97    3.80    89   161   25K    32   44.70   44.64
c rst  geom ibes   vs   110   28K    2868 17840  1652    3.97    3.80    89   161   25K    32   44.46   44.40
c rst  geom ibes   vs   111   28K    2868 17840  1652    3.97    3.80    89   161   26K    32   44.31   44.26
c rst  geom ibes   vs   112   28K    2868 17840  1652    3.97    3.80    89   161   26K    32   44.03   43.98
c rst  geom ibes   vs   113   28K    2868 17840  1652    3.97    3.80    89   161   26K    32   43.85   43.80
c rst  geom ibes   vs   114   29K    2868 17840  1652    3.97    3.80    89   161   27K    32   43.54   43.49
c rst  geom ibes   vs   115   29K    2868 17840  1652    3.97    3.80    89   161   27K    32   43.19   43.15
c rst  geom ibes   vs   116   30K    2868 17840  1652    3.97    3.80   123   225   21K    32   42.42   42.37
c rst  geom ibes   vs   117   30K    2868 17840  1652    3.97    3.80   123   225   22K    32   41.92   41.86
c rst  geom ibes   vs   118   31K    2868 17840  1652    3.97    3.80   123   225   22K    32   41.39   41.34
c rst  geom ibes   vs   119   31K    2868 17840  1652    3.97    3.80   123   225   23K    32   40.81   40.76
c rst  geom ibes   vs   120   32K    2868 17840  1652    3.97    3.80   123   225   23K    32   40.44   40.39
c [distill-bin] useful: 0/1652/1652 lits-rem: 0 cl-rem: 0 0-depth-assigns: 0 T: 0.01 T-out: N
c rst  geom  svd   vs   121   33K    2868 17840  1652    3.97    3.80   123   225   24K    32   40.15   40.10
c rst  geom  svd   vs   122   34K    2868 17840  1652    3.97    3.80   123   225   25K    32   39.87   39.82
c [branch] adjusting to: vmtf (from: vsid) var_decay:0.95 descr: VMTF
c rst  luby  svd  vmt   123   34K    2868 17840  1652    3.97    3.80   127   229   25K    32   40.11   40.07
c rst  luby  svd  vmt   124   34K    2868 17840  1652    3.97    3.80   128   229   25K    33   40.40   40.36
c rst  luby  svd  vmt   125   34K    2868 17840  1652    3.97    3.80   128   249   25K    33   40.54   40.49
c rst  luby  svd  vmt   126   34K    2868 17840  1652    3.97    3.80   128   249   25K    33   40.63   40.58
c rst  luby  svd  vmt   127   34K    2868 17840  1652    3.97    3.80   130   255   25K    33   40.61   40.56
c rst  luby  svd  vmt   128   34K    2868 17840  1652    3.97    3.80   137   260   26K    33   40.80   40.75
c rst  luby  svd  vmt   129   35K    2868 17840  1652    3.97    3.80   141   263   26K    33   41.22   41.18
c rst  luby  svd  vmt   130   35K    2868 17840  1652    3.97    3.80   142   263   26K    33   41.20   41.15
c rst  luby  svd  vmt   131   35K    2868 17840  1652    3.97    3.80   142   265   26K    33   41.22   41.17
c rst  luby  svd  vmt   132   35K    2868 17840  1652    3.97    3.80   142   265   26K    33   41.22   41.17
c rst  luby  svd  vmt   133   35K    2868 17840  1652    3.97    3.80   142   268   27K    33   41.19   41.14
c [distill-long-red0] cls tried: 91/91 T: 0.00 T-out: N T-r: 99.93%
c [distill-long-red1] cls tried: 61/190 T: 0.01 T-out: Y T-r: -1.14%
c rst  luby  svd  vmt   134   35K    2868 17840  1652    3.97    3.80   141   269   27K    34   41.16   41.11
c rst  luby  svd  vmt   135   36K    2868 17840  1652    3.97    3.80   143   276   27K    34   41.12   41.07
c rst  luby  svd  vmt   136   36K    2868 17840  1652    3.97    3.80   146   293   27K    34   41.55   41.50
c rst  luby  svd  vmt   137   37K    2868 17840  1652    3.97    3.80   150   307   28K    34   42.04   41.99
c rst  luby  svd  vmt   138   37K    2868 17840  1652    3.97    3.80   153   310   28K    34   41.99   41.95
c rst  luby  svd  vmt   139   37K    2868 17840  1652    3.97    3.80   153   310   28K    34   41.99   41.94
c rst  luby  svd  vmt   140   37K    2868 17840  1652    3.97    3.80   155   310   28K    34   42.20   42.16
c rst  luby  svd  vmt   141   37K    2868 17840  1652    3.97    3.80   157   312   29K    34   42.25   42.20
c rst  luby  svd  vmt   142   37K    2868 17840  1652    3.97    3.80   158   314   29K    34   42.32   42.27
c rst  luby  svd  vmt   143   38K    2868 17840  1652    3.97    3.80   158   322   29K    34   42.38   42.33
c rst  geom best  vmt   144   38K    2868 17840  1652    3.97    3.80   158   323   29K    34   42.35   42.31
c rst  geom best  vmt   145   38K    2868 17840  1652    3.97    3.80   160   327   29K    34   42.36   42.32
c rst  geom best  vmt   146   38K    2868 17840  1652    3.97    3.80   160   332   29K    34   42.43   42.39
c rst  geom best  vmt   147   38K    2868 17840  1652    3.97    3.80   160   341   29K    34   42.40   42.36
c rst  geom best  vmt   148   38K    2868 17840  1652    3.97    3.80   163   344   29K    34   42.48   42.43
c rst  geom best  vmt   149   38K    2868 17840  1652    3.97    3.80   164   351   30K    34   42.48   42.44
c rst  geom best  vmt   150   39K    2868 17840  1652    3.97    3.80   165   351   30K    34   42.58   42.54
c rst  geom best  vmt   151   39K    2868 17840  1652    3.97    3.80   166   353   30K    34   42.93   42.89
c rst  geom best  vmt   152   39K    2868 17840  1652    3.97    3.80   166   358   30K    35   43.10   43.06
c rst  geom best  vmt   153   39K    2868 17840  1652    3.97    3.80   170   363   31K    35   43.28   43.23
c rst  geom best  vmt   154   40K    2868 17840  1652    3.97    3.80   228   306   31K    35   43.51   43.46
c [full-probe]  bin_only: 0 set: 0 repl: 0 T: 0.01 T-out: N T-r: 97.66%
c [impl-str] lit bin: 0 set-var: 0 T: 0.00 T-out: N T-r: 99.95% w-visit: 5736
c [impl-sub] bin: 30 T: 0.00 T-out: N w-visit: 5736
c rst  geom best  vmt   155   40K    2868 17840  1652    3.97    3.80   232   309   31K    17   43.81   43.79
c rst  geom best  vmt   156   40K    2868 17840  1652    3.97    3.80   237   315   31K    17   44.02   44.00
c rst  geom best  vmt   157   41K    2868 17840  1652    3.97    3.80   242   329   32K    17   44.09   44.06
c rst  geom best  vmt   158   41K    2868 17840  1652    3.97    3.80   246   335   32K    17   44.63   44.61
c rst  geom best  vmt   159   41K    2868 17840  1652    3.97    3.80   254   345   33K    17   45.24   45.22
c rst  geom best  vmt   160   42K    2868 17840  1652    3.97    3.80   257   355   33K    17   45.42   45.40
c [branch] adjusting to: vsid (from: vmtf) var_decay:0.95 descr: VSIDS
c rst  geom best   vs   161   42K    2868 17840  1652    3.97    3.80   257   355   33K    17   45.35   45.33
c rst  geom best   vs   162   42K    2868 17840  1652    3.97    3.80   257   355   33K    17   45.31   45.29
c rst  geom best   vs   163   42K    2868 17840  1652    3.97    3.80   257   356   33K    17   45.24   45.22
c rst  geom best   vs   164   42K    2868 17840  1652    3.97    3.80   257   356   34K    17   45.17   45.15
c rst  geom best   vs   165   43K    2868 17840  1652    3.97    3.80   257   356   34K    17   45.09   45.07
c rst  geom best   vs   166   43K    2868 17840  1652    3.97    3.80   257   356   34K    17   44.96   44.94
c rst  geom best   vs   167   43K    2868 17840  1652    3.97    3.80   257   356   34K    17   44.83   44.81
c rst  geom  stb   vs   168   43K    2868 17840  1652    3.97    3.80   257   356   34K    17   44.79   44.76
c rst  geom  stb   vs   169   43K    2868 17840  1652    3.97    3.80   257   356   35K    17   44.63   44.61
c rst  geom  stb   vs   170   44K    2868 17840  1652    3.97    3.80   257   356   35K    17   44.58   44.56
c [ccnr] tries: 0 steps: 262143 best found: 14
c [ccnr] tries: 0 steps: 524287 best found: 10
c [ccnr] tries: 0 steps: 786431 best found: 10
c [ccnr] saving best assignment phase to stable_polar
c [ccnr] bumping based on clause weights
c [ccnr] Bumped vars: 101 bump type: 6
c [ccnr] time: 0.61
c rst  geom  stb   vs   171   44K    2868 17840  1652    3.97    3.80   257   356   35K    17   44.47   44.45
c rst  geom  stb   vs   172   44K    2868 17840  1652    3.97    3.80   257   356   35K    17   44.53   44.51
c rst  geom  stb   vs   173   45K    2868 17840  1652    3.97    3.80   278   703   29K    17   45.92   45.89
c rst  geom  stb   vs   174   45K    2868 17840  1652    3.97    3.80   278   703   29K    17   45.95   45.93
c rst  geom  stb   vs   175   45K    2868 17840  1652    3.97    3.80   278   703   30K    17   45.82   45.80
c rst  geom  stb   vs   176   46K    2868 17840  1652    3.97    3.80   278   703   30K    17   45.75   45.72
c rst  geom  stb   vs   177   46K    2868 17840  1652    3.97    3.80   278   705   31K    17   45.63   45.61
c rst  geom  stb   vs   178   47K    2868 17840  1652    3.97    3.80   280   710   31K    18   45.54   45.52
c rst  geom  stb   vs   179   48K    2868 17840  1652    3.97    3.80   280   710   32K    18   45.43   45.40
c rst  geom  stb   vs   180   48K    2868 17840  1652    3.97    3.80   284   710   32K    18   45.36   45.34
c rst  geom  stb   vs   181   49K    2868 17840  1652    3.97    3.80   284   710   33K    18   45.04   45.02
c rst  geom ibes   vs   182   50K    2868 17840  1652    3.97    3.80   308   686   34K    18   44.60   44.58
c [gauss] XOR-encoding clauses are not detached, so no need to reattach them.
c [g 0] truth-find prop checks  : 702K
c [g 0] -> of which prop        : 46.27 %
c [g 0] -> of which confl       :  4.24 %
c [g 0] elim called             : 99K
c [g 0] ---> which lead to prop : 11.71 %
c [g 0] ---> which lead to confl:  0.72 %
c [g 0] size: 50    x 765  
c [scc] new: 6 BP 0M T: 0.00
c [vrep] vars 6 lits 20621 rem-bin-cls 28 rem-long-cls 0 BP 0M T: 0.03
c [scc] new: 0 BP 0M T: 0.00
c [vrep] vars 0 lits 0 rem-bin-cls 0 rem-long-cls 0 BP 0M T: 0.01
c [intree] Set 0 vars hyper-added: 736 trans-irred: 0 trans-red: 1 T: 0.01 T-out: N T-r: -0.84%
c [find&init matx] performing matrix init
c [gauss] XOR-encoding clauses are not detached, so no need to reattach them.
c [xor-rem-unconnected] left with 50 xors from 50 non-empty xors T: 0.00
c [xor-together] xored together: 0 orig xors: 50 new xors: 50 T: 0.00
c [xor-rem-unconnected] left with 50 xors from 50 non-empty xors T: 0.00
c [xor-clean-equiv] removed equivalent xors: 0 left with: 50
c [matrix] unused xors from cleaning: 0
c [matrix] Good   matrix 0 50      x761    density:0.1143  xorlen avg: 86.96
c [matrix] Using 1 matrices recovered from 0 xors T: 0.00 T-out: N
c rst  geom ibes vs   183   51  K 2862    17840  1640 3.97    3.80      308   686   35K   749 44.00   43.15  
c [distill-long-red0] cls tried: 166/166 T: 0.01 T-out: N T-r: 99.66%
c [distill-long-red1] cls tried: 32/548 T: 0.01 T-out: Y T-r: -4.70%
c rst  geom ibes vs   184   52  K 2862    17840  1640 3.97    3.80      302   686   36K   756 43.64   42.81  
c [distill] watch-based irred--  cl tried 1424     cl-sh 1     cl-rem 0    lit-rem 1      T: 0.00 T-out: N
c [distill] watch-based red  --  cl tried 603      cl-sh 15    cl-rem 2    lit-rem 18     T: 0.00 T-out: N
c rst  geom ibes vs   185   53  K 2862    17839  1641 3.97    3.80      300   686   37K   756 43.13   42.34  
c [branch] adjusting to: vmtf (from: vsid) var_decay:0.95 descr: VMTF
c [distill-bin] useful: 0/1378/1641 lits-rem: 0 cl-rem: 0 0-depth-assigns: 0 T: 0.02 T-out: Y
c rst  luby ibes vmt  186   53  K 2862    17839  1641 3.97    3.80      300   696   37K   756 43.18   42.38  
c rst  luby ibes vmt  187   53  K 2862    17839  1641 3.97    3.80      300   701   37K   756 43.21   42.42  
c rst  luby ibes vmt  188   53  K 2862    17839  1641 3.97    3.80      300   702   37K   756 43.42   42.63  
c rst  luby ibes vmt  189   53  K 2862    17839  1641 3.97    3.80      301   702   37K   756 43.57   42.78  
c rst  luby ibes vmt  190   53  K 2862    17839  1641 3.97    3.80      302   709   37K   756 43.56   42.77  
c rst  luby ibes vmt  191   53  K 2862    17839  1641 3.97    3.80      304   712   38K   756 43.68   42.89  
c rst  luby ibes vmt  192   54  K 2862    17839  1641 3.97    3.80      304   712   38K   756 44.07   43.28  
c ------- FINAL TOTAL SEARCH STATS ---------
c UIP search time          : 4.24        (99.85     % time)
c All times are for this thread only except if explicitly specified
c restarts                 : 192         (281.99    confls per restart)
c blocked restarts         : 0           (0.00      per normal restart)
c time                     : 4.24        
c decisions                : 62586       (0.00      % random)
c propagations             : 899K        (211K      props/s)
c decisions/conflicts      : 1.16        
c conflicts                : 54143       
c LEARNT stats
c units learnt             : 0           (0.00      % of conflicts)
c bins learnt              : 32          (0.06      % of conflicts)
c long learnt              : 54180       (100.07    % of conflicts)
c red which0               : 144         (0.27      % of confl)
c SEAMLESS HYPERBIN&TRANS-RED stats
c advProp called           : 0           
c hyper-bin add bin        : 0           (0.00      bin/call)
c trans-red rem irred bin  : 0           (0.00      bin/call)
c trans-red rem red bin    : 0           (0.00      bin/call)
c CONFL LITS stats
c orig                     : 13443256    (248.29    lit/confl)
c recurs-min effective     : 52123       (96.27     % attempt successful)
c recurs-min lits          : 11052522    (82.22     % less overall)
c permDiff call%           : 1.00        (0.00      % attempt successful)
c permDiff lits-rem        : 0           (0.00      less lits/cl on attempts)
c further-min call%        : 0.03        (11.76     % attempt successful)
c bintri-min lits          : 4           (0.00      % less overall)
c final avg                : 44.16       
c all-threads sum CPU time : 4.24         s
c PROP stats
c Mbogo-props              : 20.55       (4.84      / sec)
c MHyper-props             : 0.03        (0.01      / sec)
c Mprops                   : 0.90        (0.21      / sec)
c -------- OccSimplifier STATS ----------
c time                     : 0.00        (0.00      % var-elim)
c called                   : 0           (0.00      s per call)
c 0-depth assigns          : 0           (0.00      % vars)
c -------- OccSimplifier STATS END ----------
c -------- SubsumeStrengthen STATS ----------
c cl-subs                  : 0            Clauses
c cl-str rem lit           : 0            Lits
c cl-sub T                 : 0.00         s
c cl-str T                 : 0.00         s
c -------- SubsumeStrengthen STATS END ----------
c ----- SCC STATS --------
c time                     : 0.00        (0.00      per call)
c called                   : 2           (3.00      new found per call)
c found                    : 6           (50.00     % of all found)
c bogoprops                : 62471       % of all found
c ----- SCC STATS END --------
c --------- VAR REPLACE STATS ----------
c time                     : 0.04        (0.02      per call)
c trees' crown             : 6           (0.21      % of vars)
c 0-depth assigns          : 0           (0.00      % vars)
c lits replaced            : 20621       
c bin cls removed          : 28          
c long cls removed         : 0           
c long lits removed        : 1144        
c bogoprops                : 523467      
c --------- VAR REPLACE STATS END ----------
c vrep replace time        : 0.04        (0.84      % time)
c vrep tree roots          : 2           
c vrep trees' crown        : 6           (3.00      leafs/tree)
c -------- DISTILL-BIN STATS --------
c time                     : 0.04        (0.01      per call)
c timed out                : 1           (33.33     % of calls)
c distill/checked/potential: 0          /4682/4945
c lits-rem                 : 0           
c 0-depth-assigns          : 0           (0.00      % of vars)
c -------- DISTILL STATS END --------
c -------- STRENGTHEN STATS --------
c --> watch-based on irred cls
c time                     : 0.00        (0.00      s/call)
c shrinked/tried/total     : 1          /2852/71364
c subsumed/tried/total     : 4          /2852/71364
c lits-rem                 : 1           (0.01      % of lits tried)
c called                   : 4           (0.00      % ran out of time)
c --> watch-based on red cls
c time                     : 0.00        (0.00      s/call)
c shrinked/tried/total     : 18         /779/779
c subsumed/tried/total     : 2          /779/779
c lits-rem                 : 30          (0.68      % of lits tried)
c called                   : 4           (0.00      % ran out of time)
c -------- STRENGTHEN STATS END --------
c -------- IMPLICIT SUB  STATS --------
c time                     : 0.00        (0.00      per call)
c timed out                : 0           (0.00      % of calls)
c rem bins                 : 30          
c -------- IMPLICIT SUB STATS END --------
c Mem used                 : 22          MB
c Mem for longclauses      : 11          MB (50.65     %)
c Mem for watch alloc      : 3           MB (16.98     %)
c Mem for watch array      : 0           MB (0.84      %)
c Mem for assings&vardata  : 0           MB (0.33      %)
c Mem for search&solve     : 0           MB (0.84      %)
c Mem for renumberer       : 0           MB (0.12      %)
c Mem for occsimplifier    : 0           MB (0.00      %)
c Mem for varReplacer&SCC  : 0           MB (0.27      %)
c Mem for impl subsume     : 0           MB (0.00      %)
c Mem for 3 distills       : 0           MB (0.00      %)
c Accounted for mem (rss)  : 70.03       %
c Accounted for mem (vm)   : 60.14       %
c restarts                 : 192         (281.99    confls per restart)
c blocked restarts         : 0           (0.00      per normal restart)
c time                     : 4.24        
c decisions                : 62586       (0.00      % random)
c propagations             : 899K        (211K      props/s)
c decisions/conflicts      : 1.16        
c conflicts                : 54143       
c conf lits non-minim      : 13443256    (248.29    lit/confl)
c conf lits final          : 44.16       
c red which0               : 144         (0.27      % of confl)
c props/decision           : 0.00        
c props/conflict           : 0.00        
c 0-depth assigns          : 0           (0.00      % vars)
c 0-depth assigns by CNF   : 0           (0.00      % vars)
c reduceDB time            : 0.01        (0.14      % time)
c OccSimplifier time       : 0.00        (0.00      % time)
c [occur] 0.00 is overhead
c [occur] link-in T: 0.00 cleanup T: 0.00
c [occ-substr] long subBySub: 0 subByStr: 0 lits-rem-str: 0 T: 0.00
c SCC time                 : 0.00        (0.02      % time)
c [scc] new: 6 BP 0M  T: 0.00
c vrep replace time        : 0.04        (0.84      % time)
c vrep tree roots          : 2           
c vrep trees' crown        : 6           (3.00      leafs/tree)
c distill long time        : 0.05        (1.28      % time)
c distill bin time         : 0.04        (0.84      % time)
c strength cache-irred time: 0.00        (0.02      % time)
c strength cache-red time  : 0.00        (0.02      % time)
c avg cls in red 0         : 123.35      
c avg cls in red 1         : 248.35      
c avg cls in red 2         : 21376.93    
c Conflicts in UIP         : 54143       (12736.89  confl/time_this_thread)
c Max Memory (rss) used    : 22932 kB    
c Total time (this thread) : 4.25        
s SATISFIABLE
v 1 2 3 4 -5 -6 -7 -8 -9 10 11 -12 -13 14 -15 -16 17 -18 -19 -20 -21 22 23 -24 
v -25 -26 -27 28 29 -30 -31 -32 -33 34 35 -36 -37 -38 -39 40 41 -42 -43 -44 -45 
v -46 -47 -48 -49 -50 -51 -52 -53 -54 -55 56 -57 -58 59 -60 -61 62 -63 -64 65 
v -66 -67 68 -69 -70 71 -72 -73 74 -75 -76 77 -78 -79 -80 -81 -82 -83 -84 -85 
v -86 -87 -88 -89 -90 -91 -92 -93 -94 -95 -96 -97 -98 -99 -100 -101 -102 -103 
v -104 -105 -106 -107 -108 -109 110 -111 -112 113 -114 -115 116 -117 -118 119 
v -120 -121 -122 -123 -124 -125 -126 -127 -128 -129 -130 -131 -132 -133 -134 
v -135 -136 -137 -138 -139 -140 -141 -142 -143 -144 -145 146 -147 -148 149 -150 
v -151 152 -153 -154 155 -156 -157 -158 -159 -160 -161 -162 -163 -164 -165 -166 
v -167 -168 -169 -170 -171 -172 -173 -174 -175 -176 -177 -178 -179 -180 -181 
v 182 -183 -184 185 -186 -187 188 -189 -190 191 -192 -193 -194 -195 -196 -197 
v -198 -199 -200 -201 -202 -203 -204 -205 -206 -207 -208 -209 -210 -211 -212 
v -213 -214 -215 -216 -217 218 -219 -220 221 -222 -223 224 -225 -226 227 -228 
v -229 -230 -231 -232 -233 -234 -235 -236 -237 -238 -239 -240 -241 -242 -243 
v -244 -245 -246 -247 -248 -249 -250 -251 -252 -253 254 -255 -256 257 -258 -259 
v 260 -261 -262 263 -264 -265 -266 -267 -268 -269 -270 -271 -272 -273 -274 -275 
v -276 -277 -278 -279 -280 -281 -282 -283 -284 -285 -286 -287 -288 -289 -290 
v -291 -292 -293 -294 -295 -296 -297 -298 -299 -300 -301 -302 -303 -304 -305 
v -306 -307 -308 -309 -310 -311 -312 -313 -314 -315 -316 -317 -318 -319 -320 
v -321 -322 -323 -324 -325 -326 -327 -328 -329 -330 -331 -332 -333 -334 -335 
v -336 -337 -338 -339 -340 -341 -342 343 -344 345 -346 -347 -348 -349 350 351 
v -352 353 -354 355 356 357 -358 -359 -360 -361 -362 -363 364 -365 -366 367 368 
v -369 -370 371 -372 -373 -374 -375 -376 -377 -378 -379 380 -381 -382 383 384 
v -385 -386 387 -388 -389 -390 -391 -392 -393 -394 -395 -396 -397 -398 -399 
v -400 -401 -402 -403 -404 -405 -406 -407 -408 -409 -410 -411 412 -413 -414 415 
v 416 -417 -418 419 -420 -421 -422 -423 -424 -425 -426 -427 -428 -429 -430 -431 
v -432 -433 -434 -435 -436 -437 -438 -439 -440 -441 -442 -443 -444 -445 -446 
v -447 -448 -449 -450 -451 -452 -453 -454 -455 -456 -457 -458 -459 -460 -461 
v -462 -463 -464 -465 -466 -467 -468 -469 -470 -471 -472 -473 -474 -475 -476 
v -477 -478 -479 -480 -481 -482 -483 -484 -485 -486 -487 -488 -489 -490 -491 
v 492 -493 -494 495 496 -497 -498 499 -500 -501 -502 -503 -504 -505 -506 -507 
v 508 -509 -510 511 512 -513 -514 515 -516 -517 -518 -519 -520 -521 -522 -523 
v -524 -525 -526 -527 -528 -529 -530 -531 -532 -533 -534 -535 -536 -537 -538 
v -539 540 -541 -542 543 544 -545 -546 547 -548 -549 -550 -551 -552 -553 -554 
v -555 -556 -557 -558 -559 -560 -561 -562 -563 -564 -565 -566 -567 -568 -569 
v -570 -571 572 -573 -574 575 576 -577 -578 579 -580 -581 -582 -583 -584 -585 
v -586 -587 588 -589 -590 591 592 -593 -594 595 -596 -597 -598 -599 -600 -601 
v -602 -603 604 -605 -606 607 608 -609 -610 611 -612 -613 -614 -615 -616 -617 
v -618 -619 -620 -621 -622 -623 -624 -625 -626 -627 -628 -629 -630 -631 -632 
v -633 -634 -635 -636 -637 -638 -639 -640 -641 -642 -643 -644 -645 -646 -647 
v -648 -649 -650 -651 -652 -653 -654 -655 -656 -657 -658 -659 -660 -661 -662 
v -663 -664 -665 -666 -667 -668 -669 -670 -671 -672 -673 -674 -675 -676 -677 
v -678 -679 -680 -681 -682 -683 -684 -685 -686 -687 -688 -689 -690 -691 -692 
v -693 -694 -695 -696 -697 -698 -699 -700 -701 -702 -703 704 705 -706 -707 708 
v -709 -710 -711 -712 -713 -714 -715 -716 -717 -718 -719 -720 -721 -722 -723 
v -724 -725 -726 -727 -728 -729 -730 -731 732 -733 -734 735 -736 -737 -738 -739 
v -740 -741 742 -743 -744 -745 -746 -747 -748 -749 -750 -751 -752 -753 -754 
v -755 -756 -757 -758 -759 -760 -761 -762 -763 -764 -765 -766 -767 0
c [g 0] truth-find prop checks  : 52K
c [g 0] -> of which prop        : 52.57 %
c [g 0] -> of which confl       :  4.55 %
c [g 0] elim called             : 5847
c [g 0] ---> which lead to prop :  2.57 %
c [g 0] ---> which lead to confl:  0.17 %
c [g 0] size: 50    x 761  

real	0m4.365s
user	0m4.252s
sys	0m0.018s
