c BreakID not compiled in, disabling
c CryptoMiniSat version 5.11.19
c CMS Copyright (C) 2009-2020 Authors of CryptoMiniSat, see AUTHORS file
c CMS SHA revision b80e09ebd7703fc13b987401d693d7d406a50441
c Using VMTF code by Armin Biere from CaDiCaL
c Using Yalsat by Armin Biere, see Balint et al. Improving implementation of SLS solvers [...], SAT'14
c Using WalkSAT by Henry Kautz, see Kautz and Selman Pushing the envelope: planning, propositional logic, and stochastic search, AAAI'96,
c CMS is MIT licensed
c Using code from 'When Boolean Satisfiability Meets Gauss-E. in a Simplex Way'
c       by C.-S. Han and J.-H. Roland Jiang in CAV 2012. Fixes by M. Soos
c Using CCAnr from 'CCAnr: A Conf. Checking Based Local Search Solver [...]'
c       by Shaowei Cai, Chuan Luo, and Kaile Su, SAT 2015
c CMS compilation env CMAKE_CXX_COMPILER = /usr/bin/c++ | CMAKE_CXX_FLAGS =  -fvisibility=hidden -Wall -Wextra -Wunused -Wsign-compare -fno-omit-frame-pointer -Wtype-limits -Wuninitialized -Wno-deprecated -Wstrict-aliasing -Wpointer-arith -Wpointer-arith -Wformat-nonliteral -Winit-self -Wparentheses -Wunreachable-code -g -Wno-class-memaccess -mpopcnt -msse4.2 -ggdb3 -Wlogical-op -Wrestrict -Wnull-dereference -Wdouble-promotion -Wshadow -Wformat=2 -Wextra-semi -pedantic | COMPILE_DEFINES =  -DRDB0_ONLY_FEATURES -DUSE_ZLIB -DYALSAT_FPU | STATICCOMPILE = OFF | ONLY_SIMPLE =  | STATS = OFF | SQLITE3_FOUND =  | ZLIB_FOUND = TRUE | VALGRIND_FOUND =  | ENABLE_TESTING = OFF | SLOW_DEBUG = OFF | ENABLE_ASSERTIONS = ON | PYTHON_EXECUTABLE =  | PYTHON_LIBRARY =  | PYTHON_INCLUDE_DIRS =  | MY_TARGETS =  | LARGEMEM = OFF | LIMITMEM = OFF | BREAKID_LIBRARIES =  | BREAKID-VER = . | BOSPHORUS_LIBRARIES =  | BOSPH-VER = . | compilation date time = Jul 13 2026 14:05:03
c CMS compiled with gcc version 11.5.0 20240719 (Red Hat 11.5.0-5)
c Executed with command line: ./cryptominisat5 ./instances/IC_S4/Xn19l6-312-S.dimacs
c Reading file './instances/IC_S4/Xn19l6-312-S.dimacs'
c -- header says num vars:            767
c -- header says num clauses:        2416
c -- clauses added: 2364
c -- xor clauses added: 52
c -- vars added 767
c Parsing time: 0.00 s
c [find&init matx] performing matrix init
c [gauss] XOR-encoding clauses are not detached, so no need to reattach them.
c [xor-rem-unconnected] left with 50 xors from 50 non-empty xors T: 0.00
c [xor-together] xored together: 0 orig xors: 50 new xors: 50 T: 0.00
c [xor-rem-unconnected] left with 50 xors from 50 non-empty xors T: 0.00
c [xor-clean-equiv] removed equivalent xors: 0 left with: 50
c [matrix] unused xors from cleaning: 0
c [matrix] Good   matrix  0     50 x  765  density:0.1136  xorlen avg: 86.94
c [matrix] Using 1 matrices recovered from 0 xors T: 0.00 T-out: N
c [branch] adjusting to: vsid (from: vsid) var_decay:0.95 descr: VSIDS
c rst  geom  stb   vs     1   116    2849 17704  1652    3.97    3.80     2    41    69     4  117.21  113.23
c rst  geom  stb   vs     2   238    2849 17704  1652    3.97    3.80     9    60   165     4   88.71   87.25
c  res  pol bran  nres  conf freevar  IrrL  IrrB l/longC  l/allC RedL0 RedL1 RedL2  RedB l/longC  l/allC
c rst  geom  stb   vs     3   372    2849 17704  1652    3.97    3.80     9    60   299     4   74.29   73.51
c rst  geom  stb   vs     4   519    2849 17704  1652    3.97    3.80     9    60   446     4   68.85   68.33
c rst  geom  stb   vs     5   680    2849 17704  1652    3.97    3.80     9    60   607     4   59.99   59.65
c rst  geom  stb   vs     6   857    2849 17704  1652    3.97    3.80     9    60   784     4   55.57   55.32
c rst  geom  stb   vs     7  1052    2849 17704  1652    3.97    3.80     9    60   977     6   52.78   52.49
c rst  geom  stb   vs     8  1266    2849 17704  1652    3.97    3.80     9    60  1191     6   51.66   51.42
c rst  geom  stb   vs     9  1500    2849 17704  1652    3.97    3.80     9    60  1425     6   49.61   49.42
c rst  geom  stb   vs    10  1757    2849 17704  1652    3.97    3.80     9    60  1682     6   48.07   47.92
c rst  geom  stb   vs    11  2039    2849 17704  1652    3.97    3.80     9    60  1963     7   46.86   46.71
c rst  geom  stb   vs    12  2349    2849 17704  1652    3.97    3.80     9    60  2273     7   44.99   44.86
c rst  geom  stb   vs    13  2689    2849 17704  1652    3.97    3.80     9    60  2613     7   43.55   43.44
c rst  geom  stb   vs    14  3063    2849 17704  1652    3.97    3.80     9    60  2987     7   44.25   44.15
c rst  geom  stb   vs    15  3474    2849 17704  1652    3.97    3.80     9    60  3398     7   43.12   43.03
c rst  geom  stb   vs    16  3924    2849 17704  1652    3.97    3.80    10    63  3843     8   42.55   42.46
c rst  geom  stb   vs    17  4418    2849 17704  1652    3.97    3.80    11    63  4336     8   40.75   40.68
c rst  geom  stb   vs    18  4962    2849 17704  1652    3.97    3.80    11    63  4880     8   39.23   39.17
c rst  geom  stb   vs    19  5561    2849 17704  1652    3.97    3.80    12    63  5478     8   38.62   38.57
c [branch] adjusting to: vmtf (from: vsid) var_decay:0.95 descr: VMTF
c [distill-long-red0] cls tried: 12/12 T: 0.00 T-out: N T-r: 100.00%
c [distill-long-red1] cls tried: 63/63 T: 0.00 T-out: N T-r: 96.24%
c rst  luby ibes  vmt    20  5662    2849 17704  1652    3.97    3.80    34    94  5523    11   38.68   38.61
c rst  luby ibes  vmt    21  5768    2849 17704  1652    3.97    3.80    34   103  5618    13   39.54   39.45
c rst  luby ibes  vmt    22  5970    2849 17704  1652    3.97    3.80    34   106  5817    13   39.77   39.69
c rst  luby ibes  vmt    23  6071    2849 17704  1652    3.97    3.80    34   106  5918    13   39.79   39.70
c rst  luby ibes  vmt    24  6172    2849 17704  1652    3.97    3.80    34   106  6019    13   40.12   40.04
c rst  luby ibes  vmt    25  6373    2849 17704  1652    3.97    3.80    34   106  6220    13   40.34   40.26
c rst  luby ibes  vmt    26  6775    2849 17704  1652    3.97    3.80    34   106  6622    13   41.54   41.47
c rst  luby ibes  vmt    27  6877    2849 17704  1652    3.97    3.80    34   106  6724    13   41.78   41.70
c rst  luby ibes  vmt    28  6978    2849 17704  1652    3.97    3.80    34   106  6825    13   41.71   41.64
c rst  luby ibes  vmt    29  7179    2849 17704  1652    3.97    3.80    34   106  7026    13   41.67   41.60
c rst  luby ibes  vmt    30  7281    2849 17704  1652    3.97    3.80    34   106  7128    13   41.63   41.56
c rst  luby ibes  vmt    31  7382    2849 17704  1652    3.97    3.80    34   106  7229    13   41.63   41.56
c rst  luby ibes  vmt    32  7583    2849 17704  1652    3.97    3.80    36   107  7427    13   41.66   41.59
c rst  luby ibes  vmt    33  7984    2849 17704  1652    3.97    3.80    36   107  7828    13   41.73   41.67
c rst  luby ibes  vmt    34  8786    2849 17704  1652    3.97    3.80    36   107  8630    13   41.78   41.72
c rst  luby ibes  vmt    35  8888    2849 17704  1652    3.97    3.80    37   108  8729    14   41.84   41.77
c rst  luby ibes  vmt    36  8990    2849 17704  1652    3.97    3.80    37   108  8831    14   41.75   41.69
c rst  luby ibes  vmt    37  9192    2849 17704  1652    3.97    3.80    37   108  9033    14   41.64   41.58
c rst  luby ibes  vmt    38  9293    2849 17704  1652    3.97    3.80    37   108  9134    14   41.74   41.68
c rst  luby ibes  vmt    39  9395    2849 17704  1652    3.97    3.80    37   108  9236    14   41.74   41.68
c rst  luby ibes  vmt    40  9596    2849 17704  1652    3.97    3.80    39   109  9434    14   41.83   41.78
c rst  luby ibes  vmt    41  9998    2849 17704  1652    3.97    3.80    39   109  9836    14   41.07   41.02
c rst  luby ibes  vmt    42 10099    2849 17704  1652    3.97    3.80    92    56  9937    14   40.88   40.83
c rst  luby ibes  vmt    43 10201    2849 17704  1652    3.97    3.80    92    56 10039    14   40.67   40.62
c rst  luby ibes  vmt    44 10403    2849 17704  1652    3.97    3.80    92    56 10241    14   40.25   40.20
c rst  luby ibes  vmt    45 10505    2849 17704  1652    3.97    3.80    92    56 10343    14   40.05   40.00
c rst  luby ibes  vmt    46 10607    2849 17704  1652    3.97    3.80    92    56 10445    14   39.85   39.80
c rst  luby ibes  vmt    47 10808    2849 17704  1652    3.97    3.80    92    56 10646    14   39.52   39.47
c rst  luby  svd  vmt    48 11214    2849 17704  1652    3.97    3.80   100    59 11039    16   40.71   40.65
c rst  luby  svd  vmt    49 12016    2849 17704  1652    3.97    3.80   120   166 11712    18   41.31   41.25
c [branch] adjusting to: vsid (from: vmtf) var_decay:0.95 descr: VSIDS
c [distill-bin] useful: 4/1652/1652 lits-rem: 0 cl-rem: 4 0-depth-assigns: 0 T: 0.01 T-out: N
c rst  geom  svd   vs    50 12127    2849 17704  1648    3.97    3.80   121   166 11822    18   41.39   41.33
c rst  geom  svd   vs    51 12249    2849 17704  1648    3.97    3.80   121   166 11944    18   41.49   41.43
c rst  geom  svd   vs    52 12383    2849 17704  1648    3.97    3.80   121   166 12078    18   41.57   41.51
c rst  geom  svd   vs    53 12530    2849 17704  1648    3.97    3.80   121   166 12225    18   41.66   41.60
c rst  geom  svd   vs    54 12691    2849 17704  1648    3.97    3.80   122   171 12380    18   41.73   41.67
c rst  geom  svd   vs    55 12869    2849 17704  1648    3.97    3.80   122   171 12558    18   41.54   41.48
c rst  geom  svd   vs    56 13063    2849 17704  1648    3.97    3.80   122   171 12752    18   41.54   41.49
c rst  geom  svd   vs    57 13277    2849 17704  1648    3.97    3.80   122   171 12966    18   41.68   41.63
c rst  geom  svd   vs    58 13513    2849 17704  1648    3.97    3.80   122   171 13202    18   41.81   41.75
c rst  geom  svd   vs    59 13770    2849 17704  1648    3.97    3.80   125   171 13456    18   41.61   41.56
c rst  geom  svd   vs    60 14052    2849 17704  1648    3.97    3.80   125   171 13738    18   41.66   41.61
c rst  geom  svd   vs    61 14363    2849 17704  1648    3.97    3.80   126   171 14048    18   41.37   41.32
c rst  geom  svd   vs    62 14703    2849 17704  1648    3.97    3.80   127   171 14387    18   41.41   41.36
c rst  geom  svd   vs    63 15076    2849 17704  1648    3.97    3.80   128   252 14136    18   40.30   40.25
c rst  geom  svd   vs    64 15486    2849 17704  1648    3.97    3.80   128   252 14546    18   40.22   40.17
c rst  geom  svd   vs    65 15937    2849 17704  1648    3.97    3.80   128   253 14996    18   39.93   39.89
c rst  geom  svd   vs    66 16431    2849 17704  1648    3.97    3.80   128   253 15490    18   39.56   39.52
c rst  geom best   vs    67 16975    2849 17704  1648    3.97    3.80   130   255 16029    19   40.38   40.34
c rst  geom best   vs    68 17573    2849 17704  1648    3.97    3.80   132   259 16621    19   40.52   40.48
c rst  geom best   vs    69 18229    2849 17704  1648    3.97    3.80   135   263 17269    20   40.69   40.65
c [branch] adjusting to: vmtf (from: vsid) var_decay:0.95 descr: VMTF
c rst  luby best  vmt    70 18330    2849 17704  1648    3.97    3.80   138   265 17364    21   40.92   40.87
c rst  luby best  vmt    71 18432    2849 17704  1648    3.97    3.80   142   271 17454    23   41.16   41.11
c rst  luby best  vmt    72 18633    2849 17704  1648    3.97    3.80   143   273 17650    25   41.62   41.57
c rst  luby best  vmt    73 18734    2849 17704  1648    3.97    3.80   144   280 17743    25   41.79   41.74
c rst  luby best  vmt    74 18837    2849 17704  1648    3.97    3.80   154   284 17830    27   41.92   41.86
c rst  luby best  vmt    75 19039    2849 17704  1648    3.97    3.80   154   287 18029    27   43.02   42.96
c rst  luby best  vmt    76 19442    2849 17704  1648    3.97    3.80   160   291 18416    33   44.02   43.95
c rst  luby best  vmt    77 19545    2849 17704  1648    3.97    3.80   168   294 18508    33   44.35   44.28
c rst  luby best  vmt    78 19646    2849 17704  1648    3.97    3.80   173   301 18588    42   44.43   44.34
c rst  luby best  vmt    79 19849    2849 17704  1648    3.97    3.80   176   304 18783    44   44.91   44.81
c rst  luby best  vmt    80 19950    2849 17704  1648    3.97    3.80   178   305 18880    45   45.04   44.94
c rst  luby best  vmt    81   20K    2849 17704  1648    3.97    3.80   257   227 18980    45   45.25   45.15
c [full-probe]  bin_only: 1 set: 0 repl: 0 T: 0.00 T-out: N T-r: 99.82%
c rst  luby best  vmt    82   20K    2849 17704  1648    3.97    3.80   261   230 19176    45   45.36   45.26
c rst  luby best  vmt    83   20K    2849 17704  1648    3.97    3.80   263   234 19570    47   45.60   45.50
c [distill-long-red0] cls tried: 216/216 T: 0.01 T-out: N T-r: 99.80%
c [distill-long-red1] cls tried: 70/206 T: 0.01 T-out: Y T-r: -0.89%
c rst  luby best  vmt    84   21K    2849 17704  1648    3.97    3.80   268   247   20K    53   46.22   46.11
c rst  luby best  vmt    85   21K    2849 17704  1648    3.97    3.80   268   248   20K    53   46.31   46.20
c rst  luby best  vmt    86   21K    2849 17704  1648    3.97    3.80   270   248   20K    53   46.48   46.36
c rst  luby  stb  vmt    87   21K    2849 17704  1648    3.97    3.80   273   251   20K    55   46.80   46.69
c rst  luby  stb  vmt    88   21K    2849 17704  1648    3.97    3.80   274   251   20K    55   46.97   46.86
c rst  luby  stb  vmt    89   22K    2849 17704  1648    3.97    3.80   275   251   20K    55   47.12   47.00
c rst  luby  stb  vmt    90   22K    2849 17704  1648    3.97    3.80   276   253   21K    56   47.21   47.09
c rst  luby  stb  vmt    91   22K    2849 17704  1648    3.97    3.80   284   255   21K    56   47.49   47.37
c rst  luby  stb  vmt    92   22K    2849 17704  1648    3.97    3.80   285   257   21K    56   47.59   47.48
c rst  luby  stb  vmt    93   22K    2849 17704  1648    3.97    3.80   286   257   21K    56   47.65   47.53
c rst  luby  stb  vmt    94   23K    2849 17704  1648    3.97    3.80   289   259   21K    57   48.31   48.19
c rst  luby  stb  vmt    95   23K    2849 17704  1648    3.97    3.80   293   262   22K    58   48.72   48.60
c rst  luby  stb  vmt    96   23K    2849 17704  1648    3.97    3.80   298   269   22K    59   48.88   48.76
c rst  luby  stb  vmt    97   23K    2849 17704  1648    3.97    3.80   302   271   22K    61   49.21   49.08
c rst  luby  stb  vmt    98   23K    2849 17704  1648    3.97    3.80   311   276   22K    61   49.59   49.46
c rst  luby  stb  vmt    99   24K    2849 17704  1648    3.97    3.80   328   299   23K    63   50.31   50.19
c rst  luby  stb  vmt   100   26K    2849 17704  1648    3.97    3.80   337   308   25K    70   51.47   51.33
c [branch] adjusting to: vsid (from: vmtf) var_decay:0.95 descr: VSIDS
c [distill] watch-based irred--  cl tried     1429 cl-sh     2 cl-rem    3 lit-rem      2 T: 0.00 T-out: N
c [distill] watch-based   red--  cl tried      668 cl-sh    15 cl-rem    6 lit-rem     51 T: 0.00 T-out: N
c rst  geom  stb   vs   101   26K    2849 17699  1653    3.97    3.80   331   309   25K    67   51.60   51.47
c rst  geom  stb   vs   102   26K    2849 17699  1653    3.97    3.80   331   316   25K    67   51.60   51.47
c rst  geom  stb   vs   103   26K    2849 17699  1653    3.97    3.80   331   316   25K    67   51.57   51.45
c rst  geom  stb   vs   104   26K    2849 17699  1653    3.97    3.80   331   316   25K    67   51.56   51.44
c rst  geom  stb   vs   105   26K    2849 17699  1653    3.97    3.80   331   316   25K    67   51.58   51.45
c rst  geom ibes   vs   106   27K    2849 17699  1653    3.97    3.80   331   316   25K    67   51.53   51.41
c rst  geom ibes   vs   107   27K    2849 17699  1653    3.97    3.80   331   316   26K    67   51.36   51.23
c rst  geom ibes   vs   108   27K    2849 17699  1653    3.97    3.80   331   316   26K    67   51.11   50.99
c rst  geom ibes   vs   109   27K    2849 17699  1653    3.97    3.80   331   316   26K    67   50.85   50.73
c rst  geom ibes   vs   110   28K    2849 17699  1653    3.97    3.80   331   316   26K    67   50.55   50.43
c rst  geom ibes   vs   111   28K    2849 17699  1653    3.97    3.80   331   316   27K    67   50.23   50.11
c rst  geom ibes   vs   112   28K    2849 17699  1653    3.97    3.80   331   316   27K    67   49.95   49.83
c rst  geom ibes   vs   113   28K    2849 17699  1653    3.97    3.80   331   316   27K    67   49.59   49.48
c rst  geom ibes   vs   114   29K    2849 17699  1653    3.97    3.80   331   316   28K    67   49.16   49.05
c rst  geom ibes   vs   115   29K    2849 17699  1653    3.97    3.80   331   316   28K    67   48.68   48.57
c rst  geom ibes   vs   116   30K    2849 17699  1653    3.97    3.80   413   381   23K    67   50.47   50.33
c rst  geom ibes   vs   117   30K    2849 17699  1653    3.97    3.80   413   381   23K    67   49.80   49.68
c rst  geom ibes   vs   118   31K    2849 17699  1653    3.97    3.80   413   381   24K    67   49.07   48.95
c rst  geom ibes   vs   119   31K    2849 17699  1653    3.97    3.80   413   381   25K    67   48.28   48.16
c rst  geom ibes   vs   120   32K    2849 17699  1653    3.97    3.80   413   381   25K    67   47.49   47.37
c [distill-bin] useful: 0/1653/1653 lits-rem: 0 cl-rem: 0 0-depth-assigns: 0 T: 0.01 T-out: N
c rst  geom  svd   vs   121   33K    2849 17699  1653    3.97    3.80   413   381   26K    67   47.33   47.22
c rst  geom  svd   vs   122   34K    2849 17699  1653    3.97    3.80   413   381   27K    67   47.04   46.93
c [branch] adjusting to: vmtf (from: vsid) var_decay:0.95 descr: VMTF
c rst  luby  svd  vmt   123   34K    2849 17699  1653    3.97    3.80   414   383   27K    67   47.14   47.03
c rst  luby  svd  vmt   124   34K    2849 17699  1653    3.97    3.80   415   383   27K    67   47.19   47.08
c rst  luby  svd  vmt   125   34K    2849 17699  1653    3.97    3.80   416   387   27K    67   47.22   47.11
c ------- FINAL TOTAL SEARCH STATS ---------
c UIP search time          : 2.11        (99.73     % time)
c All times are for this thread only except if explicitly specified
c restarts                 : 125         (275.10    confls per restart)
c blocked restarts         : 0           (0.00      per normal restart)
c time                     : 2.11        
c decisions                : 42198       (0.00      % random)
c propagations             : 6260K       (2968K     props/s)
c decisions/conflicts      : 1.23        
c conflicts                : 34388       
c LEARNT stats
c units learnt             : 0           (0.00      % of conflicts)
c bins learnt              : 65          (0.19      % of conflicts)
c long learnt              : 34323       (99.81     % of conflicts)
c red which0               : 213         (0.62      % of confl)
c SEAMLESS HYPERBIN&TRANS-RED stats
c advProp called           : 0           
c hyper-bin add bin        : 0           (0.00      bin/call)
c trans-red rem irred bin  : 0           (0.00      bin/call)
c trans-red rem red bin    : 0           (0.00      bin/call)
c CONFL LITS stats
c orig                     : 8278070     (240.73    lit/confl)
c recurs-min effective     : 32823       (95.45     % attempt successful)
c recurs-min lits          : 6695673     (80.88     % less overall)
c permDiff call%           : 1.79        (0.00      % attempt successful)
c permDiff lits-rem        : 0           (0.00      less lits/cl on attempts)
c further-min call%        : 0.05        (58.82     % attempt successful)
c bintri-min lits          : 21          (0.00      % less overall)
c final avg                : 46.02       
c all-threads sum CPU time : 2.11         s
c PROP stats
c Mbogo-props              : 14.61       (6.93      / sec)
c MHyper-props             : 0.00        (0.00      / sec)
c Mprops                   : 6.26        (2.97      / sec)
c -------- OccSimplifier STATS ----------
c time                     : 0.00        (0.00      % var-elim)
c called                   : 0           (0.00      s per call)
c 0-depth assigns          : 0           (0.00      % vars)
c -------- OccSimplifier STATS END ----------
c -------- SubsumeStrengthen STATS ----------
c cl-subs                  : 0            Clauses
c cl-str rem lit           : 0            Lits
c cl-sub T                 : 0.00         s
c cl-str T                 : 0.00         s
c -------- SubsumeStrengthen STATS END ----------
c ----- SCC STATS --------
c time                     : 0.00        (0.00      per call)
c called                   : 0           (0.00      new found per call)
c found                    : 0           (0.00      % of all found)
c bogoprops                : 0           % of all found
c ----- SCC STATS END --------
c --------- VAR REPLACE STATS ----------
c time                     : 0.00        (0.00      per call)
c trees' crown             : 0           (0.00      % of vars)
c 0-depth assigns          : 0           (0.00      % vars)
c lits replaced            : 0           
c bin cls removed          : 0           
c long cls removed         : 0           
c long lits removed        : 0           
c bogoprops                : 0           
c --------- VAR REPLACE STATS END ----------
c vrep replace time        : 0.00        (0.00      % time)
c vrep tree roots          : 0           
c vrep trees' crown        : 0           (0.00      leafs/tree)
c -------- DISTILL-BIN STATS --------
c time                     : 0.02        (0.01      per call)
c timed out                : 0           (0.00      % of calls)
c distill/checked/potential: 0          /3305/3305
c lits-rem                 : 0           
c 0-depth-assigns          : 0           (0.00      % of vars)
c -------- DISTILL STATS END --------
c -------- STRENGTHEN STATS --------
c --> watch-based on irred cls
c time                     : 0.00        (0.00      s/call)
c shrinked/tried/total     : 2          /1429/35405
c subsumed/tried/total     : 3          /1429/35405
c lits-rem                 : 2           (0.04      % of lits tried)
c called                   : 2           (0.00      % ran out of time)
c --> watch-based on red cls
c time                     : 0.00        (0.00      s/call)
c shrinked/tried/total     : 15         /668/668
c subsumed/tried/total     : 6          /668/668
c lits-rem                 : 51          (1.26      % of lits tried)
c called                   : 2           (0.00      % ran out of time)
c -------- STRENGTHEN STATS END --------
c -------- IMPLICIT SUB  STATS --------
c time                     : 0.00        (0.00      per call)
c timed out                : 0           (0.00      % of calls)
c rem bins                 : 0           
c -------- IMPLICIT SUB STATS END --------
c Mem used                 : 16          MB
c Mem for longclauses      : 10          MB (66.04     %)
c Mem for watch alloc      : 2           MB (15.69     %)
c Mem for watch array      : 0           MB (1.14      %)
c Mem for assings&vardata  : 0           MB (0.44      %)
c Mem for search&solve     : 0           MB (1.15      %)
c Mem for renumberer       : 0           MB (0.16      %)
c Mem for occsimplifier    : 0           MB (0.00      %)
c Mem for varReplacer&SCC  : 0           MB (0.07      %)
c Mem for impl subsume     : 0           MB (0.00      %)
c Mem for 3 distills       : 0           MB (0.01      %)
c Accounted for mem (rss)  : 84.69       %
c Accounted for mem (vm)   : 62.82       %
c restarts                 : 125         (275.10    confls per restart)
c blocked restarts         : 0           (0.00      per normal restart)
c time                     : 2.11        
c decisions                : 42198       (0.00      % random)
c propagations             : 6260K       (2968K     props/s)
c decisions/conflicts      : 1.23        
c conflicts                : 34388       
c conf lits non-minim      : 8278070     (240.73    lit/confl)
c conf lits final          : 46.02       
c red which0               : 213         (0.62      % of confl)
c props/decision           : 0.00        
c props/conflict           : 0.00        
c 0-depth assigns          : 0           (0.00      % vars)
c 0-depth assigns by CNF   : 0           (0.00      % vars)
c reduceDB time            : 0.00        (0.14      % time)
c OccSimplifier time       : 0.00        (0.00      % time)
c [occur] 0.00 is overhead
c [occur] link-in T: 0.00 cleanup T: 0.00
c [occ-substr] long subBySub: 0 subByStr: 0 lits-rem-str: 0 T: 0.00
c SCC time                 : 0.00        (0.00      % time)
c [scc] new: 0 BP 0M  T: 0.00
c vrep replace time        : 0.00        (0.00      % time)
c vrep tree roots          : 0           
c vrep trees' crown        : 0           (0.00      leafs/tree)
c distill long time        : 0.02        (1.03      % time)
c distill bin time         : 0.02        (0.89      % time)
c strength cache-irred time: 0.00        (0.05      % time)
c strength cache-red time  : 0.00        (0.00      % time)
c avg cls in red 0         : 185.70      
c avg cls in red 1         : 213.11      
c avg cls in red 2         : 15766.88    
c Conflicts in UIP         : 34388       (16260.18  confl/time_this_thread)
c Max Memory (rss) used    : 16864 kB    
c Total time (this thread) : 2.11        
s SATISFIABLE
v 1 2 -3 -4 -5 6 7 -8 9 10 11 12 -13 -14 15 16 17 -18 19 -20 21 22 23 24 25 -26 
v 27 28 29 30 -31 -32 -33 -34 -35 -36 -37 -38 -39 -40 -41 -42 -43 -44 -45 -46 
v -47 -48 49 -50 51 52 53 54 -55 -56 57 58 59 -60 -61 -62 63 64 65 -66 -67 -68 
v -69 -70 -71 -72 -73 -74 -75 -76 -77 -78 -79 -80 -81 -82 -83 -84 -85 -86 87 88 
v 89 -90 -91 -92 93 94 95 -96 -97 -98 -99 -100 -101 -102 -103 -104 105 106 107 
v -108 -109 -110 111 112 113 -114 -115 -116 117 118 119 -120 -121 -122 123 124 
v 125 -126 -127 -128 129 130 131 -132 -133 -134 -135 -136 -137 -138 -139 -140 
v 141 142 143 -144 -145 -146 147 148 149 -150 -151 -152 153 154 155 -156 -157 
v -158 159 160 161 -162 -163 -164 165 166 167 -168 -169 -170 -171 -172 -173 
v -174 -175 -176 177 178 179 -180 -181 -182 183 184 185 -186 -187 -188 189 190 
v 191 -192 -193 -194 195 196 197 -198 -199 -200 -201 -202 -203 -204 -205 -206 
v -207 -208 -209 -210 -211 -212 -213 -214 -215 -216 -217 -218 -219 -220 -221 
v -222 -223 -224 -225 -226 -227 -228 -229 -230 -231 -232 -233 -234 -235 -236 
v -237 -238 -239 -240 -241 -242 -243 -244 -245 -246 -247 -248 -249 -250 -251 
v -252 -253 -254 -255 -256 -257 -258 -259 -260 -261 -262 -263 -264 -265 -266 
v -267 -268 -269 -270 -271 -272 -273 -274 -275 -276 -277 -278 -279 -280 -281 
v -282 -283 -284 -285 -286 -287 -288 -289 -290 -291 -292 -293 -294 -295 -296 
v -297 -298 -299 -300 -301 -302 -303 -304 -305 -306 -307 -308 309 310 311 -312 
v -313 -314 -315 -316 -317 -318 -319 -320 321 322 323 -324 -325 -326 327 328 
v 329 -330 -331 -332 333 334 335 -336 -337 -338 339 340 341 -342 -343 344 -345 
v -346 -347 -348 349 350 351 352 -353 -354 -355 356 -357 358 359 -360 -361 362 
v -363 364 -365 366 367 -368 369 370 371 372 -373 374 -375 -376 -377 -378 -379 
v -380 -381 -382 -383 -384 -385 -386 -387 -388 -389 -390 -391 -392 -393 394 
v -395 396 -397 398 399 -400 401 402 403 404 -405 406 -407 -408 -409 -410 -411 
v -412 -413 -414 -415 -416 -417 -418 -419 -420 -421 -422 -423 -424 -425 -426 
v -427 -428 -429 -430 -431 -432 -433 -434 -435 -436 -437 -438 -439 -440 -441 
v -442 -443 -444 -445 -446 -447 -448 -449 -450 -451 -452 -453 -454 -455 -456 
v -457 -458 -459 -460 -461 -462 -463 -464 -465 -466 -467 -468 -469 -470 -471 
v -472 -473 474 -475 476 -477 478 479 -480 481 482 483 484 -485 486 -487 -488 
v -489 490 -491 492 -493 494 495 -496 497 498 499 500 -501 502 -503 -504 -505 
v 506 -507 508 -509 510 511 -512 513 514 515 516 -517 518 -519 -520 -521 522 
v -523 524 -525 526 527 -528 529 530 531 532 -533 534 -535 -536 -537 -538 -539 
v -540 -541 -542 -543 -544 -545 -546 -547 -548 -549 -550 -551 -552 -553 -554 
v -555 -556 -557 -558 -559 -560 -561 -562 -563 -564 -565 -566 -567 -568 -569 
v -570 -571 -572 -573 -574 -575 -576 -577 -578 -579 -580 -581 -582 -583 -584 
v -585 586 -587 588 -589 590 591 -592 593 594 595 596 -597 598 -599 -600 -601 
v -602 -603 -604 -605 -606 -607 -608 -609 -610 -611 -612 -613 -614 -615 -616 
v -617 618 -619 620 -621 622 623 -624 625 626 627 628 -629 630 -631 -632 -633 
v 634 -635 636 -637 638 639 -640 641 642 643 644 -645 646 -647 -648 -649 -650 
v -651 -652 -653 -654 -655 -656 -657 -658 -659 -660 -661 -662 -663 -664 -665 
v -666 -667 -668 -669 -670 -671 -672 -673 -674 -675 -676 -677 678 -679 680 681 
v -682 683 684 685 686 -687 688 -689 -690 -691 -692 -693 -694 -695 -696 -697 
v -698 -699 -700 -701 -702 703 704 -705 706 707 708 709 -710 711 -712 -713 -714 
v -715 -716 -717 -718 -719 -720 -721 -722 723 -724 725 726 727 728 -729 730 
v -731 -732 733 734 735 736 -737 738 -739 -740 -741 -742 -743 -744 -745 -746 
v 747 748 749 -750 751 -752 753 754 -755 756 -757 758 -759 760 -761 -762 763 
v -764 -765 -766 -767 0
c [g 0] truth-find prop checks  : 499K
c [g 0] -> of which prop        : 35.61 %
c [g 0] -> of which confl       :  3.68 %
c [g 0] elim called             : 96K
c [g 0] ---> which lead to prop : 14.28 %
c [g 0] ---> which lead to confl:  1.20 %
c [g 0] size: 50    x 765  

real	0m2.165s
user	0m2.116s
sys	0m0.010s
